[INFO] [launch]: All log files can be found below /home/molar1/.ros/log/2026-09-25-16-02-43-846767-molar1-1465803
[INFO] [launch]: Default logging verbosity is set to INFO
[robot_lab] algorithm localization=amcl -> global_localization stack
[robot_lab] algorithm state_estimation=ekf_localization_node -> local_localization stack
[robot_lab] algorithm sensor_fusion=wheel_imu_fusion -> node robot_lab_algorithms/wheel_imu_fusion
[INFO] [go2-stance-gait-controller-1]: process started with pid [1465839]
[INFO] [robot_state_publisher-2]: process started with pid [1465841]
[INFO] [mujoco_spawner-3]: process started with pid [1465843]
[INFO] [joy_teleop-4]: process started with pid [1465845]
[INFO] [joy_node-5]: process started with pid [1465847]
[INFO] [twist_mux-6]: process started with pid [1465849]
[INFO] [twist_marker-7]: process started with pid [1465851]
[INFO] [joystick_relay.py-8]: process started with pid [1465853]
[INFO] [twist_relay-9]: process started with pid [1465855]
[INFO] [simulator_ready_gate-10]: process started with pid [1465865]
[twist_mux-6] [INFO] [1790344964.740565831] [twist_mux]: Topic handler 'topics.joystick' subscribed to topic 'joy_vel': timeout = 0.500000s , priority = 99.
[twist_mux-6] [INFO] [1790344964.741510238] [twist_mux]: Topic handler 'topics.keyboard' subscribed to topic 'key_vel': timeout = 0.500000s , priority = 90.
[twist_mux-6] [INFO] [1790344964.741692886] [twist_mux]: Topic handler 'topics.navigation' subscribed to topic 'cmd_vel': timeout = 0.500000s , priority = 80.
[twist_mux-6] [INFO] [1790344964.742016328] [twist_mux]: Topic handler 'locks.safety_stop' subscribed to topic 'safety_stop': timeout = None , priority = 255.
[robot_state_publisher-2] [INFO] [1790344964.756843144] [robot_state_publisher]: got segment FL_calf
[robot_state_publisher-2] [INFO] [1790344964.757031552] [robot_state_publisher]: got segment FL_calf_rotor
[robot_state_publisher-2] [INFO] [1790344964.757053023] [robot_state_publisher]: got segment FL_foot
[robot_state_publisher-2] [INFO] [1790344964.757063358] [robot_state_publisher]: got segment FL_hip
[robot_state_publisher-2] [INFO] [1790344964.757071262] [robot_state_publisher]: got segment FL_hip_rotor
[robot_state_publisher-2] [INFO] [1790344964.757078942] [robot_state_publisher]: got segment FL_thigh
[robot_state_publisher-2] [INFO] [1790344964.757086461] [robot_state_publisher]: got segment FL_thigh_rotor
[robot_state_publisher-2] [INFO] [1790344964.757094013] [robot_state_publisher]: got segment FR_calf
[robot_state_publisher-2] [INFO] [1790344964.757101309] [robot_state_publisher]: got segment FR_calf_rotor
[robot_state_publisher-2] [INFO] [1790344964.757108444] [robot_state_publisher]: got segment FR_foot
[robot_state_publisher-2] [INFO] [1790344964.757115580] [robot_state_publisher]: got segment FR_hip
[robot_state_publisher-2] [INFO] [1790344964.757122908] [robot_state_publisher]: got segment FR_hip_rotor
[robot_state_publisher-2] [INFO] [1790344964.757154586] [robot_state_publisher]: got segment FR_thigh
[robot_state_publisher-2] [INFO] [1790344964.757165306] [robot_state_publisher]: got segment FR_thigh_rotor
[robot_state_publisher-2] [INFO] [1790344964.757172890] [robot_state_publisher]: got segment RL_calf
[robot_state_publisher-2] [INFO] [1790344964.757180313] [robot_state_publisher]: got segment RL_calf_rotor
[robot_state_publisher-2] [INFO] [1790344964.757187449] [robot_state_publisher]: got segment RL_foot
[robot_state_publisher-2] [INFO] [1790344964.757194457] [robot_state_publisher]: got segment RL_hip
[robot_state_publisher-2] [INFO] [1790344964.757201656] [robot_state_publisher]: got segment RL_hip_rotor
[robot_state_publisher-2] [INFO] [1790344964.757208856] [robot_state_publisher]: got segment RL_thigh
[robot_state_publisher-2] [INFO] [1790344964.757216248] [robot_state_publisher]: got segment RL_thigh_rotor
[robot_state_publisher-2] [INFO] [1790344964.757223607] [robot_state_publisher]: got segment RR_calf
[robot_state_publisher-2] [INFO] [1790344964.757230647] [robot_state_publisher]: got segment RR_calf_rotor
[robot_state_publisher-2] [INFO] [1790344964.757237847] [robot_state_publisher]: got segment RR_foot
[robot_state_publisher-2] [INFO] [1790344964.757244983] [robot_state_publisher]: got segment RR_hip
[robot_state_publisher-2] [INFO] [1790344964.757251926] [robot_state_publisher]: got segment RR_hip_rotor
[robot_state_publisher-2] [INFO] [1790344964.757258774] [robot_state_publisher]: got segment RR_thigh
[robot_state_publisher-2] [INFO] [1790344964.757265942] [robot_state_publisher]: got segment RR_thigh_rotor
[robot_state_publisher-2] [INFO] [1790344964.757273077] [robot_state_publisher]: got segment base
[robot_state_publisher-2] [INFO] [1790344964.757280053] [robot_state_publisher]: got segment front_camera
[robot_state_publisher-2] [INFO] [1790344964.757287125] [robot_state_publisher]: got segment imu_link
[robot_state_publisher-2] [INFO] [1790344964.757294324] [robot_state_publisher]: got segment trunk
[go2-stance-gait-controller-1] [0;93m2026-09-25 16:02:45.501288467 [W:onnxruntime:Default, device_discovery.cc:164 DiscoverDevicesForPlatform] GPU device discovery failed: device_discovery.cc:89 ReadFileContents Failed to open file: "/sys/class/drm/card1/device/vendor"[m
[go2-stance-gait-controller-1] [INFO] [1790344965.566382904] [go2_stance_gait_controller]: Go2 closed-loop stance: 12 effort joints at 250.0 Hz; controller ONNX velocity policy
[mujoco_spawner-3] [INFO] [1790344966.759084619] [mujoco_spawner]: MuJoCo: 18 collision proxy geom(s) moved to group 3 (viewer Rendering tab to show them).
[mujoco_spawner-3] [INFO] [1790344966.811022185] [mujoco_spawner]: MuJoCo URDF import OK (all meshes staged).
[mujoco_spawner-3] [WARN] [1790344966.821887636] [mujoco_spawner]: MuJoCo effort plant: no MJCF beside /home/molar1/bumperbot_ws/install/robot_lab_robots/share/robot_lab_robots/unitree/go2_description/xacro/go2_sim.xacro names every effort joint; keeping the URDF <dynamics> (damping=5.0 is a Gazebo stabiliser the robot does not have).
[mujoco_spawner-3] [INFO] [1790344966.876919500] [mujoco_spawner]: MuJoCo physics timestep: 0.0010 s
[mujoco_spawner-3] [INFO] [1790344966.879161515] [mujoco_spawner]: Robot has no 'oakd_rgb_camera_frame' link; no RGB-D camera is published.
[mujoco_spawner-3] [INFO] [1790344966.880418420] [mujoco_spawner]: Joints: ['FR_hip_joint', 'FR_thigh_joint', 'FR_calf_joint', 'FL_hip_joint', 'FL_thigh_joint', 'FL_calf_joint', 'RR_hip_joint', 'RR_thigh_joint', 'RR_calf_joint', 'RL_hip_joint', 'RL_thigh_joint', 'RL_calf_joint']   lw= rw=
[mujoco_spawner-3] [INFO] [1790344966.883013124] [mujoco_spawner]: MuJoCo effort joint armature: 0.0100 kg m^2
[mujoco_spawner-3] [INFO] [1790344966.884819542] [mujoco_spawner]: Joint effort input: /go2_group_effort_controller/commands (12 joints, URDF limits)
[mujoco_spawner-3] [INFO] [1790344966.886793793] [mujoco_spawner]: Spawn ground clearance: raised root by 0.2050 m
[mujoco_spawner-3] [INFO] [1790344966.888040235] [mujoco_spawner]: MuJoCo model loaded: 14 bodies, 13 joints
[mujoco_spawner-3] [INFO] [1790344966.888853896] [mujoco_spawner]: MuJoCo gui param=False (resolved=False), DISPLAY=:1 -> mode=DIRECT
[mujoco_spawner-3] [INFO] [1790344966.889661925] [mujoco_spawner]: MuJoCo running headless (gui=False, viewer=True).
[mujoco_spawner-3] [INFO] [1790344966.896970730] [mujoco_spawner]: MuJoCo spawner running.
[INFO] [simulator_ready_gate-10]: process has finished cleanly [pid 1465865]
[INFO] [amcl-12]: process started with pid [1466108]
[INFO] [map_server-11]: process started with pid [1466106]
[INFO] [lifecycle_manager-13]: process started with pid [1466110]
[INFO] [ekf_node-14]: process started with pid [1466112]
[INFO] [imu_republisher.py-15]: process started with pid [1466114]
[INFO] [wheel_imu_fusion-16]: process started with pid [1466116]
[lifecycle_manager-13] [INFO] [1790344967.326062605] [lifecycle_manager_localization]: Creating
[lifecycle_manager-13] [INFO] [1790344967.328793111] [lifecycle_manager_localization]: [34m[1mCreating and initializing lifecycle service clients[0m[0m
[map_server-11] [INFO] [1790344967.331132466] [map_server]: 
[map_server-11] 	map_server lifecycle node launched. 
[map_server-11] 	Waiting on external lifecycle transitions to activate
[map_server-11] 	See https://design.ros2.org/articles/node_lifecycle.html for more information.
[map_server-11] [INFO] [1790344967.331399238] [map_server]: Creating
[amcl-12] [0m[INFO] [1790344967.330279383] [amcl]: 
[amcl-12] 	amcl lifecycle node launched. 
[amcl-12] 	Waiting on external lifecycle transitions to activate
[amcl-12] 	See https://design.ros2.org/articles/node_lifecycle.html for more information.[0m
[amcl-12] [0m[INFO] [1790344967.334249099] [amcl]: Creating[0m
[lifecycle_manager-13] [INFO] [1790344967.403196171] [lifecycle_manager_localization]: [34m[1mStarting managed nodes bringup...[0m[0m
[lifecycle_manager-13] [INFO] [1790344967.405814298] [lifecycle_manager_localization]: [34m[1mConfiguring map_server[0m[0m
[map_server-11] [INFO] [1790344967.407234012] [map_server]: Configuring
[map_server-11] [INFO] [1790344967.407367127] [map_io]: Loading yaml file: /home/molar1/bumperbot_ws/install/robot_lab_maps/share/robot_lab_maps/maps/nav_empty/maps/map.yaml
[map_server-11] [INFO] [1790344967.407777093] [map_io]: resolution: 0.05
[map_server-11] [INFO] [1790344967.407795588] [map_io]: origin[0]: -7
[map_server-11] [INFO] [1790344967.407801700] [map_io]: origin[1]: -7
[map_server-11] [INFO] [1790344967.407806468] [map_io]: origin[2]: 0
[map_server-11] [INFO] [1790344967.407811395] [map_io]: free_thresh: 0.196
[map_server-11] [INFO] [1790344967.407816259] [map_io]: occupied_thresh: 0.65
[map_server-11] [INFO] [1790344967.407822115] [map_io]: mode: trinary
[map_server-11] [INFO] [1790344967.407829251] [map_io]: negate: 0
[map_server-11] [INFO] [1790344967.408117814] [map_io]: Loading image_file: /home/molar1/bumperbot_ws/install/robot_lab_maps/share/robot_lab_maps/maps/nav_empty/maps/map.pgm
[map_server-11] [INFO] [1790344967.418770570] [map_io]: Read map /home/molar1/bumperbot_ws/install/robot_lab_maps/share/robot_lab_maps/maps/nav_empty/maps/map.pgm: 280 X 280 map @ 0.05 m/cell
[lifecycle_manager-13] [INFO] [1790344967.427669514] [lifecycle_manager_localization]: [34m[1mConfiguring amcl[0m[0m
[amcl-12] [0m[INFO] [1790344967.428053690] [amcl]: Configuring[0m
[amcl-12] [0m[INFO] [1790344967.428223314] [amcl]: initTransforms[0m
[amcl-12] [0m[INFO] [1790344967.441893988] [amcl]: initPubSub[0m
[amcl-12] [0m[INFO] [1790344967.450296153] [amcl]: Subscribed to map topic.[0m
[lifecycle_manager-13] [INFO] [1790344967.457765047] [lifecycle_manager_localization]: [34m[1mActivating map_server[0m[0m
[map_server-11] [INFO] [1790344967.459127676] [map_server]: Activating
[map_server-11] [INFO] [1790344967.460853842] [map_server]: Creating bond (map_server) to lifecycle manager.
[amcl-12] [0m[INFO] [1790344967.481923012] [amcl]: Received a 280 X 280 map @ 0.050 m/pix[0m
[lifecycle_manager-13] [INFO] [1790344967.568303283] [lifecycle_manager_localization]: Server map_server connected with bond.
[lifecycle_manager-13] [INFO] [1790344967.568404398] [lifecycle_manager_localization]: [34m[1mActivating amcl[0m[0m
[amcl-12] [0m[INFO] [1790344967.568794686] [amcl]: Activating[0m
[amcl-12] [0m[INFO] [1790344967.568911257] [amcl]: initialPoseReceived[0m
[amcl-12] [0m[INFO] [1790344967.569192140] [amcl]: Setting pose (0.532000): -0.500 -0.500 0.000[0m
[amcl-12] [0m[INFO] [1790344967.569845456] [amcl]: Creating bond (amcl) to lifecycle manager.[0m
[lifecycle_manager-13] [INFO] [1790344967.674531593] [lifecycle_manager_localization]: Server amcl connected with bond.
[lifecycle_manager-13] [INFO] [1790344967.674613925] [lifecycle_manager_localization]: [34m[1mManaged nodes are active[0m[0m
[lifecycle_manager-13] [INFO] [1790344967.674636100] [lifecycle_manager_localization]: [34m[1mCreating bond timer...[0m[0m
[amcl-12] [0m[INFO] [1790344967.732251949] [amcl]: createLaserObject[0m
[wheel_imu_fusion-16] [INFO] [1790344968.302796727] [sensor_fusion_wheel_imu_fusion]: wheel_imu_fusion ready
[lifecycle_manager-13] [INFO] [1790344975.442121723] [rclcpp]: signal_handler(SIGINT/SIGTERM)
[lifecycle_manager-13] [INFO] [1790344975.442262260] [lifecycle_manager_localization]: Running Nav2 LifecycleManager rcl preshutdown (lifecycle_manager_localization)
[lifecycle_manager-13] [INFO] [1790344975.442327058] [lifecycle_manager_localization]: [34m[1mTerminating bond timer...[0m[0m
[twist_mux-6] [INFO] [1790344975.442150457] [rclcpp]: signal_handler(SIGINT/SIGTERM)
[map_server-11] [INFO] [1790344975.442213303] [rclcpp]: signal_handler(SIGINT/SIGTERM)
[map_server-11] [INFO] [1790344975.442342321] [map_server]: Running Nav2 LifecycleNode rcl preshutdown (map_server)
[map_server-11] [INFO] [1790344975.442439309] [map_server]: Deactivating
[map_server-11] [INFO] [1790344975.442462508] [map_server]: Destroying bond (map_server) to lifecycle manager.
[robot_state_publisher-2] [INFO] [1790344975.442298675] [rclcpp]: signal_handler(SIGINT/SIGTERM)
[amcl-12] [0m[INFO] [1790344975.442390063] [rclcpp]: signal_handler(SIGINT/SIGTERM)[0m
[amcl-12] [0m[INFO] [1790344975.442491787] [amcl]: Running Nav2 LifecycleNode rcl preshutdown (amcl)[0m
[amcl-12] [0m[INFO] [1790344975.442582983] [amcl]: Deactivating[0m
[amcl-12] [0m[INFO] [1790344975.442614661] [amcl]: Destroying bond (amcl) to lifecycle manager.[0m
[joy_node-5] [INFO] [1790344975.442638660] [rclcpp]: signal_handler(SIGINT/SIGTERM)
[twist_marker-7] [INFO] [1790344975.442703009] [rclcpp]: signal_handler(SIGINT/SIGTERM)
[twist_relay-9] [INFO] [1790344975.442789438] [rclcpp]: signal_handler(SIGINT/SIGTERM)
[ekf_node-14] [INFO] [1790344975.444326427] [rclcpp]: signal_handler(SIGINT/SIGTERM)
[amcl-12] [0m[INFO] [1790344975.452961799] [amcl]: Cleaning up[0m
[map_server-11] [INFO] [1790344975.452864459] [map_server]: Cleaning up
[map_server-11] [INFO] [1790344975.452975718] [map_server]: Destroying bond (map_server) to lifecycle manager.
[amcl-12] [0m[INFO] [1790344975.462880091] [amcl]: Destroying bond (amcl) to lifecycle manager.[0m
[joy_teleop-4] Traceback (most recent call last):
[joy_teleop-4]   File "/opt/ros/humble/lib/joy_teleop/joy_teleop", line 33, in <module>
[joy_teleop-4]     sys.exit(load_entry_point('joy-teleop==1.6.0', 'console_scripts', 'joy_teleop')())
[joy_teleop-4]   File "/opt/ros/humble/lib/python3.10/site-packages/joy_teleop/joy_teleop.py", line 435, in main
[joy_teleop-4]     rclpy.spin(node)
[joy_teleop-4]   File "/opt/ros/humble/local/lib/python3.10/dist-packages/rclpy/__init__.py", line 229, in spin
[joy_teleop-4]     executor.spin_once()
[joy_teleop-4]   File "/opt/ros/humble/local/lib/python3.10/dist-packages/rclpy/executors.py", line 812, in spin_once
[joy_teleop-4]     self._spin_once_impl(timeout_sec)
[joy_teleop-4]   File "/opt/ros/humble/local/lib/python3.10/dist-packages/rclpy/executors.py", line 801, in _spin_once_impl
[joy_teleop-4]     handler, entity, node = self.wait_for_ready_callbacks(timeout_sec=timeout_sec)
[joy_teleop-4]   File "/opt/ros/humble/local/lib/python3.10/dist-packages/rclpy/executors.py", line 784, in wait_for_ready_callbacks
[joy_teleop-4]     return next(self._cb_iter)
[joy_teleop-4]   File "/opt/ros/humble/local/lib/python3.10/dist-packages/rclpy/executors.py", line 685, in _wait_for_ready_callbacks
[joy_teleop-4]     raise ExternalShutdownException()
[joy_teleop-4] rclpy.executors.ExternalShutdownException
[map_server-11] [INFO] [1790344975.544548569] [map_server]: Destroying
[amcl-12] [0m[INFO] [1790344975.573011438] [amcl]: Destroying[0m
[lifecycle_manager-13] [INFO] [1790344975.575349129] [lifecycle_manager_localization]: Destroying lifecycle_manager_localization
[INFO] [robot_state_publisher-2]: process has finished cleanly [pid 1465841]
[INFO] [joy_node-5]: process has finished cleanly [pid 1465847]
[INFO] [ekf_node-14]: process has finished cleanly [pid 1466112]
[INFO] [twist_marker-7]: process has finished cleanly [pid 1465851]
[INFO] [twist_mux-6]: process has finished cleanly [pid 1465849]
[INFO] [twist_relay-9]: process has finished cleanly [pid 1465855]
[imu_republisher.py-15] Traceback (most recent call last):
[imu_republisher.py-15]   File "/home/molar1/bumperbot_ws/install/robot_lab_localization/lib/robot_lab_localization/imu_republisher.py", line 54, in <module>
[imu_republisher.py-15]     main()
[imu_republisher.py-15]   File "/home/molar1/bumperbot_ws/install/robot_lab_localization/lib/robot_lab_localization/imu_republisher.py", line 45, in main
[imu_republisher.py-15]     rclpy.spin(node)
[imu_republisher.py-15]   File "/opt/ros/humble/local/lib/python3.10/dist-packages/rclpy/__init__.py", line 229, in spin
[imu_republisher.py-15]     executor.spin_once()
[imu_republisher.py-15]   File "/opt/ros/humble/local/lib/python3.10/dist-packages/rclpy/executors.py", line 812, in spin_once
[imu_republisher.py-15]     self._spin_once_impl(timeout_sec)
[imu_republisher.py-15]   File "/opt/ros/humble/local/lib/python3.10/dist-packages/rclpy/executors.py", line 801, in _spin_once_impl
[imu_republisher.py-15]     handler, entity, node = self.wait_for_ready_callbacks(timeout_sec=timeout_sec)
[imu_republisher.py-15]   File "/opt/ros/humble/local/lib/python3.10/dist-packages/rclpy/executors.py", line 784, in wait_for_ready_callbacks
[imu_republisher.py-15]     return next(self._cb_iter)
[imu_republisher.py-15]   File "/opt/ros/humble/local/lib/python3.10/dist-packages/rclpy/executors.py", line 685, in _wait_for_ready_callbacks
[imu_republisher.py-15]     raise ExternalShutdownException()
[imu_republisher.py-15] rclpy.executors.ExternalShutdownException
[mujoco_spawner-3] Traceback (most recent call last):
[mujoco_spawner-3]   File "/home/molar1/bumperbot_ws/install/robot_lab_mujoco/lib/robot_lab_mujoco/mujoco_spawner", line 33, in <module>
[mujoco_spawner-3]     sys.exit(load_entry_point('robot_lab_mujoco==0.1.0', 'console_scripts', 'mujoco_spawner')())
[mujoco_spawner-3]   File "/home/molar1/bumperbot_ws/install/robot_lab_mujoco/lib/python3.10/site-packages/robot_lab_mujoco/mujoco_spawner.py", line 1981, in main
[mujoco_spawner-3]     rclpy.spin(node)
[mujoco_spawner-3]   File "/opt/ros/humble/local/lib/python3.10/dist-packages/rclpy/__init__.py", line 229, in spin
[mujoco_spawner-3]     executor.spin_once()
[mujoco_spawner-3]   File "/opt/ros/humble/local/lib/python3.10/dist-packages/rclpy/executors.py", line 812, in spin_once
[mujoco_spawner-3]     self._spin_once_impl(timeout_sec)
[mujoco_spawner-3]   File "/opt/ros/humble/local/lib/python3.10/dist-packages/rclpy/executors.py", line 801, in _spin_once_impl
[mujoco_spawner-3]     handler, entity, node = self.wait_for_ready_callbacks(timeout_sec=timeout_sec)
[mujoco_spawner-3]   File "/opt/ros/humble/local/lib/python3.10/dist-packages/rclpy/executors.py", line 784, in wait_for_ready_callbacks
[mujoco_spawner-3]     return next(self._cb_iter)
[mujoco_spawner-3]   File "/opt/ros/humble/local/lib/python3.10/dist-packages/rclpy/executors.py", line 657, in _wait_for_ready_callbacks
[mujoco_spawner-3]     wait_set = _rclpy.WaitSet(
[mujoco_spawner-3] rclpy._rclpy_pybind11.RCLError: failed to initialize wait set: the given context is not valid, either rcl_init() was not called or rcl_shutdown() was called., at ./src/rcl/wait.c:130
[INFO] [lifecycle_manager-13]: process has finished cleanly [pid 1466110]
[INFO] [amcl-12]: process has finished cleanly [pid 1466108]
[INFO] [map_server-11]: process has finished cleanly [pid 1466106]
[INFO] [wheel_imu_fusion-16]: process has finished cleanly [pid 1466116]
[INFO] [go2-stance-gait-controller-1]: process has finished cleanly [pid 1465839]
[INFO] [joystick_relay.py-8]: process has finished cleanly [pid 1465853]
[ERROR] [imu_republisher.py-15]: process has died [pid 1466114, exit code 1, cmd '/home/molar1/bumperbot_ws/install/robot_lab_localization/lib/robot_lab_localization/imu_republisher.py --ros-args --params-file /workspace/molar/.tmp/launch_params_wgx5cz5s'].
[ERROR] [joy_teleop-4]: process has died [pid 1465845, exit code 1, cmd '/opt/ros/humble/lib/joy_teleop/joy_teleop --ros-args --params-file /home/molar1/bumperbot_ws/install/robot_lab_controller/share/robot_lab_controller/config/joy_teleop.yaml --params-file /workspace/molar/.tmp/launch_params__u2xv79r'].
[ERROR] [mujoco_spawner-3]: process has died [pid 1465843, exit code 1, cmd '/home/molar1/bumperbot_ws/install/robot_lab_mujoco/lib/robot_lab_mujoco/mujoco_spawner --ros-args -r __node:=mujoco_spawner --params-file /workspace/molar/.tmp/launch_params_4l1wtac4'].
