[INFO] [launch]: All log files can be found below /home/molar1/.ros/log/2026-09-28-11-30-05-498706-molar1-112226
[INFO] [launch]: Default logging verbosity is set to INFO
[robot_lab] algorithm localization=amcl -> global_localization stack
[robot_lab] algorithm state_estimation=ekf_localization_node -> local_localization stack
[robot_lab] algorithm sensor_fusion=wheel_imu_fusion -> node robot_lab_algorithms/wheel_imu_fusion
[INFO] [go2-stance-gait-controller-1]: process started with pid [112258]
[INFO] [robot_state_publisher-2]: process started with pid [112260]
[INFO] [mujoco_spawner-3]: process started with pid [112262]
[INFO] [joy_teleop-4]: process started with pid [112264]
[INFO] [joy_node-5]: process started with pid [112266]
[INFO] [twist_mux-6]: process started with pid [112268]
[INFO] [twist_marker-7]: process started with pid [112270]
[INFO] [joystick_relay.py-8]: process started with pid [112272]
[INFO] [twist_relay-9]: process started with pid [112274]
[INFO] [simulator_ready_gate-10]: process started with pid [112280]
[twist_mux-6] [INFO] [1790587806.474228764] [twist_mux]: Topic handler 'topics.joystick' subscribed to topic 'joy_vel': timeout = 0.500000s , priority = 99.
[twist_mux-6] [INFO] [1790587806.476338811] [twist_mux]: Topic handler 'topics.keyboard' subscribed to topic 'key_vel': timeout = 0.500000s , priority = 90.
[twist_mux-6] [INFO] [1790587806.477410795] [twist_mux]: Topic handler 'topics.navigation' subscribed to topic 'cmd_vel': timeout = 0.500000s , priority = 80.
[twist_mux-6] [INFO] [1790587806.477627196] [twist_mux]: Topic handler 'locks.safety_stop' subscribed to topic 'safety_stop': timeout = None , priority = 255.
[robot_state_publisher-2] [INFO] [1790587806.499885925] [robot_state_publisher]: got segment FL_calf
[robot_state_publisher-2] [INFO] [1790587806.500079476] [robot_state_publisher]: got segment FL_calf_rotor
[robot_state_publisher-2] [INFO] [1790587806.500099189] [robot_state_publisher]: got segment FL_foot
[robot_state_publisher-2] [INFO] [1790587806.500109206] [robot_state_publisher]: got segment FL_hip
[robot_state_publisher-2] [INFO] [1790587806.500117206] [robot_state_publisher]: got segment FL_hip_rotor
[robot_state_publisher-2] [INFO] [1790587806.500124951] [robot_state_publisher]: got segment FL_thigh
[robot_state_publisher-2] [INFO] [1790587806.500132728] [robot_state_publisher]: got segment FL_thigh_rotor
[robot_state_publisher-2] [INFO] [1790587806.500140568] [robot_state_publisher]: got segment FR_calf
[robot_state_publisher-2] [INFO] [1790587806.500148025] [robot_state_publisher]: got segment FR_calf_rotor
[robot_state_publisher-2] [INFO] [1790587806.500155353] [robot_state_publisher]: got segment FR_foot
[robot_state_publisher-2] [INFO] [1790587806.500162618] [robot_state_publisher]: got segment FR_hip
[robot_state_publisher-2] [INFO] [1790587806.500170138] [robot_state_publisher]: got segment FR_hip_rotor
[robot_state_publisher-2] [INFO] [1790587806.500177499] [robot_state_publisher]: got segment FR_thigh
[robot_state_publisher-2] [INFO] [1790587806.500184860] [robot_state_publisher]: got segment FR_thigh_rotor
[robot_state_publisher-2] [INFO] [1790587806.500192316] [robot_state_publisher]: got segment RL_calf
[robot_state_publisher-2] [INFO] [1790587806.500199677] [robot_state_publisher]: got segment RL_calf_rotor
[robot_state_publisher-2] [INFO] [1790587806.500207229] [robot_state_publisher]: got segment RL_foot
[robot_state_publisher-2] [INFO] [1790587806.500214494] [robot_state_publisher]: got segment RL_hip
[robot_state_publisher-2] [INFO] [1790587806.500221886] [robot_state_publisher]: got segment RL_hip_rotor
[robot_state_publisher-2] [INFO] [1790587806.500229151] [robot_state_publisher]: got segment RL_thigh
[robot_state_publisher-2] [INFO] [1790587806.500236383] [robot_state_publisher]: got segment RL_thigh_rotor
[robot_state_publisher-2] [INFO] [1790587806.500243552] [robot_state_publisher]: got segment RR_calf
[robot_state_publisher-2] [INFO] [1790587806.500250977] [robot_state_publisher]: got segment RR_calf_rotor
[robot_state_publisher-2] [INFO] [1790587806.500258241] [robot_state_publisher]: got segment RR_foot
[robot_state_publisher-2] [INFO] [1790587806.500265250] [robot_state_publisher]: got segment RR_hip
[robot_state_publisher-2] [INFO] [1790587806.500272258] [robot_state_publisher]: got segment RR_hip_rotor
[robot_state_publisher-2] [INFO] [1790587806.500279331] [robot_state_publisher]: got segment RR_thigh
[robot_state_publisher-2] [INFO] [1790587806.500286563] [robot_state_publisher]: got segment RR_thigh_rotor
[robot_state_publisher-2] [INFO] [1790587806.500293828] [robot_state_publisher]: got segment base
[robot_state_publisher-2] [INFO] [1790587806.500300932] [robot_state_publisher]: got segment front_camera
[robot_state_publisher-2] [INFO] [1790587806.500308037] [robot_state_publisher]: got segment imu_link
[robot_state_publisher-2] [INFO] [1790587806.500315365] [robot_state_publisher]: got segment trunk
[go2-stance-gait-controller-1] [0;93m2026-09-28 11:30:07.140645629 [W:onnxruntime:Default, device_discovery.cc:164 DiscoverDevicesForPlatform] GPU device discovery failed: device_discovery.cc:89 ReadFileContents Failed to open file: "/sys/class/drm/card1/device/vendor"[m
[go2-stance-gait-controller-1] [INFO] [1790587807.206557231] [go2_stance_gait_controller]: Go2 closed-loop stance: 12 effort joints at 250.0 Hz; controller ONNX velocity policy
[mujoco_spawner-3] [INFO] [1790587808.426513297] [mujoco_spawner]: MuJoCo: 18 collision proxy geom(s) moved to group 3 (viewer Rendering tab to show them).
[mujoco_spawner-3] [INFO] [1790587808.476011500] [mujoco_spawner]: MuJoCo URDF import OK (all meshes staged).
[mujoco_spawner-3] [WARN] [1790587808.485456688] [mujoco_spawner]: MuJoCo effort plant: no MJCF beside /home/molar1/bumperbot_ws/install/robot_lab_robots/share/robot_lab_robots/unitree/go2_description/xacro/go2_sim.xacro names every effort joint; keeping the URDF <dynamics> (damping=5.0 is a Gazebo stabiliser the robot does not have).
[mujoco_spawner-3] [INFO] [1790587808.529753382] [mujoco_spawner]: MuJoCo physics timestep: 0.0010 s
[mujoco_spawner-3] [INFO] [1790587808.531750043] [mujoco_spawner]: Robot has no 'oakd_rgb_camera_frame' link; no RGB-D camera is published.
[mujoco_spawner-3] [INFO] [1790587808.532836685] [mujoco_spawner]: Joints: ['FR_hip_joint', 'FR_thigh_joint', 'FR_calf_joint', 'FL_hip_joint', 'FL_thigh_joint', 'FL_calf_joint', 'RR_hip_joint', 'RR_thigh_joint', 'RR_calf_joint', 'RL_hip_joint', 'RL_thigh_joint', 'RL_calf_joint']   lw= rw=
[mujoco_spawner-3] [INFO] [1790587808.535190493] [mujoco_spawner]: MuJoCo effort joint armature: 0.0100 kg m^2
[mujoco_spawner-3] [INFO] [1790587808.536781108] [mujoco_spawner]: Joint effort input: /go2_group_effort_controller/commands (12 joints, URDF limits)
[mujoco_spawner-3] [INFO] [1790587808.538832846] [mujoco_spawner]: Spawn ground clearance: raised root by 0.2267 m
[mujoco_spawner-3] [INFO] [1790587808.539780309] [mujoco_spawner]: MuJoCo model loaded: 14 bodies, 13 joints
[mujoco_spawner-3] [INFO] [1790587808.540451335] [mujoco_spawner]: MuJoCo gui param=False (resolved=False), DISPLAY=:1 -> mode=DIRECT
[mujoco_spawner-3] [INFO] [1790587808.541063797] [mujoco_spawner]: MuJoCo running headless (gui=False, viewer=True).
[go2-stance-gait-controller-1] [WARN] [1790587808.548816378] [go2_stance_gait_controller]: Go2 safety warn: tilt 0.60 rad exceeds warn threshold
[mujoco_spawner-3] [INFO] [1790587808.549198582] [mujoco_spawner]: MuJoCo spawner running.
[go2-stance-gait-controller-1] [INFO] [1790587808.549660633] [go2_stance_gait_controller]: Go2 recovery idle
[INFO] [simulator_ready_gate-10]: process has finished cleanly [pid 112280]
[INFO] [amcl-12]: process started with pid [112501]
[INFO] [map_server-11]: process started with pid [112499]
[INFO] [lifecycle_manager-13]: process started with pid [112503]
[INFO] [ekf_node-14]: process started with pid [112505]
[INFO] [imu_republisher.py-15]: process started with pid [112507]
[INFO] [wheel_imu_fusion-16]: process started with pid [112509]
[go2-stance-gait-controller-1] [WARN] [1790587808.981031889] [go2_stance_gait_controller]: Go2 safety nominal: attitude recovered
[lifecycle_manager-13] [INFO] [1790587808.982065439] [lifecycle_manager_localization]: Creating
[amcl-12] [0m[INFO] [1790587808.984017457] [amcl]: 
[amcl-12] 	amcl lifecycle node launched. 
[amcl-12] 	Waiting on external lifecycle transitions to activate
[amcl-12] 	See https://design.ros2.org/articles/node_lifecycle.html for more information.[0m
[map_server-11] [INFO] [1790587808.984082966] [map_server]: 
[map_server-11] 	map_server lifecycle node launched. 
[map_server-11] 	Waiting on external lifecycle transitions to activate
[map_server-11] 	See https://design.ros2.org/articles/node_lifecycle.html for more information.
[map_server-11] [INFO] [1790587808.984277604] [map_server]: Creating
[amcl-12] [0m[INFO] [1790587808.985564485] [amcl]: Creating[0m
[lifecycle_manager-13] [INFO] [1790587808.991034174] [lifecycle_manager_localization]: [34m[1mCreating and initializing lifecycle service clients[0m[0m
[lifecycle_manager-13] [INFO] [1790587809.139873881] [lifecycle_manager_localization]: [34m[1mStarting managed nodes bringup...[0m[0m
[lifecycle_manager-13] [INFO] [1790587809.140787229] [lifecycle_manager_localization]: [34m[1mConfiguring map_server[0m[0m
[map_server-11] [INFO] [1790587809.141277122] [map_server]: Configuring
[map_server-11] [INFO] [1790587809.141412332] [map_io]: Loading yaml file: /home/molar1/bumperbot_ws/install/robot_lab_maps/share/robot_lab_maps/maps/nav_empty/maps/map.yaml
[map_server-11] [INFO] [1790587809.142482076] [map_io]: resolution: 0.05
[map_server-11] [INFO] [1790587809.142524447] [map_io]: origin[0]: -7
[map_server-11] [INFO] [1790587809.142531872] [map_io]: origin[1]: -7
[map_server-11] [INFO] [1790587809.142536928] [map_io]: origin[2]: 0
[map_server-11] [INFO] [1790587809.142560130] [map_io]: free_thresh: 0.196
[map_server-11] [INFO] [1790587809.142567715] [map_io]: occupied_thresh: 0.65
[map_server-11] [INFO] [1790587809.142575779] [map_io]: mode: trinary
[map_server-11] [INFO] [1790587809.142583076] [map_io]: negate: 0
[map_server-11] [INFO] [1790587809.142977921] [map_io]: Loading image_file: /home/molar1/bumperbot_ws/install/robot_lab_maps/share/robot_lab_maps/maps/nav_empty/maps/map.pgm
[map_server-11] [INFO] [1790587809.155817409] [map_io]: Read map /home/molar1/bumperbot_ws/install/robot_lab_maps/share/robot_lab_maps/maps/nav_empty/maps/map.pgm: 280 X 280 map @ 0.05 m/cell
[lifecycle_manager-13] [INFO] [1790587809.164550574] [lifecycle_manager_localization]: [34m[1mConfiguring amcl[0m[0m
[amcl-12] [0m[INFO] [1790587809.165961464] [amcl]: Configuring[0m
[amcl-12] [0m[INFO] [1790587809.166166279] [amcl]: initTransforms[0m
[amcl-12] [0m[INFO] [1790587809.177505975] [amcl]: initPubSub[0m
[amcl-12] [0m[INFO] [1790587809.186281255] [amcl]: Subscribed to map topic.[0m
[lifecycle_manager-13] [INFO] [1790587809.197791908] [lifecycle_manager_localization]: [34m[1mActivating map_server[0m[0m
[map_server-11] [INFO] [1790587809.198156287] [map_server]: Activating
[map_server-11] [INFO] [1790587809.198451765] [map_server]: Creating bond (map_server) to lifecycle manager.
[amcl-12] [0m[INFO] [1790587809.200422888] [amcl]: Received a 280 X 280 map @ 0.050 m/pix[0m
[go2-stance-gait-controller-1] [WARN] [1790587809.291901504] [go2_stance_gait_controller]: Go2 safety warn: tilt 0.35 rad exceeds warn threshold
[go2-stance-gait-controller-1] [WARN] [1790587809.300051266] [go2_stance_gait_controller]: Go2 safety nominal: attitude recovered
[lifecycle_manager-13] [INFO] [1790587809.304756002] [lifecycle_manager_localization]: Server map_server connected with bond.
[lifecycle_manager-13] [INFO] [1790587809.304840136] [lifecycle_manager_localization]: [34m[1mActivating amcl[0m[0m
[amcl-12] [0m[INFO] [1790587809.306250641] [amcl]: Activating[0m
[amcl-12] [0m[INFO] [1790587809.306358393] [amcl]: initialPoseReceived[0m
[amcl-12] [0m[INFO] [1790587809.306550920] [amcl]: Setting pose (0.652000): -0.500 -0.500 0.000[0m
[amcl-12] [0m[INFO] [1790587809.307125619] [amcl]: Creating bond (amcl) to lifecycle manager.[0m
[lifecycle_manager-13] [INFO] [1790587809.412908472] [lifecycle_manager_localization]: Server amcl connected with bond.
[lifecycle_manager-13] [INFO] [1790587809.412993118] [lifecycle_manager_localization]: [34m[1mManaged nodes are active[0m[0m
[lifecycle_manager-13] [INFO] [1790587809.413014880] [lifecycle_manager_localization]: [34m[1mCreating bond timer...[0m[0m
[amcl-12] [0m[INFO] [1790587809.513946651] [amcl]: createLaserObject[0m
[wheel_imu_fusion-16] [INFO] [1790587809.677855322] [sensor_fusion_wheel_imu_fusion]: wheel_imu_fusion ready
[amcl-12] [0m[INFO] [1790587831.312030576] [rclcpp]: signal_handler(SIGINT/SIGTERM)[0m
[amcl-12] [0m[INFO] [1790587831.312164313] [amcl]: Running Nav2 LifecycleNode rcl preshutdown (amcl)[0m
[amcl-12] [0m[INFO] [1790587831.312268769] [amcl]: Deactivating[0m
[amcl-12] [0m[INFO] [1790587831.312324197] [amcl]: Destroying bond (amcl) to lifecycle manager.[0m
[map_server-11] [INFO] [1790587831.311650260] [rclcpp]: signal_handler(SIGINT/SIGTERM)
[map_server-11] [INFO] [1790587831.311830145] [map_server]: Running Nav2 LifecycleNode rcl preshutdown (map_server)
[map_server-11] [INFO] [1790587831.311931401] [map_server]: Deactivating
[map_server-11] [INFO] [1790587831.311955242] [map_server]: Destroying bond (map_server) to lifecycle manager.
[twist_relay-9] [INFO] [1790587831.311648340] [rclcpp]: signal_handler(SIGINT/SIGTERM)
[ekf_node-14] [INFO] [1790587831.311666614] [rclcpp]: signal_handler(SIGINT/SIGTERM)
[robot_state_publisher-2] [INFO] [1790587831.311681431] [rclcpp]: signal_handler(SIGINT/SIGTERM)
[twist_marker-7] [INFO] [1790587831.311725466] [rclcpp]: signal_handler(SIGINT/SIGTERM)
[joy_node-5] [INFO] [1790587831.312199964] [rclcpp]: signal_handler(SIGINT/SIGTERM)
[twist_mux-6] [INFO] [1790587831.312239583] [rclcpp]: signal_handler(SIGINT/SIGTERM)
[amcl-12] [0m[INFO] [1790587831.322710191] [amcl]: Cleaning up[0m
[lifecycle_manager-13] [INFO] [1790587831.319086315] [rclcpp]: signal_handler(SIGINT/SIGTERM)
[lifecycle_manager-13] [INFO] [1790587831.319234837] [lifecycle_manager_localization]: Running Nav2 LifecycleManager rcl preshutdown (lifecycle_manager_localization)
[lifecycle_manager-13] [INFO] [1790587831.319295162] [lifecycle_manager_localization]: [34m[1mTerminating bond timer...[0m[0m
[map_server-11] [INFO] [1790587831.322296690] [map_server]: Cleaning up
[map_server-11] [INFO] [1790587831.322406393] [map_server]: Destroying bond (map_server) to lifecycle manager.
[amcl-12] [0m[INFO] [1790587831.351946372] [amcl]: Destroying bond (amcl) to lifecycle manager.[0m
[joy_teleop-4] Traceback (most recent call last):
[joy_teleop-4]   File "/opt/ros/humble/lib/joy_teleop/joy_teleop", line 33, in <module>
[joy_teleop-4]     sys.exit(load_entry_point('joy-teleop==1.6.0', 'console_scripts', 'joy_teleop')())
[joy_teleop-4]   File "/opt/ros/humble/lib/python3.10/site-packages/joy_teleop/joy_teleop.py", line 435, in main
[joy_teleop-4]     rclpy.spin(node)
[joy_teleop-4]   File "/opt/ros/humble/local/lib/python3.10/dist-packages/rclpy/__init__.py", line 229, in spin
[joy_teleop-4]     executor.spin_once()
[joy_teleop-4]   File "/opt/ros/humble/local/lib/python3.10/dist-packages/rclpy/executors.py", line 812, in spin_once
[joy_teleop-4]     self._spin_once_impl(timeout_sec)
[joy_teleop-4]   File "/opt/ros/humble/local/lib/python3.10/dist-packages/rclpy/executors.py", line 801, in _spin_once_impl
[joy_teleop-4]     handler, entity, node = self.wait_for_ready_callbacks(timeout_sec=timeout_sec)
[joy_teleop-4]   File "/opt/ros/humble/local/lib/python3.10/dist-packages/rclpy/executors.py", line 784, in wait_for_ready_callbacks
[joy_teleop-4]     return next(self._cb_iter)
[joy_teleop-4]   File "/opt/ros/humble/local/lib/python3.10/dist-packages/rclpy/executors.py", line 685, in _wait_for_ready_callbacks
[joy_teleop-4]     raise ExternalShutdownException()
[joy_teleop-4] rclpy.executors.ExternalShutdownException
[amcl-12] [0m[INFO] [1790587831.414580186] [amcl]: Destroying[0m
[map_server-11] [INFO] [1790587831.503981202] [map_server]: Destroying
[lifecycle_manager-13] [INFO] [1790587831.507807429] [lifecycle_manager_localization]: Destroying lifecycle_manager_localization
[INFO] [robot_state_publisher-2]: process has finished cleanly [pid 112260]
[INFO] [twist_relay-9]: process has finished cleanly [pid 112274]
[INFO] [twist_mux-6]: process has finished cleanly [pid 112268]
[INFO] [twist_marker-7]: process has finished cleanly [pid 112270]
[INFO] [ekf_node-14]: process has finished cleanly [pid 112505]
[INFO] [joy_node-5]: process has finished cleanly [pid 112266]
[go2-stance-gait-controller-1] Traceback (most recent call last):
[go2-stance-gait-controller-1]   File "/home/molar1/bumperbot_ws/install/robot_lab_adapter/lib/robot_lab_adapter/go2-stance-gait-controller", line 33, in <module>
[go2-stance-gait-controller-1]     sys.exit(load_entry_point('robot_lab_adapter==0.1.0', 'console_scripts', 'go2-stance-gait-controller')())
[go2-stance-gait-controller-1]   File "/home/molar1/bumperbot_ws/install/robot_lab_adapter/lib/python3.10/site-packages/robot_lab_adapter/go2_stance_gait_controller.py", line 296, in main
[go2-stance-gait-controller-1]     rclpy.spin(node)
[go2-stance-gait-controller-1]   File "/opt/ros/humble/local/lib/python3.10/dist-packages/rclpy/__init__.py", line 229, in spin
[go2-stance-gait-controller-1]     executor.spin_once()
[go2-stance-gait-controller-1]   File "/opt/ros/humble/local/lib/python3.10/dist-packages/rclpy/executors.py", line 812, in spin_once
[go2-stance-gait-controller-1]     self._spin_once_impl(timeout_sec)
[go2-stance-gait-controller-1]   File "/opt/ros/humble/local/lib/python3.10/dist-packages/rclpy/executors.py", line 801, in _spin_once_impl
[go2-stance-gait-controller-1]     handler, entity, node = self.wait_for_ready_callbacks(timeout_sec=timeout_sec)
[go2-stance-gait-controller-1]   File "/opt/ros/humble/local/lib/python3.10/dist-packages/rclpy/executors.py", line 784, in wait_for_ready_callbacks
[go2-stance-gait-controller-1]     return next(self._cb_iter)
[go2-stance-gait-controller-1]   File "/opt/ros/humble/local/lib/python3.10/dist-packages/rclpy/executors.py", line 657, in _wait_for_ready_callbacks
[go2-stance-gait-controller-1]     wait_set = _rclpy.WaitSet(
[go2-stance-gait-controller-1] rclpy._rclpy_pybind11.RCLError: failed to initialize wait set: the given context is not valid, either rcl_init() was not called or rcl_shutdown() was called., at ./src/rcl/wait.c:130
[imu_republisher.py-15] Traceback (most recent call last):
[imu_republisher.py-15]   File "/home/molar1/bumperbot_ws/install/robot_lab_localization/lib/robot_lab_localization/imu_republisher.py", line 54, in <module>
[imu_republisher.py-15]     main()
[imu_republisher.py-15]   File "/home/molar1/bumperbot_ws/install/robot_lab_localization/lib/robot_lab_localization/imu_republisher.py", line 45, in main
[imu_republisher.py-15]     rclpy.spin(node)
[imu_republisher.py-15]   File "/opt/ros/humble/local/lib/python3.10/dist-packages/rclpy/__init__.py", line 229, in spin
[imu_republisher.py-15]     executor.spin_once()
[imu_republisher.py-15]   File "/opt/ros/humble/local/lib/python3.10/dist-packages/rclpy/executors.py", line 812, in spin_once
[imu_republisher.py-15]     self._spin_once_impl(timeout_sec)
[imu_republisher.py-15]   File "/opt/ros/humble/local/lib/python3.10/dist-packages/rclpy/executors.py", line 801, in _spin_once_impl
[imu_republisher.py-15]     handler, entity, node = self.wait_for_ready_callbacks(timeout_sec=timeout_sec)
[imu_republisher.py-15]   File "/opt/ros/humble/local/lib/python3.10/dist-packages/rclpy/executors.py", line 784, in wait_for_ready_callbacks
[imu_republisher.py-15]     return next(self._cb_iter)
[imu_republisher.py-15]   File "/opt/ros/humble/local/lib/python3.10/dist-packages/rclpy/executors.py", line 685, in _wait_for_ready_callbacks
[imu_republisher.py-15]     raise ExternalShutdownException()
[imu_republisher.py-15] rclpy.executors.ExternalShutdownException
[INFO] [wheel_imu_fusion-16]: process has finished cleanly [pid 112509]
[INFO] [amcl-12]: process has finished cleanly [pid 112501]
[INFO] [joystick_relay.py-8]: process has finished cleanly [pid 112272]
[ERROR] [imu_republisher.py-15]: process has died [pid 112507, exit code 1, cmd '/home/molar1/bumperbot_ws/install/robot_lab_localization/lib/robot_lab_localization/imu_republisher.py --ros-args --params-file /workspace/molar/.tmp/launch_params_a_rehp7d'].
[ERROR] [joy_teleop-4]: process has died [pid 112264, exit code 1, cmd '/opt/ros/humble/lib/joy_teleop/joy_teleop --ros-args --params-file /home/molar1/bumperbot_ws/install/robot_lab_controller/share/robot_lab_controller/config/joy_teleop.yaml --params-file /workspace/molar/.tmp/launch_params_8r8xvmwe'].
[ERROR] [go2-stance-gait-controller-1]: process has died [pid 112258, exit code 1, cmd '/home/molar1/bumperbot_ws/install/robot_lab_adapter/lib/robot_lab_adapter/go2-stance-gait-controller --ros-args --params-file /workspace/molar/.tmp/launch_params_4go44mlb'].
[INFO] [mujoco_spawner-3]: process has finished cleanly [pid 112262]
[INFO] [lifecycle_manager-13]: process has finished cleanly [pid 112503]
[INFO] [map_server-11]: process has finished cleanly [pid 112499]
