$ ros2 launch robot_lab_bringup simulated_robot.launch.py robot_model:=asset_turtlebot4_standard simulator:=mujoco use_sim_time:=true map_name:=dataset_room2 world_package:=robot_lab_maps world_name:=dataset_room2 world_path:=/workspace/molar/robot_lab_runtime/external_assets/worlds/dataset_room2/9d26e1f41cd7979bbee66ed852e7ef316e22b19f/worlds/dataset_room2.world map_yaml:=/workspace/molar/robot_lab_runtime/external_assets/worlds/dataset_room2/9d26e1f41cd7979bbee66ed852e7ef316e22b19f/maps/dataset_room2-20261005-170754-da927c/dataset_room2.yaml mode:=display gui:=true perception:=none
[INFO] [launch]: All log files can be found below /workspace/molar/robot_lab_runtime/ros/log/2026-10-05-20-11-15-825124-molar1-284573
[INFO] [launch]: Default logging verbosity is set to INFO
[INFO] [robot_state_publisher-1]: process started with pid [284592]
[INFO] [mujoco_spawner-2]: process started with pid [284594]
[INFO] [rviz2-3]: process started with pid [284596]
[robot_state_publisher-1] [WARN] [1791223876.863852032] [kdl_parser]: The root link base_link has an inertia specified in the URDF, but KDL does not support a root link with an inertia.  As a workaround, you can add an extra dummy link to your URDF.
[robot_state_publisher-1] [INFO] [1791223876.864069080] [robot_state_publisher]: got segment base_link
[robot_state_publisher-1] [INFO] [1791223876.864146004] [robot_state_publisher]: got segment bump_front_center
[robot_state_publisher-1] [INFO] [1791223876.864159892] [robot_state_publisher]: got segment bump_front_left
[robot_state_publisher-1] [INFO] [1791223876.864168532] [robot_state_publisher]: got segment bump_front_right
[robot_state_publisher-1] [INFO] [1791223876.864176403] [robot_state_publisher]: got segment bump_left
[robot_state_publisher-1] [INFO] [1791223876.864184083] [robot_state_publisher]: got segment bump_right
[robot_state_publisher-1] [INFO] [1791223876.864191411] [robot_state_publisher]: got segment bumper
[robot_state_publisher-1] [INFO] [1791223876.864198706] [robot_state_publisher]: got segment button_1
[robot_state_publisher-1] [INFO] [1791223876.864206066] [robot_state_publisher]: got segment button_2
[robot_state_publisher-1] [INFO] [1791223876.864213266] [robot_state_publisher]: got segment button_power
[robot_state_publisher-1] [INFO] [1791223876.864220945] [robot_state_publisher]: got segment cliff_front_left
[robot_state_publisher-1] [INFO] [1791223876.864228305] [robot_state_publisher]: got segment cliff_front_right
[robot_state_publisher-1] [INFO] [1791223876.864235249] [robot_state_publisher]: got segment cliff_side_left
[robot_state_publisher-1] [INFO] [1791223876.864242385] [robot_state_publisher]: got segment cliff_side_right
[robot_state_publisher-1] [INFO] [1791223876.864249552] [robot_state_publisher]: got segment front_caster_link
[robot_state_publisher-1] [INFO] [1791223876.864256496] [robot_state_publisher]: got segment front_left_bottom_weight_block
[robot_state_publisher-1] [INFO] [1791223876.864264368] [robot_state_publisher]: got segment front_left_top_weight_block
[robot_state_publisher-1] [INFO] [1791223876.864271855] [robot_state_publisher]: got segment front_left_tower_standoff
[robot_state_publisher-1] [INFO] [1791223876.864279087] [robot_state_publisher]: got segment front_right_bottom_weight_block
[robot_state_publisher-1] [INFO] [1791223876.864286479] [robot_state_publisher]: got segment front_right_top_weight_block
[robot_state_publisher-1] [INFO] [1791223876.864293582] [robot_state_publisher]: got segment front_right_tower_standoff
[robot_state_publisher-1] [INFO] [1791223876.864300654] [robot_state_publisher]: got segment imu_link
[robot_state_publisher-1] [INFO] [1791223876.864307918] [robot_state_publisher]: got segment ir_intensity_front_center_left
[robot_state_publisher-1] [INFO] [1791223876.864314798] [robot_state_publisher]: got segment ir_intensity_front_center_right
[robot_state_publisher-1] [INFO] [1791223876.864321997] [robot_state_publisher]: got segment ir_intensity_front_left
[robot_state_publisher-1] [INFO] [1791223876.864329293] [robot_state_publisher]: got segment ir_intensity_front_right
[robot_state_publisher-1] [INFO] [1791223876.864336429] [robot_state_publisher]: got segment ir_intensity_left
[robot_state_publisher-1] [INFO] [1791223876.864343628] [robot_state_publisher]: got segment ir_intensity_right
[robot_state_publisher-1] [INFO] [1791223876.864350956] [robot_state_publisher]: got segment ir_intensity_side_left
[robot_state_publisher-1] [INFO] [1791223876.864358252] [robot_state_publisher]: got segment ir_omni
[robot_state_publisher-1] [INFO] [1791223876.864365484] [robot_state_publisher]: got segment left_wheel
[robot_state_publisher-1] [INFO] [1791223876.864372555] [robot_state_publisher]: got segment mouse
[robot_state_publisher-1] [INFO] [1791223876.864379883] [robot_state_publisher]: got segment oakd_camera_bracket
[robot_state_publisher-1] [INFO] [1791223876.864388139] [robot_state_publisher]: got segment oakd_imu_frame
[robot_state_publisher-1] [INFO] [1791223876.864395370] [robot_state_publisher]: got segment oakd_left_camera_frame
[robot_state_publisher-1] [INFO] [1791223876.864402634] [robot_state_publisher]: got segment oakd_left_camera_optical_frame
[robot_state_publisher-1] [INFO] [1791223876.864409802] [robot_state_publisher]: got segment oakd_link
[robot_state_publisher-1] [INFO] [1791223876.864417001] [robot_state_publisher]: got segment oakd_rgb_camera_frame
[robot_state_publisher-1] [INFO] [1791223876.864424169] [robot_state_publisher]: got segment oakd_rgb_camera_optical_frame
[robot_state_publisher-1] [INFO] [1791223876.864431337] [robot_state_publisher]: got segment oakd_right_camera_frame
[robot_state_publisher-1] [INFO] [1791223876.864438729] [robot_state_publisher]: got segment oakd_right_camera_optical_frame
[robot_state_publisher-1] [INFO] [1791223876.864445864] [robot_state_publisher]: got segment rear_left_tower_standoff
[robot_state_publisher-1] [INFO] [1791223876.864452936] [robot_state_publisher]: got segment rear_right_tower_standoff
[robot_state_publisher-1] [INFO] [1791223876.864459944] [robot_state_publisher]: got segment right_wheel
[robot_state_publisher-1] [INFO] [1791223876.864467175] [robot_state_publisher]: got segment rplidar_link
[robot_state_publisher-1] [INFO] [1791223876.864541252] [robot_state_publisher]: got segment shell_link
[robot_state_publisher-1] [INFO] [1791223876.864553956] [robot_state_publisher]: got segment tower_sensor_plate
[robot_state_publisher-1] [INFO] [1791223876.864561924] [robot_state_publisher]: got segment wheel_drop_left
[robot_state_publisher-1] [INFO] [1791223876.864569475] [robot_state_publisher]: got segment wheel_drop_right
[rviz2-3] [INFO] [1791223877.808372444] [rviz2]: Stereo is NOT SUPPORTED
[rviz2-3] [INFO] [1791223877.808511895] [rviz2]: OpenGl version: 4.5 (GLSL 4.5)
[rviz2-3] [INFO] [1791223878.430683523] [rviz2]: Stereo is NOT SUPPORTED
[mujoco_spawner-2] [INFO] [1791223878.835704946] [mujoco_spawner]: MuJoCo: 13 collision proxy geom(s) moved to group 3 (viewer Rendering tab to show them).
[mujoco_spawner-2] [WARN] [1791223878.907406672] [mujoco_spawner]: MuJoCo: excluded 2 self-contact pair(s) that interpenetrate at the rest pose: asset_turtlebot4_standard_base/left_wheel, asset_turtlebot4_standard_base/right_wheel
[mujoco_spawner-2] [INFO] [1791223878.909598070] [mujoco_spawner]: MuJoCo URDF import OK (all meshes staged).
[mujoco_spawner-2] [INFO] [1791223878.974820795] [mujoco_spawner]: RGB-D camera on 'oakd_rgb_camera_frame': 320x240 at 5.0 Hz
[mujoco_spawner-2] [INFO] [1791223878.975563389] [mujoco_spawner]: Joints: ['wheel_drop_left_joint', 'left_wheel_joint', 'wheel_drop_right_joint', 'right_wheel_joint']   lw= rw=
[mujoco_spawner-2] [INFO] [1791223878.978281934] [mujoco_spawner]: Display hold active (hold_position=auto): 4 joint(s) held at their spawn pose by spring-dampers
[mujoco_spawner-2] [INFO] [1791223878.978842296] [mujoco_spawner]: MuJoCo model loaded: 6 bodies, 5 joints
[mujoco_spawner-2] [INFO] [1791223878.979335459] [mujoco_spawner]: MuJoCo gui param=True (resolved=True), DISPLAY=:101 -> mode=GUI
[mujoco_spawner-2] [INFO] [1791223881.907946535] [mujoco_spawner]: MuJoCo viewer opened (GUI).
[mujoco_spawner-2] [INFO] [1791223881.911536629] [mujoco_spawner]: MuJoCo spawner running.
[WARNING] [launch]: user interrupted with ctrl-c (SIGINT)
[INFO] [rviz2-3]: sending signal 'SIGINT' to process[rviz2-3]
[INFO] [mujoco_spawner-2]: sending signal 'SIGINT' to process[mujoco_spawner-2]
[INFO] [robot_state_publisher-1]: sending signal 'SIGINT' to process[robot_state_publisher-1]
[rviz2-3] [INFO] [1791223886.944651125] [rclcpp]: signal_handler(SIGINT/SIGTERM)
[robot_state_publisher-1] [INFO] [1791223886.944652661] [rclcpp]: signal_handler(SIGINT/SIGTERM)
[rviz2-3] [INFO] [1791223886.948238148] [rclcpp]: signal_handler(SIGINT/SIGTERM)
[robot_state_publisher-1] [INFO] [1791223886.949522992] [rclcpp]: signal_handler(SIGINT/SIGTERM)
[INFO] [robot_state_publisher-1]: process has finished cleanly [pid 284592]
[INFO] [mujoco_spawner-2]: process has finished cleanly [pid 284594]
[INFO] [rviz2-3]: process has finished cleanly [pid 284596]

[launch exited with code 0]

