$ ros2 launch robot_lab_bringup simulated_robot.launch.py robot_model:=asset_turtlebot4_standard simulator:=pybullet use_sim_time:=true map_name:=dataset_room2 world_package:=robot_lab_maps world_name:=dataset_room2 world_path:=/workspace/molar/robot_lab_runtime/external_assets/worlds/dataset_room2/9d26e1f41cd7979bbee66ed852e7ef316e22b19f/worlds/dataset_room2.world map_yaml:=/workspace/molar/robot_lab_runtime/external_assets/worlds/dataset_room2/9d26e1f41cd7979bbee66ed852e7ef316e22b19f/maps/dataset_room2-20261005-170754-da927c/dataset_room2.yaml mode:=display gui:=true perception:=none
[INFO] [launch]: All log files can be found below /workspace/molar/robot_lab_runtime/ros/log/2026-10-05-20-03-25-501721-molar1-281636
[INFO] [launch]: Default logging verbosity is set to INFO
[INFO] [robot_state_publisher-1]: process started with pid [281653]
[INFO] [pybullet_spawner-2]: process started with pid [281655]
[INFO] [rviz2-3]: process started with pid [281657]
[robot_state_publisher-1] [WARN] [1791223406.536601446] [kdl_parser]: The root link base_link has an inertia specified in the URDF, but KDL does not support a root link with an inertia.  As a workaround, you can add an extra dummy link to your URDF.
[robot_state_publisher-1] [INFO] [1791223406.536844853] [robot_state_publisher]: got segment base_link
[robot_state_publisher-1] [INFO] [1791223406.536935119] [robot_state_publisher]: got segment bump_front_center
[robot_state_publisher-1] [INFO] [1791223406.536950958] [robot_state_publisher]: got segment bump_front_left
[robot_state_publisher-1] [INFO] [1791223406.536960877] [robot_state_publisher]: got segment bump_front_right
[robot_state_publisher-1] [INFO] [1791223406.536969549] [robot_state_publisher]: got segment bump_left
[robot_state_publisher-1] [INFO] [1791223406.536977804] [robot_state_publisher]: got segment bump_right
[robot_state_publisher-1] [INFO] [1791223406.536985484] [robot_state_publisher]: got segment bumper
[robot_state_publisher-1] [INFO] [1791223406.536993035] [robot_state_publisher]: got segment button_1
[robot_state_publisher-1] [INFO] [1791223406.537000875] [robot_state_publisher]: got segment button_2
[robot_state_publisher-1] [INFO] [1791223406.537008426] [robot_state_publisher]: got segment button_power
[robot_state_publisher-1] [INFO] [1791223406.537016554] [robot_state_publisher]: got segment cliff_front_left
[robot_state_publisher-1] [INFO] [1791223406.537024137] [robot_state_publisher]: got segment cliff_front_right
[robot_state_publisher-1] [INFO] [1791223406.537031785] [robot_state_publisher]: got segment cliff_side_left
[robot_state_publisher-1] [INFO] [1791223406.537039176] [robot_state_publisher]: got segment cliff_side_right
[robot_state_publisher-1] [INFO] [1791223406.537046632] [robot_state_publisher]: got segment front_caster_link
[robot_state_publisher-1] [INFO] [1791223406.537053959] [robot_state_publisher]: got segment front_left_bottom_weight_block
[robot_state_publisher-1] [INFO] [1791223406.537061926] [robot_state_publisher]: got segment front_left_top_weight_block
[robot_state_publisher-1] [INFO] [1791223406.537069606] [robot_state_publisher]: got segment front_left_tower_standoff
[robot_state_publisher-1] [INFO] [1791223406.537077573] [robot_state_publisher]: got segment front_right_bottom_weight_block
[robot_state_publisher-1] [INFO] [1791223406.537085541] [robot_state_publisher]: got segment front_right_top_weight_block
[robot_state_publisher-1] [INFO] [1791223406.537093476] [robot_state_publisher]: got segment front_right_tower_standoff
[robot_state_publisher-1] [INFO] [1791223406.537101092] [robot_state_publisher]: got segment imu_link
[robot_state_publisher-1] [INFO] [1791223406.537108899] [robot_state_publisher]: got segment ir_intensity_front_center_left
[robot_state_publisher-1] [INFO] [1791223406.537116387] [robot_state_publisher]: got segment ir_intensity_front_center_right
[robot_state_publisher-1] [INFO] [1791223406.537124322] [robot_state_publisher]: got segment ir_intensity_front_left
[robot_state_publisher-1] [INFO] [1791223406.537131842] [robot_state_publisher]: got segment ir_intensity_front_right
[robot_state_publisher-1] [INFO] [1791223406.537139745] [robot_state_publisher]: got segment ir_intensity_left
[robot_state_publisher-1] [INFO] [1791223406.537147425] [robot_state_publisher]: got segment ir_intensity_right
[robot_state_publisher-1] [INFO] [1791223406.537155072] [robot_state_publisher]: got segment ir_intensity_side_left
[robot_state_publisher-1] [INFO] [1791223406.537162624] [robot_state_publisher]: got segment ir_omni
[robot_state_publisher-1] [INFO] [1791223406.537170335] [robot_state_publisher]: got segment left_wheel
[robot_state_publisher-1] [INFO] [1791223406.537178078] [robot_state_publisher]: got segment mouse
[robot_state_publisher-1] [INFO] [1791223406.537186014] [robot_state_publisher]: got segment oakd_camera_bracket
[robot_state_publisher-1] [INFO] [1791223406.537195037] [robot_state_publisher]: got segment oakd_imu_frame
[robot_state_publisher-1] [INFO] [1791223406.537203037] [robot_state_publisher]: got segment oakd_left_camera_frame
[robot_state_publisher-1] [INFO] [1791223406.537210812] [robot_state_publisher]: got segment oakd_left_camera_optical_frame
[robot_state_publisher-1] [INFO] [1791223406.537218684] [robot_state_publisher]: got segment oakd_link
[robot_state_publisher-1] [INFO] [1791223406.537226619] [robot_state_publisher]: got segment oakd_rgb_camera_frame
[robot_state_publisher-1] [INFO] [1791223406.537234331] [robot_state_publisher]: got segment oakd_rgb_camera_optical_frame
[robot_state_publisher-1] [INFO] [1791223406.537242010] [robot_state_publisher]: got segment oakd_right_camera_frame
[robot_state_publisher-1] [INFO] [1791223406.537250201] [robot_state_publisher]: got segment oakd_right_camera_optical_frame
[robot_state_publisher-1] [INFO] [1791223406.537258201] [robot_state_publisher]: got segment rear_left_tower_standoff
[robot_state_publisher-1] [INFO] [1791223406.537265624] [robot_state_publisher]: got segment rear_right_tower_standoff
[robot_state_publisher-1] [INFO] [1791223406.537273144] [robot_state_publisher]: got segment right_wheel
[robot_state_publisher-1] [INFO] [1791223406.537280855] [robot_state_publisher]: got segment rplidar_link
[robot_state_publisher-1] [INFO] [1791223406.537369265] [robot_state_publisher]: got segment shell_link
[robot_state_publisher-1] [INFO] [1791223406.537388144] [robot_state_publisher]: got segment tower_sensor_plate
[robot_state_publisher-1] [INFO] [1791223406.537396879] [robot_state_publisher]: got segment wheel_drop_left
[robot_state_publisher-1] [INFO] [1791223406.537407695] [robot_state_publisher]: got segment wheel_drop_right
[pybullet_spawner-2] pybullet build time: Sep  2 2026 15:08:17
[pybullet_spawner-2] [INFO] [1791223407.141627053] [pybullet_spawner]: PyBulletSpawner __init__ started
[pybullet_spawner-2] [INFO] [1791223407.146593143] [pybullet_spawner]: Parameters declared
[pybullet_spawner-2] [INFO] [1791223407.159496605] [pybullet_spawner]: Created /robot_lab/ready publisher
[pybullet_spawner-2] [INFO] [1791223407.161571438] [pybullet_spawner]: Created /robot_lab/health publisher
[pybullet_spawner-2] [INFO] [1791223407.183508806] [pybullet_spawner]: Created /robot_lab/reset service
[rviz2-3] [INFO] [1791223407.428644451] [rviz2]: Stereo is NOT SUPPORTED
[rviz2-3] [INFO] [1791223407.428777818] [rviz2]: OpenGl version: 4.5 (GLSL 4.5)
[pybullet_spawner-2] [INFO] [1791223407.881642310] [pybullet_spawner]: URDF written to /workspace/molar/robot_lab_runtime/tmp/tmptbgb3r87.urdf
[pybullet_spawner-2] [INFO] [1791223407.882783863] [pybullet_spawner]: PyBullet gui param=True (resolved=True), DISPLAY=:101 -> mode=GUI
[pybullet_spawner-2] [INFO] [1791223407.883746421] [pybullet_spawner]: Connecting to PyBullet...
[rviz2-3] [INFO] [1791223408.067362728] [rviz2]: Stereo is NOT SUPPORTED
[pybullet_spawner-2] [INFO] [1791223408.414224160] [pybullet_spawner]: PyBullet connected with client_id=0
[pybullet_spawner-2] [INFO] [1791223408.414832982] [pybullet_spawner]: PyBullet physics engine configured
[pybullet_spawner-2] startThreads creating 1 threads.
[pybullet_spawner-2] starting thread 0
[pybullet_spawner-2] started thread 0 
[pybullet_spawner-2] argc=2
[pybullet_spawner-2] argv[0] = --unused
[pybullet_spawner-2] argv[1] = --start_demo_name=Physics Server
[pybullet_spawner-2] ExampleBrowserThreadFunc started
[pybullet_spawner-2] X11 functions dynamically loaded using dlopen/dlsym OK!
[pybullet_spawner-2] X11 functions dynamically loaded using dlopen/dlsym OK!
[pybullet_spawner-2] Creating context
[pybullet_spawner-2] Created GL 3.3 context
[pybullet_spawner-2] Direct GLX rendering context obtained
[pybullet_spawner-2] Making context current
[pybullet_spawner-2] GL_VENDOR=Mesa
[pybullet_spawner-2] GL_RENDERER=llvmpipe (LLVM 15.0.7, 128 bits)
[pybullet_spawner-2] GL_VERSION=4.5 (Core Profile) Mesa 23.2.1-1ubuntu3.1~22.04.4
[pybullet_spawner-2] GL_SHADING_LANGUAGE_VERSION=4.50
[pybullet_spawner-2] pthread_getconcurrency()=0
[pybullet_spawner-2] Version = 4.5 (Core Profile) Mesa 23.2.1-1ubuntu3.1~22.04.4
[pybullet_spawner-2] Vendor = Mesa
[pybullet_spawner-2] Renderer = llvmpipe (LLVM 15.0.7, 128 bits)
[pybullet_spawner-2] b3Printf: Selected demo: Physics Server
[pybullet_spawner-2] startThreads creating 1 threads.
[pybullet_spawner-2] starting thread 0
[pybullet_spawner-2] started thread 0 
[pybullet_spawner-2] MotionThreadFunc thread started
[pybullet_spawner-2] ven = Mesa
[pybullet_spawner-2] ven = Mesa
[pybullet_spawner-2] [INFO] [1791223413.341867510] [pybullet_spawner]: SDF world 'dataset_room2.world': 25 static shape(s) created, 0 skipped
[pybullet_spawner-2] b3Printf: b3Warning[examples/Importers/ImportURDFDemo/BulletUrdfImporter.cpp,126]:
[pybullet_spawner-2] 
[pybullet_spawner-2] b3Printf: No inertial data for link, using mass=1, localinertiadiagonal = 1,1,1, identity local inertial frame
[pybullet_spawner-2] b3Printf: b3Warning[examples/Importers/ImportURDFDemo/BulletUrdfImporter.cpp,126]:
[pybullet_spawner-2] 
[pybullet_spawner-2] b3Printf: bump_front_center
[pybullet_spawner-2] b3Printf: b3Warning[examples/Importers/ImportURDFDemo/BulletUrdfImporter.cpp,126]:
[pybullet_spawner-2] 
[pybullet_spawner-2] b3Printf: No inertial data for link, using mass=1, localinertiadiagonal = 1,1,1, identity local inertial frame
[pybullet_spawner-2] b3Printf: b3Warning[examples/Importers/ImportURDFDemo/BulletUrdfImporter.cpp,126]:
[pybullet_spawner-2] 
[pybullet_spawner-2] b3Printf: bump_front_left
[pybullet_spawner-2] b3Printf: b3Warning[examples/Importers/ImportURDFDemo/BulletUrdfImporter.cpp,126]:
[pybullet_spawner-2] 
[pybullet_spawner-2] b3Printf: No inertial data for link, using mass=1, localinertiadiagonal = 1,1,1, identity local inertial frame
[pybullet_spawner-2] b3Printf: b3Warning[examples/Importers/ImportURDFDemo/BulletUrdfImporter.cpp,126]:
[pybullet_spawner-2] 
[pybullet_spawner-2] b3Printf: bump_front_right
[pybullet_spawner-2] b3Printf: b3Warning[examples/Importers/ImportURDFDemo/BulletUrdfImporter.cpp,126]:
[pybullet_spawner-2] 
[pybullet_spawner-2] b3Printf: No inertial data for link, using mass=1, localinertiadiagonal = 1,1,1, identity local inertial frame
[pybullet_spawner-2] b3Printf: b3Warning[examples/Importers/ImportURDFDemo/BulletUrdfImporter.cpp,126]:
[pybullet_spawner-2] 
[pybullet_spawner-2] b3Printf: bump_left
[pybullet_spawner-2] b3Printf: b3Warning[examples/Importers/ImportURDFDemo/BulletUrdfImporter.cpp,126]:
[pybullet_spawner-2] 
[pybullet_spawner-2] b3Printf: No inertial data for link, using mass=1, localinertiadiagonal = 1,1,1, identity local inertial frame
[pybullet_spawner-2] b3Printf: b3Warning[examples/Importers/ImportURDFDemo/BulletUrdfImporter.cpp,126]:
[pybullet_spawner-2] 
[pybullet_spawner-2] b3Printf: bump_right
[pybullet_spawner-2] b3Printf: b3Warning[examples/Importers/ImportURDFDemo/BulletUrdfImporter.cpp,126]:
[pybullet_spawner-2] 
[pybullet_spawner-2] b3Printf: No inertial data for link, using mass=1, localinertiadiagonal = 1,1,1, identity local inertial frame
[pybullet_spawner-2] b3Printf: b3Warning[examples/Importers/ImportURDFDemo/BulletUrdfImporter.cpp,126]:
[pybullet_spawner-2] 
[pybullet_spawner-2] b3Printf: button_1
[pybullet_spawner-2] b3Printf: b3Warning[examples/Importers/ImportURDFDemo/BulletUrdfImporter.cpp,126]:
[pybullet_spawner-2] 
[pybullet_spawner-2] b3Printf: No inertial data for link, using mass=1, localinertiadiagonal = 1,1,1, identity local inertial frame
[pybullet_spawner-2] b3Printf: b3Warning[examples/Importers/ImportURDFDemo/BulletUrdfImporter.cpp,126]:
[pybullet_spawner-2] 
[pybullet_spawner-2] b3Printf: button_2
[pybullet_spawner-2] b3Printf: b3Warning[examples/Importers/ImportURDFDemo/BulletUrdfImporter.cpp,126]:
[pybullet_spawner-2] 
[pybullet_spawner-2] b3Printf: No inertial data for link, using mass=1, localinertiadiagonal = 1,1,1, identity local inertial frame
[pybullet_spawner-2] b3Printf: b3Warning[examples/Importers/ImportURDFDemo/BulletUrdfImporter.cpp,126]:
[pybullet_spawner-2] 
[pybullet_spawner-2] b3Printf: button_power
[pybullet_spawner-2] [INFO] [1791223422.131327123] [pybullet_spawner]: Loaded robot id=26 (48 joints)
[pybullet_spawner-2] [INFO] [1791223422.132818862] [pybullet_spawner]: Joint damping capped for stability on 2 joint(s): wheel_drop_left_joint, wheel_drop_right_joint
[pybullet_spawner-2] [INFO] [1791223422.136542707] [pybullet_spawner]: RGB-D camera on 'oakd_rgb_camera_frame': 320x240 at 5.0 Hz (software renderer)
[pybullet_spawner-2] [INFO] [1791223422.390693979] [pybullet_spawner]: SDF world 'dataset_room2.world': 25 static shape(s) created, 0 skipped
[pybullet_spawner-2] [INFO] [1791223422.393675570] [pybullet_spawner]: Display hold active (hold_position=auto): 4 joint(s) held at spawn pose by position motors
[pybullet_spawner-2] [INFO] [1791223422.395093138] [pybullet_spawner]: Joints: ['wheel_drop_left_joint', 'left_wheel_joint', 'wheel_drop_right_joint', 'right_wheel_joint']  lw=wheel_left_joint rw=wheel_right_joint
[pybullet_spawner-2] [INFO] [1791223422.596990982] [pybullet_spawner]: PyBullet spawner running
[pybullet_spawner-2] b3Printf: b3Warning[examples/Importers/ImportURDFDemo/BulletUrdfImporter.cpp,126]:
[pybullet_spawner-2] 
[pybullet_spawner-2] b3Printf: No inertial data for link, using mass=1, localinertiadiagonal = 1,1,1, identity local inertial frame
[pybullet_spawner-2] b3Printf: b3Warning[examples/Importers/ImportURDFDemo/BulletUrdfImporter.cpp,126]:
[pybullet_spawner-2] 
[pybullet_spawner-2] b3Printf: bump_front_center
[pybullet_spawner-2] b3Printf: b3Warning[examples/Importers/ImportURDFDemo/BulletUrdfImporter.cpp,126]:
[pybullet_spawner-2] 
[pybullet_spawner-2] b3Printf: No inertial data for link, using mass=1, localinertiadiagonal = 1,1,1, identity local inertial frame
[pybullet_spawner-2] b3Printf: b3Warning[examples/Importers/ImportURDFDemo/BulletUrdfImporter.cpp,126]:
[pybullet_spawner-2] 
[pybullet_spawner-2] b3Printf: bump_front_left
[pybullet_spawner-2] b3Printf: b3Warning[examples/Importers/ImportURDFDemo/BulletUrdfImporter.cpp,126]:
[pybullet_spawner-2] 
[pybullet_spawner-2] b3Printf: No inertial data for link, using mass=1, localinertiadiagonal = 1,1,1, identity local inertial frame
[pybullet_spawner-2] b3Printf: b3Warning[examples/Importers/ImportURDFDemo/BulletUrdfImporter.cpp,126]:
[pybullet_spawner-2] 
[pybullet_spawner-2] b3Printf: bump_front_right
[pybullet_spawner-2] b3Printf: b3Warning[examples/Importers/ImportURDFDemo/BulletUrdfImporter.cpp,126]:
[pybullet_spawner-2] 
[pybullet_spawner-2] b3Printf: No inertial data for link, using mass=1, localinertiadiagonal = 1,1,1, identity local inertial frame
[pybullet_spawner-2] b3Printf: b3Warning[examples/Importers/ImportURDFDemo/BulletUrdfImporter.cpp,126]:
[pybullet_spawner-2] 
[pybullet_spawner-2] b3Printf: bump_left
[pybullet_spawner-2] b3Printf: b3Warning[examples/Importers/ImportURDFDemo/BulletUrdfImporter.cpp,126]:
[pybullet_spawner-2] 
[pybullet_spawner-2] b3Printf: No inertial data for link, using mass=1, localinertiadiagonal = 1,1,1, identity local inertial frame
[pybullet_spawner-2] b3Printf: b3Warning[examples/Importers/ImportURDFDemo/BulletUrdfImporter.cpp,126]:
[pybullet_spawner-2] 
[pybullet_spawner-2] b3Printf: bump_right
[pybullet_spawner-2] b3Printf: b3Warning[examples/Importers/ImportURDFDemo/BulletUrdfImporter.cpp,126]:
[pybullet_spawner-2] 
[pybullet_spawner-2] b3Printf: No inertial data for link, using mass=1, localinertiadiagonal = 1,1,1, identity local inertial frame
[pybullet_spawner-2] b3Printf: b3Warning[examples/Importers/ImportURDFDemo/BulletUrdfImporter.cpp,126]:
[pybullet_spawner-2] 
[pybullet_spawner-2] b3Printf: button_1
[pybullet_spawner-2] b3Printf: b3Warning[examples/Importers/ImportURDFDemo/BulletUrdfImporter.cpp,126]:
[pybullet_spawner-2] 
[pybullet_spawner-2] b3Printf: No inertial data for link, using mass=1, localinertiadiagonal = 1,1,1, identity local inertial frame
[pybullet_spawner-2] b3Printf: b3Warning[examples/Importers/ImportURDFDemo/BulletUrdfImporter.cpp,126]:
[pybullet_spawner-2] 
[pybullet_spawner-2] b3Printf: button_2
[pybullet_spawner-2] b3Printf: b3Warning[examples/Importers/ImportURDFDemo/BulletUrdfImporter.cpp,126]:
[pybullet_spawner-2] 
[pybullet_spawner-2] b3Printf: No inertial data for link, using mass=1, localinertiadiagonal = 1,1,1, identity local inertial frame
[pybullet_spawner-2] b3Printf: b3Warning[examples/Importers/ImportURDFDemo/BulletUrdfImporter.cpp,126]:
[pybullet_spawner-2] 
[pybullet_spawner-2] b3Printf: button_power
[WARNING] [launch]: user interrupted with ctrl-c (SIGINT)
[INFO] [rviz2-3]: sending signal 'SIGINT' to process[rviz2-3]
[INFO] [pybullet_spawner-2]: sending signal 'SIGINT' to process[pybullet_spawner-2]
[INFO] [robot_state_publisher-1]: sending signal 'SIGINT' to process[robot_state_publisher-1]
[robot_state_publisher-1] [INFO] [1791223427.730709256] [rclcpp]: signal_handler(SIGINT/SIGTERM)
[rviz2-3] [INFO] [1791223427.734657855] [rclcpp]: signal_handler(SIGINT/SIGTERM)
[robot_state_publisher-1] [INFO] [1791223427.735299668] [rclcpp]: signal_handler(SIGINT/SIGTERM)
[INFO] [robot_state_publisher-1]: process has finished cleanly [pid 281653]
[INFO] [rviz2-3]: process has finished cleanly [pid 281657]
[pybullet_spawner-2] numActiveThreads = 0
[pybullet_spawner-2] stopping threads
[pybullet_spawner-2] Thread with taskId 0 exiting
[pybullet_spawner-2] Thread TERMINATED
[pybullet_spawner-2] destroy semaphore
[pybullet_spawner-2] semaphore destroyed
[pybullet_spawner-2] destroy main semaphore
[pybullet_spawner-2] main semaphore destroyed
[pybullet_spawner-2] finished
[pybullet_spawner-2] numActiveThreads = 0
[pybullet_spawner-2] btShutDownExampleBrowser stopping threads
[pybullet_spawner-2] Thread with taskId 0 exiting
[pybullet_spawner-2] Thread TERMINATED
[pybullet_spawner-2] destroy semaphore
[pybullet_spawner-2] semaphore destroyed
[pybullet_spawner-2] destroy main semaphore
[pybullet_spawner-2] main semaphore destroyed
[INFO] [pybullet_spawner-2]: process has finished cleanly [pid 281655]

[launch exited with code 0]

