$ ros2 launch robot_lab_bringup simulated_robot.launch.py robot_model:=asset_turtlebot4_lite simulator:=pybullet use_sim_time:=true map_name:=dataset_room2 world_package:=robot_lab_maps world_name:=dataset_room2 world_path:=/workspace/molar/robot_lab_runtime/external_assets/worlds/dataset_room2/9d26e1f41cd7979bbee66ed852e7ef316e22b19f/worlds/dataset_room2.world map_yaml:=/workspace/molar/robot_lab_runtime/external_assets/worlds/dataset_room2/9d26e1f41cd7979bbee66ed852e7ef316e22b19f/maps/dataset_room2-20261005-170754-da927c/dataset_room2.yaml mode:=display gui:=true perception:=none
[INFO] [launch]: All log files can be found below /workspace/molar/robot_lab_runtime/ros/log/2026-10-05-20-03-57-112267-molar1-281856
[INFO] [launch]: Default logging verbosity is set to INFO
[INFO] [robot_state_publisher-1]: process started with pid [281873]
[INFO] [pybullet_spawner-2]: process started with pid [281875]
[INFO] [rviz2-3]: process started with pid [281877]
[robot_state_publisher-1] [WARN] [1791223438.071414474] [kdl_parser]: The root link base_link has an inertia specified in the URDF, but KDL does not support a root link with an inertia.  As a workaround, you can add an extra dummy link to your URDF.
[robot_state_publisher-1] [INFO] [1791223438.071605693] [robot_state_publisher]: got segment base_link
[robot_state_publisher-1] [INFO] [1791223438.071668473] [robot_state_publisher]: got segment bump_front_center
[robot_state_publisher-1] [INFO] [1791223438.071683608] [robot_state_publisher]: got segment bump_front_left
[robot_state_publisher-1] [INFO] [1791223438.071693527] [robot_state_publisher]: got segment bump_front_right
[robot_state_publisher-1] [INFO] [1791223438.071701814] [robot_state_publisher]: got segment bump_left
[robot_state_publisher-1] [INFO] [1791223438.071709910] [robot_state_publisher]: got segment bump_right
[robot_state_publisher-1] [INFO] [1791223438.071717749] [robot_state_publisher]: got segment bumper
[robot_state_publisher-1] [INFO] [1791223438.071725493] [robot_state_publisher]: got segment button_1
[robot_state_publisher-1] [INFO] [1791223438.071733300] [robot_state_publisher]: got segment button_2
[robot_state_publisher-1] [INFO] [1791223438.071740852] [robot_state_publisher]: got segment button_power
[robot_state_publisher-1] [INFO] [1791223438.071749011] [robot_state_publisher]: got segment cliff_front_left
[robot_state_publisher-1] [INFO] [1791223438.071756755] [robot_state_publisher]: got segment cliff_front_right
[robot_state_publisher-1] [INFO] [1791223438.071764498] [robot_state_publisher]: got segment cliff_side_left
[robot_state_publisher-1] [INFO] [1791223438.071772434] [robot_state_publisher]: got segment cliff_side_right
[robot_state_publisher-1] [INFO] [1791223438.071780625] [robot_state_publisher]: got segment front_caster_link
[robot_state_publisher-1] [INFO] [1791223438.071788593] [robot_state_publisher]: got segment imu_link
[robot_state_publisher-1] [INFO] [1791223438.071796880] [robot_state_publisher]: got segment ir_intensity_front_center_left
[robot_state_publisher-1] [INFO] [1791223438.071805360] [robot_state_publisher]: got segment ir_intensity_front_center_right
[robot_state_publisher-1] [INFO] [1791223438.071813263] [robot_state_publisher]: got segment ir_intensity_front_left
[robot_state_publisher-1] [INFO] [1791223438.071821231] [robot_state_publisher]: got segment ir_intensity_front_right
[robot_state_publisher-1] [INFO] [1791223438.071829134] [robot_state_publisher]: got segment ir_intensity_left
[robot_state_publisher-1] [INFO] [1791223438.071837166] [robot_state_publisher]: got segment ir_intensity_right
[robot_state_publisher-1] [INFO] [1791223438.071845101] [robot_state_publisher]: got segment ir_intensity_side_left
[robot_state_publisher-1] [INFO] [1791223438.071853260] [robot_state_publisher]: got segment ir_omni
[robot_state_publisher-1] [INFO] [1791223438.071861356] [robot_state_publisher]: got segment left_wheel
[robot_state_publisher-1] [INFO] [1791223438.071869323] [robot_state_publisher]: got segment mouse
[robot_state_publisher-1] [INFO] [1791223438.071877323] [robot_state_publisher]: got segment oakd_camera_bracket
[robot_state_publisher-1] [INFO] [1791223438.071885482] [robot_state_publisher]: got segment oakd_imu_frame
[robot_state_publisher-1] [INFO] [1791223438.071893578] [robot_state_publisher]: got segment oakd_left_camera_frame
[robot_state_publisher-1] [INFO] [1791223438.071901641] [robot_state_publisher]: got segment oakd_left_camera_optical_frame
[robot_state_publisher-1] [INFO] [1791223438.071909449] [robot_state_publisher]: got segment oakd_link
[robot_state_publisher-1] [INFO] [1791223438.071917352] [robot_state_publisher]: got segment oakd_rgb_camera_frame
[robot_state_publisher-1] [INFO] [1791223438.071925512] [robot_state_publisher]: got segment oakd_rgb_camera_optical_frame
[robot_state_publisher-1] [INFO] [1791223438.071934311] [robot_state_publisher]: got segment oakd_right_camera_frame
[robot_state_publisher-1] [INFO] [1791223438.071942279] [robot_state_publisher]: got segment oakd_right_camera_optical_frame
[robot_state_publisher-1] [INFO] [1791223438.071950182] [robot_state_publisher]: got segment right_wheel
[robot_state_publisher-1] [INFO] [1791223438.071957958] [robot_state_publisher]: got segment rplidar_link
[robot_state_publisher-1] [INFO] [1791223438.071965541] [robot_state_publisher]: got segment wheel_drop_left
[robot_state_publisher-1] [INFO] [1791223438.071973285] [robot_state_publisher]: got segment wheel_drop_right
[pybullet_spawner-2] pybullet build time: Sep  2 2026 15:08:17
[pybullet_spawner-2] [INFO] [1791223438.785000564] [pybullet_spawner]: PyBulletSpawner __init__ started
[pybullet_spawner-2] [INFO] [1791223438.793099324] [pybullet_spawner]: Parameters declared
[pybullet_spawner-2] [INFO] [1791223438.809510430] [pybullet_spawner]: Created /robot_lab/ready publisher
[pybullet_spawner-2] [INFO] [1791223438.811928670] [pybullet_spawner]: Created /robot_lab/health publisher
[pybullet_spawner-2] [INFO] [1791223438.836319056] [pybullet_spawner]: Created /robot_lab/reset service
[rviz2-3] [INFO] [1791223439.008704577] [rviz2]: Stereo is NOT SUPPORTED
[rviz2-3] [INFO] [1791223439.008851480] [rviz2]: OpenGl version: 4.5 (GLSL 4.5)
[pybullet_spawner-2] [INFO] [1791223439.522080889] [pybullet_spawner]: URDF written to /workspace/molar/robot_lab_runtime/tmp/tmpdpdhj7db.urdf
[pybullet_spawner-2] [INFO] [1791223439.523220014] [pybullet_spawner]: PyBullet gui param=True (resolved=True), DISPLAY=:100 -> mode=GUI
[pybullet_spawner-2] [INFO] [1791223439.524163408] [pybullet_spawner]: Connecting to PyBullet...
[rviz2-3] [INFO] [1791223439.643978049] [rviz2]: Stereo is NOT SUPPORTED
[pybullet_spawner-2] [INFO] [1791223440.057602142] [pybullet_spawner]: PyBullet connected with client_id=0
[pybullet_spawner-2] [INFO] [1791223440.058192215] [pybullet_spawner]: PyBullet physics engine configured
[pybullet_spawner-2] startThreads creating 1 threads.
[pybullet_spawner-2] starting thread 0
[pybullet_spawner-2] started thread 0 
[pybullet_spawner-2] argc=2
[pybullet_spawner-2] argv[0] = --unused
[pybullet_spawner-2] argv[1] = --start_demo_name=Physics Server
[pybullet_spawner-2] ExampleBrowserThreadFunc started
[pybullet_spawner-2] X11 functions dynamically loaded using dlopen/dlsym OK!
[pybullet_spawner-2] X11 functions dynamically loaded using dlopen/dlsym OK!
[pybullet_spawner-2] Creating context
[pybullet_spawner-2] Created GL 3.3 context
[pybullet_spawner-2] Direct GLX rendering context obtained
[pybullet_spawner-2] Making context current
[pybullet_spawner-2] GL_VENDOR=Mesa
[pybullet_spawner-2] GL_RENDERER=llvmpipe (LLVM 15.0.7, 128 bits)
[pybullet_spawner-2] GL_VERSION=4.5 (Core Profile) Mesa 23.2.1-1ubuntu3.1~22.04.4
[pybullet_spawner-2] GL_SHADING_LANGUAGE_VERSION=4.50
[pybullet_spawner-2] pthread_getconcurrency()=0
[pybullet_spawner-2] Version = 4.5 (Core Profile) Mesa 23.2.1-1ubuntu3.1~22.04.4
[pybullet_spawner-2] Vendor = Mesa
[pybullet_spawner-2] Renderer = llvmpipe (LLVM 15.0.7, 128 bits)
[pybullet_spawner-2] b3Printf: Selected demo: Physics Server
[pybullet_spawner-2] startThreads creating 1 threads.
[pybullet_spawner-2] starting thread 0
[pybullet_spawner-2] started thread 0 
[pybullet_spawner-2] MotionThreadFunc thread started
[pybullet_spawner-2] ven = Mesa
[pybullet_spawner-2] ven = Mesa
[pybullet_spawner-2] [INFO] [1791223444.856895757] [pybullet_spawner]: SDF world 'dataset_room2.world': 25 static shape(s) created, 0 skipped
[pybullet_spawner-2] [INFO] [1791223448.556731291] [pybullet_spawner]: Loaded robot id=26 (38 joints)
[pybullet_spawner-2] [INFO] [1791223448.558759095] [pybullet_spawner]: Joint damping capped for stability on 2 joint(s): wheel_drop_left_joint, wheel_drop_right_joint
[pybullet_spawner-2] [INFO] [1791223448.561575583] [pybullet_spawner]: RGB-D camera on 'oakd_rgb_camera_frame': 320x240 at 5.0 Hz (software renderer)
[pybullet_spawner-2] b3Printf: b3Warning[examples/Importers/ImportURDFDemo/BulletUrdfImporter.cpp,126]:
[pybullet_spawner-2] 
[pybullet_spawner-2] b3Printf: No inertial data for link, using mass=1, localinertiadiagonal = 1,1,1, identity local inertial frame
[pybullet_spawner-2] b3Printf: b3Warning[examples/Importers/ImportURDFDemo/BulletUrdfImporter.cpp,126]:
[pybullet_spawner-2] 
[pybullet_spawner-2] b3Printf: bump_front_center
[pybullet_spawner-2] b3Printf: b3Warning[examples/Importers/ImportURDFDemo/BulletUrdfImporter.cpp,126]:
[pybullet_spawner-2] 
[pybullet_spawner-2] b3Printf: No inertial data for link, using mass=1, localinertiadiagonal = 1,1,1, identity local inertial frame
[pybullet_spawner-2] b3Printf: b3Warning[examples/Importers/ImportURDFDemo/BulletUrdfImporter.cpp,126]:
[pybullet_spawner-2] 
[pybullet_spawner-2] b3Printf: bump_front_left
[pybullet_spawner-2] b3Printf: b3Warning[examples/Importers/ImportURDFDemo/BulletUrdfImporter.cpp,126]:
[pybullet_spawner-2] 
[pybullet_spawner-2] b3Printf: No inertial data for link, using mass=1, localinertiadiagonal = 1,1,1, identity local inertial frame
[pybullet_spawner-2] b3Printf: b3Warning[examples/Importers/ImportURDFDemo/BulletUrdfImporter.cpp,126]:
[pybullet_spawner-2] 
[pybullet_spawner-2] b3Printf: bump_front_right
[pybullet_spawner-2] b3Printf: b3Warning[examples/Importers/ImportURDFDemo/BulletUrdfImporter.cpp,126]:
[pybullet_spawner-2] 
[pybullet_spawner-2] b3Printf: No inertial data for link, using mass=1, localinertiadiagonal = 1,1,1, identity local inertial frame
[pybullet_spawner-2] b3Printf: b3Warning[examples/Importers/ImportURDFDemo/BulletUrdfImporter.cpp,126]:
[pybullet_spawner-2] 
[pybullet_spawner-2] b3Printf: bump_left
[pybullet_spawner-2] b3Printf: b3Warning[examples/Importers/ImportURDFDemo/BulletUrdfImporter.cpp,126]:
[pybullet_spawner-2] 
[pybullet_spawner-2] b3Printf: No inertial data for link, using mass=1, localinertiadiagonal = 1,1,1, identity local inertial frame
[pybullet_spawner-2] b3Printf: b3Warning[examples/Importers/ImportURDFDemo/BulletUrdfImporter.cpp,126]:
[pybullet_spawner-2] 
[pybullet_spawner-2] b3Printf: bump_right
[pybullet_spawner-2] b3Printf: b3Warning[examples/Importers/ImportURDFDemo/BulletUrdfImporter.cpp,126]:
[pybullet_spawner-2] 
[pybullet_spawner-2] b3Printf: No inertial data for link, using mass=1, localinertiadiagonal = 1,1,1, identity local inertial frame
[pybullet_spawner-2] b3Printf: b3Warning[examples/Importers/ImportURDFDemo/BulletUrdfImporter.cpp,126]:
[pybullet_spawner-2] 
[pybullet_spawner-2] b3Printf: button_1
[pybullet_spawner-2] b3Printf: b3Warning[examples/Importers/ImportURDFDemo/BulletUrdfImporter.cpp,126]:
[pybullet_spawner-2] 
[pybullet_spawner-2] b3Printf: No inertial data for link, using mass=1, localinertiadiagonal = 1,1,1, identity local inertial frame
[pybullet_spawner-2] b3Printf: b3Warning[examples/Importers/ImportURDFDemo/BulletUrdfImporter.cpp,126]:
[pybullet_spawner-2] 
[pybullet_spawner-2] b3Printf: button_2
[pybullet_spawner-2] b3Printf: b3Warning[examples/Importers/ImportURDFDemo/BulletUrdfImporter.cpp,126]:
[pybullet_spawner-2] 
[pybullet_spawner-2] b3Printf: No inertial data for link, using mass=1, localinertiadiagonal = 1,1,1, identity local inertial frame
[pybullet_spawner-2] b3Printf: b3Warning[examples/Importers/ImportURDFDemo/BulletUrdfImporter.cpp,126]:
[pybullet_spawner-2] 
[pybullet_spawner-2] b3Printf: button_power
[pybullet_spawner-2] b3Printf: b3Warning[examples/Importers/ImportURDFDemo/BulletUrdfImporter.cpp,126]:
[pybullet_spawner-2] 
[pybullet_spawner-2] b3Printf: No inertial data for link, using mass=1, localinertiadiagonal = 1,1,1, identity local inertial frame
[pybullet_spawner-2] b3Printf: b3Warning[examples/Importers/ImportURDFDemo/BulletUrdfImporter.cpp,126]:
[pybullet_spawner-2] 
[pybullet_spawner-2] b3Printf: bump_front_center
[pybullet_spawner-2] b3Printf: b3Warning[examples/Importers/ImportURDFDemo/BulletUrdfImporter.cpp,126]:
[pybullet_spawner-2] 
[pybullet_spawner-2] b3Printf: No inertial data for link, using mass=1, localinertiadiagonal = 1,1,1, identity local inertial frame
[pybullet_spawner-2] b3Printf: b3Warning[examples/Importers/ImportURDFDemo/BulletUrdfImporter.cpp,126]:
[pybullet_spawner-2] 
[pybullet_spawner-2] b3Printf: bump_front_left
[pybullet_spawner-2] b3Printf: b3Warning[examples/Importers/ImportURDFDemo/BulletUrdfImporter.cpp,126]:
[pybullet_spawner-2] 
[pybullet_spawner-2] b3Printf: No inertial data for link, using mass=1, localinertiadiagonal = 1,1,1, identity local inertial frame
[pybullet_spawner-2] b3Printf: b3Warning[examples/Importers/ImportURDFDemo/BulletUrdfImporter.cpp,126]:
[pybullet_spawner-2] 
[pybullet_spawner-2] b3Printf: bump_front_right
[pybullet_spawner-2] b3Printf: b3Warning[examples/Importers/ImportURDFDemo/BulletUrdfImporter.cpp,126]:
[pybullet_spawner-2] 
[pybullet_spawner-2] b3Printf: No inertial data for link, using mass=1, localinertiadiagonal = 1,1,1, identity local inertial frame
[pybullet_spawner-2] b3Printf: b3Warning[examples/Importers/ImportURDFDemo/BulletUrdfImporter.cpp,126]:
[pybullet_spawner-2] 
[pybullet_spawner-2] b3Printf: bump_left
[pybullet_spawner-2] b3Printf: b3Warning[examples/Importers/ImportURDFDemo/BulletUrdfImporter.cpp,126]:
[pybullet_spawner-2] 
[pybullet_spawner-2] b3Printf: No inertial data for link, using mass=1, localinertiadiagonal = 1,1,1, identity local inertial frame
[pybullet_spawner-2] b3Printf: b3Warning[examples/Importers/ImportURDFDemo/BulletUrdfImporter.cpp,126]:
[pybullet_spawner-2] 
[pybullet_spawner-2] b3Printf: bump_right
[pybullet_spawner-2] b3Printf: b3Warning[examples/Importers/ImportURDFDemo/BulletUrdfImporter.cpp,126]:
[pybullet_spawner-2] 
[pybullet_spawner-2] [INFO] [1791223448.649483665] [pybullet_spawner]: SDF world 'dataset_room2.world': 25 static shape(s) created, 0 skipped
[pybullet_spawner-2] [INFO] [1791223448.651503405] [pybullet_spawner]: Display hold active (hold_position=auto): 4 joint(s) held at spawn pose by position motors
[pybullet_spawner-2] [INFO] [1791223448.652136739] [pybullet_spawner]: Joints: ['wheel_drop_left_joint', 'left_wheel_joint', 'wheel_drop_right_joint', 'right_wheel_joint']  lw=wheel_left_joint rw=wheel_right_joint
[pybullet_spawner-2] b3Printf: No inertial data for link, using mass=1, localinertiadiagonal = 1,1,1, identity local inertial frame
[pybullet_spawner-2] b3Printf: b3Warning[examples/Importers/ImportURDFDemo/BulletUrdfImporter.cpp,126]:
[pybullet_spawner-2] 
[pybullet_spawner-2] b3Printf: button_1
[pybullet_spawner-2] b3Printf: b3Warning[examples/Importers/ImportURDFDemo/BulletUrdfImporter.cpp,126]:
[pybullet_spawner-2] 
[pybullet_spawner-2] b3Printf: No inertial data for link, using mass=1, localinertiadiagonal = 1,1,1, identity local inertial frame
[pybullet_spawner-2] b3Printf: b3Warning[examples/Importers/ImportURDFDemo/BulletUrdfImporter.cpp,126]:
[pybullet_spawner-2] 
[pybullet_spawner-2] b3Printf: button_2
[pybullet_spawner-2] b3Printf: b3Warning[examples/Importers/ImportURDFDemo/BulletUrdfImporter.cpp,126]:
[pybullet_spawner-2] 
[pybullet_spawner-2] b3Printf: No inertial data for link, using mass=1, localinertiadiagonal = 1,1,1, identity local inertial frame
[pybullet_spawner-2] b3Printf: b3Warning[examples/Importers/ImportURDFDemo/BulletUrdfImporter.cpp,126]:
[pybullet_spawner-2] 
[pybullet_spawner-2] b3Printf: button_power
[pybullet_spawner-2] [INFO] [1791223448.781459396] [pybullet_spawner]: PyBullet spawner running
[WARNING] [launch]: user interrupted with ctrl-c (SIGINT)
[INFO] [rviz2-3]: sending signal 'SIGINT' to process[rviz2-3]
[INFO] [pybullet_spawner-2]: sending signal 'SIGINT' to process[pybullet_spawner-2]
[INFO] [robot_state_publisher-1]: sending signal 'SIGINT' to process[robot_state_publisher-1]
[rviz2-3] [INFO] [1791223453.124246807] [rclcpp]: signal_handler(SIGINT/SIGTERM)
[robot_state_publisher-1] [INFO] [1791223453.124246071] [rclcpp]: signal_handler(SIGINT/SIGTERM)
[rviz2-3] [INFO] [1791223453.127667737] [rclcpp]: signal_handler(SIGINT/SIGTERM)
[robot_state_publisher-1] [INFO] [1791223453.130986529] [rclcpp]: signal_handler(SIGINT/SIGTERM)
[INFO] [robot_state_publisher-1]: process has finished cleanly [pid 281873]
[INFO] [rviz2-3]: process has finished cleanly [pid 281877]
[pybullet_spawner-2] numActiveThreads = 0
[pybullet_spawner-2] stopping threads
[pybullet_spawner-2] Thread with taskId 0 exiting
[pybullet_spawner-2] Thread TERMINATED
[pybullet_spawner-2] destroy semaphore
[pybullet_spawner-2] semaphore destroyed
[pybullet_spawner-2] destroy main semaphore
[pybullet_spawner-2] main semaphore destroyed
[pybullet_spawner-2] finished
[pybullet_spawner-2] numActiveThreads = 0
[pybullet_spawner-2] btShutDownExampleBrowser stopping threads
[pybullet_spawner-2] Thread with taskId 0 exiting
[pybullet_spawner-2] Thread TERMINATED
[pybullet_spawner-2] destroy semaphore
[pybullet_spawner-2] semaphore destroyed
[pybullet_spawner-2] destroy main semaphore
[pybullet_spawner-2] main semaphore destroyed
[INFO] [pybullet_spawner-2]: process has finished cleanly [pid 281875]

[launch exited with code 0]

