$ ros2 launch robot_lab_bringup simulated_robot.launch.py robot_model:=asset_turtlebot4_standard simulator:=isaac use_sim_time:=true map_name:=nav_empty world_package:=robot_lab_maps world_name:=nav_empty world_path:=maps/nav_empty/worlds/nav_empty.world map_yaml:=maps/nav_empty/maps/map.yaml mode:=display gui:=false perception:=none
[INFO] [launch]: All log files can be found below /workspace/molar/robot_lab_runtime/ros/log/2026-10-05-21-13-58-935791-molar1-292798
[INFO] [launch]: Default logging verbosity is set to INFO
[INFO] [twist_mux-1]: process started with pid [292815]
[INFO] [robot_state_publisher-2]: process started with pid [292817]
[INFO] [isaac_spawner-3]: process started with pid [292819]
[INFO] [sensor_bridge-4]: process started with pid [292821]
[INFO] [rviz2-5]: process started with pid [292823]
[twist_mux-1] [INFO] [1791227639.984925306] [twist_mux]: Topic handler 'topics.joystick' subscribed to topic 'joy_vel': timeout = 0.500000s , priority = 99.
[twist_mux-1] [INFO] [1791227639.985915930] [twist_mux]: Topic handler 'topics.keyboard' subscribed to topic 'key_vel': timeout = 0.500000s , priority = 90.
[twist_mux-1] [INFO] [1791227639.986885050] [twist_mux]: Topic handler 'topics.navigation' subscribed to topic 'cmd_vel': timeout = 0.500000s , priority = 80.
[robot_state_publisher-2] [WARN] [1791227639.994919192] [kdl_parser]: The root link base_link has an inertia specified in the URDF, but KDL does not support a root link with an inertia.  As a workaround, you can add an extra dummy link to your URDF.
[robot_state_publisher-2] [INFO] [1791227639.995976632] [robot_state_publisher]: got segment base_link
[robot_state_publisher-2] [INFO] [1791227639.996059064] [robot_state_publisher]: got segment bump_front_center
[robot_state_publisher-2] [INFO] [1791227639.996074552] [robot_state_publisher]: got segment bump_front_left
[robot_state_publisher-2] [INFO] [1791227639.996083576] [robot_state_publisher]: got segment bump_front_right
[robot_state_publisher-2] [INFO] [1791227639.996111352] [robot_state_publisher]: got segment bump_left
[robot_state_publisher-2] [INFO] [1791227639.996125016] [robot_state_publisher]: got segment bump_right
[robot_state_publisher-2] [INFO] [1791227639.996133496] [robot_state_publisher]: got segment bumper
[robot_state_publisher-2] [INFO] [1791227639.996141304] [robot_state_publisher]: got segment button_1
[robot_state_publisher-2] [INFO] [1791227639.996148696] [robot_state_publisher]: got segment button_2
[robot_state_publisher-2] [INFO] [1791227639.996155736] [robot_state_publisher]: got segment button_power
[robot_state_publisher-2] [INFO] [1791227639.996163320] [robot_state_publisher]: got segment cliff_front_left
[robot_state_publisher-2] [INFO] [1791227639.996170264] [robot_state_publisher]: got segment cliff_front_right
[robot_state_publisher-2] [INFO] [1791227639.996177048] [robot_state_publisher]: got segment cliff_side_left
[robot_state_publisher-2] [INFO] [1791227639.996183928] [robot_state_publisher]: got segment cliff_side_right
[robot_state_publisher-2] [INFO] [1791227639.996190968] [robot_state_publisher]: got segment front_caster_link
[robot_state_publisher-2] [INFO] [1791227639.996197848] [robot_state_publisher]: got segment front_left_bottom_weight_block
[robot_state_publisher-2] [INFO] [1791227639.996205496] [robot_state_publisher]: got segment front_left_top_weight_block
[robot_state_publisher-2] [INFO] [1791227639.996212632] [robot_state_publisher]: got segment front_left_tower_standoff
[robot_state_publisher-2] [INFO] [1791227639.996219640] [robot_state_publisher]: got segment front_right_bottom_weight_block
[robot_state_publisher-2] [INFO] [1791227639.996226904] [robot_state_publisher]: got segment front_right_top_weight_block
[robot_state_publisher-2] [INFO] [1791227639.996233976] [robot_state_publisher]: got segment front_right_tower_standoff
[robot_state_publisher-2] [INFO] [1791227639.996241048] [robot_state_publisher]: got segment imu_link
[robot_state_publisher-2] [INFO] [1791227639.996248216] [robot_state_publisher]: got segment ir_intensity_front_center_left
[robot_state_publisher-2] [INFO] [1791227639.996255160] [robot_state_publisher]: got segment ir_intensity_front_center_right
[robot_state_publisher-2] [INFO] [1791227639.996262296] [robot_state_publisher]: got segment ir_intensity_front_left
[robot_state_publisher-2] [INFO] [1791227639.996269272] [robot_state_publisher]: got segment ir_intensity_front_right
[robot_state_publisher-2] [INFO] [1791227639.996276408] [robot_state_publisher]: got segment ir_intensity_left
[robot_state_publisher-2] [INFO] [1791227639.996283448] [robot_state_publisher]: got segment ir_intensity_right
[robot_state_publisher-2] [INFO] [1791227639.996290680] [robot_state_publisher]: got segment ir_intensity_side_left
[robot_state_publisher-2] [INFO] [1791227639.996297624] [robot_state_publisher]: got segment ir_omni
[robot_state_publisher-2] [INFO] [1791227639.996304696] [robot_state_publisher]: got segment left_wheel
[robot_state_publisher-2] [INFO] [1791227639.996311608] [robot_state_publisher]: got segment mouse
[robot_state_publisher-2] [INFO] [1791227639.996319128] [robot_state_publisher]: got segment oakd_camera_bracket
[robot_state_publisher-2] [INFO] [1791227639.996327832] [robot_state_publisher]: got segment oakd_imu_frame
[robot_state_publisher-2] [INFO] [1791227639.996335064] [robot_state_publisher]: got segment oakd_left_camera_frame
[robot_state_publisher-2] [INFO] [1791227639.996342200] [robot_state_publisher]: got segment oakd_left_camera_optical_frame
[robot_state_publisher-2] [INFO] [1791227639.996349304] [robot_state_publisher]: got segment oakd_link
[robot_state_publisher-2] [INFO] [1791227639.996356152] [robot_state_publisher]: got segment oakd_rgb_camera_frame
[robot_state_publisher-2] [INFO] [1791227639.996363384] [robot_state_publisher]: got segment oakd_rgb_camera_optical_frame
[robot_state_publisher-2] [INFO] [1791227639.996370552] [robot_state_publisher]: got segment oakd_right_camera_frame
[robot_state_publisher-2] [INFO] [1791227639.996377848] [robot_state_publisher]: got segment oakd_right_camera_optical_frame
[robot_state_publisher-2] [INFO] [1791227639.996384824] [robot_state_publisher]: got segment rear_left_tower_standoff
[robot_state_publisher-2] [INFO] [1791227639.996391704] [robot_state_publisher]: got segment rear_right_tower_standoff
[robot_state_publisher-2] [INFO] [1791227639.996398680] [robot_state_publisher]: got segment right_wheel
[robot_state_publisher-2] [INFO] [1791227639.996405944] [robot_state_publisher]: got segment rplidar_link
[robot_state_publisher-2] [INFO] [1791227639.996483768] [robot_state_publisher]: got segment shell_link
[robot_state_publisher-2] [INFO] [1791227639.996495640] [robot_state_publisher]: got segment tower_sensor_plate
[robot_state_publisher-2] [INFO] [1791227639.996503480] [robot_state_publisher]: got segment wheel_drop_left
[robot_state_publisher-2] [INFO] [1791227639.996511000] [robot_state_publisher]: got segment wheel_drop_right
[sensor_bridge-4] [WARN] [1791227640.389665755] [isaac_sensor_bridge]: Isaac Sim Python API not available. Sensor bridge running in offline mode.
[rviz2-5] [INFO] [1791227640.925963356] [rviz2]: Stereo is NOT SUPPORTED
[rviz2-5] [INFO] [1791227640.926108124] [rviz2]: OpenGl version: 4.5 (GLSL 4.5)
[isaac_spawner-3] [INFO] [1791227641.433382897] [isaac_spawner]: URDF written to /workspace/molar/robot_lab_runtime/tmp/tmpi3q5hl90.urdf
[isaac_spawner-3] [WARN] [1791227641.443205198] [isaac_spawner]: Robot has no 'laser_link' link; /scan originates 0.12 m above the base, as in the PyBullet and MuJoCo bridges.
[isaac_spawner-3] [INFO] [1791227641.455447563] [isaac_spawner]: World 'nav_empty.world': 9 static shape(s) for Isaac, 0 skipped
[isaac_spawner-3] [INFO] [1791227641.458177226] [isaac_spawner]: Launching Isaac runtime: /workspace/molar/installs/IsaacSim-6.0.1/_build/linux-aarch64/release/python.sh /workspace/molar/ros_ws/bumperbot_ws/install/robot_lab_isaac/lib/python3.10/site-packages/robot_lab_isaac/isaac_runtime.py (gui=False)
[isaac_spawner-3] [INFO] [1791227641.459218282] [isaac_spawner]: Isaac runtime LD_PRELOAD: /workspace/molar/installs/IsaacSim-6.0.1/_build/linux-aarch64/release/extsDeprecated/omni.isaac.ml_archive/pip_prebundle/nvidia/nvjitlink/lib/libnvJitLink.so.12 /lib/aarch64-linux-gnu/libgomp.so.1
[rviz2-5] [INFO] [1791227641.549876016] [rviz2]: Stereo is NOT SUPPORTED
[isaac_spawner-3] [INFO] [1791227659.409508519] [isaac_spawner]: Isaac runtime: Config received: world_path='/workspace/molar/ros_ws/bumperbot_ws/install/robot_lab_maps/share/robot_lab_maps/maps/nav_empty/worlds/nav_empty.world' world_stage=''
[isaac_spawner-3] [INFO] [1791227659.906100905] [isaac_spawner]: Isaac runtime: World shapes created: 9 box
[isaac_spawner-3] [INFO] [1791227660.080414023] [isaac_spawner]: Isaac runtime: Default lighting added: ['/World/robot_lab_lights/dome', '/World/robot_lab_lights/sun']
[isaac_spawner-3] [INFO] [1791227663.428464046] [isaac_spawner]: Isaac runtime: Wheel velocity drives: ['/World/Physics/left_wheel_joint', '/World/Physics/right_wheel_joint']
[isaac_spawner-3] [INFO] [1791227664.678700190] [isaac_spawner]: Isaac runtime: Initial articulation pose (array([-0.5, -0.5,  0.1], dtype=float32), array([1., 0., 0., 0.], dtype=float32)); root body base_link; URDF offset [[0.0, 0.0, 0.0], [1.0, 0.0, 0.0, 0.0]]
[isaac_spawner-3] [INFO] [1791227664.682212442] [isaac_spawner]: Isaac runtime ready (dofs=['wheel_drop_left_joint', 'wheel_drop_right_joint', 'left_wheel_joint', 'right_wheel_joint'])
[isaac_spawner-3] [INFO] [1791227664.682983129] [isaac_spawner]: Isaac runtime: Scan: 360 rays every 12 steps from offset [0.0, 0.0, 0.12] of 'base_link' (root body 'base_link'); 41 robot bodies ignored
[isaac_spawner-3] [INFO] [1791227664.811688688] [isaac_spawner]: Isaac runtime: RGB-D camera /World/Geometry/base_link/shell_link/oakd_camera_bracket/oakd_link/oakd_rgb_camera_frame/robot_lab_rgbd: 320x240 every 12 steps
[WARNING] [launch]: user interrupted with ctrl-c (SIGINT)
[INFO] [rviz2-5]: sending signal 'SIGINT' to process[rviz2-5]
[INFO] [sensor_bridge-4]: sending signal 'SIGINT' to process[sensor_bridge-4]
[INFO] [isaac_spawner-3]: sending signal 'SIGINT' to process[isaac_spawner-3]
[INFO] [robot_state_publisher-2]: sending signal 'SIGINT' to process[robot_state_publisher-2]
[INFO] [twist_mux-1]: sending signal 'SIGINT' to process[twist_mux-1]
[rviz2-5] [INFO] [1791227850.540922029] [rclcpp]: signal_handler(SIGINT/SIGTERM)
[twist_mux-1] [INFO] [1791227850.540931437] [rclcpp]: signal_handler(SIGINT/SIGTERM)
[robot_state_publisher-2] [INFO] [1791227850.540932077] [rclcpp]: signal_handler(SIGINT/SIGTERM)
[rviz2-5] [INFO] [1791227850.545799334] [rclcpp]: signal_handler(SIGINT/SIGTERM)
[sensor_bridge-4] Traceback (most recent call last):
[sensor_bridge-4]   File "/workspace/molar/ros_ws/bumperbot_ws/install/robot_lab_isaac/lib/robot_lab_isaac/sensor_bridge", line 33, in <module>
[sensor_bridge-4]     sys.exit(load_entry_point('robot_lab_isaac==0.1.0', 'console_scripts', 'sensor_bridge')())
[sensor_bridge-4]   File "/workspace/molar/ros_ws/bumperbot_ws/install/robot_lab_isaac/lib/python3.10/site-packages/robot_lab_isaac/sensor_bridge.py", line 39, in main
[sensor_bridge-4]     node.destroy_node()
[sensor_bridge-4]   File "/opt/ros/humble/local/lib/python3.10/dist-packages/rclpy/node.py", line 1691, in destroy_node
[sensor_bridge-4]     self.destroy_service(self._services[0])
[sensor_bridge-4]   File "/opt/ros/humble/local/lib/python3.10/dist-packages/rclpy/node.py", line 1615, in destroy_service
[sensor_bridge-4]     service.destroy()
[sensor_bridge-4]   File "/opt/ros/humble/local/lib/python3.10/dist-packages/rclpy/service.py", line 93, in destroy
[sensor_bridge-4]     self.__service.destroy_when_not_in_use()
[sensor_bridge-4] KeyboardInterrupt
[isaac_spawner-3] Traceback (most recent call last):
[robot_state_publisher-2] [INFO] [1791227850.558437951] [rclcpp]: signal_handler(SIGINT/SIGTERM)
[isaac_spawner-3]   File "/workspace/molar/ros_ws/bumperbot_ws/install/robot_lab_isaac/lib/robot_lab_isaac/isaac_spawner", line 33, in <module>
[ERROR] [twist_mux-1]: process has died [pid 292815, exit code -2, cmd '/opt/ros/humble/lib/twist_mux/twist_mux --ros-args --params-file /workspace/molar/ros_ws/bumperbot_ws/install/robot_lab_controller/share/robot_lab_controller/config/twist_mux_topics.yaml --params-file /workspace/molar/robot_lab_runtime/tmp/launch_params_k35yvjdl -r cmd_vel_out:=/robot_lab_controller/cmd_vel_unstamped'].
[isaac_spawner-3]     sys.exit(load_entry_point('robot_lab_isaac==0.1.0', 'console_scripts', 'isaac_spawner')())
[isaac_spawner-3]   File "/workspace/molar/ros_ws/bumperbot_ws/install/robot_lab_isaac/lib/python3.10/site-packages/robot_lab_isaac/isaac_spawner.py", line 990, in main
[isaac_spawner-3]     node.shutdown()
[isaac_spawner-3]   File "/workspace/molar/ros_ws/bumperbot_ws/install/robot_lab_isaac/lib/python3.10/site-packages/robot_lab_isaac/isaac_spawner.py", line 957, in shutdown
[isaac_spawner-3]     outcome = _terminate_runtime(proc)
[isaac_spawner-3]   File "/workspace/molar/ros_ws/bumperbot_ws/install/robot_lab_isaac/lib/python3.10/site-packages/robot_lab_isaac/isaac_spawner.py", line 187, in _terminate_runtime
[isaac_spawner-3]     proc.stdin.close()
[isaac_spawner-3] KeyboardInterrupt
[ERROR] [isaac_spawner-3]: process has died [pid 292819, exit code -2, cmd '/workspace/molar/ros_ws/bumperbot_ws/install/robot_lab_isaac/lib/robot_lab_isaac/isaac_spawner --ros-args -r __node:=isaac_spawner --params-file /workspace/molar/robot_lab_runtime/tmp/launch_params_xfffnapi'].
[INFO] [robot_state_publisher-2]: process has finished cleanly [pid 292817]
[ERROR] [sensor_bridge-4]: process has died [pid 292821, exit code -2, cmd '/workspace/molar/ros_ws/bumperbot_ws/install/robot_lab_isaac/lib/robot_lab_isaac/sensor_bridge --ros-args -r __node:=isaac_sensor_bridge --params-file /workspace/molar/robot_lab_runtime/tmp/launch_params_4x6pgej4'].
[INFO] [rviz2-5]: process has finished cleanly [pid 292823]

[launch exited with code 0]

