[INFO] [launch]: All log files can be found below /home/molar1/.ros/log/2026-09-28-13-45-31-827636-molar1-218324
[INFO] [launch]: Default logging verbosity is set to INFO
[robot_lab] algorithm localization=amcl -> global_localization stack
[robot_lab] algorithm state_estimation=ekf_localization_node -> local_localization stack
[robot_lab] algorithm sensor_fusion=wheel_imu_fusion -> node robot_lab_algorithms/wheel_imu_fusion
[INFO] [go2-stance-gait-controller-1]: process started with pid [218365]
[INFO] [robot_state_publisher-2]: process started with pid [218367]
[INFO] [mujoco_spawner-3]: process started with pid [218369]
[INFO] [joy_teleop-4]: process started with pid [218371]
[INFO] [joy_node-5]: process started with pid [218373]
[INFO] [twist_mux-6]: process started with pid [218375]
[INFO] [twist_marker-7]: process started with pid [218377]
[INFO] [joystick_relay.py-8]: process started with pid [218379]
[INFO] [twist_relay-9]: process started with pid [218381]
[INFO] [simulator_ready_gate-10]: process started with pid [218383]
[twist_mux-6] [INFO] [1790595932.721837475] [twist_mux]: Topic handler 'topics.joystick' subscribed to topic 'joy_vel': timeout = 0.500000s , priority = 99.
[twist_mux-6] [INFO] [1790595932.722900875] [twist_mux]: Topic handler 'topics.keyboard' subscribed to topic 'key_vel': timeout = 0.500000s , priority = 90.
[twist_mux-6] [INFO] [1790595932.723134591] [twist_mux]: Topic handler 'topics.navigation' subscribed to topic 'cmd_vel': timeout = 0.500000s , priority = 80.
[twist_mux-6] [INFO] [1790595932.723407825] [twist_mux]: Topic handler 'locks.safety_stop' subscribed to topic 'safety_stop': timeout = None , priority = 255.
[robot_state_publisher-2] [INFO] [1790595932.743097672] [robot_state_publisher]: got segment FL_calf
[robot_state_publisher-2] [INFO] [1790595932.744472384] [robot_state_publisher]: got segment FL_calf_rotor
[robot_state_publisher-2] [INFO] [1790595932.745267766] [robot_state_publisher]: got segment FL_foot
[robot_state_publisher-2] [INFO] [1790595932.745836440] [robot_state_publisher]: got segment FL_hip
[robot_state_publisher-2] [INFO] [1790595932.746354461] [robot_state_publisher]: got segment FL_hip_rotor
[robot_state_publisher-2] [INFO] [1790595932.746823524] [robot_state_publisher]: got segment FL_thigh
[robot_state_publisher-2] [INFO] [1790595932.747258766] [robot_state_publisher]: got segment FL_thigh_rotor
[robot_state_publisher-2] [INFO] [1790595932.747690903] [robot_state_publisher]: got segment FR_calf
[robot_state_publisher-2] [INFO] [1790595932.748117697] [robot_state_publisher]: got segment FR_calf_rotor
[robot_state_publisher-2] [INFO] [1790595932.748550378] [robot_state_publisher]: got segment FR_foot
[robot_state_publisher-2] [INFO] [1790595932.748999090] [robot_state_publisher]: got segment FR_hip
[robot_state_publisher-2] [INFO] [1790595932.749491225] [robot_state_publisher]: got segment FR_hip_rotor
[robot_state_publisher-2] [INFO] [1790595932.750015069] [robot_state_publisher]: got segment FR_thigh
[robot_state_publisher-2] [INFO] [1790595932.750543713] [robot_state_publisher]: got segment FR_thigh_rotor
[robot_state_publisher-2] [INFO] [1790595932.751050695] [robot_state_publisher]: got segment RL_calf
[robot_state_publisher-2] [INFO] [1790595932.751530798] [robot_state_publisher]: got segment RL_calf_rotor
[robot_state_publisher-2] [INFO] [1790595932.752049010] [robot_state_publisher]: got segment RL_foot
[robot_state_publisher-2] [INFO] [1790595932.752511226] [robot_state_publisher]: got segment RL_hip
[robot_state_publisher-2] [INFO] [1790595932.752951235] [robot_state_publisher]: got segment RL_hip_rotor
[robot_state_publisher-2] [INFO] [1790595932.753379341] [robot_state_publisher]: got segment RL_thigh
[robot_state_publisher-2] [INFO] [1790595932.753802646] [robot_state_publisher]: got segment RL_thigh_rotor
[robot_state_publisher-2] [INFO] [1790595932.754250303] [robot_state_publisher]: got segment RR_calf
[robot_state_publisher-2] [INFO] [1790595932.754693192] [robot_state_publisher]: got segment RR_calf_rotor
[robot_state_publisher-2] [INFO] [1790595932.754720294] [robot_state_publisher]: got segment RR_foot
[robot_state_publisher-2] [INFO] [1790595932.754732550] [robot_state_publisher]: got segment RR_hip
[robot_state_publisher-2] [INFO] [1790595932.754742373] [robot_state_publisher]: got segment RR_hip_rotor
[robot_state_publisher-2] [INFO] [1790595932.754750149] [robot_state_publisher]: got segment RR_thigh
[robot_state_publisher-2] [INFO] [1790595932.754758820] [robot_state_publisher]: got segment RR_thigh_rotor
[robot_state_publisher-2] [INFO] [1790595932.754766692] [robot_state_publisher]: got segment base
[robot_state_publisher-2] [INFO] [1790595932.754774211] [robot_state_publisher]: got segment front_camera
[robot_state_publisher-2] [INFO] [1790595932.754781507] [robot_state_publisher]: got segment imu_link
[robot_state_publisher-2] [INFO] [1790595932.754790627] [robot_state_publisher]: got segment trunk
[go2-stance-gait-controller-1] [0;93m2026-09-28 13:45:33.446868654 [W:onnxruntime:Default, device_discovery.cc:164 DiscoverDevicesForPlatform] GPU device discovery failed: device_discovery.cc:89 ReadFileContents Failed to open file: "/sys/class/drm/card1/device/vendor"[m
[go2-stance-gait-controller-1] [INFO] [1790595933.507861362] [go2_stance_gait_controller]: Go2 closed-loop stance: 12 effort joints at 250.0 Hz; controller ONNX velocity policy
[mujoco_spawner-3] [INFO] [1790595934.752432227] [mujoco_spawner]: MuJoCo: 18 collision proxy geom(s) moved to group 3 (viewer Rendering tab to show them).
[mujoco_spawner-3] [INFO] [1790595934.800558636] [mujoco_spawner]: MuJoCo URDF import OK (all meshes staged).
[mujoco_spawner-3] [WARN] [1790595934.811678822] [mujoco_spawner]: MuJoCo effort plant: no MJCF beside /home/molar1/bumperbot_ws/install/robot_lab_robots/share/robot_lab_robots/unitree/go2_description/xacro/go2_sim.xacro names every effort joint; keeping the URDF <dynamics> (damping=5.0 is a Gazebo stabiliser the robot does not have).
[mujoco_spawner-3] [INFO] [1790595934.858002446] [mujoco_spawner]: MuJoCo physics timestep: 0.0010 s
[mujoco_spawner-3] [INFO] [1790595934.859726996] [mujoco_spawner]: Robot has no 'oakd_rgb_camera_frame' link; no RGB-D camera is published.
[mujoco_spawner-3] [INFO] [1790595934.860669922] [mujoco_spawner]: Joints: ['FR_hip_joint', 'FR_thigh_joint', 'FR_calf_joint', 'FL_hip_joint', 'FL_thigh_joint', 'FL_calf_joint', 'RR_hip_joint', 'RR_thigh_joint', 'RR_calf_joint', 'RL_hip_joint', 'RL_thigh_joint', 'RL_calf_joint']   lw= rw=
[mujoco_spawner-3] [INFO] [1790595934.863558955] [mujoco_spawner]: MuJoCo effort joint armature: 0.0100 kg m^2
[mujoco_spawner-3] [INFO] [1790595934.865633151] [mujoco_spawner]: Joint effort input: /go2_group_effort_controller/commands (12 joints, URDF limits)
[mujoco_spawner-3] [INFO] [1790595934.867726065] [mujoco_spawner]: Spawn ground clearance: raised root by 0.1690 m
[mujoco_spawner-3] [INFO] [1790595934.868697854] [mujoco_spawner]: MuJoCo model loaded: 14 bodies, 13 joints
[mujoco_spawner-3] [INFO] [1790595934.869287071] [mujoco_spawner]: MuJoCo gui param=False (resolved=False), DISPLAY=:1 -> mode=DIRECT
[mujoco_spawner-3] [INFO] [1790595934.869840450] [mujoco_spawner]: MuJoCo running headless (gui=False, viewer=True).
[mujoco_spawner-3] [INFO] [1790595934.875455164] [mujoco_spawner]: MuJoCo spawner running.
[go2-stance-gait-controller-1] [WARN] [1790595934.876316367] [go2_stance_gait_controller]: Go2 safety safe_stop: tilt 1.40 rad exceeds fall threshold
[go2-stance-gait-controller-1] [INFO] [1790595934.877157411] [go2_stance_gait_controller]: Go2 recovery idle
[go2-stance-gait-controller-1] [INFO] [1790595935.017951259] [go2_stance_gait_controller]: Go2 recovery attempting:tuck
[INFO] [simulator_ready_gate-10]: process has finished cleanly [pid 218383]
[INFO] [amcl-12]: process started with pid [218672]
[INFO] [map_server-11]: process started with pid [218670]
[INFO] [lifecycle_manager-13]: process started with pid [218674]
[INFO] [ekf_node-14]: process started with pid [218676]
[INFO] [imu_republisher.py-15]: process started with pid [218678]
[INFO] [wheel_imu_fusion-16]: process started with pid [218686]
[lifecycle_manager-13] [INFO] [1790595935.313316074] [lifecycle_manager_localization]: Creating
[lifecycle_manager-13] [INFO] [1790595935.318610165] [lifecycle_manager_localization]: [34m[1mCreating and initializing lifecycle service clients[0m[0m
[amcl-12] [0m[INFO] [1790595935.320688873] [amcl]: 
[amcl-12] 	amcl lifecycle node launched. 
[amcl-12] 	Waiting on external lifecycle transitions to activate
[amcl-12] 	See https://design.ros2.org/articles/node_lifecycle.html for more information.[0m
[amcl-12] [0m[INFO] [1790595935.322559559] [amcl]: Creating[0m
[map_server-11] [INFO] [1790595935.341531847] [map_server]: 
[map_server-11] 	map_server lifecycle node launched. 
[map_server-11] 	Waiting on external lifecycle transitions to activate
[map_server-11] 	See https://design.ros2.org/articles/node_lifecycle.html for more information.
[map_server-11] [INFO] [1790595935.343612442] [map_server]: Creating
[go2-stance-gait-controller-1] [INFO] [1790595935.421359258] [go2_stance_gait_controller]: Go2 recovery attempting:roll
[lifecycle_manager-13] [INFO] [1790595935.522178179] [lifecycle_manager_localization]: [34m[1mStarting managed nodes bringup...[0m[0m
[lifecycle_manager-13] [INFO] [1790595935.524367185] [lifecycle_manager_localization]: [34m[1mConfiguring map_server[0m[0m
[map_server-11] [INFO] [1790595935.527981812] [map_server]: Configuring
[map_server-11] [INFO] [1790595935.528123500] [map_io]: Loading yaml file: /home/molar1/bumperbot_ws/install/robot_lab_maps/share/robot_lab_maps/maps/nav_empty/maps/map.yaml
[map_server-11] [INFO] [1790595935.528573621] [map_io]: resolution: 0.05
[map_server-11] [INFO] [1790595935.528596403] [map_io]: origin[0]: -7
[map_server-11] [INFO] [1790595935.528601843] [map_io]: origin[1]: -7
[map_server-11] [INFO] [1790595935.528606419] [map_io]: origin[2]: 0
[map_server-11] [INFO] [1790595935.528611123] [map_io]: free_thresh: 0.196
[map_server-11] [INFO] [1790595935.528615794] [map_io]: occupied_thresh: 0.65
[map_server-11] [INFO] [1790595935.528621458] [map_io]: mode: trinary
[map_server-11] [INFO] [1790595935.528628178] [map_io]: negate: 0
[map_server-11] [INFO] [1790595935.528952193] [map_io]: Loading image_file: /home/molar1/bumperbot_ws/install/robot_lab_maps/share/robot_lab_maps/maps/nav_empty/maps/map.pgm
[map_server-11] [INFO] [1790595935.543980399] [map_io]: Read map /home/molar1/bumperbot_ws/install/robot_lab_maps/share/robot_lab_maps/maps/nav_empty/maps/map.pgm: 280 X 280 map @ 0.05 m/cell
[lifecycle_manager-13] [INFO] [1790595935.559680570] [lifecycle_manager_localization]: [34m[1mConfiguring amcl[0m[0m
[amcl-12] [0m[INFO] [1790595935.560064966] [amcl]: Configuring[0m
[amcl-12] [0m[INFO] [1790595935.560290459] [amcl]: initTransforms[0m
[amcl-12] [0m[INFO] [1790595935.579749217] [amcl]: initPubSub[0m
[amcl-12] [0m[INFO] [1790595935.588478713] [amcl]: Subscribed to map topic.[0m
[lifecycle_manager-13] [INFO] [1790595935.597870606] [lifecycle_manager_localization]: [34m[1mActivating map_server[0m[0m
[map_server-11] [INFO] [1790595935.598296024] [map_server]: Activating
[map_server-11] [INFO] [1790595935.599027185] [map_server]: Creating bond (map_server) to lifecycle manager.
[amcl-12] [0m[INFO] [1790595935.602144782] [amcl]: Received a 280 X 280 map @ 0.050 m/pix[0m
[lifecycle_manager-13] [INFO] [1790595935.708873315] [lifecycle_manager_localization]: Server map_server connected with bond.
[lifecycle_manager-13] [INFO] [1790595935.708955038] [lifecycle_manager_localization]: [34m[1mActivating amcl[0m[0m
[amcl-12] [0m[INFO] [1790595935.709268270] [amcl]: Activating[0m
[amcl-12] [0m[INFO] [1790595935.709360009] [amcl]: initialPoseReceived[0m
[amcl-12] [0m[INFO] [1790595935.709588221] [amcl]: Setting pose (0.508000): -0.500 -0.500 0.000[0m
[amcl-12] [0m[INFO] [1790595935.710154304] [amcl]: Creating bond (amcl) to lifecycle manager.[0m
[lifecycle_manager-13] [INFO] [1790595935.814462259] [lifecycle_manager_localization]: Server amcl connected with bond.
[lifecycle_manager-13] [INFO] [1790595935.814555566] [lifecycle_manager_localization]: [34m[1mManaged nodes are active[0m[0m
[lifecycle_manager-13] [INFO] [1790595935.814577389] [lifecycle_manager_localization]: [34m[1mCreating bond timer...[0m[0m
[amcl-12] [0m[INFO] [1790595935.965166060] [amcl]: createLaserObject[0m
[go2-stance-gait-controller-1] [INFO] [1790595936.123730929] [go2_stance_gait_controller]: Go2 recovery attempting:tuck
[wheel_imu_fusion-16] [INFO] [1790595936.154645475] [sensor_fusion_wheel_imu_fusion]: wheel_imu_fusion ready
[go2-stance-gait-controller-1] [INFO] [1790595936.528413349] [go2_stance_gait_controller]: Go2 recovery attempting:crouch
[go2-stance-gait-controller-1] [INFO] [1790595937.131286034] [go2_stance_gait_controller]: Go2 recovery attempting:stand
[go2-stance-gait-controller-1] [INFO] [1790595937.874629179] [go2_stance_gait_controller]: Go2 recovery succeeded:stand
[amcl-12] [0m[INFO] [1790595958.597222940] [rclcpp]: signal_handler(SIGINT/SIGTERM)[0m
[amcl-12] [0m[INFO] [1790595958.597369813] [amcl]: Running Nav2 LifecycleNode rcl preshutdown (amcl)[0m
[amcl-12] [0m[INFO] [1790595958.597489999] [amcl]: Deactivating[0m
[amcl-12] [0m[INFO] [1790595958.597524845] [amcl]: Destroying bond (amcl) to lifecycle manager.[0m
[ekf_node-14] [INFO] [1790595958.597206781] [rclcpp]: signal_handler(SIGINT/SIGTERM)
[map_server-11] [INFO] [1790595958.597246971] [rclcpp]: signal_handler(SIGINT/SIGTERM)
[map_server-11] [INFO] [1790595958.597397235] [map_server]: Running Nav2 LifecycleNode rcl preshutdown (map_server)
[map_server-11] [INFO] [1790595958.597489519] [map_server]: Deactivating
[map_server-11] [INFO] [1790595958.597512462] [map_server]: Destroying bond (map_server) to lifecycle manager.
[lifecycle_manager-13] [INFO] [1790595958.597229980] [rclcpp]: signal_handler(SIGINT/SIGTERM)
[lifecycle_manager-13] [INFO] [1790595958.597368437] [lifecycle_manager_localization]: Running Nav2 LifecycleManager rcl preshutdown (lifecycle_manager_localization)
[lifecycle_manager-13] [INFO] [1790595958.597439601] [lifecycle_manager_localization]: [34m[1mTerminating bond timer...[0m[0m
[robot_state_publisher-2] [INFO] [1790595958.597257019] [rclcpp]: signal_handler(SIGINT/SIGTERM)
[twist_relay-9] [INFO] [1790595958.597231452] [rclcpp]: signal_handler(SIGINT/SIGTERM)
[joy_node-5] [INFO] [1790595958.597761153] [rclcpp]: signal_handler(SIGINT/SIGTERM)
[twist_mux-6] [INFO] [1790595958.597905210] [rclcpp]: signal_handler(SIGINT/SIGTERM)
[twist_marker-7] [INFO] [1790595958.600152775] [rclcpp]: signal_handler(SIGINT/SIGTERM)
[amcl-12] [0m[INFO] [1790595958.607916859] [amcl]: Cleaning up[0m
[map_server-11] [INFO] [1790595958.607874589] [map_server]: Cleaning up
[map_server-11] [INFO] [1790595958.607982232] [map_server]: Destroying bond (map_server) to lifecycle manager.
[map_server-11] [INFO] [1790595958.618356039] [map_server]: Destroying
[amcl-12] [0m[INFO] [1790595958.634275516] [amcl]: Destroying bond (amcl) to lifecycle manager.[0m
[amcl-12] [0m[INFO] [1790595958.638447623] [amcl]: Destroying[0m
[lifecycle_manager-13] [INFO] [1790595958.653245461] [lifecycle_manager_localization]: Destroying lifecycle_manager_localization
[joy_teleop-4] Traceback (most recent call last):
[joy_teleop-4]   File "/opt/ros/humble/lib/joy_teleop/joy_teleop", line 33, in <module>
[joy_teleop-4]     sys.exit(load_entry_point('joy-teleop==1.6.0', 'console_scripts', 'joy_teleop')())
[joy_teleop-4]   File "/opt/ros/humble/lib/python3.10/site-packages/joy_teleop/joy_teleop.py", line 435, in main
[joy_teleop-4]     rclpy.spin(node)
[joy_teleop-4]   File "/opt/ros/humble/local/lib/python3.10/dist-packages/rclpy/__init__.py", line 229, in spin
[joy_teleop-4]     executor.spin_once()
[joy_teleop-4]   File "/opt/ros/humble/local/lib/python3.10/dist-packages/rclpy/executors.py", line 812, in spin_once
[joy_teleop-4]     self._spin_once_impl(timeout_sec)
[joy_teleop-4]   File "/opt/ros/humble/local/lib/python3.10/dist-packages/rclpy/executors.py", line 801, in _spin_once_impl
[joy_teleop-4]     handler, entity, node = self.wait_for_ready_callbacks(timeout_sec=timeout_sec)
[joy_teleop-4]   File "/opt/ros/humble/local/lib/python3.10/dist-packages/rclpy/executors.py", line 784, in wait_for_ready_callbacks
[joy_teleop-4]     return next(self._cb_iter)
[joy_teleop-4]   File "/opt/ros/humble/local/lib/python3.10/dist-packages/rclpy/executors.py", line 657, in _wait_for_ready_callbacks
[joy_teleop-4]     wait_set = _rclpy.WaitSet(
[joy_teleop-4] rclpy._rclpy_pybind11.RCLError: failed to initialize wait set: the given context is not valid, either rcl_init() was not called or rcl_shutdown() was called., at ./src/rcl/wait.c:130
[joystick_relay.py-8] Traceback (most recent call last):
[joystick_relay.py-8]   File "/opt/ros/humble/lib/twist_mux/joystick_relay.py", line 302, in <module>
[joystick_relay.py-8]     main()
[joystick_relay.py-8]   File "/opt/ros/humble/lib/twist_mux/joystick_relay.py", line 293, in main
[joystick_relay.py-8]     rclpy.spin(node)
[joystick_relay.py-8]   File "/opt/ros/humble/local/lib/python3.10/dist-packages/rclpy/__init__.py", line 229, in spin
[joystick_relay.py-8]     executor.spin_once()
[joystick_relay.py-8]   File "/opt/ros/humble/local/lib/python3.10/dist-packages/rclpy/executors.py", line 812, in spin_once
[joystick_relay.py-8]     self._spin_once_impl(timeout_sec)
[joystick_relay.py-8]   File "/opt/ros/humble/local/lib/python3.10/dist-packages/rclpy/executors.py", line 801, in _spin_once_impl
[joystick_relay.py-8]     handler, entity, node = self.wait_for_ready_callbacks(timeout_sec=timeout_sec)
[joystick_relay.py-8]   File "/opt/ros/humble/local/lib/python3.10/dist-packages/rclpy/executors.py", line 784, in wait_for_ready_callbacks
[joystick_relay.py-8]     return next(self._cb_iter)
[joystick_relay.py-8]   File "/opt/ros/humble/local/lib/python3.10/dist-packages/rclpy/executors.py", line 657, in _wait_for_ready_callbacks
[joystick_relay.py-8]     wait_set = _rclpy.WaitSet(
[joystick_relay.py-8] rclpy._rclpy_pybind11.RCLError: failed to initialize wait set: the given context is not valid, either rcl_init() was not called or rcl_shutdown() was called., at ./src/rcl/wait.c:130
[INFO] [twist_mux-6]: process has finished cleanly [pid 218375]
[INFO] [ekf_node-14]: process has finished cleanly [pid 218676]
[INFO] [twist_relay-9]: process has finished cleanly [pid 218381]
[INFO] [robot_state_publisher-2]: process has finished cleanly [pid 218367]
[INFO] [twist_marker-7]: process has finished cleanly [pid 218377]
[INFO] [lifecycle_manager-13]: process has finished cleanly [pid 218674]
[INFO] [joy_node-5]: process has finished cleanly [pid 218373]
[INFO] [amcl-12]: process has finished cleanly [pid 218672]
[INFO] [map_server-11]: process has finished cleanly [pid 218670]
[INFO] [imu_republisher.py-15]: process has finished cleanly [pid 218678]
[INFO] [wheel_imu_fusion-16]: process has finished cleanly [pid 218686]
[INFO] [go2-stance-gait-controller-1]: process has finished cleanly [pid 218365]
[INFO] [mujoco_spawner-3]: process has finished cleanly [pid 218369]
[ERROR] [joy_teleop-4]: process has died [pid 218371, exit code 1, cmd '/opt/ros/humble/lib/joy_teleop/joy_teleop --ros-args --params-file /home/molar1/bumperbot_ws/install/robot_lab_controller/share/robot_lab_controller/config/joy_teleop.yaml --params-file /workspace/molar/.tmp/launch_params_r8spqvmt'].
[ERROR] [joystick_relay.py-8]: process has died [pid 218379, exit code 1, cmd '/opt/ros/humble/lib/twist_mux/joystick_relay.py --ros-args --params-file /workspace/molar/.tmp/launch_params_zctow4iv --params-file /home/molar1/bumperbot_ws/install/robot_lab_controller/share/robot_lab_controller/config/twist_mux_joy.yaml -r joy_vel_in:=input_joy/cmd_vel -r joy_vel_out:=joy_vel'].
