[INFO] [launch]: All log files can be found below /home/molar1/.ros/log/2026-09-25-17-35-19-173089-molar1-1540608
[INFO] [launch]: Default logging verbosity is set to INFO
[robot_lab] algorithm localization=amcl -> global_localization stack
[robot_lab] algorithm state_estimation=ekf_localization_node -> local_localization stack
[robot_lab] algorithm sensor_fusion=wheel_imu_fusion -> node robot_lab_algorithms/wheel_imu_fusion
[INFO] [go2-stance-gait-controller-1]: process started with pid [1540667]
[INFO] [robot_state_publisher-2]: process started with pid [1540669]
[INFO] [mujoco_spawner-3]: process started with pid [1540671]
[INFO] [joy_teleop-4]: process started with pid [1540673]
[INFO] [joy_node-5]: process started with pid [1540675]
[INFO] [twist_mux-6]: process started with pid [1540677]
[INFO] [twist_marker-7]: process started with pid [1540679]
[INFO] [joystick_relay.py-8]: process started with pid [1540681]
[INFO] [twist_relay-9]: process started with pid [1540683]
[INFO] [simulator_ready_gate-10]: process started with pid [1540685]
[twist_mux-6] [INFO] [1790350520.126779021] [twist_mux]: Topic handler 'topics.joystick' subscribed to topic 'joy_vel': timeout = 0.500000s , priority = 99.
[twist_mux-6] [INFO] [1790350520.129017202] [twist_mux]: Topic handler 'topics.keyboard' subscribed to topic 'key_vel': timeout = 0.500000s , priority = 90.
[twist_mux-6] [INFO] [1790350520.129976066] [twist_mux]: Topic handler 'topics.navigation' subscribed to topic 'cmd_vel': timeout = 0.500000s , priority = 80.
[twist_mux-6] [INFO] [1790350520.131073269] [twist_mux]: Topic handler 'locks.safety_stop' subscribed to topic 'safety_stop': timeout = None , priority = 255.
[robot_state_publisher-2] [INFO] [1790350520.139242270] [robot_state_publisher]: got segment FL_calf
[robot_state_publisher-2] [INFO] [1790350520.140635029] [robot_state_publisher]: got segment FL_calf_rotor
[robot_state_publisher-2] [INFO] [1790350520.141682119] [robot_state_publisher]: got segment FL_foot
[robot_state_publisher-2] [INFO] [1790350520.142746904] [robot_state_publisher]: got segment FL_hip
[robot_state_publisher-2] [INFO] [1790350520.143502341] [robot_state_publisher]: got segment FL_hip_rotor
[robot_state_publisher-2] [INFO] [1790350520.144199281] [robot_state_publisher]: got segment FL_thigh
[robot_state_publisher-2] [INFO] [1790350520.144882204] [robot_state_publisher]: got segment FL_thigh_rotor
[robot_state_publisher-2] [INFO] [1790350520.145530855] [robot_state_publisher]: got segment FR_calf
[robot_state_publisher-2] [INFO] [1790350520.146122929] [robot_state_publisher]: got segment FR_calf_rotor
[robot_state_publisher-2] [INFO] [1790350520.146696795] [robot_state_publisher]: got segment FR_foot
[robot_state_publisher-2] [INFO] [1790350520.147798637] [robot_state_publisher]: got segment FR_hip
[robot_state_publisher-2] [INFO] [1790350520.147824046] [robot_state_publisher]: got segment FR_hip_rotor
[robot_state_publisher-2] [INFO] [1790350520.147835406] [robot_state_publisher]: got segment FR_thigh
[robot_state_publisher-2] [INFO] [1790350520.147844974] [robot_state_publisher]: got segment FR_thigh_rotor
[robot_state_publisher-2] [INFO] [1790350520.147853102] [robot_state_publisher]: got segment RL_calf
[robot_state_publisher-2] [INFO] [1790350520.147863022] [robot_state_publisher]: got segment RL_calf_rotor
[robot_state_publisher-2] [INFO] [1790350520.147870734] [robot_state_publisher]: got segment RL_foot
[robot_state_publisher-2] [INFO] [1790350520.147878734] [robot_state_publisher]: got segment RL_hip
[robot_state_publisher-2] [INFO] [1790350520.147886671] [robot_state_publisher]: got segment RL_hip_rotor
[robot_state_publisher-2] [INFO] [1790350520.147894287] [robot_state_publisher]: got segment RL_thigh
[robot_state_publisher-2] [INFO] [1790350520.147901423] [robot_state_publisher]: got segment RL_thigh_rotor
[robot_state_publisher-2] [INFO] [1790350520.147909391] [robot_state_publisher]: got segment RR_calf
[robot_state_publisher-2] [INFO] [1790350520.147916527] [robot_state_publisher]: got segment RR_calf_rotor
[robot_state_publisher-2] [INFO] [1790350520.147925199] [robot_state_publisher]: got segment RR_foot
[robot_state_publisher-2] [INFO] [1790350520.147932495] [robot_state_publisher]: got segment RR_hip
[robot_state_publisher-2] [INFO] [1790350520.147940207] [robot_state_publisher]: got segment RR_hip_rotor
[robot_state_publisher-2] [INFO] [1790350520.147947344] [robot_state_publisher]: got segment RR_thigh
[robot_state_publisher-2] [INFO] [1790350520.147955024] [robot_state_publisher]: got segment RR_thigh_rotor
[robot_state_publisher-2] [INFO] [1790350520.147962416] [robot_state_publisher]: got segment base
[robot_state_publisher-2] [INFO] [1790350520.147970096] [robot_state_publisher]: got segment front_camera
[robot_state_publisher-2] [INFO] [1790350520.147977232] [robot_state_publisher]: got segment imu_link
[robot_state_publisher-2] [INFO] [1790350520.147986480] [robot_state_publisher]: got segment trunk
[go2-stance-gait-controller-1] [0;93m2026-09-25 17:35:20.767134646 [W:onnxruntime:Default, device_discovery.cc:164 DiscoverDevicesForPlatform] GPU device discovery failed: device_discovery.cc:89 ReadFileContents Failed to open file: "/sys/class/drm/card1/device/vendor"[m
[go2-stance-gait-controller-1] [INFO] [1790350520.835257035] [go2_stance_gait_controller]: Go2 closed-loop stance: 12 effort joints at 250.0 Hz; controller ONNX velocity policy
[mujoco_spawner-3] [INFO] [1790350522.010703381] [mujoco_spawner]: MuJoCo: 18 collision proxy geom(s) moved to group 3 (viewer Rendering tab to show them).
[mujoco_spawner-3] [INFO] [1790350522.067364486] [mujoco_spawner]: MuJoCo URDF import OK (all meshes staged).
[mujoco_spawner-3] [WARN] [1790350522.084001020] [mujoco_spawner]: MuJoCo effort plant: no MJCF beside /home/molar1/bumperbot_ws/install/robot_lab_robots/share/robot_lab_robots/unitree/go2_description/xacro/go2_sim.xacro names every effort joint; keeping the URDF <dynamics> (damping=5.0 is a Gazebo stabiliser the robot does not have).
[mujoco_spawner-3] [INFO] [1790350522.137417143] [mujoco_spawner]: MuJoCo physics timestep: 0.0010 s
[mujoco_spawner-3] [INFO] [1790350522.140588524] [mujoco_spawner]: Robot has no 'oakd_rgb_camera_frame' link; no RGB-D camera is published.
[mujoco_spawner-3] [INFO] [1790350522.142357897] [mujoco_spawner]: Joints: ['FR_hip_joint', 'FR_thigh_joint', 'FR_calf_joint', 'FL_hip_joint', 'FL_thigh_joint', 'FL_calf_joint', 'RR_hip_joint', 'RR_thigh_joint', 'RR_calf_joint', 'RL_hip_joint', 'RL_thigh_joint', 'RL_calf_joint']   lw= rw=
[mujoco_spawner-3] [INFO] [1790350522.145363675] [mujoco_spawner]: MuJoCo effort joint armature: 0.0100 kg m^2
[mujoco_spawner-3] [INFO] [1790350522.147311964] [mujoco_spawner]: Joint effort input: /go2_group_effort_controller/commands (12 joints, URDF limits)
[mujoco_spawner-3] [INFO] [1790350522.149955944] [mujoco_spawner]: Spawn ground clearance: raised root by 0.2050 m
[mujoco_spawner-3] [INFO] [1790350522.151478273] [mujoco_spawner]: MuJoCo model loaded: 14 bodies, 13 joints
[mujoco_spawner-3] [INFO] [1790350522.152476786] [mujoco_spawner]: MuJoCo gui param=False (resolved=False), DISPLAY=:1 -> mode=DIRECT
[mujoco_spawner-3] [INFO] [1790350522.153383393] [mujoco_spawner]: MuJoCo running headless (gui=False, viewer=True).
[mujoco_spawner-3] [INFO] [1790350522.162708221] [mujoco_spawner]: MuJoCo spawner running.
[INFO] [simulator_ready_gate-10]: process has finished cleanly [pid 1540685]
[INFO] [amcl-12]: process started with pid [1540927]
[INFO] [map_server-11]: process started with pid [1540925]
[INFO] [lifecycle_manager-13]: process started with pid [1540929]
[INFO] [ekf_node-14]: process started with pid [1540931]
[INFO] [imu_republisher.py-15]: process started with pid [1540933]
[INFO] [wheel_imu_fusion-16]: process started with pid [1540935]
[lifecycle_manager-13] [INFO] [1790350522.581511336] [lifecycle_manager_localization]: Creating
[lifecycle_manager-13] [INFO] [1790350522.587285608] [lifecycle_manager_localization]: [34m[1mCreating and initializing lifecycle service clients[0m[0m
[map_server-11] [INFO] [1790350522.601137711] [map_server]: 
[map_server-11] 	map_server lifecycle node launched. 
[map_server-11] 	Waiting on external lifecycle transitions to activate
[map_server-11] 	See https://design.ros2.org/articles/node_lifecycle.html for more information.
[map_server-11] [INFO] [1790350522.603332532] [map_server]: Creating
[amcl-12] [0m[INFO] [1790350522.630248053] [amcl]: 
[amcl-12] 	amcl lifecycle node launched. 
[amcl-12] 	Waiting on external lifecycle transitions to activate
[amcl-12] 	See https://design.ros2.org/articles/node_lifecycle.html for more information.[0m
[amcl-12] [0m[INFO] [1790350522.633325672] [amcl]: Creating[0m
[lifecycle_manager-13] [INFO] [1790350522.714538547] [lifecycle_manager_localization]: [34m[1mStarting managed nodes bringup...[0m[0m
[lifecycle_manager-13] [INFO] [1790350522.716044493] [lifecycle_manager_localization]: [34m[1mConfiguring map_server[0m[0m
[map_server-11] [INFO] [1790350522.717749257] [map_server]: Configuring
[map_server-11] [INFO] [1790350522.717881579] [map_io]: Loading yaml file: /home/molar1/bumperbot_ws/install/robot_lab_maps/share/robot_lab_maps/maps/nav_empty/maps/map.yaml
[map_server-11] [INFO] [1790350522.718320723] [map_io]: resolution: 0.05
[map_server-11] [INFO] [1790350522.718340499] [map_io]: origin[0]: -7
[map_server-11] [INFO] [1790350522.718346515] [map_io]: origin[1]: -7
[map_server-11] [INFO] [1790350522.718350867] [map_io]: origin[2]: 0
[map_server-11] [INFO] [1790350522.718355731] [map_io]: free_thresh: 0.196
[map_server-11] [INFO] [1790350522.718360403] [map_io]: occupied_thresh: 0.65
[map_server-11] [INFO] [1790350522.718365939] [map_io]: mode: trinary
[map_server-11] [INFO] [1790350522.718372339] [map_io]: negate: 0
[map_server-11] [INFO] [1790350522.718677784] [map_io]: Loading image_file: /home/molar1/bumperbot_ws/install/robot_lab_maps/share/robot_lab_maps/maps/nav_empty/maps/map.pgm
[map_server-11] [INFO] [1790350522.729982197] [map_io]: Read map /home/molar1/bumperbot_ws/install/robot_lab_maps/share/robot_lab_maps/maps/nav_empty/maps/map.pgm: 280 X 280 map @ 0.05 m/cell
[lifecycle_manager-13] [INFO] [1790350522.745012272] [lifecycle_manager_localization]: [34m[1mConfiguring amcl[0m[0m
[amcl-12] [0m[INFO] [1790350522.746604778] [amcl]: Configuring[0m
[amcl-12] [0m[INFO] [1790350522.746769101] [amcl]: initTransforms[0m
[amcl-12] [0m[INFO] [1790350522.756466799] [amcl]: initPubSub[0m
[amcl-12] [0m[INFO] [1790350522.761981035] [amcl]: Subscribed to map topic.[0m
[lifecycle_manager-13] [INFO] [1790350522.770433688] [lifecycle_manager_localization]: [34m[1mActivating map_server[0m[0m
[map_server-11] [INFO] [1790350522.770835647] [map_server]: Activating
[map_server-11] [INFO] [1790350522.771267206] [map_server]: Creating bond (map_server) to lifecycle manager.
[amcl-12] [0m[INFO] [1790350522.773109445] [amcl]: Received a 280 X 280 map @ 0.050 m/pix[0m
[lifecycle_manager-13] [INFO] [1790350522.879841273] [lifecycle_manager_localization]: Server map_server connected with bond.
[lifecycle_manager-13] [INFO] [1790350522.879933947] [lifecycle_manager_localization]: [34m[1mActivating amcl[0m[0m
[amcl-12] [0m[INFO] [1790350522.881019469] [amcl]: Activating[0m
[amcl-12] [0m[INFO] [1790350522.881121359] [amcl]: initialPoseReceived[0m
[amcl-12] [0m[INFO] [1790350522.881342290] [amcl]: Setting pose (0.588000): -0.500 -0.500 0.000[0m
[amcl-12] [0m[INFO] [1790350522.881916092] [amcl]: Creating bond (amcl) to lifecycle manager.[0m
[amcl-12] [0m[INFO] [1790350522.945449568] [amcl]: createLaserObject[0m
[lifecycle_manager-13] [INFO] [1790350522.988061383] [lifecycle_manager_localization]: Server amcl connected with bond.
[lifecycle_manager-13] [INFO] [1790350522.988150056] [lifecycle_manager_localization]: [34m[1mManaged nodes are active[0m[0m
[lifecycle_manager-13] [INFO] [1790350522.988170473] [lifecycle_manager_localization]: [34m[1mCreating bond timer...[0m[0m
[wheel_imu_fusion-16] [INFO] [1790350523.283656353] [sensor_fusion_wheel_imu_fusion]: wheel_imu_fusion ready
[amcl-12] [0m[INFO] [1790350530.558467252] [rclcpp]: signal_handler(SIGINT/SIGTERM)[0m
[amcl-12] [0m[INFO] [1790350530.558631607] [amcl]: Running Nav2 LifecycleNode rcl preshutdown (amcl)[0m
[lifecycle_manager-13] [INFO] [1790350530.558504949] [rclcpp]: signal_handler(SIGINT/SIGTERM)
[lifecycle_manager-13] [INFO] [1790350530.558629943] [lifecycle_manager_localization]: Running Nav2 LifecycleManager rcl preshutdown (lifecycle_manager_localization)
[lifecycle_manager-13] [INFO] [1790350530.558701816] [lifecycle_manager_localization]: [34m[1mTerminating bond timer...[0m[0m
[map_server-11] [INFO] [1790350530.558526613] [rclcpp]: signal_handler(SIGINT/SIGTERM)
[map_server-11] [INFO] [1790350530.558708056] [map_server]: Running Nav2 LifecycleNode rcl preshutdown (map_server)
[ekf_node-14] [INFO] [1790350530.558483637] [rclcpp]: signal_handler(SIGINT/SIGTERM)
[amcl-12] [0m[INFO] [1790350530.558742329] [amcl]: Deactivating[0m
[amcl-12] [0m[INFO] [1790350530.558782554] [amcl]: Destroying bond (amcl) to lifecycle manager.[0m
[map_server-11] [INFO] [1790350530.558830746] [map_server]: Deactivating
[map_server-11] [INFO] [1790350530.558865915] [map_server]: Destroying bond (map_server) to lifecycle manager.
[joy_node-5] [INFO] [1790350530.558523797] [rclcpp]: signal_handler(SIGINT/SIGTERM)
[twist_relay-9] [INFO] [1790350530.558547062] [rclcpp]: signal_handler(SIGINT/SIGTERM)
[twist_marker-7] [INFO] [1790350530.558582550] [rclcpp]: signal_handler(SIGINT/SIGTERM)
[robot_state_publisher-2] [INFO] [1790350530.558849275] [rclcpp]: signal_handler(SIGINT/SIGTERM)
[twist_mux-6] [INFO] [1790350530.559151776] [rclcpp]: signal_handler(SIGINT/SIGTERM)
[amcl-12] [0m[INFO] [1790350530.569449064] [amcl]: Cleaning up[0m
[map_server-11] [INFO] [1790350530.569910864] [map_server]: Cleaning up
[map_server-11] [INFO] [1790350530.570014066] [map_server]: Destroying bond (map_server) to lifecycle manager.
[amcl-12] [0m[INFO] [1790350530.575697807] [amcl]: Destroying bond (amcl) to lifecycle manager.[0m
[map_server-11] [INFO] [1790350530.587867447] [map_server]: Destroying
[joy_teleop-4] Traceback (most recent call last):
[joy_teleop-4]   File "/opt/ros/humble/lib/joy_teleop/joy_teleop", line 33, in <module>
[joy_teleop-4]     sys.exit(load_entry_point('joy-teleop==1.6.0', 'console_scripts', 'joy_teleop')())
[joy_teleop-4]   File "/opt/ros/humble/lib/python3.10/site-packages/joy_teleop/joy_teleop.py", line 435, in main
[joy_teleop-4]     rclpy.spin(node)
[joy_teleop-4]   File "/opt/ros/humble/local/lib/python3.10/dist-packages/rclpy/__init__.py", line 229, in spin
[joy_teleop-4]     executor.spin_once()
[joy_teleop-4]   File "/opt/ros/humble/local/lib/python3.10/dist-packages/rclpy/executors.py", line 812, in spin_once
[joy_teleop-4]     self._spin_once_impl(timeout_sec)
[joy_teleop-4]   File "/opt/ros/humble/local/lib/python3.10/dist-packages/rclpy/executors.py", line 801, in _spin_once_impl
[joy_teleop-4]     handler, entity, node = self.wait_for_ready_callbacks(timeout_sec=timeout_sec)
[joy_teleop-4]   File "/opt/ros/humble/local/lib/python3.10/dist-packages/rclpy/executors.py", line 784, in wait_for_ready_callbacks
[joy_teleop-4]     return next(self._cb_iter)
[joy_teleop-4]   File "/opt/ros/humble/local/lib/python3.10/dist-packages/rclpy/executors.py", line 685, in _wait_for_ready_callbacks
[joy_teleop-4]     raise ExternalShutdownException()
[joy_teleop-4] rclpy.executors.ExternalShutdownException
[amcl-12] [0m[INFO] [1790350530.685763581] [amcl]: Destroying[0m
[lifecycle_manager-13] [INFO] [1790350530.687129235] [lifecycle_manager_localization]: Destroying lifecycle_manager_localization
[INFO] [twist_marker-7]: process has finished cleanly [pid 1540679]
[INFO] [twist_relay-9]: process has finished cleanly [pid 1540683]
[INFO] [joy_node-5]: process has finished cleanly [pid 1540675]
[INFO] [twist_mux-6]: process has finished cleanly [pid 1540677]
[INFO] [ekf_node-14]: process has finished cleanly [pid 1540931]
[INFO] [robot_state_publisher-2]: process has finished cleanly [pid 1540669]
[INFO] [map_server-11]: process has finished cleanly [pid 1540925]
[imu_republisher.py-15] Traceback (most recent call last):
[imu_republisher.py-15]   File "/home/molar1/bumperbot_ws/install/robot_lab_localization/lib/robot_lab_localization/imu_republisher.py", line 54, in <module>
[imu_republisher.py-15]     main()
[imu_republisher.py-15]   File "/home/molar1/bumperbot_ws/install/robot_lab_localization/lib/robot_lab_localization/imu_republisher.py", line 45, in main
[imu_republisher.py-15]     rclpy.spin(node)
[imu_republisher.py-15]   File "/opt/ros/humble/local/lib/python3.10/dist-packages/rclpy/__init__.py", line 229, in spin
[imu_republisher.py-15]     executor.spin_once()
[imu_republisher.py-15]   File "/opt/ros/humble/local/lib/python3.10/dist-packages/rclpy/executors.py", line 812, in spin_once
[imu_republisher.py-15]     self._spin_once_impl(timeout_sec)
[imu_republisher.py-15]   File "/opt/ros/humble/local/lib/python3.10/dist-packages/rclpy/executors.py", line 801, in _spin_once_impl
[imu_republisher.py-15]     handler, entity, node = self.wait_for_ready_callbacks(timeout_sec=timeout_sec)
[imu_republisher.py-15]   File "/opt/ros/humble/local/lib/python3.10/dist-packages/rclpy/executors.py", line 784, in wait_for_ready_callbacks
[imu_republisher.py-15]     return next(self._cb_iter)
[imu_republisher.py-15]   File "/opt/ros/humble/local/lib/python3.10/dist-packages/rclpy/executors.py", line 685, in _wait_for_ready_callbacks
[imu_republisher.py-15]     raise ExternalShutdownException()
[imu_republisher.py-15] rclpy.executors.ExternalShutdownException
[INFO] [lifecycle_manager-13]: process has finished cleanly [pid 1540929]
[INFO] [amcl-12]: process has finished cleanly [pid 1540927]
[INFO] [wheel_imu_fusion-16]: process has finished cleanly [pid 1540935]
[INFO] [go2-stance-gait-controller-1]: process has finished cleanly [pid 1540667]
[INFO] [mujoco_spawner-3]: process has finished cleanly [pid 1540671]
[INFO] [joystick_relay.py-8]: process has finished cleanly [pid 1540681]
[ERROR] [imu_republisher.py-15]: process has died [pid 1540933, exit code 1, cmd '/home/molar1/bumperbot_ws/install/robot_lab_localization/lib/robot_lab_localization/imu_republisher.py --ros-args --params-file /workspace/molar/.tmp/launch_params_bry7ooud'].
[ERROR] [joy_teleop-4]: process has died [pid 1540673, exit code 1, cmd '/opt/ros/humble/lib/joy_teleop/joy_teleop --ros-args --params-file /home/molar1/bumperbot_ws/install/robot_lab_controller/share/robot_lab_controller/config/joy_teleop.yaml --params-file /workspace/molar/.tmp/launch_params_dp1qz7lx'].
