[INFO] [launch]: All log files can be found below /home/molar1/.ros/log/2026-09-28-11-04-25-721742-molar1-92180
[INFO] [launch]: Default logging verbosity is set to INFO
[robot_lab] algorithm localization=amcl -> global_localization stack
[robot_lab] algorithm state_estimation=ekf_localization_node -> local_localization stack
[robot_lab] algorithm sensor_fusion=wheel_imu_fusion -> node robot_lab_algorithms/wheel_imu_fusion
[INFO] [go2-stance-gait-controller-1]: process started with pid [92224]
[INFO] [robot_state_publisher-2]: process started with pid [92226]
[INFO] [mujoco_spawner-3]: process started with pid [92228]
[INFO] [joy_teleop-4]: process started with pid [92230]
[INFO] [joy_node-5]: process started with pid [92232]
[INFO] [twist_mux-6]: process started with pid [92234]
[INFO] [twist_marker-7]: process started with pid [92236]
[INFO] [joystick_relay.py-8]: process started with pid [92238]
[INFO] [twist_relay-9]: process started with pid [92240]
[INFO] [simulator_ready_gate-10]: process started with pid [92244]
[twist_mux-6] [INFO] [1790586266.608227806] [twist_mux]: Topic handler 'topics.joystick' subscribed to topic 'joy_vel': timeout = 0.500000s , priority = 99.
[twist_mux-6] [INFO] [1790586266.609427582] [twist_mux]: Topic handler 'topics.keyboard' subscribed to topic 'key_vel': timeout = 0.500000s , priority = 90.
[twist_mux-6] [INFO] [1790586266.609776245] [twist_mux]: Topic handler 'topics.navigation' subscribed to topic 'cmd_vel': timeout = 0.500000s , priority = 80.
[twist_mux-6] [INFO] [1790586266.610180618] [twist_mux]: Topic handler 'locks.safety_stop' subscribed to topic 'safety_stop': timeout = None , priority = 255.
[robot_state_publisher-2] [INFO] [1790586266.634314659] [robot_state_publisher]: got segment FL_calf
[robot_state_publisher-2] [INFO] [1790586266.636338125] [robot_state_publisher]: got segment FL_calf_rotor
[robot_state_publisher-2] [INFO] [1790586266.637508653] [robot_state_publisher]: got segment FL_foot
[robot_state_publisher-2] [INFO] [1790586266.640060777] [robot_state_publisher]: got segment FL_hip
[robot_state_publisher-2] [INFO] [1790586266.640852500] [robot_state_publisher]: got segment FL_hip_rotor
[robot_state_publisher-2] [INFO] [1790586266.641360134] [robot_state_publisher]: got segment FL_thigh
[robot_state_publisher-2] [INFO] [1790586266.641821402] [robot_state_publisher]: got segment FL_thigh_rotor
[robot_state_publisher-2] [INFO] [1790586266.642300525] [robot_state_publisher]: got segment FR_calf
[robot_state_publisher-2] [INFO] [1790586266.642323308] [robot_state_publisher]: got segment FR_calf_rotor
[robot_state_publisher-2] [INFO] [1790586266.642336012] [robot_state_publisher]: got segment FR_foot
[robot_state_publisher-2] [INFO] [1790586266.642347820] [robot_state_publisher]: got segment FR_hip
[robot_state_publisher-2] [INFO] [1790586266.642356939] [robot_state_publisher]: got segment FR_hip_rotor
[robot_state_publisher-2] [INFO] [1790586266.642366891] [robot_state_publisher]: got segment FR_thigh
[robot_state_publisher-2] [INFO] [1790586266.642374987] [robot_state_publisher]: got segment FR_thigh_rotor
[robot_state_publisher-2] [INFO] [1790586266.642382923] [robot_state_publisher]: got segment RL_calf
[robot_state_publisher-2] [INFO] [1790586266.642391882] [robot_state_publisher]: got segment RL_calf_rotor
[robot_state_publisher-2] [INFO] [1790586266.642399306] [robot_state_publisher]: got segment RL_foot
[robot_state_publisher-2] [INFO] [1790586266.642406442] [robot_state_publisher]: got segment RL_hip
[robot_state_publisher-2] [INFO] [1790586266.642414026] [robot_state_publisher]: got segment RL_hip_rotor
[robot_state_publisher-2] [INFO] [1790586266.642421258] [robot_state_publisher]: got segment RL_thigh
[robot_state_publisher-2] [INFO] [1790586266.642428042] [robot_state_publisher]: got segment RL_thigh_rotor
[robot_state_publisher-2] [INFO] [1790586266.642435305] [robot_state_publisher]: got segment RR_calf
[robot_state_publisher-2] [INFO] [1790586266.642442569] [robot_state_publisher]: got segment RR_calf_rotor
[robot_state_publisher-2] [INFO] [1790586266.642450601] [robot_state_publisher]: got segment RR_foot
[robot_state_publisher-2] [INFO] [1790586266.642458889] [robot_state_publisher]: got segment RR_hip
[robot_state_publisher-2] [INFO] [1790586266.642466600] [robot_state_publisher]: got segment RR_hip_rotor
[robot_state_publisher-2] [INFO] [1790586266.642474248] [robot_state_publisher]: got segment RR_thigh
[robot_state_publisher-2] [INFO] [1790586266.642481416] [robot_state_publisher]: got segment RR_thigh_rotor
[robot_state_publisher-2] [INFO] [1790586266.642488968] [robot_state_publisher]: got segment base
[robot_state_publisher-2] [INFO] [1790586266.642496104] [robot_state_publisher]: got segment front_camera
[robot_state_publisher-2] [INFO] [1790586266.642502856] [robot_state_publisher]: got segment imu_link
[robot_state_publisher-2] [INFO] [1790586266.642511271] [robot_state_publisher]: got segment trunk
[go2-stance-gait-controller-1] [0;93m2026-09-28 11:04:27.263117009 [W:onnxruntime:Default, device_discovery.cc:164 DiscoverDevicesForPlatform] GPU device discovery failed: device_discovery.cc:89 ReadFileContents Failed to open file: "/sys/class/drm/card1/device/vendor"[m
[go2-stance-gait-controller-1] [INFO] [1790586267.328769235] [go2_stance_gait_controller]: Go2 closed-loop stance: 12 effort joints at 250.0 Hz; controller ONNX velocity policy
[mujoco_spawner-3] [INFO] [1790586268.574298700] [mujoco_spawner]: MuJoCo: 18 collision proxy geom(s) moved to group 3 (viewer Rendering tab to show them).
[mujoco_spawner-3] [INFO] [1790586268.620257053] [mujoco_spawner]: MuJoCo URDF import OK (all meshes staged).
[mujoco_spawner-3] [WARN] [1790586268.629870652] [mujoco_spawner]: MuJoCo effort plant: no MJCF beside /home/molar1/bumperbot_ws/install/robot_lab_robots/share/robot_lab_robots/unitree/go2_description/xacro/go2_sim.xacro names every effort joint; keeping the URDF <dynamics> (damping=5.0 is a Gazebo stabiliser the robot does not have).
[mujoco_spawner-3] [INFO] [1790586268.674162395] [mujoco_spawner]: MuJoCo physics timestep: 0.0010 s
[mujoco_spawner-3] [INFO] [1790586268.675659730] [mujoco_spawner]: Robot has no 'oakd_rgb_camera_frame' link; no RGB-D camera is published.
[mujoco_spawner-3] [INFO] [1790586268.676506652] [mujoco_spawner]: Joints: ['FR_hip_joint', 'FR_thigh_joint', 'FR_calf_joint', 'FL_hip_joint', 'FL_thigh_joint', 'FL_calf_joint', 'RR_hip_joint', 'RR_thigh_joint', 'RR_calf_joint', 'RL_hip_joint', 'RL_thigh_joint', 'RL_calf_joint']   lw= rw=
[mujoco_spawner-3] [INFO] [1790586268.678689217] [mujoco_spawner]: MuJoCo effort joint armature: 0.0100 kg m^2
[mujoco_spawner-3] [INFO] [1790586268.680281175] [mujoco_spawner]: Joint effort input: /go2_group_effort_controller/commands (12 joints, URDF limits)
[mujoco_spawner-3] [INFO] [1790586268.681869100] [mujoco_spawner]: Spawn ground clearance: raised root by 0.1665 m
[mujoco_spawner-3] [INFO] [1790586268.682880177] [mujoco_spawner]: MuJoCo model loaded: 14 bodies, 13 joints
[mujoco_spawner-3] [INFO] [1790586268.683418019] [mujoco_spawner]: MuJoCo gui param=False (resolved=False), DISPLAY=:1 -> mode=DIRECT
[mujoco_spawner-3] [INFO] [1790586268.683902614] [mujoco_spawner]: MuJoCo running headless (gui=False, viewer=True).
[mujoco_spawner-3] [INFO] [1790586268.688817234] [mujoco_spawner]: MuJoCo spawner running.
[go2-stance-gait-controller-1] [WARN] [1790586268.693622226] [go2_stance_gait_controller]: Go2 safety safe_stop: tilt 1.40 rad exceeds fall threshold
[go2-stance-gait-controller-1] [INFO] [1790586268.694936079] [go2_stance_gait_controller]: Go2 recovery idle
[go2-stance-gait-controller-1] [INFO] [1790586268.821911784] [go2_stance_gait_controller]: Go2 recovery attempting:tuck
[INFO] [simulator_ready_gate-10]: process has finished cleanly [pid 92244]
[INFO] [amcl-12]: process started with pid [92484]
[INFO] [map_server-11]: process started with pid [92482]
[INFO] [lifecycle_manager-13]: process started with pid [92486]
[INFO] [ekf_node-14]: process started with pid [92488]
[INFO] [imu_republisher.py-15]: process started with pid [92490]
[INFO] [wheel_imu_fusion-16]: process started with pid [92492]
[lifecycle_manager-13] [INFO] [1790586269.106135058] [lifecycle_manager_localization]: Creating
[amcl-12] [0m[INFO] [1790586269.114476371] [amcl]: 
[amcl-12] 	amcl lifecycle node launched. 
[amcl-12] 	Waiting on external lifecycle transitions to activate
[amcl-12] 	See https://design.ros2.org/articles/node_lifecycle.html for more information.[0m
[amcl-12] [0m[INFO] [1790586269.116090440] [amcl]: Creating[0m
[lifecycle_manager-13] [INFO] [1790586269.120139644] [lifecycle_manager_localization]: [34m[1mCreating and initializing lifecycle service clients[0m[0m
[map_server-11] [INFO] [1790586269.146349054] [map_server]: 
[map_server-11] 	map_server lifecycle node launched. 
[map_server-11] 	Waiting on external lifecycle transitions to activate
[map_server-11] 	See https://design.ros2.org/articles/node_lifecycle.html for more information.
[map_server-11] [INFO] [1790586269.148075856] [map_server]: Creating
[go2-stance-gait-controller-1] [INFO] [1790586269.239263785] [go2_stance_gait_controller]: Go2 recovery attempting:roll
[lifecycle_manager-13] [INFO] [1790586269.287569757] [lifecycle_manager_localization]: [34m[1mStarting managed nodes bringup...[0m[0m
[lifecycle_manager-13] [INFO] [1790586269.287671130] [lifecycle_manager_localization]: [34m[1mConfiguring map_server[0m[0m
[map_server-11] [INFO] [1790586269.288882778] [map_server]: Configuring
[map_server-11] [INFO] [1790586269.289019542] [map_io]: Loading yaml file: /home/molar1/bumperbot_ws/install/robot_lab_maps/share/robot_lab_maps/maps/nav_empty/maps/map.yaml
[map_server-11] [INFO] [1790586269.289457963] [map_io]: resolution: 0.05
[map_server-11] [INFO] [1790586269.289477706] [map_io]: origin[0]: -7
[map_server-11] [INFO] [1790586269.289483882] [map_io]: origin[1]: -7
[map_server-11] [INFO] [1790586269.289488554] [map_io]: origin[2]: 0
[map_server-11] [INFO] [1790586269.289493418] [map_io]: free_thresh: 0.196
[map_server-11] [INFO] [1790586269.289498186] [map_io]: occupied_thresh: 0.65
[map_server-11] [INFO] [1790586269.289503913] [map_io]: mode: trinary
[map_server-11] [INFO] [1790586269.289510473] [map_io]: negate: 0
[map_server-11] [INFO] [1790586269.289834465] [map_io]: Loading image_file: /home/molar1/bumperbot_ws/install/robot_lab_maps/share/robot_lab_maps/maps/nav_empty/maps/map.pgm
[map_server-11] [INFO] [1790586269.301231184] [map_io]: Read map /home/molar1/bumperbot_ws/install/robot_lab_maps/share/robot_lab_maps/maps/nav_empty/maps/map.pgm: 280 X 280 map @ 0.05 m/cell
[lifecycle_manager-13] [INFO] [1790586269.313310029] [lifecycle_manager_localization]: [34m[1mConfiguring amcl[0m[0m
[amcl-12] [0m[INFO] [1790586269.313717698] [amcl]: Configuring[0m
[amcl-12] [0m[INFO] [1790586269.313884765] [amcl]: initTransforms[0m
[amcl-12] [0m[INFO] [1790586269.323930481] [amcl]: initPubSub[0m
[amcl-12] [0m[INFO] [1790586269.332299537] [amcl]: Subscribed to map topic.[0m
[lifecycle_manager-13] [INFO] [1790586269.339191832] [lifecycle_manager_localization]: [34m[1mActivating map_server[0m[0m
[map_server-11] [INFO] [1790586269.339617709] [map_server]: Activating
[map_server-11] [INFO] [1790586269.340472854] [map_server]: Creating bond (map_server) to lifecycle manager.
[amcl-12] [0m[INFO] [1790586269.340570771] [amcl]: Received a 280 X 280 map @ 0.050 m/pix[0m
[lifecycle_manager-13] [INFO] [1790586269.446675517] [lifecycle_manager_localization]: Server map_server connected with bond.
[lifecycle_manager-13] [INFO] [1790586269.446767675] [lifecycle_manager_localization]: [34m[1mActivating amcl[0m[0m
[amcl-12] [0m[INFO] [1790586269.447098482] [amcl]: Activating[0m
[amcl-12] [0m[INFO] [1790586269.447194480] [amcl]: initialPoseReceived[0m
[amcl-12] [0m[INFO] [1790586269.447416298] [amcl]: Setting pose (0.592000): -0.500 -0.500 0.000[0m
[amcl-12] [0m[INFO] [1790586269.447982778] [amcl]: Creating bond (amcl) to lifecycle manager.[0m
[amcl-12] [0m[INFO] [1790586269.549465504] [amcl]: createLaserObject[0m
[lifecycle_manager-13] [INFO] [1790586269.554402268] [lifecycle_manager_localization]: Server amcl connected with bond.
[lifecycle_manager-13] [INFO] [1790586269.554508985] [lifecycle_manager_localization]: [34m[1mManaged nodes are active[0m[0m
[lifecycle_manager-13] [INFO] [1790586269.554859344] [lifecycle_manager_localization]: [34m[1mCreating bond timer...[0m[0m
[wheel_imu_fusion-16] [INFO] [1790586269.796445298] [sensor_fusion_wheel_imu_fusion]: wheel_imu_fusion ready
[go2-stance-gait-controller-1] [INFO] [1790586269.941166803] [go2_stance_gait_controller]: Go2 recovery attempting:tuck
[go2-stance-gait-controller-1] [INFO] [1790586270.350223676] [go2_stance_gait_controller]: Go2 recovery attempting:crouch
[go2-stance-gait-controller-1] [INFO] [1790586270.951991015] [go2_stance_gait_controller]: Go2 recovery attempting:stand
[go2-stance-gait-controller-1] [INFO] [1790586272.595676882] [go2_stance_gait_controller]: Go2 recovery attempting:tuck
[go2-stance-gait-controller-1] [INFO] [1790586272.997993248] [go2_stance_gait_controller]: Go2 recovery attempting:crouch
[go2-stance-gait-controller-1] [INFO] [1790586273.599307417] [go2_stance_gait_controller]: Go2 recovery attempting:stand
[go2-stance-gait-controller-1] [INFO] [1790586274.147064650] [go2_stance_gait_controller]: Go2 recovery attempting:tuck
[go2-stance-gait-controller-1] [INFO] [1790586274.548657274] [go2_stance_gait_controller]: Go2 recovery attempting:crouch
[go2-stance-gait-controller-1] [INFO] [1790586275.148807808] [go2_stance_gait_controller]: Go2 recovery attempting:stand
[go2-stance-gait-controller-1] [INFO] [1790586276.342180252] [go2_stance_gait_controller]: Go2 recovery succeeded:stand
[amcl-12] [0m[INFO] [1790586293.298918028] [rclcpp]: signal_handler(SIGINT/SIGTERM)[0m
[amcl-12] [0m[INFO] [1790586293.299102472] [amcl]: Running Nav2 LifecycleNode rcl preshutdown (amcl)[0m
[amcl-12] [0m[INFO] [1790586293.299223876] [amcl]: Deactivating[0m
[amcl-12] [0m[INFO] [1790586293.299271107] [amcl]: Destroying bond (amcl) to lifecycle manager.[0m
[ekf_node-14] [INFO] [1790586293.298878829] [rclcpp]: signal_handler(SIGINT/SIGTERM)
[twist_relay-9] [INFO] [1790586293.298924972] [rclcpp]: signal_handler(SIGINT/SIGTERM)
[map_server-11] [INFO] [1790586293.298957739] [rclcpp]: signal_handler(SIGINT/SIGTERM)
[map_server-11] [INFO] [1790586293.299126215] [map_server]: Running Nav2 LifecycleNode rcl preshutdown (map_server)
[map_server-11] [INFO] [1790586293.299236644] [map_server]: Deactivating
[map_server-11] [INFO] [1790586293.299268387] [map_server]: Destroying bond (map_server) to lifecycle manager.
[joy_node-5] [INFO] [1790586293.298934988] [rclcpp]: signal_handler(SIGINT/SIGTERM)
[lifecycle_manager-13] [INFO] [1790586293.299004906] [rclcpp]: signal_handler(SIGINT/SIGTERM)
[lifecycle_manager-13] [INFO] [1790586293.299100328] [lifecycle_manager_localization]: Running Nav2 LifecycleManager rcl preshutdown (lifecycle_manager_localization)
[lifecycle_manager-13] [INFO] [1790586293.299176518] [lifecycle_manager_localization]: [34m[1mTerminating bond timer...[0m[0m
[twist_marker-7] [INFO] [1790586293.299512445] [rclcpp]: signal_handler(SIGINT/SIGTERM)
[twist_mux-6] [INFO] [1790586293.300074414] [rclcpp]: signal_handler(SIGINT/SIGTERM)
[robot_state_publisher-2] [INFO] [1790586293.300518882] [rclcpp]: signal_handler(SIGINT/SIGTERM)
[amcl-12] [0m[INFO] [1790586293.309669170] [amcl]: Cleaning up[0m
[map_server-11] [INFO] [1790586293.309788878] [map_server]: Cleaning up
[map_server-11] [INFO] [1790586293.309913195] [map_server]: Destroying bond (map_server) to lifecycle manager.
[amcl-12] [0m[INFO] [1790586293.329474985] [amcl]: Destroying bond (amcl) to lifecycle manager.[0m
[joy_teleop-4] Traceback (most recent call last):
[joy_teleop-4]   File "/opt/ros/humble/lib/joy_teleop/joy_teleop", line 33, in <module>
[joy_teleop-4]     sys.exit(load_entry_point('joy-teleop==1.6.0', 'console_scripts', 'joy_teleop')())
[joy_teleop-4]   File "/opt/ros/humble/lib/python3.10/site-packages/joy_teleop/joy_teleop.py", line 435, in main
[joy_teleop-4]     rclpy.spin(node)
[joy_teleop-4]   File "/opt/ros/humble/local/lib/python3.10/dist-packages/rclpy/__init__.py", line 229, in spin
[joy_teleop-4]     executor.spin_once()
[joy_teleop-4]   File "/opt/ros/humble/local/lib/python3.10/dist-packages/rclpy/executors.py", line 812, in spin_once
[joy_teleop-4]     self._spin_once_impl(timeout_sec)
[joy_teleop-4]   File "/opt/ros/humble/local/lib/python3.10/dist-packages/rclpy/executors.py", line 801, in _spin_once_impl
[joy_teleop-4]     handler, entity, node = self.wait_for_ready_callbacks(timeout_sec=timeout_sec)
[joy_teleop-4]   File "/opt/ros/humble/local/lib/python3.10/dist-packages/rclpy/executors.py", line 784, in wait_for_ready_callbacks
[joy_teleop-4]     return next(self._cb_iter)
[joy_teleop-4]   File "/opt/ros/humble/local/lib/python3.10/dist-packages/rclpy/executors.py", line 685, in _wait_for_ready_callbacks
[joy_teleop-4]     raise ExternalShutdownException()
[joy_teleop-4] rclpy.executors.ExternalShutdownException
[joystick_relay.py-8] Traceback (most recent call last):
[joystick_relay.py-8]   File "/opt/ros/humble/lib/twist_mux/joystick_relay.py", line 302, in <module>
[joystick_relay.py-8]     main()
[joystick_relay.py-8]   File "/opt/ros/humble/lib/twist_mux/joystick_relay.py", line 293, in main
[joystick_relay.py-8]     rclpy.spin(node)
[joystick_relay.py-8]   File "/opt/ros/humble/local/lib/python3.10/dist-packages/rclpy/__init__.py", line 229, in spin
[joystick_relay.py-8]     executor.spin_once()
[joystick_relay.py-8]   File "/opt/ros/humble/local/lib/python3.10/dist-packages/rclpy/executors.py", line 812, in spin_once
[joystick_relay.py-8]     self._spin_once_impl(timeout_sec)
[joystick_relay.py-8]   File "/opt/ros/humble/local/lib/python3.10/dist-packages/rclpy/executors.py", line 801, in _spin_once_impl
[joystick_relay.py-8]     handler, entity, node = self.wait_for_ready_callbacks(timeout_sec=timeout_sec)
[joystick_relay.py-8]   File "/opt/ros/humble/local/lib/python3.10/dist-packages/rclpy/executors.py", line 784, in wait_for_ready_callbacks
[joystick_relay.py-8]     return next(self._cb_iter)
[joystick_relay.py-8]   File "/opt/ros/humble/local/lib/python3.10/dist-packages/rclpy/executors.py", line 657, in _wait_for_ready_callbacks
[joystick_relay.py-8]     wait_set = _rclpy.WaitSet(
[joystick_relay.py-8] rclpy._rclpy_pybind11.RCLError: failed to initialize wait set: the given context is not valid, either rcl_init() was not called or rcl_shutdown() was called., at ./src/rcl/wait.c:130
[map_server-11] [INFO] [1790586293.443908998] [map_server]: Destroying
[amcl-12] [0m[INFO] [1790586293.453844065] [amcl]: Destroying[0m
[lifecycle_manager-13] [INFO] [1790586293.457081324] [lifecycle_manager_localization]: Destroying lifecycle_manager_localization
[INFO] [ekf_node-14]: process has finished cleanly [pid 92488]
[INFO] [twist_mux-6]: process has finished cleanly [pid 92234]
[INFO] [robot_state_publisher-2]: process has finished cleanly [pid 92226]
[INFO] [joy_node-5]: process has finished cleanly [pid 92232]
[INFO] [twist_relay-9]: process has finished cleanly [pid 92240]
[INFO] [twist_marker-7]: process has finished cleanly [pid 92236]
[mujoco_spawner-3] Traceback (most recent call last):
[mujoco_spawner-3]   File "/home/molar1/bumperbot_ws/install/robot_lab_mujoco/lib/robot_lab_mujoco/mujoco_spawner", line 33, in <module>
[mujoco_spawner-3]     sys.exit(load_entry_point('robot_lab_mujoco==0.1.0', 'console_scripts', 'mujoco_spawner')())
[mujoco_spawner-3]   File "/home/molar1/bumperbot_ws/install/robot_lab_mujoco/lib/python3.10/site-packages/robot_lab_mujoco/mujoco_spawner.py", line 2041, in main
[mujoco_spawner-3]     rclpy.spin(node)
[mujoco_spawner-3]   File "/opt/ros/humble/local/lib/python3.10/dist-packages/rclpy/__init__.py", line 229, in spin
[mujoco_spawner-3]     executor.spin_once()
[mujoco_spawner-3]   File "/opt/ros/humble/local/lib/python3.10/dist-packages/rclpy/executors.py", line 812, in spin_once
[mujoco_spawner-3]     self._spin_once_impl(timeout_sec)
[mujoco_spawner-3]   File "/opt/ros/humble/local/lib/python3.10/dist-packages/rclpy/executors.py", line 801, in _spin_once_impl
[mujoco_spawner-3]     handler, entity, node = self.wait_for_ready_callbacks(timeout_sec=timeout_sec)
[mujoco_spawner-3]   File "/opt/ros/humble/local/lib/python3.10/dist-packages/rclpy/executors.py", line 784, in wait_for_ready_callbacks
[mujoco_spawner-3]     return next(self._cb_iter)
[mujoco_spawner-3]   File "/opt/ros/humble/local/lib/python3.10/dist-packages/rclpy/executors.py", line 657, in _wait_for_ready_callbacks
[mujoco_spawner-3]     wait_set = _rclpy.WaitSet(
[mujoco_spawner-3] rclpy._rclpy_pybind11.RCLError: failed to initialize wait set: the given context is not valid, either rcl_init() was not called or rcl_shutdown() was called., at ./src/rcl/wait.c:130
[INFO] [lifecycle_manager-13]: process has finished cleanly [pid 92486]
[imu_republisher.py-15] Traceback (most recent call last):
[imu_republisher.py-15]   File "/home/molar1/bumperbot_ws/install/robot_lab_localization/lib/robot_lab_localization/imu_republisher.py", line 54, in <module>
[imu_republisher.py-15]     main()
[imu_republisher.py-15]   File "/home/molar1/bumperbot_ws/install/robot_lab_localization/lib/robot_lab_localization/imu_republisher.py", line 45, in main
[imu_republisher.py-15]     rclpy.spin(node)
[imu_republisher.py-15]   File "/opt/ros/humble/local/lib/python3.10/dist-packages/rclpy/__init__.py", line 229, in spin
[imu_republisher.py-15]     executor.spin_once()
[imu_republisher.py-15]   File "/opt/ros/humble/local/lib/python3.10/dist-packages/rclpy/executors.py", line 812, in spin_once
[imu_republisher.py-15]     self._spin_once_impl(timeout_sec)
[imu_republisher.py-15]   File "/opt/ros/humble/local/lib/python3.10/dist-packages/rclpy/executors.py", line 801, in _spin_once_impl
[imu_republisher.py-15]     handler, entity, node = self.wait_for_ready_callbacks(timeout_sec=timeout_sec)
[imu_republisher.py-15]   File "/opt/ros/humble/local/lib/python3.10/dist-packages/rclpy/executors.py", line 784, in wait_for_ready_callbacks
[imu_republisher.py-15]     return next(self._cb_iter)
[imu_republisher.py-15]   File "/opt/ros/humble/local/lib/python3.10/dist-packages/rclpy/executors.py", line 657, in _wait_for_ready_callbacks
[imu_republisher.py-15]     wait_set = _rclpy.WaitSet(
[imu_republisher.py-15] rclpy._rclpy_pybind11.RCLError: failed to initialize wait set: the given context is not valid, either rcl_init() was not called or rcl_shutdown() was called., at ./src/rcl/wait.c:130
[INFO] [amcl-12]: process has finished cleanly [pid 92484]
[INFO] [wheel_imu_fusion-16]: process has finished cleanly [pid 92492]
[INFO] [map_server-11]: process has finished cleanly [pid 92482]
[INFO] [go2-stance-gait-controller-1]: process has finished cleanly [pid 92224]
[ERROR] [joy_teleop-4]: process has died [pid 92230, exit code 1, cmd '/opt/ros/humble/lib/joy_teleop/joy_teleop --ros-args --params-file /home/molar1/bumperbot_ws/install/robot_lab_controller/share/robot_lab_controller/config/joy_teleop.yaml --params-file /workspace/molar/.tmp/launch_params_7x0uyj1h'].
[ERROR] [imu_republisher.py-15]: process has died [pid 92490, exit code 1, cmd '/home/molar1/bumperbot_ws/install/robot_lab_localization/lib/robot_lab_localization/imu_republisher.py --ros-args --params-file /workspace/molar/.tmp/launch_params_x5v4xf0s'].
[ERROR] [joystick_relay.py-8]: process has died [pid 92238, exit code 1, cmd '/opt/ros/humble/lib/twist_mux/joystick_relay.py --ros-args --params-file /workspace/molar/.tmp/launch_params_j7qd2ibc --params-file /home/molar1/bumperbot_ws/install/robot_lab_controller/share/robot_lab_controller/config/twist_mux_joy.yaml -r joy_vel_in:=input_joy/cmd_vel -r joy_vel_out:=joy_vel'].
[ERROR] [mujoco_spawner-3]: process has died [pid 92228, exit code 1, cmd '/home/molar1/bumperbot_ws/install/robot_lab_mujoco/lib/robot_lab_mujoco/mujoco_spawner --ros-args -r __node:=mujoco_spawner --params-file /workspace/molar/.tmp/launch_params_z2pfemq_'].
