[INFO] [launch]: All log files can be found below /home/molar1/.ros/log/2026-10-01-15-34-36-934537-molar1-519329
[INFO] [launch]: Default logging verbosity is set to INFO
[robot_lab] algorithm localization=amcl -> global_localization stack
[robot_lab] algorithm state_estimation=ekf_localization_node -> local_localization stack
[robot_lab] algorithm sensor_fusion=wheel_imu_fusion -> node robot_lab_algorithms/wheel_imu_fusion
[INFO] [go2-stance-gait-controller-1]: process started with pid [519372]
[INFO] [robot_state_publisher-2]: process started with pid [519374]
[INFO] [mujoco_spawner-3]: process started with pid [519376]
[INFO] [joy_teleop-4]: process started with pid [519378]
[INFO] [joy_node-5]: process started with pid [519380]
[INFO] [twist_mux-6]: process started with pid [519382]
[INFO] [twist_marker-7]: process started with pid [519384]
[INFO] [joystick_relay.py-8]: process started with pid [519386]
[INFO] [twist_relay-9]: process started with pid [519388]
[INFO] [simulator_ready_gate-10]: process started with pid [519390]
[twist_mux-6] [INFO] [1790861677.967424945] [twist_mux]: Topic handler 'topics.joystick' subscribed to topic 'joy_vel': timeout = 0.500000s , priority = 99.
[twist_mux-6] [INFO] [1790861677.969911946] [twist_mux]: Topic handler 'topics.keyboard' subscribed to topic 'key_vel': timeout = 0.500000s , priority = 90.
[twist_mux-6] [INFO] [1790861677.971469361] [twist_mux]: Topic handler 'topics.navigation' subscribed to topic 'cmd_vel': timeout = 0.500000s , priority = 80.
[twist_mux-6] [INFO] [1790861677.973232884] [twist_mux]: Topic handler 'locks.safety_stop' subscribed to topic 'safety_stop': timeout = None , priority = 255.
[robot_state_publisher-2] [INFO] [1790861677.997343795] [robot_state_publisher]: got segment FL_calf
[robot_state_publisher-2] [INFO] [1790861677.998642462] [robot_state_publisher]: got segment FL_calf_rotor
[robot_state_publisher-2] [INFO] [1790861677.999396498] [robot_state_publisher]: got segment FL_foot
[robot_state_publisher-2] [INFO] [1790861678.000079719] [robot_state_publisher]: got segment FL_hip
[robot_state_publisher-2] [INFO] [1790861678.000581727] [robot_state_publisher]: got segment FL_hip_rotor
[robot_state_publisher-2] [INFO] [1790861678.000996056] [robot_state_publisher]: got segment FL_thigh
[robot_state_publisher-2] [INFO] [1790861678.001484048] [robot_state_publisher]: got segment FL_thigh_rotor
[robot_state_publisher-2] [INFO] [1790861678.001883274] [robot_state_publisher]: got segment FR_calf
[robot_state_publisher-2] [INFO] [1790861678.002274404] [robot_state_publisher]: got segment FR_calf_rotor
[robot_state_publisher-2] [INFO] [1790861678.002683197] [robot_state_publisher]: got segment FR_foot
[robot_state_publisher-2] [INFO] [1790861678.003087543] [robot_state_publisher]: got segment FR_hip
[robot_state_publisher-2] [INFO] [1790861678.003521200] [robot_state_publisher]: got segment FR_hip_rotor
[robot_state_publisher-2] [INFO] [1790861678.003982472] [robot_state_publisher]: got segment FR_thigh
[robot_state_publisher-2] [INFO] [1790861678.004448673] [robot_state_publisher]: got segment FR_thigh_rotor
[robot_state_publisher-2] [INFO] [1790861678.004915066] [robot_state_publisher]: got segment RL_calf
[robot_state_publisher-2] [INFO] [1790861678.005358322] [robot_state_publisher]: got segment RL_calf_rotor
[robot_state_publisher-2] [INFO] [1790861678.005773836] [robot_state_publisher]: got segment RL_foot
[robot_state_publisher-2] [INFO] [1790861678.006173477] [robot_state_publisher]: got segment RL_hip
[robot_state_publisher-2] [INFO] [1790861678.006564863] [robot_state_publisher]: got segment RL_hip_rotor
[robot_state_publisher-2] [INFO] [1790861678.006958201] [robot_state_publisher]: got segment RL_thigh
[robot_state_publisher-2] [INFO] [1790861678.007343571] [robot_state_publisher]: got segment RL_thigh_rotor
[robot_state_publisher-2] [INFO] [1790861678.007760908] [robot_state_publisher]: got segment RR_calf
[robot_state_publisher-2] [INFO] [1790861678.008196133] [robot_state_publisher]: got segment RR_calf_rotor
[robot_state_publisher-2] [INFO] [1790861678.008640254] [robot_state_publisher]: got segment RR_foot
[robot_state_publisher-2] [INFO] [1790861678.009078743] [robot_state_publisher]: got segment RR_hip
[robot_state_publisher-2] [INFO] [1790861678.009102711] [robot_state_publisher]: got segment RR_hip_rotor
[robot_state_publisher-2] [INFO] [1790861678.009113750] [robot_state_publisher]: got segment RR_thigh
[robot_state_publisher-2] [INFO] [1790861678.009123510] [robot_state_publisher]: got segment RR_thigh_rotor
[robot_state_publisher-2] [INFO] [1790861678.009131158] [robot_state_publisher]: got segment base
[robot_state_publisher-2] [INFO] [1790861678.009138614] [robot_state_publisher]: got segment front_camera
[robot_state_publisher-2] [INFO] [1790861678.009146038] [robot_state_publisher]: got segment imu_link
[robot_state_publisher-2] [INFO] [1790861678.009155830] [robot_state_publisher]: got segment trunk
[go2-stance-gait-controller-1] [0;93m2026-10-01 15:34:38.675286613 [W:onnxruntime:Default, device_discovery.cc:164 DiscoverDevicesForPlatform] GPU device discovery failed: device_discovery.cc:89 ReadFileContents Failed to open file: "/sys/class/drm/card1/device/vendor"[m
[go2-stance-gait-controller-1] [INFO] [1790861678.746962298] [go2_stance_gait_controller]: Go2 closed-loop stance: 12 effort joints at 250.0 Hz; controller ONNX velocity policy
[mujoco_spawner-3] [INFO] [1790861680.026935869] [mujoco_spawner]: MuJoCo: 18 collision proxy geom(s) moved to group 3 (viewer Rendering tab to show them).
[mujoco_spawner-3] [INFO] [1790861680.086174825] [mujoco_spawner]: MuJoCo URDF import OK (all meshes staged).
[mujoco_spawner-3] [WARN] [1790861680.102452229] [mujoco_spawner]: MuJoCo effort plant: no MJCF beside /home/molar1/bumperbot_ws/install/robot_lab_robots/share/robot_lab_robots/unitree/go2_description/xacro/go2_sim.xacro names every effort joint; keeping the URDF <dynamics> (damping=5.0 is a Gazebo stabiliser the robot does not have).
[mujoco_spawner-3] [INFO] [1790861680.163887822] [mujoco_spawner]: MuJoCo physics timestep: 0.0010 s
[mujoco_spawner-3] [INFO] [1790861680.166798272] [mujoco_spawner]: Robot has no 'oakd_rgb_camera_frame' link; no RGB-D camera is published.
[mujoco_spawner-3] [INFO] [1790861680.168515940] [mujoco_spawner]: Joints: ['FR_hip_joint', 'FR_thigh_joint', 'FR_calf_joint', 'FL_hip_joint', 'FL_thigh_joint', 'FL_calf_joint', 'RR_hip_joint', 'RR_thigh_joint', 'RR_calf_joint', 'RL_hip_joint', 'RL_thigh_joint', 'RL_calf_joint']   lw= rw=
[mujoco_spawner-3] [INFO] [1790861680.173458453] [mujoco_spawner]: MuJoCo effort joint armature: 0.0100 kg m^2
[mujoco_spawner-3] [INFO] [1790861680.175604243] [mujoco_spawner]: Joint effort input: /go2_group_effort_controller/commands (12 joints, URDF limits)
[mujoco_spawner-3] [INFO] [1790861680.178307720] [mujoco_spawner]: Spawn ground clearance: raised root by 0.2050 m
[mujoco_spawner-3] [INFO] [1790861680.179754704] [mujoco_spawner]: MuJoCo model loaded: 14 bodies, 13 joints
[mujoco_spawner-3] [INFO] [1790861680.180833727] [mujoco_spawner]: MuJoCo gui param=False (resolved=False), DISPLAY=:1 -> mode=DIRECT
[mujoco_spawner-3] [INFO] [1790861680.181701009] [mujoco_spawner]: MuJoCo running headless (gui=False, viewer=True).
[mujoco_spawner-3] [INFO] [1790861680.188404902] [mujoco_spawner]: MuJoCo spawner running.
[go2-stance-gait-controller-1] [INFO] [1790861680.190658658] [go2_stance_gait_controller]: Go2 recovery disabled
[INFO] [simulator_ready_gate-10]: process has finished cleanly [pid 519390]
[INFO] [amcl-12]: process started with pid [519616]
[INFO] [map_server-11]: process started with pid [519614]
[INFO] [lifecycle_manager-13]: process started with pid [519618]
[INFO] [ekf_node-14]: process started with pid [519620]
[INFO] [imu_republisher.py-15]: process started with pid [519622]
[INFO] [wheel_imu_fusion-16]: process started with pid [519624]
[lifecycle_manager-13] [INFO] [1790861680.598794913] [lifecycle_manager_localization]: Creating
[map_server-11] [INFO] [1790861680.608746882] [map_server]: 
[map_server-11] 	map_server lifecycle node launched. 
[map_server-11] 	Waiting on external lifecycle transitions to activate
[map_server-11] 	See https://design.ros2.org/articles/node_lifecycle.html for more information.
[amcl-12] [0m[INFO] [1790861680.609178811] [amcl]: 
[amcl-12] 	amcl lifecycle node launched. 
[amcl-12] 	Waiting on external lifecycle transitions to activate
[amcl-12] 	See https://design.ros2.org/articles/node_lifecycle.html for more information.[0m
[amcl-12] [0m[INFO] [1790861680.610469735] [amcl]: Creating[0m
[map_server-11] [INFO] [1790861680.611462807] [map_server]: Creating
[lifecycle_manager-13] [INFO] [1790861680.612881728] [lifecycle_manager_localization]: [34m[1mCreating and initializing lifecycle service clients[0m[0m
[lifecycle_manager-13] [INFO] [1790861680.759966447] [lifecycle_manager_localization]: [34m[1mStarting managed nodes bringup...[0m[0m
[lifecycle_manager-13] [INFO] [1790861680.760073709] [lifecycle_manager_localization]: [34m[1mConfiguring map_server[0m[0m
[map_server-11] [INFO] [1790861680.761198203] [map_server]: Configuring
[map_server-11] [INFO] [1790861680.761330457] [map_io]: Loading yaml file: /home/molar1/bumperbot_ws/install/robot_lab_maps/share/robot_lab_maps/maps/terrain_stairs/maps/map.yaml
[map_server-11] [INFO] [1790861680.761770066] [map_io]: resolution: 0.05
[map_server-11] [INFO] [1790861680.761790706] [map_io]: origin[0]: -9
[map_server-11] [INFO] [1790861680.761797234] [map_io]: origin[1]: -9
[map_server-11] [INFO] [1790861680.761801746] [map_io]: origin[2]: 0
[map_server-11] [INFO] [1790861680.761806578] [map_io]: free_thresh: 0.196
[map_server-11] [INFO] [1790861680.761811250] [map_io]: occupied_thresh: 0.65
[map_server-11] [INFO] [1790861680.761816882] [map_io]: mode: trinary
[map_server-11] [INFO] [1790861680.761823217] [map_io]: negate: 0
[map_server-11] [INFO] [1790861680.762108461] [map_io]: Loading image_file: /home/molar1/bumperbot_ws/install/robot_lab_maps/share/robot_lab_maps/maps/terrain_stairs/maps/map.pgm
[map_server-11] [INFO] [1790861680.779295034] [map_io]: Read map /home/molar1/bumperbot_ws/install/robot_lab_maps/share/robot_lab_maps/maps/terrain_stairs/maps/map.pgm: 360 X 360 map @ 0.05 m/cell
[lifecycle_manager-13] [INFO] [1790861680.788818626] [lifecycle_manager_localization]: [34m[1mConfiguring amcl[0m[0m
[amcl-12] [0m[INFO] [1790861680.789197756] [amcl]: Configuring[0m
[amcl-12] [0m[INFO] [1790861680.789362233] [amcl]: initTransforms[0m
[amcl-12] [0m[INFO] [1790861680.800156940] [amcl]: initPubSub[0m
[amcl-12] [0m[INFO] [1790861680.811814162] [amcl]: Subscribed to map topic.[0m
[lifecycle_manager-13] [INFO] [1790861680.829003199] [lifecycle_manager_localization]: [34m[1mActivating map_server[0m[0m
[amcl-12] [0m[INFO] [1790861680.831166396] [amcl]: Received a 360 X 360 map @ 0.050 m/pix[0m
[map_server-11] [INFO] [1790861680.830149996] [map_server]: Activating
[map_server-11] [INFO] [1790861680.830660804] [map_server]: Creating bond (map_server) to lifecycle manager.
[lifecycle_manager-13] [INFO] [1790861680.936986431] [lifecycle_manager_localization]: Server map_server connected with bond.
[lifecycle_manager-13] [INFO] [1790861680.937085214] [lifecycle_manager_localization]: [34m[1mActivating amcl[0m[0m
[amcl-12] [0m[INFO] [1790861680.937414457] [amcl]: Activating[0m
[amcl-12] [0m[INFO] [1790861680.937589654] [amcl]: initialPoseReceived[0m
[amcl-12] [0m[INFO] [1790861680.937832050] [amcl]: Setting pose (0.596000): -7.500 -4.000 0.000[0m
[amcl-12] [0m[INFO] [1790861680.938421256] [amcl]: Creating bond (amcl) to lifecycle manager.[0m
[amcl-12] [0m[INFO] [1790861681.002987904] [amcl]: createLaserObject[0m
[lifecycle_manager-13] [INFO] [1790861681.042925505] [lifecycle_manager_localization]: Server amcl connected with bond.
[lifecycle_manager-13] [INFO] [1790861681.043017535] [lifecycle_manager_localization]: [34m[1mManaged nodes are active[0m[0m
[lifecycle_manager-13] [INFO] [1790861681.043052767] [lifecycle_manager_localization]: [34m[1mCreating bond timer...[0m[0m
[wheel_imu_fusion-16] [INFO] [1790861681.362882627] [sensor_fusion_wheel_imu_fusion]: wheel_imu_fusion ready
[amcl-12] [0m[INFO] [1790861692.321618021] [rclcpp]: signal_handler(SIGINT/SIGTERM)[0m
[amcl-12] [0m[INFO] [1790861692.321740099] [amcl]: Running Nav2 LifecycleNode rcl preshutdown (amcl)[0m
[amcl-12] [0m[INFO] [1790861692.321850369] [amcl]: Deactivating[0m
[amcl-12] [0m[INFO] [1790861692.321890241] [amcl]: Destroying bond (amcl) to lifecycle manager.[0m
[lifecycle_manager-13] [INFO] [1790861692.321578566] [rclcpp]: signal_handler(SIGINT/SIGTERM)
[lifecycle_manager-13] [INFO] [1790861692.321738595] [lifecycle_manager_localization]: Running Nav2 LifecycleManager rcl preshutdown (lifecycle_manager_localization)
[lifecycle_manager-13] [INFO] [1790861692.321815490] [lifecycle_manager_localization]: [34m[1mTerminating bond timer...[0m[0m
[ekf_node-14] [INFO] [1790861692.321568422] [rclcpp]: signal_handler(SIGINT/SIGTERM)
[twist_marker-7] [INFO] [1790861692.321581478] [rclcpp]: signal_handler(SIGINT/SIGTERM)
[joy_node-5] [INFO] [1790861692.321603269] [rclcpp]: signal_handler(SIGINT/SIGTERM)
[twist_relay-9] [INFO] [1790861692.321623813] [rclcpp]: signal_handler(SIGINT/SIGTERM)
[robot_state_publisher-2] [INFO] [1790861692.321660516] [rclcpp]: signal_handler(SIGINT/SIGTERM)
[map_server-11] [INFO] [1790861692.321883137] [rclcpp]: signal_handler(SIGINT/SIGTERM)
[twist_mux-6] [INFO] [1790861692.322114045] [rclcpp]: signal_handler(SIGINT/SIGTERM)
[map_server-11] [INFO] [1790861692.324143229] [map_server]: Running Nav2 LifecycleNode rcl preshutdown (map_server)
[map_server-11] [INFO] [1790861692.324284154] [map_server]: Deactivating
[map_server-11] [INFO] [1790861692.324311290] [map_server]: Destroying bond (map_server) to lifecycle manager.
[amcl-12] [0m[INFO] [1790861692.332253115] [amcl]: Cleaning up[0m
[map_server-11] [INFO] [1790861692.334692468] [map_server]: Cleaning up
[map_server-11] [INFO] [1790861692.334794834] [map_server]: Destroying bond (map_server) to lifecycle manager.
[map_server-11] [INFO] [1790861692.346934000] [map_server]: Destroying
[amcl-12] [0m[INFO] [1790861692.358130973] [amcl]: Destroying bond (amcl) to lifecycle manager.[0m
[amcl-12] [0m[INFO] [1790861692.364491256] [amcl]: Destroying[0m
[lifecycle_manager-13] [INFO] [1790861692.366394745] [lifecycle_manager_localization]: Destroying lifecycle_manager_localization
[joy_teleop-4] Traceback (most recent call last):
[joy_teleop-4]   File "/opt/ros/humble/lib/joy_teleop/joy_teleop", line 33, in <module>
[joy_teleop-4]     sys.exit(load_entry_point('joy-teleop==1.6.0', 'console_scripts', 'joy_teleop')())
[joy_teleop-4]   File "/opt/ros/humble/lib/python3.10/site-packages/joy_teleop/joy_teleop.py", line 435, in main
[joy_teleop-4]     rclpy.spin(node)
[joy_teleop-4]   File "/opt/ros/humble/local/lib/python3.10/dist-packages/rclpy/__init__.py", line 229, in spin
[joy_teleop-4]     executor.spin_once()
[joy_teleop-4]   File "/opt/ros/humble/local/lib/python3.10/dist-packages/rclpy/executors.py", line 812, in spin_once
[joy_teleop-4]     self._spin_once_impl(timeout_sec)
[joy_teleop-4]   File "/opt/ros/humble/local/lib/python3.10/dist-packages/rclpy/executors.py", line 801, in _spin_once_impl
[joy_teleop-4]     handler, entity, node = self.wait_for_ready_callbacks(timeout_sec=timeout_sec)
[joy_teleop-4]   File "/opt/ros/humble/local/lib/python3.10/dist-packages/rclpy/executors.py", line 784, in wait_for_ready_callbacks
[joy_teleop-4]     return next(self._cb_iter)
[joy_teleop-4]   File "/opt/ros/humble/local/lib/python3.10/dist-packages/rclpy/executors.py", line 685, in _wait_for_ready_callbacks
[joy_teleop-4]     raise ExternalShutdownException()
[joy_teleop-4] rclpy.executors.ExternalShutdownException
[INFO] [twist_marker-7]: process has finished cleanly [pid 519384]
[INFO] [joy_node-5]: process has finished cleanly [pid 519380]
[INFO] [robot_state_publisher-2]: process has finished cleanly [pid 519374]
[INFO] [lifecycle_manager-13]: process has finished cleanly [pid 519618]
[INFO] [twist_relay-9]: process has finished cleanly [pid 519388]
[INFO] [ekf_node-14]: process has finished cleanly [pid 519620]
[INFO] [twist_mux-6]: process has finished cleanly [pid 519382]
[INFO] [amcl-12]: process has finished cleanly [pid 519616]
[INFO] [map_server-11]: process has finished cleanly [pid 519614]
[imu_republisher.py-15] Traceback (most recent call last):
[imu_republisher.py-15]   File "/home/molar1/bumperbot_ws/install/robot_lab_localization/lib/robot_lab_localization/imu_republisher.py", line 54, in <module>
[imu_republisher.py-15]     main()
[imu_republisher.py-15]   File "/home/molar1/bumperbot_ws/install/robot_lab_localization/lib/robot_lab_localization/imu_republisher.py", line 45, in main
[imu_republisher.py-15]     rclpy.spin(node)
[imu_republisher.py-15]   File "/opt/ros/humble/local/lib/python3.10/dist-packages/rclpy/__init__.py", line 229, in spin
[imu_republisher.py-15]     executor.spin_once()
[imu_republisher.py-15]   File "/opt/ros/humble/local/lib/python3.10/dist-packages/rclpy/executors.py", line 812, in spin_once
[imu_republisher.py-15]     self._spin_once_impl(timeout_sec)
[imu_republisher.py-15]   File "/opt/ros/humble/local/lib/python3.10/dist-packages/rclpy/executors.py", line 801, in _spin_once_impl
[imu_republisher.py-15]     handler, entity, node = self.wait_for_ready_callbacks(timeout_sec=timeout_sec)
[imu_republisher.py-15]   File "/opt/ros/humble/local/lib/python3.10/dist-packages/rclpy/executors.py", line 784, in wait_for_ready_callbacks
[imu_republisher.py-15]     return next(self._cb_iter)
[imu_republisher.py-15]   File "/opt/ros/humble/local/lib/python3.10/dist-packages/rclpy/executors.py", line 685, in _wait_for_ready_callbacks
[imu_republisher.py-15]     raise ExternalShutdownException()
[imu_republisher.py-15] rclpy.executors.ExternalShutdownException
[INFO] [wheel_imu_fusion-16]: process has finished cleanly [pid 519624]
[INFO] [go2-stance-gait-controller-1]: process has finished cleanly [pid 519372]
[INFO] [mujoco_spawner-3]: process has finished cleanly [pid 519376]
[INFO] [joystick_relay.py-8]: process has finished cleanly [pid 519386]
[ERROR] [joy_teleop-4]: process has died [pid 519378, exit code 1, cmd '/opt/ros/humble/lib/joy_teleop/joy_teleop --ros-args --params-file /home/molar1/bumperbot_ws/install/robot_lab_controller/share/robot_lab_controller/config/joy_teleop.yaml --params-file /workspace/molar/.tmp/launch_params_y_05s7ai'].
[ERROR] [imu_republisher.py-15]: process has died [pid 519622, exit code 1, cmd '/home/molar1/bumperbot_ws/install/robot_lab_localization/lib/robot_lab_localization/imu_republisher.py --ros-args --params-file /workspace/molar/.tmp/launch_params_dssjn6al'].
