[INFO] [launch]: All log files can be found below /home/molar1/.ros/log/2026-09-28-14-27-34-503148-molar1-246610
[INFO] [launch]: Default logging verbosity is set to INFO
[robot_lab] algorithm localization=amcl -> global_localization stack
[robot_lab] algorithm state_estimation=ekf_localization_node -> local_localization stack
[robot_lab] algorithm sensor_fusion=wheel_imu_fusion -> node robot_lab_algorithms/wheel_imu_fusion
[INFO] [go2-stance-gait-controller-1]: process started with pid [246653]
[INFO] [robot_state_publisher-2]: process started with pid [246655]
[INFO] [mujoco_spawner-3]: process started with pid [246657]
[INFO] [joy_teleop-4]: process started with pid [246659]
[INFO] [joy_node-5]: process started with pid [246661]
[INFO] [twist_mux-6]: process started with pid [246663]
[INFO] [twist_marker-7]: process started with pid [246665]
[INFO] [joystick_relay.py-8]: process started with pid [246667]
[INFO] [twist_relay-9]: process started with pid [246671]
[INFO] [simulator_ready_gate-10]: process started with pid [246678]
[robot_state_publisher-2] [INFO] [1790598455.409734525] [robot_state_publisher]: got segment FL_calf
[robot_state_publisher-2] [INFO] [1790598455.410916009] [robot_state_publisher]: got segment FL_calf_rotor
[robot_state_publisher-2] [INFO] [1790598455.411441756] [robot_state_publisher]: got segment FL_foot
[robot_state_publisher-2] [INFO] [1790598455.411887949] [robot_state_publisher]: got segment FL_hip
[robot_state_publisher-2] [INFO] [1790598455.412300988] [robot_state_publisher]: got segment FL_hip_rotor
[robot_state_publisher-2] [INFO] [1790598455.412697771] [robot_state_publisher]: got segment FL_thigh
[robot_state_publisher-2] [INFO] [1790598455.413106362] [robot_state_publisher]: got segment FL_thigh_rotor
[robot_state_publisher-2] [INFO] [1790598455.413492296] [robot_state_publisher]: got segment FR_calf
[robot_state_publisher-2] [INFO] [1790598455.414078302] [robot_state_publisher]: got segment FR_calf_rotor
[robot_state_publisher-2] [INFO] [1790598455.414111135] [robot_state_publisher]: got segment FR_foot
[robot_state_publisher-2] [INFO] [1790598455.414124544] [robot_state_publisher]: got segment FR_hip
[robot_state_publisher-2] [INFO] [1790598455.414134368] [robot_state_publisher]: got segment FR_hip_rotor
[robot_state_publisher-2] [INFO] [1790598455.414142849] [robot_state_publisher]: got segment FR_thigh
[robot_state_publisher-2] [INFO] [1790598455.414151809] [robot_state_publisher]: got segment FR_thigh_rotor
[robot_state_publisher-2] [INFO] [1790598455.414159713] [robot_state_publisher]: got segment RL_calf
[robot_state_publisher-2] [INFO] [1790598455.414169122] [robot_state_publisher]: got segment RL_calf_rotor
[robot_state_publisher-2] [INFO] [1790598455.414176642] [robot_state_publisher]: got segment RL_foot
[robot_state_publisher-2] [INFO] [1790598455.414184002] [robot_state_publisher]: got segment RL_hip
[robot_state_publisher-2] [INFO] [1790598455.414191874] [robot_state_publisher]: got segment RL_hip_rotor
[robot_state_publisher-2] [INFO] [1790598455.414199011] [robot_state_publisher]: got segment RL_thigh
[robot_state_publisher-2] [INFO] [1790598455.414206979] [robot_state_publisher]: got segment RL_thigh_rotor
[robot_state_publisher-2] [INFO] [1790598455.414214147] [robot_state_publisher]: got segment RR_calf
[robot_state_publisher-2] [INFO] [1790598455.414221732] [robot_state_publisher]: got segment RR_calf_rotor
[robot_state_publisher-2] [INFO] [1790598455.414230724] [robot_state_publisher]: got segment RR_foot
[robot_state_publisher-2] [INFO] [1790598455.414237668] [robot_state_publisher]: got segment RR_hip
[robot_state_publisher-2] [INFO] [1790598455.414245700] [robot_state_publisher]: got segment RR_hip_rotor
[robot_state_publisher-2] [INFO] [1790598455.414253157] [robot_state_publisher]: got segment RR_thigh
[robot_state_publisher-2] [INFO] [1790598455.414260325] [robot_state_publisher]: got segment RR_thigh_rotor
[robot_state_publisher-2] [INFO] [1790598455.414267365] [robot_state_publisher]: got segment base
[robot_state_publisher-2] [INFO] [1790598455.414274821] [robot_state_publisher]: got segment front_camera
[robot_state_publisher-2] [INFO] [1790598455.414281958] [robot_state_publisher]: got segment imu_link
[robot_state_publisher-2] [INFO] [1790598455.414290758] [robot_state_publisher]: got segment trunk
[twist_mux-6] [INFO] [1790598455.426863544] [twist_mux]: Topic handler 'topics.joystick' subscribed to topic 'joy_vel': timeout = 0.500000s , priority = 99.
[twist_mux-6] [INFO] [1790598455.427850557] [twist_mux]: Topic handler 'topics.keyboard' subscribed to topic 'key_vel': timeout = 0.500000s , priority = 90.
[twist_mux-6] [INFO] [1790598455.428659227] [twist_mux]: Topic handler 'topics.navigation' subscribed to topic 'cmd_vel': timeout = 0.500000s , priority = 80.
[twist_mux-6] [INFO] [1790598455.429732835] [twist_mux]: Topic handler 'locks.safety_stop' subscribed to topic 'safety_stop': timeout = None , priority = 255.
[go2-stance-gait-controller-1] [0;93m2026-09-28 14:27:36.086240409 [W:onnxruntime:Default, device_discovery.cc:164 DiscoverDevicesForPlatform] GPU device discovery failed: device_discovery.cc:89 ReadFileContents Failed to open file: "/sys/class/drm/card1/device/vendor"[m
[go2-stance-gait-controller-1] [INFO] [1790598456.156227512] [go2_stance_gait_controller]: Go2 closed-loop stance: 12 effort joints at 250.0 Hz; controller ONNX velocity policy
[mujoco_spawner-3] [INFO] [1790598457.434462114] [mujoco_spawner]: MuJoCo: 18 collision proxy geom(s) moved to group 3 (viewer Rendering tab to show them).
[mujoco_spawner-3] [INFO] [1790598457.485413084] [mujoco_spawner]: MuJoCo URDF import OK (all meshes staged).
[mujoco_spawner-3] [WARN] [1790598457.501903869] [mujoco_spawner]: MuJoCo effort plant: no MJCF beside /home/molar1/bumperbot_ws/install/robot_lab_robots/share/robot_lab_robots/unitree/go2_description/xacro/go2_sim.xacro names every effort joint; keeping the URDF <dynamics> (damping=5.0 is a Gazebo stabiliser the robot does not have).
[mujoco_spawner-3] [INFO] [1790598457.562000136] [mujoco_spawner]: MuJoCo physics timestep: 0.0010 s
[mujoco_spawner-3] [INFO] [1790598457.565096251] [mujoco_spawner]: Robot has no 'oakd_rgb_camera_frame' link; no RGB-D camera is published.
[mujoco_spawner-3] [INFO] [1790598457.566824890] [mujoco_spawner]: Joints: ['FR_hip_joint', 'FR_thigh_joint', 'FR_calf_joint', 'FL_hip_joint', 'FL_thigh_joint', 'FL_calf_joint', 'RR_hip_joint', 'RR_thigh_joint', 'RR_calf_joint', 'RL_hip_joint', 'RL_thigh_joint', 'RL_calf_joint']   lw= rw=
[mujoco_spawner-3] [INFO] [1790598457.570229976] [mujoco_spawner]: MuJoCo effort joint armature: 0.0100 kg m^2
[mujoco_spawner-3] [INFO] [1790598457.572742965] [mujoco_spawner]: Joint effort input: /go2_group_effort_controller/commands (12 joints, URDF limits)
[mujoco_spawner-3] [INFO] [1790598457.575607007] [mujoco_spawner]: Spawn ground clearance: raised root by 0.1665 m
[mujoco_spawner-3] [INFO] [1790598457.577016051] [mujoco_spawner]: MuJoCo model loaded: 14 bodies, 13 joints
[mujoco_spawner-3] [INFO] [1790598457.578067706] [mujoco_spawner]: MuJoCo gui param=False (resolved=False), DISPLAY=:1 -> mode=DIRECT
[mujoco_spawner-3] [INFO] [1790598457.578988924] [mujoco_spawner]: MuJoCo running headless (gui=False, viewer=True).
[mujoco_spawner-3] [INFO] [1790598457.584505799] [mujoco_spawner]: MuJoCo spawner running.
[go2-stance-gait-controller-1] [WARN] [1790598457.589115314] [go2_stance_gait_controller]: Go2 safety safe_stop: tilt 1.40 rad exceeds fall threshold
[go2-stance-gait-controller-1] [INFO] [1790598457.590819793] [go2_stance_gait_controller]: Go2 recovery disabled
[INFO] [simulator_ready_gate-10]: process has finished cleanly [pid 246678]
[INFO] [amcl-12]: process started with pid [246969]
[INFO] [map_server-11]: process started with pid [246967]
[INFO] [lifecycle_manager-13]: process started with pid [246971]
[INFO] [ekf_node-14]: process started with pid [246973]
[INFO] [imu_republisher.py-15]: process started with pid [246975]
[INFO] [wheel_imu_fusion-16]: process started with pid [246977]
[lifecycle_manager-13] [INFO] [1790598457.989102502] [lifecycle_manager_localization]: Creating
[lifecycle_manager-13] [INFO] [1790598457.992004145] [lifecycle_manager_localization]: [34m[1mCreating and initializing lifecycle service clients[0m[0m
[amcl-12] [0m[INFO] [1790598457.993161532] [amcl]: 
[amcl-12] 	amcl lifecycle node launched. 
[amcl-12] 	Waiting on external lifecycle transitions to activate
[amcl-12] 	See https://design.ros2.org/articles/node_lifecycle.html for more information.[0m
[amcl-12] [0m[INFO] [1790598457.997334198] [amcl]: Creating[0m
[map_server-11] [INFO] [1790598458.021947330] [map_server]: 
[map_server-11] 	map_server lifecycle node launched. 
[map_server-11] 	Waiting on external lifecycle transitions to activate
[map_server-11] 	See https://design.ros2.org/articles/node_lifecycle.html for more information.
[map_server-11] [INFO] [1790598458.022134185] [map_server]: Creating
[lifecycle_manager-13] [INFO] [1790598458.082223215] [lifecycle_manager_localization]: [34m[1mStarting managed nodes bringup...[0m[0m
[lifecycle_manager-13] [INFO] [1790598458.083221108] [lifecycle_manager_localization]: [34m[1mConfiguring map_server[0m[0m
[map_server-11] [INFO] [1790598458.083704390] [map_server]: Configuring
[map_server-11] [INFO] [1790598458.083834187] [map_io]: Loading yaml file: /home/molar1/bumperbot_ws/install/robot_lab_maps/share/robot_lab_maps/maps/nav_empty/maps/map.yaml
[map_server-11] [INFO] [1790598458.084250010] [map_io]: resolution: 0.05
[map_server-11] [INFO] [1790598458.084266523] [map_io]: origin[0]: -7
[map_server-11] [INFO] [1790598458.084272507] [map_io]: origin[1]: -7
[map_server-11] [INFO] [1790598458.084277211] [map_io]: origin[2]: 0
[map_server-11] [INFO] [1790598458.084282139] [map_io]: free_thresh: 0.196
[map_server-11] [INFO] [1790598458.084286939] [map_io]: occupied_thresh: 0.65
[map_server-11] [INFO] [1790598458.084292540] [map_io]: mode: trinary
[map_server-11] [INFO] [1790598458.084299228] [map_io]: negate: 0
[map_server-11] [INFO] [1790598458.084584134] [map_io]: Loading image_file: /home/molar1/bumperbot_ws/install/robot_lab_maps/share/robot_lab_maps/maps/nav_empty/maps/map.pgm
[map_server-11] [INFO] [1790598458.095255312] [map_io]: Read map /home/molar1/bumperbot_ws/install/robot_lab_maps/share/robot_lab_maps/maps/nav_empty/maps/map.pgm: 280 X 280 map @ 0.05 m/cell
[lifecycle_manager-13] [INFO] [1790598458.104327550] [lifecycle_manager_localization]: [34m[1mConfiguring amcl[0m[0m
[amcl-12] [0m[INFO] [1790598458.106119680] [amcl]: Configuring[0m
[amcl-12] [0m[INFO] [1790598458.106283398] [amcl]: initTransforms[0m
[amcl-12] [0m[INFO] [1790598458.120245449] [amcl]: initPubSub[0m
[amcl-12] [0m[INFO] [1790598458.132994879] [amcl]: Subscribed to map topic.[0m
[lifecycle_manager-13] [INFO] [1790598458.142752038] [lifecycle_manager_localization]: [34m[1mActivating map_server[0m[0m
[map_server-11] [INFO] [1790598458.144134745] [map_server]: Activating
[map_server-11] [INFO] [1790598458.144459557] [map_server]: Creating bond (map_server) to lifecycle manager.
[amcl-12] [0m[INFO] [1790598458.193351535] [amcl]: Received a 280 X 280 map @ 0.050 m/pix[0m
[lifecycle_manager-13] [INFO] [1790598458.249826064] [lifecycle_manager_localization]: Server map_server connected with bond.
[lifecycle_manager-13] [INFO] [1790598458.249910963] [lifecycle_manager_localization]: [34m[1mActivating amcl[0m[0m
[amcl-12] [0m[INFO] [1790598458.250832181] [amcl]: Activating[0m
[amcl-12] [0m[INFO] [1790598458.250930745] [amcl]: initialPoseReceived[0m
[amcl-12] [0m[INFO] [1790598458.251140801] [amcl]: Setting pose (0.492000): -0.500 -0.500 0.000[0m
[amcl-12] [0m[INFO] [1790598458.251708470] [amcl]: Creating bond (amcl) to lifecycle manager.[0m
[lifecycle_manager-13] [INFO] [1790598458.355193692] [lifecycle_manager_localization]: Server amcl connected with bond.
[lifecycle_manager-13] [INFO] [1790598458.355280767] [lifecycle_manager_localization]: [34m[1mManaged nodes are active[0m[0m
[lifecycle_manager-13] [INFO] [1790598458.355302048] [lifecycle_manager_localization]: [34m[1mCreating bond timer...[0m[0m
[amcl-12] [0m[INFO] [1790598458.455035099] [amcl]: createLaserObject[0m
[wheel_imu_fusion-16] [INFO] [1790598458.692697618] [sensor_fusion_wheel_imu_fusion]: wheel_imu_fusion ready
[amcl-12] [0m[INFO] [1790598482.145530614] [rclcpp]: signal_handler(SIGINT/SIGTERM)[0m
[amcl-12] [0m[INFO] [1790598482.145693723] [amcl]: Running Nav2 LifecycleNode rcl preshutdown (amcl)[0m
[amcl-12] [0m[INFO] [1790598482.145816160] [amcl]: Deactivating[0m
[amcl-12] [0m[INFO] [1790598482.145856545] [amcl]: Destroying bond (amcl) to lifecycle manager.[0m
[ekf_node-14] [INFO] [1790598482.145517077] [rclcpp]: signal_handler(SIGINT/SIGTERM)
[robot_state_publisher-2] [INFO] [1790598482.145561975] [rclcpp]: signal_handler(SIGINT/SIGTERM)
[twist_mux-6] [INFO] [1790598482.145572951] [rclcpp]: signal_handler(SIGINT/SIGTERM)
[map_server-11] [INFO] [1790598482.145608536] [rclcpp]: signal_handler(SIGINT/SIGTERM)
[map_server-11] [INFO] [1790598482.145721820] [map_server]: Running Nav2 LifecycleNode rcl preshutdown (map_server)
[map_server-11] [INFO] [1790598482.145818112] [map_server]: Deactivating
[map_server-11] [INFO] [1790598482.145840961] [map_server]: Destroying bond (map_server) to lifecycle manager.
[lifecycle_manager-13] [INFO] [1790598482.145644186] [rclcpp]: signal_handler(SIGINT/SIGTERM)
[lifecycle_manager-13] [INFO] [1790598482.145750109] [lifecycle_manager_localization]: Running Nav2 LifecycleManager rcl preshutdown (lifecycle_manager_localization)
[lifecycle_manager-13] [INFO] [1790598482.145812864] [lifecycle_manager_localization]: [34m[1mTerminating bond timer...[0m[0m
[twist_relay-9] [INFO] [1790598482.145635257] [rclcpp]: signal_handler(SIGINT/SIGTERM)
[joy_node-5] [INFO] [1790598482.146048968] [rclcpp]: signal_handler(SIGINT/SIGTERM)
[twist_marker-7] [INFO] [1790598482.146441654] [rclcpp]: signal_handler(SIGINT/SIGTERM)
[amcl-12] [0m[INFO] [1790598482.156243821] [amcl]: Cleaning up[0m
[map_server-11] [INFO] [1790598482.156539255] [map_server]: Cleaning up
[map_server-11] [INFO] [1790598482.156653115] [map_server]: Destroying bond (map_server) to lifecycle manager.
[amcl-12] [0m[INFO] [1790598482.171360639] [amcl]: Destroying bond (amcl) to lifecycle manager.[0m
[joy_teleop-4] Traceback (most recent call last):
[joy_teleop-4]   File "/opt/ros/humble/lib/joy_teleop/joy_teleop", line 33, in <module>
[joy_teleop-4]     sys.exit(load_entry_point('joy-teleop==1.6.0', 'console_scripts', 'joy_teleop')())
[joy_teleop-4]   File "/opt/ros/humble/lib/python3.10/site-packages/joy_teleop/joy_teleop.py", line 435, in main
[joy_teleop-4]     rclpy.spin(node)
[joy_teleop-4]   File "/opt/ros/humble/local/lib/python3.10/dist-packages/rclpy/__init__.py", line 229, in spin
[joy_teleop-4]     executor.spin_once()
[joy_teleop-4]   File "/opt/ros/humble/local/lib/python3.10/dist-packages/rclpy/executors.py", line 812, in spin_once
[joy_teleop-4]     self._spin_once_impl(timeout_sec)
[joy_teleop-4]   File "/opt/ros/humble/local/lib/python3.10/dist-packages/rclpy/executors.py", line 801, in _spin_once_impl
[joy_teleop-4]     handler, entity, node = self.wait_for_ready_callbacks(timeout_sec=timeout_sec)
[joy_teleop-4]   File "/opt/ros/humble/local/lib/python3.10/dist-packages/rclpy/executors.py", line 784, in wait_for_ready_callbacks
[joy_teleop-4]     return next(self._cb_iter)
[joy_teleop-4]   File "/opt/ros/humble/local/lib/python3.10/dist-packages/rclpy/executors.py", line 685, in _wait_for_ready_callbacks
[joy_teleop-4]     raise ExternalShutdownException()
[joy_teleop-4] rclpy.executors.ExternalShutdownException
[amcl-12] [0m[INFO] [1790598482.255863439] [amcl]: Destroying[0m
[lifecycle_manager-13] [INFO] [1790598482.258988061] [lifecycle_manager_localization]: Destroying lifecycle_manager_localization
[map_server-11] [INFO] [1790598482.260366605] [map_server]: Destroying
[INFO] [twist_relay-9]: process has finished cleanly [pid 246671]
[INFO] [robot_state_publisher-2]: process has finished cleanly [pid 246655]
[INFO] [twist_marker-7]: process has finished cleanly [pid 246665]
[INFO] [ekf_node-14]: process has finished cleanly [pid 246973]
[INFO] [twist_mux-6]: process has finished cleanly [pid 246663]
[INFO] [joy_node-5]: process has finished cleanly [pid 246661]
[imu_republisher.py-15] Traceback (most recent call last):
[imu_republisher.py-15]   File "/home/molar1/bumperbot_ws/install/robot_lab_localization/lib/robot_lab_localization/imu_republisher.py", line 54, in <module>
[imu_republisher.py-15]     main()
[imu_republisher.py-15]   File "/home/molar1/bumperbot_ws/install/robot_lab_localization/lib/robot_lab_localization/imu_republisher.py", line 45, in main
[imu_republisher.py-15]     rclpy.spin(node)
[imu_republisher.py-15]   File "/opt/ros/humble/local/lib/python3.10/dist-packages/rclpy/__init__.py", line 229, in spin
[imu_republisher.py-15]     executor.spin_once()
[imu_republisher.py-15]   File "/opt/ros/humble/local/lib/python3.10/dist-packages/rclpy/executors.py", line 812, in spin_once
[imu_republisher.py-15]     self._spin_once_impl(timeout_sec)
[imu_republisher.py-15]   File "/opt/ros/humble/local/lib/python3.10/dist-packages/rclpy/executors.py", line 801, in _spin_once_impl
[imu_republisher.py-15]     handler, entity, node = self.wait_for_ready_callbacks(timeout_sec=timeout_sec)
[imu_republisher.py-15]   File "/opt/ros/humble/local/lib/python3.10/dist-packages/rclpy/executors.py", line 784, in wait_for_ready_callbacks
[imu_republisher.py-15]     return next(self._cb_iter)
[imu_republisher.py-15]   File "/opt/ros/humble/local/lib/python3.10/dist-packages/rclpy/executors.py", line 685, in _wait_for_ready_callbacks
[imu_republisher.py-15]     raise ExternalShutdownException()
[imu_republisher.py-15] rclpy.executors.ExternalShutdownException
[INFO] [lifecycle_manager-13]: process has finished cleanly [pid 246971]
[INFO] [amcl-12]: process has finished cleanly [pid 246969]
[INFO] [wheel_imu_fusion-16]: process has finished cleanly [pid 246977]
[INFO] [map_server-11]: process has finished cleanly [pid 246967]
[INFO] [go2-stance-gait-controller-1]: process has finished cleanly [pid 246653]
[INFO] [joystick_relay.py-8]: process has finished cleanly [pid 246667]
[INFO] [mujoco_spawner-3]: process has finished cleanly [pid 246657]
[ERROR] [joy_teleop-4]: process has died [pid 246659, exit code 1, cmd '/opt/ros/humble/lib/joy_teleop/joy_teleop --ros-args --params-file /home/molar1/bumperbot_ws/install/robot_lab_controller/share/robot_lab_controller/config/joy_teleop.yaml --params-file /workspace/molar/.tmp/launch_params_ifma5pde'].
[ERROR] [imu_republisher.py-15]: process has died [pid 246975, exit code 1, cmd '/home/molar1/bumperbot_ws/install/robot_lab_localization/lib/robot_lab_localization/imu_republisher.py --ros-args --params-file /workspace/molar/.tmp/launch_params_reql_odz'].
