[INFO] [launch]: All log files can be found below /home/molar1/.ros/log/2026-09-28-12-34-54-012992-molar1-163840
[INFO] [launch]: Default logging verbosity is set to INFO
[robot_lab] algorithm localization=amcl -> global_localization stack
[robot_lab] algorithm state_estimation=ekf_localization_node -> local_localization stack
[robot_lab] algorithm sensor_fusion=wheel_imu_fusion -> node robot_lab_algorithms/wheel_imu_fusion
[INFO] [go2-stance-gait-controller-1]: process started with pid [163886]
[INFO] [robot_state_publisher-2]: process started with pid [163888]
[INFO] [mujoco_spawner-3]: process started with pid [163890]
[INFO] [joy_teleop-4]: process started with pid [163892]
[INFO] [joy_node-5]: process started with pid [163894]
[INFO] [twist_mux-6]: process started with pid [163896]
[INFO] [twist_marker-7]: process started with pid [163898]
[INFO] [joystick_relay.py-8]: process started with pid [163900]
[INFO] [twist_relay-9]: process started with pid [163902]
[INFO] [simulator_ready_gate-10]: process started with pid [163904]
[twist_mux-6] [INFO] [1790591694.934663303] [twist_mux]: Topic handler 'topics.joystick' subscribed to topic 'joy_vel': timeout = 0.500000s , priority = 99.
[twist_mux-6] [INFO] [1790591694.939975449] [twist_mux]: Topic handler 'topics.keyboard' subscribed to topic 'key_vel': timeout = 0.500000s , priority = 90.
[twist_mux-6] [INFO] [1790591694.941246000] [twist_mux]: Topic handler 'topics.navigation' subscribed to topic 'cmd_vel': timeout = 0.500000s , priority = 80.
[twist_mux-6] [INFO] [1790591694.941445125] [twist_mux]: Topic handler 'locks.safety_stop' subscribed to topic 'safety_stop': timeout = None , priority = 255.
[robot_state_publisher-2] [INFO] [1790591694.944858978] [robot_state_publisher]: got segment FL_calf
[robot_state_publisher-2] [INFO] [1790591694.945046424] [robot_state_publisher]: got segment FL_calf_rotor
[robot_state_publisher-2] [INFO] [1790591694.945065751] [robot_state_publisher]: got segment FL_foot
[robot_state_publisher-2] [INFO] [1790591694.945075958] [robot_state_publisher]: got segment FL_hip
[robot_state_publisher-2] [INFO] [1790591694.945084086] [robot_state_publisher]: got segment FL_hip_rotor
[robot_state_publisher-2] [INFO] [1790591694.945092117] [robot_state_publisher]: got segment FL_thigh
[robot_state_publisher-2] [INFO] [1790591694.945100213] [robot_state_publisher]: got segment FL_thigh_rotor
[robot_state_publisher-2] [INFO] [1790591694.945107892] [robot_state_publisher]: got segment FR_calf
[robot_state_publisher-2] [INFO] [1790591694.945115412] [robot_state_publisher]: got segment FR_calf_rotor
[robot_state_publisher-2] [INFO] [1790591694.945123027] [robot_state_publisher]: got segment FR_foot
[robot_state_publisher-2] [INFO] [1790591694.945130611] [robot_state_publisher]: got segment FR_hip
[robot_state_publisher-2] [INFO] [1790591694.945137810] [robot_state_publisher]: got segment FR_hip_rotor
[robot_state_publisher-2] [INFO] [1790591694.945145394] [robot_state_publisher]: got segment FR_thigh
[robot_state_publisher-2] [INFO] [1790591694.945152882] [robot_state_publisher]: got segment FR_thigh_rotor
[robot_state_publisher-2] [INFO] [1790591694.945160113] [robot_state_publisher]: got segment RL_calf
[robot_state_publisher-2] [INFO] [1790591694.945167697] [robot_state_publisher]: got segment RL_calf_rotor
[robot_state_publisher-2] [INFO] [1790591694.945174960] [robot_state_publisher]: got segment RL_foot
[robot_state_publisher-2] [INFO] [1790591694.945182256] [robot_state_publisher]: got segment RL_hip
[robot_state_publisher-2] [INFO] [1790591694.945189520] [robot_state_publisher]: got segment RL_hip_rotor
[robot_state_publisher-2] [INFO] [1790591694.945196879] [robot_state_publisher]: got segment RL_thigh
[robot_state_publisher-2] [INFO] [1790591694.945203951] [robot_state_publisher]: got segment RL_thigh_rotor
[robot_state_publisher-2] [INFO] [1790591694.945210798] [robot_state_publisher]: got segment RR_calf
[robot_state_publisher-2] [INFO] [1790591694.945217774] [robot_state_publisher]: got segment RR_calf_rotor
[robot_state_publisher-2] [INFO] [1790591694.945225357] [robot_state_publisher]: got segment RR_foot
[robot_state_publisher-2] [INFO] [1790591694.945232237] [robot_state_publisher]: got segment RR_hip
[robot_state_publisher-2] [INFO] [1790591694.945239405] [robot_state_publisher]: got segment RR_hip_rotor
[robot_state_publisher-2] [INFO] [1790591694.945246348] [robot_state_publisher]: got segment RR_thigh
[robot_state_publisher-2] [INFO] [1790591694.945253260] [robot_state_publisher]: got segment RR_thigh_rotor
[robot_state_publisher-2] [INFO] [1790591694.945260203] [robot_state_publisher]: got segment base
[robot_state_publisher-2] [INFO] [1790591694.945267147] [robot_state_publisher]: got segment front_camera
[robot_state_publisher-2] [INFO] [1790591694.945274059] [robot_state_publisher]: got segment imu_link
[robot_state_publisher-2] [INFO] [1790591694.945281034] [robot_state_publisher]: got segment trunk
[go2-stance-gait-controller-1] [0;93m2026-09-28 12:34:55.603978289 [W:onnxruntime:Default, device_discovery.cc:164 DiscoverDevicesForPlatform] GPU device discovery failed: device_discovery.cc:89 ReadFileContents Failed to open file: "/sys/class/drm/card1/device/vendor"[m
[go2-stance-gait-controller-1] [INFO] [1790591695.677816746] [go2_stance_gait_controller]: Go2 closed-loop stance: 12 effort joints at 250.0 Hz; controller ONNX velocity policy
[mujoco_spawner-3] [INFO] [1790591696.946021735] [mujoco_spawner]: MuJoCo: 18 collision proxy geom(s) moved to group 3 (viewer Rendering tab to show them).
[mujoco_spawner-3] [INFO] [1790591697.005763367] [mujoco_spawner]: MuJoCo URDF import OK (all meshes staged).
[mujoco_spawner-3] [WARN] [1790591697.024320044] [mujoco_spawner]: MuJoCo effort plant: no MJCF beside /home/molar1/bumperbot_ws/install/robot_lab_robots/share/robot_lab_robots/unitree/go2_description/xacro/go2_sim.xacro names every effort joint; keeping the URDF <dynamics> (damping=5.0 is a Gazebo stabiliser the robot does not have).
[mujoco_spawner-3] [INFO] [1790591697.077859857] [mujoco_spawner]: MuJoCo physics timestep: 0.0010 s
[mujoco_spawner-3] [INFO] [1790591697.081263184] [mujoco_spawner]: Robot has no 'oakd_rgb_camera_frame' link; no RGB-D camera is published.
[mujoco_spawner-3] [INFO] [1790591697.083176963] [mujoco_spawner]: Joints: ['FR_hip_joint', 'FR_thigh_joint', 'FR_calf_joint', 'FL_hip_joint', 'FL_thigh_joint', 'FL_calf_joint', 'RR_hip_joint', 'RR_thigh_joint', 'RR_calf_joint', 'RL_hip_joint', 'RL_thigh_joint', 'RL_calf_joint']   lw= rw=
[mujoco_spawner-3] [INFO] [1790591697.086932686] [mujoco_spawner]: MuJoCo effort joint armature: 0.0100 kg m^2
[mujoco_spawner-3] [INFO] [1790591697.089544602] [mujoco_spawner]: Joint effort input: /go2_group_effort_controller/commands (12 joints, URDF limits)
[mujoco_spawner-3] [INFO] [1790591697.092420119] [mujoco_spawner]: Spawn ground clearance: raised root by 0.1350 m
[mujoco_spawner-3] [INFO] [1790591697.093860358] [mujoco_spawner]: MuJoCo model loaded: 14 bodies, 13 joints
[mujoco_spawner-3] [INFO] [1790591697.094930025] [mujoco_spawner]: MuJoCo gui param=False (resolved=False), DISPLAY=:1 -> mode=DIRECT
[mujoco_spawner-3] [INFO] [1790591697.095913841] [mujoco_spawner]: MuJoCo running headless (gui=False, viewer=True).
[go2-stance-gait-controller-1] [WARN] [1790591697.101307392] [go2_stance_gait_controller]: Go2 safety safe_stop: tilt 1.20 rad exceeds fall threshold
[mujoco_spawner-3] [INFO] [1790591697.102894054] [mujoco_spawner]: MuJoCo spawner running.
[go2-stance-gait-controller-1] [INFO] [1790591697.103692216] [go2_stance_gait_controller]: Go2 recovery idle
[go2-stance-gait-controller-1] [INFO] [1790591697.222813368] [go2_stance_gait_controller]: Go2 recovery attempting:tuck
[INFO] [simulator_ready_gate-10]: process has finished cleanly [pid 163904]
[INFO] [amcl-12]: process started with pid [164136]
[INFO] [map_server-11]: process started with pid [164134]
[INFO] [lifecycle_manager-13]: process started with pid [164138]
[INFO] [ekf_node-14]: process started with pid [164140]
[INFO] [imu_republisher.py-15]: process started with pid [164142]
[INFO] [wheel_imu_fusion-16]: process started with pid [164144]
[lifecycle_manager-13] [INFO] [1790591697.496576091] [lifecycle_manager_localization]: Creating
[lifecycle_manager-13] [INFO] [1790591697.501101818] [lifecycle_manager_localization]: [34m[1mCreating and initializing lifecycle service clients[0m[0m
[amcl-12] [0m[INFO] [1790591697.578484888] [amcl]: 
[amcl-12] 	amcl lifecycle node launched. 
[amcl-12] 	Waiting on external lifecycle transitions to activate
[amcl-12] 	See https://design.ros2.org/articles/node_lifecycle.html for more information.[0m
[amcl-12] [0m[INFO] [1790591697.581826490] [amcl]: Creating[0m
[map_server-11] [INFO] [1790591697.607771324] [map_server]: 
[map_server-11] 	map_server lifecycle node launched. 
[map_server-11] 	Waiting on external lifecycle transitions to activate
[map_server-11] 	See https://design.ros2.org/articles/node_lifecycle.html for more information.
[map_server-11] [INFO] [1790591697.609622419] [map_server]: Creating
[lifecycle_manager-13] [INFO] [1790591697.610190995] [lifecycle_manager_localization]: [34m[1mStarting managed nodes bringup...[0m[0m
[lifecycle_manager-13] [INFO] [1790591697.610292845] [lifecycle_manager_localization]: [34m[1mConfiguring map_server[0m[0m
[map_server-11] [INFO] [1790591697.615012033] [map_server]: Configuring
[map_server-11] [INFO] [1790591697.616470351] [map_io]: Loading yaml file: /home/molar1/bumperbot_ws/install/robot_lab_maps/share/robot_lab_maps/maps/nav_empty/maps/map.yaml
[map_server-11] [INFO] [1790591697.617210597] [map_io]: resolution: 0.05
[map_server-11] [INFO] [1790591697.617236131] [map_io]: origin[0]: -7
[map_server-11] [INFO] [1790591697.617243203] [map_io]: origin[1]: -7
[map_server-11] [INFO] [1790591697.617248035] [map_io]: origin[2]: 0
[map_server-11] [INFO] [1790591697.617252962] [map_io]: free_thresh: 0.196
[map_server-11] [INFO] [1790591697.617257826] [map_io]: occupied_thresh: 0.65
[map_server-11] [INFO] [1790591697.617263778] [map_io]: mode: trinary
[map_server-11] [INFO] [1790591697.617270465] [map_io]: negate: 0
[map_server-11] [INFO] [1790591697.617582352] [map_io]: Loading image_file: /home/molar1/bumperbot_ws/install/robot_lab_maps/share/robot_lab_maps/maps/nav_empty/maps/map.pgm
[go2-stance-gait-controller-1] [INFO] [1790591697.625287675] [go2_stance_gait_controller]: Go2 recovery attempting:roll
[map_server-11] [INFO] [1790591697.629702465] [map_io]: Read map /home/molar1/bumperbot_ws/install/robot_lab_maps/share/robot_lab_maps/maps/nav_empty/maps/map.pgm: 280 X 280 map @ 0.05 m/cell
[lifecycle_manager-13] [INFO] [1790591697.641835313] [lifecycle_manager_localization]: [34m[1mConfiguring amcl[0m[0m
[amcl-12] [0m[INFO] [1790591697.642689825] [amcl]: Configuring[0m
[amcl-12] [0m[INFO] [1790591697.642932179] [amcl]: initTransforms[0m
[amcl-12] [0m[INFO] [1790591697.653046006] [amcl]: initPubSub[0m
[amcl-12] [0m[INFO] [1790591697.656541199] [amcl]: Subscribed to map topic.[0m
[lifecycle_manager-13] [INFO] [1790591697.660742593] [lifecycle_manager_localization]: [34m[1mActivating map_server[0m[0m
[map_server-11] [INFO] [1790591697.661021361] [map_server]: Activating
[map_server-11] [INFO] [1790591697.661350911] [map_server]: Creating bond (map_server) to lifecycle manager.
[amcl-12] [0m[INFO] [1790591697.661573426] [amcl]: Received a 280 X 280 map @ 0.050 m/pix[0m
[lifecycle_manager-13] [INFO] [1790591697.766666637] [lifecycle_manager_localization]: Server map_server connected with bond.
[lifecycle_manager-13] [INFO] [1790591697.766754376] [lifecycle_manager_localization]: [34m[1mActivating amcl[0m[0m
[amcl-12] [0m[INFO] [1790591697.767219534] [amcl]: Activating[0m
[amcl-12] [0m[INFO] [1790591697.767320264] [amcl]: initialPoseReceived[0m
[amcl-12] [0m[INFO] [1790591697.767548923] [amcl]: Setting pose (0.532000): -0.500 -0.500 0.000[0m
[amcl-12] [0m[INFO] [1790591697.768126650] [amcl]: Creating bond (amcl) to lifecycle manager.[0m
[lifecycle_manager-13] [INFO] [1790591697.871599281] [lifecycle_manager_localization]: Server amcl connected with bond.
[lifecycle_manager-13] [INFO] [1790591697.871684620] [lifecycle_manager_localization]: [34m[1mManaged nodes are active[0m[0m
[lifecycle_manager-13] [INFO] [1790591697.871705707] [lifecycle_manager_localization]: [34m[1mCreating bond timer...[0m[0m
[amcl-12] [0m[INFO] [1790591697.877315725] [amcl]: createLaserObject[0m
[wheel_imu_fusion-16] [INFO] [1790591698.199654304] [sensor_fusion_wheel_imu_fusion]: wheel_imu_fusion ready
[go2-stance-gait-controller-1] [INFO] [1790591698.325545644] [go2_stance_gait_controller]: Go2 recovery attempting:tuck
[go2-stance-gait-controller-1] [INFO] [1790591698.726241913] [go2_stance_gait_controller]: Go2 recovery attempting:roll
[go2-stance-gait-controller-1] [INFO] [1790591699.430826624] [go2_stance_gait_controller]: Go2 recovery failed:roll
[amcl-12] [0m[INFO] [1790591721.608181489] [rclcpp]: signal_handler(SIGINT/SIGTERM)[0m
[amcl-12] [0m[INFO] [1790591721.608364295] [amcl]: Running Nav2 LifecycleNode rcl preshutdown (amcl)[0m
[amcl-12] [0m[INFO] [1790591721.608498496] [amcl]: Deactivating[0m
[amcl-12] [0m[INFO] [1790591721.608534590] [amcl]: Destroying bond (amcl) to lifecycle manager.[0m
[lifecycle_manager-13] [INFO] [1790591721.608183825] [rclcpp]: signal_handler(SIGINT/SIGTERM)
[lifecycle_manager-13] [INFO] [1790591721.608374663] [lifecycle_manager_localization]: Running Nav2 LifecycleManager rcl preshutdown (lifecycle_manager_localization)
[lifecycle_manager-13] [INFO] [1790591721.608473953] [lifecycle_manager_localization]: [34m[1mTerminating bond timer...[0m[0m
[joy_node-5] [INFO] [1790591721.608194480] [rclcpp]: signal_handler(SIGINT/SIGTERM)
[ekf_node-14] [INFO] [1790591721.608182801] [rclcpp]: signal_handler(SIGINT/SIGTERM)
[robot_state_publisher-2] [INFO] [1790591721.608233070] [rclcpp]: signal_handler(SIGINT/SIGTERM)
[twist_relay-9] [INFO] [1790591721.608337545] [rclcpp]: signal_handler(SIGINT/SIGTERM)
[twist_mux-6] [INFO] [1790591721.608557181] [rclcpp]: signal_handler(SIGINT/SIGTERM)
[map_server-11] [INFO] [1790591721.608569500] [rclcpp]: signal_handler(SIGINT/SIGTERM)
[map_server-11] [INFO] [1790591721.608711028] [map_server]: Running Nav2 LifecycleNode rcl preshutdown (map_server)
[map_server-11] [INFO] [1790591721.608812111] [map_server]: Deactivating
[map_server-11] [INFO] [1790591721.608840205] [map_server]: Destroying bond (map_server) to lifecycle manager.
[twist_marker-7] [INFO] [1790591721.608723892] [rclcpp]: signal_handler(SIGINT/SIGTERM)
[amcl-12] [0m[INFO] [1790591721.618909385] [amcl]: Cleaning up[0m
[map_server-11] [INFO] [1790591721.619343281] [map_server]: Cleaning up
[map_server-11] [INFO] [1790591721.619448459] [map_server]: Destroying bond (map_server) to lifecycle manager.
[amcl-12] [0m[INFO] [1790591721.629035361] [amcl]: Destroying bond (amcl) to lifecycle manager.[0m
[joy_teleop-4] Traceback (most recent call last):
[joy_teleop-4]   File "/opt/ros/humble/lib/joy_teleop/joy_teleop", line 33, in <module>
[joy_teleop-4]     sys.exit(load_entry_point('joy-teleop==1.6.0', 'console_scripts', 'joy_teleop')())
[joy_teleop-4]   File "/opt/ros/humble/lib/python3.10/site-packages/joy_teleop/joy_teleop.py", line 435, in main
[joy_teleop-4]     rclpy.spin(node)
[joy_teleop-4]   File "/opt/ros/humble/local/lib/python3.10/dist-packages/rclpy/__init__.py", line 229, in spin
[joy_teleop-4]     executor.spin_once()
[joy_teleop-4]   File "/opt/ros/humble/local/lib/python3.10/dist-packages/rclpy/executors.py", line 812, in spin_once
[joy_teleop-4]     self._spin_once_impl(timeout_sec)
[joy_teleop-4]   File "/opt/ros/humble/local/lib/python3.10/dist-packages/rclpy/executors.py", line 801, in _spin_once_impl
[joy_teleop-4]     handler, entity, node = self.wait_for_ready_callbacks(timeout_sec=timeout_sec)
[joy_teleop-4]   File "/opt/ros/humble/local/lib/python3.10/dist-packages/rclpy/executors.py", line 784, in wait_for_ready_callbacks
[joy_teleop-4]     return next(self._cb_iter)
[joy_teleop-4]   File "/opt/ros/humble/local/lib/python3.10/dist-packages/rclpy/executors.py", line 685, in _wait_for_ready_callbacks
[joy_teleop-4]     raise ExternalShutdownException()
[joy_teleop-4] rclpy.executors.ExternalShutdownException
[map_server-11] [INFO] [1790591721.709993221] [map_server]: Destroying
[amcl-12] [0m[INFO] [1790591721.710890164] [amcl]: Destroying[0m
[lifecycle_manager-13] [INFO] [1790591721.714861020] [lifecycle_manager_localization]: Destroying lifecycle_manager_localization
[INFO] [twist_marker-7]: process has finished cleanly [pid 163898]
[INFO] [twist_relay-9]: process has finished cleanly [pid 163902]
[INFO] [ekf_node-14]: process has finished cleanly [pid 164140]
[INFO] [robot_state_publisher-2]: process has finished cleanly [pid 163888]
[INFO] [joy_node-5]: process has finished cleanly [pid 163894]
[INFO] [twist_mux-6]: process has finished cleanly [pid 163896]
[imu_republisher.py-15] Traceback (most recent call last):
[imu_republisher.py-15]   File "/home/molar1/bumperbot_ws/install/robot_lab_localization/lib/robot_lab_localization/imu_republisher.py", line 54, in <module>
[imu_republisher.py-15]     main()
[imu_republisher.py-15]   File "/home/molar1/bumperbot_ws/install/robot_lab_localization/lib/robot_lab_localization/imu_republisher.py", line 45, in main
[imu_republisher.py-15]     rclpy.spin(node)
[imu_republisher.py-15]   File "/opt/ros/humble/local/lib/python3.10/dist-packages/rclpy/__init__.py", line 229, in spin
[imu_republisher.py-15]     executor.spin_once()
[imu_republisher.py-15]   File "/opt/ros/humble/local/lib/python3.10/dist-packages/rclpy/executors.py", line 812, in spin_once
[imu_republisher.py-15]     self._spin_once_impl(timeout_sec)
[imu_republisher.py-15]   File "/opt/ros/humble/local/lib/python3.10/dist-packages/rclpy/executors.py", line 801, in _spin_once_impl
[imu_republisher.py-15]     handler, entity, node = self.wait_for_ready_callbacks(timeout_sec=timeout_sec)
[imu_republisher.py-15]   File "/opt/ros/humble/local/lib/python3.10/dist-packages/rclpy/executors.py", line 784, in wait_for_ready_callbacks
[imu_republisher.py-15]     return next(self._cb_iter)
[imu_republisher.py-15]   File "/opt/ros/humble/local/lib/python3.10/dist-packages/rclpy/executors.py", line 685, in _wait_for_ready_callbacks
[imu_republisher.py-15]     raise ExternalShutdownException()
[imu_republisher.py-15] rclpy.executors.ExternalShutdownException
[INFO] [lifecycle_manager-13]: process has finished cleanly [pid 164138]
[INFO] [amcl-12]: process has finished cleanly [pid 164136]
[INFO] [map_server-11]: process has finished cleanly [pid 164134]
[INFO] [wheel_imu_fusion-16]: process has finished cleanly [pid 164144]
[INFO] [go2-stance-gait-controller-1]: process has finished cleanly [pid 163886]
[INFO] [joystick_relay.py-8]: process has finished cleanly [pid 163900]
[INFO] [mujoco_spawner-3]: process has finished cleanly [pid 163890]
[ERROR] [joy_teleop-4]: process has died [pid 163892, exit code 1, cmd '/opt/ros/humble/lib/joy_teleop/joy_teleop --ros-args --params-file /home/molar1/bumperbot_ws/install/robot_lab_controller/share/robot_lab_controller/config/joy_teleop.yaml --params-file /workspace/molar/.tmp/launch_params_5dgcgfdp'].
[ERROR] [imu_republisher.py-15]: process has died [pid 164142, exit code 1, cmd '/home/molar1/bumperbot_ws/install/robot_lab_localization/lib/robot_lab_localization/imu_republisher.py --ros-args --params-file /workspace/molar/.tmp/launch_params_m0u4c0st'].
