[INFO] [launch]: All log files can be found below /home/molar1/.ros/log/2026-09-28-12-43-02-946700-molar1-171076
[INFO] [launch]: Default logging verbosity is set to INFO
[robot_lab] algorithm localization=amcl -> global_localization stack
[robot_lab] algorithm state_estimation=ekf_localization_node -> local_localization stack
[robot_lab] algorithm sensor_fusion=wheel_imu_fusion -> node robot_lab_algorithms/wheel_imu_fusion
[INFO] [go2-stance-gait-controller-1]: process started with pid [171112]
[INFO] [robot_state_publisher-2]: process started with pid [171114]
[INFO] [mujoco_spawner-3]: process started with pid [171116]
[INFO] [joy_teleop-4]: process started with pid [171118]
[INFO] [joy_node-5]: process started with pid [171120]
[INFO] [twist_mux-6]: process started with pid [171122]
[INFO] [twist_marker-7]: process started with pid [171124]
[INFO] [joystick_relay.py-8]: process started with pid [171126]
[INFO] [twist_relay-9]: process started with pid [171136]
[INFO] [simulator_ready_gate-10]: process started with pid [171138]
[twist_mux-6] [INFO] [1790592183.843947505] [twist_mux]: Topic handler 'topics.joystick' subscribed to topic 'joy_vel': timeout = 0.500000s , priority = 99.
[twist_mux-6] [INFO] [1790592183.845997945] [twist_mux]: Topic handler 'topics.keyboard' subscribed to topic 'key_vel': timeout = 0.500000s , priority = 90.
[twist_mux-6] [INFO] [1790592183.847341844] [twist_mux]: Topic handler 'topics.navigation' subscribed to topic 'cmd_vel': timeout = 0.500000s , priority = 80.
[twist_mux-6] [INFO] [1790592183.848901641] [twist_mux]: Topic handler 'locks.safety_stop' subscribed to topic 'safety_stop': timeout = None , priority = 255.
[robot_state_publisher-2] [INFO] [1790592183.896087677] [robot_state_publisher]: got segment FL_calf
[robot_state_publisher-2] [INFO] [1790592183.896272536] [robot_state_publisher]: got segment FL_calf_rotor
[robot_state_publisher-2] [INFO] [1790592183.896293431] [robot_state_publisher]: got segment FL_foot
[robot_state_publisher-2] [INFO] [1790592183.896303799] [robot_state_publisher]: got segment FL_hip
[robot_state_publisher-2] [INFO] [1790592183.896312023] [robot_state_publisher]: got segment FL_hip_rotor
[robot_state_publisher-2] [INFO] [1790592183.896319735] [robot_state_publisher]: got segment FL_thigh
[robot_state_publisher-2] [INFO] [1790592183.896326710] [robot_state_publisher]: got segment FL_thigh_rotor
[robot_state_publisher-2] [INFO] [1790592183.896334550] [robot_state_publisher]: got segment FR_calf
[robot_state_publisher-2] [INFO] [1790592183.896341558] [robot_state_publisher]: got segment FR_calf_rotor
[robot_state_publisher-2] [INFO] [1790592183.896348630] [robot_state_publisher]: got segment FR_foot
[robot_state_publisher-2] [INFO] [1790592183.896355638] [robot_state_publisher]: got segment FR_hip
[robot_state_publisher-2] [INFO] [1790592183.896362773] [robot_state_publisher]: got segment FR_hip_rotor
[robot_state_publisher-2] [INFO] [1790592183.896370037] [robot_state_publisher]: got segment FR_thigh
[robot_state_publisher-2] [INFO] [1790592183.896377077] [robot_state_publisher]: got segment FR_thigh_rotor
[robot_state_publisher-2] [INFO] [1790592183.896384085] [robot_state_publisher]: got segment RL_calf
[robot_state_publisher-2] [INFO] [1790592183.896391349] [robot_state_publisher]: got segment RL_calf_rotor
[robot_state_publisher-2] [INFO] [1790592183.896398740] [robot_state_publisher]: got segment RL_foot
[robot_state_publisher-2] [INFO] [1790592183.896405972] [robot_state_publisher]: got segment RL_hip
[robot_state_publisher-2] [INFO] [1790592183.896413652] [robot_state_publisher]: got segment RL_hip_rotor
[robot_state_publisher-2] [INFO] [1790592183.896420820] [robot_state_publisher]: got segment RL_thigh
[robot_state_publisher-2] [INFO] [1790592183.896427956] [robot_state_publisher]: got segment RL_thigh_rotor
[robot_state_publisher-2] [INFO] [1790592183.896435027] [robot_state_publisher]: got segment RR_calf
[robot_state_publisher-2] [INFO] [1790592183.896442259] [robot_state_publisher]: got segment RR_calf_rotor
[robot_state_publisher-2] [INFO] [1790592183.896449619] [robot_state_publisher]: got segment RR_foot
[robot_state_publisher-2] [INFO] [1790592183.896456851] [robot_state_publisher]: got segment RR_hip
[robot_state_publisher-2] [INFO] [1790592183.896463987] [robot_state_publisher]: got segment RR_hip_rotor
[robot_state_publisher-2] [INFO] [1790592183.896471186] [robot_state_publisher]: got segment RR_thigh
[robot_state_publisher-2] [INFO] [1790592183.896478322] [robot_state_publisher]: got segment RR_thigh_rotor
[robot_state_publisher-2] [INFO] [1790592183.896485234] [robot_state_publisher]: got segment base
[robot_state_publisher-2] [INFO] [1790592183.896492306] [robot_state_publisher]: got segment front_camera
[robot_state_publisher-2] [INFO] [1790592183.896499154] [robot_state_publisher]: got segment imu_link
[robot_state_publisher-2] [INFO] [1790592183.896506162] [robot_state_publisher]: got segment trunk
[go2-stance-gait-controller-1] [0;93m2026-09-28 12:43:04.585080190 [W:onnxruntime:Default, device_discovery.cc:164 DiscoverDevicesForPlatform] GPU device discovery failed: device_discovery.cc:89 ReadFileContents Failed to open file: "/sys/class/drm/card1/device/vendor"[m
[go2-stance-gait-controller-1] [INFO] [1790592184.649170821] [go2_stance_gait_controller]: Go2 closed-loop stance: 12 effort joints at 250.0 Hz; controller ONNX velocity policy
[mujoco_spawner-3] [INFO] [1790592185.871226742] [mujoco_spawner]: MuJoCo: 18 collision proxy geom(s) moved to group 3 (viewer Rendering tab to show them).
[mujoco_spawner-3] [INFO] [1790592185.916256296] [mujoco_spawner]: MuJoCo URDF import OK (all meshes staged).
[mujoco_spawner-3] [WARN] [1790592185.924949531] [mujoco_spawner]: MuJoCo effort plant: no MJCF beside /home/molar1/bumperbot_ws/install/robot_lab_robots/share/robot_lab_robots/unitree/go2_description/xacro/go2_sim.xacro names every effort joint; keeping the URDF <dynamics> (damping=5.0 is a Gazebo stabiliser the robot does not have).
[mujoco_spawner-3] [INFO] [1790592185.966303761] [mujoco_spawner]: MuJoCo physics timestep: 0.0010 s
[mujoco_spawner-3] [INFO] [1790592185.968909930] [mujoco_spawner]: Robot has no 'oakd_rgb_camera_frame' link; no RGB-D camera is published.
[mujoco_spawner-3] [INFO] [1790592185.970833077] [mujoco_spawner]: Joints: ['FR_hip_joint', 'FR_thigh_joint', 'FR_calf_joint', 'FL_hip_joint', 'FL_thigh_joint', 'FL_calf_joint', 'RR_hip_joint', 'RR_thigh_joint', 'RR_calf_joint', 'RL_hip_joint', 'RL_thigh_joint', 'RL_calf_joint']   lw= rw=
[mujoco_spawner-3] [INFO] [1790592185.973579658] [mujoco_spawner]: MuJoCo effort joint armature: 0.0100 kg m^2
[mujoco_spawner-3] [INFO] [1790592185.976159940] [mujoco_spawner]: Joint effort input: /go2_group_effort_controller/commands (12 joints, URDF limits)
[mujoco_spawner-3] [INFO] [1790592185.977800311] [mujoco_spawner]: Spawn ground clearance: raised root by 0.2050 m
[mujoco_spawner-3] [INFO] [1790592185.978745469] [mujoco_spawner]: MuJoCo model loaded: 14 bodies, 13 joints
[mujoco_spawner-3] [INFO] [1790592185.979400363] [mujoco_spawner]: MuJoCo gui param=False (resolved=False), DISPLAY=:1 -> mode=DIRECT
[mujoco_spawner-3] [INFO] [1790592185.979923069] [mujoco_spawner]: MuJoCo running headless (gui=False, viewer=True).
[mujoco_spawner-3] [INFO] [1790592185.980944033] [mujoco_spawner]: MuJoCo spawner running.
[go2-stance-gait-controller-1] [INFO] [1790592185.996486937] [go2_stance_gait_controller]: Go2 recovery idle
[INFO] [simulator_ready_gate-10]: process has finished cleanly [pid 171138]
[INFO] [amcl-12]: process started with pid [171372]
[INFO] [map_server-11]: process started with pid [171370]
[INFO] [lifecycle_manager-13]: process started with pid [171374]
[INFO] [ekf_node-14]: process started with pid [171377]
[INFO] [imu_republisher.py-15]: process started with pid [171383]
[INFO] [wheel_imu_fusion-16]: process started with pid [171385]
[lifecycle_manager-13] [INFO] [1790592186.409152832] [lifecycle_manager_localization]: Creating
[lifecycle_manager-13] [INFO] [1790592186.416145377] [lifecycle_manager_localization]: [34m[1mCreating and initializing lifecycle service clients[0m[0m
[amcl-12] [0m[INFO] [1790592186.418241288] [amcl]: 
[amcl-12] 	amcl lifecycle node launched. 
[amcl-12] 	Waiting on external lifecycle transitions to activate
[amcl-12] 	See https://design.ros2.org/articles/node_lifecycle.html for more information.[0m
[amcl-12] [0m[INFO] [1790592186.419823709] [amcl]: Creating[0m
[map_server-11] [INFO] [1790592186.450668148] [map_server]: 
[map_server-11] 	map_server lifecycle node launched. 
[map_server-11] 	Waiting on external lifecycle transitions to activate
[map_server-11] 	See https://design.ros2.org/articles/node_lifecycle.html for more information.
[map_server-11] [INFO] [1790592186.450853743] [map_server]: Creating
[lifecycle_manager-13] [INFO] [1790592186.577656204] [lifecycle_manager_localization]: [34m[1mStarting managed nodes bringup...[0m[0m
[lifecycle_manager-13] [INFO] [1790592186.579357821] [lifecycle_manager_localization]: [34m[1mConfiguring map_server[0m[0m
[map_server-11] [INFO] [1790592186.580979729] [map_server]: Configuring
[map_server-11] [INFO] [1790592186.581104398] [map_io]: Loading yaml file: /home/molar1/bumperbot_ws/install/robot_lab_maps/share/robot_lab_maps/maps/nav_empty/maps/map.yaml
[map_server-11] [INFO] [1790592186.581524322] [map_io]: resolution: 0.05
[map_server-11] [INFO] [1790592186.581541538] [map_io]: origin[0]: -7
[map_server-11] [INFO] [1790592186.581546946] [map_io]: origin[1]: -7
[map_server-11] [INFO] [1790592186.581551170] [map_io]: origin[2]: 0
[map_server-11] [INFO] [1790592186.581555841] [map_io]: free_thresh: 0.196
[map_server-11] [INFO] [1790592186.581560705] [map_io]: occupied_thresh: 0.65
[map_server-11] [INFO] [1790592186.581566017] [map_io]: mode: trinary
[map_server-11] [INFO] [1790592186.581572449] [map_io]: negate: 0
[map_server-11] [INFO] [1790592186.581862169] [map_io]: Loading image_file: /home/molar1/bumperbot_ws/install/robot_lab_maps/share/robot_lab_maps/maps/nav_empty/maps/map.pgm
[map_server-11] [INFO] [1790592186.592122401] [map_io]: Read map /home/molar1/bumperbot_ws/install/robot_lab_maps/share/robot_lab_maps/maps/nav_empty/maps/map.pgm: 280 X 280 map @ 0.05 m/cell
[lifecycle_manager-13] [INFO] [1790592186.604398290] [lifecycle_manager_localization]: [34m[1mConfiguring amcl[0m[0m
[amcl-12] [0m[INFO] [1790592186.604771016] [amcl]: Configuring[0m
[amcl-12] [0m[INFO] [1790592186.604970851] [amcl]: initTransforms[0m
[amcl-12] [0m[INFO] [1790592186.618539985] [amcl]: initPubSub[0m
[amcl-12] [0m[INFO] [1790592186.628663836] [amcl]: Subscribed to map topic.[0m
[lifecycle_manager-13] [INFO] [1790592186.640008775] [lifecycle_manager_localization]: [34m[1mActivating map_server[0m[0m
[map_server-11] [INFO] [1790592186.640376381] [map_server]: Activating
[map_server-11] [INFO] [1790592186.640684821] [map_server]: Creating bond (map_server) to lifecycle manager.
[amcl-12] [0m[INFO] [1790592186.647361406] [amcl]: Received a 280 X 280 map @ 0.050 m/pix[0m
[lifecycle_manager-13] [INFO] [1790592186.746748615] [lifecycle_manager_localization]: Server map_server connected with bond.
[lifecycle_manager-13] [INFO] [1790592186.746850725] [lifecycle_manager_localization]: [34m[1mActivating amcl[0m[0m
[amcl-12] [0m[INFO] [1790592186.747448916] [amcl]: Activating[0m
[amcl-12] [0m[INFO] [1790592186.747666830] [amcl]: initialPoseReceived[0m
[amcl-12] [0m[INFO] [1790592186.747921927] [amcl]: Setting pose (0.584000): -0.500 -0.500 0.000[0m
[amcl-12] [0m[INFO] [1790592186.748505207] [amcl]: Creating bond (amcl) to lifecycle manager.[0m
[amcl-12] [0m[INFO] [1790592186.833270991] [amcl]: createLaserObject[0m
[lifecycle_manager-13] [INFO] [1790592186.852723581] [lifecycle_manager_localization]: Server amcl connected with bond.
[lifecycle_manager-13] [INFO] [1790592186.852818778] [lifecycle_manager_localization]: [34m[1mManaged nodes are active[0m[0m
[lifecycle_manager-13] [INFO] [1790592186.852840122] [lifecycle_manager_localization]: [34m[1mCreating bond timer...[0m[0m
[wheel_imu_fusion-16] [INFO] [1790592187.190372553] [sensor_fusion_wheel_imu_fusion]: wheel_imu_fusion ready
[go2-stance-gait-controller-1] [WARN] [1790592190.161752053] [go2_stance_gait_controller]: Go2 safety warn: tilt 0.36 rad exceeds warn threshold
[go2-stance-gait-controller-1] [WARN] [1790592190.247571645] [go2_stance_gait_controller]: Go2 safety safe_stop: tilt 0.70 rad exceeds fall threshold
[go2-stance-gait-controller-1] [INFO] [1790592190.424068935] [go2_stance_gait_controller]: Go2 recovery attempting:tuck
[go2-stance-gait-controller-1] [INFO] [1790592198.424409604] [go2_stance_gait_controller]: Go2 recovery unrecoverable:tuck
[amcl-12] [0m[INFO] [1790592209.585706701] [rclcpp]: signal_handler(SIGINT/SIGTERM)[0m
[amcl-12] [0m[INFO] [1790592209.585897128] [amcl]: Running Nav2 LifecycleNode rcl preshutdown (amcl)[0m
[amcl-12] [0m[INFO] [1790592209.586198432] [amcl]: Deactivating[0m
[amcl-12] [0m[INFO] [1790592209.586307933] [amcl]: Destroying bond (amcl) to lifecycle manager.[0m
[twist_marker-7] [INFO] [1790592209.585758220] [rclcpp]: signal_handler(SIGINT/SIGTERM)
[robot_state_publisher-2] [INFO] [1790592209.585786379] [rclcpp]: signal_handler(SIGINT/SIGTERM)
[joy_node-5] [INFO] [1790592209.585780491] [rclcpp]: signal_handler(SIGINT/SIGTERM)
[lifecycle_manager-13] [INFO] [1790592209.586161889] [rclcpp]: signal_handler(SIGINT/SIGTERM)
[lifecycle_manager-13] [INFO] [1790592209.586269502] [lifecycle_manager_localization]: Running Nav2 LifecycleManager rcl preshutdown (lifecycle_manager_localization)
[lifecycle_manager-13] [INFO] [1790592209.586338108] [lifecycle_manager_localization]: [34m[1mTerminating bond timer...[0m[0m
[twist_relay-9] [INFO] [1790592209.586214656] [rclcpp]: signal_handler(SIGINT/SIGTERM)
[twist_mux-6] [INFO] [1790592209.586440922] [rclcpp]: signal_handler(SIGINT/SIGTERM)
[map_server-11] [INFO] [1790592209.586512248] [rclcpp]: signal_handler(SIGINT/SIGTERM)
[map_server-11] [INFO] [1790592209.586621589] [map_server]: Running Nav2 LifecycleNode rcl preshutdown (map_server)
[map_server-11] [INFO] [1790592209.586712530] [map_server]: Deactivating
[map_server-11] [INFO] [1790592209.586735122] [map_server]: Destroying bond (map_server) to lifecycle manager.
[ekf_node-14] [INFO] [1790592209.587653849] [rclcpp]: signal_handler(SIGINT/SIGTERM)
[amcl-12] [0m[INFO] [1790592209.597062656] [amcl]: Cleaning up[0m
[map_server-11] [INFO] [1790592209.597091616] [map_server]: Cleaning up
[map_server-11] [INFO] [1790592209.597223964] [map_server]: Destroying bond (map_server) to lifecycle manager.
[amcl-12] [0m[INFO] [1790592209.608628846] [amcl]: Destroying bond (amcl) to lifecycle manager.[0m
[joy_teleop-4] Traceback (most recent call last):
[joy_teleop-4]   File "/opt/ros/humble/lib/joy_teleop/joy_teleop", line 33, in <module>
[joy_teleop-4]     sys.exit(load_entry_point('joy-teleop==1.6.0', 'console_scripts', 'joy_teleop')())
[joy_teleop-4]   File "/opt/ros/humble/lib/python3.10/site-packages/joy_teleop/joy_teleop.py", line 435, in main
[joy_teleop-4]     rclpy.spin(node)
[joy_teleop-4]   File "/opt/ros/humble/local/lib/python3.10/dist-packages/rclpy/__init__.py", line 229, in spin
[joy_teleop-4]     executor.spin_once()
[joy_teleop-4]   File "/opt/ros/humble/local/lib/python3.10/dist-packages/rclpy/executors.py", line 812, in spin_once
[joy_teleop-4]     self._spin_once_impl(timeout_sec)
[joy_teleop-4]   File "/opt/ros/humble/local/lib/python3.10/dist-packages/rclpy/executors.py", line 801, in _spin_once_impl
[joy_teleop-4]     handler, entity, node = self.wait_for_ready_callbacks(timeout_sec=timeout_sec)
[joy_teleop-4]   File "/opt/ros/humble/local/lib/python3.10/dist-packages/rclpy/executors.py", line 784, in wait_for_ready_callbacks
[joy_teleop-4]     return next(self._cb_iter)
[joy_teleop-4]   File "/opt/ros/humble/local/lib/python3.10/dist-packages/rclpy/executors.py", line 685, in _wait_for_ready_callbacks
[joy_teleop-4]     raise ExternalShutdownException()
[joy_teleop-4] rclpy.executors.ExternalShutdownException
[joystick_relay.py-8] Traceback (most recent call last):
[joystick_relay.py-8]   File "/opt/ros/humble/lib/twist_mux/joystick_relay.py", line 302, in <module>
[joystick_relay.py-8]     main()
[joystick_relay.py-8]   File "/opt/ros/humble/lib/twist_mux/joystick_relay.py", line 293, in main
[joystick_relay.py-8]     rclpy.spin(node)
[joystick_relay.py-8]   File "/opt/ros/humble/local/lib/python3.10/dist-packages/rclpy/__init__.py", line 229, in spin
[joystick_relay.py-8]     executor.spin_once()
[joystick_relay.py-8]   File "/opt/ros/humble/local/lib/python3.10/dist-packages/rclpy/executors.py", line 812, in spin_once
[joystick_relay.py-8]     self._spin_once_impl(timeout_sec)
[joystick_relay.py-8]   File "/opt/ros/humble/local/lib/python3.10/dist-packages/rclpy/executors.py", line 801, in _spin_once_impl
[joystick_relay.py-8]     handler, entity, node = self.wait_for_ready_callbacks(timeout_sec=timeout_sec)
[joystick_relay.py-8]   File "/opt/ros/humble/local/lib/python3.10/dist-packages/rclpy/executors.py", line 784, in wait_for_ready_callbacks
[joystick_relay.py-8]     return next(self._cb_iter)
[joystick_relay.py-8]   File "/opt/ros/humble/local/lib/python3.10/dist-packages/rclpy/executors.py", line 657, in _wait_for_ready_callbacks
[joystick_relay.py-8]     wait_set = _rclpy.WaitSet(
[joystick_relay.py-8] rclpy._rclpy_pybind11.RCLError: failed to initialize wait set: the given context is not valid, either rcl_init() was not called or rcl_shutdown() was called., at ./src/rcl/wait.c:130
[map_server-11] [INFO] [1790592209.743723510] [map_server]: Destroying
[amcl-12] [0m[INFO] [1790592209.752447887] [amcl]: Destroying[0m
[lifecycle_manager-13] [INFO] [1790592209.753498484] [lifecycle_manager_localization]: Destroying lifecycle_manager_localization
[INFO] [twist_mux-6]: process has finished cleanly [pid 171122]
[INFO] [twist_marker-7]: process has finished cleanly [pid 171124]
[INFO] [robot_state_publisher-2]: process has finished cleanly [pid 171114]
[INFO] [ekf_node-14]: process has finished cleanly [pid 171377]
[INFO] [twist_relay-9]: process has finished cleanly [pid 171136]
[INFO] [joy_node-5]: process has finished cleanly [pid 171120]
[go2-stance-gait-controller-1] Traceback (most recent call last):
[go2-stance-gait-controller-1]   File "/home/molar1/bumperbot_ws/install/robot_lab_adapter/lib/robot_lab_adapter/go2-stance-gait-controller", line 33, in <module>
[go2-stance-gait-controller-1]     sys.exit(load_entry_point('robot_lab_adapter==0.1.0', 'console_scripts', 'go2-stance-gait-controller')())
[go2-stance-gait-controller-1]   File "/home/molar1/bumperbot_ws/install/robot_lab_adapter/lib/python3.10/site-packages/robot_lab_adapter/go2_stance_gait_controller.py", line 306, in main
[go2-stance-gait-controller-1]     rclpy.spin(node)
[go2-stance-gait-controller-1]   File "/opt/ros/humble/local/lib/python3.10/dist-packages/rclpy/__init__.py", line 229, in spin
[go2-stance-gait-controller-1]     executor.spin_once()
[go2-stance-gait-controller-1]   File "/opt/ros/humble/local/lib/python3.10/dist-packages/rclpy/executors.py", line 812, in spin_once
[go2-stance-gait-controller-1]     self._spin_once_impl(timeout_sec)
[go2-stance-gait-controller-1]   File "/opt/ros/humble/local/lib/python3.10/dist-packages/rclpy/executors.py", line 809, in _spin_once_impl
[go2-stance-gait-controller-1]     raise handler.exception()
[go2-stance-gait-controller-1]   File "/opt/ros/humble/local/lib/python3.10/dist-packages/rclpy/task.py", line 309, in _execute_coroutine_step
[go2-stance-gait-controller-1]     result = coro.send(None)
[go2-stance-gait-controller-1]   File "/opt/ros/humble/local/lib/python3.10/dist-packages/rclpy/executors.py", line 488, in handler
[go2-stance-gait-controller-1]     await call_coroutine(entity, arg)
[go2-stance-gait-controller-1]   File "/opt/ros/humble/local/lib/python3.10/dist-packages/rclpy/executors.py", line 396, in _execute_timer
[go2-stance-gait-controller-1]     await await_or_execute(tmr.callback)
[go2-stance-gait-controller-1]   File "/opt/ros/humble/local/lib/python3.10/dist-packages/rclpy/executors.py", line 110, in await_or_execute
[go2-stance-gait-controller-1]     return callback(*args)
[go2-stance-gait-controller-1]   File "/home/molar1/bumperbot_ws/install/robot_lab_adapter/lib/python3.10/site-packages/robot_lab_adapter/go2_stance_gait_controller.py", line 255, in _on_timer
[go2-stance-gait-controller-1]     self._safety_pub.publish(safety_msg)
[go2-stance-gait-controller-1]   File "/opt/ros/humble/local/lib/python3.10/dist-packages/rclpy/publisher.py", line 70, in publish
[go2-stance-gait-controller-1]     self.__publisher.publish(msg)
[go2-stance-gait-controller-1] rclpy._rclpy_pybind11.RCLError: Failed to publish: publisher's context is invalid, at ./src/rcl/publisher.c:389
[imu_republisher.py-15] Traceback (most recent call last):
[imu_republisher.py-15]   File "/home/molar1/bumperbot_ws/install/robot_lab_localization/lib/robot_lab_localization/imu_republisher.py", line 54, in <module>
[imu_republisher.py-15]     main()
[imu_republisher.py-15]   File "/home/molar1/bumperbot_ws/install/robot_lab_localization/lib/robot_lab_localization/imu_republisher.py", line 45, in main
[imu_republisher.py-15]     rclpy.spin(node)
[imu_republisher.py-15]   File "/opt/ros/humble/local/lib/python3.10/dist-packages/rclpy/__init__.py", line 229, in spin
[imu_republisher.py-15]     executor.spin_once()
[imu_republisher.py-15]   File "/opt/ros/humble/local/lib/python3.10/dist-packages/rclpy/executors.py", line 812, in spin_once
[imu_republisher.py-15]     self._spin_once_impl(timeout_sec)
[imu_republisher.py-15]   File "/opt/ros/humble/local/lib/python3.10/dist-packages/rclpy/executors.py", line 801, in _spin_once_impl
[imu_republisher.py-15]     handler, entity, node = self.wait_for_ready_callbacks(timeout_sec=timeout_sec)
[imu_republisher.py-15]   File "/opt/ros/humble/local/lib/python3.10/dist-packages/rclpy/executors.py", line 784, in wait_for_ready_callbacks
[imu_republisher.py-15]     return next(self._cb_iter)
[imu_republisher.py-15]   File "/opt/ros/humble/local/lib/python3.10/dist-packages/rclpy/executors.py", line 657, in _wait_for_ready_callbacks
[imu_republisher.py-15]     wait_set = _rclpy.WaitSet(
[imu_republisher.py-15] rclpy._rclpy_pybind11.RCLError: failed to initialize wait set: the given context is not valid, either rcl_init() was not called or rcl_shutdown() was called., at ./src/rcl/wait.c:130
[INFO] [wheel_imu_fusion-16]: process has finished cleanly [pid 171385]
[INFO] [lifecycle_manager-13]: process has finished cleanly [pid 171374]
[INFO] [map_server-11]: process has finished cleanly [pid 171370]
[INFO] [amcl-12]: process has finished cleanly [pid 171372]
[ERROR] [joy_teleop-4]: process has died [pid 171118, exit code 1, cmd '/opt/ros/humble/lib/joy_teleop/joy_teleop --ros-args --params-file /home/molar1/bumperbot_ws/install/robot_lab_controller/share/robot_lab_controller/config/joy_teleop.yaml --params-file /workspace/molar/.tmp/launch_params_iiogs89v'].
[INFO] [mujoco_spawner-3]: process has finished cleanly [pid 171116]
[ERROR] [go2-stance-gait-controller-1]: process has died [pid 171112, exit code 1, cmd '/home/molar1/bumperbot_ws/install/robot_lab_adapter/lib/robot_lab_adapter/go2-stance-gait-controller --ros-args --params-file /workspace/molar/.tmp/launch_params_esbz6tfq'].
[ERROR] [imu_republisher.py-15]: process has died [pid 171383, exit code 1, cmd '/home/molar1/bumperbot_ws/install/robot_lab_localization/lib/robot_lab_localization/imu_republisher.py --ros-args --params-file /workspace/molar/.tmp/launch_params_0y1bujxa'].
[ERROR] [joystick_relay.py-8]: process has died [pid 171126, exit code 1, cmd '/opt/ros/humble/lib/twist_mux/joystick_relay.py --ros-args --params-file /workspace/molar/.tmp/launch_params__iz9elq7 --params-file /home/molar1/bumperbot_ws/install/robot_lab_controller/share/robot_lab_controller/config/twist_mux_joy.yaml -r joy_vel_in:=input_joy/cmd_vel -r joy_vel_out:=joy_vel'].
