[INFO] [launch]: All log files can be found below /home/molar1/.ros/log/2026-09-28-10-44-30-520337-molar1-71342
[INFO] [launch]: Default logging verbosity is set to INFO
[robot_lab] algorithm localization=amcl -> global_localization stack
[robot_lab] algorithm state_estimation=ekf_localization_node -> local_localization stack
[robot_lab] algorithm sensor_fusion=wheel_imu_fusion -> node robot_lab_algorithms/wheel_imu_fusion
[INFO] [go2-stance-gait-controller-1]: process started with pid [71381]
[INFO] [robot_state_publisher-2]: process started with pid [71383]
[INFO] [mujoco_spawner-3]: process started with pid [71385]
[INFO] [joy_teleop-4]: process started with pid [71387]
[INFO] [joy_node-5]: process started with pid [71389]
[INFO] [twist_mux-6]: process started with pid [71391]
[INFO] [twist_marker-7]: process started with pid [71393]
[INFO] [joystick_relay.py-8]: process started with pid [71395]
[INFO] [twist_relay-9]: process started with pid [71405]
[INFO] [simulator_ready_gate-10]: process started with pid [71407]
[twist_mux-6] [INFO] [1790585071.447694627] [twist_mux]: Topic handler 'topics.joystick' subscribed to topic 'joy_vel': timeout = 0.500000s , priority = 99.
[twist_mux-6] [INFO] [1790585071.448703284] [twist_mux]: Topic handler 'topics.keyboard' subscribed to topic 'key_vel': timeout = 0.500000s , priority = 90.
[twist_mux-6] [INFO] [1790585071.448953873] [twist_mux]: Topic handler 'topics.navigation' subscribed to topic 'cmd_vel': timeout = 0.500000s , priority = 80.
[twist_mux-6] [INFO] [1790585071.449163342] [twist_mux]: Topic handler 'locks.safety_stop' subscribed to topic 'safety_stop': timeout = None , priority = 255.
[robot_state_publisher-2] [INFO] [1790585071.484375814] [robot_state_publisher]: got segment FL_calf
[robot_state_publisher-2] [INFO] [1790585071.484539780] [robot_state_publisher]: got segment FL_calf_rotor
[robot_state_publisher-2] [INFO] [1790585071.484559747] [robot_state_publisher]: got segment FL_foot
[robot_state_publisher-2] [INFO] [1790585071.484569603] [robot_state_publisher]: got segment FL_hip
[robot_state_publisher-2] [INFO] [1790585071.484577699] [robot_state_publisher]: got segment FL_hip_rotor
[robot_state_publisher-2] [INFO] [1790585071.484585187] [robot_state_publisher]: got segment FL_thigh
[robot_state_publisher-2] [INFO] [1790585071.484592835] [robot_state_publisher]: got segment FL_thigh_rotor
[robot_state_publisher-2] [INFO] [1790585071.484600611] [robot_state_publisher]: got segment FR_calf
[robot_state_publisher-2] [INFO] [1790585071.484607779] [robot_state_publisher]: got segment FR_calf_rotor
[robot_state_publisher-2] [INFO] [1790585071.484614914] [robot_state_publisher]: got segment FR_foot
[robot_state_publisher-2] [INFO] [1790585071.484621922] [robot_state_publisher]: got segment FR_hip
[robot_state_publisher-2] [INFO] [1790585071.484628930] [robot_state_publisher]: got segment FR_hip_rotor
[robot_state_publisher-2] [INFO] [1790585071.484635874] [robot_state_publisher]: got segment FR_thigh
[robot_state_publisher-2] [INFO] [1790585071.484642754] [robot_state_publisher]: got segment FR_thigh_rotor
[robot_state_publisher-2] [INFO] [1790585071.484649762] [robot_state_publisher]: got segment RL_calf
[robot_state_publisher-2] [INFO] [1790585071.484657154] [robot_state_publisher]: got segment RL_calf_rotor
[robot_state_publisher-2] [INFO] [1790585071.484664098] [robot_state_publisher]: got segment RL_foot
[robot_state_publisher-2] [INFO] [1790585071.484671554] [robot_state_publisher]: got segment RL_hip
[robot_state_publisher-2] [INFO] [1790585071.484678625] [robot_state_publisher]: got segment RL_hip_rotor
[robot_state_publisher-2] [INFO] [1790585071.484685921] [robot_state_publisher]: got segment RL_thigh
[robot_state_publisher-2] [INFO] [1790585071.484693185] [robot_state_publisher]: got segment RL_thigh_rotor
[robot_state_publisher-2] [INFO] [1790585071.484701185] [robot_state_publisher]: got segment RR_calf
[robot_state_publisher-2] [INFO] [1790585071.484708193] [robot_state_publisher]: got segment RR_calf_rotor
[robot_state_publisher-2] [INFO] [1790585071.484715521] [robot_state_publisher]: got segment RR_foot
[robot_state_publisher-2] [INFO] [1790585071.484722561] [robot_state_publisher]: got segment RR_hip
[robot_state_publisher-2] [INFO] [1790585071.484729793] [robot_state_publisher]: got segment RR_hip_rotor
[robot_state_publisher-2] [INFO] [1790585071.484736897] [robot_state_publisher]: got segment RR_thigh
[robot_state_publisher-2] [INFO] [1790585071.484743873] [robot_state_publisher]: got segment RR_thigh_rotor
[robot_state_publisher-2] [INFO] [1790585071.484750976] [robot_state_publisher]: got segment base
[robot_state_publisher-2] [INFO] [1790585071.484757888] [robot_state_publisher]: got segment front_camera
[robot_state_publisher-2] [INFO] [1790585071.484764896] [robot_state_publisher]: got segment imu_link
[robot_state_publisher-2] [INFO] [1790585071.484772224] [robot_state_publisher]: got segment trunk
[go2-stance-gait-controller-1] [0;93m2026-09-28 10:44:32.148335809 [W:onnxruntime:Default, device_discovery.cc:164 DiscoverDevicesForPlatform] GPU device discovery failed: device_discovery.cc:89 ReadFileContents Failed to open file: "/sys/class/drm/card1/device/vendor"[m
[go2-stance-gait-controller-1] [INFO] [1790585072.219234923] [go2_stance_gait_controller]: Go2 closed-loop stance: 12 effort joints at 250.0 Hz; controller ONNX velocity policy
[mujoco_spawner-3] [INFO] [1790585073.409448026] [mujoco_spawner]: MuJoCo: 18 collision proxy geom(s) moved to group 3 (viewer Rendering tab to show them).
[mujoco_spawner-3] [INFO] [1790585073.460417707] [mujoco_spawner]: MuJoCo URDF import OK (all meshes staged).
[mujoco_spawner-3] [WARN] [1790585073.469647139] [mujoco_spawner]: MuJoCo effort plant: no MJCF beside /home/molar1/bumperbot_ws/install/robot_lab_robots/share/robot_lab_robots/unitree/go2_description/xacro/go2_sim.xacro names every effort joint; keeping the URDF <dynamics> (damping=5.0 is a Gazebo stabiliser the robot does not have).
[mujoco_spawner-3] [INFO] [1790585073.516941641] [mujoco_spawner]: MuJoCo physics timestep: 0.0010 s
[mujoco_spawner-3] [INFO] [1790585073.518974155] [mujoco_spawner]: Robot has no 'oakd_rgb_camera_frame' link; no RGB-D camera is published.
[mujoco_spawner-3] [INFO] [1790585073.520279640] [mujoco_spawner]: Joints: ['FR_hip_joint', 'FR_thigh_joint', 'FR_calf_joint', 'FL_hip_joint', 'FL_thigh_joint', 'FL_calf_joint', 'RR_hip_joint', 'RR_thigh_joint', 'RR_calf_joint', 'RL_hip_joint', 'RL_thigh_joint', 'RL_calf_joint']   lw= rw=
[mujoco_spawner-3] [INFO] [1790585073.523050543] [mujoco_spawner]: MuJoCo effort joint armature: 0.0100 kg m^2
[mujoco_spawner-3] [INFO] [1790585073.525000466] [mujoco_spawner]: Joint effort input: /go2_group_effort_controller/commands (12 joints, URDF limits)
[mujoco_spawner-3] [INFO] [1790585073.526878391] [mujoco_spawner]: Spawn ground clearance: raised root by 0.2050 m
[mujoco_spawner-3] [INFO] [1790585073.527934311] [mujoco_spawner]: MuJoCo model loaded: 14 bodies, 13 joints
[mujoco_spawner-3] [INFO] [1790585073.528647549] [mujoco_spawner]: MuJoCo gui param=False (resolved=False), DISPLAY=:1 -> mode=DIRECT
[mujoco_spawner-3] [INFO] [1790585073.529292755] [mujoco_spawner]: MuJoCo running headless (gui=False, viewer=True).
[mujoco_spawner-3] [INFO] [1790585073.535165085] [mujoco_spawner]: MuJoCo spawner running.
[go2-stance-gait-controller-1] [INFO] [1790585073.540217618] [go2_stance_gait_controller]: Go2 recovery idle
[INFO] [simulator_ready_gate-10]: process has finished cleanly [pid 71407]
[INFO] [amcl-12]: process started with pid [71643]
[INFO] [map_server-11]: process started with pid [71641]
[INFO] [lifecycle_manager-13]: process started with pid [71645]
[INFO] [ekf_node-14]: process started with pid [71647]
[INFO] [imu_republisher.py-15]: process started with pid [71652]
[INFO] [wheel_imu_fusion-16]: process started with pid [71657]
[lifecycle_manager-13] [INFO] [1790585073.953883871] [lifecycle_manager_localization]: Creating
[map_server-11] [INFO] [1790585073.960500030] [map_server]: 
[map_server-11] 	map_server lifecycle node launched. 
[map_server-11] 	Waiting on external lifecycle transitions to activate
[map_server-11] 	See https://design.ros2.org/articles/node_lifecycle.html for more information.
[map_server-11] [INFO] [1790585073.960669851] [map_server]: Creating
[amcl-12] [0m[INFO] [1790585073.960812089] [amcl]: 
[amcl-12] 	amcl lifecycle node launched. 
[amcl-12] 	Waiting on external lifecycle transitions to activate
[amcl-12] 	See https://design.ros2.org/articles/node_lifecycle.html for more information.[0m
[lifecycle_manager-13] [INFO] [1790585073.961573742] [lifecycle_manager_localization]: [34m[1mCreating and initializing lifecycle service clients[0m[0m
[amcl-12] [0m[INFO] [1790585073.962498816] [amcl]: Creating[0m
[lifecycle_manager-13] [INFO] [1790585074.062247554] [lifecycle_manager_localization]: [34m[1mStarting managed nodes bringup...[0m[0m
[lifecycle_manager-13] [INFO] [1790585074.063425008] [lifecycle_manager_localization]: [34m[1mConfiguring map_server[0m[0m
[map_server-11] [INFO] [1790585074.065383668] [map_server]: Configuring
[map_server-11] [INFO] [1790585074.065526002] [map_io]: Loading yaml file: /home/molar1/bumperbot_ws/install/robot_lab_maps/share/robot_lab_maps/maps/nav_empty/maps/map.yaml
[map_server-11] [INFO] [1790585074.065927788] [map_io]: resolution: 0.05
[map_server-11] [INFO] [1790585074.065954315] [map_io]: origin[0]: -7
[map_server-11] [INFO] [1790585074.065960203] [map_io]: origin[1]: -7
[map_server-11] [INFO] [1790585074.065964747] [map_io]: origin[2]: 0
[map_server-11] [INFO] [1790585074.065969707] [map_io]: free_thresh: 0.196
[map_server-11] [INFO] [1790585074.065974603] [map_io]: occupied_thresh: 0.65
[map_server-11] [INFO] [1790585074.065981035] [map_io]: mode: trinary
[map_server-11] [INFO] [1790585074.065987755] [map_io]: negate: 0
[map_server-11] [INFO] [1790585074.066385509] [map_io]: Loading image_file: /home/molar1/bumperbot_ws/install/robot_lab_maps/share/robot_lab_maps/maps/nav_empty/maps/map.pgm
[map_server-11] [INFO] [1790585074.076818507] [map_io]: Read map /home/molar1/bumperbot_ws/install/robot_lab_maps/share/robot_lab_maps/maps/nav_empty/maps/map.pgm: 280 X 280 map @ 0.05 m/cell
[lifecycle_manager-13] [INFO] [1790585074.088491999] [lifecycle_manager_localization]: [34m[1mConfiguring amcl[0m[0m
[amcl-12] [0m[INFO] [1790585074.091279126] [amcl]: Configuring[0m
[amcl-12] [0m[INFO] [1790585074.091459219] [amcl]: initTransforms[0m
[amcl-12] [0m[INFO] [1790585074.107620101] [amcl]: initPubSub[0m
[amcl-12] [0m[INFO] [1790585074.117229976] [amcl]: Subscribed to map topic.[0m
[lifecycle_manager-13] [INFO] [1790585074.125670267] [lifecycle_manager_localization]: [34m[1mActivating map_server[0m[0m
[map_server-11] [INFO] [1790585074.125993238] [map_server]: Activating
[map_server-11] [INFO] [1790585074.126305266] [map_server]: Creating bond (map_server) to lifecycle manager.
[amcl-12] [0m[INFO] [1790585074.128539377] [amcl]: Received a 280 X 280 map @ 0.050 m/pix[0m
[lifecycle_manager-13] [INFO] [1790585074.231695425] [lifecycle_manager_localization]: Server map_server connected with bond.
[lifecycle_manager-13] [INFO] [1790585074.231789663] [lifecycle_manager_localization]: [34m[1mActivating amcl[0m[0m
[amcl-12] [0m[INFO] [1790585074.233196939] [amcl]: Activating[0m
[amcl-12] [0m[INFO] [1790585074.233296361] [amcl]: initialPoseReceived[0m
[amcl-12] [0m[INFO] [1790585074.233518406] [amcl]: Setting pose (0.572000): -0.500 -0.500 0.000[0m
[amcl-12] [0m[INFO] [1790585074.234117693] [amcl]: Creating bond (amcl) to lifecycle manager.[0m
[amcl-12] [0m[INFO] [1790585074.311103758] [amcl]: createLaserObject[0m
[lifecycle_manager-13] [INFO] [1790585074.338614329] [lifecycle_manager_localization]: Server amcl connected with bond.
[lifecycle_manager-13] [INFO] [1790585074.338698296] [lifecycle_manager_localization]: [34m[1mManaged nodes are active[0m[0m
[lifecycle_manager-13] [INFO] [1790585074.338725495] [lifecycle_manager_localization]: [34m[1mCreating bond timer...[0m[0m
[wheel_imu_fusion-16] [INFO] [1790585074.665444489] [sensor_fusion_wheel_imu_fusion]: wheel_imu_fusion ready
[go2-stance-gait-controller-1] [WARN] [1790585077.619626265] [go2_stance_gait_controller]: Go2 safety warn: tilt 0.35 rad exceeds warn threshold
[go2-stance-gait-controller-1] [WARN] [1790585077.748719629] [go2_stance_gait_controller]: Go2 safety safe_stop: tilt 0.70 rad exceeds fall threshold
[go2-stance-gait-controller-1] [INFO] [1790585077.861255732] [go2_stance_gait_controller]: Go2 recovery attempting:tuck
[go2-stance-gait-controller-1] [INFO] [1790585085.861437098] [go2_stance_gait_controller]: Go2 recovery unrecoverable:tuck
[ekf_node-14] [INFO] [1790585096.668510460] [rclcpp]: signal_handler(SIGINT/SIGTERM)
[amcl-12] [0m[INFO] [1790585096.668573883] [rclcpp]: signal_handler(SIGINT/SIGTERM)[0m
[lifecycle_manager-13] [INFO] [1790585096.668720505] [rclcpp]: signal_handler(SIGINT/SIGTERM)
[twist_relay-9] [INFO] [1790585096.668787832] [rclcpp]: signal_handler(SIGINT/SIGTERM)
[amcl-12] [0m[INFO] [1790585096.668939350] [amcl]: Running Nav2 LifecycleNode rcl preshutdown (amcl)[0m
[amcl-12] [0m[INFO] [1790585096.669100596] [amcl]: Deactivating[0m
[amcl-12] [0m[INFO] [1790585096.669160563] [amcl]: Destroying bond (amcl) to lifecycle manager.[0m
[map_server-11] [INFO] [1790585096.668953174] [rclcpp]: signal_handler(SIGINT/SIGTERM)
[map_server-11] [INFO] [1790585096.669098292] [map_server]: Running Nav2 LifecycleNode rcl preshutdown (map_server)
[map_server-11] [INFO] [1790585096.669199634] [map_server]: Deactivating
[map_server-11] [INFO] [1790585096.669232050] [map_server]: Destroying bond (map_server) to lifecycle manager.
[twist_marker-7] [INFO] [1790585096.669104852] [rclcpp]: signal_handler(SIGINT/SIGTERM)
[twist_mux-6] [INFO] [1790585096.670089701] [rclcpp]: signal_handler(SIGINT/SIGTERM)
[joy_node-5] [INFO] [1790585096.670662749] [rclcpp]: signal_handler(SIGINT/SIGTERM)
[lifecycle_manager-13] [INFO] [1790585096.670729180] [lifecycle_manager_localization]: Running Nav2 LifecycleManager rcl preshutdown (lifecycle_manager_localization)
[lifecycle_manager-13] [INFO] [1790585096.670823643] [lifecycle_manager_localization]: [34m[1mTerminating bond timer...[0m[0m
[robot_state_publisher-2] [INFO] [1790585096.671140790] [rclcpp]: signal_handler(SIGINT/SIGTERM)
[amcl-12] [0m[INFO] [1790585096.679588315] [amcl]: Cleaning up[0m
[map_server-11] [INFO] [1790585096.679595387] [map_server]: Cleaning up
[amcl-12] [0m[INFO] [1790585096.690778807] [amcl]: Destroying bond (amcl) to lifecycle manager.[0m
[map_server-11] [INFO] [1790585096.692700795] [map_server]: Destroying bond (map_server) to lifecycle manager.
[joy_teleop-4] Traceback (most recent call last):
[joy_teleop-4]   File "/opt/ros/humble/lib/joy_teleop/joy_teleop", line 33, in <module>
[joy_teleop-4]     sys.exit(load_entry_point('joy-teleop==1.6.0', 'console_scripts', 'joy_teleop')())
[joy_teleop-4]   File "/opt/ros/humble/lib/python3.10/site-packages/joy_teleop/joy_teleop.py", line 435, in main
[joy_teleop-4]     rclpy.spin(node)
[joy_teleop-4]   File "/opt/ros/humble/local/lib/python3.10/dist-packages/rclpy/__init__.py", line 229, in spin
[joy_teleop-4]     executor.spin_once()
[joy_teleop-4]   File "/opt/ros/humble/local/lib/python3.10/dist-packages/rclpy/executors.py", line 812, in spin_once
[joy_teleop-4]     self._spin_once_impl(timeout_sec)
[joy_teleop-4]   File "/opt/ros/humble/local/lib/python3.10/dist-packages/rclpy/executors.py", line 801, in _spin_once_impl
[joy_teleop-4]     handler, entity, node = self.wait_for_ready_callbacks(timeout_sec=timeout_sec)
[joy_teleop-4]   File "/opt/ros/humble/local/lib/python3.10/dist-packages/rclpy/executors.py", line 784, in wait_for_ready_callbacks
[joy_teleop-4]     return next(self._cb_iter)
[joy_teleop-4]   File "/opt/ros/humble/local/lib/python3.10/dist-packages/rclpy/executors.py", line 657, in _wait_for_ready_callbacks
[joy_teleop-4]     wait_set = _rclpy.WaitSet(
[joy_teleop-4] rclpy._rclpy_pybind11.RCLError: failed to initialize wait set: the given context is not valid, either rcl_init() was not called or rcl_shutdown() was called., at ./src/rcl/wait.c:130
[joystick_relay.py-8] Traceback (most recent call last):
[joystick_relay.py-8]   File "/opt/ros/humble/lib/twist_mux/joystick_relay.py", line 302, in <module>
[joystick_relay.py-8]     main()
[joystick_relay.py-8]   File "/opt/ros/humble/lib/twist_mux/joystick_relay.py", line 293, in main
[joystick_relay.py-8]     rclpy.spin(node)
[joystick_relay.py-8]   File "/opt/ros/humble/local/lib/python3.10/dist-packages/rclpy/__init__.py", line 229, in spin
[joystick_relay.py-8]     executor.spin_once()
[joystick_relay.py-8]   File "/opt/ros/humble/local/lib/python3.10/dist-packages/rclpy/executors.py", line 812, in spin_once
[joystick_relay.py-8]     self._spin_once_impl(timeout_sec)
[joystick_relay.py-8]   File "/opt/ros/humble/local/lib/python3.10/dist-packages/rclpy/executors.py", line 801, in _spin_once_impl
[joystick_relay.py-8]     handler, entity, node = self.wait_for_ready_callbacks(timeout_sec=timeout_sec)
[joystick_relay.py-8]   File "/opt/ros/humble/local/lib/python3.10/dist-packages/rclpy/executors.py", line 784, in wait_for_ready_callbacks
[joystick_relay.py-8]     return next(self._cb_iter)
[joystick_relay.py-8]   File "/opt/ros/humble/local/lib/python3.10/dist-packages/rclpy/executors.py", line 657, in _wait_for_ready_callbacks
[joystick_relay.py-8]     wait_set = _rclpy.WaitSet(
[joystick_relay.py-8] rclpy._rclpy_pybind11.RCLError: failed to initialize wait set: the given context is not valid, either rcl_init() was not called or rcl_shutdown() was called., at ./src/rcl/wait.c:130
[map_server-11] [INFO] [1790585096.829431888] [map_server]: Destroying
[amcl-12] [0m[INFO] [1790585096.837934292] [amcl]: Destroying[0m
[lifecycle_manager-13] [INFO] [1790585096.838538955] [lifecycle_manager_localization]: Destroying lifecycle_manager_localization
[INFO] [twist_relay-9]: process has finished cleanly [pid 71405]
[INFO] [twist_mux-6]: process has finished cleanly [pid 71391]
[INFO] [joy_node-5]: process has finished cleanly [pid 71389]
[INFO] [robot_state_publisher-2]: process has finished cleanly [pid 71383]
[INFO] [twist_marker-7]: process has finished cleanly [pid 71393]
[INFO] [ekf_node-14]: process has finished cleanly [pid 71647]
[imu_republisher.py-15] Traceback (most recent call last):
[imu_republisher.py-15]   File "/home/molar1/bumperbot_ws/install/robot_lab_localization/lib/robot_lab_localization/imu_republisher.py", line 54, in <module>
[imu_republisher.py-15]     main()
[imu_republisher.py-15]   File "/home/molar1/bumperbot_ws/install/robot_lab_localization/lib/robot_lab_localization/imu_republisher.py", line 45, in main
[imu_republisher.py-15]     rclpy.spin(node)
[imu_republisher.py-15]   File "/opt/ros/humble/local/lib/python3.10/dist-packages/rclpy/__init__.py", line 229, in spin
[imu_republisher.py-15]     executor.spin_once()
[imu_republisher.py-15]   File "/opt/ros/humble/local/lib/python3.10/dist-packages/rclpy/executors.py", line 812, in spin_once
[imu_republisher.py-15]     self._spin_once_impl(timeout_sec)
[imu_republisher.py-15]   File "/opt/ros/humble/local/lib/python3.10/dist-packages/rclpy/executors.py", line 801, in _spin_once_impl
[imu_republisher.py-15]     handler, entity, node = self.wait_for_ready_callbacks(timeout_sec=timeout_sec)
[imu_republisher.py-15]   File "/opt/ros/humble/local/lib/python3.10/dist-packages/rclpy/executors.py", line 784, in wait_for_ready_callbacks
[imu_republisher.py-15]     return next(self._cb_iter)
[imu_republisher.py-15]   File "/opt/ros/humble/local/lib/python3.10/dist-packages/rclpy/executors.py", line 685, in _wait_for_ready_callbacks
[imu_republisher.py-15]     raise ExternalShutdownException()
[imu_republisher.py-15] rclpy.executors.ExternalShutdownException
[mujoco_spawner-3] Traceback (most recent call last):
[mujoco_spawner-3]   File "/home/molar1/bumperbot_ws/install/robot_lab_mujoco/lib/robot_lab_mujoco/mujoco_spawner", line 33, in <module>
[mujoco_spawner-3]     sys.exit(load_entry_point('robot_lab_mujoco==0.1.0', 'console_scripts', 'mujoco_spawner')())
[mujoco_spawner-3]   File "/home/molar1/bumperbot_ws/install/robot_lab_mujoco/lib/python3.10/site-packages/robot_lab_mujoco/mujoco_spawner.py", line 2007, in main
[mujoco_spawner-3]     rclpy.spin(node)
[mujoco_spawner-3]   File "/opt/ros/humble/local/lib/python3.10/dist-packages/rclpy/__init__.py", line 229, in spin
[mujoco_spawner-3]     executor.spin_once()
[mujoco_spawner-3]   File "/opt/ros/humble/local/lib/python3.10/dist-packages/rclpy/executors.py", line 812, in spin_once
[mujoco_spawner-3]     self._spin_once_impl(timeout_sec)
[mujoco_spawner-3]   File "/opt/ros/humble/local/lib/python3.10/dist-packages/rclpy/executors.py", line 801, in _spin_once_impl
[mujoco_spawner-3]     handler, entity, node = self.wait_for_ready_callbacks(timeout_sec=timeout_sec)
[mujoco_spawner-3]   File "/opt/ros/humble/local/lib/python3.10/dist-packages/rclpy/executors.py", line 784, in wait_for_ready_callbacks
[mujoco_spawner-3]     return next(self._cb_iter)
[mujoco_spawner-3]   File "/opt/ros/humble/local/lib/python3.10/dist-packages/rclpy/executors.py", line 657, in _wait_for_ready_callbacks
[mujoco_spawner-3]     wait_set = _rclpy.WaitSet(
[mujoco_spawner-3] rclpy._rclpy_pybind11.RCLError: failed to initialize wait set: the given context is not valid, either rcl_init() was not called or rcl_shutdown() was called., at ./src/rcl/wait.c:130
[INFO] [lifecycle_manager-13]: process has finished cleanly [pid 71645]
[INFO] [wheel_imu_fusion-16]: process has finished cleanly [pid 71657]
[INFO] [map_server-11]: process has finished cleanly [pid 71641]
[INFO] [amcl-12]: process has finished cleanly [pid 71643]
[INFO] [go2-stance-gait-controller-1]: process has finished cleanly [pid 71381]
[ERROR] [imu_republisher.py-15]: process has died [pid 71652, exit code 1, cmd '/home/molar1/bumperbot_ws/install/robot_lab_localization/lib/robot_lab_localization/imu_republisher.py --ros-args --params-file /workspace/molar/.tmp/launch_params_3no3ycex'].
[ERROR] [joy_teleop-4]: process has died [pid 71387, exit code 1, cmd '/opt/ros/humble/lib/joy_teleop/joy_teleop --ros-args --params-file /home/molar1/bumperbot_ws/install/robot_lab_controller/share/robot_lab_controller/config/joy_teleop.yaml --params-file /workspace/molar/.tmp/launch_params_mlfrs1qx'].
[ERROR] [mujoco_spawner-3]: process has died [pid 71385, exit code 1, cmd '/home/molar1/bumperbot_ws/install/robot_lab_mujoco/lib/robot_lab_mujoco/mujoco_spawner --ros-args -r __node:=mujoco_spawner --params-file /workspace/molar/.tmp/launch_params_2rj59se4'].
[ERROR] [joystick_relay.py-8]: process has died [pid 71395, exit code 1, cmd '/opt/ros/humble/lib/twist_mux/joystick_relay.py --ros-args --params-file /workspace/molar/.tmp/launch_params_jy7apw9z --params-file /home/molar1/bumperbot_ws/install/robot_lab_controller/share/robot_lab_controller/config/twist_mux_joy.yaml -r joy_vel_out:=joy_vel -r joy_vel_in:=input_joy/cmd_vel'].
