[INFO] [launch]: All log files can be found below /home/molar1/.ros/log/2026-10-01-16-15-03-013258-molar1-541012
[INFO] [launch]: Default logging verbosity is set to INFO
[INFO] [robot_state_publisher-1]: process started with pid [541080]
[INFO] [pybullet_spawner-2]: process started with pid [541082]
[robot_state_publisher-1] [INFO] [1790864103.854792330] [robot_state_publisher]: got segment base_footprint
[robot_state_publisher-1] [INFO] [1790864103.854970956] [robot_state_publisher]: got segment base_link
[robot_state_publisher-1] [INFO] [1790864103.854992300] [robot_state_publisher]: got segment front_left_knuckle_link
[robot_state_publisher-1] [INFO] [1790864103.855003468] [robot_state_publisher]: got segment front_left_wheel_link
[robot_state_publisher-1] [INFO] [1790864103.855012236] [robot_state_publisher]: got segment front_right_knuckle_link
[robot_state_publisher-1] [INFO] [1790864103.855019948] [robot_state_publisher]: got segment front_right_wheel_link
[robot_state_publisher-1] [INFO] [1790864103.855027724] [robot_state_publisher]: got segment imu_link
[robot_state_publisher-1] [INFO] [1790864103.855035436] [robot_state_publisher]: got segment laser_link
[robot_state_publisher-1] [INFO] [1790864103.855043500] [robot_state_publisher]: got segment laser_mast_link
[robot_state_publisher-1] [INFO] [1790864103.855051117] [robot_state_publisher]: got segment oakd_imu_frame
[robot_state_publisher-1] [INFO] [1790864103.855058733] [robot_state_publisher]: got segment oakd_left_camera_frame
[robot_state_publisher-1] [INFO] [1790864103.855066349] [robot_state_publisher]: got segment oakd_left_camera_optical_frame
[robot_state_publisher-1] [INFO] [1790864103.855074061] [robot_state_publisher]: got segment oakd_link
[robot_state_publisher-1] [INFO] [1790864103.855081517] [robot_state_publisher]: got segment oakd_rgb_camera_frame
[robot_state_publisher-1] [INFO] [1790864103.855089005] [robot_state_publisher]: got segment oakd_rgb_camera_optical_frame
[robot_state_publisher-1] [INFO] [1790864103.855096333] [robot_state_publisher]: got segment oakd_right_camera_frame
[robot_state_publisher-1] [INFO] [1790864103.855103981] [robot_state_publisher]: got segment oakd_right_camera_optical_frame
[robot_state_publisher-1] [INFO] [1790864103.855111341] [robot_state_publisher]: got segment rear_left_wheel_link
[robot_state_publisher-1] [INFO] [1790864103.855119053] [robot_state_publisher]: got segment rear_right_wheel_link
[pybullet_spawner-2] pybullet build time: Sep  2 2026 15:08:17
[pybullet_spawner-2] [INFO] [1790864104.463337339] [pybullet_spawner]: PyBulletSpawner __init__ started
[pybullet_spawner-2] [INFO] [1790864104.468583955] [pybullet_spawner]: Parameters declared
[pybullet_spawner-2] [INFO] [1790864104.481039992] [pybullet_spawner]: Created /robot_lab/ready publisher
[pybullet_spawner-2] [INFO] [1790864104.483254416] [pybullet_spawner]: Created /robot_lab/health publisher
[pybullet_spawner-2] [INFO] [1790864104.485448103] [pybullet_spawner]: Created /robot_lab/reset service
[pybullet_spawner-2] [INFO] [1790864105.210690897] [pybullet_spawner]: URDF written to /workspace/molar/.tmp/tmpbh68_7l_.urdf
[pybullet_spawner-2] [INFO] [1790864105.211307480] [pybullet_spawner]: PyBullet gui param=False (resolved=False), DISPLAY=:1 -> mode=DIRECT
[pybullet_spawner-2] [INFO] [1790864105.211791485] [pybullet_spawner]: Connecting to PyBullet...
[pybullet_spawner-2] [INFO] [1790864105.221348963] [pybullet_spawner]: PyBullet connected with client_id=0
[pybullet_spawner-2] [INFO] [1790864105.221958730] [pybullet_spawner]: PyBullet physics engine configured
[pybullet_spawner-2] [INFO] [1790864105.233466980] [pybullet_spawner]: SDF world 'nav_empty.world': 9 static shape(s) created, 0 skipped
[pybullet_spawner-2] b3Warning[examples/Importers/ImportURDFDemo/BulletUrdfImporter.cpp,126]:
[pybullet_spawner-2] No inertial data for link, using mass=1, localinertiadiagonal = 1,1,1, identity local inertial frameb3Warning[examples/Importers/ImportURDFDemo/BulletUrdfImporter.cpp,126]:
[pybullet_spawner-2] base_footprintb3Warning[examples/Importers/ImportURDFDemo/BulletUrdfImporter.cpp,126]:
[pybullet_spawner-2] No inertial data for link, using mass=1, localinertiadiagonal = 1,1,1, identity local inertial frameb3Warning[examples/Importers/ImportURDFDemo/BulletUrdfImporter.cpp,126]:
[pybullet_spawner-2] [INFO] [1790864105.240080235] [pybullet_spawner]: Loaded robot id=10 (18 joints)
[pybullet_spawner-2] [INFO] [1790864105.241346361] [pybullet_spawner]: Joint damping capped for stability on 2 joint(s): front_left_steer_joint, front_right_steer_joint
[pybullet_spawner-2] [INFO] [1790864105.241974047] [pybullet_spawner]: Friction from the description's <gazebo> blocks: front_left_wheel_link=1, front_right_wheel_link=1, rear_left_wheel_link=1, rear_right_wheel_link=1
[pybullet_spawner-2] [INFO] [1790864105.244529211] [pybullet_spawner]: RGB-D camera on 'oakd_rgb_camera_frame': 320x240 at 5.0 Hz (software renderer)
[pybullet_spawner-2] laser_mast_linkb3Warning[examples/Importers/ImportURDFDemo/BulletUrdfImporter.cpp,126]:
[pybullet_spawner-2] No inertial data for link, using mass=1, localinertiadiagonal = 1,1,1, identity local inertial frameb3Warning[examples/Importers/ImportURDFDemo/BulletUrdfImporter.cpp,126]:
[pybullet_spawner-2] base_footprintb3Warning[examples/Importers/ImportURDFDemo/BulletUrdfImporter.cpp,126]:
[pybullet_spawner-2] No inertial data for link, using mass=1, localinertiadiagonal = 1,1,1, identity local inertial frameb3Warning[examples/Importers/ImportURDFDemo/BulletUrdfImporter.cpp,126]:
[pybullet_spawner-2] [INFO] [1790864105.263783112] [pybullet_spawner]: SDF world 'nav_empty.world': 9 static shape(s) created, 0 skipped
[pybullet_spawner-2] [INFO] [1790864105.264663762] [pybullet_spawner]: Drive: ackermann, wheels ['rear_left_wheel_joint', 'rear_right_wheel_joint', 'front_left_wheel_joint', 'front_right_wheel_joint'], steering ['front_left_steer_joint', 'front_right_steer_joint']
[pybullet_spawner-2] [INFO] [1790864105.265310360] [pybullet_spawner]: Joints: ['rear_left_wheel_joint', 'rear_right_wheel_joint', 'front_left_steer_joint', 'front_left_wheel_joint', 'front_right_steer_joint', 'front_right_wheel_joint']  lw=rear_left_wheel_joint rw=rear_right_wheel_joint
[pybullet_spawner-2] [INFO] [1790864105.419901323] [pybullet_spawner]: PyBullet spawner running
[WARNING] [launch]: user interrupted with ctrl-c (SIGINT)
[ERROR] [pybullet_spawner-2]: process[pybullet_spawner-2] failed to terminate '5' seconds after receiving 'SIGINT', escalating to 'SIGTERM'
[ERROR] [robot_state_publisher-1]: process[robot_state_publisher-1] failed to terminate '5' seconds after receiving 'SIGINT', escalating to 'SIGTERM'
[INFO] [pybullet_spawner-2]: sending signal 'SIGTERM' to process[pybullet_spawner-2]
[INFO] [robot_state_publisher-1]: sending signal 'SIGTERM' to process[robot_state_publisher-1]
[robot_state_publisher-1] [INFO] [1790864137.806787821] [rclcpp]: signal_handler(SIGINT/SIGTERM)
[INFO] [robot_state_publisher-1]: process has finished cleanly [pid 541080]
[INFO] [pybullet_spawner-2]: process has finished cleanly [pid 541082]
[pybullet_spawner-2] laser_mast_link
