[INFO] [launch]: All log files can be found below /home/molar1/.ros/log/2026-09-29-11-06-49-532735-molar1-722578
[INFO] [launch]: Default logging verbosity is set to INFO
[robot_lab] algorithm localization=amcl -> global_localization stack
[robot_lab] algorithm state_estimation=ekf_localization_node -> local_localization stack
[robot_lab] algorithm sensor_fusion=wheel_imu_fusion -> node robot_lab_algorithms/wheel_imu_fusion
[INFO] [go2-stance-gait-controller-1]: process started with pid [722628]
[INFO] [robot_state_publisher-2]: process started with pid [722630]
[INFO] [mujoco_spawner-3]: process started with pid [722632]
[INFO] [joy_teleop-4]: process started with pid [722634]
[INFO] [joy_node-5]: process started with pid [722636]
[INFO] [twist_mux-6]: process started with pid [722638]
[INFO] [twist_marker-7]: process started with pid [722640]
[INFO] [joystick_relay.py-8]: process started with pid [722642]
[INFO] [twist_relay-9]: process started with pid [722644]
[INFO] [simulator_ready_gate-10]: process started with pid [722656]
[twist_mux-6] [INFO] [1790672810.452752427] [twist_mux]: Topic handler 'topics.joystick' subscribed to topic 'joy_vel': timeout = 0.500000s , priority = 99.
[twist_mux-6] [INFO] [1790672810.454709220] [twist_mux]: Topic handler 'topics.keyboard' subscribed to topic 'key_vel': timeout = 0.500000s , priority = 90.
[twist_mux-6] [INFO] [1790672810.455933483] [twist_mux]: Topic handler 'topics.navigation' subscribed to topic 'cmd_vel': timeout = 0.500000s , priority = 80.
[twist_mux-6] [INFO] [1790672810.456952278] [twist_mux]: Topic handler 'locks.safety_stop' subscribed to topic 'safety_stop': timeout = None , priority = 255.
[robot_state_publisher-2] [INFO] [1790672810.478274725] [robot_state_publisher]: got segment FL_calf
[robot_state_publisher-2] [INFO] [1790672810.480270236] [robot_state_publisher]: got segment FL_calf_rotor
[robot_state_publisher-2] [INFO] [1790672810.481165642] [robot_state_publisher]: got segment FL_foot
[robot_state_publisher-2] [INFO] [1790672810.481704031] [robot_state_publisher]: got segment FL_hip
[robot_state_publisher-2] [INFO] [1790672810.482178005] [robot_state_publisher]: got segment FL_hip_rotor
[robot_state_publisher-2] [INFO] [1790672810.482636268] [robot_state_publisher]: got segment FL_thigh
[robot_state_publisher-2] [INFO] [1790672810.483089667] [robot_state_publisher]: got segment FL_thigh_rotor
[robot_state_publisher-2] [INFO] [1790672810.483523546] [robot_state_publisher]: got segment FR_calf
[robot_state_publisher-2] [INFO] [1790672810.483949009] [robot_state_publisher]: got segment FR_calf_rotor
[robot_state_publisher-2] [INFO] [1790672810.484406536] [robot_state_publisher]: got segment FR_foot
[robot_state_publisher-2] [INFO] [1790672810.484848735] [robot_state_publisher]: got segment FR_hip
[robot_state_publisher-2] [INFO] [1790672810.485272791] [robot_state_publisher]: got segment FR_hip_rotor
[robot_state_publisher-2] [INFO] [1790672810.485672814] [robot_state_publisher]: got segment FR_thigh
[robot_state_publisher-2] [INFO] [1790672810.486122149] [robot_state_publisher]: got segment FR_thigh_rotor
[robot_state_publisher-2] [INFO] [1790672810.486538493] [robot_state_publisher]: got segment RL_calf
[robot_state_publisher-2] [INFO] [1790672810.486955764] [robot_state_publisher]: got segment RL_calf_rotor
[robot_state_publisher-2] [INFO] [1790672810.487394443] [robot_state_publisher]: got segment RL_foot
[robot_state_publisher-2] [INFO] [1790672810.487819395] [robot_state_publisher]: got segment RL_hip
[robot_state_publisher-2] [INFO] [1790672810.488234970] [robot_state_publisher]: got segment RL_hip_rotor
[robot_state_publisher-2] [INFO] [1790672810.488653650] [robot_state_publisher]: got segment RL_thigh
[robot_state_publisher-2] [INFO] [1790672810.489043818] [robot_state_publisher]: got segment RL_thigh_rotor
[robot_state_publisher-2] [INFO] [1790672810.489439010] [robot_state_publisher]: got segment RR_calf
[robot_state_publisher-2] [INFO] [1790672810.489850073] [robot_state_publisher]: got segment RR_calf_rotor
[robot_state_publisher-2] [INFO] [1790672810.490612266] [robot_state_publisher]: got segment RR_foot
[robot_state_publisher-2] [INFO] [1790672810.490637673] [robot_state_publisher]: got segment RR_hip
[robot_state_publisher-2] [INFO] [1790672810.490649289] [robot_state_publisher]: got segment RR_hip_rotor
[robot_state_publisher-2] [INFO] [1790672810.490657289] [robot_state_publisher]: got segment RR_thigh
[robot_state_publisher-2] [INFO] [1790672810.490666473] [robot_state_publisher]: got segment RR_thigh_rotor
[robot_state_publisher-2] [INFO] [1790672810.490673865] [robot_state_publisher]: got segment base
[robot_state_publisher-2] [INFO] [1790672810.490681257] [robot_state_publisher]: got segment front_camera
[robot_state_publisher-2] [INFO] [1790672810.490688328] [robot_state_publisher]: got segment imu_link
[robot_state_publisher-2] [INFO] [1790672810.490697512] [robot_state_publisher]: got segment trunk
[go2-stance-gait-controller-1] [0;93m2026-09-29 11:06:51.140392659 [W:onnxruntime:Default, device_discovery.cc:164 DiscoverDevicesForPlatform] GPU device discovery failed: device_discovery.cc:89 ReadFileContents Failed to open file: "/sys/class/drm/card1/device/vendor"[m
[go2-stance-gait-controller-1] [INFO] [1790672811.198662419] [go2_stance_gait_controller]: Go2 closed-loop stance: 12 effort joints at 250.0 Hz; controller ONNX velocity policy
[mujoco_spawner-3] [INFO] [1790672812.479188649] [mujoco_spawner]: MuJoCo: 18 collision proxy geom(s) moved to group 3 (viewer Rendering tab to show them).
[mujoco_spawner-3] [INFO] [1790672812.528056679] [mujoco_spawner]: MuJoCo URDF import OK (all meshes staged).
[mujoco_spawner-3] [WARN] [1790672812.540607496] [mujoco_spawner]: MuJoCo effort plant: no MJCF beside /home/molar1/bumperbot_ws/install/robot_lab_robots/share/robot_lab_robots/unitree/go2_description/xacro/go2_sim.xacro names every effort joint; keeping the URDF <dynamics> (damping=5.0 is a Gazebo stabiliser the robot does not have).
[mujoco_spawner-3] [INFO] [1790672812.584246001] [mujoco_spawner]: MuJoCo physics timestep: 0.0010 s
[mujoco_spawner-3] [INFO] [1790672812.586906075] [mujoco_spawner]: Robot has no 'oakd_rgb_camera_frame' link; no RGB-D camera is published.
[mujoco_spawner-3] [INFO] [1790672812.588147266] [mujoco_spawner]: Joints: ['FR_hip_joint', 'FR_thigh_joint', 'FR_calf_joint', 'FL_hip_joint', 'FL_thigh_joint', 'FL_calf_joint', 'RR_hip_joint', 'RR_thigh_joint', 'RR_calf_joint', 'RL_hip_joint', 'RL_thigh_joint', 'RL_calf_joint']   lw= rw=
[mujoco_spawner-3] [INFO] [1790672812.590885002] [mujoco_spawner]: MuJoCo effort joint armature: 0.0100 kg m^2
[mujoco_spawner-3] [INFO] [1790672812.592974496] [mujoco_spawner]: Joint effort input: /go2_group_effort_controller/commands (12 joints, URDF limits)
[mujoco_spawner-3] [INFO] [1790672812.594983927] [mujoco_spawner]: Spawn ground clearance: raised root by 0.2050 m
[mujoco_spawner-3] [INFO] [1790672812.596049921] [mujoco_spawner]: MuJoCo model loaded: 14 bodies, 13 joints
[mujoco_spawner-3] [INFO] [1790672812.596782674] [mujoco_spawner]: MuJoCo gui param=False (resolved=False), DISPLAY=:1 -> mode=DIRECT
[mujoco_spawner-3] [INFO] [1790672812.597471108] [mujoco_spawner]: MuJoCo running headless (gui=False, viewer=True).
[go2-stance-gait-controller-1] [INFO] [1790672812.605325445] [go2_stance_gait_controller]: Go2 recovery idle
[mujoco_spawner-3] [INFO] [1790672812.605711133] [mujoco_spawner]: MuJoCo spawner running.
[INFO] [simulator_ready_gate-10]: process has finished cleanly [pid 722656]
[INFO] [amcl-12]: process started with pid [722877]
[INFO] [map_server-11]: process started with pid [722875]
[INFO] [lifecycle_manager-13]: process started with pid [722879]
[INFO] [ekf_node-14]: process started with pid [722881]
[INFO] [imu_republisher.py-15]: process started with pid [722883]
[INFO] [wheel_imu_fusion-16]: process started with pid [722885]
[lifecycle_manager-13] [INFO] [1790672813.097554512] [lifecycle_manager_localization]: Creating
[lifecycle_manager-13] [INFO] [1790672813.109849046] [lifecycle_manager_localization]: [34m[1mCreating and initializing lifecycle service clients[0m[0m
[amcl-12] [0m[INFO] [1790672813.136695541] [amcl]: 
[amcl-12] 	amcl lifecycle node launched. 
[amcl-12] 	Waiting on external lifecycle transitions to activate
[amcl-12] 	See https://design.ros2.org/articles/node_lifecycle.html for more information.[0m
[amcl-12] [0m[INFO] [1790672813.138502640] [amcl]: Creating[0m
[map_server-11] [INFO] [1790672813.174126716] [map_server]: 
[map_server-11] 	map_server lifecycle node launched. 
[map_server-11] 	Waiting on external lifecycle transitions to activate
[map_server-11] 	See https://design.ros2.org/articles/node_lifecycle.html for more information.
[map_server-11] [INFO] [1790672813.178702111] [map_server]: Creating
[lifecycle_manager-13] [INFO] [1790672813.273062849] [lifecycle_manager_localization]: [34m[1mStarting managed nodes bringup...[0m[0m
[lifecycle_manager-13] [INFO] [1790672813.275550511] [lifecycle_manager_localization]: [34m[1mConfiguring map_server[0m[0m
[map_server-11] [INFO] [1790672813.277023761] [map_server]: Configuring
[map_server-11] [INFO] [1790672813.277144174] [map_io]: Loading yaml file: /home/molar1/bumperbot_ws/install/robot_lab_maps/share/robot_lab_maps/maps/nav_empty/maps/map.yaml
[map_server-11] [INFO] [1790672813.277540966] [map_io]: resolution: 0.05
[map_server-11] [INFO] [1790672813.277558694] [map_io]: origin[0]: -7
[map_server-11] [INFO] [1790672813.277564454] [map_io]: origin[1]: -7
[map_server-11] [INFO] [1790672813.277568774] [map_io]: origin[2]: 0
[map_server-11] [INFO] [1790672813.277573478] [map_io]: free_thresh: 0.196
[map_server-11] [INFO] [1790672813.277578245] [map_io]: occupied_thresh: 0.65
[map_server-11] [INFO] [1790672813.277583973] [map_io]: mode: trinary
[map_server-11] [INFO] [1790672813.277591461] [map_io]: negate: 0
[map_server-11] [INFO] [1790672813.277908831] [map_io]: Loading image_file: /home/molar1/bumperbot_ws/install/robot_lab_maps/share/robot_lab_maps/maps/nav_empty/maps/map.pgm
[map_server-11] [INFO] [1790672813.288790306] [map_io]: Read map /home/molar1/bumperbot_ws/install/robot_lab_maps/share/robot_lab_maps/maps/nav_empty/maps/map.pgm: 280 X 280 map @ 0.05 m/cell
[lifecycle_manager-13] [INFO] [1790672813.308181431] [lifecycle_manager_localization]: [34m[1mConfiguring amcl[0m[0m
[amcl-12] [0m[INFO] [1790672813.308589839] [amcl]: Configuring[0m
[amcl-12] [0m[INFO] [1790672813.309068933] [amcl]: initTransforms[0m
[amcl-12] [0m[INFO] [1790672813.322282489] [amcl]: initPubSub[0m
[amcl-12] [0m[INFO] [1790672813.333653586] [amcl]: Subscribed to map topic.[0m
[lifecycle_manager-13] [INFO] [1790672813.345252294] [lifecycle_manager_localization]: [34m[1mActivating map_server[0m[0m
[map_server-11] [INFO] [1790672813.345912857] [map_server]: Activating
[amcl-12] [0m[INFO] [1790672813.346819974] [amcl]: Received a 280 X 280 map @ 0.050 m/pix[0m
[map_server-11] [INFO] [1790672813.346638570] [map_server]: Creating bond (map_server) to lifecycle manager.
[lifecycle_manager-13] [INFO] [1790672813.454203712] [lifecycle_manager_localization]: Server map_server connected with bond.
[lifecycle_manager-13] [INFO] [1790672813.454302334] [lifecycle_manager_localization]: [34m[1mActivating amcl[0m[0m
[amcl-12] [0m[INFO] [1790672813.454629879] [amcl]: Activating[0m
[amcl-12] [0m[INFO] [1790672813.454740725] [amcl]: initialPoseReceived[0m
[amcl-12] [0m[INFO] [1790672813.454990256] [amcl]: Setting pose (0.620000): -0.500 -0.500 0.000[0m
[amcl-12] [0m[INFO] [1790672813.455620707] [amcl]: Creating bond (amcl) to lifecycle manager.[0m
[lifecycle_manager-13] [INFO] [1790672813.559663776] [lifecycle_manager_localization]: Server amcl connected with bond.
[lifecycle_manager-13] [INFO] [1790672813.559779326] [lifecycle_manager_localization]: [34m[1mManaged nodes are active[0m[0m
[lifecycle_manager-13] [INFO] [1790672813.559802237] [lifecycle_manager_localization]: [34m[1mCreating bond timer...[0m[0m
[amcl-12] [0m[INFO] [1790672813.700101722] [amcl]: createLaserObject[0m
[wheel_imu_fusion-16] [INFO] [1790672813.946509066] [sensor_fusion_wheel_imu_fusion]: wheel_imu_fusion ready
[amcl-12] [0m[INFO] [1790672836.930130661] [rclcpp]: signal_handler(SIGINT/SIGTERM)[0m
[amcl-12] [0m[INFO] [1790672836.930269794] [amcl]: Running Nav2 LifecycleNode rcl preshutdown (amcl)[0m
[amcl-12] [0m[INFO] [1790672836.930385408] [amcl]: Deactivating[0m
[amcl-12] [0m[INFO] [1790672836.930426303] [amcl]: Destroying bond (amcl) to lifecycle manager.[0m
[map_server-11] [INFO] [1790672836.930141957] [rclcpp]: signal_handler(SIGINT/SIGTERM)
[map_server-11] [INFO] [1790672836.930311905] [map_server]: Running Nav2 LifecycleNode rcl preshutdown (map_server)
[map_server-11] [INFO] [1790672836.930407039] [map_server]: Deactivating
[map_server-11] [INFO] [1790672836.930432543] [map_server]: Destroying bond (map_server) to lifecycle manager.
[lifecycle_manager-13] [INFO] [1790672836.930120613] [rclcpp]: signal_handler(SIGINT/SIGTERM)
[lifecycle_manager-13] [INFO] [1790672836.930264642] [lifecycle_manager_localization]: Running Nav2 LifecycleManager rcl preshutdown (lifecycle_manager_localization)
[lifecycle_manager-13] [INFO] [1790672836.930334241] [lifecycle_manager_localization]: [34m[1mTerminating bond timer...[0m[0m
[joy_node-5] [INFO] [1790672836.930132677] [rclcpp]: signal_handler(SIGINT/SIGTERM)
[robot_state_publisher-2] [INFO] [1790672836.930171268] [rclcpp]: signal_handler(SIGINT/SIGTERM)
[ekf_node-14] [INFO] [1790672836.930178820] [rclcpp]: signal_handler(SIGINT/SIGTERM)
[twist_mux-6] [INFO] [1790672836.930214307] [rclcpp]: signal_handler(SIGINT/SIGTERM)
[twist_relay-9] [INFO] [1790672836.930231427] [rclcpp]: signal_handler(SIGINT/SIGTERM)
[twist_marker-7] [INFO] [1790672836.930399999] [rclcpp]: signal_handler(SIGINT/SIGTERM)
[amcl-12] [0m[INFO] [1790672836.941102246] [amcl]: Cleaning up[0m
[map_server-11] [INFO] [1790672836.941160389] [map_server]: Cleaning up
[map_server-11] [INFO] [1790672836.941280226] [map_server]: Destroying bond (map_server) to lifecycle manager.
[amcl-12] [0m[INFO] [1790672836.981771339] [amcl]: Destroying bond (amcl) to lifecycle manager.[0m
[joy_teleop-4] Traceback (most recent call last):
[joy_teleop-4]   File "/opt/ros/humble/lib/joy_teleop/joy_teleop", line 33, in <module>
[joy_teleop-4]     sys.exit(load_entry_point('joy-teleop==1.6.0', 'console_scripts', 'joy_teleop')())
[joy_teleop-4]   File "/opt/ros/humble/lib/python3.10/site-packages/joy_teleop/joy_teleop.py", line 435, in main
[joy_teleop-4]     rclpy.spin(node)
[joy_teleop-4]   File "/opt/ros/humble/local/lib/python3.10/dist-packages/rclpy/__init__.py", line 229, in spin
[joy_teleop-4]     executor.spin_once()
[joy_teleop-4]   File "/opt/ros/humble/local/lib/python3.10/dist-packages/rclpy/executors.py", line 812, in spin_once
[joy_teleop-4]     self._spin_once_impl(timeout_sec)
[joy_teleop-4]   File "/opt/ros/humble/local/lib/python3.10/dist-packages/rclpy/executors.py", line 801, in _spin_once_impl
[joy_teleop-4]     handler, entity, node = self.wait_for_ready_callbacks(timeout_sec=timeout_sec)
[joy_teleop-4]   File "/opt/ros/humble/local/lib/python3.10/dist-packages/rclpy/executors.py", line 784, in wait_for_ready_callbacks
[joy_teleop-4]     return next(self._cb_iter)
[joy_teleop-4]   File "/opt/ros/humble/local/lib/python3.10/dist-packages/rclpy/executors.py", line 685, in _wait_for_ready_callbacks
[joy_teleop-4]     raise ExternalShutdownException()
[joy_teleop-4] rclpy.executors.ExternalShutdownException
[map_server-11] [INFO] [1790672837.053927697] [map_server]: Destroying
[amcl-12] [0m[INFO] [1790672837.059381762] [amcl]: Destroying[0m
[lifecycle_manager-13] [INFO] [1790672837.060462956] [lifecycle_manager_localization]: Destroying lifecycle_manager_localization
[INFO] [twist_marker-7]: process has finished cleanly [pid 722640]
[INFO] [twist_relay-9]: process has finished cleanly [pid 722644]
[INFO] [ekf_node-14]: process has finished cleanly [pid 722881]
[INFO] [robot_state_publisher-2]: process has finished cleanly [pid 722630]
[INFO] [twist_mux-6]: process has finished cleanly [pid 722638]
[INFO] [joy_node-5]: process has finished cleanly [pid 722636]
[imu_republisher.py-15] Traceback (most recent call last):
[imu_republisher.py-15]   File "/home/molar1/bumperbot_ws/install/robot_lab_localization/lib/robot_lab_localization/imu_republisher.py", line 54, in <module>
[imu_republisher.py-15]     main()
[imu_republisher.py-15]   File "/home/molar1/bumperbot_ws/install/robot_lab_localization/lib/robot_lab_localization/imu_republisher.py", line 45, in main
[imu_republisher.py-15]     rclpy.spin(node)
[imu_republisher.py-15]   File "/opt/ros/humble/local/lib/python3.10/dist-packages/rclpy/__init__.py", line 229, in spin
[imu_republisher.py-15]     executor.spin_once()
[imu_republisher.py-15]   File "/opt/ros/humble/local/lib/python3.10/dist-packages/rclpy/executors.py", line 812, in spin_once
[imu_republisher.py-15]     self._spin_once_impl(timeout_sec)
[imu_republisher.py-15]   File "/opt/ros/humble/local/lib/python3.10/dist-packages/rclpy/executors.py", line 801, in _spin_once_impl
[imu_republisher.py-15]     handler, entity, node = self.wait_for_ready_callbacks(timeout_sec=timeout_sec)
[imu_republisher.py-15]   File "/opt/ros/humble/local/lib/python3.10/dist-packages/rclpy/executors.py", line 784, in wait_for_ready_callbacks
[imu_republisher.py-15]     return next(self._cb_iter)
[imu_republisher.py-15]   File "/opt/ros/humble/local/lib/python3.10/dist-packages/rclpy/executors.py", line 685, in _wait_for_ready_callbacks
[imu_republisher.py-15]     raise ExternalShutdownException()
[imu_republisher.py-15] rclpy.executors.ExternalShutdownException
[INFO] [lifecycle_manager-13]: process has finished cleanly [pid 722879]
[INFO] [map_server-11]: process has finished cleanly [pid 722875]
[INFO] [amcl-12]: process has finished cleanly [pid 722877]
[INFO] [wheel_imu_fusion-16]: process has finished cleanly [pid 722885]
[INFO] [go2-stance-gait-controller-1]: process has finished cleanly [pid 722628]
[INFO] [joystick_relay.py-8]: process has finished cleanly [pid 722642]
[ERROR] [imu_republisher.py-15]: process has died [pid 722883, exit code 1, cmd '/home/molar1/bumperbot_ws/install/robot_lab_localization/lib/robot_lab_localization/imu_republisher.py --ros-args --params-file /workspace/molar/.tmp/launch_params_v88if31f'].
[INFO] [mujoco_spawner-3]: process has finished cleanly [pid 722632]
[ERROR] [joy_teleop-4]: process has died [pid 722634, exit code 1, cmd '/opt/ros/humble/lib/joy_teleop/joy_teleop --ros-args --params-file /home/molar1/bumperbot_ws/install/robot_lab_controller/share/robot_lab_controller/config/joy_teleop.yaml --params-file /workspace/molar/.tmp/launch_params_7brcx6f1'].
