10:02:01 START asset_turtlebot3_burger-gazebo
10:02:53 END asset_turtlebot3_burger-gazebo 0 True
10:02:53 START asset_turtlebot3_burger-mujoco
10:03:46 END asset_turtlebot3_burger-mujoco 0 True
10:03:46 START asset_turtlebot3_burger-pybullet
10:04:30 END asset_turtlebot3_burger-pybullet 0 True
10:04:30 START asset_turtlebot3_burger-isaac
10:05:53 END asset_turtlebot3_burger-isaac 0 True
10:05:53 START asset_turtlebot3_waffle-gazebo
10:06:49 END asset_turtlebot3_waffle-gazebo 0 True
10:06:49 START asset_turtlebot3_waffle-mujoco
10:07:42 END asset_turtlebot3_waffle-mujoco 0 True
10:07:42 START asset_turtlebot3_waffle-pybullet
10:08:29 END asset_turtlebot3_waffle-pybullet 0 True
10:08:29 START asset_turtlebot3_waffle-isaac
10:09:38 END asset_turtlebot3_waffle-isaac 0 True
10:09:38 START asset_turtlebot3_waffle_pi-gazebo
10:10:33 END asset_turtlebot3_waffle_pi-gazebo 0 True
10:10:33 START asset_turtlebot3_waffle_pi-mujoco
10:11:24 END asset_turtlebot3_waffle_pi-mujoco 0 True
10:11:24 START asset_turtlebot3_waffle_pi-pybullet
10:12:10 END asset_turtlebot3_waffle_pi-pybullet 0 True
10:12:10 START asset_turtlebot3_waffle_pi-isaac
10:13:41 END asset_turtlebot3_waffle_pi-isaac 0 True
Measured sensors/GUI Drive complete 12
