[INFO] [launch]: All log files can be found below /home/molar1/.ros/log/2026-09-28-11-44-06-741735-molar1-124988
[INFO] [launch]: Default logging verbosity is set to INFO
[robot_lab] algorithm localization=amcl -> global_localization stack
[robot_lab] algorithm state_estimation=ekf_localization_node -> local_localization stack
[robot_lab] algorithm sensor_fusion=wheel_imu_fusion -> node robot_lab_algorithms/wheel_imu_fusion
[INFO] [go2-stance-gait-controller-1]: process started with pid [125033]
[INFO] [robot_state_publisher-2]: process started with pid [125035]
[INFO] [mujoco_spawner-3]: process started with pid [125037]
[INFO] [joy_teleop-4]: process started with pid [125039]
[INFO] [joy_node-5]: process started with pid [125041]
[INFO] [twist_mux-6]: process started with pid [125043]
[INFO] [twist_marker-7]: process started with pid [125045]
[INFO] [joystick_relay.py-8]: process started with pid [125047]
[INFO] [twist_relay-9]: process started with pid [125049]
[INFO] [simulator_ready_gate-10]: process started with pid [125051]
[twist_mux-6] [INFO] [1790588647.638315536] [twist_mux]: Topic handler 'topics.joystick' subscribed to topic 'joy_vel': timeout = 0.500000s , priority = 99.
[twist_mux-6] [INFO] [1790588647.639858285] [twist_mux]: Topic handler 'topics.keyboard' subscribed to topic 'key_vel': timeout = 0.500000s , priority = 90.
[twist_mux-6] [INFO] [1790588647.640239284] [twist_mux]: Topic handler 'topics.navigation' subscribed to topic 'cmd_vel': timeout = 0.500000s , priority = 80.
[twist_mux-6] [INFO] [1790588647.640589915] [twist_mux]: Topic handler 'locks.safety_stop' subscribed to topic 'safety_stop': timeout = None , priority = 255.
[robot_state_publisher-2] [INFO] [1790588647.661830514] [robot_state_publisher]: got segment FL_calf
[robot_state_publisher-2] [INFO] [1790588647.662020950] [robot_state_publisher]: got segment FL_calf_rotor
[robot_state_publisher-2] [INFO] [1790588647.662060631] [robot_state_publisher]: got segment FL_foot
[robot_state_publisher-2] [INFO] [1790588647.662073079] [robot_state_publisher]: got segment FL_hip
[robot_state_publisher-2] [INFO] [1790588647.662081335] [robot_state_publisher]: got segment FL_hip_rotor
[robot_state_publisher-2] [INFO] [1790588647.662089079] [robot_state_publisher]: got segment FL_thigh
[robot_state_publisher-2] [INFO] [1790588647.662096664] [robot_state_publisher]: got segment FL_thigh_rotor
[robot_state_publisher-2] [INFO] [1790588647.662104600] [robot_state_publisher]: got segment FR_calf
[robot_state_publisher-2] [INFO] [1790588647.662111960] [robot_state_publisher]: got segment FR_calf_rotor
[robot_state_publisher-2] [INFO] [1790588647.662119672] [robot_state_publisher]: got segment FR_foot
[robot_state_publisher-2] [INFO] [1790588647.662127192] [robot_state_publisher]: got segment FR_hip
[robot_state_publisher-2] [INFO] [1790588647.662135416] [robot_state_publisher]: got segment FR_hip_rotor
[robot_state_publisher-2] [INFO] [1790588647.662142936] [robot_state_publisher]: got segment FR_thigh
[robot_state_publisher-2] [INFO] [1790588647.662150073] [robot_state_publisher]: got segment FR_thigh_rotor
[robot_state_publisher-2] [INFO] [1790588647.662157337] [robot_state_publisher]: got segment RL_calf
[robot_state_publisher-2] [INFO] [1790588647.662164889] [robot_state_publisher]: got segment RL_calf_rotor
[robot_state_publisher-2] [INFO] [1790588647.662172537] [robot_state_publisher]: got segment RL_foot
[robot_state_publisher-2] [INFO] [1790588647.662179705] [robot_state_publisher]: got segment RL_hip
[robot_state_publisher-2] [INFO] [1790588647.662186777] [robot_state_publisher]: got segment RL_hip_rotor
[robot_state_publisher-2] [INFO] [1790588647.662194137] [robot_state_publisher]: got segment RL_thigh
[robot_state_publisher-2] [INFO] [1790588647.662201434] [robot_state_publisher]: got segment RL_thigh_rotor
[robot_state_publisher-2] [INFO] [1790588647.662208954] [robot_state_publisher]: got segment RR_calf
[robot_state_publisher-2] [INFO] [1790588647.662216090] [robot_state_publisher]: got segment RR_calf_rotor
[robot_state_publisher-2] [INFO] [1790588647.662223514] [robot_state_publisher]: got segment RR_foot
[robot_state_publisher-2] [INFO] [1790588647.662230554] [robot_state_publisher]: got segment RR_hip
[robot_state_publisher-2] [INFO] [1790588647.662238074] [robot_state_publisher]: got segment RR_hip_rotor
[robot_state_publisher-2] [INFO] [1790588647.665943873] [robot_state_publisher]: got segment RR_thigh
[robot_state_publisher-2] [INFO] [1790588647.667347804] [robot_state_publisher]: got segment RR_thigh_rotor
[robot_state_publisher-2] [INFO] [1790588647.668108811] [robot_state_publisher]: got segment base
[robot_state_publisher-2] [INFO] [1790588647.668797624] [robot_state_publisher]: got segment front_camera
[robot_state_publisher-2] [INFO] [1790588647.669603047] [robot_state_publisher]: got segment imu_link
[robot_state_publisher-2] [INFO] [1790588647.670357046] [robot_state_publisher]: got segment trunk
[go2-stance-gait-controller-1] [0;93m2026-09-28 11:44:08.355548671 [W:onnxruntime:Default, device_discovery.cc:164 DiscoverDevicesForPlatform] GPU device discovery failed: device_discovery.cc:89 ReadFileContents Failed to open file: "/sys/class/drm/card1/device/vendor"[m
[go2-stance-gait-controller-1] [INFO] [1790588648.429621609] [go2_stance_gait_controller]: Go2 closed-loop stance: 12 effort joints at 250.0 Hz; controller ONNX velocity policy
[mujoco_spawner-3] [INFO] [1790588649.492497373] [mujoco_spawner]: MuJoCo: 18 collision proxy geom(s) moved to group 3 (viewer Rendering tab to show them).
[mujoco_spawner-3] [INFO] [1790588649.548547245] [mujoco_spawner]: MuJoCo URDF import OK (all meshes staged).
[mujoco_spawner-3] [WARN] [1790588649.567291891] [mujoco_spawner]: MuJoCo effort plant: no MJCF beside /home/molar1/bumperbot_ws/install/robot_lab_robots/share/robot_lab_robots/unitree/go2_description/xacro/go2_sim.xacro names every effort joint; keeping the URDF <dynamics> (damping=5.0 is a Gazebo stabiliser the robot does not have).
[mujoco_spawner-3] [INFO] [1790588649.617658422] [mujoco_spawner]: MuJoCo physics timestep: 0.0010 s
[mujoco_spawner-3] [INFO] [1790588649.619028400] [mujoco_spawner]: Robot has no 'oakd_rgb_camera_frame' link; no RGB-D camera is published.
[mujoco_spawner-3] [INFO] [1790588649.619821439] [mujoco_spawner]: Joints: ['FR_hip_joint', 'FR_thigh_joint', 'FR_calf_joint', 'FL_hip_joint', 'FL_thigh_joint', 'FL_calf_joint', 'RR_hip_joint', 'RR_thigh_joint', 'RR_calf_joint', 'RL_hip_joint', 'RL_thigh_joint', 'RL_calf_joint']   lw= rw=
[mujoco_spawner-3] [INFO] [1790588649.621893319] [mujoco_spawner]: MuJoCo effort joint armature: 0.0100 kg m^2
[mujoco_spawner-3] [INFO] [1790588649.623235073] [mujoco_spawner]: Joint effort input: /go2_group_effort_controller/commands (12 joints, URDF limits)
[mujoco_spawner-3] [INFO] [1790588649.624831839] [mujoco_spawner]: Spawn ground clearance: raised root by 0.0838 m
[mujoco_spawner-3] [INFO] [1790588649.625692656] [mujoco_spawner]: MuJoCo model loaded: 14 bodies, 13 joints
[mujoco_spawner-3] [INFO] [1790588649.626250426] [mujoco_spawner]: MuJoCo gui param=False (resolved=False), DISPLAY=:1 -> mode=DIRECT
[mujoco_spawner-3] [INFO] [1790588649.626743012] [mujoco_spawner]: MuJoCo running headless (gui=False, viewer=True).
[go2-stance-gait-controller-1] [WARN] [1790588649.634248659] [go2_stance_gait_controller]: Go2 safety safe_stop: tilt 1.40 rad exceeds fall threshold
[mujoco_spawner-3] [INFO] [1790588649.634317749] [mujoco_spawner]: MuJoCo spawner running.
[go2-stance-gait-controller-1] [INFO] [1790588649.635249382] [go2_stance_gait_controller]: Go2 recovery idle
[go2-stance-gait-controller-1] [INFO] [1790588649.756149038] [go2_stance_gait_controller]: Go2 recovery attempting:tuck
[INFO] [simulator_ready_gate-10]: process has finished cleanly [pid 125051]
[INFO] [amcl-12]: process started with pid [125278]
[INFO] [map_server-11]: process started with pid [125276]
[INFO] [lifecycle_manager-13]: process started with pid [125280]
[INFO] [ekf_node-14]: process started with pid [125282]
[INFO] [imu_republisher.py-15]: process started with pid [125284]
[INFO] [wheel_imu_fusion-16]: process started with pid [125286]
[lifecycle_manager-13] [INFO] [1790588650.020011171] [lifecycle_manager_localization]: Creating
[lifecycle_manager-13] [INFO] [1790588650.022878586] [lifecycle_manager_localization]: [34m[1mCreating and initializing lifecycle service clients[0m[0m
[amcl-12] [0m[INFO] [1790588650.051962598] [amcl]: 
[amcl-12] 	amcl lifecycle node launched. 
[amcl-12] 	Waiting on external lifecycle transitions to activate
[amcl-12] 	See https://design.ros2.org/articles/node_lifecycle.html for more information.[0m
[amcl-12] [0m[INFO] [1790588650.054069710] [amcl]: Creating[0m
[map_server-11] [INFO] [1790588650.057375821] [map_server]: 
[map_server-11] 	map_server lifecycle node launched. 
[map_server-11] 	Waiting on external lifecycle transitions to activate
[map_server-11] 	See https://design.ros2.org/articles/node_lifecycle.html for more information.
[map_server-11] [INFO] [1790588650.057537872] [map_server]: Creating
[go2-stance-gait-controller-1] [INFO] [1790588650.163411798] [go2_stance_gait_controller]: Go2 recovery attempting:roll
[lifecycle_manager-13] [INFO] [1790588650.165277177] [lifecycle_manager_localization]: [34m[1mStarting managed nodes bringup...[0m[0m
[lifecycle_manager-13] [INFO] [1790588650.166481392] [lifecycle_manager_localization]: [34m[1mConfiguring map_server[0m[0m
[map_server-11] [INFO] [1790588650.167683975] [map_server]: Configuring
[map_server-11] [INFO] [1790588650.167805354] [map_io]: Loading yaml file: /home/molar1/bumperbot_ws/install/robot_lab_maps/share/robot_lab_maps/maps/nav_empty/maps/map.yaml
[map_server-11] [INFO] [1790588650.168238898] [map_io]: resolution: 0.05
[map_server-11] [INFO] [1790588650.168258642] [map_io]: origin[0]: -7
[map_server-11] [INFO] [1790588650.168264659] [map_io]: origin[1]: -7
[map_server-11] [INFO] [1790588650.168269171] [map_io]: origin[2]: 0
[map_server-11] [INFO] [1790588650.168274227] [map_io]: free_thresh: 0.196
[map_server-11] [INFO] [1790588650.168279571] [map_io]: occupied_thresh: 0.65
[map_server-11] [INFO] [1790588650.168285427] [map_io]: mode: trinary
[map_server-11] [INFO] [1790588650.168292179] [map_io]: negate: 0
[map_server-11] [INFO] [1790588650.168616153] [map_io]: Loading image_file: /home/molar1/bumperbot_ws/install/robot_lab_maps/share/robot_lab_maps/maps/nav_empty/maps/map.pgm
[map_server-11] [INFO] [1790588650.179260901] [map_io]: Read map /home/molar1/bumperbot_ws/install/robot_lab_maps/share/robot_lab_maps/maps/nav_empty/maps/map.pgm: 280 X 280 map @ 0.05 m/cell
[lifecycle_manager-13] [INFO] [1790588650.192263805] [lifecycle_manager_localization]: [34m[1mConfiguring amcl[0m[0m
[amcl-12] [0m[INFO] [1790588650.192643972] [amcl]: Configuring[0m
[amcl-12] [0m[INFO] [1790588650.192810215] [amcl]: initTransforms[0m
[amcl-12] [0m[INFO] [1790588650.204186689] [amcl]: initPubSub[0m
[amcl-12] [0m[INFO] [1790588650.214917965] [amcl]: Subscribed to map topic.[0m
[lifecycle_manager-13] [INFO] [1790588650.224866315] [lifecycle_manager_localization]: [34m[1mActivating map_server[0m[0m
[map_server-11] [INFO] [1790588650.225349621] [map_server]: Activating
[map_server-11] [INFO] [1790588650.226052674] [map_server]: Creating bond (map_server) to lifecycle manager.
[amcl-12] [0m[INFO] [1790588650.228031144] [amcl]: Received a 280 X 280 map @ 0.050 m/pix[0m
[lifecycle_manager-13] [INFO] [1790588650.336015126] [lifecycle_manager_localization]: Server map_server connected with bond.
[lifecycle_manager-13] [INFO] [1790588650.336089879] [lifecycle_manager_localization]: [34m[1mActivating amcl[0m[0m
[amcl-12] [0m[INFO] [1790588650.336364893] [amcl]: Activating[0m
[amcl-12] [0m[INFO] [1790588650.336483039] [amcl]: initialPoseReceived[0m
[amcl-12] [0m[INFO] [1790588650.336545056] [amcl]: Setting pose (0.568000): -0.500 -0.500 0.000[0m
[amcl-12] [0m[INFO] [1790588650.337114379] [amcl]: Creating bond (amcl) to lifecycle manager.[0m
[amcl-12] [0m[INFO] [1790588650.435705894] [amcl]: createLaserObject[0m
[lifecycle_manager-13] [INFO] [1790588650.440835848] [lifecycle_manager_localization]: Server amcl connected with bond.
[lifecycle_manager-13] [INFO] [1790588650.440930857] [lifecycle_manager_localization]: [34m[1mManaged nodes are active[0m[0m
[lifecycle_manager-13] [INFO] [1790588650.440951626] [lifecycle_manager_localization]: [34m[1mCreating bond timer...[0m[0m
[wheel_imu_fusion-16] [INFO] [1790588650.750461696] [sensor_fusion_wheel_imu_fusion]: wheel_imu_fusion ready
[go2-stance-gait-controller-1] [INFO] [1790588650.868155272] [go2_stance_gait_controller]: Go2 recovery attempting:crouch
[go2-stance-gait-controller-1] [INFO] [1790588651.468529700] [go2_stance_gait_controller]: Go2 recovery attempting:tuck
[go2-stance-gait-controller-1] [INFO] [1790588651.872174198] [go2_stance_gait_controller]: Go2 recovery attempting:roll
[go2-stance-gait-controller-1] [INFO] [1790588652.573914701] [go2_stance_gait_controller]: Go2 recovery attempting:crouch
[go2-stance-gait-controller-1] [INFO] [1790588653.176839043] [go2_stance_gait_controller]: Go2 recovery failed:crouch
[amcl-12] [0m[INFO] [1790588673.069802715] [rclcpp]: signal_handler(SIGINT/SIGTERM)[0m
[amcl-12] [0m[INFO] [1790588673.069949054] [amcl]: Running Nav2 LifecycleNode rcl preshutdown (amcl)[0m
[amcl-12] [0m[INFO] [1790588673.070098177] [amcl]: Deactivating[0m
[amcl-12] [0m[INFO] [1790588673.070134945] [amcl]: Destroying bond (amcl) to lifecycle manager.[0m
[lifecycle_manager-13] [INFO] [1790588673.069803579] [rclcpp]: signal_handler(SIGINT/SIGTERM)
[lifecycle_manager-13] [INFO] [1790588673.069947390] [lifecycle_manager_localization]: Running Nav2 LifecycleManager rcl preshutdown (lifecycle_manager_localization)
[lifecycle_manager-13] [INFO] [1790588673.070020031] [lifecycle_manager_localization]: [34m[1mTerminating bond timer...[0m[0m
[robot_state_publisher-2] [INFO] [1790588673.069817596] [rclcpp]: signal_handler(SIGINT/SIGTERM)
[twist_marker-7] [INFO] [1790588673.069795067] [rclcpp]: signal_handler(SIGINT/SIGTERM)
[map_server-11] [INFO] [1790588673.069831100] [rclcpp]: signal_handler(SIGINT/SIGTERM)
[map_server-11] [INFO] [1790588673.069983551] [map_server]: Running Nav2 LifecycleNode rcl preshutdown (map_server)
[map_server-11] [INFO] [1790588673.070097537] [map_server]: Deactivating
[map_server-11] [INFO] [1790588673.070127649] [map_server]: Destroying bond (map_server) to lifecycle manager.
[twist_relay-9] [INFO] [1790588673.069852700] [rclcpp]: signal_handler(SIGINT/SIGTERM)
[ekf_node-14] [INFO] [1790588673.069849756] [rclcpp]: signal_handler(SIGINT/SIGTERM)
[joy_node-5] [INFO] [1790588673.069901949] [rclcpp]: signal_handler(SIGINT/SIGTERM)
[twist_mux-6] [INFO] [1790588673.070334181] [rclcpp]: signal_handler(SIGINT/SIGTERM)
[amcl-12] [0m[INFO] [1790588673.080580643] [amcl]: Cleaning up[0m
[map_server-11] [INFO] [1790588673.083770814] [map_server]: Cleaning up
[map_server-11] [INFO] [1790588673.083881632] [map_server]: Destroying bond (map_server) to lifecycle manager.
[amcl-12] [0m[INFO] [1790588673.089310660] [amcl]: Destroying bond (amcl) to lifecycle manager.[0m
[joy_teleop-4] Traceback (most recent call last):
[joy_teleop-4]   File "/opt/ros/humble/lib/joy_teleop/joy_teleop", line 33, in <module>
[joy_teleop-4]     sys.exit(load_entry_point('joy-teleop==1.6.0', 'console_scripts', 'joy_teleop')())
[joy_teleop-4]   File "/opt/ros/humble/lib/python3.10/site-packages/joy_teleop/joy_teleop.py", line 435, in main
[joy_teleop-4]     rclpy.spin(node)
[joy_teleop-4]   File "/opt/ros/humble/local/lib/python3.10/dist-packages/rclpy/__init__.py", line 229, in spin
[joy_teleop-4]     executor.spin_once()
[joy_teleop-4]   File "/opt/ros/humble/local/lib/python3.10/dist-packages/rclpy/executors.py", line 812, in spin_once
[joy_teleop-4]     self._spin_once_impl(timeout_sec)
[joy_teleop-4]   File "/opt/ros/humble/local/lib/python3.10/dist-packages/rclpy/executors.py", line 801, in _spin_once_impl
[joy_teleop-4]     handler, entity, node = self.wait_for_ready_callbacks(timeout_sec=timeout_sec)
[joy_teleop-4]   File "/opt/ros/humble/local/lib/python3.10/dist-packages/rclpy/executors.py", line 784, in wait_for_ready_callbacks
[joy_teleop-4]     return next(self._cb_iter)
[joy_teleop-4]   File "/opt/ros/humble/local/lib/python3.10/dist-packages/rclpy/executors.py", line 685, in _wait_for_ready_callbacks
[joy_teleop-4]     raise ExternalShutdownException()
[joy_teleop-4] rclpy.executors.ExternalShutdownException
[map_server-11] [INFO] [1790588673.232215130] [map_server]: Destroying
[amcl-12] [0m[INFO] [1790588673.242090256] [amcl]: Destroying[0m
[lifecycle_manager-13] [INFO] [1790588673.242727676] [lifecycle_manager_localization]: Destroying lifecycle_manager_localization
[INFO] [twist_mux-6]: process has finished cleanly [pid 125043]
[INFO] [twist_relay-9]: process has finished cleanly [pid 125049]
[INFO] [robot_state_publisher-2]: process has finished cleanly [pid 125035]
[INFO] [twist_marker-7]: process has finished cleanly [pid 125045]
[INFO] [joy_node-5]: process has finished cleanly [pid 125041]
[INFO] [ekf_node-14]: process has finished cleanly [pid 125282]
[mujoco_spawner-3] Traceback (most recent call last):
[mujoco_spawner-3]   File "/home/molar1/bumperbot_ws/install/robot_lab_mujoco/lib/robot_lab_mujoco/mujoco_spawner", line 33, in <module>
[mujoco_spawner-3]     sys.exit(load_entry_point('robot_lab_mujoco==0.1.0', 'console_scripts', 'mujoco_spawner')())
[mujoco_spawner-3]   File "/home/molar1/bumperbot_ws/install/robot_lab_mujoco/lib/python3.10/site-packages/robot_lab_mujoco/mujoco_spawner.py", line 2041, in main
[mujoco_spawner-3]     rclpy.spin(node)
[mujoco_spawner-3]   File "/opt/ros/humble/local/lib/python3.10/dist-packages/rclpy/__init__.py", line 229, in spin
[mujoco_spawner-3]     executor.spin_once()
[mujoco_spawner-3]   File "/opt/ros/humble/local/lib/python3.10/dist-packages/rclpy/executors.py", line 812, in spin_once
[mujoco_spawner-3]     self._spin_once_impl(timeout_sec)
[mujoco_spawner-3]   File "/opt/ros/humble/local/lib/python3.10/dist-packages/rclpy/executors.py", line 801, in _spin_once_impl
[mujoco_spawner-3]     handler, entity, node = self.wait_for_ready_callbacks(timeout_sec=timeout_sec)
[mujoco_spawner-3]   File "/opt/ros/humble/local/lib/python3.10/dist-packages/rclpy/executors.py", line 784, in wait_for_ready_callbacks
[mujoco_spawner-3]     return next(self._cb_iter)
[mujoco_spawner-3]   File "/opt/ros/humble/local/lib/python3.10/dist-packages/rclpy/executors.py", line 657, in _wait_for_ready_callbacks
[mujoco_spawner-3]     wait_set = _rclpy.WaitSet(
[mujoco_spawner-3] rclpy._rclpy_pybind11.RCLError: failed to initialize wait set: the given context is not valid, either rcl_init() was not called or rcl_shutdown() was called., at ./src/rcl/wait.c:130
[imu_republisher.py-15] Traceback (most recent call last):
[imu_republisher.py-15]   File "/home/molar1/bumperbot_ws/install/robot_lab_localization/lib/robot_lab_localization/imu_republisher.py", line 54, in <module>
[imu_republisher.py-15]     main()
[imu_republisher.py-15]   File "/home/molar1/bumperbot_ws/install/robot_lab_localization/lib/robot_lab_localization/imu_republisher.py", line 45, in main
[imu_republisher.py-15]     rclpy.spin(node)
[imu_republisher.py-15]   File "/opt/ros/humble/local/lib/python3.10/dist-packages/rclpy/__init__.py", line 229, in spin
[imu_republisher.py-15]     executor.spin_once()
[imu_republisher.py-15]   File "/opt/ros/humble/local/lib/python3.10/dist-packages/rclpy/executors.py", line 812, in spin_once
[imu_republisher.py-15]     self._spin_once_impl(timeout_sec)
[imu_republisher.py-15]   File "/opt/ros/humble/local/lib/python3.10/dist-packages/rclpy/executors.py", line 801, in _spin_once_impl
[imu_republisher.py-15]     handler, entity, node = self.wait_for_ready_callbacks(timeout_sec=timeout_sec)
[imu_republisher.py-15]   File "/opt/ros/humble/local/lib/python3.10/dist-packages/rclpy/executors.py", line 784, in wait_for_ready_callbacks
[imu_republisher.py-15]     return next(self._cb_iter)
[imu_republisher.py-15]   File "/opt/ros/humble/local/lib/python3.10/dist-packages/rclpy/executors.py", line 685, in _wait_for_ready_callbacks
[imu_republisher.py-15]     raise ExternalShutdownException()
[imu_republisher.py-15] rclpy.executors.ExternalShutdownException
[INFO] [wheel_imu_fusion-16]: process has finished cleanly [pid 125286]
[INFO] [lifecycle_manager-13]: process has finished cleanly [pid 125280]
[INFO] [amcl-12]: process has finished cleanly [pid 125278]
[INFO] [map_server-11]: process has finished cleanly [pid 125276]
[INFO] [go2-stance-gait-controller-1]: process has finished cleanly [pid 125033]
[INFO] [joystick_relay.py-8]: process has finished cleanly [pid 125047]
[ERROR] [imu_republisher.py-15]: process has died [pid 125284, exit code 1, cmd '/home/molar1/bumperbot_ws/install/robot_lab_localization/lib/robot_lab_localization/imu_republisher.py --ros-args --params-file /workspace/molar/.tmp/launch_params_vm763vh3'].
[ERROR] [joy_teleop-4]: process has died [pid 125039, exit code 1, cmd '/opt/ros/humble/lib/joy_teleop/joy_teleop --ros-args --params-file /home/molar1/bumperbot_ws/install/robot_lab_controller/share/robot_lab_controller/config/joy_teleop.yaml --params-file /workspace/molar/.tmp/launch_params_ntqq85qp'].
[ERROR] [mujoco_spawner-3]: process has died [pid 125037, exit code 1, cmd '/home/molar1/bumperbot_ws/install/robot_lab_mujoco/lib/robot_lab_mujoco/mujoco_spawner --ros-args -r __node:=mujoco_spawner --params-file /workspace/molar/.tmp/launch_params_ggw6kegb'].
