[INFO] [launch]: All log files can be found below /home/molar1/.ros/log/2026-09-28-10-42-12-470150-molar1-69186
[INFO] [launch]: Default logging verbosity is set to INFO
[robot_lab] algorithm localization=amcl -> global_localization stack
[robot_lab] algorithm state_estimation=ekf_localization_node -> local_localization stack
[robot_lab] algorithm sensor_fusion=wheel_imu_fusion -> node robot_lab_algorithms/wheel_imu_fusion
[INFO] [go2-stance-gait-controller-1]: process started with pid [69208]
[INFO] [robot_state_publisher-2]: process started with pid [69210]
[INFO] [mujoco_spawner-3]: process started with pid [69212]
[INFO] [joy_teleop-4]: process started with pid [69214]
[INFO] [joy_node-5]: process started with pid [69216]
[INFO] [twist_mux-6]: process started with pid [69218]
[INFO] [twist_marker-7]: process started with pid [69220]
[INFO] [joystick_relay.py-8]: process started with pid [69222]
[INFO] [twist_relay-9]: process started with pid [69224]
[INFO] [simulator_ready_gate-10]: process started with pid [69236]
[twist_mux-6] [INFO] [1790584933.357072198] [twist_mux]: Topic handler 'topics.joystick' subscribed to topic 'joy_vel': timeout = 0.500000s , priority = 99.
[twist_mux-6] [INFO] [1790584933.357981143] [twist_mux]: Topic handler 'topics.keyboard' subscribed to topic 'key_vel': timeout = 0.500000s , priority = 90.
[twist_mux-6] [INFO] [1790584933.372559889] [twist_mux]: Topic handler 'topics.navigation' subscribed to topic 'cmd_vel': timeout = 0.500000s , priority = 80.
[twist_mux-6] [INFO] [1790584933.373291109] [twist_mux]: Topic handler 'locks.safety_stop' subscribed to topic 'safety_stop': timeout = None , priority = 255.
[robot_state_publisher-2] [INFO] [1790584933.379347909] [robot_state_publisher]: got segment FL_calf
[robot_state_publisher-2] [INFO] [1790584933.382830286] [robot_state_publisher]: got segment FL_calf_rotor
[robot_state_publisher-2] [INFO] [1790584933.384134490] [robot_state_publisher]: got segment FL_foot
[robot_state_publisher-2] [INFO] [1790584933.384993964] [robot_state_publisher]: got segment FL_hip
[robot_state_publisher-2] [INFO] [1790584933.385706529] [robot_state_publisher]: got segment FL_hip_rotor
[robot_state_publisher-2] [INFO] [1790584933.386461845] [robot_state_publisher]: got segment FL_thigh
[robot_state_publisher-2] [INFO] [1790584933.387183018] [robot_state_publisher]: got segment FL_thigh_rotor
[robot_state_publisher-2] [INFO] [1790584933.388099771] [robot_state_publisher]: got segment FR_calf
[robot_state_publisher-2] [INFO] [1790584933.388853839] [robot_state_publisher]: got segment FR_calf_rotor
[robot_state_publisher-2] [INFO] [1790584933.389564164] [robot_state_publisher]: got segment FR_foot
[robot_state_publisher-2] [INFO] [1790584933.390189146] [robot_state_publisher]: got segment FR_hip
[robot_state_publisher-2] [INFO] [1790584933.390811376] [robot_state_publisher]: got segment FR_hip_rotor
[robot_state_publisher-2] [INFO] [1790584933.391466086] [robot_state_publisher]: got segment FR_thigh
[robot_state_publisher-2] [INFO] [1790584933.392112156] [robot_state_publisher]: got segment FR_thigh_rotor
[robot_state_publisher-2] [INFO] [1790584933.392745522] [robot_state_publisher]: got segment RL_calf
[robot_state_publisher-2] [INFO] [1790584933.393632452] [robot_state_publisher]: got segment RL_calf_rotor
[robot_state_publisher-2] [INFO] [1790584933.394406392] [robot_state_publisher]: got segment RL_foot
[robot_state_publisher-2] [INFO] [1790584933.395850913] [robot_state_publisher]: got segment RL_hip
[robot_state_publisher-2] [INFO] [1790584933.396820465] [robot_state_publisher]: got segment RL_hip_rotor
[robot_state_publisher-2] [INFO] [1790584933.397682948] [robot_state_publisher]: got segment RL_thigh
[robot_state_publisher-2] [INFO] [1790584933.398523862] [robot_state_publisher]: got segment RL_thigh_rotor
[robot_state_publisher-2] [INFO] [1790584933.398549142] [robot_state_publisher]: got segment RR_calf
[robot_state_publisher-2] [INFO] [1790584933.398561334] [robot_state_publisher]: got segment RR_calf_rotor
[robot_state_publisher-2] [INFO] [1790584933.398571990] [robot_state_publisher]: got segment RR_foot
[robot_state_publisher-2] [INFO] [1790584933.398580502] [robot_state_publisher]: got segment RR_hip
[robot_state_publisher-2] [INFO] [1790584933.398588341] [robot_state_publisher]: got segment RR_hip_rotor
[robot_state_publisher-2] [INFO] [1790584933.398596309] [robot_state_publisher]: got segment RR_thigh
[robot_state_publisher-2] [INFO] [1790584933.398604437] [robot_state_publisher]: got segment RR_thigh_rotor
[robot_state_publisher-2] [INFO] [1790584933.398611285] [robot_state_publisher]: got segment base
[robot_state_publisher-2] [INFO] [1790584933.398619125] [robot_state_publisher]: got segment front_camera
[robot_state_publisher-2] [INFO] [1790584933.398626453] [robot_state_publisher]: got segment imu_link
[robot_state_publisher-2] [INFO] [1790584933.398635221] [robot_state_publisher]: got segment trunk
[go2-stance-gait-controller-1] [0;93m2026-09-28 10:42:14.093123926 [W:onnxruntime:Default, device_discovery.cc:164 DiscoverDevicesForPlatform] GPU device discovery failed: device_discovery.cc:89 ReadFileContents Failed to open file: "/sys/class/drm/card1/device/vendor"[m
[go2-stance-gait-controller-1] [INFO] [1790584934.156029524] [go2_stance_gait_controller]: Go2 closed-loop stance: 12 effort joints at 250.0 Hz; controller ONNX velocity policy
[INFO] [simulator_ready_gate-10]: process has finished cleanly [pid 69236]
[INFO] [amcl-12]: process started with pid [69405]
[INFO] [map_server-11]: process started with pid [69403]
[INFO] [lifecycle_manager-13]: process started with pid [69407]
[INFO] [ekf_node-14]: process started with pid [69409]
[INFO] [imu_republisher.py-15]: process started with pid [69411]
[INFO] [wheel_imu_fusion-16]: process started with pid [69413]
[lifecycle_manager-13] [INFO] [1790584934.365315339] [lifecycle_manager_localization]: Creating
[lifecycle_manager-13] [INFO] [1790584934.368926034] [lifecycle_manager_localization]: [34m[1mCreating and initializing lifecycle service clients[0m[0m
[map_server-11] [INFO] [1790584934.383559915] [map_server]: 
[map_server-11] 	map_server lifecycle node launched. 
[map_server-11] 	Waiting on external lifecycle transitions to activate
[map_server-11] 	See https://design.ros2.org/articles/node_lifecycle.html for more information.
[amcl-12] [0m[INFO] [1790584934.383643049] [amcl]: 
[amcl-12] 	amcl lifecycle node launched. 
[amcl-12] 	Waiting on external lifecycle transitions to activate
[amcl-12] 	See https://design.ros2.org/articles/node_lifecycle.html for more information.[0m
[map_server-11] [INFO] [1790584934.385781992] [map_server]: Creating
[amcl-12] [0m[INFO] [1790584934.388130562] [amcl]: Creating[0m
[lifecycle_manager-13] [INFO] [1790584934.521341034] [lifecycle_manager_localization]: [34m[1mStarting managed nodes bringup...[0m[0m
[lifecycle_manager-13] [INFO] [1790584934.521445609] [lifecycle_manager_localization]: [34m[1mConfiguring map_server[0m[0m
[map_server-11] [INFO] [1790584934.521861506] [map_server]: Configuring
[map_server-11] [INFO] [1790584934.522109470] [map_io]: Loading yaml file: /home/molar1/bumperbot_ws/install/robot_lab_maps/share/robot_lab_maps/maps/nav_empty/maps/map.yaml
[map_server-11] [INFO] [1790584934.522601494] [map_io]: resolution: 0.05
[map_server-11] [INFO] [1790584934.522622102] [map_io]: origin[0]: -7
[map_server-11] [INFO] [1790584934.522628182] [map_io]: origin[1]: -7
[map_server-11] [INFO] [1790584934.522632566] [map_io]: origin[2]: 0
[map_server-11] [INFO] [1790584934.522637366] [map_io]: free_thresh: 0.196
[map_server-11] [INFO] [1790584934.522642134] [map_io]: occupied_thresh: 0.65
[map_server-11] [INFO] [1790584934.522647638] [map_io]: mode: trinary
[map_server-11] [INFO] [1790584934.522654230] [map_io]: negate: 0
[map_server-11] [INFO] [1790584934.522981808] [map_io]: Loading image_file: /home/molar1/bumperbot_ws/install/robot_lab_maps/share/robot_lab_maps/maps/nav_empty/maps/map.pgm
[map_server-11] [INFO] [1790584934.533794854] [map_io]: Read map /home/molar1/bumperbot_ws/install/robot_lab_maps/share/robot_lab_maps/maps/nav_empty/maps/map.pgm: 280 X 280 map @ 0.05 m/cell
[lifecycle_manager-13] [INFO] [1790584934.540424477] [lifecycle_manager_localization]: [34m[1mConfiguring amcl[0m[0m
[amcl-12] [0m[INFO] [1790584934.540773815] [amcl]: Configuring[0m
[amcl-12] [0m[INFO] [1790584934.540948085] [amcl]: initTransforms[0m
[amcl-12] [0m[INFO] [1790584934.547982502] [amcl]: initPubSub[0m
[amcl-12] [0m[INFO] [1790584934.550678971] [amcl]: Subscribed to map topic.[0m
[lifecycle_manager-13] [INFO] [1790584934.556692860] [lifecycle_manager_localization]: [34m[1mActivating map_server[0m[0m
[map_server-11] [INFO] [1790584934.557001591] [map_server]: Activating
[amcl-12] [0m[INFO] [1790584934.557783435] [amcl]: Received a 280 X 280 map @ 0.050 m/pix[0m
[map_server-11] [INFO] [1790584934.557683180] [map_server]: Creating bond (map_server) to lifecycle manager.
[lifecycle_manager-13] [INFO] [1790584934.664315416] [lifecycle_manager_localization]: Server map_server connected with bond.
[lifecycle_manager-13] [INFO] [1790584934.664406967] [lifecycle_manager_localization]: [34m[1mActivating amcl[0m[0m
[amcl-12] [0m[INFO] [1790584934.665457254] [amcl]: Activating[0m
[amcl-12] [0m[INFO] [1790584934.665749953] [amcl]: initialPoseReceived[0m
[amcl-12] [0m[INFO] [1790584934.665935103] [amcl]: Setting pose (0.000000): -0.500 -0.500 0.000[0m
[amcl-12] [0m[INFO] [1790584934.666519445] [amcl]: Creating bond (amcl) to lifecycle manager.[0m
[lifecycle_manager-13] [INFO] [1790584934.770317998] [lifecycle_manager_localization]: Server amcl connected with bond.
[lifecycle_manager-13] [INFO] [1790584934.770401292] [lifecycle_manager_localization]: [34m[1mManaged nodes are active[0m[0m
[lifecycle_manager-13] [INFO] [1790584934.770423308] [lifecycle_manager_localization]: [34m[1mCreating bond timer...[0m[0m
[wheel_imu_fusion-16] [INFO] [1790584935.002177376] [sensor_fusion_wheel_imu_fusion]: wheel_imu_fusion ready
[mujoco_spawner-3] [INFO] [1790584935.358789218] [mujoco_spawner]: MuJoCo: 18 collision proxy geom(s) moved to group 3 (viewer Rendering tab to show them).
[mujoco_spawner-3] [INFO] [1790584935.418427797] [mujoco_spawner]: MuJoCo URDF import OK (all meshes staged).
[mujoco_spawner-3] [WARN] [1790584935.437812258] [mujoco_spawner]: MuJoCo effort plant: no MJCF beside /home/molar1/bumperbot_ws/install/robot_lab_robots/share/robot_lab_robots/unitree/go2_description/xacro/go2_sim.xacro names every effort joint; keeping the URDF <dynamics> (damping=5.0 is a Gazebo stabiliser the robot does not have).
[mujoco_spawner-3] [INFO] [1790584935.492621345] [mujoco_spawner]: MuJoCo physics timestep: 0.0010 s
[mujoco_spawner-3] [INFO] [1790584935.495838638] [mujoco_spawner]: Robot has no 'oakd_rgb_camera_frame' link; no RGB-D camera is published.
[mujoco_spawner-3] [INFO] [1790584935.497616562] [mujoco_spawner]: Joints: ['FR_hip_joint', 'FR_thigh_joint', 'FR_calf_joint', 'FL_hip_joint', 'FL_thigh_joint', 'FL_calf_joint', 'RR_hip_joint', 'RR_thigh_joint', 'RR_calf_joint', 'RL_hip_joint', 'RL_thigh_joint', 'RL_calf_joint']   lw= rw=
[mujoco_spawner-3] [INFO] [1790584935.501577332] [mujoco_spawner]: MuJoCo effort joint armature: 0.0100 kg m^2
[mujoco_spawner-3] [INFO] [1790584935.504295209] [mujoco_spawner]: Joint effort input: /go2_group_effort_controller/commands (12 joints, URDF limits)
[mujoco_spawner-3] [INFO] [1790584935.507008606] [mujoco_spawner]: Spawn ground clearance: raised root by 0.2050 m
[mujoco_spawner-3] [INFO] [1790584935.508480775] [mujoco_spawner]: MuJoCo model loaded: 14 bodies, 13 joints
[mujoco_spawner-3] [INFO] [1790584935.509533718] [mujoco_spawner]: MuJoCo gui param=False (resolved=False), DISPLAY=:1 -> mode=DIRECT
[mujoco_spawner-3] [INFO] [1790584935.510523559] [mujoco_spawner]: MuJoCo running headless (gui=False, viewer=True).
[go2-stance-gait-controller-1] [INFO] [1790584935.518494345] [go2_stance_gait_controller]: Go2 recovery idle
[mujoco_spawner-3] [INFO] [1790584935.518815940] [mujoco_spawner]: MuJoCo spawner running.
[amcl-12] [0m[INFO] [1790584935.790277638] [amcl]: createLaserObject[0m
[go2-stance-gait-controller-1] [WARN] [1790584939.597998080] [go2_stance_gait_controller]: Go2 safety warn: tilt 0.35 rad exceeds warn threshold
[go2-stance-gait-controller-1] [WARN] [1790584939.747669675] [go2_stance_gait_controller]: Go2 safety safe_stop: tilt 0.70 rad exceeds fall threshold
[go2-stance-gait-controller-1] [INFO] [1790584939.872899062] [go2_stance_gait_controller]: Go2 recovery attempting:tuck
[go2-stance-gait-controller-1] [INFO] [1790584940.273220023] [go2_stance_gait_controller]: Go2 recovery attempting:roll
[go2-stance-gait-controller-1] [INFO] [1790584940.976817586] [go2_stance_gait_controller]: Go2 recovery unrecoverable:roll
[amcl-12] [0m[INFO] [1790584950.405631096] [rclcpp]: signal_handler(SIGINT/SIGTERM)[0m
[amcl-12] [0m[INFO] [1790584950.405781077] [amcl]: Running Nav2 LifecycleNode rcl preshutdown (amcl)[0m
[amcl-12] [0m[INFO] [1790584950.405898771] [amcl]: Deactivating[0m
[amcl-12] [0m[INFO] [1790584950.405935731] [amcl]: Destroying bond (amcl) to lifecycle manager.[0m
[robot_state_publisher-2] [INFO] [1790584950.405615000] [rclcpp]: signal_handler(SIGINT/SIGTERM)
[twist_marker-7] [INFO] [1790584950.405621848] [rclcpp]: signal_handler(SIGINT/SIGTERM)
[twist_relay-9] [INFO] [1790584950.405677079] [rclcpp]: signal_handler(SIGINT/SIGTERM)
[ekf_node-14] [INFO] [1790584950.405889332] [rclcpp]: signal_handler(SIGINT/SIGTERM)
[twist_mux-6] [INFO] [1790584950.405963794] [rclcpp]: signal_handler(SIGINT/SIGTERM)
[lifecycle_manager-13] [INFO] [1790584950.406171407] [rclcpp]: signal_handler(SIGINT/SIGTERM)
[lifecycle_manager-13] [INFO] [1790584950.406263438] [lifecycle_manager_localization]: Running Nav2 LifecycleManager rcl preshutdown (lifecycle_manager_localization)
[lifecycle_manager-13] [INFO] [1790584950.406322989] [lifecycle_manager_localization]: [34m[1mTerminating bond timer...[0m[0m
[joy_node-5] [INFO] [1790584950.406171919] [rclcpp]: signal_handler(SIGINT/SIGTERM)
[map_server-11] [INFO] [1790584950.406552777] [rclcpp]: signal_handler(SIGINT/SIGTERM)
[map_server-11] [INFO] [1790584950.406691335] [map_server]: Running Nav2 LifecycleNode rcl preshutdown (map_server)
[map_server-11] [INFO] [1790584950.406779238] [map_server]: Deactivating
[map_server-11] [INFO] [1790584950.406799141] [map_server]: Destroying bond (map_server) to lifecycle manager.
[amcl-12] [0m[INFO] [1790584950.416338064] [amcl]: Cleaning up[0m
[map_server-11] [INFO] [1790584950.417153091] [map_server]: Cleaning up
[map_server-11] [INFO] [1790584950.417256162] [map_server]: Destroying bond (map_server) to lifecycle manager.
[amcl-12] [0m[INFO] [1790584950.445982784] [amcl]: Destroying bond (amcl) to lifecycle manager.[0m
[map_server-11] [INFO] [1790584950.563409169] [map_server]: Destroying
[amcl-12] [0m[INFO] [1790584950.570288005] [amcl]: Destroying[0m
[lifecycle_manager-13] [INFO] [1790584950.571832141] [lifecycle_manager_localization]: Destroying lifecycle_manager_localization
[INFO] [twist_marker-7]: process has finished cleanly [pid 69220]
[INFO] [twist_mux-6]: process has finished cleanly [pid 69218]
[INFO] [joy_node-5]: process has finished cleanly [pid 69216]
[INFO] [twist_relay-9]: process has finished cleanly [pid 69224]
[INFO] [robot_state_publisher-2]: process has finished cleanly [pid 69210]
[INFO] [ekf_node-14]: process has finished cleanly [pid 69409]
[INFO] [lifecycle_manager-13]: process has finished cleanly [pid 69407]
[joy_teleop-4] Traceback (most recent call last):
[joy_teleop-4]   File "/opt/ros/humble/lib/joy_teleop/joy_teleop", line 33, in <module>
[joy_teleop-4]     sys.exit(load_entry_point('joy-teleop==1.6.0', 'console_scripts', 'joy_teleop')())
[joy_teleop-4]   File "/opt/ros/humble/lib/python3.10/site-packages/joy_teleop/joy_teleop.py", line 442, in main
[joy_teleop-4]     rclpy.shutdown()
[joy_teleop-4]   File "/opt/ros/humble/local/lib/python3.10/dist-packages/rclpy/__init__.py", line 130, in shutdown
[joy_teleop-4]     _shutdown(context=context)
[joy_teleop-4]   File "/opt/ros/humble/local/lib/python3.10/dist-packages/rclpy/utilities.py", line 58, in shutdown
[joy_teleop-4]     return context.shutdown()
[joy_teleop-4]   File "/opt/ros/humble/local/lib/python3.10/dist-packages/rclpy/context.py", line 102, in shutdown
[joy_teleop-4]     self.__context.shutdown()
[joy_teleop-4] rclpy._rclpy_pybind11.RCLError: failed to shutdown: rcl_shutdown already called on the given context, at ./src/rcl/init.c:241
[imu_republisher.py-15] Traceback (most recent call last):
[imu_republisher.py-15]   File "/home/molar1/bumperbot_ws/install/robot_lab_localization/lib/robot_lab_localization/imu_republisher.py", line 54, in <module>
[imu_republisher.py-15]     main()
[imu_republisher.py-15]   File "/home/molar1/bumperbot_ws/install/robot_lab_localization/lib/robot_lab_localization/imu_republisher.py", line 45, in main
[imu_republisher.py-15]     rclpy.spin(node)
[imu_republisher.py-15]   File "/opt/ros/humble/local/lib/python3.10/dist-packages/rclpy/__init__.py", line 229, in spin
[imu_republisher.py-15]     executor.spin_once()
[imu_republisher.py-15]   File "/opt/ros/humble/local/lib/python3.10/dist-packages/rclpy/executors.py", line 812, in spin_once
[imu_republisher.py-15]     self._spin_once_impl(timeout_sec)
[imu_republisher.py-15]   File "/opt/ros/humble/local/lib/python3.10/dist-packages/rclpy/executors.py", line 809, in _spin_once_impl
[imu_republisher.py-15]     raise handler.exception()
[imu_republisher.py-15]   File "/opt/ros/humble/local/lib/python3.10/dist-packages/rclpy/task.py", line 309, in _execute_coroutine_step
[imu_republisher.py-15]     result = coro.send(None)
[imu_republisher.py-15]   File "/opt/ros/humble/local/lib/python3.10/dist-packages/rclpy/executors.py", line 488, in handler
[imu_republisher.py-15]     await call_coroutine(entity, arg)
[imu_republisher.py-15]   File "/opt/ros/humble/local/lib/python3.10/dist-packages/rclpy/executors.py", line 407, in _execute_subscription
[imu_republisher.py-15]     await await_or_execute(sub.callback, msg)
[imu_republisher.py-15]   File "/opt/ros/humble/local/lib/python3.10/dist-packages/rclpy/executors.py", line 110, in await_or_execute
[imu_republisher.py-15]     return callback(*args)
[imu_republisher.py-15]   File "/home/molar1/bumperbot_ws/install/robot_lab_localization/lib/robot_lab_localization/imu_republisher.py", line 34, in imuCallback
[imu_republisher.py-15]     imu_pub.publish(imu)
[imu_republisher.py-15]   File "/opt/ros/humble/local/lib/python3.10/dist-packages/rclpy/publisher.py", line 70, in publish
[imu_republisher.py-15]     self.__publisher.publish(msg)
[imu_republisher.py-15] rclpy._rclpy_pybind11.RCLError: Failed to publish: publisher's context is invalid, at ./src/rcl/publisher.c:389
[INFO] [amcl-12]: process has finished cleanly [pid 69405]
[INFO] [go2-stance-gait-controller-1]: process has finished cleanly [pid 69208]
[INFO] [wheel_imu_fusion-16]: process has finished cleanly [pid 69413]
[INFO] [map_server-11]: process has finished cleanly [pid 69403]
[INFO] [joystick_relay.py-8]: process has finished cleanly [pid 69222]
[INFO] [mujoco_spawner-3]: process has finished cleanly [pid 69212]
[ERROR] [imu_republisher.py-15]: process has died [pid 69411, exit code 1, cmd '/home/molar1/bumperbot_ws/install/robot_lab_localization/lib/robot_lab_localization/imu_republisher.py --ros-args --params-file /workspace/molar/.tmp/launch_params_h9pev6ba'].
[ERROR] [joy_teleop-4]: process has died [pid 69214, exit code 1, cmd '/opt/ros/humble/lib/joy_teleop/joy_teleop --ros-args --params-file /home/molar1/bumperbot_ws/install/robot_lab_controller/share/robot_lab_controller/config/joy_teleop.yaml --params-file /workspace/molar/.tmp/launch_params_8mv4ocmn'].
