[INFO] [launch]: All log files can be found below /home/molar1/.ros/log/2026-09-25-18-50-09-778454-molar1-1599102
[INFO] [launch]: Default logging verbosity is set to INFO
[robot_lab] algorithm localization=amcl -> global_localization stack
[robot_lab] algorithm state_estimation=ekf_localization_node -> local_localization stack
[robot_lab] algorithm sensor_fusion=wheel_imu_fusion -> node robot_lab_algorithms/wheel_imu_fusion
[INFO] [go2-stance-gait-controller-1]: process started with pid [1599135]
[INFO] [robot_state_publisher-2]: process started with pid [1599137]
[INFO] [mujoco_spawner-3]: process started with pid [1599139]
[INFO] [joy_teleop-4]: process started with pid [1599141]
[INFO] [joy_node-5]: process started with pid [1599143]
[INFO] [twist_mux-6]: process started with pid [1599145]
[INFO] [twist_marker-7]: process started with pid [1599147]
[INFO] [joystick_relay.py-8]: process started with pid [1599149]
[INFO] [twist_relay-9]: process started with pid [1599153]
[INFO] [simulator_ready_gate-10]: process started with pid [1599161]
[twist_marker-7] 1790355010.843246 [221] twist_mark: selected interface "lo" is not multicast-capable: disabling multicast
[robot_state_publisher-2] 1790355010.847232 [221] robot_stat: selected interface "lo" is not multicast-capable: disabling multicast
[twist_mux-6] 1790355010.858430 [221]  twist_mux: selected interface "lo" is not multicast-capable: disabling multicast
[robot_state_publisher-2] [INFO] [1790355010.863375319] [robot_state_publisher]: got segment FL_calf
[robot_state_publisher-2] [INFO] [1790355010.864568148] [robot_state_publisher]: got segment FL_calf_rotor
[robot_state_publisher-2] [INFO] [1790355010.865218706] [robot_state_publisher]: got segment FL_foot
[robot_state_publisher-2] [INFO] [1790355010.865791472] [robot_state_publisher]: got segment FL_hip
[robot_state_publisher-2] [INFO] [1790355010.866303695] [robot_state_publisher]: got segment FL_hip_rotor
[robot_state_publisher-2] [INFO] [1790355010.866772334] [robot_state_publisher]: got segment FL_thigh
[joy_node-5] 1790355010.867214 [221]   joy_node: selected interface "lo" is not multicast-capable: disabling multicast
[robot_state_publisher-2] [INFO] [1790355010.867241004] [robot_state_publisher]: got segment FL_thigh_rotor
[robot_state_publisher-2] [INFO] [1790355010.867261228] [robot_state_publisher]: got segment FR_calf
[robot_state_publisher-2] [INFO] [1790355010.867272172] [robot_state_publisher]: got segment FR_calf_rotor
[robot_state_publisher-2] [INFO] [1790355010.867281196] [robot_state_publisher]: got segment FR_foot
[robot_state_publisher-2] [INFO] [1790355010.867289676] [robot_state_publisher]: got segment FR_hip
[robot_state_publisher-2] [INFO] [1790355010.867297932] [robot_state_publisher]: got segment FR_hip_rotor
[robot_state_publisher-2] [INFO] [1790355010.867305196] [robot_state_publisher]: got segment FR_thigh
[robot_state_publisher-2] [INFO] [1790355010.867313324] [robot_state_publisher]: got segment FR_thigh_rotor
[robot_state_publisher-2] [INFO] [1790355010.867320748] [robot_state_publisher]: got segment RL_calf
[robot_state_publisher-2] [INFO] [1790355010.867330252] [robot_state_publisher]: got segment RL_calf_rotor
[robot_state_publisher-2] [INFO] [1790355010.867337388] [robot_state_publisher]: got segment RL_foot
[robot_state_publisher-2] [INFO] [1790355010.867344332] [robot_state_publisher]: got segment RL_hip
[robot_state_publisher-2] [INFO] [1790355010.867352076] [robot_state_publisher]: got segment RL_hip_rotor
[robot_state_publisher-2] [INFO] [1790355010.867359212] [robot_state_publisher]: got segment RL_thigh
[robot_state_publisher-2] [INFO] [1790355010.867367052] [robot_state_publisher]: got segment RL_thigh_rotor
[robot_state_publisher-2] [INFO] [1790355010.867374124] [robot_state_publisher]: got segment RR_calf
[robot_state_publisher-2] [INFO] [1790355010.867381644] [robot_state_publisher]: got segment RR_calf_rotor
[robot_state_publisher-2] [INFO] [1790355010.867390124] [robot_state_publisher]: got segment RR_foot
[robot_state_publisher-2] [INFO] [1790355010.867397260] [robot_state_publisher]: got segment RR_hip
[robot_state_publisher-2] [INFO] [1790355010.867404620] [robot_state_publisher]: got segment RR_hip_rotor
[robot_state_publisher-2] [INFO] [1790355010.867411724] [robot_state_publisher]: got segment RR_thigh
[robot_state_publisher-2] [INFO] [1790355010.867419500] [robot_state_publisher]: got segment RR_thigh_rotor
[robot_state_publisher-2] [INFO] [1790355010.867426380] [robot_state_publisher]: got segment base
[robot_state_publisher-2] [INFO] [1790355010.867433868] [robot_state_publisher]: got segment front_camera
[robot_state_publisher-2] [INFO] [1790355010.867440972] [robot_state_publisher]: got segment imu_link
[robot_state_publisher-2] [INFO] [1790355010.867449388] [robot_state_publisher]: got segment trunk
[twist_mux-6] [INFO] [1790355010.867992874] [twist_mux]: Topic handler 'topics.joystick' subscribed to topic 'joy_vel': timeout = 0.500000s , priority = 99.
[twist_mux-6] [INFO] [1790355010.868943015] [twist_mux]: Topic handler 'topics.keyboard' subscribed to topic 'key_vel': timeout = 0.500000s , priority = 90.
[twist_mux-6] [INFO] [1790355010.869153543] [twist_mux]: Topic handler 'topics.navigation' subscribed to topic 'cmd_vel': timeout = 0.500000s , priority = 80.
[twist_mux-6] [INFO] [1790355010.869291751] [twist_mux]: Topic handler 'locks.safety_stop' subscribed to topic 'safety_stop': timeout = None , priority = 255.
[twist_relay-9] 1790355010.873640 [221] twist_rela: selected interface "lo" is not multicast-capable: disabling multicast
[joy_teleop-4] 1790355011.423304 [221] joy_teleop: selected interface "lo" is not multicast-capable: disabling multicast
[go2-stance-gait-controller-1] 1790355011.441652 [221] go2-stance: selected interface "lo" is not multicast-capable: disabling multicast
[joystick_relay.py-8] 1790355011.442836 [221] joystick_r: selected interface "lo" is not multicast-capable: disabling multicast
[go2-stance-gait-controller-1] [0;93m2026-09-25 18:50:11.567540639 [W:onnxruntime:Default, device_discovery.cc:164 DiscoverDevicesForPlatform] GPU device discovery failed: device_discovery.cc:89 ReadFileContents Failed to open file: "/sys/class/drm/card1/device/vendor"[m
[go2-stance-gait-controller-1] [INFO] [1790355011.673407350] [go2_stance_gait_controller]: Go2 closed-loop stance: 12 effort joints at 250.0 Hz; controller ONNX velocity policy
[mujoco_spawner-3] 1790355011.785185 [221] mujoco_spa: selected interface "lo" is not multicast-capable: disabling multicast
[mujoco_spawner-3] [INFO] [1790355012.935737816] [mujoco_spawner]: MuJoCo: 18 collision proxy geom(s) moved to group 3 (viewer Rendering tab to show them).
[mujoco_spawner-3] [INFO] [1790355012.981342488] [mujoco_spawner]: MuJoCo URDF import OK (all meshes staged).
[mujoco_spawner-3] [WARN] [1790355012.991937306] [mujoco_spawner]: MuJoCo effort plant: no MJCF beside /workspace/molar/ros_ws/bumperbot_ws/install/robot_lab_robots/share/robot_lab_robots/unitree/go2_description/xacro/go2_sim.xacro names every effort joint; keeping the URDF <dynamics> (damping=5.0 is a Gazebo stabiliser the robot does not have).
[mujoco_spawner-3] [INFO] [1790355013.046958047] [mujoco_spawner]: MuJoCo physics timestep: 0.0010 s
[mujoco_spawner-3] [INFO] [1790355013.048322619] [mujoco_spawner]: Robot has no 'oakd_rgb_camera_frame' link; no RGB-D camera is published.
[mujoco_spawner-3] [INFO] [1790355013.049164409] [mujoco_spawner]: Joints: ['FR_hip_joint', 'FR_thigh_joint', 'FR_calf_joint', 'FL_hip_joint', 'FL_thigh_joint', 'FL_calf_joint', 'RR_hip_joint', 'RR_thigh_joint', 'RR_calf_joint', 'RL_hip_joint', 'RL_thigh_joint', 'RL_calf_joint']   lw= rw=
[mujoco_spawner-3] [INFO] [1790355013.051597938] [mujoco_spawner]: MuJoCo effort joint armature: 0.0100 kg m^2
[mujoco_spawner-3] [INFO] [1790355013.052813935] [mujoco_spawner]: Joint effort input: /go2_group_effort_controller/commands (12 joints, URDF limits)
[mujoco_spawner-3] [INFO] [1790355013.054334667] [mujoco_spawner]: Spawn ground clearance: raised root by 0.2050 m
[mujoco_spawner-3] [INFO] [1790355013.055146632] [mujoco_spawner]: MuJoCo model loaded: 14 bodies, 13 joints
[mujoco_spawner-3] [INFO] [1790355013.055678983] [mujoco_spawner]: MuJoCo gui param=False (resolved=False), DISPLAY=:1 -> mode=DIRECT
[mujoco_spawner-3] [INFO] [1790355013.056135269] [mujoco_spawner]: MuJoCo running headless (gui=False, viewer=True).
[mujoco_spawner-3] [INFO] [1790355013.057571041] [mujoco_spawner]: MuJoCo spawner running.
[INFO] [simulator_ready_gate-10]: process has finished cleanly [pid 1599161]
[INFO] [amcl-12]: process started with pid [1599399]
[INFO] [map_server-11]: process started with pid [1599397]
[INFO] [lifecycle_manager-13]: process started with pid [1599401]
[INFO] [ekf_node-14]: process started with pid [1599403]
[INFO] [imu_republisher.py-15]: process started with pid [1599405]
[INFO] [wheel_imu_fusion-16]: process started with pid [1599407]
[lifecycle_manager-13] 1790355013.468341 [221] lifecycle_: selected interface "lo" is not multicast-capable: disabling multicast
[ekf_node-14] 1790355013.481301 [221]   ekf_node: selected interface "lo" is not multicast-capable: disabling multicast
[map_server-11] 1790355013.502417 [221] map_server: selected interface "lo" is not multicast-capable: disabling multicast
[amcl-12] 1790355013.503108 [221]       amcl: selected interface "lo" is not multicast-capable: disabling multicast
[amcl-12] [0m[INFO] [1790355013.511250754] [amcl]: 
[amcl-12] 	amcl lifecycle node launched. 
[amcl-12] 	Waiting on external lifecycle transitions to activate
[amcl-12] 	See https://design.ros2.org/articles/node_lifecycle.html for more information.[0m
[amcl-12] [0m[INFO] [1790355013.512993085] [amcl]: Creating[0m
[map_server-11] [INFO] [1790355013.525002459] [map_server]: 
[map_server-11] 	map_server lifecycle node launched. 
[map_server-11] 	Waiting on external lifecycle transitions to activate
[map_server-11] 	See https://design.ros2.org/articles/node_lifecycle.html for more information.
[lifecycle_manager-13] [INFO] [1790355013.525620857] [lifecycle_manager_localization]: Creating
[map_server-11] [INFO] [1790355013.527338357] [map_server]: Creating
[lifecycle_manager-13] [INFO] [1790355013.545004483] [lifecycle_manager_localization]: [34m[1mCreating and initializing lifecycle service clients[0m[0m
[lifecycle_manager-13] [INFO] [1790355013.647652897] [lifecycle_manager_localization]: [34m[1mStarting managed nodes bringup...[0m[0m
[lifecycle_manager-13] [INFO] [1790355013.647760225] [lifecycle_manager_localization]: [34m[1mConfiguring map_server[0m[0m
[map_server-11] [INFO] [1790355013.649069597] [map_server]: Configuring
[map_server-11] [INFO] [1790355013.649207165] [map_io]: Loading yaml file: /workspace/molar/ros_ws/bumperbot_ws/install/robot_lab_maps/share/robot_lab_maps/maps/nav_empty/maps/map.yaml
[map_server-11] [INFO] [1790355013.649649660] [map_io]: resolution: 0.05
[map_server-11] [INFO] [1790355013.649677724] [map_io]: origin[0]: -7
[map_server-11] [INFO] [1790355013.649683900] [map_io]: origin[1]: -7
[map_server-11] [INFO] [1790355013.649688860] [map_io]: origin[2]: 0
[map_server-11] [INFO] [1790355013.649694044] [map_io]: free_thresh: 0.196
[map_server-11] [INFO] [1790355013.649699484] [map_io]: occupied_thresh: 0.65
[map_server-11] [INFO] [1790355013.649706492] [map_io]: mode: trinary
[map_server-11] [INFO] [1790355013.649713660] [map_io]: negate: 0
[map_server-11] [INFO] [1790355013.650024475] [map_io]: Loading image_file: /workspace/molar/ros_ws/bumperbot_ws/install/robot_lab_maps/share/robot_lab_maps/maps/nav_empty/maps/map.pgm
[map_server-11] [INFO] [1790355013.660345694] [map_io]: Read map /workspace/molar/ros_ws/bumperbot_ws/install/robot_lab_maps/share/robot_lab_maps/maps/nav_empty/maps/map.pgm: 280 X 280 map @ 0.05 m/cell
[lifecycle_manager-13] [INFO] [1790355013.671424222] [lifecycle_manager_localization]: [34m[1mConfiguring amcl[0m[0m
[amcl-12] [0m[INFO] [1790355013.672660603] [amcl]: Configuring[0m
[amcl-12] [0m[INFO] [1790355013.672839866] [amcl]: initTransforms[0m
[amcl-12] [0m[INFO] [1790355013.682291968] [amcl]: initPubSub[0m
[amcl-12] [0m[INFO] [1790355013.691225894] [amcl]: Subscribed to map topic.[0m
[lifecycle_manager-13] [INFO] [1790355013.701829545] [lifecycle_manager_localization]: [34m[1mActivating map_server[0m[0m
[amcl-12] [0m[INFO] [1790355013.703608324] [amcl]: Received a 280 X 280 map @ 0.050 m/pix[0m
[map_server-11] [INFO] [1790355013.702950277] [map_server]: Activating
[map_server-11] [INFO] [1790355013.703332996] [map_server]: Creating bond (map_server) to lifecycle manager.
[amcl-12] [0m[INFO] [1790355013.809011418] [amcl]: Activating[0m
[amcl-12] [0m[INFO] [1790355013.809102042] [amcl]: initialPoseReceived[0m
[amcl-12] [0m[INFO] [1790355013.809295417] [amcl]: Setting pose (0.624000): -0.500 -0.500 0.000[0m
[lifecycle_manager-13] [INFO] [1790355013.808664795] [lifecycle_manager_localization]: Server map_server connected with bond.
[lifecycle_manager-13] [INFO] [1790355013.808740091] [lifecycle_manager_localization]: [34m[1mActivating amcl[0m[0m
[amcl-12] [0m[INFO] [1790355013.809867576] [amcl]: Creating bond (amcl) to lifecycle manager.[0m
[lifecycle_manager-13] [INFO] [1790355013.912998517] [lifecycle_manager_localization]: Server amcl connected with bond.
[lifecycle_manager-13] [INFO] [1790355013.913083829] [lifecycle_manager_localization]: [34m[1mManaged nodes are active[0m[0m
[lifecycle_manager-13] [INFO] [1790355013.913105109] [lifecycle_manager_localization]: [34m[1mCreating bond timer...[0m[0m
[imu_republisher.py-15] 1790355013.973534 [221]    python3: selected interface "lo" is not multicast-capable: disabling multicast
[wheel_imu_fusion-16] 1790355013.999351 [221] wheel_imu_: selected interface "lo" is not multicast-capable: disabling multicast
[amcl-12] [0m[INFO] [1790355014.007804586] [amcl]: createLaserObject[0m
[wheel_imu_fusion-16] [INFO] [1790355014.288283601] [sensor_fusion_wheel_imu_fusion]: wheel_imu_fusion ready
[go2-stance-gait-controller-1] [WARN] [1790355017.183607683] [go2_stance_gait_controller]: Go2 safety warn: tilt 0.36 rad exceeds warn threshold
[go2-stance-gait-controller-1] [WARN] [1790355017.351829860] [go2_stance_gait_controller]: Go2 safety safe_stop: tilt 0.70 rad exceeds fall threshold
[lifecycle_manager-13] [INFO] [1790355034.217121761] [rclcpp]: signal_handler(SIGINT/SIGTERM)
[lifecycle_manager-13] [INFO] [1790355034.217261057] [lifecycle_manager_localization]: Running Nav2 LifecycleManager rcl preshutdown (lifecycle_manager_localization)
[ekf_node-14] [INFO] [1790355034.217123073] [rclcpp]: signal_handler(SIGINT/SIGTERM)
[lifecycle_manager-13] [INFO] [1790355034.217328288] [lifecycle_manager_localization]: [34m[1mTerminating bond timer...[0m[0m
[joy_node-5] [INFO] [1790355034.217159617] [rclcpp]: signal_handler(SIGINT/SIGTERM)
[twist_marker-7] [INFO] [1790355034.217157249] [rclcpp]: signal_handler(SIGINT/SIGTERM)
[twist_relay-9] [INFO] [1790355034.217148833] [rclcpp]: signal_handler(SIGINT/SIGTERM)
[twist_mux-6] [INFO] [1790355034.217504384] [rclcpp]: signal_handler(SIGINT/SIGTERM)
[amcl-12] [0m[INFO] [1790355034.218594557] [rclcpp]: signal_handler(SIGINT/SIGTERM)[0m
[amcl-12] [0m[INFO] [1790355034.218763612] [amcl]: Running Nav2 LifecycleNode rcl preshutdown (amcl)[0m
[map_server-11] [INFO] [1790355034.218573405] [rclcpp]: signal_handler(SIGINT/SIGTERM)
[map_server-11] [INFO] [1790355034.218761756] [map_server]: Running Nav2 LifecycleNode rcl preshutdown (map_server)
[robot_state_publisher-2] [INFO] [1790355034.218726876] [rclcpp]: signal_handler(SIGINT/SIGTERM)
[amcl-12] [0m[INFO] [1790355034.218910268] [amcl]: Deactivating[0m
[amcl-12] [0m[INFO] [1790355034.218965244] [amcl]: Destroying bond (amcl) to lifecycle manager.[0m
[map_server-11] [INFO] [1790355034.218861500] [map_server]: Deactivating
[map_server-11] [INFO] [1790355034.218885820] [map_server]: Destroying bond (map_server) to lifecycle manager.
[map_server-11] [INFO] [1790355034.229223517] [map_server]: Cleaning up
[map_server-11] [INFO] [1790355034.229338429] [map_server]: Destroying bond (map_server) to lifecycle manager.
[amcl-12] [0m[INFO] [1790355034.229719612] [amcl]: Cleaning up[0m
[amcl-12] [0m[INFO] [1790355034.251578939] [amcl]: Destroying bond (amcl) to lifecycle manager.[0m
[joy_teleop-4] Traceback (most recent call last):
[joy_teleop-4]   File "/opt/ros/humble/lib/joy_teleop/joy_teleop", line 33, in <module>
[joy_teleop-4]     sys.exit(load_entry_point('joy-teleop==1.6.0', 'console_scripts', 'joy_teleop')())
[joy_teleop-4]   File "/opt/ros/humble/lib/python3.10/site-packages/joy_teleop/joy_teleop.py", line 435, in main
[joy_teleop-4]     rclpy.spin(node)
[joy_teleop-4]   File "/opt/ros/humble/local/lib/python3.10/dist-packages/rclpy/__init__.py", line 229, in spin
[joy_teleop-4]     executor.spin_once()
[joy_teleop-4]   File "/opt/ros/humble/local/lib/python3.10/dist-packages/rclpy/executors.py", line 812, in spin_once
[joy_teleop-4]     self._spin_once_impl(timeout_sec)
[joy_teleop-4]   File "/opt/ros/humble/local/lib/python3.10/dist-packages/rclpy/executors.py", line 801, in _spin_once_impl
[joy_teleop-4]     handler, entity, node = self.wait_for_ready_callbacks(timeout_sec=timeout_sec)
[joy_teleop-4]   File "/opt/ros/humble/local/lib/python3.10/dist-packages/rclpy/executors.py", line 784, in wait_for_ready_callbacks
[joy_teleop-4]     return next(self._cb_iter)
[joy_teleop-4]   File "/opt/ros/humble/local/lib/python3.10/dist-packages/rclpy/executors.py", line 685, in _wait_for_ready_callbacks
[joy_teleop-4]     raise ExternalShutdownException()
[joy_teleop-4] rclpy.executors.ExternalShutdownException
[map_server-11] [INFO] [1790355034.409013963] [map_server]: Destroying
[lifecycle_manager-13] [INFO] [1790355034.413543069] [lifecycle_manager_localization]: Destroying lifecycle_manager_localization
[amcl-12] [0m[INFO] [1790355034.414320571] [amcl]: Destroying[0m
[INFO] [twist_marker-7]: process has finished cleanly [pid 1599147]
[INFO] [twist_relay-9]: process has finished cleanly [pid 1599153]
[INFO] [twist_mux-6]: process has finished cleanly [pid 1599145]
[INFO] [ekf_node-14]: process has finished cleanly [pid 1599403]
[INFO] [robot_state_publisher-2]: process has finished cleanly [pid 1599137]
[INFO] [joy_node-5]: process has finished cleanly [pid 1599143]
[imu_republisher.py-15] Traceback (most recent call last):
[imu_republisher.py-15]   File "/workspace/molar/ros_ws/bumperbot_ws/install/robot_lab_localization/lib/robot_lab_localization/imu_republisher.py", line 54, in <module>
[imu_republisher.py-15]     main()
[imu_republisher.py-15]   File "/workspace/molar/ros_ws/bumperbot_ws/install/robot_lab_localization/lib/robot_lab_localization/imu_republisher.py", line 45, in main
[imu_republisher.py-15]     rclpy.spin(node)
[imu_republisher.py-15]   File "/opt/ros/humble/local/lib/python3.10/dist-packages/rclpy/__init__.py", line 229, in spin
[imu_republisher.py-15]     executor.spin_once()
[imu_republisher.py-15]   File "/opt/ros/humble/local/lib/python3.10/dist-packages/rclpy/executors.py", line 812, in spin_once
[imu_republisher.py-15]     self._spin_once_impl(timeout_sec)
[imu_republisher.py-15]   File "/opt/ros/humble/local/lib/python3.10/dist-packages/rclpy/executors.py", line 801, in _spin_once_impl
[imu_republisher.py-15]     handler, entity, node = self.wait_for_ready_callbacks(timeout_sec=timeout_sec)
[imu_republisher.py-15]   File "/opt/ros/humble/local/lib/python3.10/dist-packages/rclpy/executors.py", line 784, in wait_for_ready_callbacks
[imu_republisher.py-15]     return next(self._cb_iter)
[imu_republisher.py-15]   File "/opt/ros/humble/local/lib/python3.10/dist-packages/rclpy/executors.py", line 685, in _wait_for_ready_callbacks
[imu_republisher.py-15]     raise ExternalShutdownException()
[imu_republisher.py-15] rclpy.executors.ExternalShutdownException
[INFO] [wheel_imu_fusion-16]: process has finished cleanly [pid 1599407]
[INFO] [go2-stance-gait-controller-1]: process has finished cleanly [pid 1599135]
[INFO] [joystick_relay.py-8]: process has finished cleanly [pid 1599149]
[ERROR] [joy_teleop-4]: process has died [pid 1599141, exit code 1, cmd '/opt/ros/humble/lib/joy_teleop/joy_teleop --ros-args --params-file /workspace/molar/ros_ws/bumperbot_ws/install/robot_lab_controller/share/robot_lab_controller/config/joy_teleop.yaml --params-file /workspace/molar/.tmp/launch_params_yhppd2jc'].
[INFO] [lifecycle_manager-13]: process has finished cleanly [pid 1599401]
[ERROR] [imu_republisher.py-15]: process has died [pid 1599405, exit code 1, cmd '/workspace/molar/ros_ws/bumperbot_ws/install/robot_lab_localization/lib/robot_lab_localization/imu_republisher.py --ros-args --params-file /workspace/molar/.tmp/launch_params_83lwhw28'].
[INFO] [mujoco_spawner-3]: process has finished cleanly [pid 1599139]
[INFO] [amcl-12]: process has finished cleanly [pid 1599399]
[INFO] [map_server-11]: process has finished cleanly [pid 1599397]
