[INFO] [launch]: All log files can be found below /home/molar1/.ros/log/2026-09-28-17-10-53-098968-molar1-339626
[INFO] [launch]: Default logging verbosity is set to INFO
[robot_lab] algorithm localization=amcl -> global_localization stack
[robot_lab] algorithm state_estimation=ekf_localization_node -> local_localization stack
[robot_lab] algorithm sensor_fusion=wheel_imu_fusion -> node robot_lab_algorithms/wheel_imu_fusion
[INFO] [go2-stance-gait-controller-1]: process started with pid [339660]
[INFO] [robot_state_publisher-2]: process started with pid [339662]
[INFO] [mujoco_spawner-3]: process started with pid [339664]
[INFO] [joy_teleop-4]: process started with pid [339666]
[INFO] [joy_node-5]: process started with pid [339668]
[INFO] [twist_mux-6]: process started with pid [339670]
[INFO] [twist_marker-7]: process started with pid [339672]
[INFO] [joystick_relay.py-8]: process started with pid [339674]
[INFO] [twist_relay-9]: process started with pid [339684]
[INFO] [simulator_ready_gate-10]: process started with pid [339686]
[twist_mux-6] [INFO] [1790608254.051638478] [twist_mux]: Topic handler 'topics.joystick' subscribed to topic 'joy_vel': timeout = 0.500000s , priority = 99.
[twist_mux-6] [INFO] [1790608254.053175138] [twist_mux]: Topic handler 'topics.keyboard' subscribed to topic 'key_vel': timeout = 0.500000s , priority = 90.
[twist_mux-6] [INFO] [1790608254.055190899] [twist_mux]: Topic handler 'topics.navigation' subscribed to topic 'cmd_vel': timeout = 0.500000s , priority = 80.
[twist_mux-6] [INFO] [1790608254.057203301] [twist_mux]: Topic handler 'locks.safety_stop' subscribed to topic 'safety_stop': timeout = None , priority = 255.
[robot_state_publisher-2] [INFO] [1790608254.068017909] [robot_state_publisher]: got segment FL_calf
[robot_state_publisher-2] [INFO] [1790608254.069230380] [robot_state_publisher]: got segment FL_calf_rotor
[robot_state_publisher-2] [INFO] [1790608254.069903527] [robot_state_publisher]: got segment FL_foot
[robot_state_publisher-2] [INFO] [1790608254.070457379] [robot_state_publisher]: got segment FL_hip
[robot_state_publisher-2] [INFO] [1790608254.070921247] [robot_state_publisher]: got segment FL_hip_rotor
[robot_state_publisher-2] [INFO] [1790608254.071359164] [robot_state_publisher]: got segment FL_thigh
[robot_state_publisher-2] [INFO] [1790608254.071785529] [robot_state_publisher]: got segment FL_thigh_rotor
[robot_state_publisher-2] [INFO] [1790608254.072234869] [robot_state_publisher]: got segment FR_calf
[robot_state_publisher-2] [INFO] [1790608254.072689490] [robot_state_publisher]: got segment FR_calf_rotor
[robot_state_publisher-2] [INFO] [1790608254.073155535] [robot_state_publisher]: got segment FR_foot
[robot_state_publisher-2] [INFO] [1790608254.073599915] [robot_state_publisher]: got segment FR_hip
[robot_state_publisher-2] [INFO] [1790608254.074007336] [robot_state_publisher]: got segment FR_hip_rotor
[robot_state_publisher-2] [INFO] [1790608254.074426053] [robot_state_publisher]: got segment FR_thigh
[robot_state_publisher-2] [INFO] [1790608254.074838178] [robot_state_publisher]: got segment FR_thigh_rotor
[robot_state_publisher-2] [INFO] [1790608254.075297663] [robot_state_publisher]: got segment RL_calf
[robot_state_publisher-2] [INFO] [1790608254.075762843] [robot_state_publisher]: got segment RL_calf_rotor
[robot_state_publisher-2] [INFO] [1790608254.076236600] [robot_state_publisher]: got segment RL_foot
[robot_state_publisher-2] [INFO] [1790608254.076259544] [robot_state_publisher]: got segment RL_hip
[robot_state_publisher-2] [INFO] [1790608254.076272408] [robot_state_publisher]: got segment RL_hip_rotor
[robot_state_publisher-2] [INFO] [1790608254.076280920] [robot_state_publisher]: got segment RL_thigh
[robot_state_publisher-2] [INFO] [1790608254.076290263] [robot_state_publisher]: got segment RL_thigh_rotor
[robot_state_publisher-2] [INFO] [1790608254.076302615] [robot_state_publisher]: got segment RR_calf
[robot_state_publisher-2] [INFO] [1790608254.076311127] [robot_state_publisher]: got segment RR_calf_rotor
[robot_state_publisher-2] [INFO] [1790608254.076320503] [robot_state_publisher]: got segment RR_foot
[robot_state_publisher-2] [INFO] [1790608254.076328055] [robot_state_publisher]: got segment RR_hip
[robot_state_publisher-2] [INFO] [1790608254.076336215] [robot_state_publisher]: got segment RR_hip_rotor
[robot_state_publisher-2] [INFO] [1790608254.076343799] [robot_state_publisher]: got segment RR_thigh
[robot_state_publisher-2] [INFO] [1790608254.076351095] [robot_state_publisher]: got segment RR_thigh_rotor
[robot_state_publisher-2] [INFO] [1790608254.076358551] [robot_state_publisher]: got segment base
[robot_state_publisher-2] [INFO] [1790608254.076366199] [robot_state_publisher]: got segment front_camera
[robot_state_publisher-2] [INFO] [1790608254.076373271] [robot_state_publisher]: got segment imu_link
[robot_state_publisher-2] [INFO] [1790608254.076382551] [robot_state_publisher]: got segment trunk
[go2-stance-gait-controller-1] [0;93m2026-09-28 17:10:54.755049983 [W:onnxruntime:Default, device_discovery.cc:164 DiscoverDevicesForPlatform] GPU device discovery failed: device_discovery.cc:89 ReadFileContents Failed to open file: "/sys/class/drm/card1/device/vendor"[m
[go2-stance-gait-controller-1] [INFO] [1790608254.825486550] [go2_stance_gait_controller]: Go2 closed-loop stance: 12 effort joints at 250.0 Hz; controller ONNX velocity policy
[mujoco_spawner-3] [INFO] [1790608256.081524228] [mujoco_spawner]: MuJoCo: 18 collision proxy geom(s) moved to group 3 (viewer Rendering tab to show them).
[mujoco_spawner-3] [INFO] [1790608256.126782804] [mujoco_spawner]: MuJoCo URDF import OK (all meshes staged).
[mujoco_spawner-3] [WARN] [1790608256.140855692] [mujoco_spawner]: MuJoCo effort plant: no MJCF beside /home/molar1/bumperbot_ws/install/robot_lab_robots/share/robot_lab_robots/unitree/go2_description/xacro/go2_sim.xacro names every effort joint; keeping the URDF <dynamics> (damping=5.0 is a Gazebo stabiliser the robot does not have).
[mujoco_spawner-3] [INFO] [1790608256.190775898] [mujoco_spawner]: MuJoCo physics timestep: 0.0010 s
[mujoco_spawner-3] [INFO] [1790608256.193379942] [mujoco_spawner]: Robot has no 'oakd_rgb_camera_frame' link; no RGB-D camera is published.
[mujoco_spawner-3] [INFO] [1790608256.194876923] [mujoco_spawner]: Joints: ['FR_hip_joint', 'FR_thigh_joint', 'FR_calf_joint', 'FL_hip_joint', 'FL_thigh_joint', 'FL_calf_joint', 'RR_hip_joint', 'RR_thigh_joint', 'RR_calf_joint', 'RL_hip_joint', 'RL_thigh_joint', 'RL_calf_joint']   lw= rw=
[mujoco_spawner-3] [INFO] [1790608256.197726950] [mujoco_spawner]: MuJoCo effort joint armature: 0.0100 kg m^2
[mujoco_spawner-3] [INFO] [1790608256.199682008] [mujoco_spawner]: Joint effort input: /go2_group_effort_controller/commands (12 joints, URDF limits)
[mujoco_spawner-3] [INFO] [1790608256.201969287] [mujoco_spawner]: Spawn ground clearance: raised root by 0.2050 m
[mujoco_spawner-3] [INFO] [1790608256.203311037] [mujoco_spawner]: MuJoCo model loaded: 14 bodies, 13 joints
[mujoco_spawner-3] [INFO] [1790608256.204172630] [mujoco_spawner]: MuJoCo gui param=False (resolved=False), DISPLAY=:1 -> mode=DIRECT
[mujoco_spawner-3] [INFO] [1790608256.204982032] [mujoco_spawner]: MuJoCo running headless (gui=False, viewer=True).
[go2-stance-gait-controller-1] [INFO] [1790608256.213406930] [go2_stance_gait_controller]: Go2 recovery idle
[mujoco_spawner-3] [INFO] [1790608256.214848071] [mujoco_spawner]: MuJoCo spawner running.
[INFO] [simulator_ready_gate-10]: process has finished cleanly [pid 339686]
[INFO] [amcl-12]: process started with pid [339919]
[INFO] [map_server-11]: process started with pid [339917]
[INFO] [lifecycle_manager-13]: process started with pid [339922]
[INFO] [ekf_node-14]: process started with pid [339924]
[INFO] [imu_republisher.py-15]: process started with pid [339927]
[INFO] [wheel_imu_fusion-16]: process started with pid [339930]
[lifecycle_manager-13] [INFO] [1790608256.623600911] [lifecycle_manager_localization]: Creating
[lifecycle_manager-13] [INFO] [1790608256.638868574] [lifecycle_manager_localization]: [34m[1mCreating and initializing lifecycle service clients[0m[0m
[map_server-11] [INFO] [1790608256.639907191] [map_server]: 
[map_server-11] 	map_server lifecycle node launched. 
[map_server-11] 	Waiting on external lifecycle transitions to activate
[map_server-11] 	See https://design.ros2.org/articles/node_lifecycle.html for more information.
[map_server-11] [INFO] [1790608256.640112085] [map_server]: Creating
[amcl-12] [0m[INFO] [1790608256.664779070] [amcl]: 
[amcl-12] 	amcl lifecycle node launched. 
[amcl-12] 	Waiting on external lifecycle transitions to activate
[amcl-12] 	See https://design.ros2.org/articles/node_lifecycle.html for more information.[0m
[amcl-12] [0m[INFO] [1790608256.666263571] [amcl]: Creating[0m
[lifecycle_manager-13] [INFO] [1790608256.704315097] [lifecycle_manager_localization]: [34m[1mStarting managed nodes bringup...[0m[0m
[lifecycle_manager-13] [INFO] [1790608256.705686351] [lifecycle_manager_localization]: [34m[1mConfiguring map_server[0m[0m
[map_server-11] [INFO] [1790608256.706963333] [map_server]: Configuring
[map_server-11] [INFO] [1790608256.707108356] [map_io]: Loading yaml file: /home/molar1/bumperbot_ws/install/robot_lab_maps/share/robot_lab_maps/maps/nav_empty/maps/map.yaml
[map_server-11] [INFO] [1790608256.707565633] [map_io]: resolution: 0.05
[map_server-11] [INFO] [1790608256.707586881] [map_io]: origin[0]: -7
[map_server-11] [INFO] [1790608256.707592705] [map_io]: origin[1]: -7
[map_server-11] [INFO] [1790608256.707597281] [map_io]: origin[2]: 0
[map_server-11] [INFO] [1790608256.707602112] [map_io]: free_thresh: 0.196
[map_server-11] [INFO] [1790608256.707606912] [map_io]: occupied_thresh: 0.65
[map_server-11] [INFO] [1790608256.707613504] [map_io]: mode: trinary
[map_server-11] [INFO] [1790608256.707620896] [map_io]: negate: 0
[map_server-11] [INFO] [1790608256.707947294] [map_io]: Loading image_file: /home/molar1/bumperbot_ws/install/robot_lab_maps/share/robot_lab_maps/maps/nav_empty/maps/map.pgm
[map_server-11] [INFO] [1790608256.718338065] [map_io]: Read map /home/molar1/bumperbot_ws/install/robot_lab_maps/share/robot_lab_maps/maps/nav_empty/maps/map.pgm: 280 X 280 map @ 0.05 m/cell
[lifecycle_manager-13] [INFO] [1790608256.728241831] [lifecycle_manager_localization]: [34m[1mConfiguring amcl[0m[0m
[amcl-12] [0m[INFO] [1790608256.729767932] [amcl]: Configuring[0m
[amcl-12] [0m[INFO] [1790608256.729936795] [amcl]: initTransforms[0m
[amcl-12] [0m[INFO] [1790608256.739551476] [amcl]: initPubSub[0m
[amcl-12] [0m[INFO] [1790608256.747625304] [amcl]: Subscribed to map topic.[0m
[lifecycle_manager-13] [INFO] [1790608256.754241127] [lifecycle_manager_localization]: [34m[1mActivating map_server[0m[0m
[map_server-11] [INFO] [1790608256.754536996] [map_server]: Activating
[map_server-11] [INFO] [1790608256.754790658] [map_server]: Creating bond (map_server) to lifecycle manager.
[amcl-12] [0m[INFO] [1790608256.802090244] [amcl]: Received a 280 X 280 map @ 0.050 m/pix[0m
[lifecycle_manager-13] [INFO] [1790608256.863357085] [lifecycle_manager_localization]: Server map_server connected with bond.
[lifecycle_manager-13] [INFO] [1790608256.863434397] [lifecycle_manager_localization]: [34m[1mActivating amcl[0m[0m
[amcl-12] [0m[INFO] [1790608256.863783354] [amcl]: Activating[0m
[amcl-12] [0m[INFO] [1790608256.863945561] [amcl]: initialPoseReceived[0m
[amcl-12] [0m[INFO] [1790608256.864191927] [amcl]: Setting pose (0.556000): -0.500 -0.500 0.000[0m
[amcl-12] [0m[INFO] [1790608256.864770899] [amcl]: Creating bond (amcl) to lifecycle manager.[0m
[amcl-12] [0m[INFO] [1790608256.950653526] [amcl]: createLaserObject[0m
[lifecycle_manager-13] [INFO] [1790608256.968235507] [lifecycle_manager_localization]: Server amcl connected with bond.
[lifecycle_manager-13] [INFO] [1790608256.968331027] [lifecycle_manager_localization]: [34m[1mManaged nodes are active[0m[0m
[lifecycle_manager-13] [INFO] [1790608256.968353459] [lifecycle_manager_localization]: [34m[1mCreating bond timer...[0m[0m
[wheel_imu_fusion-16] [INFO] [1790608257.316381817] [sensor_fusion_wheel_imu_fusion]: wheel_imu_fusion ready
[go2-stance-gait-controller-1] [WARN] [1790608260.247839447] [go2_stance_gait_controller]: Go2 safety warn: tilt 0.36 rad exceeds warn threshold
[go2-stance-gait-controller-1] [WARN] [1790608260.405860604] [go2_stance_gait_controller]: Go2 safety safe_stop: tilt 0.70 rad exceeds fall threshold
[go2-stance-gait-controller-1] [INFO] [1790608260.525809212] [go2_stance_gait_controller]: Go2 recovery waiting
[go2-stance-gait-controller-1] [INFO] [1790608261.528648373] [go2_stance_gait_controller]: Go2 recovery attempting:tuck
[go2-stance-gait-controller-1] [INFO] [1790608261.930905876] [go2_stance_gait_controller]: Go2 recovery attempting:roll
[go2-stance-gait-controller-1] [INFO] [1790608262.635112601] [go2_stance_gait_controller]: Go2 recovery failed:roll
[lifecycle_manager-13] [INFO] [1790608279.687407289] [rclcpp]: signal_handler(SIGINT/SIGTERM)
[lifecycle_manager-13] [INFO] [1790608279.687543672] [lifecycle_manager_localization]: Running Nav2 LifecycleManager rcl preshutdown (lifecycle_manager_localization)
[ekf_node-14] [INFO] [1790608279.687386298] [rclcpp]: signal_handler(SIGINT/SIGTERM)
[twist_relay-9] [INFO] [1790608279.687390682] [rclcpp]: signal_handler(SIGINT/SIGTERM)
[lifecycle_manager-13] [INFO] [1790608279.687615320] [lifecycle_manager_localization]: [34m[1mTerminating bond timer...[0m[0m
[map_server-11] [INFO] [1790608279.687455001] [rclcpp]: signal_handler(SIGINT/SIGTERM)
[map_server-11] [INFO] [1790608279.687606968] [map_server]: Running Nav2 LifecycleNode rcl preshutdown (map_server)
[map_server-11] [INFO] [1790608279.687714615] [map_server]: Deactivating
[map_server-11] [INFO] [1790608279.687740695] [map_server]: Destroying bond (map_server) to lifecycle manager.
[twist_marker-7] [INFO] [1790608279.687506297] [rclcpp]: signal_handler(SIGINT/SIGTERM)
[twist_mux-6] [INFO] [1790608279.687743063] [rclcpp]: signal_handler(SIGINT/SIGTERM)
[amcl-12] [0m[INFO] [1790608279.687950389] [rclcpp]: signal_handler(SIGINT/SIGTERM)[0m
[amcl-12] [0m[INFO] [1790608279.688054293] [amcl]: Running Nav2 LifecycleNode rcl preshutdown (amcl)[0m
[amcl-12] [0m[INFO] [1790608279.688148084] [amcl]: Deactivating[0m
[amcl-12] [0m[INFO] [1790608279.688185076] [amcl]: Destroying bond (amcl) to lifecycle manager.[0m
[joy_node-5] [INFO] [1790608279.687878294] [rclcpp]: signal_handler(SIGINT/SIGTERM)
[robot_state_publisher-2] [INFO] [1790608279.687963285] [rclcpp]: signal_handler(SIGINT/SIGTERM)
[map_server-11] [INFO] [1790608279.698193478] [map_server]: Cleaning up
[map_server-11] [INFO] [1790608279.698318117] [map_server]: Destroying bond (map_server) to lifecycle manager.
[amcl-12] [0m[INFO] [1790608279.698577027] [amcl]: Cleaning up[0m
[amcl-12] [0m[INFO] [1790608279.711901629] [amcl]: Destroying bond (amcl) to lifecycle manager.[0m
[joy_teleop-4] Traceback (most recent call last):
[joy_teleop-4]   File "/opt/ros/humble/lib/joy_teleop/joy_teleop", line 33, in <module>
[joy_teleop-4]     sys.exit(load_entry_point('joy-teleop==1.6.0', 'console_scripts', 'joy_teleop')())
[joy_teleop-4]   File "/opt/ros/humble/lib/python3.10/site-packages/joy_teleop/joy_teleop.py", line 435, in main
[joy_teleop-4]     rclpy.spin(node)
[joy_teleop-4]   File "/opt/ros/humble/local/lib/python3.10/dist-packages/rclpy/__init__.py", line 229, in spin
[joy_teleop-4]     executor.spin_once()
[joy_teleop-4]   File "/opt/ros/humble/local/lib/python3.10/dist-packages/rclpy/executors.py", line 812, in spin_once
[joy_teleop-4]     self._spin_once_impl(timeout_sec)
[joy_teleop-4]   File "/opt/ros/humble/local/lib/python3.10/dist-packages/rclpy/executors.py", line 801, in _spin_once_impl
[joy_teleop-4]     handler, entity, node = self.wait_for_ready_callbacks(timeout_sec=timeout_sec)
[joy_teleop-4]   File "/opt/ros/humble/local/lib/python3.10/dist-packages/rclpy/executors.py", line 784, in wait_for_ready_callbacks
[joy_teleop-4]     return next(self._cb_iter)
[joy_teleop-4]   File "/opt/ros/humble/local/lib/python3.10/dist-packages/rclpy/executors.py", line 685, in _wait_for_ready_callbacks
[joy_teleop-4]     raise ExternalShutdownException()
[joy_teleop-4] rclpy.executors.ExternalShutdownException
[map_server-11] [INFO] [1790608279.789004075] [map_server]: Destroying
[amcl-12] [0m[INFO] [1790608279.869725341] [amcl]: Destroying[0m
[lifecycle_manager-13] [INFO] [1790608279.872562919] [lifecycle_manager_localization]: Destroying lifecycle_manager_localization
[INFO] [twist_relay-9]: process has finished cleanly [pid 339684]
[INFO] [twist_mux-6]: process has finished cleanly [pid 339670]
[INFO] [twist_marker-7]: process has finished cleanly [pid 339672]
[INFO] [joy_node-5]: process has finished cleanly [pid 339668]
[INFO] [robot_state_publisher-2]: process has finished cleanly [pid 339662]
[INFO] [ekf_node-14]: process has finished cleanly [pid 339924]
[imu_republisher.py-15] Traceback (most recent call last):
[imu_republisher.py-15]   File "/home/molar1/bumperbot_ws/install/robot_lab_localization/lib/robot_lab_localization/imu_republisher.py", line 54, in <module>
[imu_republisher.py-15]     main()
[imu_republisher.py-15]   File "/home/molar1/bumperbot_ws/install/robot_lab_localization/lib/robot_lab_localization/imu_republisher.py", line 45, in main
[imu_republisher.py-15]     rclpy.spin(node)
[imu_republisher.py-15]   File "/opt/ros/humble/local/lib/python3.10/dist-packages/rclpy/__init__.py", line 229, in spin
[imu_republisher.py-15]     executor.spin_once()
[imu_republisher.py-15]   File "/opt/ros/humble/local/lib/python3.10/dist-packages/rclpy/executors.py", line 812, in spin_once
[imu_republisher.py-15]     self._spin_once_impl(timeout_sec)
[imu_republisher.py-15]   File "/opt/ros/humble/local/lib/python3.10/dist-packages/rclpy/executors.py", line 801, in _spin_once_impl
[imu_republisher.py-15]     handler, entity, node = self.wait_for_ready_callbacks(timeout_sec=timeout_sec)
[imu_republisher.py-15]   File "/opt/ros/humble/local/lib/python3.10/dist-packages/rclpy/executors.py", line 784, in wait_for_ready_callbacks
[imu_republisher.py-15]     return next(self._cb_iter)
[imu_republisher.py-15]   File "/opt/ros/humble/local/lib/python3.10/dist-packages/rclpy/executors.py", line 685, in _wait_for_ready_callbacks
[imu_republisher.py-15]     raise ExternalShutdownException()
[imu_republisher.py-15] rclpy.executors.ExternalShutdownException
[mujoco_spawner-3] Traceback (most recent call last):
[mujoco_spawner-3]   File "/home/molar1/bumperbot_ws/install/robot_lab_mujoco/lib/robot_lab_mujoco/mujoco_spawner", line 33, in <module>
[mujoco_spawner-3]     sys.exit(load_entry_point('robot_lab_mujoco==0.1.0', 'console_scripts', 'mujoco_spawner')())
[mujoco_spawner-3]   File "/home/molar1/bumperbot_ws/install/robot_lab_mujoco/lib/python3.10/site-packages/robot_lab_mujoco/mujoco_spawner.py", line 2041, in main
[mujoco_spawner-3]     rclpy.spin(node)
[mujoco_spawner-3]   File "/opt/ros/humble/local/lib/python3.10/dist-packages/rclpy/__init__.py", line 229, in spin
[mujoco_spawner-3]     executor.spin_once()
[mujoco_spawner-3]   File "/opt/ros/humble/local/lib/python3.10/dist-packages/rclpy/executors.py", line 812, in spin_once
[mujoco_spawner-3]     self._spin_once_impl(timeout_sec)
[mujoco_spawner-3]   File "/opt/ros/humble/local/lib/python3.10/dist-packages/rclpy/executors.py", line 801, in _spin_once_impl
[mujoco_spawner-3]     handler, entity, node = self.wait_for_ready_callbacks(timeout_sec=timeout_sec)
[mujoco_spawner-3]   File "/opt/ros/humble/local/lib/python3.10/dist-packages/rclpy/executors.py", line 784, in wait_for_ready_callbacks
[mujoco_spawner-3]     return next(self._cb_iter)
[mujoco_spawner-3]   File "/opt/ros/humble/local/lib/python3.10/dist-packages/rclpy/executors.py", line 657, in _wait_for_ready_callbacks
[mujoco_spawner-3]     wait_set = _rclpy.WaitSet(
[mujoco_spawner-3] rclpy._rclpy_pybind11.RCLError: failed to initialize wait set: the given context is not valid, either rcl_init() was not called or rcl_shutdown() was called., at ./src/rcl/wait.c:130
[INFO] [wheel_imu_fusion-16]: process has finished cleanly [pid 339930]
[INFO] [amcl-12]: process has finished cleanly [pid 339919]
[INFO] [map_server-11]: process has finished cleanly [pid 339917]
[INFO] [go2-stance-gait-controller-1]: process has finished cleanly [pid 339660]
[ERROR] [imu_republisher.py-15]: process has died [pid 339927, exit code 1, cmd '/home/molar1/bumperbot_ws/install/robot_lab_localization/lib/robot_lab_localization/imu_republisher.py --ros-args --params-file /workspace/molar/.tmp/launch_params_4ty4xrm9'].
[INFO] [joystick_relay.py-8]: process has finished cleanly [pid 339674]
[ERROR] [joy_teleop-4]: process has died [pid 339666, exit code 1, cmd '/opt/ros/humble/lib/joy_teleop/joy_teleop --ros-args --params-file /home/molar1/bumperbot_ws/install/robot_lab_controller/share/robot_lab_controller/config/joy_teleop.yaml --params-file /workspace/molar/.tmp/launch_params_hc9aap86'].
[INFO] [lifecycle_manager-13]: process has finished cleanly [pid 339922]
[ERROR] [mujoco_spawner-3]: process has died [pid 339664, exit code 1, cmd '/home/molar1/bumperbot_ws/install/robot_lab_mujoco/lib/robot_lab_mujoco/mujoco_spawner --ros-args -r __node:=mujoco_spawner --params-file /workspace/molar/.tmp/launch_params_obq6ku12'].
