[INFO] [launch]: All log files can be found below /home/molar1/.ros/log/2026-09-28-13-19-40-451725-molar1-197413
[INFO] [launch]: Default logging verbosity is set to INFO
[robot_lab] algorithm localization=amcl -> global_localization stack
[robot_lab] algorithm state_estimation=ekf_localization_node -> local_localization stack
[robot_lab] algorithm sensor_fusion=wheel_imu_fusion -> node robot_lab_algorithms/wheel_imu_fusion
[INFO] [go2-stance-gait-controller-1]: process started with pid [197458]
[INFO] [robot_state_publisher-2]: process started with pid [197460]
[INFO] [mujoco_spawner-3]: process started with pid [197462]
[INFO] [joy_teleop-4]: process started with pid [197464]
[INFO] [joy_node-5]: process started with pid [197466]
[INFO] [twist_mux-6]: process started with pid [197468]
[INFO] [twist_marker-7]: process started with pid [197470]
[INFO] [joystick_relay.py-8]: process started with pid [197472]
[INFO] [twist_relay-9]: process started with pid [197474]
[INFO] [simulator_ready_gate-10]: process started with pid [197478]
[twist_mux-6] [INFO] [1790594381.366795719] [twist_mux]: Topic handler 'topics.joystick' subscribed to topic 'joy_vel': timeout = 0.500000s , priority = 99.
[twist_mux-6] [INFO] [1790594381.367801456] [twist_mux]: Topic handler 'topics.keyboard' subscribed to topic 'key_vel': timeout = 0.500000s , priority = 90.
[twist_mux-6] [INFO] [1790594381.367989196] [twist_mux]: Topic handler 'topics.navigation' subscribed to topic 'cmd_vel': timeout = 0.500000s , priority = 80.
[twist_mux-6] [INFO] [1790594381.368144520] [twist_mux]: Topic handler 'locks.safety_stop' subscribed to topic 'safety_stop': timeout = None , priority = 255.
[robot_state_publisher-2] [INFO] [1790594381.376806625] [robot_state_publisher]: got segment FL_calf
[robot_state_publisher-2] [INFO] [1790594381.377967430] [robot_state_publisher]: got segment FL_calf_rotor
[robot_state_publisher-2] [INFO] [1790594381.378615672] [robot_state_publisher]: got segment FL_foot
[robot_state_publisher-2] [INFO] [1790594381.379070989] [robot_state_publisher]: got segment FL_hip
[robot_state_publisher-2] [INFO] [1790594381.379470884] [robot_state_publisher]: got segment FL_hip_rotor
[robot_state_publisher-2] [INFO] [1790594381.379857467] [robot_state_publisher]: got segment FL_thigh
[robot_state_publisher-2] [INFO] [1790594381.380231762] [robot_state_publisher]: got segment FL_thigh_rotor
[robot_state_publisher-2] [INFO] [1790594381.380599690] [robot_state_publisher]: got segment FR_calf
[robot_state_publisher-2] [INFO] [1790594381.380969057] [robot_state_publisher]: got segment FR_calf_rotor
[robot_state_publisher-2] [INFO] [1790594381.381338297] [robot_state_publisher]: got segment FR_foot
[robot_state_publisher-2] [INFO] [1790594381.381705009] [robot_state_publisher]: got segment FR_hip
[robot_state_publisher-2] [INFO] [1790594381.382098791] [robot_state_publisher]: got segment FR_hip_rotor
[robot_state_publisher-2] [INFO] [1790594381.382630587] [robot_state_publisher]: got segment FR_thigh
[robot_state_publisher-2] [INFO] [1790594381.383061137] [robot_state_publisher]: got segment FR_thigh_rotor
[robot_state_publisher-2] [INFO] [1790594381.383437673] [robot_state_publisher]: got segment RL_calf
[robot_state_publisher-2] [INFO] [1790594381.383990940] [robot_state_publisher]: got segment RL_calf_rotor
[robot_state_publisher-2] [INFO] [1790594381.384436306] [robot_state_publisher]: got segment RL_foot
[robot_state_publisher-2] [INFO] [1790594381.384856328] [robot_state_publisher]: got segment RL_hip
[robot_state_publisher-2] [INFO] [1790594381.385254271] [robot_state_publisher]: got segment RL_hip_rotor
[robot_state_publisher-2] [INFO] [1790594381.385650134] [robot_state_publisher]: got segment RL_thigh
[robot_state_publisher-2] [INFO] [1790594381.386063084] [robot_state_publisher]: got segment RL_thigh_rotor
[robot_state_publisher-2] [INFO] [1790594381.386482275] [robot_state_publisher]: got segment RR_calf
[robot_state_publisher-2] [INFO] [1790594381.388127229] [robot_state_publisher]: got segment RR_calf_rotor
[robot_state_publisher-2] [INFO] [1790594381.388628433] [robot_state_publisher]: got segment RR_foot
[robot_state_publisher-2] [INFO] [1790594381.389242755] [robot_state_publisher]: got segment RR_hip
[robot_state_publisher-2] [INFO] [1790594381.389265859] [robot_state_publisher]: got segment RR_hip_rotor
[robot_state_publisher-2] [INFO] [1790594381.389278274] [robot_state_publisher]: got segment RR_thigh
[robot_state_publisher-2] [INFO] [1790594381.390928924] [robot_state_publisher]: got segment RR_thigh_rotor
[robot_state_publisher-2] [INFO] [1790594381.390976475] [robot_state_publisher]: got segment base
[robot_state_publisher-2] [INFO] [1790594381.390990011] [robot_state_publisher]: got segment front_camera
[robot_state_publisher-2] [INFO] [1790594381.390998747] [robot_state_publisher]: got segment imu_link
[robot_state_publisher-2] [INFO] [1790594381.391009083] [robot_state_publisher]: got segment trunk
[go2-stance-gait-controller-1] [0;93m2026-09-28 13:19:42.039507358 [W:onnxruntime:Default, device_discovery.cc:164 DiscoverDevicesForPlatform] GPU device discovery failed: device_discovery.cc:89 ReadFileContents Failed to open file: "/sys/class/drm/card1/device/vendor"[m
[go2-stance-gait-controller-1] [INFO] [1790594382.103879863] [go2_stance_gait_controller]: Go2 closed-loop stance: 12 effort joints at 250.0 Hz; controller ONNX velocity policy
[mujoco_spawner-3] [INFO] [1790594383.380755850] [mujoco_spawner]: MuJoCo: 18 collision proxy geom(s) moved to group 3 (viewer Rendering tab to show them).
[mujoco_spawner-3] [INFO] [1790594383.440575725] [mujoco_spawner]: MuJoCo URDF import OK (all meshes staged).
[mujoco_spawner-3] [WARN] [1790594383.459471355] [mujoco_spawner]: MuJoCo effort plant: no MJCF beside /home/molar1/bumperbot_ws/install/robot_lab_robots/share/robot_lab_robots/unitree/go2_description/xacro/go2_sim.xacro names every effort joint; keeping the URDF <dynamics> (damping=5.0 is a Gazebo stabiliser the robot does not have).
[mujoco_spawner-3] [INFO] [1790594383.512789587] [mujoco_spawner]: MuJoCo physics timestep: 0.0010 s
[mujoco_spawner-3] [INFO] [1790594383.515893036] [mujoco_spawner]: Robot has no 'oakd_rgb_camera_frame' link; no RGB-D camera is published.
[mujoco_spawner-3] [INFO] [1790594383.517634116] [mujoco_spawner]: Joints: ['FR_hip_joint', 'FR_thigh_joint', 'FR_calf_joint', 'FL_hip_joint', 'FL_thigh_joint', 'FL_calf_joint', 'RR_hip_joint', 'RR_thigh_joint', 'RR_calf_joint', 'RL_hip_joint', 'RL_thigh_joint', 'RL_calf_joint']   lw= rw=
[mujoco_spawner-3] [INFO] [1790594383.520952984] [mujoco_spawner]: MuJoCo effort joint armature: 0.0100 kg m^2
[mujoco_spawner-3] [INFO] [1790594383.523388064] [mujoco_spawner]: Joint effort input: /go2_group_effort_controller/commands (12 joints, URDF limits)
[mujoco_spawner-3] [INFO] [1790594383.526170976] [mujoco_spawner]: Spawn ground clearance: raised root by 0.1665 m
[mujoco_spawner-3] [INFO] [1790594383.527495713] [mujoco_spawner]: MuJoCo model loaded: 14 bodies, 13 joints
[mujoco_spawner-3] [INFO] [1790594383.528480459] [mujoco_spawner]: MuJoCo gui param=False (resolved=False), DISPLAY=:1 -> mode=DIRECT
[mujoco_spawner-3] [INFO] [1790594383.529391798] [mujoco_spawner]: MuJoCo running headless (gui=False, viewer=True).
[mujoco_spawner-3] [INFO] [1790594383.533150912] [mujoco_spawner]: MuJoCo spawner running.
[go2-stance-gait-controller-1] [WARN] [1790594383.534780026] [go2_stance_gait_controller]: Go2 safety safe_stop: tilt 1.40 rad exceeds fall threshold
[go2-stance-gait-controller-1] [INFO] [1790594383.535791395] [go2_stance_gait_controller]: Go2 recovery idle
[go2-stance-gait-controller-1] [INFO] [1790594383.658979415] [go2_stance_gait_controller]: Go2 recovery attempting:tuck
[INFO] [simulator_ready_gate-10]: process has finished cleanly [pid 197478]
[INFO] [amcl-12]: process started with pid [197702]
[INFO] [map_server-11]: process started with pid [197700]
[INFO] [lifecycle_manager-13]: process started with pid [197704]
[INFO] [ekf_node-14]: process started with pid [197706]
[INFO] [imu_republisher.py-15]: process started with pid [197708]
[INFO] [wheel_imu_fusion-16]: process started with pid [197710]
[amcl-12] [0m[INFO] [1790594383.943452086] [amcl]: 
[amcl-12] 	amcl lifecycle node launched. 
[amcl-12] 	Waiting on external lifecycle transitions to activate
[amcl-12] 	See https://design.ros2.org/articles/node_lifecycle.html for more information.[0m
[amcl-12] [0m[INFO] [1790594383.944818454] [amcl]: Creating[0m
[lifecycle_manager-13] [INFO] [1790594384.010611824] [lifecycle_manager_localization]: Creating
[lifecycle_manager-13] [INFO] [1790594384.023190640] [lifecycle_manager_localization]: [34m[1mCreating and initializing lifecycle service clients[0m[0m
[map_server-11] [INFO] [1790594384.044661955] [map_server]: 
[map_server-11] 	map_server lifecycle node launched. 
[map_server-11] 	Waiting on external lifecycle transitions to activate
[map_server-11] 	See https://design.ros2.org/articles/node_lifecycle.html for more information.
[map_server-11] [INFO] [1790594384.044887454] [map_server]: Creating
[go2-stance-gait-controller-1] [INFO] [1790594384.076703748] [go2_stance_gait_controller]: Go2 recovery attempting:roll
[lifecycle_manager-13] [INFO] [1790594384.145070724] [lifecycle_manager_localization]: [34m[1mStarting managed nodes bringup...[0m[0m
[lifecycle_manager-13] [INFO] [1790594384.145175362] [lifecycle_manager_localization]: [34m[1mConfiguring map_server[0m[0m
[map_server-11] [INFO] [1790594384.145687830] [map_server]: Configuring
[map_server-11] [INFO] [1790594384.145798196] [map_io]: Loading yaml file: /home/molar1/bumperbot_ws/install/robot_lab_maps/share/robot_lab_maps/maps/nav_empty/maps/map.yaml
[map_server-11] [INFO] [1790594384.146214378] [map_io]: resolution: 0.05
[map_server-11] [INFO] [1790594384.146231818] [map_io]: origin[0]: -7
[map_server-11] [INFO] [1790594384.146237737] [map_io]: origin[1]: -7
[map_server-11] [INFO] [1790594384.146242185] [map_io]: origin[2]: 0
[map_server-11] [INFO] [1790594384.146246953] [map_io]: free_thresh: 0.196
[map_server-11] [INFO] [1790594384.146251529] [map_io]: occupied_thresh: 0.65
[map_server-11] [INFO] [1790594384.146257833] [map_io]: mode: trinary
[map_server-11] [INFO] [1790594384.146264585] [map_io]: negate: 0
[map_server-11] [INFO] [1790594384.146560194] [map_io]: Loading image_file: /home/molar1/bumperbot_ws/install/robot_lab_maps/share/robot_lab_maps/maps/nav_empty/maps/map.pgm
[map_server-11] [INFO] [1790594384.156958132] [map_io]: Read map /home/molar1/bumperbot_ws/install/robot_lab_maps/share/robot_lab_maps/maps/nav_empty/maps/map.pgm: 280 X 280 map @ 0.05 m/cell
[lifecycle_manager-13] [INFO] [1790594384.162815917] [lifecycle_manager_localization]: [34m[1mConfiguring amcl[0m[0m
[amcl-12] [0m[INFO] [1790594384.163139078] [amcl]: Configuring[0m
[amcl-12] [0m[INFO] [1790594384.163324290] [amcl]: initTransforms[0m
[amcl-12] [0m[INFO] [1790594384.185515237] [amcl]: initPubSub[0m
[amcl-12] [0m[INFO] [1790594384.205087652] [amcl]: Subscribed to map topic.[0m
[lifecycle_manager-13] [INFO] [1790594384.227055372] [lifecycle_manager_localization]: [34m[1mActivating map_server[0m[0m
[map_server-11] [INFO] [1790594384.227375141] [map_server]: Activating
[map_server-11] [INFO] [1790594384.227669598] [map_server]: Creating bond (map_server) to lifecycle manager.
[amcl-12] [0m[INFO] [1790594384.235024469] [amcl]: Received a 280 X 280 map @ 0.050 m/pix[0m
[lifecycle_manager-13] [INFO] [1790594384.333194601] [lifecycle_manager_localization]: Server map_server connected with bond.
[lifecycle_manager-13] [INFO] [1790594384.333273288] [lifecycle_manager_localization]: [34m[1mActivating amcl[0m[0m
[amcl-12] [0m[INFO] [1790594384.333624096] [amcl]: Activating[0m
[amcl-12] [0m[INFO] [1790594384.333717309] [amcl]: initialPoseReceived[0m
[amcl-12] [0m[INFO] [1790594384.333937336] [amcl]: Setting pose (0.604000): -0.500 -0.500 0.000[0m
[amcl-12] [0m[INFO] [1790594384.334507851] [amcl]: Creating bond (amcl) to lifecycle manager.[0m
[amcl-12] [0m[INFO] [1790594384.405435409] [amcl]: createLaserObject[0m
[lifecycle_manager-13] [INFO] [1790594384.437566000] [lifecycle_manager_localization]: Server amcl connected with bond.
[lifecycle_manager-13] [INFO] [1790594384.437651054] [lifecycle_manager_localization]: [34m[1mManaged nodes are active[0m[0m
[lifecycle_manager-13] [INFO] [1790594384.437672749] [lifecycle_manager_localization]: [34m[1mCreating bond timer...[0m[0m
[wheel_imu_fusion-16] [INFO] [1790594384.636694520] [sensor_fusion_wheel_imu_fusion]: wheel_imu_fusion ready
[go2-stance-gait-controller-1] [INFO] [1790594384.777978480] [go2_stance_gait_controller]: Go2 recovery attempting:tuck
[go2-stance-gait-controller-1] [INFO] [1790594385.178814890] [go2_stance_gait_controller]: Go2 recovery attempting:crouch
[go2-stance-gait-controller-1] [INFO] [1790594385.780084534] [go2_stance_gait_controller]: Go2 recovery attempting:stand
[go2-stance-gait-controller-1] [INFO] [1790594386.524020838] [go2_stance_gait_controller]: Go2 recovery succeeded:stand
[amcl-12] [0m[INFO] [1790594407.381675531] [rclcpp]: signal_handler(SIGINT/SIGTERM)[0m
[amcl-12] [0m[INFO] [1790594407.381864615] [amcl]: Running Nav2 LifecycleNode rcl preshutdown (amcl)[0m
[amcl-12] [0m[INFO] [1790594407.381999844] [amcl]: Deactivating[0m
[lifecycle_manager-13] [INFO] [1790594407.381659531] [rclcpp]: signal_handler(SIGINT/SIGTERM)
[lifecycle_manager-13] [INFO] [1790594407.381815368] [lifecycle_manager_localization]: Running Nav2 LifecycleManager rcl preshutdown (lifecycle_manager_localization)
[lifecycle_manager-13] [INFO] [1790594407.381885478] [lifecycle_manager_localization]: [34m[1mTerminating bond timer...[0m[0m
[ekf_node-14] [INFO] [1790594407.381684299] [rclcpp]: signal_handler(SIGINT/SIGTERM)
[twist_relay-9] [INFO] [1790594407.381695946] [rclcpp]: signal_handler(SIGINT/SIGTERM)
[joy_node-5] [INFO] [1790594407.381746505] [rclcpp]: signal_handler(SIGINT/SIGTERM)
[map_server-11] [INFO] [1790594407.381873830] [rclcpp]: signal_handler(SIGINT/SIGTERM)
[map_server-11] [INFO] [1790594407.382018083] [map_server]: Running Nav2 LifecycleNode rcl preshutdown (map_server)
[map_server-11] [INFO] [1790594407.382129793] [map_server]: Deactivating
[map_server-11] [INFO] [1790594407.382153664] [map_server]: Destroying bond (map_server) to lifecycle manager.
[twist_marker-7] [INFO] [1790594407.382021123] [rclcpp]: signal_handler(SIGINT/SIGTERM)
[amcl-12] [0m[INFO] [1790594407.387048146] [amcl]: Destroying bond (amcl) to lifecycle manager.[0m
[robot_state_publisher-2] [INFO] [1790594407.382958990] [rclcpp]: signal_handler(SIGINT/SIGTERM)
[twist_mux-6] [INFO] [1790594407.385267386] [rclcpp]: signal_handler(SIGINT/SIGTERM)
[map_server-11] [INFO] [1790594407.392534006] [map_server]: Cleaning up
[map_server-11] [INFO] [1790594407.392635636] [map_server]: Destroying bond (map_server) to lifecycle manager.
[amcl-12] [0m[INFO] [1790594407.397491943] [amcl]: Cleaning up[0m
[amcl-12] [0m[INFO] [1790594407.407425543] [amcl]: Destroying bond (amcl) to lifecycle manager.[0m
[joy_teleop-4] Traceback (most recent call last):
[joy_teleop-4]   File "/opt/ros/humble/lib/joy_teleop/joy_teleop", line 33, in <module>
[joy_teleop-4]     sys.exit(load_entry_point('joy-teleop==1.6.0', 'console_scripts', 'joy_teleop')())
[joy_teleop-4]   File "/opt/ros/humble/lib/python3.10/site-packages/joy_teleop/joy_teleop.py", line 435, in main
[joy_teleop-4]     rclpy.spin(node)
[joy_teleop-4]   File "/opt/ros/humble/local/lib/python3.10/dist-packages/rclpy/__init__.py", line 229, in spin
[joy_teleop-4]     executor.spin_once()
[joy_teleop-4]   File "/opt/ros/humble/local/lib/python3.10/dist-packages/rclpy/executors.py", line 812, in spin_once
[joy_teleop-4]     self._spin_once_impl(timeout_sec)
[joy_teleop-4]   File "/opt/ros/humble/local/lib/python3.10/dist-packages/rclpy/executors.py", line 801, in _spin_once_impl
[joy_teleop-4]     handler, entity, node = self.wait_for_ready_callbacks(timeout_sec=timeout_sec)
[joy_teleop-4]   File "/opt/ros/humble/local/lib/python3.10/dist-packages/rclpy/executors.py", line 784, in wait_for_ready_callbacks
[joy_teleop-4]     return next(self._cb_iter)
[joy_teleop-4]   File "/opt/ros/humble/local/lib/python3.10/dist-packages/rclpy/executors.py", line 685, in _wait_for_ready_callbacks
[joy_teleop-4]     raise ExternalShutdownException()
[joy_teleop-4] rclpy.executors.ExternalShutdownException
[map_server-11] [INFO] [1790594407.530368501] [map_server]: Destroying
[amcl-12] [0m[INFO] [1790594407.538130566] [amcl]: Destroying[0m
[lifecycle_manager-13] [INFO] [1790594407.539383306] [lifecycle_manager_localization]: Destroying lifecycle_manager_localization
[INFO] [ekf_node-14]: process has finished cleanly [pid 197706]
[INFO] [twist_relay-9]: process has finished cleanly [pid 197474]
[INFO] [joy_node-5]: process has finished cleanly [pid 197466]
[INFO] [twist_marker-7]: process has finished cleanly [pid 197470]
[INFO] [robot_state_publisher-2]: process has finished cleanly [pid 197460]
[INFO] [twist_mux-6]: process has finished cleanly [pid 197468]
[imu_republisher.py-15] Traceback (most recent call last):
[imu_republisher.py-15]   File "/home/molar1/bumperbot_ws/install/robot_lab_localization/lib/robot_lab_localization/imu_republisher.py", line 54, in <module>
[imu_republisher.py-15]     main()
[imu_republisher.py-15]   File "/home/molar1/bumperbot_ws/install/robot_lab_localization/lib/robot_lab_localization/imu_republisher.py", line 45, in main
[imu_republisher.py-15]     rclpy.spin(node)
[imu_republisher.py-15]   File "/opt/ros/humble/local/lib/python3.10/dist-packages/rclpy/__init__.py", line 229, in spin
[imu_republisher.py-15]     executor.spin_once()
[imu_republisher.py-15]   File "/opt/ros/humble/local/lib/python3.10/dist-packages/rclpy/executors.py", line 812, in spin_once
[imu_republisher.py-15]     self._spin_once_impl(timeout_sec)
[imu_republisher.py-15]   File "/opt/ros/humble/local/lib/python3.10/dist-packages/rclpy/executors.py", line 801, in _spin_once_impl
[imu_republisher.py-15]     handler, entity, node = self.wait_for_ready_callbacks(timeout_sec=timeout_sec)
[imu_republisher.py-15]   File "/opt/ros/humble/local/lib/python3.10/dist-packages/rclpy/executors.py", line 784, in wait_for_ready_callbacks
[imu_republisher.py-15]     return next(self._cb_iter)
[imu_republisher.py-15]   File "/opt/ros/humble/local/lib/python3.10/dist-packages/rclpy/executors.py", line 685, in _wait_for_ready_callbacks
[imu_republisher.py-15]     raise ExternalShutdownException()
[imu_republisher.py-15] rclpy.executors.ExternalShutdownException
[INFO] [lifecycle_manager-13]: process has finished cleanly [pid 197704]
[INFO] [wheel_imu_fusion-16]: process has finished cleanly [pid 197710]
[INFO] [map_server-11]: process has finished cleanly [pid 197700]
[INFO] [amcl-12]: process has finished cleanly [pid 197702]
[INFO] [go2-stance-gait-controller-1]: process has finished cleanly [pid 197458]
[INFO] [mujoco_spawner-3]: process has finished cleanly [pid 197462]
[INFO] [joystick_relay.py-8]: process has finished cleanly [pid 197472]
[ERROR] [imu_republisher.py-15]: process has died [pid 197708, exit code 1, cmd '/home/molar1/bumperbot_ws/install/robot_lab_localization/lib/robot_lab_localization/imu_republisher.py --ros-args --params-file /workspace/molar/.tmp/launch_params_kvqnl6zl'].
[ERROR] [joy_teleop-4]: process has died [pid 197464, exit code 1, cmd '/opt/ros/humble/lib/joy_teleop/joy_teleop --ros-args --params-file /home/molar1/bumperbot_ws/install/robot_lab_controller/share/robot_lab_controller/config/joy_teleop.yaml --params-file /workspace/molar/.tmp/launch_params_6qq529_6'].
