[INFO] [launch]: All log files can be found below /home/molar1/.ros/log/2026-09-25-16-39-47-169279-molar1-1491632
[INFO] [launch]: Default logging verbosity is set to INFO
[robot_lab] algorithm localization=amcl -> global_localization stack
[robot_lab] algorithm state_estimation=ekf_localization_node -> local_localization stack
[robot_lab] algorithm sensor_fusion=wheel_imu_fusion -> node robot_lab_algorithms/wheel_imu_fusion
[INFO] [go2-stance-gait-controller-1]: process started with pid [1491665]
[INFO] [robot_state_publisher-2]: process started with pid [1491667]
[INFO] [mujoco_spawner-3]: process started with pid [1491669]
[INFO] [joy_teleop-4]: process started with pid [1491671]
[INFO] [joy_node-5]: process started with pid [1491673]
[INFO] [twist_mux-6]: process started with pid [1491675]
[INFO] [twist_marker-7]: process started with pid [1491677]
[INFO] [joystick_relay.py-8]: process started with pid [1491679]
[INFO] [twist_relay-9]: process started with pid [1491681]
[INFO] [simulator_ready_gate-10]: process started with pid [1491685]
[twist_mux-6] [INFO] [1790347188.087646992] [twist_mux]: Topic handler 'topics.joystick' subscribed to topic 'joy_vel': timeout = 0.500000s , priority = 99.
[twist_mux-6] [INFO] [1790347188.090056152] [twist_mux]: Topic handler 'topics.keyboard' subscribed to topic 'key_vel': timeout = 0.500000s , priority = 90.
[twist_mux-6] [INFO] [1790347188.091416952] [twist_mux]: Topic handler 'topics.navigation' subscribed to topic 'cmd_vel': timeout = 0.500000s , priority = 80.
[twist_mux-6] [INFO] [1790347188.093571238] [twist_mux]: Topic handler 'locks.safety_stop' subscribed to topic 'safety_stop': timeout = None , priority = 255.
[robot_state_publisher-2] [INFO] [1790347188.100387846] [robot_state_publisher]: got segment FL_calf
[robot_state_publisher-2] [INFO] [1790347188.101938850] [robot_state_publisher]: got segment FL_calf_rotor
[robot_state_publisher-2] [INFO] [1790347188.102975658] [robot_state_publisher]: got segment FL_foot
[robot_state_publisher-2] [INFO] [1790347188.103858709] [robot_state_publisher]: got segment FL_hip
[robot_state_publisher-2] [INFO] [1790347188.104494150] [robot_state_publisher]: got segment FL_hip_rotor
[robot_state_publisher-2] [INFO] [1790347188.105033594] [robot_state_publisher]: got segment FL_thigh
[robot_state_publisher-2] [INFO] [1790347188.105578829] [robot_state_publisher]: got segment FL_thigh_rotor
[robot_state_publisher-2] [INFO] [1790347188.106200830] [robot_state_publisher]: got segment FR_calf
[robot_state_publisher-2] [INFO] [1790347188.106803376] [robot_state_publisher]: got segment FR_calf_rotor
[robot_state_publisher-2] [INFO] [1790347188.107366723] [robot_state_publisher]: got segment FR_foot
[robot_state_publisher-2] [INFO] [1790347188.107920694] [robot_state_publisher]: got segment FR_hip
[robot_state_publisher-2] [INFO] [1790347188.108464585] [robot_state_publisher]: got segment FR_hip_rotor
[robot_state_publisher-2] [INFO] [1790347188.109003165] [robot_state_publisher]: got segment FR_thigh
[robot_state_publisher-2] [INFO] [1790347188.109786506] [robot_state_publisher]: got segment FR_thigh_rotor
[robot_state_publisher-2] [INFO] [1790347188.110398236] [robot_state_publisher]: got segment RL_calf
[robot_state_publisher-2] [INFO] [1790347188.111028077] [robot_state_publisher]: got segment RL_calf_rotor
[robot_state_publisher-2] [INFO] [1790347188.111678366] [robot_state_publisher]: got segment RL_foot
[robot_state_publisher-2] [INFO] [1790347188.112273520] [robot_state_publisher]: got segment RL_hip
[robot_state_publisher-2] [INFO] [1790347188.112829987] [robot_state_publisher]: got segment RL_hip_rotor
[robot_state_publisher-2] [INFO] [1790347188.113496852] [robot_state_publisher]: got segment RL_thigh
[robot_state_publisher-2] [INFO] [1790347188.114170660] [robot_state_publisher]: got segment RL_thigh_rotor
[robot_state_publisher-2] [INFO] [1790347188.115134669] [robot_state_publisher]: got segment RR_calf
[robot_state_publisher-2] [INFO] [1790347188.115939514] [robot_state_publisher]: got segment RR_calf_rotor
[robot_state_publisher-2] [INFO] [1790347188.115966810] [robot_state_publisher]: got segment RR_foot
[robot_state_publisher-2] [INFO] [1790347188.115979034] [robot_state_publisher]: got segment RR_hip
[robot_state_publisher-2] [INFO] [1790347188.115987737] [robot_state_publisher]: got segment RR_hip_rotor
[robot_state_publisher-2] [INFO] [1790347188.115995545] [robot_state_publisher]: got segment RR_thigh
[robot_state_publisher-2] [INFO] [1790347188.116003865] [robot_state_publisher]: got segment RR_thigh_rotor
[robot_state_publisher-2] [INFO] [1790347188.116011257] [robot_state_publisher]: got segment base
[robot_state_publisher-2] [INFO] [1790347188.116018969] [robot_state_publisher]: got segment front_camera
[robot_state_publisher-2] [INFO] [1790347188.116026072] [robot_state_publisher]: got segment imu_link
[robot_state_publisher-2] [INFO] [1790347188.116035320] [robot_state_publisher]: got segment trunk
[go2-stance-gait-controller-1] [0;93m2026-09-25 16:39:48.740320074 [W:onnxruntime:Default, device_discovery.cc:164 DiscoverDevicesForPlatform] GPU device discovery failed: device_discovery.cc:89 ReadFileContents Failed to open file: "/sys/class/drm/card1/device/vendor"[m
[go2-stance-gait-controller-1] [INFO] [1790347188.806856566] [go2_stance_gait_controller]: Go2 closed-loop stance: 12 effort joints at 250.0 Hz; controller ONNX velocity policy
[mujoco_spawner-3] [INFO] [1790347190.073713735] [mujoco_spawner]: MuJoCo: 18 collision proxy geom(s) moved to group 3 (viewer Rendering tab to show them).
[mujoco_spawner-3] [INFO] [1790347190.122354069] [mujoco_spawner]: MuJoCo URDF import OK (all meshes staged).
[mujoco_spawner-3] [WARN] [1790347190.132865055] [mujoco_spawner]: MuJoCo effort plant: no MJCF beside /home/molar1/bumperbot_ws/install/robot_lab_robots/share/robot_lab_robots/unitree/go2_description/xacro/go2_sim.xacro names every effort joint; keeping the URDF <dynamics> (damping=5.0 is a Gazebo stabiliser the robot does not have).
[mujoco_spawner-3] [INFO] [1790347190.179388062] [mujoco_spawner]: MuJoCo physics timestep: 0.0010 s
[mujoco_spawner-3] [INFO] [1790347190.181521324] [mujoco_spawner]: Robot has no 'oakd_rgb_camera_frame' link; no RGB-D camera is published.
[mujoco_spawner-3] [INFO] [1790347190.182740943] [mujoco_spawner]: Joints: ['FR_hip_joint', 'FR_thigh_joint', 'FR_calf_joint', 'FL_hip_joint', 'FL_thigh_joint', 'FL_calf_joint', 'RR_hip_joint', 'RR_thigh_joint', 'RR_calf_joint', 'RL_hip_joint', 'RL_thigh_joint', 'RL_calf_joint']   lw= rw=
[mujoco_spawner-3] [INFO] [1790347190.185207222] [mujoco_spawner]: MuJoCo effort joint armature: 0.0100 kg m^2
[mujoco_spawner-3] [INFO] [1790347190.186804336] [mujoco_spawner]: Joint effort input: /go2_group_effort_controller/commands (12 joints, URDF limits)
[mujoco_spawner-3] [INFO] [1790347190.188778210] [mujoco_spawner]: Spawn ground clearance: raised root by 0.2050 m
[mujoco_spawner-3] [INFO] [1790347190.189933831] [mujoco_spawner]: MuJoCo model loaded: 14 bodies, 13 joints
[mujoco_spawner-3] [INFO] [1790347190.190713333] [mujoco_spawner]: MuJoCo gui param=False (resolved=False), DISPLAY=:1 -> mode=DIRECT
[mujoco_spawner-3] [INFO] [1790347190.191420804] [mujoco_spawner]: MuJoCo running headless (gui=False, viewer=True).
[mujoco_spawner-3] [INFO] [1790347190.202207176] [mujoco_spawner]: MuJoCo spawner running.
[INFO] [simulator_ready_gate-10]: process has finished cleanly [pid 1491685]
[INFO] [amcl-12]: process started with pid [1491955]
[INFO] [map_server-11]: process started with pid [1491953]
[INFO] [lifecycle_manager-13]: process started with pid [1491957]
[INFO] [ekf_node-14]: process started with pid [1491959]
[INFO] [imu_republisher.py-15]: process started with pid [1491961]
[INFO] [wheel_imu_fusion-16]: process started with pid [1491963]
[amcl-12] [0m[INFO] [1790347190.605089681] [amcl]: 
[amcl-12] 	amcl lifecycle node launched. 
[amcl-12] 	Waiting on external lifecycle transitions to activate
[amcl-12] 	See https://design.ros2.org/articles/node_lifecycle.html for more information.[0m
[lifecycle_manager-13] [INFO] [1790347190.605161455] [lifecycle_manager_localization]: Creating
[amcl-12] [0m[INFO] [1790347190.606428690] [amcl]: Creating[0m
[lifecycle_manager-13] [INFO] [1790347190.611162083] [lifecycle_manager_localization]: [34m[1mCreating and initializing lifecycle service clients[0m[0m
[map_server-11] [INFO] [1790347190.647667052] [map_server]: 
[map_server-11] 	map_server lifecycle node launched. 
[map_server-11] 	Waiting on external lifecycle transitions to activate
[map_server-11] 	See https://design.ros2.org/articles/node_lifecycle.html for more information.
[map_server-11] [INFO] [1790347190.649293606] [map_server]: Creating
[lifecycle_manager-13] [INFO] [1790347190.760288960] [lifecycle_manager_localization]: [34m[1mStarting managed nodes bringup...[0m[0m
[lifecycle_manager-13] [INFO] [1790347190.762481517] [lifecycle_manager_localization]: [34m[1mConfiguring map_server[0m[0m
[map_server-11] [INFO] [1790347190.762926402] [map_server]: Configuring
[map_server-11] [INFO] [1790347190.763047744] [map_io]: Loading yaml file: /home/molar1/bumperbot_ws/install/robot_lab_maps/share/robot_lab_maps/maps/nav_empty/maps/map.yaml
[map_server-11] [INFO] [1790347190.763472662] [map_io]: resolution: 0.05
[map_server-11] [INFO] [1790347190.763491413] [map_io]: origin[0]: -7
[map_server-11] [INFO] [1790347190.763497621] [map_io]: origin[1]: -7
[map_server-11] [INFO] [1790347190.763502261] [map_io]: origin[2]: 0
[map_server-11] [INFO] [1790347190.763507253] [map_io]: free_thresh: 0.196
[map_server-11] [INFO] [1790347190.763512085] [map_io]: occupied_thresh: 0.65
[map_server-11] [INFO] [1790347190.763518005] [map_io]: mode: trinary
[map_server-11] [INFO] [1790347190.763524788] [map_io]: negate: 0
[map_server-11] [INFO] [1790347190.763835405] [map_io]: Loading image_file: /home/molar1/bumperbot_ws/install/robot_lab_maps/share/robot_lab_maps/maps/nav_empty/maps/map.pgm
[map_server-11] [INFO] [1790347190.774774445] [map_io]: Read map /home/molar1/bumperbot_ws/install/robot_lab_maps/share/robot_lab_maps/maps/nav_empty/maps/map.pgm: 280 X 280 map @ 0.05 m/cell
[lifecycle_manager-13] [INFO] [1790347190.785299319] [lifecycle_manager_localization]: [34m[1mConfiguring amcl[0m[0m
[amcl-12] [0m[INFO] [1790347190.786745077] [amcl]: Configuring[0m
[amcl-12] [0m[INFO] [1790347190.786911697] [amcl]: initTransforms[0m
[amcl-12] [0m[INFO] [1790347190.795423274] [amcl]: initPubSub[0m
[amcl-12] [0m[INFO] [1790347190.808461017] [amcl]: Subscribed to map topic.[0m
[lifecycle_manager-13] [INFO] [1790347190.819224061] [lifecycle_manager_localization]: [34m[1mActivating map_server[0m[0m
[map_server-11] [INFO] [1790347190.819578516] [map_server]: Activating
[map_server-11] [INFO] [1790347190.819904877] [map_server]: Creating bond (map_server) to lifecycle manager.
[amcl-12] [0m[INFO] [1790347190.825023861] [amcl]: Received a 280 X 280 map @ 0.050 m/pix[0m
[lifecycle_manager-13] [INFO] [1790347190.923887691] [lifecycle_manager_localization]: Server map_server connected with bond.
[lifecycle_manager-13] [INFO] [1790347190.923971369] [lifecycle_manager_localization]: [34m[1mActivating amcl[0m[0m
[amcl-12] [0m[INFO] [1790347190.924313537] [amcl]: Activating[0m
[amcl-12] [0m[INFO] [1790347190.924407518] [amcl]: initialPoseReceived[0m
[amcl-12] [0m[INFO] [1790347190.924636409] [amcl]: Setting pose (0.588000): -0.500 -0.500 0.000[0m
[amcl-12] [0m[INFO] [1790347190.925304649] [amcl]: Creating bond (amcl) to lifecycle manager.[0m
[amcl-12] [0m[INFO] [1790347190.979917739] [amcl]: createLaserObject[0m
[lifecycle_manager-13] [INFO] [1790347191.030854563] [lifecycle_manager_localization]: Server amcl connected with bond.
[lifecycle_manager-13] [INFO] [1790347191.030949696] [lifecycle_manager_localization]: [34m[1mManaged nodes are active[0m[0m
[lifecycle_manager-13] [INFO] [1790347191.030972576] [lifecycle_manager_localization]: [34m[1mCreating bond timer...[0m[0m
[wheel_imu_fusion-16] [INFO] [1790347191.303391542] [sensor_fusion_wheel_imu_fusion]: wheel_imu_fusion ready
[amcl-12] [0m[INFO] [1790347198.592192455] [rclcpp]: signal_handler(SIGINT/SIGTERM)[0m
[amcl-12] [0m[INFO] [1790347198.592382050] [amcl]: Running Nav2 LifecycleNode rcl preshutdown (amcl)[0m
[amcl-12] [0m[INFO] [1790347198.592670715] [amcl]: Deactivating[0m
[lifecycle_manager-13] [INFO] [1790347198.592214662] [rclcpp]: signal_handler(SIGINT/SIGTERM)
[lifecycle_manager-13] [INFO] [1790347198.592379778] [lifecycle_manager_localization]: Running Nav2 LifecycleManager rcl preshutdown (lifecycle_manager_localization)
[lifecycle_manager-13] [INFO] [1790347198.592461056] [lifecycle_manager_localization]: [34m[1mTerminating bond timer...[0m[0m
[map_server-11] [INFO] [1790347198.592253317] [rclcpp]: signal_handler(SIGINT/SIGTERM)
[map_server-11] [INFO] [1790347198.592412929] [map_server]: Running Nav2 LifecycleNode rcl preshutdown (map_server)
[map_server-11] [INFO] [1790347198.592527807] [map_server]: Deactivating
[map_server-11] [INFO] [1790347198.592559454] [map_server]: Destroying bond (map_server) to lifecycle manager.
[joy_node-5] [INFO] [1790347198.592225382] [rclcpp]: signal_handler(SIGINT/SIGTERM)
[amcl-12] [0m[INFO] [1790347198.592738426] [amcl]: Destroying bond (amcl) to lifecycle manager.[0m
[twist_relay-9] [INFO] [1790347198.592589917] [rclcpp]: signal_handler(SIGINT/SIGTERM)
[twist_marker-7] [INFO] [1790347198.592684763] [rclcpp]: signal_handler(SIGINT/SIGTERM)
[robot_state_publisher-2] [INFO] [1790347198.593196623] [rclcpp]: signal_handler(SIGINT/SIGTERM)
[twist_mux-6] [INFO] [1790347198.593592486] [rclcpp]: signal_handler(SIGINT/SIGTERM)
[ekf_node-14] [INFO] [1790347198.594601646] [rclcpp]: signal_handler(SIGINT/SIGTERM)
[amcl-12] [0m[INFO] [1790347198.603333985] [amcl]: Cleaning up[0m
[map_server-11] [INFO] [1790347198.606146687] [map_server]: Cleaning up
[map_server-11] [INFO] [1790347198.606250429] [map_server]: Destroying bond (map_server) to lifecycle manager.
[amcl-12] [0m[INFO] [1790347198.625648790] [amcl]: Destroying bond (amcl) to lifecycle manager.[0m
[joy_teleop-4] Traceback (most recent call last):
[joy_teleop-4]   File "/opt/ros/humble/lib/joy_teleop/joy_teleop", line 33, in <module>
[joy_teleop-4]     sys.exit(load_entry_point('joy-teleop==1.6.0', 'console_scripts', 'joy_teleop')())
[joy_teleop-4]   File "/opt/ros/humble/lib/python3.10/site-packages/joy_teleop/joy_teleop.py", line 435, in main
[joy_teleop-4]     rclpy.spin(node)
[joy_teleop-4]   File "/opt/ros/humble/local/lib/python3.10/dist-packages/rclpy/__init__.py", line 229, in spin
[joy_teleop-4]     executor.spin_once()
[joy_teleop-4]   File "/opt/ros/humble/local/lib/python3.10/dist-packages/rclpy/executors.py", line 812, in spin_once
[joy_teleop-4]     self._spin_once_impl(timeout_sec)
[joy_teleop-4]   File "/opt/ros/humble/local/lib/python3.10/dist-packages/rclpy/executors.py", line 801, in _spin_once_impl
[joy_teleop-4]     handler, entity, node = self.wait_for_ready_callbacks(timeout_sec=timeout_sec)
[joy_teleop-4]   File "/opt/ros/humble/local/lib/python3.10/dist-packages/rclpy/executors.py", line 784, in wait_for_ready_callbacks
[joy_teleop-4]     return next(self._cb_iter)
[joy_teleop-4]   File "/opt/ros/humble/local/lib/python3.10/dist-packages/rclpy/executors.py", line 685, in _wait_for_ready_callbacks
[joy_teleop-4]     raise ExternalShutdownException()
[joy_teleop-4] rclpy.executors.ExternalShutdownException
[map_server-11] [INFO] [1790347198.697827193] [map_server]: Destroying
[lifecycle_manager-13] [INFO] [1790347198.728437099] [lifecycle_manager_localization]: Destroying lifecycle_manager_localization
[amcl-12] [0m[INFO] [1790347198.732099253] [amcl]: Destroying[0m
[INFO] [robot_state_publisher-2]: process has finished cleanly [pid 1491667]
[INFO] [twist_marker-7]: process has finished cleanly [pid 1491677]
[INFO] [twist_mux-6]: process has finished cleanly [pid 1491675]
[INFO] [twist_relay-9]: process has finished cleanly [pid 1491681]
[INFO] [joy_node-5]: process has finished cleanly [pid 1491673]
[INFO] [ekf_node-14]: process has finished cleanly [pid 1491959]
[go2-stance-gait-controller-1] Traceback (most recent call last):
[go2-stance-gait-controller-1]   File "/home/molar1/bumperbot_ws/install/robot_lab_adapter/lib/robot_lab_adapter/go2-stance-gait-controller", line 33, in <module>
[go2-stance-gait-controller-1]     sys.exit(load_entry_point('robot_lab_adapter==0.1.0', 'console_scripts', 'go2-stance-gait-controller')())
[go2-stance-gait-controller-1]   File "/home/molar1/bumperbot_ws/install/robot_lab_adapter/lib/python3.10/site-packages/robot_lab_adapter/go2_stance_gait_controller.py", line 175, in main
[go2-stance-gait-controller-1]     rclpy.spin(node)
[go2-stance-gait-controller-1]   File "/opt/ros/humble/local/lib/python3.10/dist-packages/rclpy/__init__.py", line 229, in spin
[go2-stance-gait-controller-1]     executor.spin_once()
[go2-stance-gait-controller-1]   File "/opt/ros/humble/local/lib/python3.10/dist-packages/rclpy/executors.py", line 812, in spin_once
[go2-stance-gait-controller-1]     self._spin_once_impl(timeout_sec)
[go2-stance-gait-controller-1]   File "/opt/ros/humble/local/lib/python3.10/dist-packages/rclpy/executors.py", line 809, in _spin_once_impl
[go2-stance-gait-controller-1]     raise handler.exception()
[go2-stance-gait-controller-1]   File "/opt/ros/humble/local/lib/python3.10/dist-packages/rclpy/task.py", line 309, in _execute_coroutine_step
[go2-stance-gait-controller-1]     result = coro.send(None)
[go2-stance-gait-controller-1]   File "/opt/ros/humble/local/lib/python3.10/dist-packages/rclpy/executors.py", line 488, in handler
[go2-stance-gait-controller-1]     await call_coroutine(entity, arg)
[go2-stance-gait-controller-1]   File "/opt/ros/humble/local/lib/python3.10/dist-packages/rclpy/executors.py", line 396, in _execute_timer
[go2-stance-gait-controller-1]     await await_or_execute(tmr.callback)
[go2-stance-gait-controller-1]   File "/opt/ros/humble/local/lib/python3.10/dist-packages/rclpy/executors.py", line 110, in await_or_execute
[go2-stance-gait-controller-1]     return callback(*args)
[go2-stance-gait-controller-1]   File "/home/molar1/bumperbot_ws/install/robot_lab_adapter/lib/python3.10/site-packages/robot_lab_adapter/go2_stance_gait_controller.py", line 141, in _on_timer
[go2-stance-gait-controller-1]     self._pub.publish(msg)
[go2-stance-gait-controller-1]   File "/opt/ros/humble/local/lib/python3.10/dist-packages/rclpy/publisher.py", line 70, in publish
[go2-stance-gait-controller-1]     self.__publisher.publish(msg)
[go2-stance-gait-controller-1] rclpy._rclpy_pybind11.RCLError: Failed to publish: publisher's context is invalid, at ./src/rcl/publisher.c:389
[imu_republisher.py-15] Traceback (most recent call last):
[imu_republisher.py-15]   File "/home/molar1/bumperbot_ws/install/robot_lab_localization/lib/robot_lab_localization/imu_republisher.py", line 54, in <module>
[imu_republisher.py-15]     main()
[imu_republisher.py-15]   File "/home/molar1/bumperbot_ws/install/robot_lab_localization/lib/robot_lab_localization/imu_republisher.py", line 45, in main
[imu_republisher.py-15]     rclpy.spin(node)
[imu_republisher.py-15]   File "/opt/ros/humble/local/lib/python3.10/dist-packages/rclpy/__init__.py", line 229, in spin
[imu_republisher.py-15]     executor.spin_once()
[imu_republisher.py-15]   File "/opt/ros/humble/local/lib/python3.10/dist-packages/rclpy/executors.py", line 812, in spin_once
[imu_republisher.py-15]     self._spin_once_impl(timeout_sec)
[imu_republisher.py-15]   File "/opt/ros/humble/local/lib/python3.10/dist-packages/rclpy/executors.py", line 801, in _spin_once_impl
[imu_republisher.py-15]     handler, entity, node = self.wait_for_ready_callbacks(timeout_sec=timeout_sec)
[imu_republisher.py-15]   File "/opt/ros/humble/local/lib/python3.10/dist-packages/rclpy/executors.py", line 784, in wait_for_ready_callbacks
[imu_republisher.py-15]     return next(self._cb_iter)
[imu_republisher.py-15]   File "/opt/ros/humble/local/lib/python3.10/dist-packages/rclpy/executors.py", line 685, in _wait_for_ready_callbacks
[imu_republisher.py-15]     raise ExternalShutdownException()
[imu_republisher.py-15] rclpy.executors.ExternalShutdownException
[mujoco_spawner-3] Traceback (most recent call last):
[mujoco_spawner-3]   File "/home/molar1/bumperbot_ws/install/robot_lab_mujoco/lib/robot_lab_mujoco/mujoco_spawner", line 33, in <module>
[mujoco_spawner-3]     sys.exit(load_entry_point('robot_lab_mujoco==0.1.0', 'console_scripts', 'mujoco_spawner')())
[mujoco_spawner-3]   File "/home/molar1/bumperbot_ws/install/robot_lab_mujoco/lib/python3.10/site-packages/robot_lab_mujoco/mujoco_spawner.py", line 1981, in main
[mujoco_spawner-3]     rclpy.spin(node)
[mujoco_spawner-3]   File "/opt/ros/humble/local/lib/python3.10/dist-packages/rclpy/__init__.py", line 229, in spin
[mujoco_spawner-3]     executor.spin_once()
[mujoco_spawner-3]   File "/opt/ros/humble/local/lib/python3.10/dist-packages/rclpy/executors.py", line 812, in spin_once
[mujoco_spawner-3]     self._spin_once_impl(timeout_sec)
[mujoco_spawner-3]   File "/opt/ros/humble/local/lib/python3.10/dist-packages/rclpy/executors.py", line 801, in _spin_once_impl
[mujoco_spawner-3]     handler, entity, node = self.wait_for_ready_callbacks(timeout_sec=timeout_sec)
[mujoco_spawner-3]   File "/opt/ros/humble/local/lib/python3.10/dist-packages/rclpy/executors.py", line 784, in wait_for_ready_callbacks
[mujoco_spawner-3]     return next(self._cb_iter)
[mujoco_spawner-3]   File "/opt/ros/humble/local/lib/python3.10/dist-packages/rclpy/executors.py", line 657, in _wait_for_ready_callbacks
[mujoco_spawner-3]     wait_set = _rclpy.WaitSet(
[mujoco_spawner-3] rclpy._rclpy_pybind11.RCLError: failed to initialize wait set: the given context is not valid, either rcl_init() was not called or rcl_shutdown() was called., at ./src/rcl/wait.c:130
[INFO] [lifecycle_manager-13]: process has finished cleanly [pid 1491957]
[INFO] [amcl-12]: process has finished cleanly [pid 1491955]
[INFO] [map_server-11]: process has finished cleanly [pid 1491953]
[INFO] [wheel_imu_fusion-16]: process has finished cleanly [pid 1491963]
[INFO] [joystick_relay.py-8]: process has finished cleanly [pid 1491679]
[ERROR] [go2-stance-gait-controller-1]: process has died [pid 1491665, exit code 1, cmd '/home/molar1/bumperbot_ws/install/robot_lab_adapter/lib/robot_lab_adapter/go2-stance-gait-controller --ros-args --params-file /workspace/molar/.tmp/launch_params_5h3nibk7'].
[ERROR] [joy_teleop-4]: process has died [pid 1491671, exit code 1, cmd '/opt/ros/humble/lib/joy_teleop/joy_teleop --ros-args --params-file /home/molar1/bumperbot_ws/install/robot_lab_controller/share/robot_lab_controller/config/joy_teleop.yaml --params-file /workspace/molar/.tmp/launch_params_rlfz12nj'].
[ERROR] [imu_republisher.py-15]: process has died [pid 1491961, exit code 1, cmd '/home/molar1/bumperbot_ws/install/robot_lab_localization/lib/robot_lab_localization/imu_republisher.py --ros-args --params-file /workspace/molar/.tmp/launch_params_2g744xjy'].
[ERROR] [mujoco_spawner-3]: process has died [pid 1491669, exit code 1, cmd '/home/molar1/bumperbot_ws/install/robot_lab_mujoco/lib/robot_lab_mujoco/mujoco_spawner --ros-args -r __node:=mujoco_spawner --params-file /workspace/molar/.tmp/launch_params_0gr7ppbu'].
