[INFO] [launch]: All log files can be found below /home/molar1/.ros/log/2026-09-25-16-40-00-850501-molar1-1492221
[INFO] [launch]: Default logging verbosity is set to INFO
[robot_lab] algorithm localization=amcl -> global_localization stack
[robot_lab] algorithm state_estimation=ekf_localization_node -> local_localization stack
[robot_lab] algorithm sensor_fusion=wheel_imu_fusion -> node robot_lab_algorithms/wheel_imu_fusion
[INFO] [go2-stance-gait-controller-1]: process started with pid [1492259]
[INFO] [robot_state_publisher-2]: process started with pid [1492261]
[INFO] [mujoco_spawner-3]: process started with pid [1492263]
[INFO] [joy_teleop-4]: process started with pid [1492265]
[INFO] [joy_node-5]: process started with pid [1492267]
[INFO] [twist_mux-6]: process started with pid [1492269]
[INFO] [twist_marker-7]: process started with pid [1492271]
[INFO] [joystick_relay.py-8]: process started with pid [1492273]
[INFO] [twist_relay-9]: process started with pid [1492275]
[INFO] [simulator_ready_gate-10]: process started with pid [1492279]
[robot_state_publisher-2] [INFO] [1790347201.742851876] [robot_state_publisher]: got segment FL_calf
[twist_mux-6] [INFO] [1790347201.744170725] [twist_mux]: Topic handler 'topics.joystick' subscribed to topic 'joy_vel': timeout = 0.500000s , priority = 99.
[robot_state_publisher-2] [INFO] [1790347201.744273795] [robot_state_publisher]: got segment FL_calf_rotor
[robot_state_publisher-2] [INFO] [1790347201.744302722] [robot_state_publisher]: got segment FL_foot
[robot_state_publisher-2] [INFO] [1790347201.744313762] [robot_state_publisher]: got segment FL_hip
[robot_state_publisher-2] [INFO] [1790347201.744322114] [robot_state_publisher]: got segment FL_hip_rotor
[robot_state_publisher-2] [INFO] [1790347201.744330689] [robot_state_publisher]: got segment FL_thigh
[robot_state_publisher-2] [INFO] [1790347201.744339009] [robot_state_publisher]: got segment FL_thigh_rotor
[robot_state_publisher-2] [INFO] [1790347201.744347009] [robot_state_publisher]: got segment FR_calf
[robot_state_publisher-2] [INFO] [1790347201.744354849] [robot_state_publisher]: got segment FR_calf_rotor
[robot_state_publisher-2] [INFO] [1790347201.744362241] [robot_state_publisher]: got segment FR_foot
[robot_state_publisher-2] [INFO] [1790347201.744369760] [robot_state_publisher]: got segment FR_hip
[robot_state_publisher-2] [INFO] [1790347201.744377248] [robot_state_publisher]: got segment FR_hip_rotor
[robot_state_publisher-2] [INFO] [1790347201.744384928] [robot_state_publisher]: got segment FR_thigh
[robot_state_publisher-2] [INFO] [1790347201.744392352] [robot_state_publisher]: got segment FR_thigh_rotor
[robot_state_publisher-2] [INFO] [1790347201.744399520] [robot_state_publisher]: got segment RL_calf
[robot_state_publisher-2] [INFO] [1790347201.744407136] [robot_state_publisher]: got segment RL_calf_rotor
[robot_state_publisher-2] [INFO] [1790347201.744414111] [robot_state_publisher]: got segment RL_foot
[robot_state_publisher-2] [INFO] [1790347201.744420831] [robot_state_publisher]: got segment RL_hip
[robot_state_publisher-2] [INFO] [1790347201.744428575] [robot_state_publisher]: got segment RL_hip_rotor
[robot_state_publisher-2] [INFO] [1790347201.744435615] [robot_state_publisher]: got segment RL_thigh
[robot_state_publisher-2] [INFO] [1790347201.744442527] [robot_state_publisher]: got segment RL_thigh_rotor
[robot_state_publisher-2] [INFO] [1790347201.744449471] [robot_state_publisher]: got segment RR_calf
[robot_state_publisher-2] [INFO] [1790347201.744456606] [robot_state_publisher]: got segment RR_calf_rotor
[robot_state_publisher-2] [INFO] [1790347201.744463742] [robot_state_publisher]: got segment RR_foot
[robot_state_publisher-2] [INFO] [1790347201.744470558] [robot_state_publisher]: got segment RR_hip
[robot_state_publisher-2] [INFO] [1790347201.744478398] [robot_state_publisher]: got segment RR_hip_rotor
[robot_state_publisher-2] [INFO] [1790347201.744485310] [robot_state_publisher]: got segment RR_thigh
[robot_state_publisher-2] [INFO] [1790347201.744492606] [robot_state_publisher]: got segment RR_thigh_rotor
[robot_state_publisher-2] [INFO] [1790347201.744499613] [robot_state_publisher]: got segment base
[robot_state_publisher-2] [INFO] [1790347201.744507165] [robot_state_publisher]: got segment front_camera
[robot_state_publisher-2] [INFO] [1790347201.744514621] [robot_state_publisher]: got segment imu_link
[robot_state_publisher-2] [INFO] [1790347201.744521917] [robot_state_publisher]: got segment trunk
[twist_mux-6] [INFO] [1790347201.749089554] [twist_mux]: Topic handler 'topics.keyboard' subscribed to topic 'key_vel': timeout = 0.500000s , priority = 90.
[twist_mux-6] [INFO] [1790347201.750564623] [twist_mux]: Topic handler 'topics.navigation' subscribed to topic 'cmd_vel': timeout = 0.500000s , priority = 80.
[twist_mux-6] [INFO] [1790347201.751907663] [twist_mux]: Topic handler 'locks.safety_stop' subscribed to topic 'safety_stop': timeout = None , priority = 255.
[go2-stance-gait-controller-1] [0;93m2026-09-25 16:40:02.399155798 [W:onnxruntime:Default, device_discovery.cc:164 DiscoverDevicesForPlatform] GPU device discovery failed: device_discovery.cc:89 ReadFileContents Failed to open file: "/sys/class/drm/card1/device/vendor"[m
[go2-stance-gait-controller-1] [INFO] [1790347202.469852315] [go2_stance_gait_controller]: Go2 closed-loop stance: 12 effort joints at 250.0 Hz; controller ONNX velocity policy
[mujoco_spawner-3] [INFO] [1790347203.722950221] [mujoco_spawner]: MuJoCo: 18 collision proxy geom(s) moved to group 3 (viewer Rendering tab to show them).
[mujoco_spawner-3] [INFO] [1790347203.779632986] [mujoco_spawner]: MuJoCo URDF import OK (all meshes staged).
[mujoco_spawner-3] [WARN] [1790347203.798072329] [mujoco_spawner]: MuJoCo effort plant: no MJCF beside /home/molar1/bumperbot_ws/install/robot_lab_robots/share/robot_lab_robots/unitree/go2_description/xacro/go2_sim.xacro names every effort joint; keeping the URDF <dynamics> (damping=5.0 is a Gazebo stabiliser the robot does not have).
[mujoco_spawner-3] [INFO] [1790347203.855388231] [mujoco_spawner]: MuJoCo physics timestep: 0.0010 s
[mujoco_spawner-3] [INFO] [1790347203.858414752] [mujoco_spawner]: Robot has no 'oakd_rgb_camera_frame' link; no RGB-D camera is published.
[mujoco_spawner-3] [INFO] [1790347203.860058330] [mujoco_spawner]: Joints: ['FR_hip_joint', 'FR_thigh_joint', 'FR_calf_joint', 'FL_hip_joint', 'FL_thigh_joint', 'FL_calf_joint', 'RR_hip_joint', 'RR_thigh_joint', 'RR_calf_joint', 'RL_hip_joint', 'RL_thigh_joint', 'RL_calf_joint']   lw= rw=
[mujoco_spawner-3] [INFO] [1790347203.863124434] [mujoco_spawner]: MuJoCo effort joint armature: 0.0100 kg m^2
[mujoco_spawner-3] [INFO] [1790347203.865113283] [mujoco_spawner]: Joint effort input: /go2_group_effort_controller/commands (12 joints, URDF limits)
[mujoco_spawner-3] [INFO] [1790347203.867689511] [mujoco_spawner]: Spawn ground clearance: raised root by 0.2050 m
[mujoco_spawner-3] [INFO] [1790347203.869058342] [mujoco_spawner]: MuJoCo model loaded: 14 bodies, 13 joints
[mujoco_spawner-3] [INFO] [1790347203.870078318] [mujoco_spawner]: MuJoCo gui param=False (resolved=False), DISPLAY=:1 -> mode=DIRECT
[mujoco_spawner-3] [INFO] [1790347203.870952122] [mujoco_spawner]: MuJoCo running headless (gui=False, viewer=True).
[mujoco_spawner-3] [INFO] [1790347203.884425022] [mujoco_spawner]: MuJoCo spawner running.
[INFO] [simulator_ready_gate-10]: process has finished cleanly [pid 1492279]
[INFO] [amcl-12]: process started with pid [1492509]
[INFO] [map_server-11]: process started with pid [1492507]
[INFO] [lifecycle_manager-13]: process started with pid [1492511]
[INFO] [ekf_node-14]: process started with pid [1492513]
[INFO] [imu_republisher.py-15]: process started with pid [1492515]
[INFO] [wheel_imu_fusion-16]: process started with pid [1492517]
[lifecycle_manager-13] [INFO] [1790347204.265911070] [lifecycle_manager_localization]: Creating
[lifecycle_manager-13] [INFO] [1790347204.268465666] [lifecycle_manager_localization]: [34m[1mCreating and initializing lifecycle service clients[0m[0m
[map_server-11] [INFO] [1790347204.319489012] [map_server]: 
[map_server-11] 	map_server lifecycle node launched. 
[map_server-11] 	Waiting on external lifecycle transitions to activate
[map_server-11] 	See https://design.ros2.org/articles/node_lifecycle.html for more information.
[map_server-11] [INFO] [1790347204.321333449] [map_server]: Creating
[amcl-12] [0m[INFO] [1790347204.350623161] [amcl]: 
[amcl-12] 	amcl lifecycle node launched. 
[amcl-12] 	Waiting on external lifecycle transitions to activate
[amcl-12] 	See https://design.ros2.org/articles/node_lifecycle.html for more information.[0m
[amcl-12] [0m[INFO] [1790347204.353054112] [amcl]: Creating[0m
[lifecycle_manager-13] [INFO] [1790347204.424157562] [lifecycle_manager_localization]: [34m[1mStarting managed nodes bringup...[0m[0m
[lifecycle_manager-13] [INFO] [1790347204.424934855] [lifecycle_manager_localization]: [34m[1mConfiguring map_server[0m[0m
[map_server-11] [INFO] [1790347204.425285439] [map_server]: Configuring
[map_server-11] [INFO] [1790347204.425399132] [map_io]: Loading yaml file: /home/molar1/bumperbot_ws/install/robot_lab_maps/share/robot_lab_maps/maps/nav_empty/maps/map.yaml
[map_server-11] [INFO] [1790347204.425850642] [map_io]: resolution: 0.05
[map_server-11] [INFO] [1790347204.425874705] [map_io]: origin[0]: -7
[map_server-11] [INFO] [1790347204.425881425] [map_io]: origin[1]: -7
[map_server-11] [INFO] [1790347204.425887089] [map_io]: origin[2]: 0
[map_server-11] [INFO] [1790347204.425892561] [map_io]: free_thresh: 0.196
[map_server-11] [INFO] [1790347204.425897745] [map_io]: occupied_thresh: 0.65
[map_server-11] [INFO] [1790347204.425903985] [map_io]: mode: trinary
[map_server-11] [INFO] [1790347204.425910928] [map_io]: negate: 0
[map_server-11] [INFO] [1790347204.426204554] [map_io]: Loading image_file: /home/molar1/bumperbot_ws/install/robot_lab_maps/share/robot_lab_maps/maps/nav_empty/maps/map.pgm
[map_server-11] [INFO] [1790347204.436965997] [map_io]: Read map /home/molar1/bumperbot_ws/install/robot_lab_maps/share/robot_lab_maps/maps/nav_empty/maps/map.pgm: 280 X 280 map @ 0.05 m/cell
[lifecycle_manager-13] [INFO] [1790347204.452763418] [lifecycle_manager_localization]: [34m[1mConfiguring amcl[0m[0m
[amcl-12] [0m[INFO] [1790347204.453180624] [amcl]: Configuring[0m
[amcl-12] [0m[INFO] [1790347204.454412531] [amcl]: initTransforms[0m
[amcl-12] [0m[INFO] [1790347204.472715013] [amcl]: initPubSub[0m
[amcl-12] [0m[INFO] [1790347204.478091527] [amcl]: Subscribed to map topic.[0m
[lifecycle_manager-13] [INFO] [1790347204.484475377] [lifecycle_manager_localization]: [34m[1mActivating map_server[0m[0m
[map_server-11] [INFO] [1790347204.485126018] [map_server]: Activating
[map_server-11] [INFO] [1790347204.485468634] [map_server]: Creating bond (map_server) to lifecycle manager.
[amcl-12] [0m[INFO] [1790347204.490822748] [amcl]: Received a 280 X 280 map @ 0.050 m/pix[0m
[lifecycle_manager-13] [INFO] [1790347204.589382129] [lifecycle_manager_localization]: Server map_server connected with bond.
[lifecycle_manager-13] [INFO] [1790347204.589477199] [lifecycle_manager_localization]: [34m[1mActivating amcl[0m[0m
[amcl-12] [0m[INFO] [1790347204.589781704] [amcl]: Activating[0m
[amcl-12] [0m[INFO] [1790347204.589878853] [amcl]: initialPoseReceived[0m
[amcl-12] [0m[INFO] [1790347204.590069185] [amcl]: Setting pose (0.604000): -0.500 -0.500 0.000[0m
[amcl-12] [0m[INFO] [1790347204.590641747] [amcl]: Creating bond (amcl) to lifecycle manager.[0m
[amcl-12] [0m[INFO] [1790347204.613978255] [amcl]: createLaserObject[0m
[lifecycle_manager-13] [INFO] [1790347204.694709671] [lifecycle_manager_localization]: Server amcl connected with bond.
[lifecycle_manager-13] [INFO] [1790347204.694794117] [lifecycle_manager_localization]: [34m[1mManaged nodes are active[0m[0m
[lifecycle_manager-13] [INFO] [1790347204.694815077] [lifecycle_manager_localization]: [34m[1mCreating bond timer...[0m[0m
[wheel_imu_fusion-16] [INFO] [1790347204.965927941] [sensor_fusion_wheel_imu_fusion]: wheel_imu_fusion ready
[amcl-12] [0m[INFO] [1790347212.152897572] [rclcpp]: signal_handler(SIGINT/SIGTERM)[0m
[amcl-12] [0m[INFO] [1790347212.153116958] [amcl]: Running Nav2 LifecycleNode rcl preshutdown (amcl)[0m
[lifecycle_manager-13] [INFO] [1790347212.152859076] [rclcpp]: signal_handler(SIGINT/SIGTERM)
[lifecycle_manager-13] [INFO] [1790347212.153029312] [lifecycle_manager_localization]: Running Nav2 LifecycleManager rcl preshutdown (lifecycle_manager_localization)
[map_server-11] [INFO] [1790347212.152889828] [rclcpp]: signal_handler(SIGINT/SIGTERM)
[ekf_node-14] [INFO] [1790347212.152864100] [rclcpp]: signal_handler(SIGINT/SIGTERM)
[twist_mux-6] [INFO] [1790347212.152912035] [rclcpp]: signal_handler(SIGINT/SIGTERM)
[twist_marker-7] [INFO] [1790347212.152927459] [rclcpp]: signal_handler(SIGINT/SIGTERM)
[joy_node-5] [INFO] [1790347212.152943491] [rclcpp]: signal_handler(SIGINT/SIGTERM)
[lifecycle_manager-13] [INFO] [1790347212.153117886] [lifecycle_manager_localization]: [34m[1mTerminating bond timer...[0m[0m
[robot_state_publisher-2] [INFO] [1790347212.153055680] [rclcpp]: signal_handler(SIGINT/SIGTERM)
[amcl-12] [0m[INFO] [1790347212.153401016] [amcl]: Deactivating[0m
[amcl-12] [0m[INFO] [1790347212.153886444] [amcl]: Destroying bond (amcl) to lifecycle manager.[0m
[twist_relay-9] [INFO] [1790347212.153483958] [rclcpp]: signal_handler(SIGINT/SIGTERM)
[map_server-11] [INFO] [1790347212.153839085] [map_server]: Running Nav2 LifecycleNode rcl preshutdown (map_server)
[map_server-11] [INFO] [1790347212.154367009] [map_server]: Deactivating
[map_server-11] [INFO] [1790347212.154426336] [map_server]: Destroying bond (map_server) to lifecycle manager.
[map_server-11] [INFO] [1790347212.166176203] [map_server]: Cleaning up
[map_server-11] [INFO] [1790347212.167050711] [map_server]: Destroying bond (map_server) to lifecycle manager.
[amcl-12] [0m[INFO] [1790347212.172475095] [amcl]: Cleaning up[0m
[amcl-12] [0m[INFO] [1790347212.191933869] [amcl]: Destroying bond (amcl) to lifecycle manager.[0m
[joy_teleop-4] Traceback (most recent call last):
[joy_teleop-4]   File "/opt/ros/humble/lib/joy_teleop/joy_teleop", line 33, in <module>
[joy_teleop-4]     sys.exit(load_entry_point('joy-teleop==1.6.0', 'console_scripts', 'joy_teleop')())
[joy_teleop-4]   File "/opt/ros/humble/lib/python3.10/site-packages/joy_teleop/joy_teleop.py", line 435, in main
[joy_teleop-4]     rclpy.spin(node)
[joy_teleop-4]   File "/opt/ros/humble/local/lib/python3.10/dist-packages/rclpy/__init__.py", line 229, in spin
[joy_teleop-4]     executor.spin_once()
[joy_teleop-4]   File "/opt/ros/humble/local/lib/python3.10/dist-packages/rclpy/executors.py", line 812, in spin_once
[joy_teleop-4]     self._spin_once_impl(timeout_sec)
[joy_teleop-4]   File "/opt/ros/humble/local/lib/python3.10/dist-packages/rclpy/executors.py", line 801, in _spin_once_impl
[joy_teleop-4]     handler, entity, node = self.wait_for_ready_callbacks(timeout_sec=timeout_sec)
[joy_teleop-4]   File "/opt/ros/humble/local/lib/python3.10/dist-packages/rclpy/executors.py", line 784, in wait_for_ready_callbacks
[joy_teleop-4]     return next(self._cb_iter)
[joy_teleop-4]   File "/opt/ros/humble/local/lib/python3.10/dist-packages/rclpy/executors.py", line 685, in _wait_for_ready_callbacks
[joy_teleop-4]     raise ExternalShutdownException()
[joy_teleop-4] rclpy.executors.ExternalShutdownException
[map_server-11] [INFO] [1790347212.288092054] [map_server]: Destroying
[amcl-12] [0m[INFO] [1790347212.296273814] [amcl]: Destroying[0m
[lifecycle_manager-13] [INFO] [1790347212.296592174] [lifecycle_manager_localization]: Destroying lifecycle_manager_localization
[INFO] [twist_mux-6]: process has finished cleanly [pid 1492269]
[INFO] [joy_node-5]: process has finished cleanly [pid 1492267]
[INFO] [ekf_node-14]: process has finished cleanly [pid 1492513]
[INFO] [twist_marker-7]: process has finished cleanly [pid 1492271]
[INFO] [robot_state_publisher-2]: process has finished cleanly [pid 1492261]
[INFO] [twist_relay-9]: process has finished cleanly [pid 1492275]
[go2-stance-gait-controller-1] Traceback (most recent call last):
[go2-stance-gait-controller-1]   File "/home/molar1/bumperbot_ws/install/robot_lab_adapter/lib/robot_lab_adapter/go2-stance-gait-controller", line 33, in <module>
[go2-stance-gait-controller-1]     sys.exit(load_entry_point('robot_lab_adapter==0.1.0', 'console_scripts', 'go2-stance-gait-controller')())
[go2-stance-gait-controller-1]   File "/home/molar1/bumperbot_ws/install/robot_lab_adapter/lib/python3.10/site-packages/robot_lab_adapter/go2_stance_gait_controller.py", line 175, in main
[go2-stance-gait-controller-1]     rclpy.spin(node)
[go2-stance-gait-controller-1]   File "/opt/ros/humble/local/lib/python3.10/dist-packages/rclpy/__init__.py", line 229, in spin
[go2-stance-gait-controller-1]     executor.spin_once()
[go2-stance-gait-controller-1]   File "/opt/ros/humble/local/lib/python3.10/dist-packages/rclpy/executors.py", line 812, in spin_once
[go2-stance-gait-controller-1]     self._spin_once_impl(timeout_sec)
[go2-stance-gait-controller-1]   File "/opt/ros/humble/local/lib/python3.10/dist-packages/rclpy/executors.py", line 801, in _spin_once_impl
[go2-stance-gait-controller-1]     handler, entity, node = self.wait_for_ready_callbacks(timeout_sec=timeout_sec)
[go2-stance-gait-controller-1]   File "/opt/ros/humble/local/lib/python3.10/dist-packages/rclpy/executors.py", line 784, in wait_for_ready_callbacks
[go2-stance-gait-controller-1]     return next(self._cb_iter)
[go2-stance-gait-controller-1]   File "/opt/ros/humble/local/lib/python3.10/dist-packages/rclpy/executors.py", line 657, in _wait_for_ready_callbacks
[go2-stance-gait-controller-1]     wait_set = _rclpy.WaitSet(
[go2-stance-gait-controller-1] rclpy._rclpy_pybind11.RCLError: failed to initialize wait set: the given context is not valid, either rcl_init() was not called or rcl_shutdown() was called., at ./src/rcl/wait.c:130
[imu_republisher.py-15] Traceback (most recent call last):
[imu_republisher.py-15]   File "/home/molar1/bumperbot_ws/install/robot_lab_localization/lib/robot_lab_localization/imu_republisher.py", line 54, in <module>
[imu_republisher.py-15]     main()
[imu_republisher.py-15]   File "/home/molar1/bumperbot_ws/install/robot_lab_localization/lib/robot_lab_localization/imu_republisher.py", line 45, in main
[imu_republisher.py-15]     rclpy.spin(node)
[imu_republisher.py-15]   File "/opt/ros/humble/local/lib/python3.10/dist-packages/rclpy/__init__.py", line 229, in spin
[imu_republisher.py-15]     executor.spin_once()
[imu_republisher.py-15]   File "/opt/ros/humble/local/lib/python3.10/dist-packages/rclpy/executors.py", line 812, in spin_once
[imu_republisher.py-15]     self._spin_once_impl(timeout_sec)
[imu_republisher.py-15]   File "/opt/ros/humble/local/lib/python3.10/dist-packages/rclpy/executors.py", line 801, in _spin_once_impl
[imu_republisher.py-15]     handler, entity, node = self.wait_for_ready_callbacks(timeout_sec=timeout_sec)
[imu_republisher.py-15]   File "/opt/ros/humble/local/lib/python3.10/dist-packages/rclpy/executors.py", line 784, in wait_for_ready_callbacks
[imu_republisher.py-15]     return next(self._cb_iter)
[imu_republisher.py-15]   File "/opt/ros/humble/local/lib/python3.10/dist-packages/rclpy/executors.py", line 685, in _wait_for_ready_callbacks
[imu_republisher.py-15]     raise ExternalShutdownException()
[imu_republisher.py-15] rclpy.executors.ExternalShutdownException
[INFO] [lifecycle_manager-13]: process has finished cleanly [pid 1492511]
[INFO] [map_server-11]: process has finished cleanly [pid 1492507]
[INFO] [amcl-12]: process has finished cleanly [pid 1492509]
[INFO] [wheel_imu_fusion-16]: process has finished cleanly [pid 1492517]
[INFO] [joystick_relay.py-8]: process has finished cleanly [pid 1492273]
[ERROR] [imu_republisher.py-15]: process has died [pid 1492515, exit code 1, cmd '/home/molar1/bumperbot_ws/install/robot_lab_localization/lib/robot_lab_localization/imu_republisher.py --ros-args --params-file /workspace/molar/.tmp/launch_params_fa0eqze2'].
[ERROR] [joy_teleop-4]: process has died [pid 1492265, exit code 1, cmd '/opt/ros/humble/lib/joy_teleop/joy_teleop --ros-args --params-file /home/molar1/bumperbot_ws/install/robot_lab_controller/share/robot_lab_controller/config/joy_teleop.yaml --params-file /workspace/molar/.tmp/launch_params_k40og5eg'].
[INFO] [mujoco_spawner-3]: process has finished cleanly [pid 1492263]
[ERROR] [go2-stance-gait-controller-1]: process has died [pid 1492259, exit code 1, cmd '/home/molar1/bumperbot_ws/install/robot_lab_adapter/lib/robot_lab_adapter/go2-stance-gait-controller --ros-args --params-file /workspace/molar/.tmp/launch_params_35nczs57'].
