[INFO] [launch]: All log files can be found below /home/molar1/.ros/log/2026-09-25-16-40-14-402729-molar1-1492727
[INFO] [launch]: Default logging verbosity is set to INFO
[robot_lab] algorithm localization=amcl -> global_localization stack
[robot_lab] algorithm state_estimation=ekf_localization_node -> local_localization stack
[robot_lab] algorithm sensor_fusion=wheel_imu_fusion -> node robot_lab_algorithms/wheel_imu_fusion
[INFO] [go2-stance-gait-controller-1]: process started with pid [1492773]
[INFO] [robot_state_publisher-2]: process started with pid [1492775]
[INFO] [mujoco_spawner-3]: process started with pid [1492777]
[INFO] [joy_teleop-4]: process started with pid [1492779]
[INFO] [joy_node-5]: process started with pid [1492781]
[INFO] [twist_mux-6]: process started with pid [1492783]
[INFO] [twist_marker-7]: process started with pid [1492785]
[INFO] [joystick_relay.py-8]: process started with pid [1492787]
[INFO] [twist_relay-9]: process started with pid [1492789]
[INFO] [simulator_ready_gate-10]: process started with pid [1492799]
[twist_mux-6] [INFO] [1790347215.307283100] [twist_mux]: Topic handler 'topics.joystick' subscribed to topic 'joy_vel': timeout = 0.500000s , priority = 99.
[robot_state_publisher-2] [INFO] [1790347215.307555733] [robot_state_publisher]: got segment FL_calf
[robot_state_publisher-2] [INFO] [1790347215.307719794] [robot_state_publisher]: got segment FL_calf_rotor
[robot_state_publisher-2] [INFO] [1790347215.307742481] [robot_state_publisher]: got segment FL_foot
[robot_state_publisher-2] [INFO] [1790347215.307752529] [robot_state_publisher]: got segment FL_hip
[robot_state_publisher-2] [INFO] [1790347215.307761073] [robot_state_publisher]: got segment FL_hip_rotor
[robot_state_publisher-2] [INFO] [1790347215.307769744] [robot_state_publisher]: got segment FL_thigh
[robot_state_publisher-2] [INFO] [1790347215.307777904] [robot_state_publisher]: got segment FL_thigh_rotor
[robot_state_publisher-2] [INFO] [1790347215.307785840] [robot_state_publisher]: got segment FR_calf
[robot_state_publisher-2] [INFO] [1790347215.307793424] [robot_state_publisher]: got segment FR_calf_rotor
[robot_state_publisher-2] [INFO] [1790347215.307800720] [robot_state_publisher]: got segment FR_foot
[robot_state_publisher-2] [INFO] [1790347215.307808495] [robot_state_publisher]: got segment FR_hip
[robot_state_publisher-2] [INFO] [1790347215.307815887] [robot_state_publisher]: got segment FR_hip_rotor
[robot_state_publisher-2] [INFO] [1790347215.307823311] [robot_state_publisher]: got segment FR_thigh
[robot_state_publisher-2] [INFO] [1790347215.307830767] [robot_state_publisher]: got segment FR_thigh_rotor
[robot_state_publisher-2] [INFO] [1790347215.307838031] [robot_state_publisher]: got segment RL_calf
[robot_state_publisher-2] [INFO] [1790347215.307845391] [robot_state_publisher]: got segment RL_calf_rotor
[robot_state_publisher-2] [INFO] [1790347215.307852366] [robot_state_publisher]: got segment RL_foot
[robot_state_publisher-2] [INFO] [1790347215.307859310] [robot_state_publisher]: got segment RL_hip
[robot_state_publisher-2] [INFO] [1790347215.307866190] [robot_state_publisher]: got segment RL_hip_rotor
[robot_state_publisher-2] [INFO] [1790347215.307873230] [robot_state_publisher]: got segment RL_thigh
[robot_state_publisher-2] [INFO] [1790347215.307880014] [robot_state_publisher]: got segment RL_thigh_rotor
[robot_state_publisher-2] [INFO] [1790347215.307887022] [robot_state_publisher]: got segment RR_calf
[robot_state_publisher-2] [INFO] [1790347215.307893901] [robot_state_publisher]: got segment RR_calf_rotor
[robot_state_publisher-2] [INFO] [1790347215.307900941] [robot_state_publisher]: got segment RR_foot
[robot_state_publisher-2] [INFO] [1790347215.307907917] [robot_state_publisher]: got segment RR_hip
[robot_state_publisher-2] [INFO] [1790347215.307914861] [robot_state_publisher]: got segment RR_hip_rotor
[robot_state_publisher-2] [INFO] [1790347215.307921741] [robot_state_publisher]: got segment RR_thigh
[robot_state_publisher-2] [INFO] [1790347215.307929037] [robot_state_publisher]: got segment RR_thigh_rotor
[robot_state_publisher-2] [INFO] [1790347215.307936076] [robot_state_publisher]: got segment base
[robot_state_publisher-2] [INFO] [1790347215.307943276] [robot_state_publisher]: got segment front_camera
[robot_state_publisher-2] [INFO] [1790347215.307950380] [robot_state_publisher]: got segment imu_link
[robot_state_publisher-2] [INFO] [1790347215.307957516] [robot_state_publisher]: got segment trunk
[twist_mux-6] [INFO] [1790347215.308188326] [twist_mux]: Topic handler 'topics.keyboard' subscribed to topic 'key_vel': timeout = 0.500000s , priority = 90.
[twist_mux-6] [INFO] [1790347215.308350947] [twist_mux]: Topic handler 'topics.navigation' subscribed to topic 'cmd_vel': timeout = 0.500000s , priority = 80.
[twist_mux-6] [INFO] [1790347215.308475008] [twist_mux]: Topic handler 'locks.safety_stop' subscribed to topic 'safety_stop': timeout = None , priority = 255.
[go2-stance-gait-controller-1] [0;93m2026-09-25 16:40:15.960551493 [W:onnxruntime:Default, device_discovery.cc:164 DiscoverDevicesForPlatform] GPU device discovery failed: device_discovery.cc:89 ReadFileContents Failed to open file: "/sys/class/drm/card1/device/vendor"[m
[go2-stance-gait-controller-1] [INFO] [1790347216.021340301] [go2_stance_gait_controller]: Go2 closed-loop stance: 12 effort joints at 250.0 Hz; controller ONNX velocity policy
[mujoco_spawner-3] [INFO] [1790347217.236598461] [mujoco_spawner]: MuJoCo: 18 collision proxy geom(s) moved to group 3 (viewer Rendering tab to show them).
[mujoco_spawner-3] [INFO] [1790347217.291139832] [mujoco_spawner]: MuJoCo URDF import OK (all meshes staged).
[mujoco_spawner-3] [WARN] [1790347217.305878013] [mujoco_spawner]: MuJoCo effort plant: no MJCF beside /home/molar1/bumperbot_ws/install/robot_lab_robots/share/robot_lab_robots/unitree/go2_description/xacro/go2_sim.xacro names every effort joint; keeping the URDF <dynamics> (damping=5.0 is a Gazebo stabiliser the robot does not have).
[mujoco_spawner-3] [INFO] [1790347217.361832055] [mujoco_spawner]: MuJoCo physics timestep: 0.0010 s
[mujoco_spawner-3] [INFO] [1790347217.364072642] [mujoco_spawner]: Robot has no 'oakd_rgb_camera_frame' link; no RGB-D camera is published.
[mujoco_spawner-3] [INFO] [1790347217.365381091] [mujoco_spawner]: Joints: ['FR_hip_joint', 'FR_thigh_joint', 'FR_calf_joint', 'FL_hip_joint', 'FL_thigh_joint', 'FL_calf_joint', 'RR_hip_joint', 'RR_thigh_joint', 'RR_calf_joint', 'RL_hip_joint', 'RL_thigh_joint', 'RL_calf_joint']   lw= rw=
[mujoco_spawner-3] [INFO] [1790347217.368320702] [mujoco_spawner]: MuJoCo effort joint armature: 0.0100 kg m^2
[mujoco_spawner-3] [INFO] [1790347217.369982423] [mujoco_spawner]: Joint effort input: /go2_group_effort_controller/commands (12 joints, URDF limits)
[mujoco_spawner-3] [INFO] [1790347217.371513843] [mujoco_spawner]: Spawn ground clearance: raised root by 0.2050 m
[mujoco_spawner-3] [INFO] [1790347217.372645720] [mujoco_spawner]: MuJoCo model loaded: 14 bodies, 13 joints
[mujoco_spawner-3] [INFO] [1790347217.373466661] [mujoco_spawner]: MuJoCo gui param=False (resolved=False), DISPLAY=:1 -> mode=DIRECT
[mujoco_spawner-3] [INFO] [1790347217.374197971] [mujoco_spawner]: MuJoCo running headless (gui=False, viewer=True).
[mujoco_spawner-3] [INFO] [1790347217.375912491] [mujoco_spawner]: MuJoCo spawner running.
[INFO] [simulator_ready_gate-10]: process has finished cleanly [pid 1492799]
[INFO] [amcl-12]: process started with pid [1493036]
[INFO] [map_server-11]: process started with pid [1493034]
[INFO] [lifecycle_manager-13]: process started with pid [1493038]
[INFO] [ekf_node-14]: process started with pid [1493040]
[INFO] [imu_republisher.py-15]: process started with pid [1493042]
[INFO] [wheel_imu_fusion-16]: process started with pid [1493044]
[lifecycle_manager-13] [INFO] [1790347217.791062391] [lifecycle_manager_localization]: Creating
[lifecycle_manager-13] [INFO] [1790347217.806454892] [lifecycle_manager_localization]: [34m[1mCreating and initializing lifecycle service clients[0m[0m
[map_server-11] [INFO] [1790347217.809473925] [map_server]: 
[map_server-11] 	map_server lifecycle node launched. 
[map_server-11] 	Waiting on external lifecycle transitions to activate
[map_server-11] 	See https://design.ros2.org/articles/node_lifecycle.html for more information.
[map_server-11] [INFO] [1790347217.809654113] [map_server]: Creating
[amcl-12] [0m[INFO] [1790347217.823398525] [amcl]: 
[amcl-12] 	amcl lifecycle node launched. 
[amcl-12] 	Waiting on external lifecycle transitions to activate
[amcl-12] 	See https://design.ros2.org/articles/node_lifecycle.html for more information.[0m
[amcl-12] [0m[INFO] [1790347217.826245882] [amcl]: Creating[0m
[lifecycle_manager-13] [INFO] [1790347217.946347340] [lifecycle_manager_localization]: [34m[1mStarting managed nodes bringup...[0m[0m
[lifecycle_manager-13] [INFO] [1790347217.946453546] [lifecycle_manager_localization]: [34m[1mConfiguring map_server[0m[0m
[map_server-11] [INFO] [1790347217.946866176] [map_server]: Configuring
[map_server-11] [INFO] [1790347217.946993117] [map_io]: Loading yaml file: /home/molar1/bumperbot_ws/install/robot_lab_maps/share/robot_lab_maps/maps/nav_empty/maps/map.yaml
[map_server-11] [INFO] [1790347217.947454674] [map_io]: resolution: 0.05
[map_server-11] [INFO] [1790347217.947476850] [map_io]: origin[0]: -7
[map_server-11] [INFO] [1790347217.947482706] [map_io]: origin[1]: -7
[map_server-11] [INFO] [1790347217.947487218] [map_io]: origin[2]: 0
[map_server-11] [INFO] [1790347217.947492241] [map_io]: free_thresh: 0.196
[map_server-11] [INFO] [1790347217.947496977] [map_io]: occupied_thresh: 0.65
[map_server-11] [INFO] [1790347217.947502961] [map_io]: mode: trinary
[map_server-11] [INFO] [1790347217.947509617] [map_io]: negate: 0
[map_server-11] [INFO] [1790347217.947814730] [map_io]: Loading image_file: /home/molar1/bumperbot_ws/install/robot_lab_maps/share/robot_lab_maps/maps/nav_empty/maps/map.pgm
[map_server-11] [INFO] [1790347217.959107648] [map_io]: Read map /home/molar1/bumperbot_ws/install/robot_lab_maps/share/robot_lab_maps/maps/nav_empty/maps/map.pgm: 280 X 280 map @ 0.05 m/cell
[lifecycle_manager-13] [INFO] [1790347217.971909362] [lifecycle_manager_localization]: [34m[1mConfiguring amcl[0m[0m
[amcl-12] [0m[INFO] [1790347217.972295177] [amcl]: Configuring[0m
[amcl-12] [0m[INFO] [1790347217.972473029] [amcl]: initTransforms[0m
[amcl-12] [0m[INFO] [1790347217.989925962] [amcl]: initPubSub[0m
[amcl-12] [0m[INFO] [1790347217.996862662] [amcl]: Subscribed to map topic.[0m
[lifecycle_manager-13] [INFO] [1790347218.004939176] [lifecycle_manager_localization]: [34m[1mActivating map_server[0m[0m
[map_server-11] [INFO] [1790347218.005289184] [map_server]: Activating
[map_server-11] [INFO] [1790347218.005669079] [map_server]: Creating bond (map_server) to lifecycle manager.
[amcl-12] [0m[INFO] [1790347218.008932554] [amcl]: Received a 280 X 280 map @ 0.050 m/pix[0m
[lifecycle_manager-13] [INFO] [1790347218.110686572] [lifecycle_manager_localization]: Server map_server connected with bond.
[lifecycle_manager-13] [INFO] [1790347218.110768842] [lifecycle_manager_localization]: [34m[1mActivating amcl[0m[0m
[amcl-12] [0m[INFO] [1790347218.111091747] [amcl]: Activating[0m
[amcl-12] [0m[INFO] [1790347218.111180993] [amcl]: initialPoseReceived[0m
[amcl-12] [0m[INFO] [1790347218.111389404] [amcl]: Setting pose (0.612000): -0.500 -0.500 0.000[0m
[amcl-12] [0m[INFO] [1790347218.111969582] [amcl]: Creating bond (amcl) to lifecycle manager.[0m
[amcl-12] [0m[INFO] [1790347218.139461254] [amcl]: createLaserObject[0m
[lifecycle_manager-13] [INFO] [1790347218.218940245] [lifecycle_manager_localization]: Server amcl connected with bond.
[lifecycle_manager-13] [INFO] [1790347218.219020084] [lifecycle_manager_localization]: [34m[1mManaged nodes are active[0m[0m
[lifecycle_manager-13] [INFO] [1790347218.219042579] [lifecycle_manager_localization]: [34m[1mCreating bond timer...[0m[0m
[wheel_imu_fusion-16] [INFO] [1790347218.579392040] [sensor_fusion_wheel_imu_fusion]: wheel_imu_fusion ready
[amcl-12] [0m[INFO] [1790347225.875282054] [rclcpp]: signal_handler(SIGINT/SIGTERM)[0m
[amcl-12] [0m[INFO] [1790347225.875431202] [amcl]: Running Nav2 LifecycleNode rcl preshutdown (amcl)[0m
[amcl-12] [0m[INFO] [1790347225.875545887] [amcl]: Deactivating[0m
[amcl-12] [0m[INFO] [1790347225.875588830] [amcl]: Destroying bond (amcl) to lifecycle manager.[0m
[lifecycle_manager-13] [INFO] [1790347225.875276998] [rclcpp]: signal_handler(SIGINT/SIGTERM)
[lifecycle_manager-13] [INFO] [1790347225.875407395] [lifecycle_manager_localization]: Running Nav2 LifecycleManager rcl preshutdown (lifecycle_manager_localization)
[lifecycle_manager-13] [INFO] [1790347225.875475105] [lifecycle_manager_localization]: [34m[1mTerminating bond timer...[0m[0m
[map_server-11] [INFO] [1790347225.875302757] [rclcpp]: signal_handler(SIGINT/SIGTERM)
[map_server-11] [INFO] [1790347225.875461985] [map_server]: Running Nav2 LifecycleNode rcl preshutdown (map_server)
[map_server-11] [INFO] [1790347225.875557215] [map_server]: Deactivating
[map_server-11] [INFO] [1790347225.875582143] [map_server]: Destroying bond (map_server) to lifecycle manager.
[ekf_node-14] [INFO] [1790347225.875277958] [rclcpp]: signal_handler(SIGINT/SIGTERM)
[twist_marker-7] [INFO] [1790347225.875282406] [rclcpp]: signal_handler(SIGINT/SIGTERM)
[twist_mux-6] [INFO] [1790347225.875324005] [rclcpp]: signal_handler(SIGINT/SIGTERM)
[twist_relay-9] [INFO] [1790347225.875328837] [rclcpp]: signal_handler(SIGINT/SIGTERM)
[joy_node-5] [INFO] [1790347225.875355684] [rclcpp]: signal_handler(SIGINT/SIGTERM)
[robot_state_publisher-2] [INFO] [1790347225.875829337] [rclcpp]: signal_handler(SIGINT/SIGTERM)
[amcl-12] [0m[INFO] [1790347225.885976489] [amcl]: Cleaning up[0m
[map_server-11] [INFO] [1790347225.886268226] [map_server]: Cleaning up
[map_server-11] [INFO] [1790347225.886362144] [map_server]: Destroying bond (map_server) to lifecycle manager.
[amcl-12] [0m[INFO] [1790347225.895353260] [amcl]: Destroying bond (amcl) to lifecycle manager.[0m
[joy_teleop-4] Traceback (most recent call last):
[joy_teleop-4]   File "/opt/ros/humble/lib/joy_teleop/joy_teleop", line 33, in <module>
[joy_teleop-4]     sys.exit(load_entry_point('joy-teleop==1.6.0', 'console_scripts', 'joy_teleop')())
[joy_teleop-4]   File "/opt/ros/humble/lib/python3.10/site-packages/joy_teleop/joy_teleop.py", line 435, in main
[joy_teleop-4]     rclpy.spin(node)
[joy_teleop-4]   File "/opt/ros/humble/local/lib/python3.10/dist-packages/rclpy/__init__.py", line 229, in spin
[joy_teleop-4]     executor.spin_once()
[joy_teleop-4]   File "/opt/ros/humble/local/lib/python3.10/dist-packages/rclpy/executors.py", line 812, in spin_once
[joy_teleop-4]     self._spin_once_impl(timeout_sec)
[joy_teleop-4]   File "/opt/ros/humble/local/lib/python3.10/dist-packages/rclpy/executors.py", line 801, in _spin_once_impl
[joy_teleop-4]     handler, entity, node = self.wait_for_ready_callbacks(timeout_sec=timeout_sec)
[joy_teleop-4]   File "/opt/ros/humble/local/lib/python3.10/dist-packages/rclpy/executors.py", line 784, in wait_for_ready_callbacks
[joy_teleop-4]     return next(self._cb_iter)
[joy_teleop-4]   File "/opt/ros/humble/local/lib/python3.10/dist-packages/rclpy/executors.py", line 685, in _wait_for_ready_callbacks
[joy_teleop-4]     raise ExternalShutdownException()
[joy_teleop-4] rclpy.executors.ExternalShutdownException
[map_server-11] [INFO] [1790347226.008647290] [map_server]: Destroying
[amcl-12] [0m[INFO] [1790347226.019137218] [amcl]: Destroying[0m
[lifecycle_manager-13] [INFO] [1790347226.020340198] [lifecycle_manager_localization]: Destroying lifecycle_manager_localization
[INFO] [ekf_node-14]: process has finished cleanly [pid 1493040]
[INFO] [twist_mux-6]: process has finished cleanly [pid 1492783]
[INFO] [twist_marker-7]: process has finished cleanly [pid 1492785]
[INFO] [twist_relay-9]: process has finished cleanly [pid 1492789]
[INFO] [robot_state_publisher-2]: process has finished cleanly [pid 1492775]
[INFO] [joy_node-5]: process has finished cleanly [pid 1492781]
[mujoco_spawner-3] Traceback (most recent call last):
[mujoco_spawner-3]   File "/home/molar1/bumperbot_ws/install/robot_lab_mujoco/lib/robot_lab_mujoco/mujoco_spawner", line 33, in <module>
[mujoco_spawner-3]     sys.exit(load_entry_point('robot_lab_mujoco==0.1.0', 'console_scripts', 'mujoco_spawner')())
[mujoco_spawner-3]   File "/home/molar1/bumperbot_ws/install/robot_lab_mujoco/lib/python3.10/site-packages/robot_lab_mujoco/mujoco_spawner.py", line 1981, in main
[mujoco_spawner-3]     rclpy.spin(node)
[mujoco_spawner-3]   File "/opt/ros/humble/local/lib/python3.10/dist-packages/rclpy/__init__.py", line 229, in spin
[mujoco_spawner-3]     executor.spin_once()
[mujoco_spawner-3]   File "/opt/ros/humble/local/lib/python3.10/dist-packages/rclpy/executors.py", line 812, in spin_once
[mujoco_spawner-3]     self._spin_once_impl(timeout_sec)
[mujoco_spawner-3]   File "/opt/ros/humble/local/lib/python3.10/dist-packages/rclpy/executors.py", line 801, in _spin_once_impl
[mujoco_spawner-3]     handler, entity, node = self.wait_for_ready_callbacks(timeout_sec=timeout_sec)
[mujoco_spawner-3]   File "/opt/ros/humble/local/lib/python3.10/dist-packages/rclpy/executors.py", line 784, in wait_for_ready_callbacks
[mujoco_spawner-3]     return next(self._cb_iter)
[mujoco_spawner-3]   File "/opt/ros/humble/local/lib/python3.10/dist-packages/rclpy/executors.py", line 657, in _wait_for_ready_callbacks
[mujoco_spawner-3]     wait_set = _rclpy.WaitSet(
[mujoco_spawner-3] rclpy._rclpy_pybind11.RCLError: failed to initialize wait set: the given context is not valid, either rcl_init() was not called or rcl_shutdown() was called., at ./src/rcl/wait.c:130
[imu_republisher.py-15] Traceback (most recent call last):
[imu_republisher.py-15]   File "/home/molar1/bumperbot_ws/install/robot_lab_localization/lib/robot_lab_localization/imu_republisher.py", line 54, in <module>
[imu_republisher.py-15]     main()
[imu_republisher.py-15]   File "/home/molar1/bumperbot_ws/install/robot_lab_localization/lib/robot_lab_localization/imu_republisher.py", line 45, in main
[imu_republisher.py-15]     rclpy.spin(node)
[imu_republisher.py-15]   File "/opt/ros/humble/local/lib/python3.10/dist-packages/rclpy/__init__.py", line 229, in spin
[imu_republisher.py-15]     executor.spin_once()
[imu_republisher.py-15]   File "/opt/ros/humble/local/lib/python3.10/dist-packages/rclpy/executors.py", line 812, in spin_once
[imu_republisher.py-15]     self._spin_once_impl(timeout_sec)
[imu_republisher.py-15]   File "/opt/ros/humble/local/lib/python3.10/dist-packages/rclpy/executors.py", line 801, in _spin_once_impl
[imu_republisher.py-15]     handler, entity, node = self.wait_for_ready_callbacks(timeout_sec=timeout_sec)
[imu_republisher.py-15]   File "/opt/ros/humble/local/lib/python3.10/dist-packages/rclpy/executors.py", line 784, in wait_for_ready_callbacks
[imu_republisher.py-15]     return next(self._cb_iter)
[imu_republisher.py-15]   File "/opt/ros/humble/local/lib/python3.10/dist-packages/rclpy/executors.py", line 685, in _wait_for_ready_callbacks
[imu_republisher.py-15]     raise ExternalShutdownException()
[imu_republisher.py-15] rclpy.executors.ExternalShutdownException
[INFO] [wheel_imu_fusion-16]: process has finished cleanly [pid 1493044]
[INFO] [lifecycle_manager-13]: process has finished cleanly [pid 1493038]
[INFO] [amcl-12]: process has finished cleanly [pid 1493036]
[INFO] [map_server-11]: process has finished cleanly [pid 1493034]
[INFO] [go2-stance-gait-controller-1]: process has finished cleanly [pid 1492773]
[INFO] [joystick_relay.py-8]: process has finished cleanly [pid 1492787]
[ERROR] [imu_republisher.py-15]: process has died [pid 1493042, exit code 1, cmd '/home/molar1/bumperbot_ws/install/robot_lab_localization/lib/robot_lab_localization/imu_republisher.py --ros-args --params-file /workspace/molar/.tmp/launch_params_7uj64o4_'].
[ERROR] [joy_teleop-4]: process has died [pid 1492779, exit code 1, cmd '/opt/ros/humble/lib/joy_teleop/joy_teleop --ros-args --params-file /home/molar1/bumperbot_ws/install/robot_lab_controller/share/robot_lab_controller/config/joy_teleop.yaml --params-file /workspace/molar/.tmp/launch_params_o_pwr0_d'].
[ERROR] [mujoco_spawner-3]: process has died [pid 1492777, exit code 1, cmd '/home/molar1/bumperbot_ws/install/robot_lab_mujoco/lib/robot_lab_mujoco/mujoco_spawner --ros-args -r __node:=mujoco_spawner --params-file /workspace/molar/.tmp/launch_params_hf0jw3vv'].
