[INFO] [launch]: All log files can be found below /home/molar1/.ros/log/2026-09-25-16-40-28-174054-molar1-1493478
[INFO] [launch]: Default logging verbosity is set to INFO
[robot_lab] algorithm localization=amcl -> global_localization stack
[robot_lab] algorithm state_estimation=ekf_localization_node -> local_localization stack
[robot_lab] algorithm sensor_fusion=wheel_imu_fusion -> node robot_lab_algorithms/wheel_imu_fusion
[INFO] [go2-stance-gait-controller-1]: process started with pid [1493537]
[INFO] [robot_state_publisher-2]: process started with pid [1493539]
[INFO] [mujoco_spawner-3]: process started with pid [1493541]
[INFO] [joy_teleop-4]: process started with pid [1493543]
[INFO] [joy_node-5]: process started with pid [1493545]
[INFO] [twist_mux-6]: process started with pid [1493547]
[INFO] [twist_marker-7]: process started with pid [1493549]
[INFO] [joystick_relay.py-8]: process started with pid [1493551]
[INFO] [twist_relay-9]: process started with pid [1493561]
[INFO] [simulator_ready_gate-10]: process started with pid [1493563]
[twist_mux-6] [INFO] [1790347229.105255419] [twist_mux]: Topic handler 'topics.joystick' subscribed to topic 'joy_vel': timeout = 0.500000s , priority = 99.
[robot_state_publisher-2] [INFO] [1790347229.106883220] [robot_state_publisher]: got segment FL_calf
[twist_mux-6] [INFO] [1790347229.107793375] [twist_mux]: Topic handler 'topics.keyboard' subscribed to topic 'key_vel': timeout = 0.500000s , priority = 90.
[robot_state_publisher-2] [INFO] [1790347229.107880317] [robot_state_publisher]: got segment FL_calf_rotor
[robot_state_publisher-2] [INFO] [1790347229.107903132] [robot_state_publisher]: got segment FL_foot
[robot_state_publisher-2] [INFO] [1790347229.107912796] [robot_state_publisher]: got segment FL_hip
[robot_state_publisher-2] [INFO] [1790347229.107920700] [robot_state_publisher]: got segment FL_hip_rotor
[robot_state_publisher-2] [INFO] [1790347229.107928316] [robot_state_publisher]: got segment FL_thigh
[robot_state_publisher-2] [INFO] [1790347229.107935227] [robot_state_publisher]: got segment FL_thigh_rotor
[robot_state_publisher-2] [INFO] [1790347229.107943195] [robot_state_publisher]: got segment FR_calf
[robot_state_publisher-2] [INFO] [1790347229.107950043] [robot_state_publisher]: got segment FR_calf_rotor
[robot_state_publisher-2] [INFO] [1790347229.107957339] [robot_state_publisher]: got segment FR_foot
[robot_state_publisher-2] [INFO] [1790347229.107964539] [robot_state_publisher]: got segment FR_hip
[robot_state_publisher-2] [INFO] [1790347229.107971739] [robot_state_publisher]: got segment FR_hip_rotor
[robot_state_publisher-2] [INFO] [1790347229.107978586] [robot_state_publisher]: got segment FR_thigh
[robot_state_publisher-2] [INFO] [1790347229.107987258] [robot_state_publisher]: got segment FR_thigh_rotor
[robot_state_publisher-2] [INFO] [1790347229.107994490] [robot_state_publisher]: got segment RL_calf
[robot_state_publisher-2] [INFO] [1790347229.108003034] [robot_state_publisher]: got segment RL_calf_rotor
[robot_state_publisher-2] [INFO] [1790347229.108010138] [robot_state_publisher]: got segment RL_foot
[robot_state_publisher-2] [INFO] [1790347229.108017049] [robot_state_publisher]: got segment RL_hip
[robot_state_publisher-2] [INFO] [1790347229.108023929] [robot_state_publisher]: got segment RL_hip_rotor
[robot_state_publisher-2] [INFO] [1790347229.108030873] [robot_state_publisher]: got segment RL_thigh
[robot_state_publisher-2] [INFO] [1790347229.108038073] [robot_state_publisher]: got segment RL_thigh_rotor
[robot_state_publisher-2] [INFO] [1790347229.108044921] [robot_state_publisher]: got segment RR_calf
[robot_state_publisher-2] [INFO] [1790347229.108051993] [robot_state_publisher]: got segment RR_calf_rotor
[robot_state_publisher-2] [INFO] [1790347229.108060120] [robot_state_publisher]: got segment RR_foot
[robot_state_publisher-2] [INFO] [1790347229.108067160] [robot_state_publisher]: got segment RR_hip
[robot_state_publisher-2] [INFO] [1790347229.108073976] [robot_state_publisher]: got segment RR_hip_rotor
[robot_state_publisher-2] [INFO] [1790347229.108080824] [robot_state_publisher]: got segment RR_thigh
[robot_state_publisher-2] [INFO] [1790347229.108088248] [robot_state_publisher]: got segment RR_thigh_rotor
[robot_state_publisher-2] [INFO] [1790347229.108095192] [robot_state_publisher]: got segment base
[robot_state_publisher-2] [INFO] [1790347229.108102263] [robot_state_publisher]: got segment front_camera
[robot_state_publisher-2] [INFO] [1790347229.108109335] [robot_state_publisher]: got segment imu_link
[robot_state_publisher-2] [INFO] [1790347229.108116631] [robot_state_publisher]: got segment trunk
[twist_mux-6] [INFO] [1790347229.109121759] [twist_mux]: Topic handler 'topics.navigation' subscribed to topic 'cmd_vel': timeout = 0.500000s , priority = 80.
[twist_mux-6] [INFO] [1790347229.109294203] [twist_mux]: Topic handler 'locks.safety_stop' subscribed to topic 'safety_stop': timeout = None , priority = 255.
[go2-stance-gait-controller-1] [0;93m2026-09-25 16:40:29.841845762 [W:onnxruntime:Default, device_discovery.cc:164 DiscoverDevicesForPlatform] GPU device discovery failed: device_discovery.cc:89 ReadFileContents Failed to open file: "/sys/class/drm/card1/device/vendor"[m
[go2-stance-gait-controller-1] [INFO] [1790347229.916601596] [go2_stance_gait_controller]: Go2 closed-loop stance: 12 effort joints at 250.0 Hz; controller ONNX velocity policy
[mujoco_spawner-3] [INFO] [1790347231.095305746] [mujoco_spawner]: MuJoCo: 18 collision proxy geom(s) moved to group 3 (viewer Rendering tab to show them).
[mujoco_spawner-3] [INFO] [1790347231.142434104] [mujoco_spawner]: MuJoCo URDF import OK (all meshes staged).
[mujoco_spawner-3] [WARN] [1790347231.154570425] [mujoco_spawner]: MuJoCo effort plant: no MJCF beside /home/molar1/bumperbot_ws/install/robot_lab_robots/share/robot_lab_robots/unitree/go2_description/xacro/go2_sim.xacro names every effort joint; keeping the URDF <dynamics> (damping=5.0 is a Gazebo stabiliser the robot does not have).
[mujoco_spawner-3] [INFO] [1790347231.201704735] [mujoco_spawner]: MuJoCo physics timestep: 0.0010 s
[mujoco_spawner-3] [INFO] [1790347231.203661105] [mujoco_spawner]: Robot has no 'oakd_rgb_camera_frame' link; no RGB-D camera is published.
[mujoco_spawner-3] [INFO] [1790347231.204798134] [mujoco_spawner]: Joints: ['FR_hip_joint', 'FR_thigh_joint', 'FR_calf_joint', 'FL_hip_joint', 'FL_thigh_joint', 'FL_calf_joint', 'RR_hip_joint', 'RR_thigh_joint', 'RR_calf_joint', 'RL_hip_joint', 'RL_thigh_joint', 'RL_calf_joint']   lw= rw=
[mujoco_spawner-3] [INFO] [1790347231.207363513] [mujoco_spawner]: MuJoCo effort joint armature: 0.0100 kg m^2
[mujoco_spawner-3] [INFO] [1790347231.209193518] [mujoco_spawner]: Joint effort input: /go2_group_effort_controller/commands (12 joints, URDF limits)
[mujoco_spawner-3] [INFO] [1790347231.211038050] [mujoco_spawner]: Spawn ground clearance: raised root by 0.2050 m
[mujoco_spawner-3] [INFO] [1790347231.212057258] [mujoco_spawner]: MuJoCo model loaded: 14 bodies, 13 joints
[mujoco_spawner-3] [INFO] [1790347231.212802297] [mujoco_spawner]: MuJoCo gui param=False (resolved=False), DISPLAY=:1 -> mode=DIRECT
[mujoco_spawner-3] [INFO] [1790347231.213503944] [mujoco_spawner]: MuJoCo running headless (gui=False, viewer=True).
[mujoco_spawner-3] [INFO] [1790347231.221404877] [mujoco_spawner]: MuJoCo spawner running.
[INFO] [simulator_ready_gate-10]: process has finished cleanly [pid 1493563]
[INFO] [amcl-12]: process started with pid [1493789]
[INFO] [map_server-11]: process started with pid [1493787]
[INFO] [lifecycle_manager-13]: process started with pid [1493791]
[INFO] [ekf_node-14]: process started with pid [1493793]
[INFO] [imu_republisher.py-15]: process started with pid [1493795]
[INFO] [wheel_imu_fusion-16]: process started with pid [1493797]
[lifecycle_manager-13] [INFO] [1790347231.653909888] [lifecycle_manager_localization]: Creating
[amcl-12] [0m[INFO] [1790347231.654653838] [amcl]: 
[amcl-12] 	amcl lifecycle node launched. 
[amcl-12] 	Waiting on external lifecycle transitions to activate
[amcl-12] 	See https://design.ros2.org/articles/node_lifecycle.html for more information.[0m
[amcl-12] [0m[INFO] [1790347231.655986095] [amcl]: Creating[0m
[lifecycle_manager-13] [INFO] [1790347231.666766320] [lifecycle_manager_localization]: [34m[1mCreating and initializing lifecycle service clients[0m[0m
[map_server-11] [INFO] [1790347231.708509973] [map_server]: 
[map_server-11] 	map_server lifecycle node launched. 
[map_server-11] 	Waiting on external lifecycle transitions to activate
[map_server-11] 	See https://design.ros2.org/articles/node_lifecycle.html for more information.
[map_server-11] [INFO] [1790347231.708725776] [map_server]: Creating
[lifecycle_manager-13] [INFO] [1790347231.714843104] [lifecycle_manager_localization]: [34m[1mStarting managed nodes bringup...[0m[0m
[lifecycle_manager-13] [INFO] [1790347231.714959293] [lifecycle_manager_localization]: [34m[1mConfiguring map_server[0m[0m
[map_server-11] [INFO] [1790347231.717851353] [map_server]: Configuring
[map_server-11] [INFO] [1790347231.717987445] [map_io]: Loading yaml file: /home/molar1/bumperbot_ws/install/robot_lab_maps/share/robot_lab_maps/maps/nav_empty/maps/map.yaml
[map_server-11] [INFO] [1790347231.718396908] [map_io]: resolution: 0.05
[map_server-11] [INFO] [1790347231.718417195] [map_io]: origin[0]: -7
[map_server-11] [INFO] [1790347231.718422795] [map_io]: origin[1]: -7
[map_server-11] [INFO] [1790347231.718427275] [map_io]: origin[2]: 0
[map_server-11] [INFO] [1790347231.718432203] [map_io]: free_thresh: 0.196
[map_server-11] [INFO] [1790347231.718436875] [map_io]: occupied_thresh: 0.65
[map_server-11] [INFO] [1790347231.718443083] [map_io]: mode: trinary
[map_server-11] [INFO] [1790347231.718449770] [map_io]: negate: 0
[map_server-11] [INFO] [1790347231.718755395] [map_io]: Loading image_file: /home/molar1/bumperbot_ws/install/robot_lab_maps/share/robot_lab_maps/maps/nav_empty/maps/map.pgm
[map_server-11] [INFO] [1790347231.730276435] [map_io]: Read map /home/molar1/bumperbot_ws/install/robot_lab_maps/share/robot_lab_maps/maps/nav_empty/maps/map.pgm: 280 X 280 map @ 0.05 m/cell
[lifecycle_manager-13] [INFO] [1790347231.739456890] [lifecycle_manager_localization]: [34m[1mConfiguring amcl[0m[0m
[amcl-12] [0m[INFO] [1790347231.740614431] [amcl]: Configuring[0m
[amcl-12] [0m[INFO] [1790347231.740779771] [amcl]: initTransforms[0m
[amcl-12] [0m[INFO] [1790347231.753776456] [amcl]: initPubSub[0m
[amcl-12] [0m[INFO] [1790347231.767261609] [amcl]: Subscribed to map topic.[0m
[lifecycle_manager-13] [INFO] [1790347231.776204853] [lifecycle_manager_localization]: [34m[1mActivating map_server[0m[0m
[map_server-11] [INFO] [1790347231.777512951] [map_server]: Activating
[map_server-11] [INFO] [1790347231.777852687] [map_server]: Creating bond (map_server) to lifecycle manager.
[amcl-12] [0m[INFO] [1790347231.779333324] [amcl]: Received a 280 X 280 map @ 0.050 m/pix[0m
[lifecycle_manager-13] [INFO] [1790347231.886628996] [lifecycle_manager_localization]: Server map_server connected with bond.
[lifecycle_manager-13] [INFO] [1790347231.886721826] [lifecycle_manager_localization]: [34m[1mActivating amcl[0m[0m
[amcl-12] [0m[INFO] [1790347231.887044794] [amcl]: Activating[0m
[amcl-12] [0m[INFO] [1790347231.887157751] [amcl]: initialPoseReceived[0m
[amcl-12] [0m[INFO] [1790347231.887390706] [amcl]: Setting pose (0.552000): -0.500 -0.500 0.000[0m
[amcl-12] [0m[INFO] [1790347231.887976804] [amcl]: Creating bond (amcl) to lifecycle manager.[0m
[amcl-12] [0m[INFO] [1790347231.981932343] [amcl]: createLaserObject[0m
[lifecycle_manager-13] [INFO] [1790347231.992444895] [lifecycle_manager_localization]: Server amcl connected with bond.
[lifecycle_manager-13] [INFO] [1790347231.992536829] [lifecycle_manager_localization]: [34m[1mManaged nodes are active[0m[0m
[lifecycle_manager-13] [INFO] [1790347231.992559740] [lifecycle_manager_localization]: [34m[1mCreating bond timer...[0m[0m
[wheel_imu_fusion-16] [INFO] [1790347232.383302504] [sensor_fusion_wheel_imu_fusion]: wheel_imu_fusion ready
[amcl-12] [0m[INFO] [1790347239.797414079] [rclcpp]: signal_handler(SIGINT/SIGTERM)[0m
[map_server-11] [INFO] [1790347239.797471486] [rclcpp]: signal_handler(SIGINT/SIGTERM)
[map_server-11] [INFO] [1790347239.797656377] [map_server]: Running Nav2 LifecycleNode rcl preshutdown (map_server)
[ekf_node-14] [INFO] [1790347239.797471070] [rclcpp]: signal_handler(SIGINT/SIGTERM)
[twist_marker-7] [INFO] [1790347239.797471678] [rclcpp]: signal_handler(SIGINT/SIGTERM)
[twist_relay-9] [INFO] [1790347239.797512189] [rclcpp]: signal_handler(SIGINT/SIGTERM)
[lifecycle_manager-13] [INFO] [1790347239.797735831] [rclcpp]: signal_handler(SIGINT/SIGTERM)
[lifecycle_manager-13] [INFO] [1790347239.797827157] [lifecycle_manager_localization]: Running Nav2 LifecycleManager rcl preshutdown (lifecycle_manager_localization)
[lifecycle_manager-13] [INFO] [1790347239.797882260] [lifecycle_manager_localization]: [34m[1mTerminating bond timer...[0m[0m
[map_server-11] [INFO] [1790347239.797764727] [map_server]: Deactivating
[map_server-11] [INFO] [1790347239.797789846] [map_server]: Destroying bond (map_server) to lifecycle manager.
[robot_state_publisher-2] [INFO] [1790347239.797996625] [rclcpp]: signal_handler(SIGINT/SIGTERM)
[twist_mux-6] [INFO] [1790347239.798139310] [rclcpp]: signal_handler(SIGINT/SIGTERM)
[joy_node-5] [INFO] [1790347239.798340713] [rclcpp]: signal_handler(SIGINT/SIGTERM)
[amcl-12] [0m[INFO] [1790347239.799413232] [amcl]: Running Nav2 LifecycleNode rcl preshutdown (amcl)[0m
[amcl-12] [0m[INFO] [1790347239.799559276] [amcl]: Deactivating[0m
[amcl-12] [0m[INFO] [1790347239.799765191] [amcl]: Destroying bond (amcl) to lifecycle manager.[0m
[map_server-11] [INFO] [1790347239.808136833] [map_server]: Cleaning up
[map_server-11] [INFO] [1790347239.808237855] [map_server]: Destroying bond (map_server) to lifecycle manager.
[amcl-12] [0m[INFO] [1790347239.810122258] [amcl]: Cleaning up[0m
[amcl-12] [0m[INFO] [1790347239.829370986] [amcl]: Destroying bond (amcl) to lifecycle manager.[0m
[joystick_relay.py-8] Traceback (most recent call last):
[joystick_relay.py-8]   File "/opt/ros/humble/lib/twist_mux/joystick_relay.py", line 302, in <module>
[joystick_relay.py-8]     main()
[joystick_relay.py-8]   File "/opt/ros/humble/lib/twist_mux/joystick_relay.py", line 293, in main
[joystick_relay.py-8]     rclpy.spin(node)
[joystick_relay.py-8]   File "/opt/ros/humble/local/lib/python3.10/dist-packages/rclpy/__init__.py", line 229, in spin
[joystick_relay.py-8]     executor.spin_once()
[joystick_relay.py-8]   File "/opt/ros/humble/local/lib/python3.10/dist-packages/rclpy/executors.py", line 812, in spin_once
[joystick_relay.py-8]     self._spin_once_impl(timeout_sec)
[joystick_relay.py-8]   File "/opt/ros/humble/local/lib/python3.10/dist-packages/rclpy/executors.py", line 801, in _spin_once_impl
[joystick_relay.py-8]     handler, entity, node = self.wait_for_ready_callbacks(timeout_sec=timeout_sec)
[joystick_relay.py-8]   File "/opt/ros/humble/local/lib/python3.10/dist-packages/rclpy/executors.py", line 784, in wait_for_ready_callbacks
[joystick_relay.py-8]     return next(self._cb_iter)
[joystick_relay.py-8]   File "/opt/ros/humble/local/lib/python3.10/dist-packages/rclpy/executors.py", line 657, in _wait_for_ready_callbacks
[joystick_relay.py-8]     wait_set = _rclpy.WaitSet(
[joystick_relay.py-8] rclpy._rclpy_pybind11.RCLError: failed to initialize wait set: the given context is not valid, either rcl_init() was not called or rcl_shutdown() was called., at ./src/rcl/wait.c:130
[map_server-11] [INFO] [1790347239.983520105] [map_server]: Destroying
[amcl-12] [0m[INFO] [1790347239.991447149] [amcl]: Destroying[0m
[lifecycle_manager-13] [INFO] [1790347239.991902466] [lifecycle_manager_localization]: Destroying lifecycle_manager_localization
[INFO] [twist_marker-7]: process has finished cleanly [pid 1493549]
[INFO] [twist_relay-9]: process has finished cleanly [pid 1493561]
[INFO] [robot_state_publisher-2]: process has finished cleanly [pid 1493539]
[INFO] [joy_node-5]: process has finished cleanly [pid 1493545]
[INFO] [ekf_node-14]: process has finished cleanly [pid 1493793]
[INFO] [twist_mux-6]: process has finished cleanly [pid 1493547]
[joy_teleop-4] Traceback (most recent call last):
[joy_teleop-4]   File "/opt/ros/humble/lib/joy_teleop/joy_teleop", line 33, in <module>
[joy_teleop-4]     sys.exit(load_entry_point('joy-teleop==1.6.0', 'console_scripts', 'joy_teleop')())
[joy_teleop-4]   File "/opt/ros/humble/lib/python3.10/site-packages/joy_teleop/joy_teleop.py", line 442, in main
[joy_teleop-4]     rclpy.shutdown()
[joy_teleop-4]   File "/opt/ros/humble/local/lib/python3.10/dist-packages/rclpy/__init__.py", line 130, in shutdown
[joy_teleop-4]     _shutdown(context=context)
[joy_teleop-4]   File "/opt/ros/humble/local/lib/python3.10/dist-packages/rclpy/utilities.py", line 58, in shutdown
[joy_teleop-4]     return context.shutdown()
[joy_teleop-4]   File "/opt/ros/humble/local/lib/python3.10/dist-packages/rclpy/context.py", line 102, in shutdown
[joy_teleop-4]     self.__context.shutdown()
[joy_teleop-4] rclpy._rclpy_pybind11.RCLError: failed to shutdown: rcl_shutdown already called on the given context, at ./src/rcl/init.c:241
[imu_republisher.py-15] Traceback (most recent call last):
[imu_republisher.py-15]   File "/home/molar1/bumperbot_ws/install/robot_lab_localization/lib/robot_lab_localization/imu_republisher.py", line 54, in <module>
[imu_republisher.py-15]     main()
[imu_republisher.py-15]   File "/home/molar1/bumperbot_ws/install/robot_lab_localization/lib/robot_lab_localization/imu_republisher.py", line 45, in main
[imu_republisher.py-15]     rclpy.spin(node)
[imu_republisher.py-15]   File "/opt/ros/humble/local/lib/python3.10/dist-packages/rclpy/__init__.py", line 229, in spin
[imu_republisher.py-15]     executor.spin_once()
[imu_republisher.py-15]   File "/opt/ros/humble/local/lib/python3.10/dist-packages/rclpy/executors.py", line 812, in spin_once
[imu_republisher.py-15]     self._spin_once_impl(timeout_sec)
[imu_republisher.py-15]   File "/opt/ros/humble/local/lib/python3.10/dist-packages/rclpy/executors.py", line 801, in _spin_once_impl
[imu_republisher.py-15]     handler, entity, node = self.wait_for_ready_callbacks(timeout_sec=timeout_sec)
[imu_republisher.py-15]   File "/opt/ros/humble/local/lib/python3.10/dist-packages/rclpy/executors.py", line 784, in wait_for_ready_callbacks
[imu_republisher.py-15]     return next(self._cb_iter)
[imu_republisher.py-15]   File "/opt/ros/humble/local/lib/python3.10/dist-packages/rclpy/executors.py", line 657, in _wait_for_ready_callbacks
[imu_republisher.py-15]     wait_set = _rclpy.WaitSet(
[imu_republisher.py-15] rclpy._rclpy_pybind11.RCLError: failed to initialize wait set: the given context is not valid, either rcl_init() was not called or rcl_shutdown() was called., at ./src/rcl/wait.c:130
[INFO] [wheel_imu_fusion-16]: process has finished cleanly [pid 1493797]
[INFO] [go2-stance-gait-controller-1]: process has finished cleanly [pid 1493537]
[ERROR] [imu_republisher.py-15]: process has died [pid 1493795, exit code 1, cmd '/home/molar1/bumperbot_ws/install/robot_lab_localization/lib/robot_lab_localization/imu_republisher.py --ros-args --params-file /workspace/molar/.tmp/launch_params_uw7obslj'].
[ERROR] [joy_teleop-4]: process has died [pid 1493543, exit code 1, cmd '/opt/ros/humble/lib/joy_teleop/joy_teleop --ros-args --params-file /home/molar1/bumperbot_ws/install/robot_lab_controller/share/robot_lab_controller/config/joy_teleop.yaml --params-file /workspace/molar/.tmp/launch_params_1cdggpk8'].
[INFO] [mujoco_spawner-3]: process has finished cleanly [pid 1493541]
[INFO] [lifecycle_manager-13]: process has finished cleanly [pid 1493791]
[INFO] [map_server-11]: process has finished cleanly [pid 1493787]
[INFO] [amcl-12]: process has finished cleanly [pid 1493789]
[ERROR] [joystick_relay.py-8]: process has died [pid 1493551, exit code 1, cmd '/opt/ros/humble/lib/twist_mux/joystick_relay.py --ros-args --params-file /workspace/molar/.tmp/launch_params_pmz1jns1 --params-file /home/molar1/bumperbot_ws/install/robot_lab_controller/share/robot_lab_controller/config/twist_mux_joy.yaml -r joy_vel_out:=joy_vel -r joy_vel_in:=input_joy/cmd_vel'].
