[INFO] [launch]: All log files can be found below /home/molar1/.ros/log/2026-09-25-16-40-42-063600-molar1-1494058
[INFO] [launch]: Default logging verbosity is set to INFO
[robot_lab] algorithm localization=amcl -> global_localization stack
[robot_lab] algorithm state_estimation=ekf_localization_node -> local_localization stack
[robot_lab] algorithm sensor_fusion=wheel_imu_fusion -> node robot_lab_algorithms/wheel_imu_fusion
[INFO] [go2-stance-gait-controller-1]: process started with pid [1494090]
[INFO] [robot_state_publisher-2]: process started with pid [1494093]
[INFO] [mujoco_spawner-3]: process started with pid [1494095]
[INFO] [joy_teleop-4]: process started with pid [1494097]
[INFO] [joy_node-5]: process started with pid [1494099]
[INFO] [twist_mux-6]: process started with pid [1494101]
[INFO] [twist_marker-7]: process started with pid [1494103]
[INFO] [joystick_relay.py-8]: process started with pid [1494105]
[INFO] [twist_relay-9]: process started with pid [1494113]
[INFO] [simulator_ready_gate-10]: process started with pid [1494115]
[twist_mux-6] [INFO] [1790347243.000824093] [twist_mux]: Topic handler 'topics.joystick' subscribed to topic 'joy_vel': timeout = 0.500000s , priority = 99.
[twist_mux-6] [INFO] [1790347243.001826118] [twist_mux]: Topic handler 'topics.keyboard' subscribed to topic 'key_vel': timeout = 0.500000s , priority = 90.
[twist_mux-6] [INFO] [1790347243.002016929] [twist_mux]: Topic handler 'topics.navigation' subscribed to topic 'cmd_vel': timeout = 0.500000s , priority = 80.
[twist_mux-6] [INFO] [1790347243.002147326] [twist_mux]: Topic handler 'locks.safety_stop' subscribed to topic 'safety_stop': timeout = None , priority = 255.
[robot_state_publisher-2] [INFO] [1790347243.042789979] [robot_state_publisher]: got segment FL_calf
[robot_state_publisher-2] [INFO] [1790347243.044169946] [robot_state_publisher]: got segment FL_calf_rotor
[robot_state_publisher-2] [INFO] [1790347243.044956807] [robot_state_publisher]: got segment FL_foot
[robot_state_publisher-2] [INFO] [1790347243.045569305] [robot_state_publisher]: got segment FL_hip
[robot_state_publisher-2] [INFO] [1790347243.046081933] [robot_state_publisher]: got segment FL_hip_rotor
[robot_state_publisher-2] [INFO] [1790347243.046528354] [robot_state_publisher]: got segment FL_thigh
[robot_state_publisher-2] [INFO] [1790347243.046950552] [robot_state_publisher]: got segment FL_thigh_rotor
[robot_state_publisher-2] [INFO] [1790347243.047380462] [robot_state_publisher]: got segment FR_calf
[robot_state_publisher-2] [INFO] [1790347243.047814308] [robot_state_publisher]: got segment FR_calf_rotor
[robot_state_publisher-2] [INFO] [1790347243.048266361] [robot_state_publisher]: got segment FR_foot
[robot_state_publisher-2] [INFO] [1790347243.048713614] [robot_state_publisher]: got segment FR_hip
[robot_state_publisher-2] [INFO] [1790347243.049134020] [robot_state_publisher]: got segment FR_hip_rotor
[robot_state_publisher-2] [INFO] [1790347243.050159020] [robot_state_publisher]: got segment FR_thigh
[robot_state_publisher-2] [INFO] [1790347243.050621057] [robot_state_publisher]: got segment FR_thigh_rotor
[robot_state_publisher-2] [INFO] [1790347243.051065463] [robot_state_publisher]: got segment RL_calf
[robot_state_publisher-2] [INFO] [1790347243.051659561] [robot_state_publisher]: got segment RL_calf_rotor
[robot_state_publisher-2] [INFO] [1790347243.052244923] [robot_state_publisher]: got segment RL_foot
[robot_state_publisher-2] [INFO] [1790347243.052823725] [robot_state_publisher]: got segment RL_hip
[robot_state_publisher-2] [INFO] [1790347243.053385376] [robot_state_publisher]: got segment RL_hip_rotor
[robot_state_publisher-2] [INFO] [1790347243.053992113] [robot_state_publisher]: got segment RL_thigh
[robot_state_publisher-2] [INFO] [1790347243.054581859] [robot_state_publisher]: got segment RL_thigh_rotor
[robot_state_publisher-2] [INFO] [1790347243.055213780] [robot_state_publisher]: got segment RR_calf
[robot_state_publisher-2] [INFO] [1790347243.055802246] [robot_state_publisher]: got segment RR_calf_rotor
[robot_state_publisher-2] [INFO] [1790347243.056411864] [robot_state_publisher]: got segment RR_foot
[robot_state_publisher-2] [INFO] [1790347243.056435767] [robot_state_publisher]: got segment RR_hip
[robot_state_publisher-2] [INFO] [1790347243.056446615] [robot_state_publisher]: got segment RR_hip_rotor
[robot_state_publisher-2] [INFO] [1790347243.056455351] [robot_state_publisher]: got segment RR_thigh
[robot_state_publisher-2] [INFO] [1790347243.056463191] [robot_state_publisher]: got segment RR_thigh_rotor
[robot_state_publisher-2] [INFO] [1790347243.056470231] [robot_state_publisher]: got segment base
[robot_state_publisher-2] [INFO] [1790347243.056477590] [robot_state_publisher]: got segment front_camera
[robot_state_publisher-2] [INFO] [1790347243.056484630] [robot_state_publisher]: got segment imu_link
[robot_state_publisher-2] [INFO] [1790347243.056493302] [robot_state_publisher]: got segment trunk
[go2-stance-gait-controller-1] [0;93m2026-09-25 16:40:43.733007223 [W:onnxruntime:Default, device_discovery.cc:164 DiscoverDevicesForPlatform] GPU device discovery failed: device_discovery.cc:89 ReadFileContents Failed to open file: "/sys/class/drm/card1/device/vendor"[m
[go2-stance-gait-controller-1] [INFO] [1790347243.815942026] [go2_stance_gait_controller]: Go2 closed-loop stance: 12 effort joints at 250.0 Hz; controller ONNX velocity policy
[mujoco_spawner-3] [INFO] [1790347245.016869851] [mujoco_spawner]: MuJoCo: 18 collision proxy geom(s) moved to group 3 (viewer Rendering tab to show them).
[mujoco_spawner-3] [INFO] [1790347245.063967071] [mujoco_spawner]: MuJoCo URDF import OK (all meshes staged).
[mujoco_spawner-3] [WARN] [1790347245.074800702] [mujoco_spawner]: MuJoCo effort plant: no MJCF beside /home/molar1/bumperbot_ws/install/robot_lab_robots/share/robot_lab_robots/unitree/go2_description/xacro/go2_sim.xacro names every effort joint; keeping the URDF <dynamics> (damping=5.0 is a Gazebo stabiliser the robot does not have).
[mujoco_spawner-3] [INFO] [1790347245.120448516] [mujoco_spawner]: MuJoCo physics timestep: 0.0010 s
[mujoco_spawner-3] [INFO] [1790347245.121973183] [mujoco_spawner]: Robot has no 'oakd_rgb_camera_frame' link; no RGB-D camera is published.
[mujoco_spawner-3] [INFO] [1790347245.122867402] [mujoco_spawner]: Joints: ['FR_hip_joint', 'FR_thigh_joint', 'FR_calf_joint', 'FL_hip_joint', 'FL_thigh_joint', 'FL_calf_joint', 'RR_hip_joint', 'RR_thigh_joint', 'RR_calf_joint', 'RL_hip_joint', 'RL_thigh_joint', 'RL_calf_joint']   lw= rw=
[mujoco_spawner-3] [INFO] [1790347245.124910330] [mujoco_spawner]: MuJoCo effort joint armature: 0.0100 kg m^2
[mujoco_spawner-3] [INFO] [1790347245.126308217] [mujoco_spawner]: Joint effort input: /go2_group_effort_controller/commands (12 joints, URDF limits)
[mujoco_spawner-3] [INFO] [1790347245.127750775] [mujoco_spawner]: Spawn ground clearance: raised root by 0.2050 m
[mujoco_spawner-3] [INFO] [1790347245.128516932] [mujoco_spawner]: MuJoCo model loaded: 14 bodies, 13 joints
[mujoco_spawner-3] [INFO] [1790347245.129027128] [mujoco_spawner]: MuJoCo gui param=False (resolved=False), DISPLAY=:1 -> mode=DIRECT
[mujoco_spawner-3] [INFO] [1790347245.129509261] [mujoco_spawner]: MuJoCo running headless (gui=False, viewer=True).
[mujoco_spawner-3] [INFO] [1790347245.135394945] [mujoco_spawner]: MuJoCo spawner running.
[INFO] [simulator_ready_gate-10]: process has finished cleanly [pid 1494115]
[INFO] [amcl-12]: process started with pid [1494361]
[INFO] [map_server-11]: process started with pid [1494359]
[INFO] [lifecycle_manager-13]: process started with pid [1494363]
[INFO] [ekf_node-14]: process started with pid [1494365]
[INFO] [imu_republisher.py-15]: process started with pid [1494367]
[INFO] [wheel_imu_fusion-16]: process started with pid [1494369]
[amcl-12] [0m[INFO] [1790347245.572766017] [amcl]: 
[amcl-12] 	amcl lifecycle node launched. 
[amcl-12] 	Waiting on external lifecycle transitions to activate
[amcl-12] 	See https://design.ros2.org/articles/node_lifecycle.html for more information.[0m
[amcl-12] [0m[INFO] [1790347245.575624093] [amcl]: Creating[0m
[map_server-11] [INFO] [1790347245.580624870] [map_server]: 
[map_server-11] 	map_server lifecycle node launched. 
[map_server-11] 	Waiting on external lifecycle transitions to activate
[map_server-11] 	See https://design.ros2.org/articles/node_lifecycle.html for more information.
[map_server-11] [INFO] [1790347245.580830466] [map_server]: Creating
[lifecycle_manager-13] [INFO] [1790347245.642790373] [lifecycle_manager_localization]: Creating
[lifecycle_manager-13] [INFO] [1790347245.649422407] [lifecycle_manager_localization]: [34m[1mCreating and initializing lifecycle service clients[0m[0m
[lifecycle_manager-13] [INFO] [1790347245.658408338] [lifecycle_manager_localization]: [34m[1mStarting managed nodes bringup...[0m[0m
[lifecycle_manager-13] [INFO] [1790347245.658520880] [lifecycle_manager_localization]: [34m[1mConfiguring map_server[0m[0m
[map_server-11] [INFO] [1790347245.754512684] [map_server]: Configuring
[map_server-11] [INFO] [1790347245.754659177] [map_io]: Loading yaml file: /home/molar1/bumperbot_ws/install/robot_lab_maps/share/robot_lab_maps/maps/nav_empty/maps/map.yaml
[map_server-11] [INFO] [1790347245.755089118] [map_io]: resolution: 0.05
[map_server-11] [INFO] [1790347245.755108542] [map_io]: origin[0]: -7
[map_server-11] [INFO] [1790347245.755114942] [map_io]: origin[1]: -7
[map_server-11] [INFO] [1790347245.755119774] [map_io]: origin[2]: 0
[map_server-11] [INFO] [1790347245.755125022] [map_io]: free_thresh: 0.196
[map_server-11] [INFO] [1790347245.755130461] [map_io]: occupied_thresh: 0.65
[map_server-11] [INFO] [1790347245.755136797] [map_io]: mode: trinary
[map_server-11] [INFO] [1790347245.755144541] [map_io]: negate: 0
[map_server-11] [INFO] [1790347245.755490453] [map_io]: Loading image_file: /home/molar1/bumperbot_ws/install/robot_lab_maps/share/robot_lab_maps/maps/nav_empty/maps/map.pgm
[map_server-11] [INFO] [1790347245.769649733] [map_io]: Read map /home/molar1/bumperbot_ws/install/robot_lab_maps/share/robot_lab_maps/maps/nav_empty/maps/map.pgm: 280 X 280 map @ 0.05 m/cell
[lifecycle_manager-13] [INFO] [1790347245.788971355] [lifecycle_manager_localization]: [34m[1mConfiguring amcl[0m[0m
[amcl-12] [0m[INFO] [1790347245.790574613] [amcl]: Configuring[0m
[amcl-12] [0m[INFO] [1790347245.791053930] [amcl]: initTransforms[0m
[amcl-12] [0m[INFO] [1790347245.817848111] [amcl]: initPubSub[0m
[amcl-12] [0m[INFO] [1790347245.833115717] [amcl]: Subscribed to map topic.[0m
[lifecycle_manager-13] [INFO] [1790347245.858875810] [lifecycle_manager_localization]: [34m[1mActivating map_server[0m[0m
[map_server-11] [INFO] [1790347245.859164347] [map_server]: Activating
[map_server-11] [INFO] [1790347245.859469012] [map_server]: Creating bond (map_server) to lifecycle manager.
[amcl-12] [0m[INFO] [1790347245.861345607] [amcl]: Received a 280 X 280 map @ 0.050 m/pix[0m
[amcl-12] [0m[INFO] [1790347245.964683158] [amcl]: Activating[0m
[amcl-12] [0m[INFO] [1790347245.964780051] [amcl]: initialPoseReceived[0m
[amcl-12] [0m[INFO] [1790347245.964834226] [amcl]: Setting pose (0.600000): -0.500 -0.500 0.000[0m
[lifecycle_manager-13] [INFO] [1790347245.964289471] [lifecycle_manager_localization]: Server map_server connected with bond.
[lifecycle_manager-13] [INFO] [1790347245.964392797] [lifecycle_manager_localization]: [34m[1mActivating amcl[0m[0m
[amcl-12] [0m[INFO] [1790347245.965399045] [amcl]: Creating bond (amcl) to lifecycle manager.[0m
[amcl-12] [0m[INFO] [1790347246.020654375] [amcl]: createLaserObject[0m
[lifecycle_manager-13] [INFO] [1790347246.069122153] [lifecycle_manager_localization]: Server amcl connected with bond.
[lifecycle_manager-13] [INFO] [1790347246.069216359] [lifecycle_manager_localization]: [34m[1mManaged nodes are active[0m[0m
[lifecycle_manager-13] [INFO] [1790347246.069238279] [lifecycle_manager_localization]: [34m[1mCreating bond timer...[0m[0m
[wheel_imu_fusion-16] [INFO] [1790347246.555010088] [sensor_fusion_wheel_imu_fusion]: wheel_imu_fusion ready
[lifecycle_manager-13] [INFO] [1790347253.904374530] [rclcpp]: signal_handler(SIGINT/SIGTERM)
[lifecycle_manager-13] [INFO] [1790347253.904511839] [lifecycle_manager_localization]: Running Nav2 LifecycleManager rcl preshutdown (lifecycle_manager_localization)
[lifecycle_manager-13] [INFO] [1790347253.904576669] [lifecycle_manager_localization]: [34m[1mTerminating bond timer...[0m[0m
[map_server-11] [INFO] [1790347253.904388162] [rclcpp]: signal_handler(SIGINT/SIGTERM)
[map_server-11] [INFO] [1790347253.904552382] [map_server]: Running Nav2 LifecycleNode rcl preshutdown (map_server)
[map_server-11] [INFO] [1790347253.904659931] [map_server]: Deactivating
[map_server-11] [INFO] [1790347253.904684827] [map_server]: Destroying bond (map_server) to lifecycle manager.
[joy_node-5] [INFO] [1790347253.904388450] [rclcpp]: signal_handler(SIGINT/SIGTERM)
[ekf_node-14] [INFO] [1790347253.904378690] [rclcpp]: signal_handler(SIGINT/SIGTERM)
[twist_mux-6] [INFO] [1790347253.904405185] [rclcpp]: signal_handler(SIGINT/SIGTERM)
[twist_relay-9] [INFO] [1790347253.904417089] [rclcpp]: signal_handler(SIGINT/SIGTERM)
[twist_marker-7] [INFO] [1790347253.904419553] [rclcpp]: signal_handler(SIGINT/SIGTERM)
[amcl-12] [0m[INFO] [1790347253.904709242] [rclcpp]: signal_handler(SIGINT/SIGTERM)[0m
[amcl-12] [0m[INFO] [1790347253.904826231] [amcl]: Running Nav2 LifecycleNode rcl preshutdown (amcl)[0m
[robot_state_publisher-2] [INFO] [1790347253.904945685] [rclcpp]: signal_handler(SIGINT/SIGTERM)
[amcl-12] [0m[INFO] [1790347253.905287468] [amcl]: Deactivating[0m
[amcl-12] [0m[INFO] [1790347253.905504391] [amcl]: Destroying bond (amcl) to lifecycle manager.[0m
[amcl-12] [0m[INFO] [1790347253.915857745] [amcl]: Cleaning up[0m
[map_server-11] [INFO] [1790347253.915452411] [map_server]: Cleaning up
[map_server-11] [INFO] [1790347253.915553145] [map_server]: Destroying bond (map_server) to lifecycle manager.
[amcl-12] [0m[INFO] [1790347253.951360646] [amcl]: Destroying bond (amcl) to lifecycle manager.[0m
[joy_teleop-4] Traceback (most recent call last):
[joy_teleop-4]   File "/opt/ros/humble/lib/joy_teleop/joy_teleop", line 33, in <module>
[joy_teleop-4]     sys.exit(load_entry_point('joy-teleop==1.6.0', 'console_scripts', 'joy_teleop')())
[joy_teleop-4]   File "/opt/ros/humble/lib/python3.10/site-packages/joy_teleop/joy_teleop.py", line 435, in main
[joy_teleop-4]     rclpy.spin(node)
[joy_teleop-4]   File "/opt/ros/humble/local/lib/python3.10/dist-packages/rclpy/__init__.py", line 229, in spin
[joy_teleop-4]     executor.spin_once()
[joy_teleop-4]   File "/opt/ros/humble/local/lib/python3.10/dist-packages/rclpy/executors.py", line 812, in spin_once
[joy_teleop-4]     self._spin_once_impl(timeout_sec)
[joy_teleop-4]   File "/opt/ros/humble/local/lib/python3.10/dist-packages/rclpy/executors.py", line 801, in _spin_once_impl
[joy_teleop-4]     handler, entity, node = self.wait_for_ready_callbacks(timeout_sec=timeout_sec)
[joy_teleop-4]   File "/opt/ros/humble/local/lib/python3.10/dist-packages/rclpy/executors.py", line 784, in wait_for_ready_callbacks
[joy_teleop-4]     return next(self._cb_iter)
[joy_teleop-4]   File "/opt/ros/humble/local/lib/python3.10/dist-packages/rclpy/executors.py", line 685, in _wait_for_ready_callbacks
[joy_teleop-4]     raise ExternalShutdownException()
[joy_teleop-4] rclpy.executors.ExternalShutdownException
[map_server-11] [INFO] [1790347254.062647731] [map_server]: Destroying
[lifecycle_manager-13] [INFO] [1790347254.068587910] [lifecycle_manager_localization]: Destroying lifecycle_manager_localization
[amcl-12] [0m[INFO] [1790347254.069250806] [amcl]: Destroying[0m
[INFO] [twist_marker-7]: process has finished cleanly [pid 1494103]
[INFO] [twist_relay-9]: process has finished cleanly [pid 1494113]
[INFO] [ekf_node-14]: process has finished cleanly [pid 1494365]
[INFO] [robot_state_publisher-2]: process has finished cleanly [pid 1494093]
[INFO] [twist_mux-6]: process has finished cleanly [pid 1494101]
[INFO] [joy_node-5]: process has finished cleanly [pid 1494099]
[go2-stance-gait-controller-1] Traceback (most recent call last):
[go2-stance-gait-controller-1]   File "/home/molar1/bumperbot_ws/install/robot_lab_adapter/lib/robot_lab_adapter/go2-stance-gait-controller", line 33, in <module>
[go2-stance-gait-controller-1]     sys.exit(load_entry_point('robot_lab_adapter==0.1.0', 'console_scripts', 'go2-stance-gait-controller')())
[go2-stance-gait-controller-1]   File "/home/molar1/bumperbot_ws/install/robot_lab_adapter/lib/python3.10/site-packages/robot_lab_adapter/go2_stance_gait_controller.py", line 175, in main
[go2-stance-gait-controller-1]     rclpy.spin(node)
[go2-stance-gait-controller-1]   File "/opt/ros/humble/local/lib/python3.10/dist-packages/rclpy/__init__.py", line 229, in spin
[go2-stance-gait-controller-1]     executor.spin_once()
[go2-stance-gait-controller-1]   File "/opt/ros/humble/local/lib/python3.10/dist-packages/rclpy/executors.py", line 812, in spin_once
[go2-stance-gait-controller-1]     self._spin_once_impl(timeout_sec)
[go2-stance-gait-controller-1]   File "/opt/ros/humble/local/lib/python3.10/dist-packages/rclpy/executors.py", line 801, in _spin_once_impl
[go2-stance-gait-controller-1]     handler, entity, node = self.wait_for_ready_callbacks(timeout_sec=timeout_sec)
[go2-stance-gait-controller-1]   File "/opt/ros/humble/local/lib/python3.10/dist-packages/rclpy/executors.py", line 784, in wait_for_ready_callbacks
[go2-stance-gait-controller-1]     return next(self._cb_iter)
[go2-stance-gait-controller-1]   File "/opt/ros/humble/local/lib/python3.10/dist-packages/rclpy/executors.py", line 657, in _wait_for_ready_callbacks
[go2-stance-gait-controller-1]     wait_set = _rclpy.WaitSet(
[go2-stance-gait-controller-1] rclpy._rclpy_pybind11.RCLError: failed to initialize wait set: the given context is not valid, either rcl_init() was not called or rcl_shutdown() was called., at ./src/rcl/wait.c:130
[imu_republisher.py-15] Traceback (most recent call last):
[imu_republisher.py-15]   File "/home/molar1/bumperbot_ws/install/robot_lab_localization/lib/robot_lab_localization/imu_republisher.py", line 54, in <module>
[imu_republisher.py-15]     main()
[imu_republisher.py-15]   File "/home/molar1/bumperbot_ws/install/robot_lab_localization/lib/robot_lab_localization/imu_republisher.py", line 45, in main
[imu_republisher.py-15]     rclpy.spin(node)
[imu_republisher.py-15]   File "/opt/ros/humble/local/lib/python3.10/dist-packages/rclpy/__init__.py", line 229, in spin
[imu_republisher.py-15]     executor.spin_once()
[imu_republisher.py-15]   File "/opt/ros/humble/local/lib/python3.10/dist-packages/rclpy/executors.py", line 812, in spin_once
[imu_republisher.py-15]     self._spin_once_impl(timeout_sec)
[imu_republisher.py-15]   File "/opt/ros/humble/local/lib/python3.10/dist-packages/rclpy/executors.py", line 801, in _spin_once_impl
[imu_republisher.py-15]     handler, entity, node = self.wait_for_ready_callbacks(timeout_sec=timeout_sec)
[imu_republisher.py-15]   File "/opt/ros/humble/local/lib/python3.10/dist-packages/rclpy/executors.py", line 784, in wait_for_ready_callbacks
[imu_republisher.py-15]     return next(self._cb_iter)
[imu_republisher.py-15]   File "/opt/ros/humble/local/lib/python3.10/dist-packages/rclpy/executors.py", line 685, in _wait_for_ready_callbacks
[imu_republisher.py-15]     raise ExternalShutdownException()
[imu_republisher.py-15] rclpy.executors.ExternalShutdownException
[INFO] [wheel_imu_fusion-16]: process has finished cleanly [pid 1494369]
[INFO] [lifecycle_manager-13]: process has finished cleanly [pid 1494363]
[INFO] [amcl-12]: process has finished cleanly [pid 1494361]
[INFO] [map_server-11]: process has finished cleanly [pid 1494359]
[INFO] [joystick_relay.py-8]: process has finished cleanly [pid 1494105]
[ERROR] [go2-stance-gait-controller-1]: process has died [pid 1494090, exit code 1, cmd '/home/molar1/bumperbot_ws/install/robot_lab_adapter/lib/robot_lab_adapter/go2-stance-gait-controller --ros-args --params-file /workspace/molar/.tmp/launch_params_b22974fb'].
[ERROR] [joy_teleop-4]: process has died [pid 1494097, exit code 1, cmd '/opt/ros/humble/lib/joy_teleop/joy_teleop --ros-args --params-file /home/molar1/bumperbot_ws/install/robot_lab_controller/share/robot_lab_controller/config/joy_teleop.yaml --params-file /workspace/molar/.tmp/launch_params_888cebei'].
[ERROR] [imu_republisher.py-15]: process has died [pid 1494367, exit code 1, cmd '/home/molar1/bumperbot_ws/install/robot_lab_localization/lib/robot_lab_localization/imu_republisher.py --ros-args --params-file /workspace/molar/.tmp/launch_params_eqsmeytb'].
[INFO] [mujoco_spawner-3]: process has finished cleanly [pid 1494095]
