[INFO] [launch]: All log files can be found below /home/molar1/.ros/log/2026-09-29-11-06-17-898785-molar1-721894
[INFO] [launch]: Default logging verbosity is set to INFO
[robot_lab] algorithm localization=amcl -> global_localization stack
[robot_lab] algorithm state_estimation=ekf_localization_node -> local_localization stack
[robot_lab] algorithm sensor_fusion=wheel_imu_fusion -> node robot_lab_algorithms/wheel_imu_fusion
[INFO] [go2-stance-gait-controller-1]: process started with pid [721930]
[INFO] [robot_state_publisher-2]: process started with pid [721932]
[INFO] [mujoco_spawner-3]: process started with pid [721934]
[INFO] [joy_teleop-4]: process started with pid [721936]
[INFO] [joy_node-5]: process started with pid [721938]
[INFO] [twist_mux-6]: process started with pid [721940]
[INFO] [twist_marker-7]: process started with pid [721942]
[INFO] [joystick_relay.py-8]: process started with pid [721944]
[INFO] [twist_relay-9]: process started with pid [721948]
[INFO] [simulator_ready_gate-10]: process started with pid [721950]
[robot_state_publisher-2] [INFO] [1790672778.902482604] [robot_state_publisher]: got segment FL_calf
[robot_state_publisher-2] [INFO] [1790672778.902689960] [robot_state_publisher]: got segment FL_calf_rotor
[robot_state_publisher-2] [INFO] [1790672778.902711303] [robot_state_publisher]: got segment FL_foot
[robot_state_publisher-2] [INFO] [1790672778.902721095] [robot_state_publisher]: got segment FL_hip
[robot_state_publisher-2] [INFO] [1790672778.902729095] [robot_state_publisher]: got segment FL_hip_rotor
[robot_state_publisher-2] [INFO] [1790672778.902737191] [robot_state_publisher]: got segment FL_thigh
[robot_state_publisher-2] [INFO] [1790672778.902745223] [robot_state_publisher]: got segment FL_thigh_rotor
[robot_state_publisher-2] [INFO] [1790672778.902753094] [robot_state_publisher]: got segment FR_calf
[robot_state_publisher-2] [INFO] [1790672778.902760390] [robot_state_publisher]: got segment FR_calf_rotor
[robot_state_publisher-2] [INFO] [1790672778.902767718] [robot_state_publisher]: got segment FR_foot
[robot_state_publisher-2] [INFO] [1790672778.902774918] [robot_state_publisher]: got segment FR_hip
[robot_state_publisher-2] [INFO] [1790672778.902782246] [robot_state_publisher]: got segment FR_hip_rotor
[robot_state_publisher-2] [INFO] [1790672778.902789414] [robot_state_publisher]: got segment FR_thigh
[robot_state_publisher-2] [INFO] [1790672778.902796486] [robot_state_publisher]: got segment FR_thigh_rotor
[robot_state_publisher-2] [INFO] [1790672778.902803589] [robot_state_publisher]: got segment RL_calf
[robot_state_publisher-2] [INFO] [1790672778.902810661] [robot_state_publisher]: got segment RL_calf_rotor
[robot_state_publisher-2] [INFO] [1790672778.902817733] [robot_state_publisher]: got segment RL_foot
[robot_state_publisher-2] [INFO] [1790672778.902824773] [robot_state_publisher]: got segment RL_hip
[robot_state_publisher-2] [INFO] [1790672778.902831941] [robot_state_publisher]: got segment RL_hip_rotor
[robot_state_publisher-2] [INFO] [1790672778.902839045] [robot_state_publisher]: got segment RL_thigh
[robot_state_publisher-2] [INFO] [1790672778.902845925] [robot_state_publisher]: got segment RL_thigh_rotor
[robot_state_publisher-2] [INFO] [1790672778.902852836] [robot_state_publisher]: got segment RR_calf
[robot_state_publisher-2] [INFO] [1790672778.902859876] [robot_state_publisher]: got segment RR_calf_rotor
[robot_state_publisher-2] [INFO] [1790672778.902866948] [robot_state_publisher]: got segment RR_foot
[robot_state_publisher-2] [INFO] [1790672778.902873732] [robot_state_publisher]: got segment RR_hip
[robot_state_publisher-2] [INFO] [1790672778.902880804] [robot_state_publisher]: got segment RR_hip_rotor
[robot_state_publisher-2] [INFO] [1790672778.902887588] [robot_state_publisher]: got segment RR_thigh
[robot_state_publisher-2] [INFO] [1790672778.902894308] [robot_state_publisher]: got segment RR_thigh_rotor
[robot_state_publisher-2] [INFO] [1790672778.902901123] [robot_state_publisher]: got segment base
[robot_state_publisher-2] [INFO] [1790672778.902908099] [robot_state_publisher]: got segment front_camera
[robot_state_publisher-2] [INFO] [1790672778.902914947] [robot_state_publisher]: got segment imu_link
[robot_state_publisher-2] [INFO] [1790672778.902921955] [robot_state_publisher]: got segment trunk
[twist_mux-6] [INFO] [1790672778.914995982] [twist_mux]: Topic handler 'topics.joystick' subscribed to topic 'joy_vel': timeout = 0.500000s , priority = 99.
[twist_mux-6] [INFO] [1790672778.918005616] [twist_mux]: Topic handler 'topics.keyboard' subscribed to topic 'key_vel': timeout = 0.500000s , priority = 90.
[twist_mux-6] [INFO] [1790672778.919869323] [twist_mux]: Topic handler 'topics.navigation' subscribed to topic 'cmd_vel': timeout = 0.500000s , priority = 80.
[twist_mux-6] [INFO] [1790672778.923487265] [twist_mux]: Topic handler 'locks.safety_stop' subscribed to topic 'safety_stop': timeout = None , priority = 255.
[go2-stance-gait-controller-1] [0;93m2026-09-29 11:06:19.616160579 [W:onnxruntime:Default, device_discovery.cc:164 DiscoverDevicesForPlatform] GPU device discovery failed: device_discovery.cc:89 ReadFileContents Failed to open file: "/sys/class/drm/card1/device/vendor"[m
[go2-stance-gait-controller-1] [INFO] [1790672779.694029492] [go2_stance_gait_controller]: Go2 closed-loop stance: 12 effort joints at 250.0 Hz; controller ONNX velocity policy
[mujoco_spawner-3] [INFO] [1790672780.801678756] [mujoco_spawner]: MuJoCo: 18 collision proxy geom(s) moved to group 3 (viewer Rendering tab to show them).
[mujoco_spawner-3] [INFO] [1790672780.863571898] [mujoco_spawner]: MuJoCo URDF import OK (all meshes staged).
[mujoco_spawner-3] [WARN] [1790672780.882543192] [mujoco_spawner]: MuJoCo effort plant: no MJCF beside /home/molar1/bumperbot_ws/install/robot_lab_robots/share/robot_lab_robots/unitree/go2_description/xacro/go2_sim.xacro names every effort joint; keeping the URDF <dynamics> (damping=5.0 is a Gazebo stabiliser the robot does not have).
[mujoco_spawner-3] [INFO] [1790672780.935099212] [mujoco_spawner]: MuJoCo physics timestep: 0.0010 s
[mujoco_spawner-3] [INFO] [1790672780.937883763] [mujoco_spawner]: Robot has no 'oakd_rgb_camera_frame' link; no RGB-D camera is published.
[mujoco_spawner-3] [INFO] [1790672780.939539218] [mujoco_spawner]: Joints: ['FR_hip_joint', 'FR_thigh_joint', 'FR_calf_joint', 'FL_hip_joint', 'FL_thigh_joint', 'FL_calf_joint', 'RR_hip_joint', 'RR_thigh_joint', 'RR_calf_joint', 'RL_hip_joint', 'RL_thigh_joint', 'RL_calf_joint']   lw= rw=
[mujoco_spawner-3] [INFO] [1790672780.942691570] [mujoco_spawner]: MuJoCo effort joint armature: 0.0100 kg m^2
[mujoco_spawner-3] [INFO] [1790672780.945061505] [mujoco_spawner]: Joint effort input: /go2_group_effort_controller/commands (12 joints, URDF limits)
[mujoco_spawner-3] [INFO] [1790672780.947872904] [mujoco_spawner]: Spawn ground clearance: raised root by 0.2050 m
[mujoco_spawner-3] [INFO] [1790672780.949395081] [mujoco_spawner]: MuJoCo model loaded: 14 bodies, 13 joints
[mujoco_spawner-3] [INFO] [1790672780.950515475] [mujoco_spawner]: MuJoCo gui param=False (resolved=False), DISPLAY=:1 -> mode=DIRECT
[mujoco_spawner-3] [INFO] [1790672780.951507518] [mujoco_spawner]: MuJoCo running headless (gui=False, viewer=True).
[go2-stance-gait-controller-1] [INFO] [1790672780.960446377] [go2_stance_gait_controller]: Go2 recovery idle
[mujoco_spawner-3] [INFO] [1790672780.960897632] [mujoco_spawner]: MuJoCo spawner running.
[INFO] [simulator_ready_gate-10]: process has finished cleanly [pid 721950]
[INFO] [amcl-12]: process started with pid [722192]
[INFO] [map_server-11]: process started with pid [722190]
[INFO] [lifecycle_manager-13]: process started with pid [722194]
[INFO] [ekf_node-14]: process started with pid [722196]
[INFO] [imu_republisher.py-15]: process started with pid [722198]
[INFO] [wheel_imu_fusion-16]: process started with pid [722200]
[amcl-12] [0m[INFO] [1790672781.375999499] [amcl]: 
[amcl-12] 	amcl lifecycle node launched. 
[amcl-12] 	Waiting on external lifecycle transitions to activate
[amcl-12] 	See https://design.ros2.org/articles/node_lifecycle.html for more information.[0m
[amcl-12] [0m[INFO] [1790672781.377832486] [amcl]: Creating[0m
[lifecycle_manager-13] [INFO] [1790672781.381163106] [lifecycle_manager_localization]: Creating
[lifecycle_manager-13] [INFO] [1790672781.384372289] [lifecycle_manager_localization]: [34m[1mCreating and initializing lifecycle service clients[0m[0m
[map_server-11] [INFO] [1790672781.412534756] [map_server]: 
[map_server-11] 	map_server lifecycle node launched. 
[map_server-11] 	Waiting on external lifecycle transitions to activate
[map_server-11] 	See https://design.ros2.org/articles/node_lifecycle.html for more information.
[map_server-11] [INFO] [1790672781.414354527] [map_server]: Creating
[lifecycle_manager-13] [INFO] [1790672781.434158221] [lifecycle_manager_localization]: [34m[1mStarting managed nodes bringup...[0m[0m
[lifecycle_manager-13] [INFO] [1790672781.434312842] [lifecycle_manager_localization]: [34m[1mConfiguring map_server[0m[0m
[map_server-11] [INFO] [1790672781.434692130] [map_server]: Configuring
[map_server-11] [INFO] [1790672781.435082490] [map_io]: Loading yaml file: /home/molar1/bumperbot_ws/install/robot_lab_maps/share/robot_lab_maps/maps/nav_empty/maps/map.yaml
[map_server-11] [INFO] [1790672781.435586224] [map_io]: resolution: 0.05
[map_server-11] [INFO] [1790672781.435610287] [map_io]: origin[0]: -7
[map_server-11] [INFO] [1790672781.435616879] [map_io]: origin[1]: -7
[map_server-11] [INFO] [1790672781.435621487] [map_io]: origin[2]: 0
[map_server-11] [INFO] [1790672781.435626383] [map_io]: free_thresh: 0.196
[map_server-11] [INFO] [1790672781.435631311] [map_io]: occupied_thresh: 0.65
[map_server-11] [INFO] [1790672781.435637231] [map_io]: mode: trinary
[map_server-11] [INFO] [1790672781.435643983] [map_io]: negate: 0
[map_server-11] [INFO] [1790672781.435984712] [map_io]: Loading image_file: /home/molar1/bumperbot_ws/install/robot_lab_maps/share/robot_lab_maps/maps/nav_empty/maps/map.pgm
[map_server-11] [INFO] [1790672781.448037331] [map_io]: Read map /home/molar1/bumperbot_ws/install/robot_lab_maps/share/robot_lab_maps/maps/nav_empty/maps/map.pgm: 280 X 280 map @ 0.05 m/cell
[lifecycle_manager-13] [INFO] [1790672781.454831753] [lifecycle_manager_localization]: [34m[1mConfiguring amcl[0m[0m
[amcl-12] [0m[INFO] [1790672781.455137506] [amcl]: Configuring[0m
[amcl-12] [0m[INFO] [1790672781.455287871] [amcl]: initTransforms[0m
[amcl-12] [0m[INFO] [1790672781.468986985] [amcl]: initPubSub[0m
[amcl-12] [0m[INFO] [1790672781.477484412] [amcl]: Subscribed to map topic.[0m
[lifecycle_manager-13] [INFO] [1790672781.487737292] [lifecycle_manager_localization]: [34m[1mActivating map_server[0m[0m
[map_server-11] [INFO] [1790672781.488047398] [map_server]: Activating
[map_server-11] [INFO] [1790672781.488330976] [map_server]: Creating bond (map_server) to lifecycle manager.
[amcl-12] [0m[INFO] [1790672781.540558330] [amcl]: Received a 280 X 280 map @ 0.050 m/pix[0m
[amcl-12] [0m[INFO] [1790672781.596102033] [amcl]: Activating[0m
[amcl-12] [0m[INFO] [1790672781.596225007] [amcl]: initialPoseReceived[0m
[lifecycle_manager-13] [INFO] [1790672781.595675418] [lifecycle_manager_localization]: Server map_server connected with bond.
[lifecycle_manager-13] [INFO] [1790672781.595768088] [lifecycle_manager_localization]: [34m[1mActivating amcl[0m[0m
[amcl-12] [0m[INFO] [1790672781.596468202] [amcl]: Setting pose (0.556000): -0.500 -0.500 0.000[0m
[amcl-12] [0m[INFO] [1790672781.597051614] [amcl]: Creating bond (amcl) to lifecycle manager.[0m
[lifecycle_manager-13] [INFO] [1790672781.700665156] [lifecycle_manager_localization]: Server amcl connected with bond.
[lifecycle_manager-13] [INFO] [1790672781.700752002] [lifecycle_manager_localization]: [34m[1mManaged nodes are active[0m[0m
[lifecycle_manager-13] [INFO] [1790672781.700774818] [lifecycle_manager_localization]: [34m[1mCreating bond timer...[0m[0m
[amcl-12] [0m[INFO] [1790672781.706300306] [amcl]: createLaserObject[0m
[wheel_imu_fusion-16] [INFO] [1790672782.102429727] [sensor_fusion_wheel_imu_fusion]: wheel_imu_fusion ready
[go2-stance-gait-controller-1] [WARN] [1790672785.058176308] [go2_stance_gait_controller]: Go2 safety warn: tilt 0.35 rad exceeds warn threshold
[go2-stance-gait-controller-1] [WARN] [1790672785.233135152] [go2_stance_gait_controller]: Go2 safety safe_stop: tilt 0.70 rad exceeds fall threshold
[go2-stance-gait-controller-1] [INFO] [1790672785.356915901] [go2_stance_gait_controller]: Go2 recovery waiting
[go2-stance-gait-controller-1] [INFO] [1790672786.361088259] [go2_stance_gait_controller]: Go2 recovery attempting:roll
[go2-stance-gait-controller-1] [INFO] [1790672787.067889254] [go2_stance_gait_controller]: Go2 recovery unrecoverable:roll
[lifecycle_manager-13] [INFO] [1790672806.282017165] [rclcpp]: signal_handler(SIGINT/SIGTERM)
[ekf_node-14] [INFO] [1790672806.281997933] [rclcpp]: signal_handler(SIGINT/SIGTERM)
[twist_mux-6] [INFO] [1790672806.282065260] [rclcpp]: signal_handler(SIGINT/SIGTERM)
[amcl-12] [0m[INFO] [1790672806.282029197] [rclcpp]: signal_handler(SIGINT/SIGTERM)[0m
[amcl-12] [0m[INFO] [1790672806.282228808] [amcl]: Running Nav2 LifecycleNode rcl preshutdown (amcl)[0m
[amcl-12] [0m[INFO] [1790672806.282359974] [amcl]: Deactivating[0m
[amcl-12] [0m[INFO] [1790672806.282412005] [amcl]: Destroying bond (amcl) to lifecycle manager.[0m
[lifecycle_manager-13] [INFO] [1790672806.282226025] [lifecycle_manager_localization]: Running Nav2 LifecycleManager rcl preshutdown (lifecycle_manager_localization)
[lifecycle_manager-13] [INFO] [1790672806.282305095] [lifecycle_manager_localization]: [34m[1mTerminating bond timer...[0m[0m
[twist_marker-7] [INFO] [1790672806.282187113] [rclcpp]: signal_handler(SIGINT/SIGTERM)
[map_server-11] [INFO] [1790672806.282708223] [rclcpp]: signal_handler(SIGINT/SIGTERM)
[map_server-11] [INFO] [1790672806.282898139] [map_server]: Running Nav2 LifecycleNode rcl preshutdown (map_server)
[map_server-11] [INFO] [1790672806.283018840] [map_server]: Deactivating
[map_server-11] [INFO] [1790672806.283053816] [map_server]: Destroying bond (map_server) to lifecycle manager.
[robot_state_publisher-2] [INFO] [1790672806.282717567] [rclcpp]: signal_handler(SIGINT/SIGTERM)
[joy_node-5] [INFO] [1790672806.282734782] [rclcpp]: signal_handler(SIGINT/SIGTERM)
[twist_relay-9] [INFO] [1790672806.283100791] [rclcpp]: signal_handler(SIGINT/SIGTERM)
[amcl-12] [0m[INFO] [1790672806.294389809] [amcl]: Cleaning up[0m
[map_server-11] [INFO] [1790672806.296113646] [map_server]: Cleaning up
[map_server-11] [INFO] [1790672806.296251147] [map_server]: Destroying bond (map_server) to lifecycle manager.
[map_server-11] [INFO] [1790672806.305681452] [map_server]: Destroying
[lifecycle_manager-13] [INFO] [1790672806.319765518] [lifecycle_manager_localization]: Destroying lifecycle_manager_localization
[amcl-12] [0m[INFO] [1790672806.321392044] [amcl]: Destroying bond (amcl) to lifecycle manager.[0m
[amcl-12] [0m[INFO] [1790672806.327118936] [amcl]: Destroying[0m
[INFO] [twist_marker-7]: process has finished cleanly [pid 721942]
[INFO] [twist_relay-9]: process has finished cleanly [pid 721948]
[INFO] [robot_state_publisher-2]: process has finished cleanly [pid 721932]
[INFO] [lifecycle_manager-13]: process has finished cleanly [pid 722194]
[INFO] [ekf_node-14]: process has finished cleanly [pid 722196]
[INFO] [twist_mux-6]: process has finished cleanly [pid 721940]
[INFO] [joy_node-5]: process has finished cleanly [pid 721938]
[INFO] [amcl-12]: process has finished cleanly [pid 722192]
[INFO] [map_server-11]: process has finished cleanly [pid 722190]
[joy_teleop-4] Traceback (most recent call last):
[joy_teleop-4]   File "/opt/ros/humble/lib/joy_teleop/joy_teleop", line 33, in <module>
[joy_teleop-4]     sys.exit(load_entry_point('joy-teleop==1.6.0', 'console_scripts', 'joy_teleop')())
[joy_teleop-4]   File "/opt/ros/humble/lib/python3.10/site-packages/joy_teleop/joy_teleop.py", line 442, in main
[joy_teleop-4]     rclpy.shutdown()
[joy_teleop-4]   File "/opt/ros/humble/local/lib/python3.10/dist-packages/rclpy/__init__.py", line 130, in shutdown
[joy_teleop-4]     _shutdown(context=context)
[joy_teleop-4]   File "/opt/ros/humble/local/lib/python3.10/dist-packages/rclpy/utilities.py", line 58, in shutdown
[joy_teleop-4]     return context.shutdown()
[joy_teleop-4]   File "/opt/ros/humble/local/lib/python3.10/dist-packages/rclpy/context.py", line 102, in shutdown
[joy_teleop-4]     self.__context.shutdown()
[joy_teleop-4] rclpy._rclpy_pybind11.RCLError: failed to shutdown: rcl_shutdown already called on the given context, at ./src/rcl/init.c:241
[imu_republisher.py-15] Traceback (most recent call last):
[imu_republisher.py-15]   File "/home/molar1/bumperbot_ws/install/robot_lab_localization/lib/robot_lab_localization/imu_republisher.py", line 54, in <module>
[imu_republisher.py-15]     main()
[imu_republisher.py-15]   File "/home/molar1/bumperbot_ws/install/robot_lab_localization/lib/robot_lab_localization/imu_republisher.py", line 45, in main
[imu_republisher.py-15]     rclpy.spin(node)
[imu_republisher.py-15]   File "/opt/ros/humble/local/lib/python3.10/dist-packages/rclpy/__init__.py", line 229, in spin
[imu_republisher.py-15]     executor.spin_once()
[imu_republisher.py-15]   File "/opt/ros/humble/local/lib/python3.10/dist-packages/rclpy/executors.py", line 812, in spin_once
[imu_republisher.py-15]     self._spin_once_impl(timeout_sec)
[imu_republisher.py-15]   File "/opt/ros/humble/local/lib/python3.10/dist-packages/rclpy/executors.py", line 801, in _spin_once_impl
[imu_republisher.py-15]     handler, entity, node = self.wait_for_ready_callbacks(timeout_sec=timeout_sec)
[imu_republisher.py-15]   File "/opt/ros/humble/local/lib/python3.10/dist-packages/rclpy/executors.py", line 784, in wait_for_ready_callbacks
[imu_republisher.py-15]     return next(self._cb_iter)
[imu_republisher.py-15]   File "/opt/ros/humble/local/lib/python3.10/dist-packages/rclpy/executors.py", line 685, in _wait_for_ready_callbacks
[imu_republisher.py-15]     raise ExternalShutdownException()
[imu_republisher.py-15] rclpy.executors.ExternalShutdownException
[INFO] [wheel_imu_fusion-16]: process has finished cleanly [pid 722200]
[INFO] [go2-stance-gait-controller-1]: process has finished cleanly [pid 721930]
[INFO] [joystick_relay.py-8]: process has finished cleanly [pid 721944]
[INFO] [mujoco_spawner-3]: process has finished cleanly [pid 721934]
[ERROR] [imu_republisher.py-15]: process has died [pid 722198, exit code 1, cmd '/home/molar1/bumperbot_ws/install/robot_lab_localization/lib/robot_lab_localization/imu_republisher.py --ros-args --params-file /workspace/molar/.tmp/launch_params_n5uuboq9'].
[ERROR] [joy_teleop-4]: process has died [pid 721936, exit code 1, cmd '/opt/ros/humble/lib/joy_teleop/joy_teleop --ros-args --params-file /home/molar1/bumperbot_ws/install/robot_lab_controller/share/robot_lab_controller/config/joy_teleop.yaml --params-file /workspace/molar/.tmp/launch_params_2uh4i229'].
