[INFO] [launch]: All log files can be found below /home/molar1/.ros/log/2026-09-28-12-06-58-470081-molar1-141233
[INFO] [launch]: Default logging verbosity is set to INFO
[robot_lab] algorithm localization=amcl -> global_localization stack
[robot_lab] algorithm state_estimation=ekf_localization_node -> local_localization stack
[robot_lab] algorithm sensor_fusion=wheel_imu_fusion -> node robot_lab_algorithms/wheel_imu_fusion
[INFO] [go2-stance-gait-controller-1]: process started with pid [141268]
[INFO] [robot_state_publisher-2]: process started with pid [141270]
[INFO] [mujoco_spawner-3]: process started with pid [141272]
[INFO] [joy_teleop-4]: process started with pid [141274]
[INFO] [joy_node-5]: process started with pid [141276]
[INFO] [twist_mux-6]: process started with pid [141278]
[INFO] [twist_marker-7]: process started with pid [141280]
[INFO] [joystick_relay.py-8]: process started with pid [141282]
[INFO] [twist_relay-9]: process started with pid [141284]
[INFO] [simulator_ready_gate-10]: process started with pid [141286]
[twist_mux-6] [INFO] [1790590019.365965433] [twist_mux]: Topic handler 'topics.joystick' subscribed to topic 'joy_vel': timeout = 0.500000s , priority = 99.
[twist_mux-6] [INFO] [1790590019.367584974] [twist_mux]: Topic handler 'topics.keyboard' subscribed to topic 'key_vel': timeout = 0.500000s , priority = 90.
[twist_mux-6] [INFO] [1790590019.367925956] [twist_mux]: Topic handler 'topics.navigation' subscribed to topic 'cmd_vel': timeout = 0.500000s , priority = 80.
[twist_mux-6] [INFO] [1790590019.368138143] [twist_mux]: Topic handler 'locks.safety_stop' subscribed to topic 'safety_stop': timeout = None , priority = 255.
[robot_state_publisher-2] [INFO] [1790590019.391907996] [robot_state_publisher]: got segment FL_calf
[robot_state_publisher-2] [INFO] [1790590019.393274007] [robot_state_publisher]: got segment FL_calf_rotor
[robot_state_publisher-2] [INFO] [1790590019.394181310] [robot_state_publisher]: got segment FL_foot
[robot_state_publisher-2] [INFO] [1790590019.394995944] [robot_state_publisher]: got segment FL_hip
[robot_state_publisher-2] [INFO] [1790590019.395627863] [robot_state_publisher]: got segment FL_hip_rotor
[robot_state_publisher-2] [INFO] [1790590019.396224455] [robot_state_publisher]: got segment FL_thigh
[robot_state_publisher-2] [INFO] [1790590019.396763320] [robot_state_publisher]: got segment FL_thigh_rotor
[robot_state_publisher-2] [INFO] [1790590019.397278698] [robot_state_publisher]: got segment FR_calf
[robot_state_publisher-2] [INFO] [1790590019.397800380] [robot_state_publisher]: got segment FR_calf_rotor
[robot_state_publisher-2] [INFO] [1790590019.398370125] [robot_state_publisher]: got segment FR_foot
[robot_state_publisher-2] [INFO] [1790590019.398931038] [robot_state_publisher]: got segment FR_hip
[robot_state_publisher-2] [INFO] [1790590019.399491054] [robot_state_publisher]: got segment FR_hip_rotor
[robot_state_publisher-2] [INFO] [1790590019.400051647] [robot_state_publisher]: got segment FR_thigh
[robot_state_publisher-2] [INFO] [1790590019.400592817] [robot_state_publisher]: got segment FR_thigh_rotor
[robot_state_publisher-2] [INFO] [1790590019.401171617] [robot_state_publisher]: got segment RL_calf
[robot_state_publisher-2] [INFO] [1790590019.401802576] [robot_state_publisher]: got segment RL_calf_rotor
[robot_state_publisher-2] [INFO] [1790590019.401828367] [robot_state_publisher]: got segment RL_foot
[robot_state_publisher-2] [INFO] [1790590019.401840143] [robot_state_publisher]: got segment RL_hip
[robot_state_publisher-2] [INFO] [1790590019.401849327] [robot_state_publisher]: got segment RL_hip_rotor
[robot_state_publisher-2] [INFO] [1790590019.401857166] [robot_state_publisher]: got segment RL_thigh
[robot_state_publisher-2] [INFO] [1790590019.401864462] [robot_state_publisher]: got segment RL_thigh_rotor
[robot_state_publisher-2] [INFO] [1790590019.401872174] [robot_state_publisher]: got segment RR_calf
[robot_state_publisher-2] [INFO] [1790590019.401879534] [robot_state_publisher]: got segment RR_calf_rotor
[robot_state_publisher-2] [INFO] [1790590019.401888878] [robot_state_publisher]: got segment RR_foot
[robot_state_publisher-2] [INFO] [1790590019.401896429] [robot_state_publisher]: got segment RR_hip
[robot_state_publisher-2] [INFO] [1790590019.401904141] [robot_state_publisher]: got segment RR_hip_rotor
[robot_state_publisher-2] [INFO] [1790590019.401911405] [robot_state_publisher]: got segment RR_thigh
[robot_state_publisher-2] [INFO] [1790590019.401918445] [robot_state_publisher]: got segment RR_thigh_rotor
[robot_state_publisher-2] [INFO] [1790590019.401925453] [robot_state_publisher]: got segment base
[robot_state_publisher-2] [INFO] [1790590019.401933036] [robot_state_publisher]: got segment front_camera
[robot_state_publisher-2] [INFO] [1790590019.401940140] [robot_state_publisher]: got segment imu_link
[robot_state_publisher-2] [INFO] [1790590019.401949004] [robot_state_publisher]: got segment trunk
[go2-stance-gait-controller-1] [0;93m2026-09-28 12:07:00.104296441 [W:onnxruntime:Default, device_discovery.cc:164 DiscoverDevicesForPlatform] GPU device discovery failed: device_discovery.cc:89 ReadFileContents Failed to open file: "/sys/class/drm/card1/device/vendor"[m
[go2-stance-gait-controller-1] [INFO] [1790590020.181931753] [go2_stance_gait_controller]: Go2 closed-loop stance: 12 effort joints at 250.0 Hz; controller ONNX velocity policy
[mujoco_spawner-3] [INFO] [1790590021.313733910] [mujoco_spawner]: MuJoCo: 18 collision proxy geom(s) moved to group 3 (viewer Rendering tab to show them).
[mujoco_spawner-3] [INFO] [1790590021.369250493] [mujoco_spawner]: MuJoCo URDF import OK (all meshes staged).
[mujoco_spawner-3] [WARN] [1790590021.381604400] [mujoco_spawner]: MuJoCo effort plant: no MJCF beside /home/molar1/bumperbot_ws/install/robot_lab_robots/share/robot_lab_robots/unitree/go2_description/xacro/go2_sim.xacro names every effort joint; keeping the URDF <dynamics> (damping=5.0 is a Gazebo stabiliser the robot does not have).
[mujoco_spawner-3] [INFO] [1790590021.429259628] [mujoco_spawner]: MuJoCo physics timestep: 0.0010 s
[mujoco_spawner-3] [INFO] [1790590021.431350964] [mujoco_spawner]: Robot has no 'oakd_rgb_camera_frame' link; no RGB-D camera is published.
[mujoco_spawner-3] [INFO] [1790590021.432555635] [mujoco_spawner]: Joints: ['FR_hip_joint', 'FR_thigh_joint', 'FR_calf_joint', 'FL_hip_joint', 'FL_thigh_joint', 'FL_calf_joint', 'RR_hip_joint', 'RR_thigh_joint', 'RR_calf_joint', 'RL_hip_joint', 'RL_thigh_joint', 'RL_calf_joint']   lw= rw=
[mujoco_spawner-3] [INFO] [1790590021.435281866] [mujoco_spawner]: MuJoCo effort joint armature: 0.0100 kg m^2
[mujoco_spawner-3] [INFO] [1790590021.437201910] [mujoco_spawner]: Joint effort input: /go2_group_effort_controller/commands (12 joints, URDF limits)
[mujoco_spawner-3] [INFO] [1790590021.439483480] [mujoco_spawner]: Spawn ground clearance: raised root by 0.1350 m
[mujoco_spawner-3] [INFO] [1790590021.440636441] [mujoco_spawner]: MuJoCo model loaded: 14 bodies, 13 joints
[mujoco_spawner-3] [INFO] [1790590021.441448963] [mujoco_spawner]: MuJoCo gui param=False (resolved=False), DISPLAY=:1 -> mode=DIRECT
[mujoco_spawner-3] [INFO] [1790590021.442284365] [mujoco_spawner]: MuJoCo running headless (gui=False, viewer=True).
[mujoco_spawner-3] [INFO] [1790590021.447760313] [mujoco_spawner]: MuJoCo spawner running.
[go2-stance-gait-controller-1] [WARN] [1790590021.449202994] [go2_stance_gait_controller]: Go2 safety safe_stop: tilt 1.20 rad exceeds fall threshold
[go2-stance-gait-controller-1] [INFO] [1790590021.450057339] [go2_stance_gait_controller]: Go2 recovery idle
[go2-stance-gait-controller-1] [INFO] [1790590021.575045074] [go2_stance_gait_controller]: Go2 recovery attempting:tuck
[INFO] [simulator_ready_gate-10]: process has finished cleanly [pid 141286]
[INFO] [amcl-12]: process started with pid [141512]
[INFO] [map_server-11]: process started with pid [141510]
[INFO] [lifecycle_manager-13]: process started with pid [141514]
[INFO] [ekf_node-14]: process started with pid [141516]
[INFO] [imu_republisher.py-15]: process started with pid [141518]
[INFO] [wheel_imu_fusion-16]: process started with pid [141520]
[lifecycle_manager-13] [INFO] [1790590021.852002601] [lifecycle_manager_localization]: Creating
[amcl-12] [0m[INFO] [1790590021.856196344] [amcl]: 
[amcl-12] 	amcl lifecycle node launched. 
[amcl-12] 	Waiting on external lifecycle transitions to activate
[amcl-12] 	See https://design.ros2.org/articles/node_lifecycle.html for more information.[0m
[amcl-12] [0m[INFO] [1790590021.858538009] [amcl]: Creating[0m
[lifecycle_manager-13] [INFO] [1790590021.860256491] [lifecycle_manager_localization]: [34m[1mCreating and initializing lifecycle service clients[0m[0m
[map_server-11] [INFO] [1790590021.867992634] [map_server]: 
[map_server-11] 	map_server lifecycle node launched. 
[map_server-11] 	Waiting on external lifecycle transitions to activate
[map_server-11] 	See https://design.ros2.org/articles/node_lifecycle.html for more information.
[map_server-11] [INFO] [1790590021.868166134] [map_server]: Creating
[go2-stance-gait-controller-1] [INFO] [1790590021.978080259] [go2_stance_gait_controller]: Go2 recovery attempting:roll
[lifecycle_manager-13] [INFO] [1790590021.988016503] [lifecycle_manager_localization]: [34m[1mStarting managed nodes bringup...[0m[0m
[lifecycle_manager-13] [INFO] [1790590021.988114229] [lifecycle_manager_localization]: [34m[1mConfiguring map_server[0m[0m
[map_server-11] [INFO] [1790590021.988455531] [map_server]: Configuring
[map_server-11] [INFO] [1790590021.988572328] [map_io]: Loading yaml file: /home/molar1/bumperbot_ws/install/robot_lab_maps/share/robot_lab_maps/maps/nav_empty/maps/map.yaml
[map_server-11] [INFO] [1790590021.988987133] [map_io]: resolution: 0.05
[map_server-11] [INFO] [1790590021.989011356] [map_io]: origin[0]: -7
[map_server-11] [INFO] [1790590021.989017756] [map_io]: origin[1]: -7
[map_server-11] [INFO] [1790590021.989022460] [map_io]: origin[2]: 0
[map_server-11] [INFO] [1790590021.989027740] [map_io]: free_thresh: 0.196
[map_server-11] [INFO] [1790590021.989032860] [map_io]: occupied_thresh: 0.65
[map_server-11] [INFO] [1790590021.989039420] [map_io]: mode: trinary
[map_server-11] [INFO] [1790590021.989046460] [map_io]: negate: 0
[map_server-11] [INFO] [1790590021.989378451] [map_io]: Loading image_file: /home/molar1/bumperbot_ws/install/robot_lab_maps/share/robot_lab_maps/maps/nav_empty/maps/map.pgm
[map_server-11] [INFO] [1790590022.002029086] [map_io]: Read map /home/molar1/bumperbot_ws/install/robot_lab_maps/share/robot_lab_maps/maps/nav_empty/maps/map.pgm: 280 X 280 map @ 0.05 m/cell
[lifecycle_manager-13] [INFO] [1790590022.011892372] [lifecycle_manager_localization]: [34m[1mConfiguring amcl[0m[0m
[amcl-12] [0m[INFO] [1790590022.012229419] [amcl]: Configuring[0m
[amcl-12] [0m[INFO] [1790590022.012397511] [amcl]: initTransforms[0m
[amcl-12] [0m[INFO] [1790590022.023240131] [amcl]: initPubSub[0m
[amcl-12] [0m[INFO] [1790590022.028337914] [amcl]: Subscribed to map topic.[0m
[lifecycle_manager-13] [INFO] [1790590022.036278404] [lifecycle_manager_localization]: [34m[1mActivating map_server[0m[0m
[map_server-11] [INFO] [1790590022.036572412] [map_server]: Activating
[map_server-11] [INFO] [1790590022.036866996] [map_server]: Creating bond (map_server) to lifecycle manager.
[amcl-12] [0m[INFO] [1790590022.037104750] [amcl]: Received a 280 X 280 map @ 0.050 m/pix[0m
[lifecycle_manager-13] [INFO] [1790590022.140331829] [lifecycle_manager_localization]: Server map_server connected with bond.
[lifecycle_manager-13] [INFO] [1790590022.140415314] [lifecycle_manager_localization]: [34m[1mActivating amcl[0m[0m
[amcl-12] [0m[INFO] [1790590022.140749449] [amcl]: Activating[0m
[amcl-12] [0m[INFO] [1790590022.140975363] [amcl]: initialPoseReceived[0m
[amcl-12] [0m[INFO] [1790590022.141209565] [amcl]: Setting pose (0.544000): -0.500 -0.500 0.000[0m
[amcl-12] [0m[INFO] [1790590022.141780686] [amcl]: Creating bond (amcl) to lifecycle manager.[0m
[lifecycle_manager-13] [INFO] [1790590022.246135830] [lifecycle_manager_localization]: Server amcl connected with bond.
[lifecycle_manager-13] [INFO] [1790590022.246215988] [lifecycle_manager_localization]: [34m[1mManaged nodes are active[0m[0m
[lifecycle_manager-13] [INFO] [1790590022.246236915] [lifecycle_manager_localization]: [34m[1mCreating bond timer...[0m[0m
[amcl-12] [0m[INFO] [1790590022.276234604] [amcl]: createLaserObject[0m
[wheel_imu_fusion-16] [INFO] [1790590022.506085828] [sensor_fusion_wheel_imu_fusion]: wheel_imu_fusion ready
[go2-stance-gait-controller-1] [INFO] [1790590022.682003015] [go2_stance_gait_controller]: Go2 recovery attempting:crouch
[go2-stance-gait-controller-1] [INFO] [1790590023.283121736] [go2_stance_gait_controller]: Go2 recovery attempting:stand
[go2-stance-gait-controller-1] [INFO] [1790590029.578635577] [go2_stance_gait_controller]: Go2 recovery failed:stand
[amcl-12] [0m[INFO] [1790590045.931840909] [rclcpp]: signal_handler(SIGINT/SIGTERM)[0m
[amcl-12] [0m[INFO] [1790590045.931980841] [amcl]: Running Nav2 LifecycleNode rcl preshutdown (amcl)[0m
[amcl-12] [0m[INFO] [1790590045.932094630] [amcl]: Deactivating[0m
[map_server-11] [INFO] [1790590045.931831117] [rclcpp]: signal_handler(SIGINT/SIGTERM)
[map_server-11] [INFO] [1790590045.932009736] [map_server]: Running Nav2 LifecycleNode rcl preshutdown (map_server)
[map_server-11] [INFO] [1790590045.932100774] [map_server]: Deactivating
[map_server-11] [INFO] [1790590045.932128901] [map_server]: Destroying bond (map_server) to lifecycle manager.
[lifecycle_manager-13] [INFO] [1790590045.931807309] [rclcpp]: signal_handler(SIGINT/SIGTERM)
[lifecycle_manager-13] [INFO] [1790590045.931978409] [lifecycle_manager_localization]: Running Nav2 LifecycleManager rcl preshutdown (lifecycle_manager_localization)
[lifecycle_manager-13] [INFO] [1790590045.932056167] [lifecycle_manager_localization]: [34m[1mTerminating bond timer...[0m[0m
[twist_relay-9] [INFO] [1790590045.931863916] [rclcpp]: signal_handler(SIGINT/SIGTERM)
[twist_marker-7] [INFO] [1790590045.931907883] [rclcpp]: signal_handler(SIGINT/SIGTERM)
[ekf_node-14] [INFO] [1790590045.932155748] [rclcpp]: signal_handler(SIGINT/SIGTERM)
[twist_mux-6] [INFO] [1790590045.932217699] [rclcpp]: signal_handler(SIGINT/SIGTERM)
[joy_node-5] [INFO] [1790590045.932271265] [rclcpp]: signal_handler(SIGINT/SIGTERM)
[amcl-12] [0m[INFO] [1790590045.933420868] [amcl]: Destroying bond (amcl) to lifecycle manager.[0m
[robot_state_publisher-2] [INFO] [1790590045.932733078] [rclcpp]: signal_handler(SIGINT/SIGTERM)
[map_server-11] [INFO] [1790590045.942580055] [map_server]: Cleaning up
[map_server-11] [INFO] [1790590045.942726484] [map_server]: Destroying bond (map_server) to lifecycle manager.
[amcl-12] [0m[INFO] [1790590045.944616515] [amcl]: Cleaning up[0m
[amcl-12] [0m[INFO] [1790590045.959223018] [amcl]: Destroying bond (amcl) to lifecycle manager.[0m
[amcl-12] [0m[INFO] [1790590045.969930006] [amcl]: Destroying[0m
[joy_teleop-4] Traceback (most recent call last):
[joy_teleop-4]   File "/opt/ros/humble/lib/joy_teleop/joy_teleop", line 33, in <module>
[joy_teleop-4]     sys.exit(load_entry_point('joy-teleop==1.6.0', 'console_scripts', 'joy_teleop')())
[joy_teleop-4]   File "/opt/ros/humble/lib/python3.10/site-packages/joy_teleop/joy_teleop.py", line 435, in main
[joy_teleop-4]     rclpy.spin(node)
[joy_teleop-4]   File "/opt/ros/humble/local/lib/python3.10/dist-packages/rclpy/__init__.py", line 229, in spin
[joy_teleop-4]     executor.spin_once()
[joy_teleop-4]   File "/opt/ros/humble/local/lib/python3.10/dist-packages/rclpy/executors.py", line 812, in spin_once
[joy_teleop-4]     self._spin_once_impl(timeout_sec)
[joy_teleop-4]   File "/opt/ros/humble/local/lib/python3.10/dist-packages/rclpy/executors.py", line 801, in _spin_once_impl
[joy_teleop-4]     handler, entity, node = self.wait_for_ready_callbacks(timeout_sec=timeout_sec)
[joy_teleop-4]   File "/opt/ros/humble/local/lib/python3.10/dist-packages/rclpy/executors.py", line 784, in wait_for_ready_callbacks
[joy_teleop-4]     return next(self._cb_iter)
[joy_teleop-4]   File "/opt/ros/humble/local/lib/python3.10/dist-packages/rclpy/executors.py", line 685, in _wait_for_ready_callbacks
[joy_teleop-4]     raise ExternalShutdownException()
[joy_teleop-4] rclpy.executors.ExternalShutdownException
[map_server-11] [INFO] [1790590046.039962184] [map_server]: Destroying
[lifecycle_manager-13] [INFO] [1790590046.045237728] [lifecycle_manager_localization]: Destroying lifecycle_manager_localization
[INFO] [robot_state_publisher-2]: process has finished cleanly [pid 141270]
[INFO] [twist_relay-9]: process has finished cleanly [pid 141284]
[INFO] [twist_marker-7]: process has finished cleanly [pid 141280]
[INFO] [twist_mux-6]: process has finished cleanly [pid 141278]
[INFO] [joy_node-5]: process has finished cleanly [pid 141276]
[INFO] [ekf_node-14]: process has finished cleanly [pid 141516]
[INFO] [amcl-12]: process has finished cleanly [pid 141512]
[go2-stance-gait-controller-1] Traceback (most recent call last):
[go2-stance-gait-controller-1]   File "/home/molar1/bumperbot_ws/install/robot_lab_adapter/lib/robot_lab_adapter/go2-stance-gait-controller", line 33, in <module>
[go2-stance-gait-controller-1]     sys.exit(load_entry_point('robot_lab_adapter==0.1.0', 'console_scripts', 'go2-stance-gait-controller')())
[go2-stance-gait-controller-1]   File "/workspace/molar/ros_ws/bumperbot_ws/src/robot_lab_adapter/robot_lab_adapter/go2_stance_gait_controller.py", line 301, in main
[go2-stance-gait-controller-1]     rclpy.spin(node)
[go2-stance-gait-controller-1]   File "/opt/ros/humble/local/lib/python3.10/dist-packages/rclpy/__init__.py", line 229, in spin
[go2-stance-gait-controller-1]     executor.spin_once()
[go2-stance-gait-controller-1]   File "/opt/ros/humble/local/lib/python3.10/dist-packages/rclpy/executors.py", line 812, in spin_once
[go2-stance-gait-controller-1]     self._spin_once_impl(timeout_sec)
[go2-stance-gait-controller-1]   File "/opt/ros/humble/local/lib/python3.10/dist-packages/rclpy/executors.py", line 801, in _spin_once_impl
[go2-stance-gait-controller-1]     handler, entity, node = self.wait_for_ready_callbacks(timeout_sec=timeout_sec)
[go2-stance-gait-controller-1]   File "/opt/ros/humble/local/lib/python3.10/dist-packages/rclpy/executors.py", line 784, in wait_for_ready_callbacks
[go2-stance-gait-controller-1]     return next(self._cb_iter)
[go2-stance-gait-controller-1]   File "/opt/ros/humble/local/lib/python3.10/dist-packages/rclpy/executors.py", line 657, in _wait_for_ready_callbacks
[go2-stance-gait-controller-1]     wait_set = _rclpy.WaitSet(
[go2-stance-gait-controller-1] rclpy._rclpy_pybind11.RCLError: failed to initialize wait set: the given context is not valid, either rcl_init() was not called or rcl_shutdown() was called., at ./src/rcl/wait.c:130
[imu_republisher.py-15] Traceback (most recent call last):
[imu_republisher.py-15]   File "/home/molar1/bumperbot_ws/install/robot_lab_localization/lib/robot_lab_localization/imu_republisher.py", line 54, in <module>
[imu_republisher.py-15]     main()
[imu_republisher.py-15]   File "/home/molar1/bumperbot_ws/install/robot_lab_localization/lib/robot_lab_localization/imu_republisher.py", line 45, in main
[imu_republisher.py-15]     rclpy.spin(node)
[imu_republisher.py-15]   File "/opt/ros/humble/local/lib/python3.10/dist-packages/rclpy/__init__.py", line 229, in spin
[imu_republisher.py-15]     executor.spin_once()
[imu_republisher.py-15]   File "/opt/ros/humble/local/lib/python3.10/dist-packages/rclpy/executors.py", line 812, in spin_once
[imu_republisher.py-15]     self._spin_once_impl(timeout_sec)
[imu_republisher.py-15]   File "/opt/ros/humble/local/lib/python3.10/dist-packages/rclpy/executors.py", line 801, in _spin_once_impl
[imu_republisher.py-15]     handler, entity, node = self.wait_for_ready_callbacks(timeout_sec=timeout_sec)
[imu_republisher.py-15]   File "/opt/ros/humble/local/lib/python3.10/dist-packages/rclpy/executors.py", line 784, in wait_for_ready_callbacks
[imu_republisher.py-15]     return next(self._cb_iter)
[imu_republisher.py-15]   File "/opt/ros/humble/local/lib/python3.10/dist-packages/rclpy/executors.py", line 685, in _wait_for_ready_callbacks
[imu_republisher.py-15]     raise ExternalShutdownException()
[imu_republisher.py-15] rclpy.executors.ExternalShutdownException
[mujoco_spawner-3] Traceback (most recent call last):
[mujoco_spawner-3]   File "/home/molar1/bumperbot_ws/install/robot_lab_mujoco/lib/robot_lab_mujoco/mujoco_spawner", line 33, in <module>
[mujoco_spawner-3]     sys.exit(load_entry_point('robot_lab_mujoco==0.1.0', 'console_scripts', 'mujoco_spawner')())
[mujoco_spawner-3]   File "/home/molar1/bumperbot_ws/install/robot_lab_mujoco/lib/python3.10/site-packages/robot_lab_mujoco/mujoco_spawner.py", line 2041, in main
[mujoco_spawner-3]     rclpy.spin(node)
[mujoco_spawner-3]   File "/opt/ros/humble/local/lib/python3.10/dist-packages/rclpy/__init__.py", line 229, in spin
[mujoco_spawner-3]     executor.spin_once()
[mujoco_spawner-3]   File "/opt/ros/humble/local/lib/python3.10/dist-packages/rclpy/executors.py", line 812, in spin_once
[mujoco_spawner-3]     self._spin_once_impl(timeout_sec)
[mujoco_spawner-3]   File "/opt/ros/humble/local/lib/python3.10/dist-packages/rclpy/executors.py", line 801, in _spin_once_impl
[mujoco_spawner-3]     handler, entity, node = self.wait_for_ready_callbacks(timeout_sec=timeout_sec)
[mujoco_spawner-3]   File "/opt/ros/humble/local/lib/python3.10/dist-packages/rclpy/executors.py", line 784, in wait_for_ready_callbacks
[mujoco_spawner-3]     return next(self._cb_iter)
[mujoco_spawner-3]   File "/opt/ros/humble/local/lib/python3.10/dist-packages/rclpy/executors.py", line 657, in _wait_for_ready_callbacks
[mujoco_spawner-3]     wait_set = _rclpy.WaitSet(
[mujoco_spawner-3] rclpy._rclpy_pybind11.RCLError: failed to initialize wait set: the given context is not valid, either rcl_init() was not called or rcl_shutdown() was called., at ./src/rcl/wait.c:130
[INFO] [wheel_imu_fusion-16]: process has finished cleanly [pid 141520]
[INFO] [lifecycle_manager-13]: process has finished cleanly [pid 141514]
[INFO] [map_server-11]: process has finished cleanly [pid 141510]
[INFO] [joystick_relay.py-8]: process has finished cleanly [pid 141282]
[ERROR] [imu_republisher.py-15]: process has died [pid 141518, exit code 1, cmd '/home/molar1/bumperbot_ws/install/robot_lab_localization/lib/robot_lab_localization/imu_republisher.py --ros-args --params-file /workspace/molar/.tmp/launch_params_5x6lt6u4'].
[ERROR] [go2-stance-gait-controller-1]: process has died [pid 141268, exit code 1, cmd '/home/molar1/bumperbot_ws/install/robot_lab_adapter/lib/robot_lab_adapter/go2-stance-gait-controller --ros-args --params-file /workspace/molar/.tmp/launch_params_w3bvtqap'].
[ERROR] [joy_teleop-4]: process has died [pid 141274, exit code 1, cmd '/opt/ros/humble/lib/joy_teleop/joy_teleop --ros-args --params-file /home/molar1/bumperbot_ws/install/robot_lab_controller/share/robot_lab_controller/config/joy_teleop.yaml --params-file /workspace/molar/.tmp/launch_params_pe8c4ik_'].
[ERROR] [mujoco_spawner-3]: process has died [pid 141272, exit code 1, cmd '/home/molar1/bumperbot_ws/install/robot_lab_mujoco/lib/robot_lab_mujoco/mujoco_spawner --ros-args -r __node:=mujoco_spawner --params-file /workspace/molar/.tmp/launch_params_o0ud9ze5'].
