[INFO] [launch]: All log files can be found below /home/molar1/.ros/log/2026-09-22-15-50-33-951699-molar1-198210
[INFO] [launch]: Default logging verbosity is set to INFO
[INFO] [robot_state_publisher-1]: process started with pid [198299]
[INFO] [ign gazebo-2]: process started with pid [198301]
[INFO] [parameter_bridge-3]: process started with pid [198303]
[INFO] [gz_pointcloud_to_optical.py-4]: process started with pid [198306]
[INFO] [spawner-5]: process started with pid [198308]
[robot_state_publisher-1] 1790085035.230392 [87] robot_stat: selected interface "lo" is not multicast-capable: disabling multicast
[robot_state_publisher-1] Warning: link 'oakd_link' material 'dark_grey' undefined.
[robot_state_publisher-1]          at line 84 in ./urdf_parser/src/model.cpp
[robot_state_publisher-1] Warning: link 'oakd_link' material 'dark_grey' undefined.
[robot_state_publisher-1]          at line 84 in ./urdf_parser/src/model.cpp
[robot_state_publisher-1] [INFO] [1790085035.243697108] [robot_state_publisher]: got segment base_footprint
[robot_state_publisher-1] [INFO] [1790085035.243842161] [robot_state_publisher]: got segment base_link
[robot_state_publisher-1] [INFO] [1790085035.243860753] [robot_state_publisher]: got segment caster_rear_link
[robot_state_publisher-1] [INFO] [1790085035.243869649] [robot_state_publisher]: got segment imu_link
[robot_state_publisher-1] [INFO] [1790085035.243877329] [robot_state_publisher]: got segment laser_link
[robot_state_publisher-1] [INFO] [1790085035.243884529] [robot_state_publisher]: got segment oakd_imu_frame
[robot_state_publisher-1] [INFO] [1790085035.243891664] [robot_state_publisher]: got segment oakd_left_camera_frame
[robot_state_publisher-1] [INFO] [1790085035.243899248] [robot_state_publisher]: got segment oakd_left_camera_optical_frame
[robot_state_publisher-1] [INFO] [1790085035.243906864] [robot_state_publisher]: got segment oakd_link
[robot_state_publisher-1] [INFO] [1790085035.243914096] [robot_state_publisher]: got segment oakd_rgb_camera_frame
[robot_state_publisher-1] [INFO] [1790085035.243921296] [robot_state_publisher]: got segment oakd_rgb_camera_optical_frame
[robot_state_publisher-1] [INFO] [1790085035.243928496] [robot_state_publisher]: got segment oakd_right_camera_frame
[robot_state_publisher-1] [INFO] [1790085035.243935664] [robot_state_publisher]: got segment oakd_right_camera_optical_frame
[robot_state_publisher-1] [INFO] [1790085035.243942831] [robot_state_publisher]: got segment wheel_left_link
[robot_state_publisher-1] [INFO] [1790085035.243949999] [robot_state_publisher]: got segment wheel_right_link
[parameter_bridge-3] 1790085035.303383 [87] parameter_: selected interface "lo" is not multicast-capable: disabling multicast
[gz_pointcloud_to_optical.py-4] 1790085035.659969 [87]    python3: selected interface "lo" is not multicast-capable: disabling multicast
[spawner-5] 1790085035.670854 [87]    spawner: selected interface "lo" is not multicast-capable: disabling multicast
[ign gazebo-2] [1;32m[Msg] [0m[1;32mIgnition Gazebo Server v[0m[1;32m6.18.0[0m[1;32m[0m
[ign gazebo-2] [1;32m[Msg] [0m[1;32mLoading SDF world file[[0m[1;32m/workspace/molar/ros_ws/bumperbot_ws/install/robot_lab_maps/share/robot_lab_maps/maps/nav_obstacle/worlds/nav_obstacle.world[0m[1;32m].[0m
[ign gazebo-2] [1;32m[Msg] [0m[1;32mServing entity system service on [[0m[1;32m/[0m[1;32mentity/system/add[0m[1;32m][0m[1;32m[0m
[ign gazebo-2] [1;32m[Msg] [0m[1;32mLoaded level [[0m[1;32m3[0m[1;32m][0m[1;32m[0m
[ign gazebo-2] [1;32m[Msg] [0m[1;32mNo systems loaded from SDF, loading defaults[0m[1;32m[0m
[ign gazebo-2] [1;36m[Dbg] [ServerConfig.cc:1043] [0m[1;36mLoaded ([0m[1;36m3[0m[1;36m) plugins from file [0m[1;36m[[0m[1;36m/home/molar1/.ignition/gazebo/6/server.config[0m[1;36m][0m
[ign gazebo-2] [1;36m[Dbg] [Physics.cc:804] [0m[1;36mLoaded [[0m[1;36mignition::physics::dartsim::Plugin[0m[1;36m] from library [[0m[1;36m/usr/lib/aarch64-linux-gnu/ign-physics-5/engine-plugins/libignition-physics-dartsim-plugin.so[0m[1;36m][0m[1;36m[0m
[ign gazebo-2] [1;36m[Dbg] [SystemManager.cc:73] [0m[1;36mLoaded system [[0m[1;36mgz::sim::systems::Physics[0m[1;36m] for entity [[0m[1;36m1[0m[1;36m][0m[1;36m[0m
[ign gazebo-2] [1;32m[Msg] [0m[1;32mCreate service on [[0m[1;32m/world/nav_obstacle/create[0m[1;32m][0m[1;32m[0m
[ign gazebo-2] [1;32m[Msg] [0m[1;32mRemove service on [[0m[1;32m/world/nav_obstacle/remove[0m[1;32m][0m[1;32m[0m
[ign gazebo-2] [1;32m[Msg] [0m[1;32mPose service on [[0m[1;32m/world/nav_obstacle/set_pose[0m[1;32m][0m[1;32m[0m
[ign gazebo-2] [1;32m[Msg] [0m[1;32mPose service on [[0m[1;32m/world/nav_obstacle/set_pose_vector[0m[1;32m][0m[1;32m[0m
[ign gazebo-2] [1;32m[Msg] [0m[1;32mLight configuration service on [[0m[1;32m/world/nav_obstacle/light_config[0m[1;32m][0m[1;32m[0m
[ign gazebo-2] [1;32m[Msg] [0m[1;32mPhysics service on [[0m[1;32m/world/nav_obstacle/set_physics[0m[1;32m][0m[1;32m[0m
[ign gazebo-2] [1;32m[Msg] [0m[1;32mSphericalCoordinates service on [[0m[1;32m/world/nav_obstacle/set_spherical_coordinates[0m[1;32m][0m[1;32m[0m
[ign gazebo-2] [1;32m[Msg] [0m[1;32mEnable collision service on [[0m[1;32m/world/nav_obstacle/enable_collision[0m[1;32m][0m[1;32m[0m
[ign gazebo-2] [1;32m[Msg] [0m[1;32mDisable collision service on [[0m[1;32m/world/nav_obstacle/disable_collision[0m[1;32m][0m[1;32m[0m
[ign gazebo-2] [1;32m[Msg] [0m[1;32mMaterial service on [[0m[1;32m/world/nav_obstacle/visual_config[0m[1;32m][0m[1;32m[0m
[ign gazebo-2] [1;32m[Msg] [0m[1;32mMaterial service on [[0m[1;32m/world/nav_obstacle/wheel_slip[0m[1;32m][0m[1;32m[0m
[ign gazebo-2] [1;36m[Dbg] [SystemManager.cc:73] [0m[1;36mLoaded system [[0m[1;36mgz::sim::systems::UserCommands[0m[1;36m] for entity [[0m[1;36m1[0m[1;36m][0m[1;36m[0m
[ign gazebo-2] [1;36m[Dbg] [SystemManager.cc:73] [0m[1;36mLoaded system [[0m[1;36mgz::sim::systems::SceneBroadcaster[0m[1;36m] for entity [[0m[1;36m1[0m[1;36m][0m[1;36m[0m
[ign gazebo-2] [1;32m[Msg] [0m[1;32mServing world controls on [[0m[1;32m/world/nav_obstacle[0m[1;32m/control], [[0m[1;32m/world/nav_obstacle[0m[1;32m/control/state] and [[0m[1;32m/world/nav_obstacle[0m[1;32m/playback/control][0m[1;32m[0m
[ign gazebo-2] [1;32m[Msg] [0m[1;32mServing GUI information on [[0m[1;32m/world/nav_obstacle[0m[1;32m/[0m[1;32mgui/info[0m[1;32m][0m[1;32m[0m
[ign gazebo-2] [1;32m[Msg] [0m[1;32mWorld [[0m[1;32mnav_obstacle[0m[1;32m] initialized with [[0m[1;32mdefault_physics[0m[1;32m] physics profile.[0m[1;32m[0m
[ign gazebo-2] [1;32m[Msg] [0m[1;32mServing world SDF generation service on [[0m[1;32m/world/nav_obstacle[0m[1;32m/[0m[1;32mgenerate_world_sdf[0m[1;32m][0m[1;32m[0m
[ign gazebo-2] [1;32m[Msg] [0m[1;32mServing world names on [[0m[1;32m/gazebo/worlds[0m[1;32m][0m[1;32m[0m
[ign gazebo-2] [1;32m[Msg] [0m[1;32mResource path add service on [[0m[1;32m/gazebo/resource_paths/add[0m[1;32m].[0m[1;32m[0m
[ign gazebo-2] [1;32m[Msg] [0m[1;32mResource path get service on [[0m[1;32m/gazebo/resource_paths/get[0m[1;32m].[0m[1;32m[0m
[ign gazebo-2] [1;32m[Msg] [0m[1;32mResource path resolve service on [[0m[1;32m/gazebo/resource_paths/resolve[0m[1;32m].[0m[1;32m[0m
[spawner-5] [INFO] [1790085035.767925881] [spawner_joint_state_broadcaster]: waiting for service /controller_manager/list_controllers to become available...
[parameter_bridge-3] [INFO] [1790085036.322043018] [ros_gz_bridge]: Creating GZ->ROS Bridge: [/clock (gz.msgs.Clock) -> /clock (rosgraph_msgs/msg/Clock)] (Lazy 0)
[parameter_bridge-3] [INFO] [1790085036.323471886] [ros_gz_bridge]: Creating GZ->ROS Bridge: [/imu (gz.msgs.IMU) -> /imu/out (sensor_msgs/msg/Imu)] (Lazy 0)
[parameter_bridge-3] [INFO] [1790085036.326069754] [ros_gz_bridge]: Creating GZ->ROS Bridge: [/scan (gz.msgs.LaserScan) -> /scan (sensor_msgs/msg/LaserScan)] (Lazy 0)
[parameter_bridge-3] [INFO] [1790085036.327222275] [ros_gz_bridge]: Creating GZ->ROS Bridge: [/world/nav_obstacle/model/labbot/link/oakd_rgb_camera_frame/sensor/rgbd_camera/image (gz.msgs.Image) -> /oakd/rgb/image_raw (sensor_msgs/msg/Image)] (Lazy 0)
[parameter_bridge-3] [INFO] [1790085036.328696133] [ros_gz_bridge]: Creating GZ->ROS Bridge: [/world/nav_obstacle/model/labbot/link/oakd_rgb_camera_frame/sensor/rgbd_camera/camera_info (gz.msgs.CameraInfo) -> /oakd/rgb/camera_info (sensor_msgs/msg/CameraInfo)] (Lazy 0)
[parameter_bridge-3] [INFO] [1790085036.329837230] [ros_gz_bridge]: Creating GZ->ROS Bridge: [/world/nav_obstacle/model/labbot/link/oakd_rgb_camera_frame/sensor/rgbd_camera/depth_image (gz.msgs.Image) -> /oakd/depth/image_raw (sensor_msgs/msg/Image)] (Lazy 0)
[parameter_bridge-3] [INFO] [1790085036.330720605] [ros_gz_bridge]: Creating GZ->ROS Bridge: [/world/nav_obstacle/model/labbot/link/oakd_rgb_camera_frame/sensor/rgbd_camera/points (gz.msgs.PointCloudPacked) -> /oakd/points_gz (sensor_msgs/msg/PointCloud2)] (Lazy 0)
[INFO] [create-6]: process started with pid [198432]
[create-6] 1790085036.773294 [87]     create: selected interface "lo" is not multicast-capable: disabling multicast
[create-6] [INFO] [1790085036.785008669] [ros_gz_sim]: Waiting messages on topic [robot_description].
[create-6] [INFO] [1790085036.992054543] [ros_gz_sim]: Requested creation of entity.
[create-6] [INFO] [1790085036.992191596] [ros_gz_sim]: OK creation of entity.
[INFO] [create-6]: process has finished cleanly [pid 198432]
[ign gazebo-2] [INFO] [1790085037.610266245] [GazeboSimROS2ControlPlugin]: robot_param_node is robot_state_publisher
[ign gazebo-2] [INFO] [1790085037.610331908] [GazeboSimROS2ControlPlugin]: robot_param_node is robot_description
[ign gazebo-2] 1790085037.617770 [87]       ruby: selected interface "lo" is not multicast-capable: disabling multicast
[ign gazebo-2] [INFO] [1790085037.633489077] [gz_ros2_control]: connected to service!! robot_state_publisher asking for robot_description
[ign gazebo-2] [INFO] [1790085037.648528136] [gz_ros2_control]: Received URDF from param server
[ign gazebo-2] [INFO] [1790085037.651472909] [gz_ros2_control]: [gz_ros2_control] Fixed joint ['oakd_joint'] (Entity='105') is skipped.
[ign gazebo-2] [INFO] [1790085037.651569099] [gz_ros2_control]: [gz_ros2_control] Fixed joint ['oakd_imu_joint'] (Entity='106') is skipped.
[ign gazebo-2] [INFO] [1790085037.651587819] [gz_ros2_control]: [gz_ros2_control] Fixed joint ['oakd_left_camera_joint'] (Entity='107') is skipped.
[ign gazebo-2] [INFO] [1790085037.651599915] [gz_ros2_control]: [gz_ros2_control] Fixed joint ['oakd_left_camera_optical_joint'] (Entity='108') is skipped.
[ign gazebo-2] [INFO] [1790085037.651609771] [gz_ros2_control]: [gz_ros2_control] Fixed joint ['oakd_rgb_camera_joint'] (Entity='109') is skipped.
[ign gazebo-2] [INFO] [1790085037.651619338] [gz_ros2_control]: [gz_ros2_control] Fixed joint ['oakd_rgb_camera_optical_joint'] (Entity='110') is skipped.
[ign gazebo-2] [INFO] [1790085037.651628586] [gz_ros2_control]: [gz_ros2_control] Fixed joint ['oakd_right_camera_joint'] (Entity='111') is skipped.
[ign gazebo-2] [INFO] [1790085037.651638186] [gz_ros2_control]: [gz_ros2_control] Fixed joint ['oakd_right_camera_optical_joint'] (Entity='112') is skipped.
[ign gazebo-2] [INFO] [1790085037.667184755] [gz_ros2_control]: The position_proportional_gain has been set to: 0.1
[ign gazebo-2] [INFO] [1790085037.669014287] [gz_ros2_control]: Loading joint: labbot_left_wheel_joint
[ign gazebo-2] [INFO] [1790085037.669098445] [gz_ros2_control]: 	State:
[ign gazebo-2] [INFO] [1790085037.669116556] [gz_ros2_control]: 		 position
[ign gazebo-2] [INFO] [1790085037.669129356] [gz_ros2_control]: 		 velocity
[ign gazebo-2] [INFO] [1790085037.669138572] [gz_ros2_control]: 	Command:
[ign gazebo-2] [INFO] [1790085037.669147692] [gz_ros2_control]: 		 velocity
[ign gazebo-2] [INFO] [1790085037.669183051] [gz_ros2_control]: Loading joint: labbot_right_wheel_joint
[ign gazebo-2] [INFO] [1790085037.669196779] [gz_ros2_control]: 	State:
[ign gazebo-2] [INFO] [1790085037.669205867] [gz_ros2_control]: 		 position
[ign gazebo-2] [INFO] [1790085037.669214923] [gz_ros2_control]: 		 velocity
[ign gazebo-2] [INFO] [1790085037.669222922] [gz_ros2_control]: 	Command:
[ign gazebo-2] [INFO] [1790085037.669230986] [gz_ros2_control]: 		 velocity
[ign gazebo-2] [INFO] [1790085037.669377735] [gz_ros2_control]: Loading sensor: imu
[ign gazebo-2] [INFO] [1790085037.669397159] [gz_ros2_control]: 	State:
[ign gazebo-2] [WARN] [1790085037.669408039] [gz_ros2_control]: IMU sensor 'imu' not found in hardware_info, skipping.
[ign gazebo-2] [INFO] [1790085037.669491205] [resource_manager]: Initialize hardware 'RobotSystem' 
[ign gazebo-2] [WARN] [1790085037.669532292] [gz_ros2_control]: The ign_ros2_control plugin got renamed to gz_ros2_control.
[ign gazebo-2] Update the <ros2_control> tag and gazebo plugin to
[ign gazebo-2] <hardware>
[ign gazebo-2]   <plugin>gz_ros2_control/GazeboSimSystem</plugin>
[ign gazebo-2] </hardware>
[ign gazebo-2] <gazebo>
[ign gazebo-2]   <plugin filename="gz_ros2_control-system"name="gz_ros2_control::GazeboSimROS2ControlPlugin">
[ign gazebo-2]     ...
[ign gazebo-2]   </plugin>
[ign gazebo-2] </gazebo>
[ign gazebo-2] [INFO] [1790085037.669612035] [resource_manager]: Successful initialization of hardware 'RobotSystem'
[ign gazebo-2] [INFO] [1790085037.669685249] [resource_manager]: 'configure' hardware 'RobotSystem' 
[ign gazebo-2] [INFO] [1790085037.669693921] [gz_ros2_control]: System Successfully configured!
[ign gazebo-2] [INFO] [1790085037.669711169] [resource_manager]: Successful 'configure' of hardware 'RobotSystem'
[ign gazebo-2] [INFO] [1790085037.669719456] [resource_manager]: 'activate' hardware 'RobotSystem' 
[ign gazebo-2] [INFO] [1790085037.669731584] [resource_manager]: Successful 'activate' of hardware 'RobotSystem'
[ign gazebo-2] [INFO] [1790085037.669740736] [gz_ros2_control]: Loading controller_manager
[ign gazebo-2] [INFO] [1790085037.774014683] [controller_manager]: Loading controller 'joint_state_broadcaster'
[ign gazebo-2] libEGL warning: Not allowed to force software rendering when API explicitly selects a hardware device.
[ign gazebo-2] libEGL warning: MESA-LOADER: failed to open nvidia-drm: /usr/lib/dri/nvidia-drm_dri.so: cannot open shared object file: No such file or directory (search paths /usr/lib/aarch64-linux-gnu/dri:\$${ORIGIN}/dri:/usr/lib/dri, suffix _dri)
[ign gazebo-2] 
[ign gazebo-2] libEGL warning: Not allowed to force software rendering when API explicitly selects a hardware device.
[ign gazebo-2] libEGL warning: egl: failed to create dri2 screen
[ign gazebo-2] [1;32m[Msg] [0m[1;32mResource paths published on [[0m[1;32m/gazebo/resource_paths[0m[1;32m].[0m[1;32m[0m
[ign gazebo-2] [1;32m[Msg] [0m[1;32mServer control service on [[0m[1;32m/server_control[0m[1;32m].[0m[1;32m[0m
[ign gazebo-2] [1;32m[Msg] [0m[1;32mFound no publishers on /stats, adding root stats topic[0m[1;32m[0m
[ign gazebo-2] [1;32m[Msg] [0m[1;32mFound no publishers on /clock, adding root clock topic[0m[1;32m[0m
[ign gazebo-2] [1;36m[Dbg] [SimulationRunner.cc:501] [0m[1;36mCreating PostUpdate worker threads: [0m[1;36m2[0m[1;36m[0m
[ign gazebo-2] [1;36m[Dbg] [SimulationRunner.cc:512] [0m[1;36mCreating postupdate worker thread ([0m[1;36m0[0m[1;36m)[0m[1;36m[0m
[ign gazebo-2] [1;36m[Dbg] [SystemManager.cc:73] [0m[1;36mLoaded system [[0m[1;36mign_ros2_control::IgnitionROS2ControlPlugin[0m[1;36m] for entity [[0m[1;36m74[0m[1;36m][0m[1;36m[0m
[ign gazebo-2] [1;36m[Dbg] [SystemManager.cc:73] [0m[1;36mLoaded system [[0m[1;36mignition::gazebo::systems::Imu[0m[1;36m] for entity [[0m[1;36m74[0m[1;36m][0m[1;36m[0m
[ign gazebo-2] [1;36m[Dbg] [Sensors.cc:506] [0m[1;36mConfiguring Sensors system[0m[1;36m[0m
[ign gazebo-2] [1;36m[Dbg] [Sensors.cc:431] [0m[1;36mSensorsPrivate::Run[0m[1;36m[0m
[ign gazebo-2] [1;36m[Dbg] [SystemManager.cc:73] [0m[1;36mLoaded system [[0m[1;36mignition::gazebo::systems::Sensors[0m[1;36m] for entity [[0m[1;36m74[0m[1;36m][0m[1;36m[0m
[ign gazebo-2] [1;36m[Dbg] [Sensors.cc:411] [0m[1;36mSensorsPrivate::RenderThread started[0m[1;36m[0m
[ign gazebo-2] [1;36m[Dbg] [Sensors.cc:258] [0m[1;36mWaiting for init[0m[1;36m[0m
[ign gazebo-2] [1;36m[Dbg] [UserCommands.cc:1303] [0m[1;36mCreated entity [[0m[1;36m74[0m[1;36m] named [[0m[1;36mlabbot[0m[1;36m][0m[1;36m[0m
[ign gazebo-2] [1;36m[Dbg] [SimulationFeatures.cc:71] [0m[1;36mSimulation timestep set to: [0m[1;36m0.01[0m[1;36m[0m
[ign gazebo-2] [1;32m[Msg] [0m[1;32mServing scene information on [[0m[1;32m/world/nav_obstacle[0m[1;32m/[0m[1;32mscene/info[0m[1;32m][0m[1;32m[0m
[ign gazebo-2] [1;32m[Msg] [0m[1;32mServing graph information on [[0m[1;32m/world/nav_obstacle[0m[1;32m/[0m[1;32mscene/graph[0m[1;32m][0m[1;32m[0m
[ign gazebo-2] [1;32m[Msg] [0m[1;32mServing full state on [[0m[1;32m/world/nav_obstacle[0m[1;32m/[0m[1;32mstate[0m[1;32m][0m[1;32m[0m
[ign gazebo-2] [1;32m[Msg] [0m[1;32mServing full state (async) on [[0m[1;32m/world/nav_obstacle[0m[1;32m/[0m[1;32mstate_async[0m[1;32m][0m[1;32m[0m
[ign gazebo-2] [1;32m[Msg] [0m[1;32mPublishing scene information on [[0m[1;32m/world/nav_obstacle/scene/info[0m[1;32m][0m[1;32m[0m
[ign gazebo-2] [1;32m[Msg] [0m[1;32mPublishing entity deletions on [[0m[1;32m/world/nav_obstacle/scene/deletion[0m[1;32m][0m[1;32m[0m
[ign gazebo-2] [1;32m[Msg] [0m[1;32mPublishing state changes on [[0m[1;32m/world/nav_obstacle/state[0m[1;32m][0m[1;32m[0m
[ign gazebo-2] [1;32m[Msg] [0m[1;32mPublishing pose messages on [[0m[1;32m/world/nav_obstacle[0m[1;32m/[0m[1;32mpose/info[0m[1;32m][0m[1;32m[0m
[ign gazebo-2] [1;32m[Msg] [0m[1;32mPublishing dynamic pose messages on [[0m[1;32m/world/nav_obstacle[0m[1;32m/[0m[1;32mdynamic_pose/info[0m[1;32m][0m[1;32m[0m
[ign gazebo-2] [1;36m[Dbg] [SimulationRunner.cc:528] [0m[1;36mExiting postupdate worker thread ([0m[1;36m0[0m[1;36m)[0m[1;36m[0m
[ign gazebo-2] [1;36m[Dbg] [SimulationRunner.cc:501] [0m[1;36mCreating PostUpdate worker threads: [0m[1;36m5[0m[1;36m[0m
[ign gazebo-2] [1;36m[Dbg] [SimulationRunner.cc:512] [0m[1;36mCreating postupdate worker thread ([0m[1;36m0[0m[1;36m)[0m[1;36m[0m
[ign gazebo-2] [1;36m[Dbg] [SimulationRunner.cc:512] [0m[1;36mCreating postupdate worker thread ([0m[1;36m1[0m[1;36m)[0m[1;36m[0m
[ign gazebo-2] [1;36m[Dbg] [SimulationRunner.cc:512] [0m[1;36mCreating postupdate worker thread ([0m[1;36m2[0m[1;36m)[0m[1;36m[0m
[ign gazebo-2] [1;36m[Dbg] [SimulationRunner.cc:512] [0m[1;36mCreating postupdate worker thread ([0m[1;36m3[0m[1;36m)[0m[1;36m[0m
[ign gazebo-2] [1;36m[Dbg] [Sensors.cc:610] [0m[1;36mInitialization needed[0m[1;36m[0m
[ign gazebo-2] [1;36m[Dbg] [Sensors.cc:270] [0m[1;36mInitializing render context[0m[1;36m[0m
[ign gazebo-2] [1;32m[Msg] [0m[1;32mLoading plugin [[0m[1;32mignition-rendering-ogre2[0m[1;32m][0m[1;32m[0m
[ign gazebo-2] [1;36m[Dbg] [ImuSensor.cc:148] [0m[1;36mIMU data for [[0m[1;36mlabbot::base_footprint::imu[0m[1;36m] advertised on [[0m[1;36mimu[0m[1;36m][0m[1;36m[0m
[spawner-5] [INFO] [1790085039.118369315] [spawner_joint_state_broadcaster]: [94mLoaded [1mjoint_state_broadcaster[0m
[ign gazebo-2] [INFO] [1790085039.119982691] [controller_manager]: Configuring controller 'joint_state_broadcaster'
[ign gazebo-2] [INFO] [1790085039.120262750] [joint_state_broadcaster]: 'joints' or 'interfaces' parameter is empty. All available state interfaces will be published
[spawner-5] [INFO] [1790085039.509170691] [spawner_joint_state_broadcaster]: [92mConfigured and activated [1mjoint_state_broadcaster[0m
[INFO] [spawner-5]: process has finished cleanly [pid 198308]
[ign gazebo-2] [1;36m[Dbg] [RenderUtil.cc:2591] [0m[1;36mCreate scene [[0m[1;36mscene[0m[1;36m][0m[1;36m[0m
[ign gazebo-2] [1;36m[Dbg] [Sensors.cc:284] [Dbg] [Sensors.cc:610] [0m[1;36m[Dbg] [Sensors.cc:284] [0m[1;36mInitialization neededRendering Thread initialized[0m[1;36m[0m
[ign gazebo-2] [1;36mInitialization neededRendering Thread initialized[0m[1;36m[0m
[ign gazebo-2] [1;36m[Dbg] [RgbdCameraSensor.cc:219] [0m[1;36mRGB images for [[0m[1;36mlabbot::oakd_rgb_camera_frame::rgbd_camera[0m[1;36m] advertised on [[0m[1;36mworld/nav_obstacle/model/labbot/link/oakd_rgb_camera_frame/sensor/rgbd_camera[0m[1;36m/image][0m[1;36m[0m
[ign gazebo-2] [1;36m[Dbg] [RgbdCameraSensor.cc:233] [0m[1;36mDepth images for [[0m[1;36mlabbot::oakd_rgb_camera_frame::rgbd_camera[0m[1;36m] advertised on [[0m[1;36mworld/nav_obstacle/model/labbot/link/oakd_rgb_camera_frame/sensor/rgbd_camera[0m[1;36m/depth_image][0m[1;36m[0m
[ign gazebo-2] [1;36m[Dbg] [RgbdCameraSensor.cc:247] [0m[1;36mPoints for [[0m[1;36mlabbot::oakd_rgb_camera_frame::rgbd_camera[0m[1;36m] advertised on [[0m[1;36mworld/nav_obstacle/model/labbot/link/oakd_rgb_camera_frame/sensor/rgbd_camera[0m[1;36m/points][0m[1;36m[0m
[ign gazebo-2] [1;36m[Dbg] [CameraSensor.cc:705] [0m[1;36mCamera info for [[0m[1;36mlabbot::oakd_rgb_camera_frame::rgbd_camera[0m[1;36m] advertised on [[0m[1;36mworld/nav_obstacle/model/labbot/link/oakd_rgb_camera_frame/sensor/rgbd_camera/camera_info[0m[1;36m][0m[1;36m[0m
[ign gazebo-2] [1;36m[Dbg] [Lidar.cc:138] [0m[1;36mLaser scans for [[0m[1;36mlabbot::base_footprint::lidar[0m[1;36m] advertised on [[0m[1;36mscan[0m[1;36m][0m[1;36m[0m
[ign gazebo-2] [1;36m[Dbg] [GpuLidarSensor.cc:163] [0m[1;36mLidar points for [[0m[1;36mlabbot::base_footprint::lidar[0m[1;36m] advertised on [[0m[1;36mscan/points[0m[1;36m][0m[1;36m[0m
[WARNING] [launch]: user interrupted with ctrl-c (SIGINT)
[INFO] [gz_pointcloud_to_optical.py-4]: sending signal 'SIGINT' to process[gz_pointcloud_to_optical.py-4]
[INFO] [parameter_bridge-3]: sending signal 'SIGINT' to process[parameter_bridge-3]
[INFO] [ign gazebo-2]: sending signal 'SIGINT' to process[ign gazebo-2]
[INFO] [robot_state_publisher-1]: sending signal 'SIGINT' to process[robot_state_publisher-1]
[parameter_bridge-3] [INFO] [1790085058.394734285] [rclcpp]: signal_handler(SIGINT/SIGTERM)
[robot_state_publisher-1] [INFO] [1790085058.397160829] [rclcpp]: signal_handler(SIGINT/SIGTERM)
[INFO] [parameter_bridge-3]: process has finished cleanly [pid 198303]
[INFO] [robot_state_publisher-1]: process has finished cleanly [pid 198299]
[INFO] [gz_pointcloud_to_optical.py-4]: process has finished cleanly [pid 198306]
[ERROR] [ign gazebo-2]: process[ign gazebo-2] failed to terminate '5' seconds after receiving 'SIGINT', escalating to 'SIGTERM'
[INFO] [ign gazebo-2]: sending signal 'SIGTERM' to process[ign gazebo-2]
[ERROR] [ign gazebo-2]: process has died [pid 198301, exit code -15, cmd 'ruby /usr/bin/ign gazebo /workspace/molar/ros_ws/bumperbot_ws/install/robot_lab_maps/share/robot_lab_maps/maps/nav_obstacle/worlds/nav_obstacle.world -v 4 -s -r --force-version 6'].
[INFO] [launch]: process[ign gazebo-2] was required: shutting down launched system
