[INFO] [launch]: All log files can be found below /home/molar1/.ros/log/2026-09-28-13-34-06-309961-molar1-209309
[INFO] [launch]: Default logging verbosity is set to INFO
[robot_lab] algorithm localization=amcl -> global_localization stack
[robot_lab] algorithm state_estimation=ekf_localization_node -> local_localization stack
[robot_lab] algorithm sensor_fusion=wheel_imu_fusion -> node robot_lab_algorithms/wheel_imu_fusion
[INFO] [go2-stance-gait-controller-1]: process started with pid [209354]
[INFO] [robot_state_publisher-2]: process started with pid [209356]
[INFO] [mujoco_spawner-3]: process started with pid [209358]
[INFO] [joy_teleop-4]: process started with pid [209360]
[INFO] [joy_node-5]: process started with pid [209362]
[INFO] [twist_mux-6]: process started with pid [209364]
[INFO] [twist_marker-7]: process started with pid [209366]
[INFO] [joystick_relay.py-8]: process started with pid [209368]
[INFO] [twist_relay-9]: process started with pid [209376]
[INFO] [simulator_ready_gate-10]: process started with pid [209380]
[twist_mux-6] [INFO] [1790595247.264456994] [twist_mux]: Topic handler 'topics.joystick' subscribed to topic 'joy_vel': timeout = 0.500000s , priority = 99.
[twist_mux-6] [INFO] [1790595247.265420564] [twist_mux]: Topic handler 'topics.keyboard' subscribed to topic 'key_vel': timeout = 0.500000s , priority = 90.
[twist_mux-6] [INFO] [1790595247.265630832] [twist_mux]: Topic handler 'topics.navigation' subscribed to topic 'cmd_vel': timeout = 0.500000s , priority = 80.
[twist_mux-6] [INFO] [1790595247.267121273] [twist_mux]: Topic handler 'locks.safety_stop' subscribed to topic 'safety_stop': timeout = None , priority = 255.
[robot_state_publisher-2] [INFO] [1790595247.267636817] [robot_state_publisher]: got segment FL_calf
[robot_state_publisher-2] [INFO] [1790595247.267802575] [robot_state_publisher]: got segment FL_calf_rotor
[robot_state_publisher-2] [INFO] [1790595247.267821519] [robot_state_publisher]: got segment FL_foot
[robot_state_publisher-2] [INFO] [1790595247.267831566] [robot_state_publisher]: got segment FL_hip
[robot_state_publisher-2] [INFO] [1790595247.267839918] [robot_state_publisher]: got segment FL_hip_rotor
[robot_state_publisher-2] [INFO] [1790595247.267848046] [robot_state_publisher]: got segment FL_thigh
[robot_state_publisher-2] [INFO] [1790595247.267856110] [robot_state_publisher]: got segment FL_thigh_rotor
[robot_state_publisher-2] [INFO] [1790595247.267863822] [robot_state_publisher]: got segment FR_calf
[robot_state_publisher-2] [INFO] [1790595247.267871310] [robot_state_publisher]: got segment FR_calf_rotor
[robot_state_publisher-2] [INFO] [1790595247.267878766] [robot_state_publisher]: got segment FR_foot
[robot_state_publisher-2] [INFO] [1790595247.267886190] [robot_state_publisher]: got segment FR_hip
[robot_state_publisher-2] [INFO] [1790595247.267893549] [robot_state_publisher]: got segment FR_hip_rotor
[robot_state_publisher-2] [INFO] [1790595247.267900845] [robot_state_publisher]: got segment FR_thigh
[robot_state_publisher-2] [INFO] [1790595247.267908077] [robot_state_publisher]: got segment FR_thigh_rotor
[robot_state_publisher-2] [INFO] [1790595247.267915469] [robot_state_publisher]: got segment RL_calf
[robot_state_publisher-2] [INFO] [1790595247.267922829] [robot_state_publisher]: got segment RL_calf_rotor
[robot_state_publisher-2] [INFO] [1790595247.267930157] [robot_state_publisher]: got segment RL_foot
[robot_state_publisher-2] [INFO] [1790595247.267937261] [robot_state_publisher]: got segment RL_hip
[robot_state_publisher-2] [INFO] [1790595247.267944365] [robot_state_publisher]: got segment RL_hip_rotor
[robot_state_publisher-2] [INFO] [1790595247.267951437] [robot_state_publisher]: got segment RL_thigh
[robot_state_publisher-2] [INFO] [1790595247.267958508] [robot_state_publisher]: got segment RL_thigh_rotor
[robot_state_publisher-2] [INFO] [1790595247.267965836] [robot_state_publisher]: got segment RR_calf
[robot_state_publisher-2] [INFO] [1790595247.267972972] [robot_state_publisher]: got segment RR_calf_rotor
[robot_state_publisher-2] [INFO] [1790595247.267980204] [robot_state_publisher]: got segment RR_foot
[robot_state_publisher-2] [INFO] [1790595247.267987372] [robot_state_publisher]: got segment RR_hip
[robot_state_publisher-2] [INFO] [1790595247.267994476] [robot_state_publisher]: got segment RR_hip_rotor
[robot_state_publisher-2] [INFO] [1790595247.268001548] [robot_state_publisher]: got segment RR_thigh
[robot_state_publisher-2] [INFO] [1790595247.268008684] [robot_state_publisher]: got segment RR_thigh_rotor
[robot_state_publisher-2] [INFO] [1790595247.268016108] [robot_state_publisher]: got segment base
[robot_state_publisher-2] [INFO] [1790595247.268023275] [robot_state_publisher]: got segment front_camera
[robot_state_publisher-2] [INFO] [1790595247.268033035] [robot_state_publisher]: got segment imu_link
[robot_state_publisher-2] [INFO] [1790595247.268041035] [robot_state_publisher]: got segment trunk
[go2-stance-gait-controller-1] [0;93m2026-09-28 13:34:07.909223457 [W:onnxruntime:Default, device_discovery.cc:164 DiscoverDevicesForPlatform] GPU device discovery failed: device_discovery.cc:89 ReadFileContents Failed to open file: "/sys/class/drm/card1/device/vendor"[m
[go2-stance-gait-controller-1] [INFO] [1790595247.986575739] [go2_stance_gait_controller]: Go2 closed-loop stance: 12 effort joints at 250.0 Hz; controller ONNX velocity policy
[mujoco_spawner-3] [INFO] [1790595249.231587370] [mujoco_spawner]: MuJoCo: 18 collision proxy geom(s) moved to group 3 (viewer Rendering tab to show them).
[mujoco_spawner-3] [INFO] [1790595249.277579655] [mujoco_spawner]: MuJoCo URDF import OK (all meshes staged).
[mujoco_spawner-3] [WARN] [1790595249.288642397] [mujoco_spawner]: MuJoCo effort plant: no MJCF beside /home/molar1/bumperbot_ws/install/robot_lab_robots/share/robot_lab_robots/unitree/go2_description/xacro/go2_sim.xacro names every effort joint; keeping the URDF <dynamics> (damping=5.0 is a Gazebo stabiliser the robot does not have).
[mujoco_spawner-3] [INFO] [1790595249.332105440] [mujoco_spawner]: MuJoCo physics timestep: 0.0010 s
[mujoco_spawner-3] [INFO] [1790595249.333883045] [mujoco_spawner]: Robot has no 'oakd_rgb_camera_frame' link; no RGB-D camera is published.
[mujoco_spawner-3] [INFO] [1790595249.334733080] [mujoco_spawner]: Joints: ['FR_hip_joint', 'FR_thigh_joint', 'FR_calf_joint', 'FL_hip_joint', 'FL_thigh_joint', 'FL_calf_joint', 'RR_hip_joint', 'RR_thigh_joint', 'RR_calf_joint', 'RL_hip_joint', 'RL_thigh_joint', 'RL_calf_joint']   lw= rw=
[mujoco_spawner-3] [INFO] [1790595249.336749273] [mujoco_spawner]: MuJoCo effort joint armature: 0.0100 kg m^2
[mujoco_spawner-3] [INFO] [1790595249.338229218] [mujoco_spawner]: Joint effort input: /go2_group_effort_controller/commands (12 joints, URDF limits)
[mujoco_spawner-3] [INFO] [1790595249.340061542] [mujoco_spawner]: Spawn ground clearance: raised root by 0.1424 m
[mujoco_spawner-3] [INFO] [1790595249.340981496] [mujoco_spawner]: MuJoCo model loaded: 14 bodies, 13 joints
[mujoco_spawner-3] [INFO] [1790595249.341621486] [mujoco_spawner]: MuJoCo gui param=False (resolved=False), DISPLAY=:1 -> mode=DIRECT
[mujoco_spawner-3] [INFO] [1790595249.342268836] [mujoco_spawner]: MuJoCo running headless (gui=False, viewer=True).
[mujoco_spawner-3] [INFO] [1790595249.346710976] [mujoco_spawner]: MuJoCo spawner running.
[go2-stance-gait-controller-1] [WARN] [1790595249.349715537] [go2_stance_gait_controller]: Go2 safety safe_stop: tilt 3.14 rad exceeds fall threshold
[go2-stance-gait-controller-1] [INFO] [1790595249.350793409] [go2_stance_gait_controller]: Go2 recovery idle
[go2-stance-gait-controller-1] [INFO] [1790595249.471920346] [go2_stance_gait_controller]: Go2 recovery attempting:tuck
[INFO] [simulator_ready_gate-10]: process has finished cleanly [pid 209380]
[INFO] [amcl-12]: process started with pid [209600]
[INFO] [map_server-11]: process started with pid [209598]
[INFO] [lifecycle_manager-13]: process started with pid [209602]
[INFO] [ekf_node-14]: process started with pid [209604]
[INFO] [imu_republisher.py-15]: process started with pid [209606]
[INFO] [wheel_imu_fusion-16]: process started with pid [209608]
[amcl-12] [0m[INFO] [1790595249.781905306] [amcl]: 
[amcl-12] 	amcl lifecycle node launched. 
[amcl-12] 	Waiting on external lifecycle transitions to activate
[amcl-12] 	See https://design.ros2.org/articles/node_lifecycle.html for more information.[0m
[lifecycle_manager-13] [INFO] [1790595249.782293172] [lifecycle_manager_localization]: Creating
[amcl-12] [0m[INFO] [1790595249.783591488] [amcl]: Creating[0m
[lifecycle_manager-13] [INFO] [1790595249.784777870] [lifecycle_manager_localization]: [34m[1mCreating and initializing lifecycle service clients[0m[0m
[map_server-11] [INFO] [1790595249.787624002] [map_server]: 
[map_server-11] 	map_server lifecycle node launched. 
[map_server-11] 	Waiting on external lifecycle transitions to activate
[map_server-11] 	See https://design.ros2.org/articles/node_lifecycle.html for more information.
[map_server-11] [INFO] [1790595249.787807423] [map_server]: Creating
[lifecycle_manager-13] [INFO] [1790595249.813185049] [lifecycle_manager_localization]: [34m[1mStarting managed nodes bringup...[0m[0m
[lifecycle_manager-13] [INFO] [1790595249.814098539] [lifecycle_manager_localization]: [34m[1mConfiguring map_server[0m[0m
[map_server-11] [INFO] [1790595249.834056984] [map_server]: Configuring
[map_server-11] [INFO] [1790595249.834197558] [map_io]: Loading yaml file: /home/molar1/bumperbot_ws/install/robot_lab_maps/share/robot_lab_maps/maps/nav_empty/maps/map.yaml
[map_server-11] [INFO] [1790595249.834648207] [map_io]: resolution: 0.05
[map_server-11] [INFO] [1790595249.834668623] [map_io]: origin[0]: -7
[map_server-11] [INFO] [1790595249.834674798] [map_io]: origin[1]: -7
[map_server-11] [INFO] [1790595249.834679406] [map_io]: origin[2]: 0
[map_server-11] [INFO] [1790595249.834684814] [map_io]: free_thresh: 0.196
[map_server-11] [INFO] [1790595249.834690126] [map_io]: occupied_thresh: 0.65
[map_server-11] [INFO] [1790595249.834696526] [map_io]: mode: trinary
[map_server-11] [INFO] [1790595249.834703822] [map_io]: negate: 0
[map_server-11] [INFO] [1790595249.840122267] [map_io]: Loading image_file: /home/molar1/bumperbot_ws/install/robot_lab_maps/share/robot_lab_maps/maps/nav_empty/maps/map.pgm
[map_server-11] [INFO] [1790595249.851469772] [map_io]: Read map /home/molar1/bumperbot_ws/install/robot_lab_maps/share/robot_lab_maps/maps/nav_empty/maps/map.pgm: 280 X 280 map @ 0.05 m/cell
[lifecycle_manager-13] [INFO] [1790595249.861001978] [lifecycle_manager_localization]: [34m[1mConfiguring amcl[0m[0m
[amcl-12] [0m[INFO] [1790595249.861351156] [amcl]: Configuring[0m
[amcl-12] [0m[INFO] [1790595249.861524210] [amcl]: initTransforms[0m
[go2-stance-gait-controller-1] [INFO] [1790595249.873296188] [go2_stance_gait_controller]: Go2 recovery attempting:roll
[amcl-12] [0m[INFO] [1790595249.884750476] [amcl]: initPubSub[0m
[amcl-12] [0m[INFO] [1790595249.901550058] [amcl]: Subscribed to map topic.[0m
[lifecycle_manager-13] [INFO] [1790595249.912721278] [lifecycle_manager_localization]: [34m[1mActivating map_server[0m[0m
[map_server-11] [INFO] [1790595249.913035929] [map_server]: Activating
[map_server-11] [INFO] [1790595249.913356660] [map_server]: Creating bond (map_server) to lifecycle manager.
[amcl-12] [0m[INFO] [1790595249.913557105] [amcl]: Received a 280 X 280 map @ 0.050 m/pix[0m
[lifecycle_manager-13] [INFO] [1790595250.019238616] [lifecycle_manager_localization]: Server map_server connected with bond.
[lifecycle_manager-13] [INFO] [1790595250.019341718] [lifecycle_manager_localization]: [34m[1mActivating amcl[0m[0m
[amcl-12] [0m[INFO] [1790595250.019696305] [amcl]: Activating[0m
[amcl-12] [0m[INFO] [1790595250.019794255] [amcl]: initialPoseReceived[0m
[amcl-12] [0m[INFO] [1790595250.020023148] [amcl]: Setting pose (0.556000): -0.500 -0.500 0.000[0m
[amcl-12] [0m[INFO] [1790595250.020605187] [amcl]: Creating bond (amcl) to lifecycle manager.[0m
[lifecycle_manager-13] [INFO] [1790595250.123481205] [lifecycle_manager_localization]: Server amcl connected with bond.
[lifecycle_manager-13] [INFO] [1790595250.123565972] [lifecycle_manager_localization]: [34m[1mManaged nodes are active[0m[0m
[lifecycle_manager-13] [INFO] [1790595250.123585875] [lifecycle_manager_localization]: [34m[1mCreating bond timer...[0m[0m
[amcl-12] [0m[INFO] [1790595250.125543349] [amcl]: createLaserObject[0m
[wheel_imu_fusion-16] [INFO] [1790595250.438594727] [sensor_fusion_wheel_imu_fusion]: wheel_imu_fusion ready
[go2-stance-gait-controller-1] [INFO] [1790595250.574823064] [go2_stance_gait_controller]: Go2 recovery attempting:tuck
[go2-stance-gait-controller-1] [INFO] [1790595250.975490631] [go2_stance_gait_controller]: Go2 recovery attempting:crouch
[go2-stance-gait-controller-1] [INFO] [1790595251.576257011] [go2_stance_gait_controller]: Go2 recovery attempting:stand
[go2-stance-gait-controller-1] [INFO] [1790595252.316050758] [go2_stance_gait_controller]: Go2 recovery succeeded:stand
[lifecycle_manager-13] [INFO] [1790595272.715777038] [rclcpp]: signal_handler(SIGINT/SIGTERM)
[lifecycle_manager-13] [INFO] [1790595272.715922412] [lifecycle_manager_localization]: Running Nav2 LifecycleManager rcl preshutdown (lifecycle_manager_localization)
[ekf_node-14] [INFO] [1790595272.715800334] [rclcpp]: signal_handler(SIGINT/SIGTERM)
[twist_relay-9] [INFO] [1790595272.715802446] [rclcpp]: signal_handler(SIGINT/SIGTERM)
[lifecycle_manager-13] [INFO] [1790595272.715998603] [lifecycle_manager_localization]: [34m[1mTerminating bond timer...[0m[0m
[amcl-12] [0m[INFO] [1790595272.716938077] [rclcpp]: signal_handler(SIGINT/SIGTERM)[0m
[amcl-12] [0m[INFO] [1790595272.717269400] [amcl]: Running Nav2 LifecycleNode rcl preshutdown (amcl)[0m
[amcl-12] [0m[INFO] [1790595272.717460437] [amcl]: Deactivating[0m
[amcl-12] [0m[INFO] [1790595272.717511028] [amcl]: Destroying bond (amcl) to lifecycle manager.[0m
[joy_node-5] [INFO] [1790595272.716193448] [rclcpp]: signal_handler(SIGINT/SIGTERM)
[twist_marker-7] [INFO] [1790595272.716247751] [rclcpp]: signal_handler(SIGINT/SIGTERM)
[twist_mux-6] [INFO] [1790595272.716419653] [rclcpp]: signal_handler(SIGINT/SIGTERM)
[map_server-11] [INFO] [1790595272.716433476] [rclcpp]: signal_handler(SIGINT/SIGTERM)
[map_server-11] [INFO] [1790595272.716583554] [map_server]: Running Nav2 LifecycleNode rcl preshutdown (map_server)
[map_server-11] [INFO] [1790595272.716694144] [map_server]: Deactivating
[map_server-11] [INFO] [1790595272.716722848] [map_server]: Destroying bond (map_server) to lifecycle manager.
[robot_state_publisher-2] [INFO] [1790595272.720351144] [rclcpp]: signal_handler(SIGINT/SIGTERM)
[map_server-11] [INFO] [1790595272.727100161] [map_server]: Cleaning up
[map_server-11] [INFO] [1790595272.727213023] [map_server]: Destroying bond (map_server) to lifecycle manager.
[amcl-12] [0m[INFO] [1790595272.727853206] [amcl]: Cleaning up[0m
[amcl-12] [0m[INFO] [1790595272.737500770] [amcl]: Destroying bond (amcl) to lifecycle manager.[0m
[lifecycle_manager-13] [INFO] [1790595272.746261084] [lifecycle_manager_localization]: Destroying lifecycle_manager_localization
[amcl-12] [0m[INFO] [1790595272.749437771] [amcl]: Destroying[0m
[map_server-11] [INFO] [1790595272.751988324] [map_server]: Destroying
[joy_teleop-4] Traceback (most recent call last):
[joy_teleop-4]   File "/opt/ros/humble/lib/joy_teleop/joy_teleop", line 33, in <module>
[joy_teleop-4]     sys.exit(load_entry_point('joy-teleop==1.6.0', 'console_scripts', 'joy_teleop')())
[joy_teleop-4]   File "/opt/ros/humble/lib/python3.10/site-packages/joy_teleop/joy_teleop.py", line 435, in main
[joy_teleop-4]     rclpy.spin(node)
[joy_teleop-4]   File "/opt/ros/humble/local/lib/python3.10/dist-packages/rclpy/__init__.py", line 229, in spin
[joy_teleop-4]     executor.spin_once()
[joy_teleop-4]   File "/opt/ros/humble/local/lib/python3.10/dist-packages/rclpy/executors.py", line 812, in spin_once
[joy_teleop-4]     self._spin_once_impl(timeout_sec)
[joy_teleop-4]   File "/opt/ros/humble/local/lib/python3.10/dist-packages/rclpy/executors.py", line 801, in _spin_once_impl
[joy_teleop-4]     handler, entity, node = self.wait_for_ready_callbacks(timeout_sec=timeout_sec)
[joy_teleop-4]   File "/opt/ros/humble/local/lib/python3.10/dist-packages/rclpy/executors.py", line 784, in wait_for_ready_callbacks
[joy_teleop-4]     return next(self._cb_iter)
[joy_teleop-4]   File "/opt/ros/humble/local/lib/python3.10/dist-packages/rclpy/executors.py", line 685, in _wait_for_ready_callbacks
[joy_teleop-4]     raise ExternalShutdownException()
[joy_teleop-4] rclpy.executors.ExternalShutdownException
[INFO] [ekf_node-14]: process has finished cleanly [pid 209604]
[INFO] [joy_node-5]: process has finished cleanly [pid 209362]
[INFO] [twist_marker-7]: process has finished cleanly [pid 209366]
[INFO] [lifecycle_manager-13]: process has finished cleanly [pid 209602]
[INFO] [twist_mux-6]: process has finished cleanly [pid 209364]
[INFO] [twist_relay-9]: process has finished cleanly [pid 209376]
[INFO] [amcl-12]: process has finished cleanly [pid 209600]
[INFO] [robot_state_publisher-2]: process has finished cleanly [pid 209356]
[INFO] [map_server-11]: process has finished cleanly [pid 209598]
[mujoco_spawner-3] Traceback (most recent call last):
[mujoco_spawner-3]   File "/home/molar1/bumperbot_ws/install/robot_lab_mujoco/lib/robot_lab_mujoco/mujoco_spawner", line 33, in <module>
[mujoco_spawner-3]     sys.exit(load_entry_point('robot_lab_mujoco==0.1.0', 'console_scripts', 'mujoco_spawner')())
[mujoco_spawner-3]   File "/home/molar1/bumperbot_ws/install/robot_lab_mujoco/lib/python3.10/site-packages/robot_lab_mujoco/mujoco_spawner.py", line 2041, in main
[mujoco_spawner-3]     rclpy.spin(node)
[mujoco_spawner-3]   File "/opt/ros/humble/local/lib/python3.10/dist-packages/rclpy/__init__.py", line 229, in spin
[mujoco_spawner-3]     executor.spin_once()
[mujoco_spawner-3]   File "/opt/ros/humble/local/lib/python3.10/dist-packages/rclpy/executors.py", line 812, in spin_once
[mujoco_spawner-3]     self._spin_once_impl(timeout_sec)
[mujoco_spawner-3]   File "/opt/ros/humble/local/lib/python3.10/dist-packages/rclpy/executors.py", line 801, in _spin_once_impl
[mujoco_spawner-3]     handler, entity, node = self.wait_for_ready_callbacks(timeout_sec=timeout_sec)
[mujoco_spawner-3]   File "/opt/ros/humble/local/lib/python3.10/dist-packages/rclpy/executors.py", line 784, in wait_for_ready_callbacks
[mujoco_spawner-3]     return next(self._cb_iter)
[mujoco_spawner-3]   File "/opt/ros/humble/local/lib/python3.10/dist-packages/rclpy/executors.py", line 657, in _wait_for_ready_callbacks
[mujoco_spawner-3]     wait_set = _rclpy.WaitSet(
[mujoco_spawner-3] rclpy._rclpy_pybind11.RCLError: failed to initialize wait set: the given context is not valid, either rcl_init() was not called or rcl_shutdown() was called., at ./src/rcl/wait.c:130
[go2-stance-gait-controller-1] Traceback (most recent call last):
[go2-stance-gait-controller-1]   File "/home/molar1/bumperbot_ws/install/robot_lab_adapter/lib/robot_lab_adapter/go2-stance-gait-controller", line 33, in <module>
[go2-stance-gait-controller-1]     sys.exit(load_entry_point('robot_lab_adapter==0.1.0', 'console_scripts', 'go2-stance-gait-controller')())
[go2-stance-gait-controller-1]   File "/home/molar1/bumperbot_ws/install/robot_lab_adapter/lib/python3.10/site-packages/robot_lab_adapter/go2_stance_gait_controller.py", line 306, in main
[go2-stance-gait-controller-1]     rclpy.spin(node)
[go2-stance-gait-controller-1]   File "/opt/ros/humble/local/lib/python3.10/dist-packages/rclpy/__init__.py", line 229, in spin
[go2-stance-gait-controller-1]     executor.spin_once()
[go2-stance-gait-controller-1]   File "/opt/ros/humble/local/lib/python3.10/dist-packages/rclpy/executors.py", line 812, in spin_once
[go2-stance-gait-controller-1]     self._spin_once_impl(timeout_sec)
[go2-stance-gait-controller-1]   File "/opt/ros/humble/local/lib/python3.10/dist-packages/rclpy/executors.py", line 809, in _spin_once_impl
[go2-stance-gait-controller-1]     raise handler.exception()
[go2-stance-gait-controller-1]   File "/opt/ros/humble/local/lib/python3.10/dist-packages/rclpy/task.py", line 309, in _execute_coroutine_step
[go2-stance-gait-controller-1]     result = coro.send(None)
[go2-stance-gait-controller-1]   File "/opt/ros/humble/local/lib/python3.10/dist-packages/rclpy/executors.py", line 488, in handler
[go2-stance-gait-controller-1]     await call_coroutine(entity, arg)
[go2-stance-gait-controller-1]   File "/opt/ros/humble/local/lib/python3.10/dist-packages/rclpy/executors.py", line 396, in _execute_timer
[go2-stance-gait-controller-1]     await await_or_execute(tmr.callback)
[go2-stance-gait-controller-1]   File "/opt/ros/humble/local/lib/python3.10/dist-packages/rclpy/executors.py", line 110, in await_or_execute
[go2-stance-gait-controller-1]     return callback(*args)
[go2-stance-gait-controller-1]   File "/home/molar1/bumperbot_ws/install/robot_lab_adapter/lib/python3.10/site-packages/robot_lab_adapter/go2_stance_gait_controller.py", line 272, in _on_timer
[go2-stance-gait-controller-1]     self._pub.publish(msg)
[go2-stance-gait-controller-1]   File "/opt/ros/humble/local/lib/python3.10/dist-packages/rclpy/publisher.py", line 70, in publish
[go2-stance-gait-controller-1]     self.__publisher.publish(msg)
[go2-stance-gait-controller-1] rclpy._rclpy_pybind11.RCLError: Failed to publish: publisher's context is invalid, at ./src/rcl/publisher.c:389
[imu_republisher.py-15] Traceback (most recent call last):
[imu_republisher.py-15]   File "/home/molar1/bumperbot_ws/install/robot_lab_localization/lib/robot_lab_localization/imu_republisher.py", line 54, in <module>
[imu_republisher.py-15]     main()
[imu_republisher.py-15]   File "/home/molar1/bumperbot_ws/install/robot_lab_localization/lib/robot_lab_localization/imu_republisher.py", line 45, in main
[imu_republisher.py-15]     rclpy.spin(node)
[imu_republisher.py-15]   File "/opt/ros/humble/local/lib/python3.10/dist-packages/rclpy/__init__.py", line 229, in spin
[imu_republisher.py-15]     executor.spin_once()
[imu_republisher.py-15]   File "/opt/ros/humble/local/lib/python3.10/dist-packages/rclpy/executors.py", line 812, in spin_once
[imu_republisher.py-15]     self._spin_once_impl(timeout_sec)
[imu_republisher.py-15]   File "/opt/ros/humble/local/lib/python3.10/dist-packages/rclpy/executors.py", line 801, in _spin_once_impl
[imu_republisher.py-15]     handler, entity, node = self.wait_for_ready_callbacks(timeout_sec=timeout_sec)
[imu_republisher.py-15]   File "/opt/ros/humble/local/lib/python3.10/dist-packages/rclpy/executors.py", line 784, in wait_for_ready_callbacks
[imu_republisher.py-15]     return next(self._cb_iter)
[imu_republisher.py-15]   File "/opt/ros/humble/local/lib/python3.10/dist-packages/rclpy/executors.py", line 657, in _wait_for_ready_callbacks
[imu_republisher.py-15]     wait_set = _rclpy.WaitSet(
[imu_republisher.py-15] rclpy._rclpy_pybind11.RCLError: failed to initialize wait set: the given context is not valid, either rcl_init() was not called or rcl_shutdown() was called., at ./src/rcl/wait.c:130
[INFO] [wheel_imu_fusion-16]: process has finished cleanly [pid 209608]
[INFO] [joystick_relay.py-8]: process has finished cleanly [pid 209368]
[ERROR] [imu_republisher.py-15]: process has died [pid 209606, exit code 1, cmd '/home/molar1/bumperbot_ws/install/robot_lab_localization/lib/robot_lab_localization/imu_republisher.py --ros-args --params-file /workspace/molar/.tmp/launch_params_qnji_ywm'].
[ERROR] [joy_teleop-4]: process has died [pid 209360, exit code 1, cmd '/opt/ros/humble/lib/joy_teleop/joy_teleop --ros-args --params-file /home/molar1/bumperbot_ws/install/robot_lab_controller/share/robot_lab_controller/config/joy_teleop.yaml --params-file /workspace/molar/.tmp/launch_params_043csorz'].
[ERROR] [go2-stance-gait-controller-1]: process has died [pid 209354, exit code 1, cmd '/home/molar1/bumperbot_ws/install/robot_lab_adapter/lib/robot_lab_adapter/go2-stance-gait-controller --ros-args --params-file /workspace/molar/.tmp/launch_params_f_znu_o2'].
[ERROR] [mujoco_spawner-3]: process has died [pid 209358, exit code 1, cmd '/home/molar1/bumperbot_ws/install/robot_lab_mujoco/lib/robot_lab_mujoco/mujoco_spawner --ros-args -r __node:=mujoco_spawner --params-file /workspace/molar/.tmp/launch_params_ndenqavp'].
