[INFO] [launch]: All log files can be found below /home/molar1/.ros/log/2026-09-28-15-22-42-638055-molar1-284192
[INFO] [launch]: Default logging verbosity is set to INFO
[robot_lab] algorithm localization=amcl -> global_localization stack
[robot_lab] algorithm state_estimation=ekf_localization_node -> local_localization stack
[robot_lab] algorithm sensor_fusion=wheel_imu_fusion -> node robot_lab_algorithms/wheel_imu_fusion
[INFO] [go2-stance-gait-controller-1]: process started with pid [284232]
[INFO] [robot_state_publisher-2]: process started with pid [284234]
[INFO] [mujoco_spawner-3]: process started with pid [284236]
[INFO] [joy_teleop-4]: process started with pid [284238]
[INFO] [joy_node-5]: process started with pid [284240]
[INFO] [twist_mux-6]: process started with pid [284242]
[INFO] [twist_marker-7]: process started with pid [284244]
[INFO] [joystick_relay.py-8]: process started with pid [284246]
[INFO] [twist_relay-9]: process started with pid [284248]
[INFO] [simulator_ready_gate-10]: process started with pid [284250]
[twist_mux-6] [INFO] [1790601763.540933756] [twist_mux]: Topic handler 'topics.joystick' subscribed to topic 'joy_vel': timeout = 0.500000s , priority = 99.
[twist_mux-6] [INFO] [1790601763.542528335] [twist_mux]: Topic handler 'topics.keyboard' subscribed to topic 'key_vel': timeout = 0.500000s , priority = 90.
[twist_mux-6] [INFO] [1790601763.543079371] [twist_mux]: Topic handler 'topics.navigation' subscribed to topic 'cmd_vel': timeout = 0.500000s , priority = 80.
[twist_mux-6] [INFO] [1790601763.543515111] [twist_mux]: Topic handler 'locks.safety_stop' subscribed to topic 'safety_stop': timeout = None , priority = 255.
[robot_state_publisher-2] [INFO] [1790601763.546924108] [robot_state_publisher]: got segment FL_calf
[robot_state_publisher-2] [INFO] [1790601763.547096555] [robot_state_publisher]: got segment FL_calf_rotor
[robot_state_publisher-2] [INFO] [1790601763.547116331] [robot_state_publisher]: got segment FL_foot
[robot_state_publisher-2] [INFO] [1790601763.547125867] [robot_state_publisher]: got segment FL_hip
[robot_state_publisher-2] [INFO] [1790601763.547133387] [robot_state_publisher]: got segment FL_hip_rotor
[robot_state_publisher-2] [INFO] [1790601763.547141322] [robot_state_publisher]: got segment FL_thigh
[robot_state_publisher-2] [INFO] [1790601763.547149226] [robot_state_publisher]: got segment FL_thigh_rotor
[robot_state_publisher-2] [INFO] [1790601763.547156810] [robot_state_publisher]: got segment FR_calf
[robot_state_publisher-2] [INFO] [1790601763.547164138] [robot_state_publisher]: got segment FR_calf_rotor
[robot_state_publisher-2] [INFO] [1790601763.547171274] [robot_state_publisher]: got segment FR_foot
[robot_state_publisher-2] [INFO] [1790601763.547178474] [robot_state_publisher]: got segment FR_hip
[robot_state_publisher-2] [INFO] [1790601763.547185802] [robot_state_publisher]: got segment FR_hip_rotor
[robot_state_publisher-2] [INFO] [1790601763.547193034] [robot_state_publisher]: got segment FR_thigh
[robot_state_publisher-2] [INFO] [1790601763.547200234] [robot_state_publisher]: got segment FR_thigh_rotor
[robot_state_publisher-2] [INFO] [1790601763.547207274] [robot_state_publisher]: got segment RL_calf
[robot_state_publisher-2] [INFO] [1790601763.547214346] [robot_state_publisher]: got segment RL_calf_rotor
[robot_state_publisher-2] [INFO] [1790601763.547221322] [robot_state_publisher]: got segment RL_foot
[robot_state_publisher-2] [INFO] [1790601763.547228266] [robot_state_publisher]: got segment RL_hip
[robot_state_publisher-2] [INFO] [1790601763.547235114] [robot_state_publisher]: got segment RL_hip_rotor
[robot_state_publisher-2] [INFO] [1790601763.547242026] [robot_state_publisher]: got segment RL_thigh
[robot_state_publisher-2] [INFO] [1790601763.547249098] [robot_state_publisher]: got segment RL_thigh_rotor
[robot_state_publisher-2] [INFO] [1790601763.547256074] [robot_state_publisher]: got segment RR_calf
[robot_state_publisher-2] [INFO] [1790601763.547262825] [robot_state_publisher]: got segment RR_calf_rotor
[robot_state_publisher-2] [INFO] [1790601763.547269801] [robot_state_publisher]: got segment RR_foot
[robot_state_publisher-2] [INFO] [1790601763.547276681] [robot_state_publisher]: got segment RR_hip
[robot_state_publisher-2] [INFO] [1790601763.547283721] [robot_state_publisher]: got segment RR_hip_rotor
[robot_state_publisher-2] [INFO] [1790601763.547290665] [robot_state_publisher]: got segment RR_thigh
[robot_state_publisher-2] [INFO] [1790601763.547297449] [robot_state_publisher]: got segment RR_thigh_rotor
[robot_state_publisher-2] [INFO] [1790601763.547304425] [robot_state_publisher]: got segment base
[robot_state_publisher-2] [INFO] [1790601763.547311273] [robot_state_publisher]: got segment front_camera
[robot_state_publisher-2] [INFO] [1790601763.547318217] [robot_state_publisher]: got segment imu_link
[robot_state_publisher-2] [INFO] [1790601763.547325193] [robot_state_publisher]: got segment trunk
[go2-stance-gait-controller-1] [0;93m2026-09-28 15:22:44.205777177 [W:onnxruntime:Default, device_discovery.cc:164 DiscoverDevicesForPlatform] GPU device discovery failed: device_discovery.cc:89 ReadFileContents Failed to open file: "/sys/class/drm/card1/device/vendor"[m
[go2-stance-gait-controller-1] [INFO] [1790601764.276822401] [go2_stance_gait_controller]: Go2 closed-loop stance: 12 effort joints at 250.0 Hz; controller ONNX velocity policy
[mujoco_spawner-3] [INFO] [1790601765.490182623] [mujoco_spawner]: MuJoCo: 18 collision proxy geom(s) moved to group 3 (viewer Rendering tab to show them).
[mujoco_spawner-3] [INFO] [1790601765.535651859] [mujoco_spawner]: MuJoCo URDF import OK (all meshes staged).
[mujoco_spawner-3] [WARN] [1790601765.548174831] [mujoco_spawner]: MuJoCo effort plant: no MJCF beside /home/molar1/bumperbot_ws/install/robot_lab_robots/share/robot_lab_robots/unitree/go2_description/xacro/go2_sim.xacro names every effort joint; keeping the URDF <dynamics> (damping=5.0 is a Gazebo stabiliser the robot does not have).
[mujoco_spawner-3] [INFO] [1790601765.593858658] [mujoco_spawner]: MuJoCo physics timestep: 0.0010 s
[mujoco_spawner-3] [INFO] [1790601765.596064080] [mujoco_spawner]: Robot has no 'oakd_rgb_camera_frame' link; no RGB-D camera is published.
[mujoco_spawner-3] [INFO] [1790601765.597305639] [mujoco_spawner]: Joints: ['FR_hip_joint', 'FR_thigh_joint', 'FR_calf_joint', 'FL_hip_joint', 'FL_thigh_joint', 'FL_calf_joint', 'RR_hip_joint', 'RR_thigh_joint', 'RR_calf_joint', 'RL_hip_joint', 'RL_thigh_joint', 'RL_calf_joint']   lw= rw=
[mujoco_spawner-3] [INFO] [1790601765.599688180] [mujoco_spawner]: MuJoCo effort joint armature: 0.0100 kg m^2
[mujoco_spawner-3] [INFO] [1790601765.601008137] [mujoco_spawner]: Joint effort input: /go2_group_effort_controller/commands (12 joints, URDF limits)
[mujoco_spawner-3] [INFO] [1790601765.602631932] [mujoco_spawner]: Spawn ground clearance: raised root by 0.2050 m
[mujoco_spawner-3] [INFO] [1790601765.603762579] [mujoco_spawner]: MuJoCo model loaded: 14 bodies, 13 joints
[mujoco_spawner-3] [INFO] [1790601765.604562157] [mujoco_spawner]: MuJoCo gui param=False (resolved=False), DISPLAY=:1 -> mode=DIRECT
[mujoco_spawner-3] [INFO] [1790601765.605286919] [mujoco_spawner]: MuJoCo running headless (gui=False, viewer=True).
[go2-stance-gait-controller-1] [INFO] [1790601765.613371238] [go2_stance_gait_controller]: Go2 recovery idle
[mujoco_spawner-3] [INFO] [1790601765.614031233] [mujoco_spawner]: MuJoCo spawner running.
[INFO] [simulator_ready_gate-10]: process has finished cleanly [pid 284250]
[INFO] [amcl-12]: process started with pid [284498]
[INFO] [map_server-11]: process started with pid [284496]
[INFO] [lifecycle_manager-13]: process started with pid [284500]
[INFO] [ekf_node-14]: process started with pid [284502]
[INFO] [imu_republisher.py-15]: process started with pid [284504]
[INFO] [wheel_imu_fusion-16]: process started with pid [284506]
[lifecycle_manager-13] [INFO] [1790601766.013689895] [lifecycle_manager_localization]: Creating
[amcl-12] [0m[INFO] [1790601766.020755662] [amcl]: 
[amcl-12] 	amcl lifecycle node launched. 
[amcl-12] 	Waiting on external lifecycle transitions to activate
[amcl-12] 	See https://design.ros2.org/articles/node_lifecycle.html for more information.[0m
[lifecycle_manager-13] [INFO] [1790601766.029244203] [lifecycle_manager_localization]: [34m[1mCreating and initializing lifecycle service clients[0m[0m
[map_server-11] [INFO] [1790601766.034807582] [map_server]: 
[map_server-11] 	map_server lifecycle node launched. 
[map_server-11] 	Waiting on external lifecycle transitions to activate
[map_server-11] 	See https://design.ros2.org/articles/node_lifecycle.html for more information.
[map_server-11] [INFO] [1790601766.035030748] [map_server]: Creating
[amcl-12] [0m[INFO] [1790601766.036569456] [amcl]: Creating[0m
[lifecycle_manager-13] [INFO] [1790601766.053865574] [lifecycle_manager_localization]: [34m[1mStarting managed nodes bringup...[0m[0m
[lifecycle_manager-13] [INFO] [1790601766.053962917] [lifecycle_manager_localization]: [34m[1mConfiguring map_server[0m[0m
[map_server-11] [INFO] [1790601766.055350202] [map_server]: Configuring
[map_server-11] [INFO] [1790601766.055480345] [map_io]: Loading yaml file: /home/molar1/bumperbot_ws/install/robot_lab_maps/share/robot_lab_maps/maps/nav_empty/maps/map.yaml
[map_server-11] [INFO] [1790601766.055907413] [map_io]: resolution: 0.05
[map_server-11] [INFO] [1790601766.055930933] [map_io]: origin[0]: -7
[map_server-11] [INFO] [1790601766.055937141] [map_io]: origin[1]: -7
[map_server-11] [INFO] [1790601766.055941781] [map_io]: origin[2]: 0
[map_server-11] [INFO] [1790601766.055946901] [map_io]: free_thresh: 0.196
[map_server-11] [INFO] [1790601766.055951701] [map_io]: occupied_thresh: 0.65
[map_server-11] [INFO] [1790601766.055958613] [map_io]: mode: trinary
[map_server-11] [INFO] [1790601766.055965013] [map_io]: negate: 0
[map_server-11] [INFO] [1790601766.056270899] [map_io]: Loading image_file: /home/molar1/bumperbot_ws/install/robot_lab_maps/share/robot_lab_maps/maps/nav_empty/maps/map.pgm
[map_server-11] [INFO] [1790601766.071764087] [map_io]: Read map /home/molar1/bumperbot_ws/install/robot_lab_maps/share/robot_lab_maps/maps/nav_empty/maps/map.pgm: 280 X 280 map @ 0.05 m/cell
[lifecycle_manager-13] [INFO] [1790601766.091941046] [lifecycle_manager_localization]: [34m[1mConfiguring amcl[0m[0m
[amcl-12] [0m[INFO] [1790601766.092356242] [amcl]: Configuring[0m
[amcl-12] [0m[INFO] [1790601766.092511729] [amcl]: initTransforms[0m
[amcl-12] [0m[INFO] [1790601766.109679208] [amcl]: initPubSub[0m
[amcl-12] [0m[INFO] [1790601766.115255003] [amcl]: Subscribed to map topic.[0m
[lifecycle_manager-13] [INFO] [1790601766.122084261] [lifecycle_manager_localization]: [34m[1mActivating map_server[0m[0m
[map_server-11] [INFO] [1790601766.122921950] [map_server]: Activating
[map_server-11] [INFO] [1790601766.123235195] [map_server]: Creating bond (map_server) to lifecycle manager.
[amcl-12] [0m[INFO] [1790601766.123472122] [amcl]: Received a 280 X 280 map @ 0.050 m/pix[0m
[lifecycle_manager-13] [INFO] [1790601766.229232685] [lifecycle_manager_localization]: Server map_server connected with bond.
[lifecycle_manager-13] [INFO] [1790601766.229326700] [lifecycle_manager_localization]: [34m[1mActivating amcl[0m[0m
[amcl-12] [0m[INFO] [1790601766.229651401] [amcl]: Activating[0m
[amcl-12] [0m[INFO] [1790601766.229745960] [amcl]: initialPoseReceived[0m
[amcl-12] [0m[INFO] [1790601766.229980135] [amcl]: Setting pose (0.504000): -0.500 -0.500 0.000[0m
[amcl-12] [0m[INFO] [1790601766.230573538] [amcl]: Creating bond (amcl) to lifecycle manager.[0m
[lifecycle_manager-13] [INFO] [1790601766.335348029] [lifecycle_manager_localization]: Server amcl connected with bond.
[lifecycle_manager-13] [INFO] [1790601766.335427836] [lifecycle_manager_localization]: [34m[1mManaged nodes are active[0m[0m
[lifecycle_manager-13] [INFO] [1790601766.335449084] [lifecycle_manager_localization]: [34m[1mCreating bond timer...[0m[0m
[amcl-12] [0m[INFO] [1790601766.406829697] [amcl]: createLaserObject[0m
[wheel_imu_fusion-16] [INFO] [1790601766.769362705] [sensor_fusion_wheel_imu_fusion]: wheel_imu_fusion ready
[go2-stance-gait-controller-1] [WARN] [1790601769.752028479] [go2_stance_gait_controller]: Go2 safety warn: tilt 0.35 rad exceeds warn threshold
[go2-stance-gait-controller-1] [WARN] [1790601769.899755107] [go2_stance_gait_controller]: Go2 safety safe_stop: tilt 0.70 rad exceeds fall threshold
[go2-stance-gait-controller-1] [INFO] [1790601770.001467223] [go2_stance_gait_controller]: Go2 recovery waiting
[go2-stance-gait-controller-1] [INFO] [1790601771.003211480] [go2_stance_gait_controller]: Go2 recovery attempting:tuck
[go2-stance-gait-controller-1] [INFO] [1790601779.006018545] [go2_stance_gait_controller]: Go2 recovery unrecoverable:tuck
[amcl-12] [0m[INFO] [1790601789.098293232] [rclcpp]: signal_handler(SIGINT/SIGTERM)[0m
[amcl-12] [0m[INFO] [1790601789.098433647] [amcl]: Running Nav2 LifecycleNode rcl preshutdown (amcl)[0m
[amcl-12] [0m[INFO] [1790601789.098567246] [amcl]: Deactivating[0m
[amcl-12] [0m[INFO] [1790601789.098604301] [amcl]: Destroying bond (amcl) to lifecycle manager.[0m
[map_server-11] [INFO] [1790601789.098293424] [rclcpp]: signal_handler(SIGINT/SIGTERM)
[map_server-11] [INFO] [1790601789.098477518] [map_server]: Running Nav2 LifecycleNode rcl preshutdown (map_server)
[map_server-11] [INFO] [1790601789.098583950] [map_server]: Deactivating
[map_server-11] [INFO] [1790601789.098614925] [map_server]: Destroying bond (map_server) to lifecycle manager.
[ekf_node-14] [INFO] [1790601789.098263408] [rclcpp]: signal_handler(SIGINT/SIGTERM)
[twist_marker-7] [INFO] [1790601789.098282256] [rclcpp]: signal_handler(SIGINT/SIGTERM)
[joy_node-5] [INFO] [1790601789.098371663] [rclcpp]: signal_handler(SIGINT/SIGTERM)
[twist_relay-9] [INFO] [1790601789.098580750] [rclcpp]: signal_handler(SIGINT/SIGTERM)
[lifecycle_manager-13] [INFO] [1790601789.098855243] [rclcpp]: signal_handler(SIGINT/SIGTERM)
[lifecycle_manager-13] [INFO] [1790601789.098962635] [lifecycle_manager_localization]: Running Nav2 LifecycleManager rcl preshutdown (lifecycle_manager_localization)
[lifecycle_manager-13] [INFO] [1790601789.099028074] [lifecycle_manager_localization]: [34m[1mTerminating bond timer...[0m[0m
[twist_mux-6] [INFO] [1790601789.098650125] [rclcpp]: signal_handler(SIGINT/SIGTERM)
[robot_state_publisher-2] [INFO] [1790601789.098992234] [rclcpp]: signal_handler(SIGINT/SIGTERM)
[amcl-12] [0m[INFO] [1790601789.109004507] [amcl]: Cleaning up[0m
[map_server-11] [INFO] [1790601789.111539846] [map_server]: Cleaning up
[map_server-11] [INFO] [1790601789.111646246] [map_server]: Destroying bond (map_server) to lifecycle manager.
[amcl-12] [0m[INFO] [1790601789.136057795] [amcl]: Destroying bond (amcl) to lifecycle manager.[0m
[joy_teleop-4] Traceback (most recent call last):
[joy_teleop-4]   File "/opt/ros/humble/lib/joy_teleop/joy_teleop", line 33, in <module>
[joy_teleop-4]     sys.exit(load_entry_point('joy-teleop==1.6.0', 'console_scripts', 'joy_teleop')())
[joy_teleop-4]   File "/opt/ros/humble/lib/python3.10/site-packages/joy_teleop/joy_teleop.py", line 435, in main
[joy_teleop-4]     rclpy.spin(node)
[joy_teleop-4]   File "/opt/ros/humble/local/lib/python3.10/dist-packages/rclpy/__init__.py", line 229, in spin
[joy_teleop-4]     executor.spin_once()
[joy_teleop-4]   File "/opt/ros/humble/local/lib/python3.10/dist-packages/rclpy/executors.py", line 812, in spin_once
[joy_teleop-4]     self._spin_once_impl(timeout_sec)
[joy_teleop-4]   File "/opt/ros/humble/local/lib/python3.10/dist-packages/rclpy/executors.py", line 801, in _spin_once_impl
[joy_teleop-4]     handler, entity, node = self.wait_for_ready_callbacks(timeout_sec=timeout_sec)
[joy_teleop-4]   File "/opt/ros/humble/local/lib/python3.10/dist-packages/rclpy/executors.py", line 784, in wait_for_ready_callbacks
[joy_teleop-4]     return next(self._cb_iter)
[joy_teleop-4]   File "/opt/ros/humble/local/lib/python3.10/dist-packages/rclpy/executors.py", line 685, in _wait_for_ready_callbacks
[joy_teleop-4]     raise ExternalShutdownException()
[joy_teleop-4] rclpy.executors.ExternalShutdownException
[map_server-11] [INFO] [1790601789.228180518] [map_server]: Destroying
[amcl-12] [0m[INFO] [1790601789.235483308] [amcl]: Destroying[0m
[lifecycle_manager-13] [INFO] [1790601789.235598027] [lifecycle_manager_localization]: Destroying lifecycle_manager_localization
[INFO] [ekf_node-14]: process has finished cleanly [pid 284502]
[INFO] [twist_relay-9]: process has finished cleanly [pid 284248]
[INFO] [twist_marker-7]: process has finished cleanly [pid 284244]
[INFO] [twist_mux-6]: process has finished cleanly [pid 284242]
[INFO] [joy_node-5]: process has finished cleanly [pid 284240]
[INFO] [robot_state_publisher-2]: process has finished cleanly [pid 284234]
[imu_republisher.py-15] Traceback (most recent call last):
[imu_republisher.py-15]   File "/home/molar1/bumperbot_ws/install/robot_lab_localization/lib/robot_lab_localization/imu_republisher.py", line 54, in <module>
[imu_republisher.py-15]     main()
[imu_republisher.py-15]   File "/home/molar1/bumperbot_ws/install/robot_lab_localization/lib/robot_lab_localization/imu_republisher.py", line 45, in main
[imu_republisher.py-15]     rclpy.spin(node)
[imu_republisher.py-15]   File "/opt/ros/humble/local/lib/python3.10/dist-packages/rclpy/__init__.py", line 229, in spin
[imu_republisher.py-15]     executor.spin_once()
[imu_republisher.py-15]   File "/opt/ros/humble/local/lib/python3.10/dist-packages/rclpy/executors.py", line 812, in spin_once
[imu_republisher.py-15]     self._spin_once_impl(timeout_sec)
[imu_republisher.py-15]   File "/opt/ros/humble/local/lib/python3.10/dist-packages/rclpy/executors.py", line 801, in _spin_once_impl
[imu_republisher.py-15]     handler, entity, node = self.wait_for_ready_callbacks(timeout_sec=timeout_sec)
[imu_republisher.py-15]   File "/opt/ros/humble/local/lib/python3.10/dist-packages/rclpy/executors.py", line 784, in wait_for_ready_callbacks
[imu_republisher.py-15]     return next(self._cb_iter)
[imu_republisher.py-15]   File "/opt/ros/humble/local/lib/python3.10/dist-packages/rclpy/executors.py", line 657, in _wait_for_ready_callbacks
[imu_republisher.py-15]     wait_set = _rclpy.WaitSet(
[imu_republisher.py-15] rclpy._rclpy_pybind11.RCLError: failed to initialize wait set: the given context is not valid, either rcl_init() was not called or rcl_shutdown() was called., at ./src/rcl/wait.c:130
[INFO] [lifecycle_manager-13]: process has finished cleanly [pid 284500]
[INFO] [amcl-12]: process has finished cleanly [pid 284498]
[INFO] [map_server-11]: process has finished cleanly [pid 284496]
[INFO] [wheel_imu_fusion-16]: process has finished cleanly [pid 284506]
[INFO] [go2-stance-gait-controller-1]: process has finished cleanly [pid 284232]
[INFO] [joystick_relay.py-8]: process has finished cleanly [pid 284246]
[INFO] [mujoco_spawner-3]: process has finished cleanly [pid 284236]
[ERROR] [joy_teleop-4]: process has died [pid 284238, exit code 1, cmd '/opt/ros/humble/lib/joy_teleop/joy_teleop --ros-args --params-file /home/molar1/bumperbot_ws/install/robot_lab_controller/share/robot_lab_controller/config/joy_teleop.yaml --params-file /workspace/molar/.tmp/launch_params_5ruku52m'].
[ERROR] [imu_republisher.py-15]: process has died [pid 284504, exit code 1, cmd '/home/molar1/bumperbot_ws/install/robot_lab_localization/lib/robot_lab_localization/imu_republisher.py --ros-args --params-file /workspace/molar/.tmp/launch_params_xuxxxqna'].
