[INFO] [launch]: All log files can be found below /home/molar1/.ros/log/2026-09-22-15-48-26-561151-molar1-195077
[INFO] [launch]: Default logging verbosity is set to INFO
[robot_lab] algorithm localization=amcl -> global_localization stack
[robot_lab] algorithm state_estimation=ekf_localization_node -> local_localization stack
[robot_lab] algorithm sensor_fusion=wheel_imu_fusion -> node robot_lab_algorithms/wheel_imu_fusion
[robot_lab] algorithm global_planning=a_star_planner -> plugin nav2_smac_planner/SmacPlanner2D
[robot_lab] algorithm local_planning=dwb_local_planner -> plugin dwb_core::DWBLocalPlanner
[robot_lab] algorithm control=simple_controller -> controller stack
[INFO] [amcl-11]: process started with pid [195302]
[INFO] [robot_state_publisher-1]: process started with pid [195122]
[INFO] [isaac_spawner-2]: process started with pid [195127]
[INFO] [sensor_bridge-3]: process started with pid [195136]
[INFO] [joy_teleop-4]: process started with pid [195155]
[INFO] [joy_node-5]: process started with pid [195178]
[INFO] [twist_mux-6]: process started with pid [195198]
[INFO] [twist_marker-7]: process started with pid [195213]
[INFO] [joystick_relay.py-8]: process started with pid [195233]
[INFO] [twist_relay-9]: process started with pid [195265]
[INFO] [map_server-10]: process started with pid [195271]
[INFO] [lifecycle_manager-12]: process started with pid [195325]
[INFO] [ekf_node-13]: process started with pid [195347]
[INFO] [imu_republisher.py-14]: process started with pid [195368]
[INFO] [controller_server-15]: process started with pid [195374]
[INFO] [planner_server-16]: process started with pid [195419]
[INFO] [smoother_server-17]: process started with pid [195461]
[INFO] [bt_navigator-18]: process started with pid [195473]
[INFO] [behavior_server-19]: process started with pid [195492]
[INFO] [lifecycle_manager-20]: process started with pid [195499]
[INFO] [wheel_imu_fusion-21]: process started with pid [195510]
[robot_state_publisher-1] 1790084907.132286 [80] robot_stat: selected interface "lo" is not multicast-capable: disabling multicast
[robot_state_publisher-1] [INFO] [1790084907.144082062] [robot_state_publisher]: got segment base_footprint
[robot_state_publisher-1] [INFO] [1790084907.144251947] [robot_state_publisher]: got segment base_link
[robot_state_publisher-1] [INFO] [1790084907.144271946] [robot_state_publisher]: got segment caster_front_link
[robot_state_publisher-1] [INFO] [1790084907.144281226] [robot_state_publisher]: got segment caster_rear_link
[robot_state_publisher-1] [INFO] [1790084907.144288746] [robot_state_publisher]: got segment imu_link
[robot_state_publisher-1] [INFO] [1790084907.144296138] [robot_state_publisher]: got segment laser_link
[robot_state_publisher-1] [INFO] [1790084907.144303498] [robot_state_publisher]: got segment oakd_imu_frame
[robot_state_publisher-1] [INFO] [1790084907.144310826] [robot_state_publisher]: got segment oakd_left_camera_frame
[robot_state_publisher-1] [INFO] [1790084907.144318505] [robot_state_publisher]: got segment oakd_left_camera_optical_frame
[robot_state_publisher-1] [INFO] [1790084907.144326217] [robot_state_publisher]: got segment oakd_link
[robot_state_publisher-1] [INFO] [1790084907.144333449] [robot_state_publisher]: got segment oakd_rgb_camera_frame
[robot_state_publisher-1] [INFO] [1790084907.144340937] [robot_state_publisher]: got segment oakd_rgb_camera_optical_frame
[robot_state_publisher-1] [INFO] [1790084907.144348201] [robot_state_publisher]: got segment oakd_right_camera_frame
[robot_state_publisher-1] [INFO] [1790084907.144355465] [robot_state_publisher]: got segment oakd_right_camera_optical_frame
[robot_state_publisher-1] [INFO] [1790084907.144362793] [robot_state_publisher]: got segment wheel_left_link
[robot_state_publisher-1] [INFO] [1790084907.144370152] [robot_state_publisher]: got segment wheel_right_link
[joy_node-5] 1790084907.234665 [80]   joy_node: selected interface "lo" is not multicast-capable: disabling multicast
[twist_mux-6] 1790084907.263719 [80]  twist_mux: selected interface "lo" is not multicast-capable: disabling multicast
[twist_mux-6] [INFO] [1790084907.278971359] [twist_mux]: Topic handler 'topics.joystick' subscribed to topic 'joy_vel': timeout = 0.500000s , priority = 99.
[twist_mux-6] [INFO] [1790084907.281665702] [twist_mux]: Topic handler 'topics.keyboard' subscribed to topic 'key_vel': timeout = 0.500000s , priority = 90.
[twist_mux-6] [INFO] [1790084907.281869954] [twist_mux]: Topic handler 'topics.navigation' subscribed to topic 'cmd_vel': timeout = 0.500000s , priority = 80.
[twist_mux-6] [INFO] [1790084907.282014942] [twist_mux]: Topic handler 'locks.safety_stop' subscribed to topic 'safety_stop': timeout = None , priority = 255.
[twist_marker-7] 1790084907.260096 [80] twist_mark: selected interface "lo" is not multicast-capable: disabling multicast
[twist_relay-9] 1790084907.308562 [80] twist_rela: selected interface "lo" is not multicast-capable: disabling multicast
[map_server-10] 1790084907.412849 [80] map_server: selected interface "lo" is not multicast-capable: disabling multicast
[map_server-10] [INFO] [1790084907.463223992] [map_server]: 
[map_server-10] 	map_server lifecycle node launched. 
[map_server-10] 	Waiting on external lifecycle transitions to activate
[map_server-10] 	See https://design.ros2.org/articles/node_lifecycle.html for more information.
[map_server-10] [INFO] [1790084907.463401652] [map_server]: Creating
[map_server-10] [INFO] [1790084907.489705318] [map_server]: Configuring
[map_server-10] [INFO] [1790084907.489832547] [map_io]: Loading yaml file: /workspace/molar/ros_ws/bumperbot_ws/install/robot_lab_maps/share/robot_lab_maps/maps/nav_obstacle/maps/map.yaml
[map_server-10] [INFO] [1790084907.490239930] [map_io]: resolution: 0.05
[map_server-10] [INFO] [1790084907.490265370] [map_io]: origin[0]: -9.5
[map_server-10] [INFO] [1790084907.490271962] [map_io]: origin[1]: -9.5
[map_server-10] [INFO] [1790084907.490277114] [map_io]: origin[2]: 0
[map_server-10] [INFO] [1790084907.490282073] [map_io]: free_thresh: 0.196
[map_server-10] [INFO] [1790084907.490287321] [map_io]: occupied_thresh: 0.65
[map_server-10] [INFO] [1790084907.490293721] [map_io]: mode: trinary
[map_server-10] [INFO] [1790084907.490301369] [map_io]: negate: 0
[map_server-10] [INFO] [1790084907.490718000] [map_io]: Loading image_file: /workspace/molar/ros_ws/bumperbot_ws/install/robot_lab_maps/share/robot_lab_maps/maps/nav_obstacle/maps/map.pgm
[map_server-10] [INFO] [1790084907.546737611] [map_io]: Read map /workspace/molar/ros_ws/bumperbot_ws/install/robot_lab_maps/share/robot_lab_maps/maps/nav_obstacle/maps/map.pgm: 380 X 380 map @ 0.05 m/cell
[map_server-10] [INFO] [1790084907.622899706] [map_server]: Activating
[map_server-10] [INFO] [1790084907.623369360] [map_server]: Creating bond (map_server) to lifecycle manager.
[lifecycle_manager-12] 1790084907.413222 [80] lifecycle_: selected interface "lo" is not multicast-capable: disabling multicast
[lifecycle_manager-12] [INFO] [1790084907.436414833] [lifecycle_manager_localization]: Creating
[lifecycle_manager-12] [INFO] [1790084907.439079864] [lifecycle_manager_localization]: [34m[1mCreating and initializing lifecycle service clients[0m[0m
[lifecycle_manager-12] [INFO] [1790084907.489224816] [lifecycle_manager_localization]: [34m[1mStarting managed nodes bringup...[0m[0m
[lifecycle_manager-12] [INFO] [1790084907.489318542] [lifecycle_manager_localization]: [34m[1mConfiguring map_server[0m[0m
[lifecycle_manager-12] [INFO] [1790084907.576399637] [lifecycle_manager_localization]: [34m[1mConfiguring amcl[0m[0m
[lifecycle_manager-12] [INFO] [1790084907.622399237] [lifecycle_manager_localization]: [34m[1mActivating map_server[0m[0m
[ekf_node-13] 1790084907.437113 [80]   ekf_node: selected interface "lo" is not multicast-capable: disabling multicast
[controller_server-15] 1790084907.537214 [80] controller: selected interface "lo" is not multicast-capable: disabling multicast
[controller_server-15] [INFO] [1790084907.547149378] [controller_server]: 
[controller_server-15] 	controller_server lifecycle node launched. 
[controller_server-15] 	Waiting on external lifecycle transitions to activate
[controller_server-15] 	See https://design.ros2.org/articles/node_lifecycle.html for more information.
[planner_server-16] 1790084907.480441 [80] planner_se: selected interface "lo" is not multicast-capable: disabling multicast
[planner_server-16] [INFO] [1790084907.509458434] [planner_server]: 
[planner_server-16] 	planner_server lifecycle node launched. 
[planner_server-16] 	Waiting on external lifecycle transitions to activate
[planner_server-16] 	See https://design.ros2.org/articles/node_lifecycle.html for more information.
[planner_server-16] [INFO] [1790084907.516154516] [planner_server]: Creating
[planner_server-16] [INFO] [1790084907.528253395] [global_costmap.global_costmap]: 
[planner_server-16] 	global_costmap lifecycle node launched. 
[planner_server-16] 	Waiting on external lifecycle transitions to activate
[planner_server-16] 	See https://design.ros2.org/articles/node_lifecycle.html for more information.
[planner_server-16] [INFO] [1790084907.530471780] [global_costmap.global_costmap]: Creating Costmap
[smoother_server-17] 1790084907.606285 [80] smoother_s: selected interface "lo" is not multicast-capable: disabling multicast
[bt_navigator-18] 1790084907.617291 [80] bt_navigat: selected interface "lo" is not multicast-capable: disabling multicast
[amcl-11] 1790084907.429078 [80]       amcl: selected interface "lo" is not multicast-capable: disabling multicast
[amcl-11] [0m[INFO] [1790084907.445919143] [amcl]: 
[amcl-11] 	amcl lifecycle node launched. 
[amcl-11] 	Waiting on external lifecycle transitions to activate
[amcl-11] 	See https://design.ros2.org/articles/node_lifecycle.html for more information.[0m
[amcl-11] [0m[INFO] [1790084907.447573380] [amcl]: Creating[0m
[amcl-11] [0m[INFO] [1790084907.576785837] [amcl]: Configuring[0m
[amcl-11] [0m[INFO] [1790084907.577026952] [amcl]: initTransforms[0m
[amcl-11] [0m[INFO] [1790084907.593655207] [amcl]: initPubSub[0m
[amcl-11] [0m[INFO] [1790084907.607010668] [amcl]: Subscribed to map topic.[0m
[amcl-11] [0m[INFO] [1790084907.625054796] [amcl]: Received a 380 X 380 map @ 0.050 m/pix[0m
[smoother_server-17] [INFO] [1790084907.630309469] [smoother_server]: 
[smoother_server-17] 	smoother_server lifecycle node launched. 
[smoother_server-17] 	Waiting on external lifecycle transitions to activate
[smoother_server-17] 	See https://design.ros2.org/articles/node_lifecycle.html for more information.
[bt_navigator-18] [INFO] [1790084907.636342525] [bt_navigator]: 
[bt_navigator-18] 	bt_navigator lifecycle node launched. 
[bt_navigator-18] 	Waiting on external lifecycle transitions to activate
[bt_navigator-18] 	See https://design.ros2.org/articles/node_lifecycle.html for more information.
[bt_navigator-18] [INFO] [1790084907.636513561] [bt_navigator]: Creating
[smoother_server-17] [INFO] [1790084907.636699541] [smoother_server]: Creating smoother server
[lifecycle_manager-20] 1790084907.639530 [80] lifecycle_: selected interface "lo" is not multicast-capable: disabling multicast
[lifecycle_manager-20] [INFO] [1790084907.647006043] [lifecycle_manager_navigation]: Creating
[lifecycle_manager-20] [INFO] [1790084907.649649666] [lifecycle_manager_navigation]: [34m[1mCreating and initializing lifecycle service clients[0m[0m
[behavior_server-19] 1790084907.646096 [80] behavior_s: selected interface "lo" is not multicast-capable: disabling multicast
[behavior_server-19] [INFO] [1790084907.657732151] [behavior_server]: 
[behavior_server-19] 	behavior_server lifecycle node launched. 
[behavior_server-19] 	Waiting on external lifecycle transitions to activate
[behavior_server-19] 	See https://design.ros2.org/articles/node_lifecycle.html for more information.
[controller_server-15] [INFO] [1790084907.682702245] [controller_server]: Creating controller server
[amcl-11] [0m[INFO] [1790084907.728539096] [amcl]: Activating[0m
[amcl-11] [0m[INFO] [1790084907.728631190] [amcl]: initialPoseReceived[0m
[amcl-11] [0m[INFO] [1790084907.728802130] [amcl]: Setting pose (0.000000): -7.000 -7.000 0.000[0m
[amcl-11] [0m[INFO] [1790084907.729386278] [amcl]: Creating bond (amcl) to lifecycle manager.[0m
[lifecycle_manager-12] [INFO] [1790084907.728077762] [lifecycle_manager_localization]: Server map_server connected with bond.
[lifecycle_manager-12] [INFO] [1790084907.728162368] [lifecycle_manager_localization]: [34m[1mActivating amcl[0m[0m
[lifecycle_manager-20] [INFO] [1790084907.825402096] [lifecycle_manager_navigation]: [34m[1mStarting managed nodes bringup...[0m[0m
[lifecycle_manager-20] [INFO] [1790084907.827049069] [lifecycle_manager_navigation]: [34m[1mConfiguring controller_server[0m[0m
[lifecycle_manager-12] [INFO] [1790084907.833091884] [lifecycle_manager_localization]: Server amcl connected with bond.
[lifecycle_manager-12] [INFO] [1790084907.833174251] [lifecycle_manager_localization]: [34m[1mManaged nodes are active[0m[0m
[lifecycle_manager-12] [INFO] [1790084907.833195530] [lifecycle_manager_localization]: [34m[1mCreating bond timer...[0m[0m
[controller_server-15] [INFO] [1790084907.863255020] [local_costmap.local_costmap]: 
[controller_server-15] 	local_costmap lifecycle node launched. 
[controller_server-15] 	Waiting on external lifecycle transitions to activate
[controller_server-15] 	See https://design.ros2.org/articles/node_lifecycle.html for more information.
[controller_server-15] [INFO] [1790084907.867994983] [local_costmap.local_costmap]: Creating Costmap
[controller_server-15] [INFO] [1790084907.925570017] [controller_server]: Configuring controller interface
[controller_server-15] [INFO] [1790084907.928557762] [controller_server]: getting goal checker plugins..
[controller_server-15] [INFO] [1790084907.928810428] [controller_server]: Controller frequency set to 20.0000Hz
[controller_server-15] [INFO] [1790084907.928883163] [local_costmap.local_costmap]: Configuring
[controller_server-15] [INFO] [1790084907.963111556] [local_costmap.local_costmap]: Using plugin "obstacle_layer"
[controller_server-15] [INFO] [1790084907.998523253] [local_costmap.local_costmap]: Subscribed to Topics: scan
[controller_server-15] [INFO] [1790084908.017270599] [local_costmap.local_costmap]: Initialized plugin "obstacle_layer"
[controller_server-15] [INFO] [1790084908.017357189] [local_costmap.local_costmap]: Using plugin "inflation_layer"
[controller_server-15] [INFO] [1790084908.018208787] [local_costmap.local_costmap]: Initialized plugin "inflation_layer"
[controller_server-15] [INFO] [1790084908.056452359] [controller_server]: Created progress_checker : progress_checker of type nav2_controller::SimpleProgressChecker
[controller_server-15] [INFO] [1790084908.068506984] [controller_server]: Created goal checker : general_goal_checker of type nav2_controller::SimpleGoalChecker
[controller_server-15] [INFO] [1790084908.069310039] [controller_server]: Controller Server has general_goal_checker  goal checkers available.
[sensor_bridge-3] 1790084908.079245 [80] sensor_bri: selected interface "lo" is not multicast-capable: disabling multicast
[controller_server-15] [INFO] [1790084908.114646901] [controller_server]: Created controller : FollowPath of type dwb_core::DWBLocalPlanner
[controller_server-15] [INFO] [1790084908.124111532] [controller_server]: Setting transform_tolerance to 0.200000
[controller_server-15] [INFO] [1790084908.171489407] [controller_server]: Using critic "RotateToGoal" (dwb_critics::RotateToGoalCritic)
[controller_server-15] [INFO] [1790084908.180544159] [controller_server]: Critic plugin initialized
[controller_server-15] [INFO] [1790084908.182436182] [controller_server]: Using critic "Oscillation" (dwb_critics::OscillationCritic)
[controller_server-15] [INFO] [1790084908.185254779] [controller_server]: Critic plugin initialized
[controller_server-15] [INFO] [1790084908.186663933] [controller_server]: Using critic "BaseObstacle" (dwb_critics::BaseObstacleCritic)
[controller_server-15] [INFO] [1790084908.188236251] [controller_server]: Critic plugin initialized
[controller_server-15] [INFO] [1790084908.189909336] [controller_server]: Using critic "GoalAlign" (dwb_critics::GoalAlignCritic)
[controller_server-15] [INFO] [1790084908.210129387] [controller_server]: Critic plugin initialized
[controller_server-15] [INFO] [1790084908.212985262] [controller_server]: Using critic "PathAlign" (dwb_critics::PathAlignCritic)
[controller_server-15] [INFO] [1790084908.219151563] [controller_server]: Critic plugin initialized
[controller_server-15] [INFO] [1790084908.220892902] [controller_server]: Using critic "PathDist" (dwb_critics::PathDistCritic)
[controller_server-15] [INFO] [1790084908.222912412] [controller_server]: Critic plugin initialized
[controller_server-15] [INFO] [1790084908.224199296] [controller_server]: Using critic "GoalDist" (dwb_critics::GoalDistCritic)
[controller_server-15] [INFO] [1790084908.229148023] [controller_server]: Critic plugin initialized
[controller_server-15] [INFO] [1790084908.230473979] [controller_server]: Controller Server has FollowPath  controllers available.
[lifecycle_manager-20] [INFO] [1790084908.255915999] [lifecycle_manager_navigation]: [34m[1mConfiguring planner_server[0m[0m
[planner_server-16] [INFO] [1790084908.256493715] [planner_server]: Configuring
[planner_server-16] [INFO] [1790084908.256582993] [global_costmap.global_costmap]: Configuring
[planner_server-16] [INFO] [1790084908.264200560] [global_costmap.global_costmap]: Using plugin "static_layer"
[planner_server-16] [INFO] [1790084908.276911042] [global_costmap.global_costmap]: Subscribing to the map topic (/map) with transient local durability
[planner_server-16] [INFO] [1790084908.279606249] [global_costmap.global_costmap]: Initialized plugin "static_layer"
[planner_server-16] [INFO] [1790084908.279691719] [global_costmap.global_costmap]: Using plugin "obstacle_layer"
[planner_server-16] [INFO] [1790084908.290379972] [global_costmap.global_costmap]: Subscribed to Topics: scan
[planner_server-16] [INFO] [1790084908.322227648] [global_costmap.global_costmap]: Initialized plugin "obstacle_layer"
[planner_server-16] [INFO] [1790084908.322322238] [global_costmap.global_costmap]: Using plugin "inflation_layer"
[planner_server-16] [INFO] [1790084908.332379305] [global_costmap.global_costmap]: Initialized plugin "inflation_layer"
[planner_server-16] [INFO] [1790084908.391114091] [planner_server]: Created global planner plugin GridBased of type nav2_smac_planner/SmacPlanner2D
[planner_server-16] [INFO] [1790084908.391225801] [planner_server]: Configuring GridBased of type SmacPlanner2D
[planner_server-16] [INFO] [1790084908.396051138] [global_costmap.global_costmap]: StaticLayer: Resizing costmap to 380 X 380 at 0.050000 m/pix
[planner_server-16] [INFO] [1790084908.423707255] [planner_server]: Configured plugin GridBased of type SmacPlanner2D with tolerance 0.12, maximum iterations 1000000, max on approach iterations 1000, and allowing unknown traversal.
[planner_server-16] [INFO] [1790084908.423788310] [planner_server]: Planner Server has GridBased  planners available.
[lifecycle_manager-20] [INFO] [1790084908.440082716] [lifecycle_manager_navigation]: [34m[1mConfiguring smoother_server[0m[0m
[smoother_server-17] [INFO] [1790084908.440501491] [smoother_server]: Configuring smoother server
[smoother_server-17] [INFO] [1790084908.454557993] [smoother_server]: Created smoother : simple_smoother of type nav2_smoother::SimpleSmoother
[smoother_server-17] [INFO] [1790084908.460254960] [smoother_server]: Smoother Server has simple_smoother  smoothers available.
[sensor_bridge-3] [WARN] [1790084908.473838576] [isaac_sensor_bridge]: Isaac Sim Python API not available. Sensor bridge running in offline mode.
[lifecycle_manager-20] [INFO] [1790084908.491138113] [lifecycle_manager_navigation]: [34m[1mConfiguring bt_navigator[0m[0m
[bt_navigator-18] [INFO] [1790084908.491589559] [bt_navigator]: Configuring
[imu_republisher.py-14] 1790084908.505306 [80]    python3: selected interface "lo" is not multicast-capable: disabling multicast
[joystick_relay.py-8] 1790084908.623437 [80] joystick_r: selected interface "lo" is not multicast-capable: disabling multicast
[isaac_spawner-2] 1790084908.774997 [80] isaac_spaw: selected interface "lo" is not multicast-capable: disabling multicast
[lifecycle_manager-20] [INFO] [1790084908.821460928] [lifecycle_manager_navigation]: [34m[1mConfiguring behavior_server[0m[0m
[behavior_server-19] [INFO] [1790084908.821836024] [behavior_server]: Configuring
[behavior_server-19] [INFO] [1790084908.840883300] [behavior_server]: Creating behavior plugin spin of type nav2_behaviors/Spin
[behavior_server-19] [INFO] [1790084908.842581024] [behavior_server]: Configuring spin
[behavior_server-19] [INFO] [1790084908.880582970] [behavior_server]: Creating behavior plugin backup of type nav2_behaviors/BackUp
[behavior_server-19] [INFO] [1790084908.882222871] [behavior_server]: Configuring backup
[behavior_server-19] [INFO] [1790084908.911768740] [behavior_server]: Creating behavior plugin wait of type nav2_behaviors/Wait
[behavior_server-19] [INFO] [1790084908.913678396] [behavior_server]: Configuring wait
[joy_teleop-4] 1790084908.918708 [80] joy_teleop: selected interface "lo" is not multicast-capable: disabling multicast
[lifecycle_manager-20] [INFO] [1790084908.929526315] [lifecycle_manager_navigation]: [34m[1mActivating controller_server[0m[0m
[controller_server-15] [INFO] [1790084908.929918467] [controller_server]: Activating
[controller_server-15] [INFO] [1790084908.930006721] [local_costmap.local_costmap]: Activating
[controller_server-15] [INFO] [1790084908.930034113] [local_costmap.local_costmap]: Checking transform
[controller_server-15] [INFO] [1790084908.930074816] [local_costmap.local_costmap]: Timed out waiting for transform from base_footprint to odom to become available, tf error: Invalid frame ID "odom" passed to canTransform argument target_frame - frame does not exist
[wheel_imu_fusion-21] 1790084909.172014 [80] wheel_imu_: selected interface "lo" is not multicast-capable: disabling multicast
[controller_server-15] [INFO] [1790084909.430189681] [local_costmap.local_costmap]: Timed out waiting for transform from base_footprint to odom to become available, tf error: Invalid frame ID "odom" passed to canTransform argument target_frame - frame does not exist
[wheel_imu_fusion-21] [INFO] [1790084909.566359146] [sensor_fusion_wheel_imu_fusion]: wheel_imu_fusion ready
[controller_server-15] [INFO] [1790084909.930142535] [local_costmap.local_costmap]: Timed out waiting for transform from base_footprint to odom to become available, tf error: Invalid frame ID "odom" passed to canTransform argument target_frame - frame does not exist
[isaac_spawner-2] [INFO] [1790084909.938996395] [isaac_spawner]: URDF written to /workspace/molar/.tmp/tmp0o9ewhch.urdf
[isaac_spawner-2] [INFO] [1790084909.950703443] [isaac_spawner]: World 'nav_obstacle.world': 17 static shape(s) for Isaac, 0 skipped
[isaac_spawner-2] [INFO] [1790084909.951504290] [isaac_spawner]: Launching Isaac runtime: /workspace/molar/installs/IsaacSim-6.0.1/_build/linux-aarch64/release/python.sh /workspace/molar/ros_ws/bumperbot_ws/install/robot_lab_isaac/lib/python3.10/site-packages/robot_lab_isaac/isaac_runtime.py (gui=False)
[isaac_spawner-2] [INFO] [1790084909.952886789] [isaac_spawner]: Isaac runtime LD_PRELOAD: /workspace/molar/installs/IsaacSim-6.0.1/_build/linux-aarch64/release/extsDeprecated/omni.isaac.ml_archive/pip_prebundle/nvidia/nvjitlink/lib/libnvJitLink.so.12 /lib/aarch64-linux-gnu/libgomp.so.1
[controller_server-15] [INFO] [1790084910.430143648] [local_costmap.local_costmap]: Timed out waiting for transform from base_footprint to odom to become available, tf error: Invalid frame ID "odom" passed to canTransform argument target_frame - frame does not exist
[controller_server-15] [INFO] [1790084910.930144027] [local_costmap.local_costmap]: Timed out waiting for transform from base_footprint to odom to become available, tf error: Invalid frame ID "odom" passed to canTransform argument target_frame - frame does not exist
[controller_server-15] [INFO] [1790084911.430138265] [local_costmap.local_costmap]: Timed out waiting for transform from base_footprint to odom to become available, tf error: Invalid frame ID "odom" passed to canTransform argument target_frame - frame does not exist
[controller_server-15] [INFO] [1790084911.930127001] [local_costmap.local_costmap]: Timed out waiting for transform from base_footprint to odom to become available, tf error: Invalid frame ID "odom" passed to canTransform argument target_frame - frame does not exist
[controller_server-15] [INFO] [1790084912.430139805] [local_costmap.local_costmap]: Timed out waiting for transform from base_footprint to odom to become available, tf error: Invalid frame ID "odom" passed to canTransform argument target_frame - frame does not exist
[controller_server-15] [INFO] [1790084912.930139586] [local_costmap.local_costmap]: Timed out waiting for transform from base_footprint to odom to become available, tf error: Invalid frame ID "odom" passed to canTransform argument target_frame - frame does not exist
[controller_server-15] [INFO] [1790084913.430148971] [local_costmap.local_costmap]: Timed out waiting for transform from base_footprint to odom to become available, tf error: Invalid frame ID "odom" passed to canTransform argument target_frame - frame does not exist
[controller_server-15] [INFO] [1790084913.930135829] [local_costmap.local_costmap]: Timed out waiting for transform from base_footprint to odom to become available, tf error: Invalid frame ID "odom" passed to canTransform argument target_frame - frame does not exist
[controller_server-15] [INFO] [1790084914.430143108] [local_costmap.local_costmap]: Timed out waiting for transform from base_footprint to odom to become available, tf error: Invalid frame ID "odom" passed to canTransform argument target_frame - frame does not exist
[controller_server-15] [INFO] [1790084914.930143187] [local_costmap.local_costmap]: Timed out waiting for transform from base_footprint to odom to become available, tf error: Invalid frame ID "odom" passed to canTransform argument target_frame - frame does not exist
[controller_server-15] [INFO] [1790084915.430139783] [local_costmap.local_costmap]: Timed out waiting for transform from base_footprint to odom to become available, tf error: Invalid frame ID "odom" passed to canTransform argument target_frame - frame does not exist
[controller_server-15] [INFO] [1790084915.930137116] [local_costmap.local_costmap]: Timed out waiting for transform from base_footprint to odom to become available, tf error: Invalid frame ID "odom" passed to canTransform argument target_frame - frame does not exist
[controller_server-15] [INFO] [1790084916.430138837] [local_costmap.local_costmap]: Timed out waiting for transform from base_footprint to odom to become available, tf error: Invalid frame ID "odom" passed to canTransform argument target_frame - frame does not exist
[controller_server-15] [INFO] [1790084916.930140559] [local_costmap.local_costmap]: Timed out waiting for transform from base_footprint to odom to become available, tf error: Invalid frame ID "odom" passed to canTransform argument target_frame - frame does not exist
[controller_server-15] [INFO] [1790084917.430133933] [local_costmap.local_costmap]: Timed out waiting for transform from base_footprint to odom to become available, tf error: Invalid frame ID "odom" passed to canTransform argument target_frame - frame does not exist
[controller_server-15] [INFO] [1790084917.930138477] [local_costmap.local_costmap]: Timed out waiting for transform from base_footprint to odom to become available, tf error: Invalid frame ID "odom" passed to canTransform argument target_frame - frame does not exist
[controller_server-15] [INFO] [1790084918.430144048] [local_costmap.local_costmap]: Timed out waiting for transform from base_footprint to odom to become available, tf error: Invalid frame ID "odom" passed to canTransform argument target_frame - frame does not exist
[controller_server-15] [INFO] [1790084918.930134709] [local_costmap.local_costmap]: Timed out waiting for transform from base_footprint to odom to become available, tf error: Invalid frame ID "odom" passed to canTransform argument target_frame - frame does not exist
[controller_server-15] [INFO] [1790084919.430136350] [local_costmap.local_costmap]: Timed out waiting for transform from base_footprint to odom to become available, tf error: Invalid frame ID "odom" passed to canTransform argument target_frame - frame does not exist
[controller_server-15] [INFO] [1790084919.930148615] [local_costmap.local_costmap]: Timed out waiting for transform from base_footprint to odom to become available, tf error: Invalid frame ID "odom" passed to canTransform argument target_frame - frame does not exist
[controller_server-15] [INFO] [1790084920.430147894] [local_costmap.local_costmap]: Timed out waiting for transform from base_footprint to odom to become available, tf error: Invalid frame ID "odom" passed to canTransform argument target_frame - frame does not exist
[controller_server-15] [INFO] [1790084920.930143557] [local_costmap.local_costmap]: Timed out waiting for transform from base_footprint to odom to become available, tf error: Invalid frame ID "odom" passed to canTransform argument target_frame - frame does not exist
[controller_server-15] [INFO] [1790084921.430139096] [local_costmap.local_costmap]: Timed out waiting for transform from base_footprint to odom to become available, tf error: Invalid frame ID "odom" passed to canTransform argument target_frame - frame does not exist
[controller_server-15] [INFO] [1790084921.930136588] [local_costmap.local_costmap]: Timed out waiting for transform from base_footprint to odom to become available, tf error: Invalid frame ID "odom" passed to canTransform argument target_frame - frame does not exist
[controller_server-15] [INFO] [1790084922.430734328] [local_costmap.local_costmap]: Timed out waiting for transform from base_footprint to odom to become available, tf error: Invalid frame ID "odom" passed to canTransform argument target_frame - frame does not exist
[controller_server-15] [INFO] [1790084922.930137534] [local_costmap.local_costmap]: Timed out waiting for transform from base_footprint to odom to become available, tf error: Invalid frame ID "odom" passed to canTransform argument target_frame - frame does not exist
[controller_server-15] [INFO] [1790084923.430145852] [local_costmap.local_costmap]: Timed out waiting for transform from base_footprint to odom to become available, tf error: Invalid frame ID "odom" passed to canTransform argument target_frame - frame does not exist
[controller_server-15] [INFO] [1790084923.930133659] [local_costmap.local_costmap]: Timed out waiting for transform from base_footprint to odom to become available, tf error: Invalid frame ID "odom" passed to canTransform argument target_frame - frame does not exist
[controller_server-15] [INFO] [1790084924.430142846] [local_costmap.local_costmap]: Timed out waiting for transform from base_footprint to odom to become available, tf error: Invalid frame ID "odom" passed to canTransform argument target_frame - frame does not exist
[controller_server-15] [INFO] [1790084924.930157761] [local_costmap.local_costmap]: Timed out waiting for transform from base_footprint to odom to become available, tf error: Invalid frame ID "odom" passed to canTransform argument target_frame - frame does not exist
[controller_server-15] [INFO] [1790084925.430145866] [local_costmap.local_costmap]: Timed out waiting for transform from base_footprint to odom to become available, tf error: Invalid frame ID "odom" passed to canTransform argument target_frame - frame does not exist
[controller_server-15] [INFO] [1790084925.930140915] [local_costmap.local_costmap]: Timed out waiting for transform from base_footprint to odom to become available, tf error: Invalid frame ID "odom" passed to canTransform argument target_frame - frame does not exist
[controller_server-15] [INFO] [1790084926.430299709] [local_costmap.local_costmap]: Timed out waiting for transform from base_footprint to odom to become available, tf error: Invalid frame ID "odom" passed to canTransform argument target_frame - frame does not exist
[controller_server-15] [INFO] [1790084926.930138158] [local_costmap.local_costmap]: Timed out waiting for transform from base_footprint to odom to become available, tf error: Invalid frame ID "odom" passed to canTransform argument target_frame - frame does not exist
[controller_server-15] [INFO] [1790084927.430152289] [local_costmap.local_costmap]: Timed out waiting for transform from base_footprint to odom to become available, tf error: Invalid frame ID "odom" passed to canTransform argument target_frame - frame does not exist
[controller_server-15] [INFO] [1790084927.930140372] [local_costmap.local_costmap]: Timed out waiting for transform from base_footprint to odom to become available, tf error: Invalid frame ID "odom" passed to canTransform argument target_frame - frame does not exist
[controller_server-15] [INFO] [1790084928.430140492] [local_costmap.local_costmap]: Timed out waiting for transform from base_footprint to odom to become available, tf error: Invalid frame ID "odom" passed to canTransform argument target_frame - frame does not exist
[controller_server-15] [INFO] [1790084928.930138853] [local_costmap.local_costmap]: Timed out waiting for transform from base_footprint to odom to become available, tf error: Invalid frame ID "odom" passed to canTransform argument target_frame - frame does not exist
[controller_server-15] [INFO] [1790084929.430132802] [local_costmap.local_costmap]: Timed out waiting for transform from base_footprint to odom to become available, tf error: Invalid frame ID "odom" passed to canTransform argument target_frame - frame does not exist
[isaac_spawner-2] [INFO] [1790084929.927728018] [isaac_spawner]: Isaac runtime: World shapes created: 17 box
[controller_server-15] [INFO] [1790084929.930349787] [local_costmap.local_costmap]: Timed out waiting for transform from base_footprint to odom to become available, tf error: Invalid frame ID "odom" passed to canTransform argument target_frame - frame does not exist
[isaac_spawner-2] [INFO] [1790084930.126400103] [isaac_spawner]: Isaac runtime: Default lighting added: ['/World/robot_lab_lights/dome', '/World/robot_lab_lights/sun']
[controller_server-15] [INFO] [1790084930.430148129] [local_costmap.local_costmap]: Timed out waiting for transform from base_footprint to odom to become available, tf error: Invalid frame ID "odom" passed to canTransform argument target_frame - frame does not exist
[controller_server-15] [INFO] [1790084930.930140228] [local_costmap.local_costmap]: Timed out waiting for transform from base_footprint to odom to become available, tf error: Invalid frame ID "odom" passed to canTransform argument target_frame - frame does not exist
[controller_server-15] [INFO] [1790084931.430141643] [local_costmap.local_costmap]: Timed out waiting for transform from base_footprint to odom to become available, tf error: Invalid frame ID "odom" passed to canTransform argument target_frame - frame does not exist
[controller_server-15] [INFO] [1790084931.930130675] [local_costmap.local_costmap]: Timed out waiting for transform from base_footprint to odom to become available, tf error: Invalid frame ID "odom" passed to canTransform argument target_frame - frame does not exist
[controller_server-15] [INFO] [1790084932.430139391] [local_costmap.local_costmap]: Timed out waiting for transform from base_footprint to odom to become available, tf error: Invalid frame ID "odom" passed to canTransform argument target_frame - frame does not exist
[controller_server-15] [INFO] [1790084932.930255658] [local_costmap.local_costmap]: Timed out waiting for transform from base_footprint to odom to become available, tf error: Invalid frame ID "odom" passed to canTransform argument target_frame - frame does not exist
[controller_server-15] [INFO] [1790084933.430147773] [local_costmap.local_costmap]: Timed out waiting for transform from base_footprint to odom to become available, tf error: Invalid frame ID "odom" passed to canTransform argument target_frame - frame does not exist
[controller_server-15] [INFO] [1790084933.930134032] [local_costmap.local_costmap]: Timed out waiting for transform from base_footprint to odom to become available, tf error: Invalid frame ID "odom" passed to canTransform argument target_frame - frame does not exist
[isaac_spawner-2] [INFO] [1790084934.301409614] [isaac_spawner]: Isaac runtime: Wheel velocity drives: ['/World/Physics/wheel_left_joint', '/World/Physics/wheel_right_joint']
[controller_server-15] [INFO] [1790084934.430142662] [local_costmap.local_costmap]: Timed out waiting for transform from base_footprint to odom to become available, tf error: Invalid frame ID "odom" passed to canTransform argument target_frame - frame does not exist
[controller_server-15] [INFO] [1790084934.930139709] [local_costmap.local_costmap]: Timed out waiting for transform from base_footprint to odom to become available, tf error: Invalid frame ID "odom" passed to canTransform argument target_frame - frame does not exist
[controller_server-15] [INFO] [1790084935.430136185] [local_costmap.local_costmap]: Timed out waiting for transform from base_footprint to odom to become available, tf error: Invalid frame ID "odom" passed to canTransform argument target_frame - frame does not exist
[isaac_spawner-2] [INFO] [1790084935.559864957] [isaac_spawner]: Isaac reports root body 'base_link'; odometry is re-expressed at URDF root 'base_footprint' (offset [0.0, 0.0, 0.033])
[isaac_spawner-2] [INFO] [1790084935.560645133] [isaac_spawner]: Isaac runtime ready (dofs=['wheel_right_joint', 'wheel_left_joint'])
[isaac_spawner-2] [INFO] [1790084935.561222400] [isaac_spawner]: Isaac runtime: Scan: 360 rays every 12 steps from offset [-0.0050526, -0.0023221, 0.12079999999999999] of 'base_link' (root body 'base_link'); 15 robot bodies ignored
[isaac_spawner-2] [INFO] [1790084935.699200696] [isaac_spawner]: Isaac runtime: RGB-D camera /World/Geometry/base_footprint/base_link/oakd_link/oakd_rgb_camera_frame/robot_lab_rgbd: 320x240 every 12 steps
[controller_server-15] [INFO] [1790084935.930143701] [local_costmap.local_costmap]: Timed out waiting for transform from base_footprint to odom to become available, tf error: Invalid frame ID "odom" passed to canTransform argument target_frame - frame does not exist
[controller_server-15] [INFO] [1790084936.430165973] [local_costmap.local_costmap]: Timed out waiting for transform from base_footprint to odom to become available, tf error: Invalid frame ID "odom" passed to canTransform argument target_frame - frame does not exist
[controller_server-15] [INFO] [1790084936.931747413] [local_costmap.local_costmap]: start
[controller_server-15] [INFO] [1790084937.132976068] [controller_server]: Creating bond (controller_server) to lifecycle manager.
[lifecycle_manager-20] [INFO] [1790084937.245495890] [lifecycle_manager_navigation]: Server controller_server connected with bond.
[lifecycle_manager-20] [INFO] [1790084937.245606608] [lifecycle_manager_navigation]: [34m[1mActivating planner_server[0m[0m
[planner_server-16] [INFO] [1790084937.246079366] [planner_server]: Activating
[planner_server-16] [INFO] [1790084937.246165764] [global_costmap.global_costmap]: Activating
[planner_server-16] [INFO] [1790084937.246191300] [global_costmap.global_costmap]: Checking transform
[planner_server-16] [INFO] [1790084937.246232867] [global_costmap.global_costmap]: Timed out waiting for transform from base_footprint to map to become available, tf error: Invalid frame ID "map" passed to canTransform argument target_frame - frame does not exist
[planner_server-16] [INFO] [1790084937.746302120] [global_costmap.global_costmap]: Timed out waiting for transform from base_footprint to map to become available, tf error: Invalid frame ID "map" passed to canTransform argument target_frame - frame does not exist
[planner_server-16] [INFO] [1790084938.246295889] [global_costmap.global_costmap]: Timed out waiting for transform from base_footprint to map to become available, tf error: Invalid frame ID "map" passed to canTransform argument target_frame - frame does not exist
[amcl-11] [0m[INFO] [1790084938.558757197] [amcl]: createLaserObject[0m
[planner_server-16] [INFO] [1790084938.746379099] [global_costmap.global_costmap]: Timed out waiting for transform from base_footprint to map to become available, tf error: Lookup would require extrapolation at time 0.216667, but only time 1.200000 is in the buffer, when looking up transform from frame [base_footprint] to frame [map]
[planner_server-16] [INFO] [1790084939.246324746] [global_costmap.global_costmap]: Timed out waiting for transform from base_footprint to map to become available, tf error: Lookup would require extrapolation at time 0.283333, but only time 1.200000 is in the buffer, when looking up transform from frame [base_footprint] to frame [map]
[planner_server-16] [INFO] [1790084939.746346330] [global_costmap.global_costmap]: Timed out waiting for transform from base_footprint to map to become available, tf error: Lookup would require extrapolation at time 0.316667, but only time 1.200000 is in the buffer, when looking up transform from frame [base_footprint] to frame [map]
[planner_server-16] [INFO] [1790084940.246346701] [global_costmap.global_costmap]: Timed out waiting for transform from base_footprint to map to become available, tf error: Lookup would require extrapolation at time 0.383333, but only time 1.200000 is in the buffer, when looking up transform from frame [base_footprint] to frame [map]
[planner_server-16] [INFO] [1790084940.746349954] [global_costmap.global_costmap]: Timed out waiting for transform from base_footprint to map to become available, tf error: Lookup would require extrapolation into the past.  Requested time 0.416667 but the earliest data is at time 1.200000, when looking up transform from frame [base_footprint] to frame [map]
[planner_server-16] [INFO] [1790084941.246331867] [global_costmap.global_costmap]: Timed out waiting for transform from base_footprint to map to become available, tf error: Lookup would require extrapolation into the past.  Requested time 0.483333 but the earliest data is at time 1.200000, when looking up transform from frame [base_footprint] to frame [map]
[planner_server-16] [INFO] [1790084941.746334869] [global_costmap.global_costmap]: Timed out waiting for transform from base_footprint to map to become available, tf error: Lookup would require extrapolation into the past.  Requested time 0.516667 but the earliest data is at time 1.200000, when looking up transform from frame [base_footprint] to frame [map]
[planner_server-16] [INFO] [1790084942.246306067] [global_costmap.global_costmap]: Timed out waiting for transform from base_footprint to map to become available, tf error: Lookup would require extrapolation into the past.  Requested time 0.583333 but the earliest data is at time 1.200000, when looking up transform from frame [base_footprint] to frame [map]
[planner_server-16] [INFO] [1790084942.746333138] [global_costmap.global_costmap]: Timed out waiting for transform from base_footprint to map to become available, tf error: Lookup would require extrapolation into the past.  Requested time 0.650000 but the earliest data is at time 1.200000, when looking up transform from frame [base_footprint] to frame [map]
[planner_server-16] [INFO] [1790084943.246323892] [global_costmap.global_costmap]: Timed out waiting for transform from base_footprint to map to become available, tf error: Lookup would require extrapolation into the past.  Requested time 0.683333 but the earliest data is at time 1.200000, when looking up transform from frame [base_footprint] to frame [map]
[planner_server-16] [INFO] [1790084943.746348024] [global_costmap.global_costmap]: Timed out waiting for transform from base_footprint to map to become available, tf error: Lookup would require extrapolation into the past.  Requested time 0.716667 but the earliest data is at time 1.200000, when looking up transform from frame [base_footprint] to frame [map]
[planner_server-16] [INFO] [1790084944.246336767] [global_costmap.global_costmap]: Timed out waiting for transform from base_footprint to map to become available, tf error: Lookup would require extrapolation into the past.  Requested time 0.783333 but the earliest data is at time 1.200000, when looking up transform from frame [base_footprint] to frame [map]
[planner_server-16] [INFO] [1790084944.746352233] [global_costmap.global_costmap]: Timed out waiting for transform from base_footprint to map to become available, tf error: Lookup would require extrapolation into the past.  Requested time 0.850000 but the earliest data is at time 1.200000, when looking up transform from frame [base_footprint] to frame [map]
[planner_server-16] [INFO] [1790084945.246325365] [global_costmap.global_costmap]: Timed out waiting for transform from base_footprint to map to become available, tf error: Lookup would require extrapolation into the past.  Requested time 0.883333 but the earliest data is at time 1.200000, when looking up transform from frame [base_footprint] to frame [map]
[planner_server-16] [INFO] [1790084945.746332996] [global_costmap.global_costmap]: Timed out waiting for transform from base_footprint to map to become available, tf error: Lookup would require extrapolation into the past.  Requested time 0.950000 but the earliest data is at time 1.200000, when looking up transform from frame [base_footprint] to frame [map]
[planner_server-16] [INFO] [1790084946.246323061] [global_costmap.global_costmap]: Timed out waiting for transform from base_footprint to map to become available, tf error: Lookup would require extrapolation into the past.  Requested time 0.983333 but the earliest data is at time 1.200000, when looking up transform from frame [base_footprint] to frame [map]
[planner_server-16] [INFO] [1790084946.746328328] [global_costmap.global_costmap]: Timed out waiting for transform from base_footprint to map to become available, tf error: Lookup would require extrapolation into the past.  Requested time 1.050000 but the earliest data is at time 1.200000, when looking up transform from frame [base_footprint] to frame [map]
[planner_server-16] [INFO] [1790084947.246316895] [global_costmap.global_costmap]: Timed out waiting for transform from base_footprint to map to become available, tf error: Lookup would require extrapolation into the past.  Requested time 1.083333 but the earliest data is at time 1.200000, when looking up transform from frame [base_footprint] to frame [map]
[planner_server-16] [INFO] [1790084947.746329335] [global_costmap.global_costmap]: Timed out waiting for transform from base_footprint to map to become available, tf error: Lookup would require extrapolation into the past.  Requested time 1.150000 but the earliest data is at time 1.200000, when looking up transform from frame [base_footprint] to frame [map]
[planner_server-16] [INFO] [1790084948.246328370] [global_costmap.global_costmap]: Timed out waiting for transform from base_footprint to map to become available, tf error: Lookup would require extrapolation into the past.  Requested time 1.183333 but the earliest data is at time 1.200000, when looking up transform from frame [base_footprint] to frame [map]
[planner_server-16] [INFO] [1790084948.746659400] [global_costmap.global_costmap]: start
[planner_server-16] [INFO] [1790084949.797698981] [planner_server]: Activating plugin GridBased of type SmacPlanner2D
[planner_server-16] [INFO] [1790084949.798627858] [planner_server]: Creating bond (planner_server) to lifecycle manager.
[lifecycle_manager-20] [INFO] [1790084949.903889829] [lifecycle_manager_navigation]: Server planner_server connected with bond.
[lifecycle_manager-20] [INFO] [1790084949.903986051] [lifecycle_manager_navigation]: [34m[1mActivating smoother_server[0m[0m
[smoother_server-17] [INFO] [1790084949.904462585] [smoother_server]: Activating
[smoother_server-17] [INFO] [1790084949.904544855] [smoother_server]: Creating bond (smoother_server) to lifecycle manager.
[lifecycle_manager-20] [INFO] [1790084950.011178702] [lifecycle_manager_navigation]: Server smoother_server connected with bond.
[lifecycle_manager-20] [INFO] [1790084950.011295436] [lifecycle_manager_navigation]: [34m[1mActivating bt_navigator[0m[0m
[bt_navigator-18] [INFO] [1790084950.011758882] [bt_navigator]: Activating
[bt_navigator-18] [INFO] [1790084950.148011986] [bt_navigator]: Creating bond (bt_navigator) to lifecycle manager.
[lifecycle_manager-20] [INFO] [1790084950.255779154] [lifecycle_manager_navigation]: Server bt_navigator connected with bond.
[lifecycle_manager-20] [INFO] [1790084950.255886224] [lifecycle_manager_navigation]: [34m[1mActivating behavior_server[0m[0m
[behavior_server-19] [INFO] [1790084950.256383365] [behavior_server]: Activating
[behavior_server-19] [INFO] [1790084950.256455492] [behavior_server]: Activating spin
[behavior_server-19] [INFO] [1790084950.256491075] [behavior_server]: Activating backup
[behavior_server-19] [INFO] [1790084950.256518371] [behavior_server]: Activating wait
[behavior_server-19] [INFO] [1790084950.256546626] [behavior_server]: Creating bond (behavior_server) to lifecycle manager.
[lifecycle_manager-20] [INFO] [1790084950.364095495] [lifecycle_manager_navigation]: Server behavior_server connected with bond.
[lifecycle_manager-20] [INFO] [1790084950.364193060] [lifecycle_manager_navigation]: [34m[1mManaged nodes are active[0m[0m
[lifecycle_manager-20] [INFO] [1790084950.364247395] [lifecycle_manager_navigation]: [34m[1mCreating bond timer...[0m[0m
[WARNING] [launch]: user interrupted with ctrl-c (SIGINT)
[INFO] [wheel_imu_fusion-21]: sending signal 'SIGINT' to process[wheel_imu_fusion-21]
[INFO] [lifecycle_manager-20]: sending signal 'SIGINT' to process[lifecycle_manager-20]
[INFO] [behavior_server-19]: sending signal 'SIGINT' to process[behavior_server-19]
[INFO] [bt_navigator-18]: sending signal 'SIGINT' to process[bt_navigator-18]
[INFO] [smoother_server-17]: sending signal 'SIGINT' to process[smoother_server-17]
[INFO] [planner_server-16]: sending signal 'SIGINT' to process[planner_server-16]
[INFO] [controller_server-15]: sending signal 'SIGINT' to process[controller_server-15]
[INFO] [imu_republisher.py-14]: sending signal 'SIGINT' to process[imu_republisher.py-14]
[INFO] [ekf_node-13]: sending signal 'SIGINT' to process[ekf_node-13]
[INFO] [lifecycle_manager-12]: sending signal 'SIGINT' to process[lifecycle_manager-12]
[INFO] [amcl-11]: sending signal 'SIGINT' to process[amcl-11]
[INFO] [map_server-10]: sending signal 'SIGINT' to process[map_server-10]
[INFO] [twist_relay-9]: sending signal 'SIGINT' to process[twist_relay-9]
[INFO] [joystick_relay.py-8]: sending signal 'SIGINT' to process[joystick_relay.py-8]
[INFO] [twist_marker-7]: sending signal 'SIGINT' to process[twist_marker-7]
[INFO] [twist_mux-6]: sending signal 'SIGINT' to process[twist_mux-6]
[INFO] [joy_node-5]: sending signal 'SIGINT' to process[joy_node-5]
[INFO] [joy_teleop-4]: sending signal 'SIGINT' to process[joy_teleop-4]
[INFO] [sensor_bridge-3]: sending signal 'SIGINT' to process[sensor_bridge-3]
[INFO] [isaac_spawner-2]: sending signal 'SIGINT' to process[isaac_spawner-2]
[INFO] [robot_state_publisher-1]: sending signal 'SIGINT' to process[robot_state_publisher-1]
[lifecycle_manager-20] [INFO] [1790084986.071346094] [rclcpp]: signal_handler(SIGINT/SIGTERM)
[lifecycle_manager-20] [INFO] [1790084986.071481835] [lifecycle_manager_navigation]: Running Nav2 LifecycleManager rcl preshutdown (lifecycle_manager_navigation)
[lifecycle_manager-20] [INFO] [1790084986.071546858] [lifecycle_manager_navigation]: [34m[1mTerminating bond timer...[0m[0m
[INFO] [smoother_server-17]: process has finished cleanly [pid 195461]
[INFO] [lifecycle_manager-12]: process has finished cleanly [pid 195325]
[behavior_server-19] [INFO] [1790084986.076610850] [rclcpp]: signal_handler(SIGINT/SIGTERM)
[behavior_server-19] [INFO] [1790084986.076778527] [behavior_server]: Running Nav2 LifecycleNode rcl preshutdown (behavior_server)
[behavior_server-19] [INFO] [1790084986.076884157] [behavior_server]: Deactivating
[behavior_server-19] [INFO] [1790084986.076921436] [behavior_server]: Destroying bond (behavior_server) to lifecycle manager.
[bt_navigator-18] [INFO] [1790084986.084483137] [rclcpp]: signal_handler(SIGINT/SIGTERM)
[bt_navigator-18] [INFO] [1790084986.084636030] [bt_navigator]: Running Nav2 LifecycleNode rcl preshutdown (bt_navigator)
[bt_navigator-18] [INFO] [1790084986.084742108] [bt_navigator]: Deactivating
[bt_navigator-18] [INFO] [1790084986.084770331] [bt_navigator]: Destroying bond (bt_navigator) to lifecycle manager.
[INFO] [ekf_node-13]: process has finished cleanly [pid 195347]
[behavior_server-19] [INFO] [1790084986.087382534] [behavior_server]: Cleaning up
[smoother_server-17] [INFO] [1790084986.088897543] [rclcpp]: signal_handler(SIGINT/SIGTERM)
[smoother_server-17] [INFO] [1790084986.089057252] [smoother_server]: Running Nav2 LifecycleNode rcl preshutdown (smoother_server)
[smoother_server-17] [INFO] [1790084986.089165954] [smoother_server]: Deactivating
[smoother_server-17] [INFO] [1790084986.089195425] [smoother_server]: Destroying bond (smoother_server) to lifecycle manager.
[planner_server-16] [INFO] [1790084986.092751128] [rclcpp]: signal_handler(SIGINT/SIGTERM)
[planner_server-16] [INFO] [1790084986.092931701] [planner_server]: Running Nav2 LifecycleNode rcl preshutdown (planner_server)
[planner_server-16] [INFO] [1790084986.093064114] [planner_server]: Deactivating
[planner_server-16] [INFO] [1790084986.093114705] [global_costmap.global_costmap]: Deactivating
[bt_navigator-18] [INFO] [1790084986.095222406] [bt_navigator]: Cleaning up
[behavior_server-19] [INFO] [1790084986.096482988] [behavior_server]: Destroying bond (behavior_server) to lifecycle manager.
[controller_server-15] [INFO] [1790084986.096600458] [rclcpp]: signal_handler(SIGINT/SIGTERM)
[controller_server-15] [INFO] [1790084986.096740871] [controller_server]: Running Nav2 LifecycleNode rcl preshutdown (controller_server)
[controller_server-15] [INFO] [1790084986.096836197] [controller_server]: Deactivating
[controller_server-15] [INFO] [1790084986.096885892] [local_costmap.local_costmap]: Deactivating
[smoother_server-17] [INFO] [1790084986.099820264] [smoother_server]: Cleaning up
[ekf_node-13] [INFO] [1790084986.104556327] [rclcpp]: signal_handler(SIGINT/SIGTERM)
[lifecycle_manager-12] [INFO] [1790084986.109817979] [rclcpp]: signal_handler(SIGINT/SIGTERM)
[lifecycle_manager-12] [INFO] [1790084986.109969752] [lifecycle_manager_localization]: Running Nav2 LifecycleManager rcl preshutdown (lifecycle_manager_localization)
[lifecycle_manager-12] [INFO] [1790084986.110034231] [lifecycle_manager_localization]: [34m[1mTerminating bond timer...[0m[0m
[smoother_server-17] [INFO] [1790084986.117234372] [smoother_server]: Destroying bond (smoother_server) to lifecycle manager.
[smoother_server-17] [INFO] [1790084986.122052129] [smoother_server]: Destroying
[controller_server-15] [INFO] [1790084986.133510263] [controller_server]: Destroying bond (controller_server) to lifecycle manager.
[amcl-11] [0m[INFO] [1790084986.141911499] [rclcpp]: signal_handler(SIGINT/SIGTERM)[0m
[amcl-11] [0m[INFO] [1790084986.142160294] [amcl]: Running Nav2 LifecycleNode rcl preshutdown (amcl)[0m
[amcl-11] [0m[INFO] [1790084986.142927255] [amcl]: Deactivating[0m
[amcl-11] [0m[INFO] [1790084986.143076980] [amcl]: Destroying bond (amcl) to lifecycle manager.[0m
[lifecycle_manager-12] [INFO] [1790084986.142267076] [lifecycle_manager_localization]: Destroying lifecycle_manager_localization
[INFO] [twist_relay-9]: process has finished cleanly [pid 195265]
[controller_server-15] [INFO] [1790084986.143829124] [controller_server]: Cleaning up
[controller_server-15] [INFO] [1790084986.144058815] [local_costmap.local_costmap]: Cleaning up
[map_server-10] [INFO] [1790084986.150173506] [rclcpp]: signal_handler(SIGINT/SIGTERM)
[map_server-10] [INFO] [1790084986.150367902] [map_server]: Running Nav2 LifecycleNode rcl preshutdown (map_server)
[map_server-10] [INFO] [1790084986.150474172] [map_server]: Deactivating
[map_server-10] [INFO] [1790084986.150504028] [map_server]: Destroying bond (map_server) to lifecycle manager.
[INFO] [map_server-10]: process has finished cleanly [pid 195271]
[amcl-11] [0m[INFO] [1790084986.153448543] [amcl]: Cleaning up[0m
[amcl-11] [0m[INFO] [1790084986.163483026] [amcl]: Destroying bond (amcl) to lifecycle manager.[0m
[amcl-11] [0m[INFO] [1790084986.175321664] [amcl]: Destroying[0m
[twist_relay-9] [INFO] [1790084986.159804062] [rclcpp]: signal_handler(SIGINT/SIGTERM)
[map_server-10] [INFO] [1790084986.160750730] [map_server]: Cleaning up
[map_server-10] [INFO] [1790084986.160905223] [map_server]: Destroying bond (map_server) to lifecycle manager.
[map_server-10] [INFO] [1790084986.167458689] [map_server]: Destroying
[twist_marker-7] [INFO] [1790084986.217203496] [rclcpp]: signal_handler(SIGINT/SIGTERM)
[twist_mux-6] [INFO] [1790084986.227915885] [rclcpp]: signal_handler(SIGINT/SIGTERM)
[joy_node-5] [INFO] [1790084986.247834518] [rclcpp]: signal_handler(SIGINT/SIGTERM)
[behavior_server-19] [INFO] [1790084986.261447936] [behavior_server]: Destroying
[robot_state_publisher-1] [INFO] [1790084986.325250663] [rclcpp]: signal_handler(SIGINT/SIGTERM)
[lifecycle_manager-20] [INFO] [1790084986.350278600] [lifecycle_manager_navigation]: Destroying lifecycle_manager_navigation
[bt_navigator-18] [INFO] [1790084986.368229657] [bt_navigator]: Completed Cleaning up
[bt_navigator-18] [INFO] [1790084986.368388566] [bt_navigator]: Destroying bond (bt_navigator) to lifecycle manager.
[bt_navigator-18] [INFO] [1790084986.374775923] [bt_navigator]: Destroying
[INFO] [behavior_server-19]: process has finished cleanly [pid 195492]
[joystick_relay.py-8] Traceback (most recent call last):
[joystick_relay.py-8]   File "/opt/ros/humble/lib/twist_mux/joystick_relay.py", line 302, in <module>
[joystick_relay.py-8]     main()
[joystick_relay.py-8]   File "/opt/ros/humble/lib/twist_mux/joystick_relay.py", line 293, in main
[joystick_relay.py-8]     rclpy.spin(node)
[joystick_relay.py-8]   File "/opt/ros/humble/local/lib/python3.10/dist-packages/rclpy/__init__.py", line 229, in spin
[joystick_relay.py-8]     executor.spin_once()
[joystick_relay.py-8]   File "/opt/ros/humble/local/lib/python3.10/dist-packages/rclpy/executors.py", line 812, in spin_once
[joystick_relay.py-8]     self._spin_once_impl(timeout_sec)
[joystick_relay.py-8]   File "/opt/ros/humble/local/lib/python3.10/dist-packages/rclpy/executors.py", line 809, in _spin_once_impl
[joystick_relay.py-8]     raise handler.exception()
[joystick_relay.py-8]   File "/opt/ros/humble/local/lib/python3.10/dist-packages/rclpy/task.py", line 309, in _execute_coroutine_step
[joystick_relay.py-8]     result = coro.send(None)
[joystick_relay.py-8]   File "/opt/ros/humble/local/lib/python3.10/dist-packages/rclpy/executors.py", line 478, in handler
[joystick_relay.py-8]     arg = take_from_wait_list(entity)
[joystick_relay.py-8]   File "/opt/ros/humble/local/lib/python3.10/dist-packages/rclpy/executors.py", line 400, in _take_subscription
[joystick_relay.py-8]     msg_info = sub.handle.take_message(sub.msg_type, sub.raw)
[joystick_relay.py-8] RuntimeError: Unable to convert call argument to Python object (compile in debug mode for details)
[INFO] [twist_marker-7]: process has finished cleanly [pid 195213]
[INFO] [twist_mux-6]: process has finished cleanly [pid 195198]
[INFO] [joy_node-5]: process has finished cleanly [pid 195178]
[INFO] [amcl-11]: process has finished cleanly [pid 195302]
[INFO] [wheel_imu_fusion-21]: process has finished cleanly [pid 195510]
[INFO] [robot_state_publisher-1]: process has finished cleanly [pid 195122]
[INFO] [lifecycle_manager-20]: process has finished cleanly [pid 195499]
[INFO] [bt_navigator-18]: process has finished cleanly [pid 195473]
[joy_teleop-4] Traceback (most recent call last):
[joy_teleop-4]   File "/opt/ros/humble/lib/joy_teleop/joy_teleop", line 33, in <module>
[joy_teleop-4]     sys.exit(load_entry_point('joy-teleop==1.6.0', 'console_scripts', 'joy_teleop')())
[joy_teleop-4]   File "/opt/ros/humble/lib/python3.10/site-packages/joy_teleop/joy_teleop.py", line 442, in main
[joy_teleop-4]     rclpy.shutdown()
[joy_teleop-4]   File "/opt/ros/humble/local/lib/python3.10/dist-packages/rclpy/__init__.py", line 130, in shutdown
[joy_teleop-4]     _shutdown(context=context)
[joy_teleop-4]   File "/opt/ros/humble/local/lib/python3.10/dist-packages/rclpy/utilities.py", line 58, in shutdown
[joy_teleop-4]     return context.shutdown()
[joy_teleop-4]   File "/opt/ros/humble/local/lib/python3.10/dist-packages/rclpy/context.py", line 102, in shutdown
[joy_teleop-4]     self.__context.shutdown()
[joy_teleop-4] rclpy._rclpy_pybind11.RCLError: failed to shutdown: rcl_shutdown already called on the given context, at ./src/rcl/init.c:241
[INFO] [imu_republisher.py-14]: process has finished cleanly [pid 195368]
[INFO] [sensor_bridge-3]: process has finished cleanly [pid 195136]
[ERROR] [joy_teleop-4]: process has died [pid 195155, exit code 1, cmd '/opt/ros/humble/lib/joy_teleop/joy_teleop --ros-args --params-file /workspace/molar/ros_ws/bumperbot_ws/install/robot_lab_controller/share/robot_lab_controller/config/joy_teleop.yaml --params-file /workspace/molar/.tmp/launch_params_y_wo5a0z'].
[planner_server-16] [INFO] [1790084986.746975930] [planner_server]: Deactivating plugin GridBased of type SmacPlanner2D
[planner_server-16] [INFO] [1790084986.747067673] [planner_server]: Destroying bond (planner_server) to lifecycle manager.
[planner_server-16] [INFO] [1790084986.757314023] [planner_server]: Cleaning up
[planner_server-16] [INFO] [1790084986.772670061] [global_costmap.global_costmap]: Cleaning up
[planner_server-16] [INFO] [1790084986.778028192] [planner_server]: Cleaning up plugin GridBased of type SmacPlanner2D
[planner_server-16] [INFO] [1790084986.778296122] [planner_server]: Destroying plugin GridBased of type SmacPlanner2D
[planner_server-16] [INFO] [1790084986.785905695] [planner_server]: Destroying bond (planner_server) to lifecycle manager.
[planner_server-16] [INFO] [1790084986.791677609] [global_costmap.global_costmap]: Destroying
[planner_server-16] [INFO] [1790084986.805334865] [planner_server]: Destroying
[ERROR] [joystick_relay.py-8]: process has died [pid 195233, exit code 1, cmd '/opt/ros/humble/lib/twist_mux/joystick_relay.py --ros-args --params-file /workspace/molar/.tmp/launch_params_yx4afu4i --params-file /workspace/molar/ros_ws/bumperbot_ws/install/robot_lab_controller/share/robot_lab_controller/config/twist_mux_joy.yaml -r joy_vel_out:=joy_vel -r joy_vel_in:=input_joy/cmd_vel'].
[INFO] [planner_server-16]: process has finished cleanly [pid 195419]
[isaac_spawner-2] [WARN] [1790084988.315688325] [isaac_spawner]: Isaac runtime exited (rc=-15)
[isaac_spawner-2] Failed to publish log message to rosout: publisher's context is invalid, at ./src/rcl/publisher.c:389
[isaac_spawner-2] [INFO] [1790084988.811928110] [isaac_spawner]: Isaac runtime stopped (sigterm)
[isaac_spawner-2] Failed to publish log message to rosout: publisher's context is invalid, at ./src/rcl/publisher.c:389
[INFO] [isaac_spawner-2]: process has finished cleanly [pid 195127]
[ERROR] [controller_server-15]: process[controller_server-15] failed to terminate '5' seconds after receiving 'SIGINT', escalating to 'SIGTERM'
[INFO] [controller_server-15]: sending signal 'SIGTERM' to process[controller_server-15]
