[INFO] [launch]: All log files can be found below /home/molar1/.ros/log/2026-09-25-18-41-58-352578-molar1-1594337
[INFO] [launch]: Default logging verbosity is set to INFO
[robot_lab] algorithm localization=amcl -> global_localization stack
[robot_lab] algorithm state_estimation=ekf_localization_node -> local_localization stack
[robot_lab] algorithm sensor_fusion=wheel_imu_fusion -> node robot_lab_algorithms/wheel_imu_fusion
[INFO] [go2-stance-gait-controller-1]: process started with pid [1594376]
[INFO] [robot_state_publisher-2]: process started with pid [1594378]
[INFO] [mujoco_spawner-3]: process started with pid [1594380]
[INFO] [joy_teleop-4]: process started with pid [1594382]
[INFO] [joy_node-5]: process started with pid [1594384]
[INFO] [twist_mux-6]: process started with pid [1594386]
[INFO] [twist_marker-7]: process started with pid [1594388]
[INFO] [joystick_relay.py-8]: process started with pid [1594390]
[INFO] [twist_relay-9]: process started with pid [1594392]
[INFO] [simulator_ready_gate-10]: process started with pid [1594400]
[twist_mux-6] 1790354519.406414 [222]  twist_mux: selected interface "lo" is not multicast-capable: disabling multicast
[robot_state_publisher-2] 1790354519.412159 [222] robot_stat: selected interface "lo" is not multicast-capable: disabling multicast
[joy_node-5] 1790354519.421757 [222]   joy_node: selected interface "lo" is not multicast-capable: disabling multicast
[twist_mux-6] [INFO] [1790354519.422287973] [twist_mux]: Topic handler 'topics.joystick' subscribed to topic 'joy_vel': timeout = 0.500000s , priority = 99.
[twist_marker-7] 1790354519.423135 [222] twist_mark: selected interface "lo" is not multicast-capable: disabling multicast
[twist_mux-6] [INFO] [1790354519.423897865] [twist_mux]: Topic handler 'topics.keyboard' subscribed to topic 'key_vel': timeout = 0.500000s , priority = 90.
[twist_mux-6] [INFO] [1790354519.425269004] [twist_mux]: Topic handler 'topics.navigation' subscribed to topic 'cmd_vel': timeout = 0.500000s , priority = 80.
[robot_state_publisher-2] [INFO] [1790354519.426792336] [robot_state_publisher]: got segment FL_calf
[robot_state_publisher-2] [INFO] [1790354519.428019091] [robot_state_publisher]: got segment FL_calf_rotor
[twist_mux-6] [INFO] [1790354519.428259540] [twist_mux]: Topic handler 'locks.safety_stop' subscribed to topic 'safety_stop': timeout = None , priority = 255.
[twist_relay-9] 1790354519.428705 [222] twist_rela: selected interface "lo" is not multicast-capable: disabling multicast
[robot_state_publisher-2] [INFO] [1790354519.429691863] [robot_state_publisher]: got segment FL_foot
[robot_state_publisher-2] [INFO] [1790354519.430389209] [robot_state_publisher]: got segment FL_hip
[robot_state_publisher-2] [INFO] [1790354519.431054491] [robot_state_publisher]: got segment FL_hip_rotor
[robot_state_publisher-2] [INFO] [1790354519.431081435] [robot_state_publisher]: got segment FL_thigh
[robot_state_publisher-2] [INFO] [1790354519.431095771] [robot_state_publisher]: got segment FL_thigh_rotor
[robot_state_publisher-2] [INFO] [1790354519.431107355] [robot_state_publisher]: got segment FR_calf
[robot_state_publisher-2] [INFO] [1790354519.431115867] [robot_state_publisher]: got segment FR_calf_rotor
[robot_state_publisher-2] [INFO] [1790354519.431124283] [robot_state_publisher]: got segment FR_foot
[robot_state_publisher-2] [INFO] [1790354519.431132379] [robot_state_publisher]: got segment FR_hip
[robot_state_publisher-2] [INFO] [1790354519.431140795] [robot_state_publisher]: got segment FR_hip_rotor
[robot_state_publisher-2] [INFO] [1790354519.431149211] [robot_state_publisher]: got segment FR_thigh
[robot_state_publisher-2] [INFO] [1790354519.431157179] [robot_state_publisher]: got segment FR_thigh_rotor
[robot_state_publisher-2] [INFO] [1790354519.431164443] [robot_state_publisher]: got segment RL_calf
[robot_state_publisher-2] [INFO] [1790354519.431174331] [robot_state_publisher]: got segment RL_calf_rotor
[robot_state_publisher-2] [INFO] [1790354519.431181787] [robot_state_publisher]: got segment RL_foot
[robot_state_publisher-2] [INFO] [1790354519.431188699] [robot_state_publisher]: got segment RL_hip
[robot_state_publisher-2] [INFO] [1790354519.431196443] [robot_state_publisher]: got segment RL_hip_rotor
[robot_state_publisher-2] [INFO] [1790354519.431203931] [robot_state_publisher]: got segment RL_thigh
[robot_state_publisher-2] [INFO] [1790354519.431211483] [robot_state_publisher]: got segment RL_thigh_rotor
[robot_state_publisher-2] [INFO] [1790354519.431218779] [robot_state_publisher]: got segment RR_calf
[robot_state_publisher-2] [INFO] [1790354519.431226811] [robot_state_publisher]: got segment RR_calf_rotor
[robot_state_publisher-2] [INFO] [1790354519.431235579] [robot_state_publisher]: got segment RR_foot
[robot_state_publisher-2] [INFO] [1790354519.431243099] [robot_state_publisher]: got segment RR_hip
[robot_state_publisher-2] [INFO] [1790354519.431251259] [robot_state_publisher]: got segment RR_hip_rotor
[robot_state_publisher-2] [INFO] [1790354519.431259003] [robot_state_publisher]: got segment RR_thigh
[robot_state_publisher-2] [INFO] [1790354519.436336104] [robot_state_publisher]: got segment RR_thigh_rotor
[robot_state_publisher-2] [INFO] [1790354519.436404392] [robot_state_publisher]: got segment base
[robot_state_publisher-2] [INFO] [1790354519.436417064] [robot_state_publisher]: got segment front_camera
[robot_state_publisher-2] [INFO] [1790354519.436425960] [robot_state_publisher]: got segment imu_link
[robot_state_publisher-2] [INFO] [1790354519.436437224] [robot_state_publisher]: got segment trunk
[joy_teleop-4] 1790354519.934092 [222] joy_teleop: selected interface "lo" is not multicast-capable: disabling multicast
[joystick_relay.py-8] 1790354519.975167 [222] joystick_r: selected interface "lo" is not multicast-capable: disabling multicast
[go2-stance-gait-controller-1] 1790354519.992723 [222] go2-stance: selected interface "lo" is not multicast-capable: disabling multicast
[go2-stance-gait-controller-1] [0;93m2026-09-25 18:42:00.126038630 [W:onnxruntime:Default, device_discovery.cc:164 DiscoverDevicesForPlatform] GPU device discovery failed: device_discovery.cc:89 ReadFileContents Failed to open file: "/sys/class/drm/card1/device/vendor"[m
[go2-stance-gait-controller-1] [INFO] [1790354520.207239984] [go2_stance_gait_controller]: Go2 closed-loop stance: 12 effort joints at 250.0 Hz; controller ONNX velocity policy
[mujoco_spawner-3] 1790354520.431525 [222] mujoco_spa: selected interface "lo" is not multicast-capable: disabling multicast
[mujoco_spawner-3] [INFO] [1790354521.587028591] [mujoco_spawner]: MuJoCo: 18 collision proxy geom(s) moved to group 3 (viewer Rendering tab to show them).
[mujoco_spawner-3] [INFO] [1790354521.636860266] [mujoco_spawner]: MuJoCo URDF import OK (all meshes staged).
[mujoco_spawner-3] [WARN] [1790354521.651326382] [mujoco_spawner]: MuJoCo effort plant: no MJCF beside /workspace/molar/ros_ws/bumperbot_ws/install/robot_lab_robots/share/robot_lab_robots/unitree/go2_description/xacro/go2_sim.xacro names every effort joint; keeping the URDF <dynamics> (damping=5.0 is a Gazebo stabiliser the robot does not have).
[mujoco_spawner-3] [INFO] [1790354521.702237260] [mujoco_spawner]: MuJoCo physics timestep: 0.0010 s
[mujoco_spawner-3] [INFO] [1790354521.704775730] [mujoco_spawner]: Robot has no 'oakd_rgb_camera_frame' link; no RGB-D camera is published.
[mujoco_spawner-3] [INFO] [1790354521.706270134] [mujoco_spawner]: Joints: ['FR_hip_joint', 'FR_thigh_joint', 'FR_calf_joint', 'FL_hip_joint', 'FL_thigh_joint', 'FL_calf_joint', 'RR_hip_joint', 'RR_thigh_joint', 'RR_calf_joint', 'RL_hip_joint', 'RL_thigh_joint', 'RL_calf_joint']   lw= rw=
[mujoco_spawner-3] [INFO] [1790354521.708585403] [mujoco_spawner]: MuJoCo effort joint armature: 0.0100 kg m^2
[mujoco_spawner-3] [INFO] [1790354521.710107647] [mujoco_spawner]: Joint effort input: /go2_group_effort_controller/commands (12 joints, URDF limits)
[mujoco_spawner-3] [INFO] [1790354521.711681635] [mujoco_spawner]: Spawn ground clearance: raised root by 0.2050 m
[mujoco_spawner-3] [INFO] [1790354521.712479205] [mujoco_spawner]: MuJoCo model loaded: 14 bodies, 13 joints
[mujoco_spawner-3] [INFO] [1790354521.713018854] [mujoco_spawner]: MuJoCo gui param=False (resolved=False), DISPLAY=:1 -> mode=DIRECT
[mujoco_spawner-3] [INFO] [1790354521.713571080] [mujoco_spawner]: MuJoCo running headless (gui=False, viewer=True).
[mujoco_spawner-3] [INFO] [1790354521.718353268] [mujoco_spawner]: MuJoCo spawner running.
[INFO] [simulator_ready_gate-10]: process has finished cleanly [pid 1594400]
[INFO] [amcl-12]: process started with pid [1594648]
[INFO] [map_server-11]: process started with pid [1594646]
[INFO] [lifecycle_manager-13]: process started with pid [1594650]
[INFO] [ekf_node-14]: process started with pid [1594652]
[INFO] [imu_republisher.py-15]: process started with pid [1594654]
[INFO] [wheel_imu_fusion-16]: process started with pid [1594656]
[lifecycle_manager-13] 1790354522.123019 [222] lifecycle_: selected interface "lo" is not multicast-capable: disabling multicast
[amcl-12] 1790354522.129345 [222]       amcl: selected interface "lo" is not multicast-capable: disabling multicast
[ekf_node-14] 1790354522.139135 [222]   ekf_node: selected interface "lo" is not multicast-capable: disabling multicast
[amcl-12] [0m[INFO] [1790354522.144825519] [amcl]:
[amcl-12] 	amcl lifecycle node launched.
[amcl-12] 	Waiting on external lifecycle transitions to activate
[amcl-12] 	See https://design.ros2.org/articles/node_lifecycle.html for more information.[0m
[amcl-12] [0m[INFO] [1790354522.146502259] [amcl]: Creating[0m
[map_server-11] 1790354522.141776 [222] map_server: selected interface "lo" is not multicast-capable: disabling multicast
[lifecycle_manager-13] [INFO] [1790354522.190630752] [lifecycle_manager_localization]: Creating
[map_server-11] [INFO] [1790354522.195619724] [map_server]:
[map_server-11] 	map_server lifecycle node launched.
[map_server-11] 	Waiting on external lifecycle transitions to activate
[map_server-11] 	See https://design.ros2.org/articles/node_lifecycle.html for more information.
[map_server-11] [INFO] [1790354522.197363760] [map_server]: Creating
[lifecycle_manager-13] [INFO] [1790354522.204826371] [lifecycle_manager_localization]: [34m[1mCreating and initializing lifecycle service clients[0m[0m
[lifecycle_manager-13] [INFO] [1790354522.215138012] [lifecycle_manager_localization]: [34m[1mStarting managed nodes bringup...[0m[0m
[lifecycle_manager-13] [INFO] [1790354522.216610207] [lifecycle_manager_localization]: [34m[1mConfiguring map_server[0m[0m
[map_server-11] [INFO] [1790354522.219411494] [map_server]: Configuring
[map_server-11] [INFO] [1790354522.219539783] [map_io]: Loading yaml file: /workspace/molar/ros_ws/bumperbot_ws/install/robot_lab_maps/share/robot_lab_maps/maps/nav_empty/maps/map.yaml
[map_server-11] [INFO] [1790354522.220039656] [map_io]: resolution: 0.05
[map_server-11] [INFO] [1790354522.220066792] [map_io]: origin[0]: -7
[map_server-11] [INFO] [1790354522.220073320] [map_io]: origin[1]: -7
[map_server-11] [INFO] [1790354522.220078216] [map_io]: origin[2]: 0
[map_server-11] [INFO] [1790354522.220083528] [map_io]: free_thresh: 0.196
[map_server-11] [INFO] [1790354522.220088552] [map_io]: occupied_thresh: 0.65
[map_server-11] [INFO] [1790354522.220094632] [map_io]: mode: trinary
[map_server-11] [INFO] [1790354522.220101288] [map_io]: negate: 0
[map_server-11] [INFO] [1790354522.220401769] [map_io]: Loading image_file: /workspace/molar/ros_ws/bumperbot_ws/install/robot_lab_maps/share/robot_lab_maps/maps/nav_empty/maps/map.pgm
[map_server-11] [INFO] [1790354522.237789907] [map_io]: Read map /workspace/molar/ros_ws/bumperbot_ws/install/robot_lab_maps/share/robot_lab_maps/maps/nav_empty/maps/map.pgm: 280 X 280 map @ 0.05 m/cell
[lifecycle_manager-13] [INFO] [1790354522.252462807] [lifecycle_manager_localization]: [34m[1mConfiguring amcl[0m[0m
[amcl-12] [0m[INFO] [1790354522.268429311] [amcl]: Configuring[0m
[amcl-12] [0m[INFO] [1790354522.268604703] [amcl]: initTransforms[0m
[amcl-12] [0m[INFO] [1790354522.278043574] [amcl]: initPubSub[0m
[amcl-12] [0m[INFO] [1790354522.286660747] [amcl]: Subscribed to map topic.[0m
[lifecycle_manager-13] [INFO] [1790354522.299228202] [lifecycle_manager_localization]: [34m[1mActivating map_server[0m[0m
[map_server-11] [INFO] [1790354522.299581195] [map_server]: Activating
[map_server-11] [INFO] [1790354522.299893164] [map_server]: Creating bond (map_server) to lifecycle manager.
[amcl-12] [0m[INFO] [1790354522.301051535] [amcl]: Received a 280 X 280 map @ 0.050 m/pix[0m
[lifecycle_manager-13] [INFO] [1790354522.406956563] [lifecycle_manager_localization]: Server map_server connected with bond.
[lifecycle_manager-13] [INFO] [1790354522.407037139] [lifecycle_manager_localization]: [34m[1mActivating amcl[0m[0m
[amcl-12] [0m[INFO] [1790354522.407360084] [amcl]: Activating[0m
[amcl-12] [0m[INFO] [1790354522.407464372] [amcl]: initialPoseReceived[0m
[amcl-12] [0m[INFO] [1790354522.407695349] [amcl]: Setting pose (0.528000): -0.500 -0.500 0.000[0m
[amcl-12] [0m[INFO] [1790354522.408280822] [amcl]: Creating bond (amcl) to lifecycle manager.[0m
[lifecycle_manager-13] [INFO] [1790354522.511730740] [lifecycle_manager_localization]: Server amcl connected with bond.
[lifecycle_manager-13] [INFO] [1790354522.511815252] [lifecycle_manager_localization]: [34m[1mManaged nodes are active[0m[0m
[lifecycle_manager-13] [INFO] [1790354522.511840020] [lifecycle_manager_localization]: [34m[1mCreating bond timer...[0m[0m
[amcl-12] [0m[INFO] [1790354522.523082288] [amcl]: createLaserObject[0m
[imu_republisher.py-15] 1790354522.572952 [222]    python3: selected interface "lo" is not multicast-capable: disabling multicast
[wheel_imu_fusion-16] 1790354522.596268 [222] wheel_imu_: selected interface "lo" is not multicast-capable: disabling multicast
[wheel_imu_fusion-16] [INFO] [1790354522.942589398] [sensor_fusion_wheel_imu_fusion]: wheel_imu_fusion ready
[go2-stance-gait-controller-1] [WARN] [1790354525.883842859] [go2_stance_gait_controller]: Go2 safety warn: tilt 0.35 rad exceeds warn threshold
[go2-stance-gait-controller-1] [WARN] [1790354526.051634014] [go2_stance_gait_controller]: Go2 safety safe_stop: tilt 0.70 rad exceeds fall threshold
[map_server-11] [INFO] [1790354540.391055186] [rclcpp]: signal_handler(SIGINT/SIGTERM)
[twist_marker-7] [INFO] [1790354540.391051474] [rclcpp]: signal_handler(SIGINT/SIGTERM)
[twist_relay-9] [INFO] [1790354540.391062354] [rclcpp]: signal_handler(SIGINT/SIGTERM)
[amcl-12] [0m[INFO] [1790354540.391044978] [rclcpp]: signal_handler(SIGINT/SIGTERM)[0m
[amcl-12] [0m[INFO] [1790354540.391219763] [amcl]: Running Nav2 LifecycleNode rcl preshutdown (amcl)[0m
[amcl-12] [0m[INFO] [1790354540.391340051] [amcl]: Deactivating[0m
[amcl-12] [0m[INFO] [1790354540.391375699] [amcl]: Destroying bond (amcl) to lifecycle manager.[0m
[map_server-11] [INFO] [1790354540.391235923] [map_server]: Running Nav2 LifecycleNode rcl preshutdown (map_server)
[map_server-11] [INFO] [1790354540.391337043] [map_server]: Deactivating
[map_server-11] [INFO] [1790354540.391362099] [map_server]: Destroying bond (map_server) to lifecycle manager.
[lifecycle_manager-13] [INFO] [1790354540.391146290] [rclcpp]: signal_handler(SIGINT/SIGTERM)
[lifecycle_manager-13] [INFO] [1790354540.391256211] [lifecycle_manager_localization]: Running Nav2 LifecycleManager rcl preshutdown (lifecycle_manager_localization)
[lifecycle_manager-13] [INFO] [1790354540.391316691] [lifecycle_manager_localization]: [34m[1mTerminating bond timer...[0m[0m
[joy_node-5] [INFO] [1790354540.391100914] [rclcpp]: signal_handler(SIGINT/SIGTERM)
[ekf_node-14] [INFO] [1790354540.391150738] [rclcpp]: signal_handler(SIGINT/SIGTERM)
[twist_mux-6] [INFO] [1790354540.391399411] [rclcpp]: signal_handler(SIGINT/SIGTERM)
[robot_state_publisher-2] [INFO] [1790354540.391914484] [rclcpp]: signal_handler(SIGINT/SIGTERM)
[map_server-11] [INFO] [1790354540.401715529] [map_server]: Cleaning up
[map_server-11] [INFO] [1790354540.401819722] [map_server]: Destroying bond (map_server) to lifecycle manager.
[amcl-12] [0m[INFO] [1790354540.402613899] [amcl]: Cleaning up[0m
[map_server-11] [INFO] [1790354540.416182185] [map_server]: Destroying
[amcl-12] [0m[INFO] [1790354540.417270763] [amcl]: Destroying bond (amcl) to lifecycle manager.[0m
[lifecycle_manager-13] [INFO] [1790354540.421823957] [lifecycle_manager_localization]: Destroying lifecycle_manager_localization
[amcl-12] [0m[INFO] [1790354540.438814777] [amcl]: Destroying[0m
[joy_teleop-4] Traceback (most recent call last):
[joy_teleop-4]   File "/opt/ros/humble/lib/joy_teleop/joy_teleop", line 33, in <module>
[joy_teleop-4]     sys.exit(load_entry_point('joy-teleop==1.6.0', 'console_scripts', 'joy_teleop')())
[joy_teleop-4]   File "/opt/ros/humble/lib/python3.10/site-packages/joy_teleop/joy_teleop.py", line 435, in main
[joy_teleop-4]     rclpy.spin(node)
[joy_teleop-4]   File "/opt/ros/humble/local/lib/python3.10/dist-packages/rclpy/__init__.py", line 229, in spin
[joy_teleop-4]     executor.spin_once()
[joy_teleop-4]   File "/opt/ros/humble/local/lib/python3.10/dist-packages/rclpy/executors.py", line 812, in spin_once
[joy_teleop-4]     self._spin_once_impl(timeout_sec)
[joy_teleop-4]   File "/opt/ros/humble/local/lib/python3.10/dist-packages/rclpy/executors.py", line 801, in _spin_once_impl
[joy_teleop-4]     handler, entity, node = self.wait_for_ready_callbacks(timeout_sec=timeout_sec)
[joy_teleop-4]   File "/opt/ros/humble/local/lib/python3.10/dist-packages/rclpy/executors.py", line 784, in wait_for_ready_callbacks
[joy_teleop-4]     return next(self._cb_iter)
[joy_teleop-4]   File "/opt/ros/humble/local/lib/python3.10/dist-packages/rclpy/executors.py", line 685, in _wait_for_ready_callbacks
[joy_teleop-4]     raise ExternalShutdownException()
[joy_teleop-4] rclpy.executors.ExternalShutdownException
[INFO] [twist_mux-6]: process has finished cleanly [pid 1594386]
[INFO] [lifecycle_manager-13]: process has finished cleanly [pid 1594650]
[INFO] [twist_marker-7]: process has finished cleanly [pid 1594388]
[INFO] [joy_node-5]: process has finished cleanly [pid 1594384]
[INFO] [twist_relay-9]: process has finished cleanly [pid 1594392]
[INFO] [robot_state_publisher-2]: process has finished cleanly [pid 1594378]
[INFO] [ekf_node-14]: process has finished cleanly [pid 1594652]
[INFO] [map_server-11]: process has finished cleanly [pid 1594646]
[INFO] [amcl-12]: process has finished cleanly [pid 1594648]
[go2-stance-gait-controller-1] Traceback (most recent call last):
[go2-stance-gait-controller-1]   File "/workspace/molar/ros_ws/bumperbot_ws/install/robot_lab_adapter/lib/robot_lab_adapter/go2-stance-gait-controller", line 33, in <module>
[go2-stance-gait-controller-1]     sys.exit(load_entry_point('robot_lab_adapter==0.1.0', 'console_scripts', 'go2-stance-gait-controller')())
[go2-stance-gait-controller-1]   File "/workspace/molar/ros_ws/bumperbot_ws/install/robot_lab_adapter/lib/python3.10/site-packages/robot_lab_adapter/go2_stance_gait_controller.py", line 283, in main
[go2-stance-gait-controller-1]     rclpy.spin(node)
[go2-stance-gait-controller-1]   File "/opt/ros/humble/local/lib/python3.10/dist-packages/rclpy/__init__.py", line 229, in spin
[go2-stance-gait-controller-1]     executor.spin_once()
[go2-stance-gait-controller-1]   File "/opt/ros/humble/local/lib/python3.10/dist-packages/rclpy/executors.py", line 812, in spin_once
[go2-stance-gait-controller-1]     self._spin_once_impl(timeout_sec)
[go2-stance-gait-controller-1]   File "/opt/ros/humble/local/lib/python3.10/dist-packages/rclpy/executors.py", line 801, in _spin_once_impl
[go2-stance-gait-controller-1]     handler, entity, node = self.wait_for_ready_callbacks(timeout_sec=timeout_sec)
[go2-stance-gait-controller-1]   File "/opt/ros/humble/local/lib/python3.10/dist-packages/rclpy/executors.py", line 784, in wait_for_ready_callbacks
[go2-stance-gait-controller-1]     return next(self._cb_iter)
[go2-stance-gait-controller-1]   File "/opt/ros/humble/local/lib/python3.10/dist-packages/rclpy/executors.py", line 657, in _wait_for_ready_callbacks
[go2-stance-gait-controller-1]     wait_set = _rclpy.WaitSet(
[go2-stance-gait-controller-1] rclpy._rclpy_pybind11.RCLError: failed to initialize wait set: the given context is not valid, either rcl_init() was not called or rcl_shutdown() was called., at ./src/rcl/wait.c:130
[imu_republisher.py-15] Traceback (most recent call last):
[imu_republisher.py-15]   File "/workspace/molar/ros_ws/bumperbot_ws/install/robot_lab_localization/lib/robot_lab_localization/imu_republisher.py", line 54, in <module>
[imu_republisher.py-15]     main()
[imu_republisher.py-15]   File "/workspace/molar/ros_ws/bumperbot_ws/install/robot_lab_localization/lib/robot_lab_localization/imu_republisher.py", line 45, in main
[imu_republisher.py-15]     rclpy.spin(node)
[imu_republisher.py-15]   File "/opt/ros/humble/local/lib/python3.10/dist-packages/rclpy/__init__.py", line 229, in spin
[imu_republisher.py-15]     executor.spin_once()
[imu_republisher.py-15]   File "/opt/ros/humble/local/lib/python3.10/dist-packages/rclpy/executors.py", line 812, in spin_once
[imu_republisher.py-15]     self._spin_once_impl(timeout_sec)
[imu_republisher.py-15]   File "/opt/ros/humble/local/lib/python3.10/dist-packages/rclpy/executors.py", line 801, in _spin_once_impl
[imu_republisher.py-15]     handler, entity, node = self.wait_for_ready_callbacks(timeout_sec=timeout_sec)
[imu_republisher.py-15]   File "/opt/ros/humble/local/lib/python3.10/dist-packages/rclpy/executors.py", line 784, in wait_for_ready_callbacks
[imu_republisher.py-15]     return next(self._cb_iter)
[imu_republisher.py-15]   File "/opt/ros/humble/local/lib/python3.10/dist-packages/rclpy/executors.py", line 685, in _wait_for_ready_callbacks
[imu_republisher.py-15]     raise ExternalShutdownException()
[imu_republisher.py-15] rclpy.executors.ExternalShutdownException
[INFO] [wheel_imu_fusion-16]: process has finished cleanly [pid 1594656]
[ERROR] [imu_republisher.py-15]: process has died [pid 1594654, exit code 1, cmd '/workspace/molar/ros_ws/bumperbot_ws/install/robot_lab_localization/lib/robot_lab_localization/imu_republisher.py --ros-args --params-file /workspace/molar/.tmp/launch_params_ukfywgrt'].
[INFO] [joystick_relay.py-8]: process has finished cleanly [pid 1594390]
[ERROR] [go2-stance-gait-controller-1]: process has died [pid 1594376, exit code 1, cmd '/workspace/molar/ros_ws/bumperbot_ws/install/robot_lab_adapter/lib/robot_lab_adapter/go2-stance-gait-controller --ros-args --params-file /workspace/molar/.tmp/launch_params_mx_a9xjf'].
[INFO] [mujoco_spawner-3]: process has finished cleanly [pid 1594380]
[ERROR] [joy_teleop-4]: process has died [pid 1594382, exit code 1, cmd '/opt/ros/humble/lib/joy_teleop/joy_teleop --ros-args --params-file /workspace/molar/ros_ws/bumperbot_ws/install/robot_lab_controller/share/robot_lab_controller/config/joy_teleop.yaml --params-file /workspace/molar/.tmp/launch_params_qf0_zczi'].
