[INFO] [launch]: All log files can be found below /home/molar1/.ros/log/2026-09-25-19-19-09-066844-molar1-1616202
[INFO] [launch]: Default logging verbosity is set to INFO
[robot_lab] algorithm localization=amcl -> global_localization stack
[robot_lab] algorithm state_estimation=ekf_localization_node -> local_localization stack
[robot_lab] algorithm sensor_fusion=wheel_imu_fusion -> node robot_lab_algorithms/wheel_imu_fusion
[INFO] [go2-stance-gait-controller-1]: process started with pid [1616259]
[INFO] [robot_state_publisher-2]: process started with pid [1616261]
[INFO] [mujoco_spawner-3]: process started with pid [1616263]
[INFO] [joy_teleop-4]: process started with pid [1616265]
[INFO] [joy_node-5]: process started with pid [1616267]
[INFO] [twist_mux-6]: process started with pid [1616269]
[INFO] [twist_marker-7]: process started with pid [1616271]
[INFO] [joystick_relay.py-8]: process started with pid [1616273]
[INFO] [twist_relay-9]: process started with pid [1616275]
[INFO] [simulator_ready_gate-10]: process started with pid [1616277]
[twist_mux-6] [INFO] [1790356750.006816423] [twist_mux]: Topic handler 'topics.joystick' subscribed to topic 'joy_vel': timeout = 0.500000s , priority = 99.
[twist_mux-6] [INFO] [1790356750.008210185] [twist_mux]: Topic handler 'topics.keyboard' subscribed to topic 'key_vel': timeout = 0.500000s , priority = 90.
[twist_mux-6] [INFO] [1790356750.008526843] [twist_mux]: Topic handler 'topics.navigation' subscribed to topic 'cmd_vel': timeout = 0.500000s , priority = 80.
[twist_mux-6] [INFO] [1790356750.008795791] [twist_mux]: Topic handler 'locks.safety_stop' subscribed to topic 'safety_stop': timeout = None , priority = 255.
[robot_state_publisher-2] [INFO] [1790356750.013930126] [robot_state_publisher]: got segment FL_calf
[robot_state_publisher-2] [INFO] [1790356750.015203669] [robot_state_publisher]: got segment FL_calf_rotor
[robot_state_publisher-2] [INFO] [1790356750.016308485] [robot_state_publisher]: got segment FL_foot
[robot_state_publisher-2] [INFO] [1790356750.017209533] [robot_state_publisher]: got segment FL_hip
[robot_state_publisher-2] [INFO] [1790356750.017987675] [robot_state_publisher]: got segment FL_hip_rotor
[robot_state_publisher-2] [INFO] [1790356750.018674909] [robot_state_publisher]: got segment FL_thigh
[robot_state_publisher-2] [INFO] [1790356750.019370430] [robot_state_publisher]: got segment FL_thigh_rotor
[robot_state_publisher-2] [INFO] [1790356750.019997731] [robot_state_publisher]: got segment FR_calf
[robot_state_publisher-2] [INFO] [1790356750.020618087] [robot_state_publisher]: got segment FR_calf_rotor
[robot_state_publisher-2] [INFO] [1790356750.021247756] [robot_state_publisher]: got segment FR_foot
[robot_state_publisher-2] [INFO] [1790356750.021926190] [robot_state_publisher]: got segment FR_hip
[robot_state_publisher-2] [INFO] [1790356750.022551346] [robot_state_publisher]: got segment FR_hip_rotor
[robot_state_publisher-2] [INFO] [1790356750.023232212] [robot_state_publisher]: got segment FR_thigh
[robot_state_publisher-2] [INFO] [1790356750.023907958] [robot_state_publisher]: got segment FR_thigh_rotor
[robot_state_publisher-2] [INFO] [1790356750.024569529] [robot_state_publisher]: got segment RL_calf
[robot_state_publisher-2] [INFO] [1790356750.025220893] [robot_state_publisher]: got segment RL_calf_rotor
[robot_state_publisher-2] [INFO] [1790356750.025881952] [robot_state_publisher]: got segment RL_foot
[robot_state_publisher-2] [INFO] [1790356750.026443431] [robot_state_publisher]: got segment RL_hip
[robot_state_publisher-2] [INFO] [1790356750.027136200] [robot_state_publisher]: got segment RL_hip_rotor
[robot_state_publisher-2] [INFO] [1790356750.027767053] [robot_state_publisher]: got segment RL_thigh
[robot_state_publisher-2] [INFO] [1790356750.028585225] [robot_state_publisher]: got segment RL_thigh_rotor
[robot_state_publisher-2] [INFO] [1790356750.028611591] [robot_state_publisher]: got segment RR_calf
[robot_state_publisher-2] [INFO] [1790356750.028622375] [robot_state_publisher]: got segment RR_calf_rotor
[robot_state_publisher-2] [INFO] [1790356750.028632615] [robot_state_publisher]: got segment RR_foot
[robot_state_publisher-2] [INFO] [1790356750.028640358] [robot_state_publisher]: got segment RR_hip
[robot_state_publisher-2] [INFO] [1790356750.028648454] [robot_state_publisher]: got segment RR_hip_rotor
[robot_state_publisher-2] [INFO] [1790356750.028655941] [robot_state_publisher]: got segment RR_thigh
[robot_state_publisher-2] [INFO] [1790356750.028663205] [robot_state_publisher]: got segment RR_thigh_rotor
[robot_state_publisher-2] [INFO] [1790356750.028670789] [robot_state_publisher]: got segment base
[robot_state_publisher-2] [INFO] [1790356750.028679108] [robot_state_publisher]: got segment front_camera
[robot_state_publisher-2] [INFO] [1790356750.028690500] [robot_state_publisher]: got segment imu_link
[robot_state_publisher-2] [INFO] [1790356750.028702051] [robot_state_publisher]: got segment trunk
[go2-stance-gait-controller-1] [0;93m2026-09-25 19:19:10.685887210 [W:onnxruntime:Default, device_discovery.cc:164 DiscoverDevicesForPlatform] GPU device discovery failed: device_discovery.cc:89 ReadFileContents Failed to open file: "/sys/class/drm/card1/device/vendor"[m
[go2-stance-gait-controller-1] [INFO] [1790356750.777293267] [go2_stance_gait_controller]: Go2 closed-loop stance: 12 effort joints at 250.0 Hz; controller ONNX velocity policy
[mujoco_spawner-3] [INFO] [1790356751.982829718] [mujoco_spawner]: MuJoCo: 18 collision proxy geom(s) moved to group 3 (viewer Rendering tab to show them).
[mujoco_spawner-3] [INFO] [1790356752.032781858] [mujoco_spawner]: MuJoCo URDF import OK (all meshes staged).
[mujoco_spawner-3] [WARN] [1790356752.044871471] [mujoco_spawner]: MuJoCo effort plant: no MJCF beside /home/molar1/bumperbot_ws/install/robot_lab_robots/share/robot_lab_robots/unitree/go2_description/xacro/go2_sim.xacro names every effort joint; keeping the URDF <dynamics> (damping=5.0 is a Gazebo stabiliser the robot does not have).
[mujoco_spawner-3] [INFO] [1790356752.090178088] [mujoco_spawner]: MuJoCo physics timestep: 0.0010 s
[mujoco_spawner-3] [INFO] [1790356752.092348457] [mujoco_spawner]: Robot has no 'oakd_rgb_camera_frame' link; no RGB-D camera is published.
[mujoco_spawner-3] [INFO] [1790356752.093584882] [mujoco_spawner]: Joints: ['FR_hip_joint', 'FR_thigh_joint', 'FR_calf_joint', 'FL_hip_joint', 'FL_thigh_joint', 'FL_calf_joint', 'RR_hip_joint', 'RR_thigh_joint', 'RR_calf_joint', 'RL_hip_joint', 'RL_thigh_joint', 'RL_calf_joint']   lw= rw=
[mujoco_spawner-3] [INFO] [1790356752.096221662] [mujoco_spawner]: MuJoCo effort joint armature: 0.0100 kg m^2
[mujoco_spawner-3] [INFO] [1790356752.098113547] [mujoco_spawner]: Joint effort input: /go2_group_effort_controller/commands (12 joints, URDF limits)
[mujoco_spawner-3] [INFO] [1790356752.099862142] [mujoco_spawner]: Spawn ground clearance: raised root by 0.2050 m
[mujoco_spawner-3] [INFO] [1790356752.100802133] [mujoco_spawner]: MuJoCo model loaded: 14 bodies, 13 joints
[mujoco_spawner-3] [INFO] [1790356752.101510006] [mujoco_spawner]: MuJoCo gui param=False (resolved=False), DISPLAY=:1 -> mode=DIRECT
[mujoco_spawner-3] [INFO] [1790356752.102115003] [mujoco_spawner]: MuJoCo running headless (gui=False, viewer=True).
[mujoco_spawner-3] [INFO] [1790356752.107798178] [mujoco_spawner]: MuJoCo spawner running.
[INFO] [simulator_ready_gate-10]: process has finished cleanly [pid 1616277]
[INFO] [amcl-12]: process started with pid [1616549]
[INFO] [map_server-11]: process started with pid [1616547]
[INFO] [lifecycle_manager-13]: process started with pid [1616551]
[INFO] [ekf_node-14]: process started with pid [1616553]
[INFO] [imu_republisher.py-15]: process started with pid [1616555]
[INFO] [wheel_imu_fusion-16]: process started with pid [1616557]
[amcl-12] [0m[INFO] [1790356752.514433013] [amcl]: 
[amcl-12] 	amcl lifecycle node launched. 
[lifecycle_manager-13] [INFO] [1790356752.517261849] [lifecycle_manager_localization]: Creating
[map_server-11] [INFO] [1790356752.517699174] [map_server]: 
[map_server-11] 	map_server lifecycle node launched. 
[map_server-11] 	Waiting on external lifecycle transitions to activate
[map_server-11] 	See https://design.ros2.org/articles/node_lifecycle.html for more information.
[map_server-11] [INFO] [1790356752.517836032] [map_server]: Creating
[lifecycle_manager-13] [INFO] [1790356752.523761947] [lifecycle_manager_localization]: [34m[1mCreating and initializing lifecycle service clients[0m[0m
[amcl-12] 	Waiting on external lifecycle transitions to activate
[amcl-12] 	See https://design.ros2.org/articles/node_lifecycle.html for more information.[0m
[amcl-12] [0m[INFO] [1790356752.526219247] [amcl]: Creating[0m
[lifecycle_manager-13] [INFO] [1790356752.573798565] [lifecycle_manager_localization]: [34m[1mStarting managed nodes bringup...[0m[0m
[lifecycle_manager-13] [INFO] [1790356752.573898208] [lifecycle_manager_localization]: [34m[1mConfiguring map_server[0m[0m
[map_server-11] [INFO] [1790356752.595761760] [map_server]: Configuring
[map_server-11] [INFO] [1790356752.595903513] [map_io]: Loading yaml file: /home/molar1/bumperbot_ws/install/robot_lab_maps/share/robot_lab_maps/maps/nav_empty/maps/map.yaml
[map_server-11] [INFO] [1790356752.596319783] [map_io]: resolution: 0.05
[map_server-11] [INFO] [1790356752.596337062] [map_io]: origin[0]: -7
[map_server-11] [INFO] [1790356752.596343462] [map_io]: origin[1]: -7
[map_server-11] [INFO] [1790356752.596352358] [map_io]: origin[2]: 0
[map_server-11] [INFO] [1790356752.596357701] [map_io]: free_thresh: 0.196
[map_server-11] [INFO] [1790356752.596362373] [map_io]: occupied_thresh: 0.65
[map_server-11] [INFO] [1790356752.596368293] [map_io]: mode: trinary
[map_server-11] [INFO] [1790356752.596375045] [map_io]: negate: 0
[map_server-11] [INFO] [1790356752.596661688] [map_io]: Loading image_file: /home/molar1/bumperbot_ws/install/robot_lab_maps/share/robot_lab_maps/maps/nav_empty/maps/map.pgm
[map_server-11] [INFO] [1790356752.613222912] [map_io]: Read map /home/molar1/bumperbot_ws/install/robot_lab_maps/share/robot_lab_maps/maps/nav_empty/maps/map.pgm: 280 X 280 map @ 0.05 m/cell
[lifecycle_manager-13] [INFO] [1790356752.625884564] [lifecycle_manager_localization]: [34m[1mConfiguring amcl[0m[0m
[amcl-12] [0m[INFO] [1790356752.626437660] [amcl]: Configuring[0m
[amcl-12] [0m[INFO] [1790356752.626651570] [amcl]: initTransforms[0m
[amcl-12] [0m[INFO] [1790356752.643510285] [amcl]: initPubSub[0m
[amcl-12] [0m[INFO] [1790356752.651509198] [amcl]: Subscribed to map topic.[0m
[lifecycle_manager-13] [INFO] [1790356752.655481567] [lifecycle_manager_localization]: [34m[1mActivating map_server[0m[0m
[map_server-11] [INFO] [1790356752.655785138] [map_server]: Activating
[map_server-11] [INFO] [1790356752.656080101] [map_server]: Creating bond (map_server) to lifecycle manager.
[amcl-12] [0m[INFO] [1790356752.657519558] [amcl]: Received a 280 X 280 map @ 0.050 m/pix[0m
[lifecycle_manager-13] [INFO] [1790356752.760036141] [lifecycle_manager_localization]: Server map_server connected with bond.
[lifecycle_manager-13] [INFO] [1790356752.760119081] [lifecycle_manager_localization]: [34m[1mActivating amcl[0m[0m
[amcl-12] [0m[INFO] [1790356752.760425948] [amcl]: Activating[0m
[amcl-12] [0m[INFO] [1790356752.760540759] [amcl]: initialPoseReceived[0m
[amcl-12] [0m[INFO] [1790356752.760776524] [amcl]: Setting pose (0.536000): -0.500 -0.500 0.000[0m
[amcl-12] [0m[INFO] [1790356752.761349267] [amcl]: Creating bond (amcl) to lifecycle manager.[0m
[lifecycle_manager-13] [INFO] [1790356752.867206536] [lifecycle_manager_localization]: Server amcl connected with bond.
[lifecycle_manager-13] [INFO] [1790356752.867289028] [lifecycle_manager_localization]: [34m[1mManaged nodes are active[0m[0m
[lifecycle_manager-13] [INFO] [1790356752.867311811] [lifecycle_manager_localization]: [34m[1mCreating bond timer...[0m[0m
[amcl-12] [0m[INFO] [1790356752.868380500] [amcl]: createLaserObject[0m
[wheel_imu_fusion-16] [INFO] [1790356753.245843281] [sensor_fusion_wheel_imu_fusion]: wheel_imu_fusion ready
[go2-stance-gait-controller-1] [WARN] [1790356756.277830882] [go2_stance_gait_controller]: Go2 safety warn: tilt 0.35 rad exceeds warn threshold
[go2-stance-gait-controller-1] [WARN] [1790356756.450683277] [go2_stance_gait_controller]: Go2 safety safe_stop: tilt 0.71 rad exceeds fall threshold
[go2-stance-gait-controller-1] Traceback (most recent call last):
[go2-stance-gait-controller-1]   File "/home/molar1/bumperbot_ws/install/robot_lab_adapter/lib/robot_lab_adapter/go2-stance-gait-controller", line 33, in <module>
[go2-stance-gait-controller-1]     sys.exit(load_entry_point('robot_lab_adapter==0.1.0', 'console_scripts', 'go2-stance-gait-controller')())
[go2-stance-gait-controller-1]   File "/home/molar1/bumperbot_ws/install/robot_lab_adapter/lib/python3.10/site-packages/robot_lab_adapter/go2_stance_gait_controller.py", line 286, in main
[go2-stance-gait-controller-1]     rclpy.spin(node)
[go2-stance-gait-controller-1]   File "/opt/ros/humble/local/lib/python3.10/dist-packages/rclpy/__init__.py", line 229, in spin
[go2-stance-gait-controller-1]     executor.spin_once()
[go2-stance-gait-controller-1]   File "/opt/ros/humble/local/lib/python3.10/dist-packages/rclpy/executors.py", line 812, in spin_once
[go2-stance-gait-controller-1]     self._spin_once_impl(timeout_sec)
[go2-stance-gait-controller-1]   File "/opt/ros/humble/local/lib/python3.10/dist-packages/rclpy/executors.py", line 809, in _spin_once_impl
[go2-stance-gait-controller-1]     raise handler.exception()
[go2-stance-gait-controller-1]   File "/opt/ros/humble/local/lib/python3.10/dist-packages/rclpy/task.py", line 309, in _execute_coroutine_step
[go2-stance-gait-controller-1]     result = coro.send(None)
[go2-stance-gait-controller-1]   File "/opt/ros/humble/local/lib/python3.10/dist-packages/rclpy/executors.py", line 488, in handler
[go2-stance-gait-controller-1]     await call_coroutine(entity, arg)
[go2-stance-gait-controller-1]   File "/opt/ros/humble/local/lib/python3.10/dist-packages/rclpy/executors.py", line 396, in _execute_timer
[go2-stance-gait-controller-1]     await await_or_execute(tmr.callback)
[go2-stance-gait-controller-1]   File "/opt/ros/humble/local/lib/python3.10/dist-packages/rclpy/executors.py", line 110, in await_or_execute
[go2-stance-gait-controller-1]     return callback(*args)
[go2-stance-gait-controller-1]   File "/home/molar1/bumperbot_ws/install/robot_lab_adapter/lib/python3.10/site-packages/robot_lab_adapter/go2_stance_gait_controller.py", line 251, in _on_timer
[go2-stance-gait-controller-1]     msg.data = [efforts[name] for name in JOINT_NAMES]
[go2-stance-gait-controller-1]   File "/opt/ros/humble/local/lib/python3.10/dist-packages/std_msgs/msg/_float64_multi_array.py", line 160, in data
[go2-stance-gait-controller-1]     assert \
[go2-stance-gait-controller-1] AssertionError: The 'data' field must be a set or sequence and each value of type 'float' and each double in [-179769313486231570814527423731704356798070567525844996598917476803157260780028538760589558632766878171540458953514382464234321326889464182768467546703537516986049910576551282076245490090389328944075868508455133942304583236903222948165808559332123348274797826204144723168738177180919299881250404026184124858368.000000, 179769313486231570814527423731704356798070567525844996598917476803157260780028538760589558632766878171540458953514382464234321326889464182768467546703537516986049910576551282076245490090389328944075868508455133942304583236903222948165808559332123348274797826204144723168738177180919299881250404026184124858368.000000]
[ERROR] [go2-stance-gait-controller-1]: process has died [pid 1616259, exit code 1, cmd '/home/molar1/bumperbot_ws/install/robot_lab_adapter/lib/robot_lab_adapter/go2-stance-gait-controller --ros-args --params-file /workspace/molar/.tmp/launch_params__2589z0e'].
[ekf_node-14] [INFO] [1790356773.127156202] [rclcpp]: signal_handler(SIGINT/SIGTERM)
[robot_state_publisher-2] [INFO] [1790356773.127207368] [rclcpp]: signal_handler(SIGINT/SIGTERM)
[amcl-12] [0m[INFO] [1790356773.127219847] [rclcpp]: signal_handler(SIGINT/SIGTERM)[0m
[amcl-12] [0m[INFO] [1790356773.127400096] [amcl]: Running Nav2 LifecycleNode rcl preshutdown (amcl)[0m
[amcl-12] [0m[INFO] [1790356773.127555161] [amcl]: Deactivating[0m
[amcl-12] [0m[INFO] [1790356773.127617078] [amcl]: Destroying bond (amcl) to lifecycle manager.[0m
[twist_relay-9] [INFO] [1790356773.127200328] [rclcpp]: signal_handler(SIGINT/SIGTERM)
[map_server-11] [INFO] [1790356773.127240038] [rclcpp]: signal_handler(SIGINT/SIGTERM)
[map_server-11] [INFO] [1790356773.127420287] [map_server]: Running Nav2 LifecycleNode rcl preshutdown (map_server)
[map_server-11] [INFO] [1790356773.127555513] [map_server]: Deactivating
[map_server-11] [INFO] [1790356773.127591959] [map_server]: Destroying bond (map_server) to lifecycle manager.
[twist_mux-6] [INFO] [1790356773.127235943] [rclcpp]: signal_handler(SIGINT/SIGTERM)
[lifecycle_manager-13] [INFO] [1790356773.127267941] [rclcpp]: signal_handler(SIGINT/SIGTERM)
[lifecycle_manager-13] [INFO] [1790356773.127396768] [lifecycle_manager_localization]: Running Nav2 LifecycleManager rcl preshutdown (lifecycle_manager_localization)
[lifecycle_manager-13] [INFO] [1790356773.127502875] [lifecycle_manager_localization]: [34m[1mTerminating bond timer...[0m[0m
[twist_marker-7] [INFO] [1790356773.127784239] [rclcpp]: signal_handler(SIGINT/SIGTERM)
[joy_node-5] [INFO] [1790356773.127790319] [rclcpp]: signal_handler(SIGINT/SIGTERM)
[map_server-11] [INFO] [1790356773.138154606] [map_server]: Cleaning up
[map_server-11] [INFO] [1790356773.138300904] [map_server]: Destroying bond (map_server) to lifecycle manager.
[amcl-12] [0m[INFO] [1790356773.141875213] [amcl]: Cleaning up[0m
[amcl-12] [0m[INFO] [1790356773.167185062] [amcl]: Destroying bond (amcl) to lifecycle manager.[0m
[joy_teleop-4] Traceback (most recent call last):
[joy_teleop-4]   File "/opt/ros/humble/lib/joy_teleop/joy_teleop", line 33, in <module>
[joy_teleop-4]     sys.exit(load_entry_point('joy-teleop==1.6.0', 'console_scripts', 'joy_teleop')())
[joy_teleop-4]   File "/opt/ros/humble/lib/python3.10/site-packages/joy_teleop/joy_teleop.py", line 435, in main
[joy_teleop-4]     rclpy.spin(node)
[joy_teleop-4]   File "/opt/ros/humble/local/lib/python3.10/dist-packages/rclpy/__init__.py", line 229, in spin
[joy_teleop-4]     executor.spin_once()
[joy_teleop-4]   File "/opt/ros/humble/local/lib/python3.10/dist-packages/rclpy/executors.py", line 812, in spin_once
[joy_teleop-4]     self._spin_once_impl(timeout_sec)
[joy_teleop-4]   File "/opt/ros/humble/local/lib/python3.10/dist-packages/rclpy/executors.py", line 801, in _spin_once_impl
[joy_teleop-4]     handler, entity, node = self.wait_for_ready_callbacks(timeout_sec=timeout_sec)
[joy_teleop-4]   File "/opt/ros/humble/local/lib/python3.10/dist-packages/rclpy/executors.py", line 784, in wait_for_ready_callbacks
[joy_teleop-4]     return next(self._cb_iter)
[joy_teleop-4]   File "/opt/ros/humble/local/lib/python3.10/dist-packages/rclpy/executors.py", line 685, in _wait_for_ready_callbacks
[joy_teleop-4]     raise ExternalShutdownException()
[joy_teleop-4] rclpy.executors.ExternalShutdownException
[map_server-11] [INFO] [1790356773.258719566] [map_server]: Destroying
[amcl-12] [0m[INFO] [1790356773.264282493] [amcl]: Destroying[0m
[lifecycle_manager-13] [INFO] [1790356773.265784732] [lifecycle_manager_localization]: Destroying lifecycle_manager_localization
[INFO] [twist_mux-6]: process has finished cleanly [pid 1616269]
[INFO] [ekf_node-14]: process has finished cleanly [pid 1616553]
[INFO] [joy_node-5]: process has finished cleanly [pid 1616267]
[INFO] [robot_state_publisher-2]: process has finished cleanly [pid 1616261]
[INFO] [twist_relay-9]: process has finished cleanly [pid 1616275]
[INFO] [twist_marker-7]: process has finished cleanly [pid 1616271]
[imu_republisher.py-15] Traceback (most recent call last):
[imu_republisher.py-15]   File "/home/molar1/bumperbot_ws/install/robot_lab_localization/lib/robot_lab_localization/imu_republisher.py", line 54, in <module>
[imu_republisher.py-15]     main()
[imu_republisher.py-15]   File "/home/molar1/bumperbot_ws/install/robot_lab_localization/lib/robot_lab_localization/imu_republisher.py", line 45, in main
[imu_republisher.py-15]     rclpy.spin(node)
[imu_republisher.py-15]   File "/opt/ros/humble/local/lib/python3.10/dist-packages/rclpy/__init__.py", line 229, in spin
[imu_republisher.py-15]     executor.spin_once()
[imu_republisher.py-15]   File "/opt/ros/humble/local/lib/python3.10/dist-packages/rclpy/executors.py", line 812, in spin_once
[imu_republisher.py-15]     self._spin_once_impl(timeout_sec)
[imu_republisher.py-15]   File "/opt/ros/humble/local/lib/python3.10/dist-packages/rclpy/executors.py", line 801, in _spin_once_impl
[imu_republisher.py-15]     handler, entity, node = self.wait_for_ready_callbacks(timeout_sec=timeout_sec)
[imu_republisher.py-15]   File "/opt/ros/humble/local/lib/python3.10/dist-packages/rclpy/executors.py", line 784, in wait_for_ready_callbacks
[imu_republisher.py-15]     return next(self._cb_iter)
[imu_republisher.py-15]   File "/opt/ros/humble/local/lib/python3.10/dist-packages/rclpy/executors.py", line 685, in _wait_for_ready_callbacks
[imu_republisher.py-15]     raise ExternalShutdownException()
[imu_republisher.py-15] rclpy.executors.ExternalShutdownException
[INFO] [lifecycle_manager-13]: process has finished cleanly [pid 1616551]
[INFO] [map_server-11]: process has finished cleanly [pid 1616547]
[INFO] [wheel_imu_fusion-16]: process has finished cleanly [pid 1616557]
[INFO] [amcl-12]: process has finished cleanly [pid 1616549]
[INFO] [joystick_relay.py-8]: process has finished cleanly [pid 1616273]
[INFO] [mujoco_spawner-3]: process has finished cleanly [pid 1616263]
[ERROR] [imu_republisher.py-15]: process has died [pid 1616555, exit code 1, cmd '/home/molar1/bumperbot_ws/install/robot_lab_localization/lib/robot_lab_localization/imu_republisher.py --ros-args --params-file /workspace/molar/.tmp/launch_params_ld51ne8a'].
[ERROR] [joy_teleop-4]: process has died [pid 1616265, exit code 1, cmd '/opt/ros/humble/lib/joy_teleop/joy_teleop --ros-args --params-file /home/molar1/bumperbot_ws/install/robot_lab_controller/share/robot_lab_controller/config/joy_teleop.yaml --params-file /workspace/molar/.tmp/launch_params_d6o04bcp'].
