[INFO] [launch]: All log files can be found below /home/molar1/.ros/log/2026-10-01-12-43-25-467142-molar1-451556
[INFO] [launch]: Default logging verbosity is set to INFO
[robot_lab] algorithm localization=amcl -> global_localization stack
[robot_lab] algorithm state_estimation=ekf_localization_node -> local_localization stack
[robot_lab] algorithm sensor_fusion=wheel_imu_fusion -> node robot_lab_algorithms/wheel_imu_fusion
[INFO] [go2-stance-gait-controller-1]: process started with pid [451604]
[INFO] [robot_state_publisher-2]: process started with pid [451606]
[INFO] [mujoco_spawner-3]: process started with pid [451608]
[INFO] [joy_teleop-4]: process started with pid [451610]
[INFO] [joy_node-5]: process started with pid [451612]
[INFO] [twist_mux-6]: process started with pid [451614]
[INFO] [twist_marker-7]: process started with pid [451616]
[INFO] [joystick_relay.py-8]: process started with pid [451618]
[INFO] [twist_relay-9]: process started with pid [451620]
[INFO] [simulator_ready_gate-10]: process started with pid [451622]
[twist_mux-6] [INFO] [1790851406.424288353] [twist_mux]: Topic handler 'topics.joystick' subscribed to topic 'joy_vel': timeout = 0.500000s , priority = 99.
[twist_mux-6] [INFO] [1790851406.425325772] [twist_mux]: Topic handler 'topics.keyboard' subscribed to topic 'key_vel': timeout = 0.500000s , priority = 90.
[twist_mux-6] [INFO] [1790851406.425576455] [twist_mux]: Topic handler 'topics.navigation' subscribed to topic 'cmd_vel': timeout = 0.500000s , priority = 80.
[twist_mux-6] [INFO] [1790851406.425746435] [twist_mux]: Topic handler 'locks.safety_stop' subscribed to topic 'safety_stop': timeout = None , priority = 255.
[robot_state_publisher-2] [INFO] [1790851406.432965677] [robot_state_publisher]: got segment FL_calf
[robot_state_publisher-2] [INFO] [1790851406.434128853] [robot_state_publisher]: got segment FL_calf_rotor
[robot_state_publisher-2] [INFO] [1790851406.434162164] [robot_state_publisher]: got segment FL_foot
[robot_state_publisher-2] [INFO] [1790851406.434172724] [robot_state_publisher]: got segment FL_hip
[robot_state_publisher-2] [INFO] [1790851406.434180819] [robot_state_publisher]: got segment FL_hip_rotor
[robot_state_publisher-2] [INFO] [1790851406.434188947] [robot_state_publisher]: got segment FL_thigh
[robot_state_publisher-2] [INFO] [1790851406.434197427] [robot_state_publisher]: got segment FL_thigh_rotor
[robot_state_publisher-2] [INFO] [1790851406.434205235] [robot_state_publisher]: got segment FR_calf
[robot_state_publisher-2] [INFO] [1790851406.434213171] [robot_state_publisher]: got segment FR_calf_rotor
[robot_state_publisher-2] [INFO] [1790851406.434220787] [robot_state_publisher]: got segment FR_foot
[robot_state_publisher-2] [INFO] [1790851406.434228338] [robot_state_publisher]: got segment FR_hip
[robot_state_publisher-2] [INFO] [1790851406.434236146] [robot_state_publisher]: got segment FR_hip_rotor
[robot_state_publisher-2] [INFO] [1790851406.434243442] [robot_state_publisher]: got segment FR_thigh
[robot_state_publisher-2] [INFO] [1790851406.434250546] [robot_state_publisher]: got segment FR_thigh_rotor
[robot_state_publisher-2] [INFO] [1790851406.434257522] [robot_state_publisher]: got segment RL_calf
[robot_state_publisher-2] [INFO] [1790851406.434264722] [robot_state_publisher]: got segment RL_calf_rotor
[robot_state_publisher-2] [INFO] [1790851406.434271762] [robot_state_publisher]: got segment RL_foot
[robot_state_publisher-2] [INFO] [1790851406.434278897] [robot_state_publisher]: got segment RL_hip
[robot_state_publisher-2] [INFO] [1790851406.434286417] [robot_state_publisher]: got segment RL_hip_rotor
[robot_state_publisher-2] [INFO] [1790851406.434293457] [robot_state_publisher]: got segment RL_thigh
[robot_state_publisher-2] [INFO] [1790851406.434300369] [robot_state_publisher]: got segment RL_thigh_rotor
[robot_state_publisher-2] [INFO] [1790851406.434307441] [robot_state_publisher]: got segment RR_calf
[robot_state_publisher-2] [INFO] [1790851406.435802066] [robot_state_publisher]: got segment RR_calf_rotor
[robot_state_publisher-2] [INFO] [1790851406.435849073] [robot_state_publisher]: got segment RR_foot
[robot_state_publisher-2] [INFO] [1790851406.435864624] [robot_state_publisher]: got segment RR_hip
[robot_state_publisher-2] [INFO] [1790851406.435874000] [robot_state_publisher]: got segment RR_hip_rotor
[robot_state_publisher-2] [INFO] [1790851406.435881680] [robot_state_publisher]: got segment RR_thigh
[robot_state_publisher-2] [INFO] [1790851406.435889424] [robot_state_publisher]: got segment RR_thigh_rotor
[robot_state_publisher-2] [INFO] [1790851406.435896656] [robot_state_publisher]: got segment base
[robot_state_publisher-2] [INFO] [1790851406.435904304] [robot_state_publisher]: got segment front_camera
[robot_state_publisher-2] [INFO] [1790851406.435911343] [robot_state_publisher]: got segment imu_link
[robot_state_publisher-2] [INFO] [1790851406.435960046] [robot_state_publisher]: got segment trunk
[go2-stance-gait-controller-1] [0;93m2026-10-01 12:43:27.118937790 [W:onnxruntime:Default, device_discovery.cc:164 DiscoverDevicesForPlatform] GPU device discovery failed: device_discovery.cc:89 ReadFileContents Failed to open file: "/sys/class/drm/card1/device/vendor"[m
[go2-stance-gait-controller-1] [INFO] [1790851407.178634594] [go2_stance_gait_controller]: Go2 closed-loop stance: 12 effort joints at 250.0 Hz; controller ONNX velocity policy
[mujoco_spawner-3] [INFO] [1790851408.435504959] [mujoco_spawner]: MuJoCo: 18 collision proxy geom(s) moved to group 3 (viewer Rendering tab to show them).
[mujoco_spawner-3] [INFO] [1790851408.491123001] [mujoco_spawner]: MuJoCo URDF import OK (all meshes staged).
[mujoco_spawner-3] [WARN] [1790851408.505013784] [mujoco_spawner]: MuJoCo effort plant: no MJCF beside /home/molar1/bumperbot_ws/install/robot_lab_robots/share/robot_lab_robots/unitree/go2_description/xacro/go2_sim.xacro names every effort joint; keeping the URDF <dynamics> (damping=5.0 is a Gazebo stabiliser the robot does not have).
[mujoco_spawner-3] [INFO] [1790851408.556201037] [mujoco_spawner]: MuJoCo physics timestep: 0.0010 s
[mujoco_spawner-3] [INFO] [1790851408.558488542] [mujoco_spawner]: Robot has no 'oakd_rgb_camera_frame' link; no RGB-D camera is published.
[mujoco_spawner-3] [INFO] [1790851408.559825410] [mujoco_spawner]: Joints: ['FR_hip_joint', 'FR_thigh_joint', 'FR_calf_joint', 'FL_hip_joint', 'FL_thigh_joint', 'FL_calf_joint', 'RR_hip_joint', 'RR_thigh_joint', 'RR_calf_joint', 'RL_hip_joint', 'RL_thigh_joint', 'RL_calf_joint']   lw= rw=
[mujoco_spawner-3] [INFO] [1790851408.564718364] [mujoco_spawner]: MuJoCo effort joint armature: 0.0100 kg m^2
[mujoco_spawner-3] [INFO] [1790851408.566486743] [mujoco_spawner]: Joint effort input: /go2_group_effort_controller/commands (12 joints, URDF limits)
[mujoco_spawner-3] [INFO] [1790851408.568925764] [mujoco_spawner]: Spawn ground clearance: raised root by 0.1939 m
[mujoco_spawner-3] [INFO] [1790851408.570103788] [mujoco_spawner]: MuJoCo model loaded: 14 bodies, 13 joints
[mujoco_spawner-3] [INFO] [1790851408.570978490] [mujoco_spawner]: MuJoCo gui param=False (resolved=False), DISPLAY=:1 -> mode=DIRECT
[mujoco_spawner-3] [INFO] [1790851408.571813448] [mujoco_spawner]: MuJoCo running headless (gui=False, viewer=True).
[go2-stance-gait-controller-1] [WARN] [1790851408.579532775] [go2_stance_gait_controller]: Go2 safety safe_stop: tilt 0.90 rad exceeds fall threshold
[mujoco_spawner-3] [INFO] [1790851408.580381718] [mujoco_spawner]: MuJoCo spawner running.
[go2-stance-gait-controller-1] [INFO] [1790851408.580592561] [go2_stance_gait_controller]: Go2 recovery idle
[go2-stance-gait-controller-1] [INFO] [1790851408.741193632] [go2_stance_gait_controller]: Go2 recovery waiting
[INFO] [simulator_ready_gate-10]: process has finished cleanly [pid 451622]
[INFO] [amcl-12]: process started with pid [451844]
[INFO] [map_server-11]: process started with pid [451842]
[INFO] [lifecycle_manager-13]: process started with pid [451846]
[INFO] [ekf_node-14]: process started with pid [451848]
[INFO] [imu_republisher.py-15]: process started with pid [451850]
[INFO] [wheel_imu_fusion-16]: process started with pid [451852]
[amcl-12] [0m[INFO] [1790851408.997039887] [amcl]: 
[amcl-12] 	amcl lifecycle node launched. 
[amcl-12] 	Waiting on external lifecycle transitions to activate
[amcl-12] 	See https://design.ros2.org/articles/node_lifecycle.html for more information.[0m
[amcl-12] [0m[INFO] [1790851408.998706732] [amcl]: Creating[0m
[lifecycle_manager-13] [INFO] [1790851409.002854454] [lifecycle_manager_localization]: Creating
[lifecycle_manager-13] [INFO] [1790851409.019624888] [lifecycle_manager_localization]: [34m[1mCreating and initializing lifecycle service clients[0m[0m
[map_server-11] [INFO] [1790851409.037768863] [map_server]: 
[map_server-11] 	map_server lifecycle node launched. 
[map_server-11] 	Waiting on external lifecycle transitions to activate
[map_server-11] 	See https://design.ros2.org/articles/node_lifecycle.html for more information.
[map_server-11] [INFO] [1790851409.038006906] [map_server]: Creating
[lifecycle_manager-13] [INFO] [1790851409.146861246] [lifecycle_manager_localization]: [34m[1mStarting managed nodes bringup...[0m[0m
[lifecycle_manager-13] [INFO] [1790851409.146966556] [lifecycle_manager_localization]: [34m[1mConfiguring map_server[0m[0m
[map_server-11] [INFO] [1790851409.147290133] [map_server]: Configuring
[map_server-11] [INFO] [1790851409.147407859] [map_io]: Loading yaml file: /home/molar1/bumperbot_ws/install/robot_lab_maps/share/robot_lab_maps/maps/nav_empty/maps/map.yaml
[map_server-11] [INFO] [1790851409.147864969] [map_io]: resolution: 0.05
[map_server-11] [INFO] [1790851409.147891337] [map_io]: origin[0]: -7
[map_server-11] [INFO] [1790851409.147897512] [map_io]: origin[1]: -7
[map_server-11] [INFO] [1790851409.147901832] [map_io]: origin[2]: 0
[map_server-11] [INFO] [1790851409.147906472] [map_io]: free_thresh: 0.196
[map_server-11] [INFO] [1790851409.147910984] [map_io]: occupied_thresh: 0.65
[map_server-11] [INFO] [1790851409.147930312] [map_io]: mode: trinary
[map_server-11] [INFO] [1790851409.147938952] [map_io]: negate: 0
[map_server-11] [INFO] [1790851409.148224226] [map_io]: Loading image_file: /home/molar1/bumperbot_ws/install/robot_lab_maps/share/robot_lab_maps/maps/nav_empty/maps/map.pgm
[map_server-11] [INFO] [1790851409.159185853] [map_io]: Read map /home/molar1/bumperbot_ws/install/robot_lab_maps/share/robot_lab_maps/maps/nav_empty/maps/map.pgm: 280 X 280 map @ 0.05 m/cell
[lifecycle_manager-13] [INFO] [1790851409.169196397] [lifecycle_manager_localization]: [34m[1mConfiguring amcl[0m[0m
[amcl-12] [0m[INFO] [1790851409.169526150] [amcl]: Configuring[0m
[amcl-12] [0m[INFO] [1790851409.169707714] [amcl]: initTransforms[0m
[amcl-12] [0m[INFO] [1790851409.178657352] [amcl]: initPubSub[0m
[amcl-12] [0m[INFO] [1790851409.188368221] [amcl]: Subscribed to map topic.[0m
[lifecycle_manager-13] [INFO] [1790851409.197470016] [lifecycle_manager_localization]: [34m[1mActivating map_server[0m[0m
[map_server-11] [INFO] [1790851409.197829176] [map_server]: Activating
[map_server-11] [INFO] [1790851409.198163505] [map_server]: Creating bond (map_server) to lifecycle manager.
[amcl-12] [0m[INFO] [1790851409.200770363] [amcl]: Received a 280 X 280 map @ 0.050 m/pix[0m
[amcl-12] [0m[INFO] [1790851409.302646353] [amcl]: Activating[0m
[amcl-12] [0m[INFO] [1790851409.302773198] [amcl]: initialPoseReceived[0m
[amcl-12] [0m[INFO] [1790851409.303011753] [amcl]: Setting pose (0.524000): -0.500 -0.500 0.000[0m
[amcl-12] [0m[INFO] [1790851409.303584061] [amcl]: Creating bond (amcl) to lifecycle manager.[0m
[lifecycle_manager-13] [INFO] [1790851409.302243865] [lifecycle_manager_localization]: Server map_server connected with bond.
[lifecycle_manager-13] [INFO] [1790851409.302322456] [lifecycle_manager_localization]: [34m[1mActivating amcl[0m[0m
[lifecycle_manager-13] [INFO] [1790851409.407747172] [lifecycle_manager_localization]: Server amcl connected with bond.
[lifecycle_manager-13] [INFO] [1790851409.407842690] [lifecycle_manager_localization]: [34m[1mManaged nodes are active[0m[0m
[lifecycle_manager-13] [INFO] [1790851409.407865057] [lifecycle_manager_localization]: [34m[1mCreating bond timer...[0m[0m
[amcl-12] [0m[INFO] [1790851409.475169639] [amcl]: createLaserObject[0m
[wheel_imu_fusion-16] [INFO] [1790851409.710874873] [sensor_fusion_wheel_imu_fusion]: wheel_imu_fusion ready
[go2-stance-gait-controller-1] [INFO] [1790851409.745369131] [go2_stance_gait_controller]: Go2 recovery attempting:tuck
[go2-stance-gait-controller-1] [INFO] [1790851410.148759191] [go2_stance_gait_controller]: Go2 recovery attempting:roll
[go2-stance-gait-controller-1] [INFO] [1790851410.853400128] [go2_stance_gait_controller]: Go2 recovery failed:roll
[lifecycle_manager-13] [INFO] [1790851415.107212426] [rclcpp]: signal_handler(SIGINT/SIGTERM)
[amcl-12] [0m[INFO] [1790851415.107241130] [rclcpp]: signal_handler(SIGINT/SIGTERM)[0m
[lifecycle_manager-13] [INFO] [1790851415.107363207] [lifecycle_manager_localization]: Running Nav2 LifecycleManager rcl preshutdown (lifecycle_manager_localization)
[lifecycle_manager-13] [INFO] [1790851415.107426406] [lifecycle_manager_localization]: [34m[1mTerminating bond timer...[0m[0m
[twist_marker-7] [INFO] [1790851415.107213226] [rclcpp]: signal_handler(SIGINT/SIGTERM)
[twist_mux-6] [INFO] [1790851415.107251050] [rclcpp]: signal_handler(SIGINT/SIGTERM)
[joy_node-5] [INFO] [1790851415.107315112] [rclcpp]: signal_handler(SIGINT/SIGTERM)
[twist_relay-9] [INFO] [1790851415.107212074] [rclcpp]: signal_handler(SIGINT/SIGTERM)
[robot_state_publisher-2] [INFO] [1790851415.107595106] [rclcpp]: signal_handler(SIGINT/SIGTERM)
[ekf_node-14] [INFO] [1790851415.107957307] [rclcpp]: signal_handler(SIGINT/SIGTERM)
[amcl-12] [0m[INFO] [1790851415.110301194] [amcl]: Running Nav2 LifecycleNode rcl preshutdown (amcl)[0m
[amcl-12] [0m[INFO] [1790851415.110419496] [amcl]: Deactivating[0m
[amcl-12] [0m[INFO] [1790851415.110459815] [amcl]: Destroying bond (amcl) to lifecycle manager.[0m
[amcl-12] [0m[INFO] [1790851415.120885550] [amcl]: Cleaning up[0m
[map_server-11] [INFO] [1790851415.118622685] [rclcpp]: signal_handler(SIGINT/SIGTERM)
[map_server-11] [INFO] [1790851415.118825656] [map_server]: Running Nav2 LifecycleNode rcl preshutdown (map_server)
[map_server-11] [INFO] [1790851415.118930102] [map_server]: Deactivating
[map_server-11] [INFO] [1790851415.118955062] [map_server]: Destroying bond (map_server) to lifecycle manager.
[map_server-11] [INFO] [1790851415.129207232] [map_server]: Cleaning up
[map_server-11] [INFO] [1790851415.129317790] [map_server]: Destroying bond (map_server) to lifecycle manager.
[amcl-12] [0m[INFO] [1790851415.156380586] [amcl]: Destroying bond (amcl) to lifecycle manager.[0m
[joy_teleop-4] Traceback (most recent call last):
[joy_teleop-4]   File "/opt/ros/humble/lib/joy_teleop/joy_teleop", line 33, in <module>
[joy_teleop-4]     sys.exit(load_entry_point('joy-teleop==1.6.0', 'console_scripts', 'joy_teleop')())
[joy_teleop-4]   File "/opt/ros/humble/lib/python3.10/site-packages/joy_teleop/joy_teleop.py", line 435, in main
[joy_teleop-4]     rclpy.spin(node)
[joy_teleop-4]   File "/opt/ros/humble/local/lib/python3.10/dist-packages/rclpy/__init__.py", line 229, in spin
[joy_teleop-4]     executor.spin_once()
[joy_teleop-4]   File "/opt/ros/humble/local/lib/python3.10/dist-packages/rclpy/executors.py", line 812, in spin_once
[joy_teleop-4]     self._spin_once_impl(timeout_sec)
[joy_teleop-4]   File "/opt/ros/humble/local/lib/python3.10/dist-packages/rclpy/executors.py", line 801, in _spin_once_impl
[joy_teleop-4]     handler, entity, node = self.wait_for_ready_callbacks(timeout_sec=timeout_sec)
[joy_teleop-4]   File "/opt/ros/humble/local/lib/python3.10/dist-packages/rclpy/executors.py", line 784, in wait_for_ready_callbacks
[joy_teleop-4]     return next(self._cb_iter)
[joy_teleop-4]   File "/opt/ros/humble/local/lib/python3.10/dist-packages/rclpy/executors.py", line 685, in _wait_for_ready_callbacks
[joy_teleop-4]     raise ExternalShutdownException()
[joy_teleop-4] rclpy.executors.ExternalShutdownException
[map_server-11] [INFO] [1790851415.301545593] [map_server]: Destroying
[lifecycle_manager-13] [INFO] [1790851415.308485768] [lifecycle_manager_localization]: Destroying lifecycle_manager_localization
[amcl-12] [0m[INFO] [1790851415.308604070] [amcl]: Destroying[0m
[INFO] [robot_state_publisher-2]: process has finished cleanly [pid 451606]
[INFO] [joy_node-5]: process has finished cleanly [pid 451612]
[INFO] [twist_relay-9]: process has finished cleanly [pid 451620]
[INFO] [twist_marker-7]: process has finished cleanly [pid 451616]
[INFO] [ekf_node-14]: process has finished cleanly [pid 451848]
[INFO] [twist_mux-6]: process has finished cleanly [pid 451614]
[imu_republisher.py-15] Traceback (most recent call last):
[imu_republisher.py-15]   File "/home/molar1/bumperbot_ws/install/robot_lab_localization/lib/robot_lab_localization/imu_republisher.py", line 54, in <module>
[imu_republisher.py-15]     main()
[imu_republisher.py-15]   File "/home/molar1/bumperbot_ws/install/robot_lab_localization/lib/robot_lab_localization/imu_republisher.py", line 45, in main
[imu_republisher.py-15]     rclpy.spin(node)
[imu_republisher.py-15]   File "/opt/ros/humble/local/lib/python3.10/dist-packages/rclpy/__init__.py", line 229, in spin
[imu_republisher.py-15]     executor.spin_once()
[imu_republisher.py-15]   File "/opt/ros/humble/local/lib/python3.10/dist-packages/rclpy/executors.py", line 812, in spin_once
[imu_republisher.py-15]     self._spin_once_impl(timeout_sec)
[imu_republisher.py-15]   File "/opt/ros/humble/local/lib/python3.10/dist-packages/rclpy/executors.py", line 809, in _spin_once_impl
[imu_republisher.py-15]     raise handler.exception()
[imu_republisher.py-15]   File "/opt/ros/humble/local/lib/python3.10/dist-packages/rclpy/task.py", line 309, in _execute_coroutine_step
[imu_republisher.py-15]     result = coro.send(None)
[imu_republisher.py-15]   File "/opt/ros/humble/local/lib/python3.10/dist-packages/rclpy/executors.py", line 488, in handler
[imu_republisher.py-15]     await call_coroutine(entity, arg)
[imu_republisher.py-15]   File "/opt/ros/humble/local/lib/python3.10/dist-packages/rclpy/executors.py", line 407, in _execute_subscription
[imu_republisher.py-15]     await await_or_execute(sub.callback, msg)
[imu_republisher.py-15]   File "/opt/ros/humble/local/lib/python3.10/dist-packages/rclpy/executors.py", line 110, in await_or_execute
[imu_republisher.py-15]     return callback(*args)
[imu_republisher.py-15]   File "/home/molar1/bumperbot_ws/install/robot_lab_localization/lib/robot_lab_localization/imu_republisher.py", line 34, in imuCallback
[imu_republisher.py-15]     imu_pub.publish(imu)
[imu_republisher.py-15]   File "/opt/ros/humble/local/lib/python3.10/dist-packages/rclpy/publisher.py", line 70, in publish
[imu_republisher.py-15]     self.__publisher.publish(msg)
[imu_republisher.py-15] rclpy._rclpy_pybind11.RCLError: Failed to publish: publisher's context is invalid, at ./src/rcl/publisher.c:389
[INFO] [wheel_imu_fusion-16]: process has finished cleanly [pid 451852]
[INFO] [joystick_relay.py-8]: process has finished cleanly [pid 451618]
[INFO] [go2-stance-gait-controller-1]: process has finished cleanly [pid 451604]
[ERROR] [joy_teleop-4]: process has died [pid 451610, exit code 1, cmd '/opt/ros/humble/lib/joy_teleop/joy_teleop --ros-args --params-file /home/molar1/bumperbot_ws/install/robot_lab_controller/share/robot_lab_controller/config/joy_teleop.yaml --params-file /workspace/molar/.tmp/launch_params_k_g2rbly'].
[INFO] [lifecycle_manager-13]: process has finished cleanly [pid 451846]
[INFO] [mujoco_spawner-3]: process has finished cleanly [pid 451608]
[ERROR] [imu_republisher.py-15]: process has died [pid 451850, exit code 1, cmd '/home/molar1/bumperbot_ws/install/robot_lab_localization/lib/robot_lab_localization/imu_republisher.py --ros-args --params-file /workspace/molar/.tmp/launch_params_maq6aefg'].
[INFO] [amcl-12]: process has finished cleanly [pid 451844]
[INFO] [map_server-11]: process has finished cleanly [pid 451842]
