[INFO] [launch]: All log files can be found below /home/molar1/.ros/log/2026-09-22-15-45-29-581749-molar1-192421
[INFO] [launch]: Default logging verbosity is set to INFO
[robot_lab] algorithm localization=amcl -> global_localization stack
[robot_lab] algorithm state_estimation=ekf_localization_node -> local_localization stack
[robot_lab] algorithm sensor_fusion=wheel_imu_fusion -> node robot_lab_algorithms/wheel_imu_fusion
[robot_lab] algorithm global_planning=a_star_planner -> plugin nav2_smac_planner/SmacPlanner2D
[robot_lab] algorithm local_planning=dwb_local_planner -> plugin dwb_core::DWBLocalPlanner
[robot_lab] algorithm control=simple_controller -> controller stack
[INFO] [amcl-12]: process started with pid [192741]
[INFO] [robot_state_publisher-1]: process started with pid [192701]
[INFO] [ign gazebo-2]: process started with pid [192703]
[INFO] [parameter_bridge-3]: process started with pid [192705]
[INFO] [gz_pointcloud_to_optical.py-4]: process started with pid [192707]
[INFO] [joy_teleop-5]: process started with pid [192710]
[INFO] [joy_node-6]: process started with pid [192712]
[INFO] [twist_mux-7]: process started with pid [192714]
[INFO] [twist_marker-8]: process started with pid [192716]
[INFO] [joystick_relay.py-9]: process started with pid [192724]
[INFO] [twist_relay-10]: process started with pid [192727]
[INFO] [map_server-11]: process started with pid [192738]
[INFO] [lifecycle_manager-13]: process started with pid [192759]
[INFO] [ekf_node-14]: process started with pid [192780]
[INFO] [imu_republisher.py-15]: process started with pid [192794]
[INFO] [controller_server-16]: process started with pid [192796]
[INFO] [planner_server-17]: process started with pid [192849]
[INFO] [smoother_server-18]: process started with pid [192851]
[INFO] [bt_navigator-19]: process started with pid [192878]
[INFO] [behavior_server-20]: process started with pid [192894]
[INFO] [lifecycle_manager-21]: process started with pid [192897]
[INFO] [wheel_imu_fusion-22]: process started with pid [192899]
[robot_state_publisher-1] 1790084731.360905 [75] robot_stat: selected interface "lo" is not multicast-capable: disabling multicast
[robot_state_publisher-1] Warning: link 'oakd_link' material 'dark_grey' undefined.
[robot_state_publisher-1]          at line 84 in ./urdf_parser/src/model.cpp
[robot_state_publisher-1] Warning: link 'oakd_link' material 'dark_grey' undefined.
[robot_state_publisher-1]          at line 84 in ./urdf_parser/src/model.cpp
[robot_state_publisher-1] [INFO] [1790084731.372939244] [robot_state_publisher]: got segment base_footprint
[robot_state_publisher-1] [INFO] [1790084731.373095305] [robot_state_publisher]: got segment base_link
[robot_state_publisher-1] [INFO] [1790084731.373115784] [robot_state_publisher]: got segment caster_rear_link
[robot_state_publisher-1] [INFO] [1790084731.373125640] [robot_state_publisher]: got segment imu_link
[robot_state_publisher-1] [INFO] [1790084731.373133640] [robot_state_publisher]: got segment laser_link
[robot_state_publisher-1] [INFO] [1790084731.373141064] [robot_state_publisher]: got segment oakd_imu_frame
[robot_state_publisher-1] [INFO] [1790084731.373148455] [robot_state_publisher]: got segment oakd_left_camera_frame
[robot_state_publisher-1] [INFO] [1790084731.373156167] [robot_state_publisher]: got segment oakd_left_camera_optical_frame
[robot_state_publisher-1] [INFO] [1790084731.373163879] [robot_state_publisher]: got segment oakd_link
[robot_state_publisher-1] [INFO] [1790084731.373171527] [robot_state_publisher]: got segment oakd_rgb_camera_frame
[robot_state_publisher-1] [INFO] [1790084731.373179079] [robot_state_publisher]: got segment oakd_rgb_camera_optical_frame
[robot_state_publisher-1] [INFO] [1790084731.373186502] [robot_state_publisher]: got segment oakd_right_camera_frame
[robot_state_publisher-1] [INFO] [1790084731.373193510] [robot_state_publisher]: got segment oakd_right_camera_optical_frame
[robot_state_publisher-1] [INFO] [1790084731.373200710] [robot_state_publisher]: got segment wheel_left_link
[robot_state_publisher-1] [INFO] [1790084731.373207782] [robot_state_publisher]: got segment wheel_right_link
[parameter_bridge-3] 1790084731.463324 [75] parameter_: selected interface "lo" is not multicast-capable: disabling multicast
[joy_node-6] 1790084731.378223 [75]   joy_node: selected interface "lo" is not multicast-capable: disabling multicast
[twist_mux-7] 1790084731.385672 [75]  twist_mux: selected interface "lo" is not multicast-capable: disabling multicast
[twist_mux-7] [INFO] [1790084731.394145242] [twist_mux]: Topic handler 'topics.joystick' subscribed to topic 'joy_vel': timeout = 0.500000s , priority = 99.
[twist_mux-7] [INFO] [1790084731.395827315] [twist_mux]: Topic handler 'topics.keyboard' subscribed to topic 'key_vel': timeout = 0.500000s , priority = 90.
[twist_mux-7] [INFO] [1790084731.395998767] [twist_mux]: Topic handler 'topics.navigation' subscribed to topic 'cmd_vel': timeout = 0.500000s , priority = 80.
[twist_mux-7] [INFO] [1790084731.396122540] [twist_mux]: Topic handler 'locks.safety_stop' subscribed to topic 'safety_stop': timeout = None , priority = 255.
[twist_marker-8] 1790084731.366523 [75] twist_mark: selected interface "lo" is not multicast-capable: disabling multicast
[twist_relay-10] 1790084731.389838 [75] twist_rela: selected interface "lo" is not multicast-capable: disabling multicast
[map_server-11] 1790084731.468984 [75] map_server: selected interface "lo" is not multicast-capable: disabling multicast
[map_server-11] [INFO] [1790084731.479891485] [map_server]: 
[map_server-11] 	map_server lifecycle node launched. 
[map_server-11] 	Waiting on external lifecycle transitions to activate
[map_server-11] 	See https://design.ros2.org/articles/node_lifecycle.html for more information.
[map_server-11] [INFO] [1790084731.480039417] [map_server]: Creating
[lifecycle_manager-13] 1790084731.416525 [75] lifecycle_: selected interface "lo" is not multicast-capable: disabling multicast
[lifecycle_manager-13] [INFO] [1790084731.430708704] [lifecycle_manager_localization]: Creating
[lifecycle_manager-13] [INFO] [1790084731.433212101] [lifecycle_manager_localization]: [34m[1mCreating and initializing lifecycle service clients[0m[0m
[lifecycle_manager-13] [INFO] [1790084731.498305708] [lifecycle_manager_localization]: [34m[1mStarting managed nodes bringup...[0m[0m
[lifecycle_manager-13] [INFO] [1790084731.498409866] [lifecycle_manager_localization]: [34m[1mConfiguring map_server[0m[0m
[ekf_node-14] 1790084731.446857 [75]   ekf_node: selected interface "lo" is not multicast-capable: disabling multicast
[controller_server-16] 1790084731.432687 [75] controller: selected interface "lo" is not multicast-capable: disabling multicast
[controller_server-16] [INFO] [1790084731.439948839] [controller_server]: 
[controller_server-16] 	controller_server lifecycle node launched. 
[controller_server-16] 	Waiting on external lifecycle transitions to activate
[controller_server-16] 	See https://design.ros2.org/articles/node_lifecycle.html for more information.
[controller_server-16] [INFO] [1790084731.460550083] [controller_server]: Creating controller server
[controller_server-16] [INFO] [1790084731.478512605] [local_costmap.local_costmap]: 
[controller_server-16] 	local_costmap lifecycle node launched. 
[controller_server-16] 	Waiting on external lifecycle transitions to activate
[controller_server-16] 	See https://design.ros2.org/articles/node_lifecycle.html for more information.
[controller_server-16] [INFO] [1790084731.483317484] [local_costmap.local_costmap]: Creating Costmap
[planner_server-17] 1790084731.483761 [75] planner_se: selected interface "lo" is not multicast-capable: disabling multicast
[planner_server-17] [INFO] [1790084731.492525268] [planner_server]: 
[planner_server-17] 	planner_server lifecycle node launched. 
[planner_server-17] 	Waiting on external lifecycle transitions to activate
[planner_server-17] 	See https://design.ros2.org/articles/node_lifecycle.html for more information.
[planner_server-17] [INFO] [1790084731.498954653] [planner_server]: Creating
[planner_server-17] [INFO] [1790084731.527977396] [global_costmap.global_costmap]: 
[planner_server-17] 	global_costmap lifecycle node launched. 
[planner_server-17] 	Waiting on external lifecycle transitions to activate
[planner_server-17] 	See https://design.ros2.org/articles/node_lifecycle.html for more information.
[planner_server-17] [INFO] [1790084731.532457483] [global_costmap.global_costmap]: Creating Costmap
[lifecycle_manager-21] 1790084731.546853 [75] lifecycle_: selected interface "lo" is not multicast-capable: disabling multicast
[amcl-12] 1790084731.405867 [75]       amcl: selected interface "lo" is not multicast-capable: disabling multicast
[amcl-12] [0m[INFO] [1790084731.418184614] [amcl]: 
[amcl-12] 	amcl lifecycle node launched. 
[amcl-12] 	Waiting on external lifecycle transitions to activate
[amcl-12] 	See https://design.ros2.org/articles/node_lifecycle.html for more information.[0m
[amcl-12] [0m[INFO] [1790084731.427118708] [amcl]: Creating[0m
[map_server-11] [INFO] [1790084731.551920673] [map_server]: Configuring
[map_server-11] [INFO] [1790084731.552066078] [map_io]: Loading yaml file: /workspace/molar/ros_ws/bumperbot_ws/install/robot_lab_maps/share/robot_lab_maps/maps/nav_obstacle/maps/map.yaml
[map_server-11] [INFO] [1790084731.552471189] [map_io]: resolution: 0.05
[map_server-11] [INFO] [1790084731.552492884] [map_io]: origin[0]: -9.5
[map_server-11] [INFO] [1790084731.552499188] [map_io]: origin[1]: -9.5
[map_server-11] [INFO] [1790084731.552504084] [map_io]: origin[2]: 0
[map_server-11] [INFO] [1790084731.552509204] [map_io]: free_thresh: 0.196
[map_server-11] [INFO] [1790084731.552514036] [map_io]: occupied_thresh: 0.65
[map_server-11] [INFO] [1790084731.552519923] [map_io]: mode: trinary
[map_server-11] [INFO] [1790084731.552525843] [map_io]: negate: 0
[map_server-11] [INFO] [1790084731.552832044] [map_io]: Loading image_file: /workspace/molar/ros_ws/bumperbot_ws/install/robot_lab_maps/share/robot_lab_maps/maps/nav_obstacle/maps/map.pgm
[lifecycle_manager-21] [INFO] [1790084731.555612331] [lifecycle_manager_navigation]: Creating
[smoother_server-18] 1790084731.565841 [75] smoother_s: selected interface "lo" is not multicast-capable: disabling multicast
[bt_navigator-19] 1790084731.567792 [75] bt_navigat: selected interface "lo" is not multicast-capable: disabling multicast
[lifecycle_manager-21] [INFO] [1790084731.569948410] [lifecycle_manager_navigation]: [34m[1mCreating and initializing lifecycle service clients[0m[0m
[behavior_server-20] 1790084731.575164 [75] behavior_s: selected interface "lo" is not multicast-capable: disabling multicast
[map_server-11] [INFO] [1790084731.577000629] [map_io]: Read map /workspace/molar/ros_ws/bumperbot_ws/install/robot_lab_maps/share/robot_lab_maps/maps/nav_obstacle/maps/map.pgm: 380 X 380 map @ 0.05 m/cell
[smoother_server-18] [INFO] [1790084731.583406878] [smoother_server]: 
[smoother_server-18] 	smoother_server lifecycle node launched. 
[smoother_server-18] 	Waiting on external lifecycle transitions to activate
[smoother_server-18] 	See https://design.ros2.org/articles/node_lifecycle.html for more information.
[lifecycle_manager-13] [INFO] [1790084731.585915939] [lifecycle_manager_localization]: [34m[1mConfiguring amcl[0m[0m
[amcl-12] [0m[INFO] [1790084731.586351257] [amcl]: Configuring[0m
[amcl-12] [0m[INFO] [1790084731.586511061] [amcl]: initTransforms[0m
[behavior_server-20] [INFO] [1790084731.586465622] [behavior_server]: 
[behavior_server-20] 	behavior_server lifecycle node launched. 
[behavior_server-20] 	Waiting on external lifecycle transitions to activate
[behavior_server-20] 	See https://design.ros2.org/articles/node_lifecycle.html for more information.
[bt_navigator-19] [INFO] [1790084731.587282659] [bt_navigator]: 
[bt_navigator-19] 	bt_navigator lifecycle node launched. 
[bt_navigator-19] 	Waiting on external lifecycle transitions to activate
[bt_navigator-19] 	See https://design.ros2.org/articles/node_lifecycle.html for more information.
[bt_navigator-19] [INFO] [1790084731.587436544] [bt_navigator]: Creating
[smoother_server-18] [INFO] [1790084731.599925850] [smoother_server]: Creating smoother server
[amcl-12] [0m[INFO] [1790084731.602811094] [amcl]: initPubSub[0m
[amcl-12] [0m[INFO] [1790084731.611879010] [amcl]: Subscribed to map topic.[0m
[lifecycle_manager-13] [INFO] [1790084731.620647828] [lifecycle_manager_localization]: [34m[1mActivating map_server[0m[0m
[map_server-11] [INFO] [1790084731.622086322] [map_server]: Activating
[map_server-11] [INFO] [1790084731.623838441] [map_server]: Creating bond (map_server) to lifecycle manager.
[amcl-12] [0m[INFO] [1790084731.624040996] [amcl]: Received a 380 X 380 map @ 0.050 m/pix[0m
[lifecycle_manager-13] [INFO] [1790084731.730771386] [lifecycle_manager_localization]: Server map_server connected with bond.
[lifecycle_manager-13] [INFO] [1790084731.730867767] [lifecycle_manager_localization]: [34m[1mActivating amcl[0m[0m
[amcl-12] [0m[INFO] [1790084731.731184272] [amcl]: Activating[0m
[amcl-12] [0m[INFO] [1790084731.731336364] [amcl]: initialPoseReceived[0m
[amcl-12] [0m[INFO] [1790084731.731558727] [amcl]: Setting pose (0.000000): -7.000 -7.000 0.000[0m
[amcl-12] [0m[INFO] [1790084731.732141818] [amcl]: Creating bond (amcl) to lifecycle manager.[0m
[lifecycle_manager-21] [INFO] [1790084731.829367407] [lifecycle_manager_navigation]: [34m[1mStarting managed nodes bringup...[0m[0m
[lifecycle_manager-21] [INFO] [1790084731.829487532] [lifecycle_manager_navigation]: [34m[1mConfiguring controller_server[0m[0m
[controller_server-16] [INFO] [1790084731.829867299] [controller_server]: Configuring controller interface
[controller_server-16] [INFO] [1790084731.830169596] [controller_server]: getting goal checker plugins..
[controller_server-16] [INFO] [1790084731.830374647] [controller_server]: Controller frequency set to 20.0000Hz
[controller_server-16] [INFO] [1790084731.830434389] [local_costmap.local_costmap]: Configuring
[controller_server-16] [INFO] [1790084731.836626596] [local_costmap.local_costmap]: Using plugin "obstacle_layer"
[lifecycle_manager-13] [INFO] [1790084731.837858151] [lifecycle_manager_localization]: Server amcl connected with bond.
[lifecycle_manager-13] [INFO] [1790084731.837938053] [lifecycle_manager_localization]: [34m[1mManaged nodes are active[0m[0m
[lifecycle_manager-13] [INFO] [1790084731.837958981] [lifecycle_manager_localization]: [34m[1mCreating bond timer...[0m[0m
[controller_server-16] [INFO] [1790084731.853044579] [local_costmap.local_costmap]: Subscribed to Topics: scan
[controller_server-16] [INFO] [1790084731.881856382] [local_costmap.local_costmap]: Initialized plugin "obstacle_layer"
[controller_server-16] [INFO] [1790084731.881950300] [local_costmap.local_costmap]: Using plugin "inflation_layer"
[controller_server-16] [INFO] [1790084731.889346414] [local_costmap.local_costmap]: Initialized plugin "inflation_layer"
[controller_server-16] [INFO] [1790084731.932667349] [controller_server]: Created progress_checker : progress_checker of type nav2_controller::SimpleProgressChecker
[controller_server-16] [INFO] [1790084731.937287208] [controller_server]: Created goal checker : general_goal_checker of type nav2_controller::SimpleGoalChecker
[controller_server-16] [INFO] [1790084731.948701372] [controller_server]: Controller Server has general_goal_checker  goal checkers available.
[gz_pointcloud_to_optical.py-4] 1790084731.953166 [75]    python3: selected interface "lo" is not multicast-capable: disabling multicast
[controller_server-16] [INFO] [1790084731.954246618] [controller_server]: Created controller : FollowPath of type dwb_core::DWBLocalPlanner
[controller_server-16] [INFO] [1790084731.955794422] [controller_server]: Setting transform_tolerance to 0.200000
[controller_server-16] [INFO] [1790084731.986936315] [controller_server]: Using critic "RotateToGoal" (dwb_critics::RotateToGoalCritic)
[controller_server-16] [INFO] [1790084731.988786127] [controller_server]: Critic plugin initialized
[controller_server-16] [INFO] [1790084731.989498494] [controller_server]: Using critic "Oscillation" (dwb_critics::OscillationCritic)
[controller_server-16] [INFO] [1790084731.991612429] [controller_server]: Critic plugin initialized
[controller_server-16] [INFO] [1790084731.992111233] [controller_server]: Using critic "BaseObstacle" (dwb_critics::BaseObstacleCritic)
[controller_server-16] [INFO] [1790084731.993252870] [controller_server]: Critic plugin initialized
[controller_server-16] [INFO] [1790084731.994495017] [controller_server]: Using critic "GoalAlign" (dwb_critics::GoalAlignCritic)
[controller_server-16] [INFO] [1790084731.999120380] [controller_server]: Critic plugin initialized
[controller_server-16] [INFO] [1790084731.999847083] [controller_server]: Using critic "PathAlign" (dwb_critics::PathAlignCritic)
[controller_server-16] [INFO] [1790084732.001609538] [controller_server]: Critic plugin initialized
[controller_server-16] [INFO] [1790084732.002065527] [controller_server]: Using critic "PathDist" (dwb_critics::PathDistCritic)
[controller_server-16] [INFO] [1790084732.002972578] [controller_server]: Critic plugin initialized
[controller_server-16] [INFO] [1790084732.003431831] [controller_server]: Using critic "GoalDist" (dwb_critics::GoalDistCritic)
[controller_server-16] [INFO] [1790084732.004926548] [controller_server]: Critic plugin initialized
[controller_server-16] [INFO] [1790084732.004991955] [controller_server]: Controller Server has FollowPath  controllers available.
[lifecycle_manager-21] [INFO] [1790084732.022474072] [lifecycle_manager_navigation]: [34m[1mConfiguring planner_server[0m[0m
[planner_server-17] [INFO] [1790084732.022797137] [planner_server]: Configuring
[planner_server-17] [INFO] [1790084732.022872943] [global_costmap.global_costmap]: Configuring
[planner_server-17] [INFO] [1790084732.027871290] [global_costmap.global_costmap]: Using plugin "static_layer"
[ign gazebo-2] [1;32m[Msg] [0m[1;32mIgnition Gazebo Server v[0m[1;32m6.18.0[0m[1;32m[0m
[ign gazebo-2] [1;32m[Msg] [0m[1;32mLoading SDF world file[[0m[1;32m/workspace/molar/ros_ws/bumperbot_ws/install/robot_lab_maps/share/robot_lab_maps/maps/nav_obstacle/worlds/nav_obstacle.world[0m[1;32m].[0m
[ign gazebo-2] [1;32m[Msg] [0m[1;32mServing entity system service on [[0m[1;32m/[0m[1;32mentity/system/add[0m[1;32m][0m[1;32m[0m
[ign gazebo-2] [1;32m[Msg] [0m[1;32mLoaded level [[0m[1;32m3[0m[1;32m][0m[1;32m[0m
[ign gazebo-2] [1;32m[Msg] [0m[1;32mNo systems loaded from SDF, loading defaults[0m[1;32m[0m
[ign gazebo-2] [1;36m[Dbg] [ServerConfig.cc:1043] [0m[1;36mLoaded ([0m[1;36m3[0m[1;36m) plugins from file [0m[1;36m[[0m[1;36m/home/molar1/.ignition/gazebo/6/server.config[0m[1;36m][0m
[ign gazebo-2] [1;36m[Dbg] [Physics.cc:804] [0m[1;36mLoaded [[0m[1;36mignition::physics::dartsim::Plugin[0m[1;36m] from library [[0m[1;36m/usr/lib/aarch64-linux-gnu/ign-physics-5/engine-plugins/libignition-physics-dartsim-plugin.so[0m[1;36m][0m[1;36m[0m
[ign gazebo-2] [1;36m[Dbg] [SystemManager.cc:73] [0m[1;36mLoaded system [[0m[1;36mgz::sim::systems::Physics[0m[1;36m] for entity [[0m[1;36m1[0m[1;36m][0m[1;36m[0m
[ign gazebo-2] [1;32m[Msg] [0m[1;32mCreate service on [[0m[1;32m/world/nav_obstacle/create[0m[1;32m][0m[1;32m[0m
[ign gazebo-2] [1;32m[Msg] [0m[1;32mRemove service on [[0m[1;32m/world/nav_obstacle/remove[0m[1;32m][0m[1;32m[0m
[ign gazebo-2] [1;32m[Msg] [0m[1;32mPose service on [[0m[1;32m/world/nav_obstacle/set_pose[0m[1;32m][0m[1;32m[0m
[ign gazebo-2] [1;32m[Msg] [0m[1;32mPose service on [[0m[1;32m/world/nav_obstacle/set_pose_vector[0m[1;32m][0m[1;32m[0m
[ign gazebo-2] [1;32m[Msg] [0m[1;32mLight configuration service on [[0m[1;32m/world/nav_obstacle/light_config[0m[1;32m][0m[1;32m[0m
[ign gazebo-2] [1;32m[Msg] [0m[1;32mPhysics service on [[0m[1;32m/world/nav_obstacle/set_physics[0m[1;32m][0m[1;32m[0m
[ign gazebo-2] [1;32m[Msg] [0m[1;32mSphericalCoordinates service on [[0m[1;32m/world/nav_obstacle/set_spherical_coordinates[0m[1;32m][0m[1;32m[0m
[ign gazebo-2] [1;32m[Msg] [0m[1;32mEnable collision service on [[0m[1;32m/world/nav_obstacle/enable_collision[0m[1;32m][0m[1;32m[0m
[ign gazebo-2] [1;32m[Msg] [0m[1;32mDisable collision service on [[0m[1;32m/world/nav_obstacle/disable_collision[0m[1;32m][0m[1;32m[0m
[ign gazebo-2] [1;32m[Msg] [0m[1;32mMaterial service on [[0m[1;32m/world/nav_obstacle/visual_config[0m[1;32m][0m[1;32m[0m
[ign gazebo-2] [1;32m[Msg] [0m[1;32mMaterial service on [[0m[1;32m/world/nav_obstacle/wheel_slip[0m[1;32m][0m[1;32m[0m
[ign gazebo-2] [1;36m[Dbg] [SystemManager.cc:73] [0m[1;36mLoaded system [[0m[1;36mgz::sim::systems::UserCommands[0m[1;36m] for entity [[0m[1;36m1[0m[1;36m][0m[1;36m[0m
[ign gazebo-2] [1;36m[Dbg] [SystemManager.cc:73] [0m[1;36mLoaded system [[0m[1;36mgz::sim::systems::SceneBroadcaster[0m[1;36m] for entity [[0m[1;36m1[0m[1;36m][0m[1;36m[0m
[ign gazebo-2] [1;32m[Msg] [0m[1;32mServing world controls on [[0m[1;32m/world/nav_obstacle[0m[1;32m/control], [[0m[1;32m/world/nav_obstacle[0m[1;32m/control/state] and [[0m[1;32m/world/nav_obstacle[0m[1;32m/playback/control][0m[1;32m[0m
[ign gazebo-2] [1;32m[Msg] [0m[1;32mServing GUI information on [[0m[1;32m/world/nav_obstacle[0m[1;32m/[0m[1;32mgui/info[0m[1;32m][0m[1;32m[0m
[ign gazebo-2] [1;32m[Msg] [0m[1;32mWorld [[0m[1;32mnav_obstacle[0m[1;32m] initialized with [[0m[1;32mdefault_physics[0m[1;32m] physics profile.[0m[1;32m[0m
[ign gazebo-2] [1;32m[Msg] [0m[1;32mServing world SDF generation service on [[0m[1;32m/world/nav_obstacle[0m[1;32m/[0m[1;32mgenerate_world_sdf[0m[1;32m][0m[1;32m[0m
[ign gazebo-2] [1;32m[Msg] [0m[1;32mServing world names on [[0m[1;32m/gazebo/worlds[0m[1;32m][0m[1;32m[0m
[ign gazebo-2] [1;32m[Msg] [0m[1;32mResource path add service on [[0m[1;32m/gazebo/resource_paths/add[0m[1;32m].[0m[1;32m[0m
[ign gazebo-2] [1;32m[Msg] [0m[1;32mResource path get service on [[0m[1;32m/gazebo/resource_paths/get[0m[1;32m].[0m[1;32m[0m
[ign gazebo-2] [1;32m[Msg] [0m[1;32mResource path resolve service on [[0m[1;32m/gazebo/resource_paths/resolve[0m[1;32m].[0m[1;32m[0m
[planner_server-17] [INFO] [1790084732.044076445] [global_costmap.global_costmap]: Subscribing to the map topic (/map) with transient local durability
[planner_server-17] [INFO] [1790084732.045489116] [global_costmap.global_costmap]: Initialized plugin "static_layer"
[planner_server-17] [INFO] [1790084732.045569946] [global_costmap.global_costmap]: Using plugin "obstacle_layer"
[planner_server-17] [INFO] [1790084732.049271651] [global_costmap.global_costmap]: Subscribed to Topics: scan
[planner_server-17] [INFO] [1790084732.059339159] [global_costmap.global_costmap]: Initialized plugin "obstacle_layer"
[planner_server-17] [INFO] [1790084732.059423029] [global_costmap.global_costmap]: Using plugin "inflation_layer"
[planner_server-17] [INFO] [1790084732.062699912] [global_costmap.global_costmap]: Initialized plugin "inflation_layer"
[planner_server-17] [INFO] [1790084732.074377078] [global_costmap.global_costmap]: StaticLayer: Resizing costmap to 380 X 380 at 0.050000 m/pix
[planner_server-17] [INFO] [1790084732.082868847] [planner_server]: Created global planner plugin GridBased of type nav2_smac_planner/SmacPlanner2D
[planner_server-17] [INFO] [1790084732.082972461] [planner_server]: Configuring GridBased of type SmacPlanner2D
[planner_server-17] [INFO] [1790084732.087779420] [planner_server]: Configured plugin GridBased of type SmacPlanner2D with tolerance 0.12, maximum iterations 1000000, max on approach iterations 1000, and allowing unknown traversal.
[planner_server-17] [INFO] [1790084732.087866138] [planner_server]: Planner Server has GridBased  planners available.
[lifecycle_manager-21] [INFO] [1790084732.100377204] [lifecycle_manager_navigation]: [34m[1mConfiguring smoother_server[0m[0m
[smoother_server-18] [INFO] [1790084732.100749035] [smoother_server]: Configuring smoother server
[smoother_server-18] [INFO] [1790084732.111961988] [smoother_server]: Created smoother : simple_smoother of type nav2_smoother::SimpleSmoother
[smoother_server-18] [INFO] [1790084732.115693229] [smoother_server]: Smoother Server has simple_smoother  smoothers available.
[lifecycle_manager-21] [INFO] [1790084732.126018042] [lifecycle_manager_navigation]: [34m[1mConfiguring bt_navigator[0m[0m
[bt_navigator-19] [INFO] [1790084732.126383410] [bt_navigator]: Configuring
[joy_teleop-5] 1790084732.147739 [75] joy_teleop: selected interface "lo" is not multicast-capable: disabling multicast
[imu_republisher.py-15] 1790084732.165272 [75]    python3: selected interface "lo" is not multicast-capable: disabling multicast
[wheel_imu_fusion-22] 1790084732.188521 [75] wheel_imu_: selected interface "lo" is not multicast-capable: disabling multicast
[lifecycle_manager-21] [INFO] [1790084732.281112419] [lifecycle_manager_navigation]: [34m[1mConfiguring behavior_server[0m[0m
[behavior_server-20] [INFO] [1790084732.281515225] [behavior_server]: Configuring
[behavior_server-20] [INFO] [1790084732.293966805] [behavior_server]: Creating behavior plugin spin of type nav2_behaviors/Spin
[behavior_server-20] [INFO] [1790084732.295943175] [behavior_server]: Configuring spin
[behavior_server-20] [INFO] [1790084732.316378407] [behavior_server]: Creating behavior plugin backup of type nav2_behaviors/BackUp
[behavior_server-20] [INFO] [1790084732.317950850] [behavior_server]: Configuring backup
[behavior_server-20] [INFO] [1790084732.334242724] [behavior_server]: Creating behavior plugin wait of type nav2_behaviors/Wait
[behavior_server-20] [INFO] [1790084732.336083385] [behavior_server]: Configuring wait
[lifecycle_manager-21] [INFO] [1790084732.344602321] [lifecycle_manager_navigation]: [34m[1mActivating controller_server[0m[0m
[controller_server-16] [INFO] [1790084732.344913866] [controller_server]: Activating
[controller_server-16] [INFO] [1790084732.345150756] [local_costmap.local_costmap]: Activating
[controller_server-16] [INFO] [1790084732.345183235] [local_costmap.local_costmap]: Checking transform
[controller_server-16] [INFO] [1790084732.345225890] [local_costmap.local_costmap]: Timed out waiting for transform from base_footprint to odom to become available, tf error: Invalid frame ID "odom" passed to canTransform argument target_frame - frame does not exist
[joystick_relay.py-9] 1790084732.420001 [75] joystick_r: selected interface "lo" is not multicast-capable: disabling multicast
[parameter_bridge-3] [INFO] [1790084732.482820966] [ros_gz_bridge]: Creating GZ->ROS Bridge: [/clock (gz.msgs.Clock) -> /clock (rosgraph_msgs/msg/Clock)] (Lazy 0)
[parameter_bridge-3] [INFO] [1790084732.485013426] [ros_gz_bridge]: Creating GZ->ROS Bridge: [/imu (gz.msgs.IMU) -> /imu/out (sensor_msgs/msg/Imu)] (Lazy 0)
[parameter_bridge-3] [INFO] [1790084732.489250479] [ros_gz_bridge]: Creating GZ->ROS Bridge: [/scan (gz.msgs.LaserScan) -> /scan (sensor_msgs/msg/LaserScan)] (Lazy 0)
[parameter_bridge-3] [INFO] [1790084732.494207834] [ros_gz_bridge]: Creating GZ->ROS Bridge: [/world/nav_obstacle/model/labbot/link/oakd_rgb_camera_frame/sensor/rgbd_camera/image (gz.msgs.Image) -> /oakd/rgb/image_raw (sensor_msgs/msg/Image)] (Lazy 0)
[parameter_bridge-3] [INFO] [1790084732.499609852] [ros_gz_bridge]: Creating GZ->ROS Bridge: [/world/nav_obstacle/model/labbot/link/oakd_rgb_camera_frame/sensor/rgbd_camera/camera_info (gz.msgs.CameraInfo) -> /oakd/rgb/camera_info (sensor_msgs/msg/CameraInfo)] (Lazy 0)
[parameter_bridge-3] [INFO] [1790084732.505093051] [ros_gz_bridge]: Creating GZ->ROS Bridge: [/world/nav_obstacle/model/labbot/link/oakd_rgb_camera_frame/sensor/rgbd_camera/depth_image (gz.msgs.Image) -> /oakd/depth/image_raw (sensor_msgs/msg/Image)] (Lazy 0)
[parameter_bridge-3] [INFO] [1790084732.510460925] [ros_gz_bridge]: Creating GZ->ROS Bridge: [/world/nav_obstacle/model/labbot/link/oakd_rgb_camera_frame/sensor/rgbd_camera/points (gz.msgs.PointCloudPacked) -> /oakd/points_gz (sensor_msgs/msg/PointCloud2)] (Lazy 0)
[wheel_imu_fusion-22] [INFO] [1790084732.519242351] [sensor_fusion_wheel_imu_fusion]: wheel_imu_fusion ready
[INFO] [create-23]: process started with pid [193076]
[controller_server-16] [INFO] [1790084732.845271564] [local_costmap.local_costmap]: Timed out waiting for transform from base_footprint to odom to become available, tf error: Invalid frame ID "odom" passed to canTransform argument target_frame - frame does not exist
[create-23] 1790084732.874146 [75]     create: selected interface "lo" is not multicast-capable: disabling multicast
[create-23] [INFO] [1790084732.885259970] [ros_gz_sim]: Waiting messages on topic [robot_description].
[create-23] [INFO] [1790084733.109378648] [ros_gz_sim]: Requested creation of entity.
[create-23] [INFO] [1790084733.109478806] [ros_gz_sim]: OK creation of entity.
[INFO] [create-23]: process has finished cleanly [pid 193076]
[INFO] [spawner-24]: process started with pid [193094]
[controller_server-16] [INFO] [1790084733.345253212] [local_costmap.local_costmap]: Timed out waiting for transform from base_footprint to odom to become available, tf error: Invalid frame ID "odom" passed to canTransform argument target_frame - frame does not exist
[spawner-24] 1790084733.782342 [75]    spawner: selected interface "lo" is not multicast-capable: disabling multicast
[ign gazebo-2] [INFO] [1790084733.844728955] [GazeboSimROS2ControlPlugin]: robot_param_node is robot_state_publisher
[ign gazebo-2] [INFO] [1790084733.844794777] [GazeboSimROS2ControlPlugin]: robot_param_node is robot_description
[controller_server-16] [INFO] [1790084733.845277518] [local_costmap.local_costmap]: Timed out waiting for transform from base_footprint to odom to become available, tf error: Invalid frame ID "odom" passed to canTransform argument target_frame - frame does not exist
[ign gazebo-2] 1790084733.852129 [75]       ruby: selected interface "lo" is not multicast-capable: disabling multicast
[spawner-24] [INFO] [1790084733.895317304] [spawner_joint_state_broadcaster]: waiting for service /controller_manager/list_controllers to become available...
[ign gazebo-2] [INFO] [1790084733.983010928] [gz_ros2_control]: connected to service!! robot_state_publisher asking for robot_description
[ign gazebo-2] [INFO] [1790084733.984102262] [gz_ros2_control]: Received URDF from param server
[ign gazebo-2] [INFO] [1790084733.985680209] [gz_ros2_control]: [gz_ros2_control] Fixed joint ['oakd_joint'] (Entity='105') is skipped.
[ign gazebo-2] [INFO] [1790084733.985727696] [gz_ros2_control]: [gz_ros2_control] Fixed joint ['oakd_imu_joint'] (Entity='106') is skipped.
[ign gazebo-2] [INFO] [1790084733.985745584] [gz_ros2_control]: [gz_ros2_control] Fixed joint ['oakd_left_camera_joint'] (Entity='107') is skipped.
[ign gazebo-2] [INFO] [1790084733.985757327] [gz_ros2_control]: [gz_ros2_control] Fixed joint ['oakd_left_camera_optical_joint'] (Entity='108') is skipped.
[ign gazebo-2] [INFO] [1790084733.985768239] [gz_ros2_control]: [gz_ros2_control] Fixed joint ['oakd_rgb_camera_joint'] (Entity='109') is skipped.
[ign gazebo-2] [INFO] [1790084733.985779055] [gz_ros2_control]: [gz_ros2_control] Fixed joint ['oakd_rgb_camera_optical_joint'] (Entity='110') is skipped.
[ign gazebo-2] [INFO] [1790084733.985789519] [gz_ros2_control]: [gz_ros2_control] Fixed joint ['oakd_right_camera_joint'] (Entity='111') is skipped.
[ign gazebo-2] [INFO] [1790084733.985800078] [gz_ros2_control]: [gz_ros2_control] Fixed joint ['oakd_right_camera_optical_joint'] (Entity='112') is skipped.
[ign gazebo-2] [INFO] [1790084733.998452614] [gz_ros2_control]: The position_proportional_gain has been set to: 0.1
[ign gazebo-2] [INFO] [1790084733.998601314] [gz_ros2_control]: Loading joint: labbot_left_wheel_joint
[ign gazebo-2] [INFO] [1790084733.998639137] [gz_ros2_control]: 	State:
[ign gazebo-2] [INFO] [1790084733.998657121] [gz_ros2_control]: 		 position
[ign gazebo-2] [INFO] [1790084733.999054008] [gz_ros2_control]: 		 velocity
[ign gazebo-2] [INFO] [1790084733.999073143] [gz_ros2_control]: 	Command:
[ign gazebo-2] [INFO] [1790084733.999084567] [gz_ros2_control]: 		 velocity
[ign gazebo-2] [INFO] [1790084733.999310578] [gz_ros2_control]: Loading joint: labbot_right_wheel_joint
[ign gazebo-2] [INFO] [1790084733.999505581] [gz_ros2_control]: 	State:
[ign gazebo-2] [INFO] [1790084733.999522157] [gz_ros2_control]: 		 position
[ign gazebo-2] [INFO] [1790084733.999534124] [gz_ros2_control]: 		 velocity
[ign gazebo-2] [INFO] [1790084733.999543564] [gz_ros2_control]: 	Command:
[ign gazebo-2] [INFO] [1790084733.999552876] [gz_ros2_control]: 		 velocity
[ign gazebo-2] [INFO] [1790084733.999717672] [gz_ros2_control]: Loading sensor: imu
[ign gazebo-2] [INFO] [1790084733.999740839] [gz_ros2_control]: 	State:
[ign gazebo-2] [WARN] [1790084733.999752455] [gz_ros2_control]: IMU sensor 'imu' not found in hardware_info, skipping.
[ign gazebo-2] [INFO] [1790084733.999841765] [resource_manager]: Initialize hardware 'RobotSystem' 
[ign gazebo-2] [WARN] [1790084733.999887780] [gz_ros2_control]: The ign_ros2_control plugin got renamed to gz_ros2_control.
[ign gazebo-2] Update the <ros2_control> tag and gazebo plugin to
[ign gazebo-2] <hardware>
[ign gazebo-2]   <plugin>gz_ros2_control/GazeboSimSystem</plugin>
[ign gazebo-2] </hardware>
[ign gazebo-2] <gazebo>
[ign gazebo-2]   <plugin filename="gz_ros2_control-system"name="gz_ros2_control::GazeboSimROS2ControlPlugin">
[ign gazebo-2]     ...
[ign gazebo-2]   </plugin>
[ign gazebo-2] </gazebo>
[ign gazebo-2] [INFO] [1790084733.999975874] [resource_manager]: Successful initialization of hardware 'RobotSystem'
[ign gazebo-2] [INFO] [1790084734.000050112] [resource_manager]: 'configure' hardware 'RobotSystem' 
[ign gazebo-2] [INFO] [1790084734.000064416] [gz_ros2_control]: System Successfully configured!
[ign gazebo-2] [INFO] [1790084734.000085439] [resource_manager]: Successful 'configure' of hardware 'RobotSystem'
[ign gazebo-2] [INFO] [1790084734.000094783] [resource_manager]: 'activate' hardware 'RobotSystem' 
[ign gazebo-2] [INFO] [1790084734.000109119] [resource_manager]: Successful 'activate' of hardware 'RobotSystem'
[ign gazebo-2] [INFO] [1790084734.000119519] [gz_ros2_control]: Loading controller_manager
[ign gazebo-2] [INFO] [1790084734.149598063] [controller_manager]: Loading controller 'joint_state_broadcaster'
[controller_server-16] [INFO] [1790084734.345279973] [local_costmap.local_costmap]: Timed out waiting for transform from base_footprint to odom to become available, tf error: Invalid frame ID "odom" passed to canTransform argument target_frame - frame does not exist
[ign gazebo-2] libEGL warning: Not allowed to force software rendering when API explicitly selects a hardware device.
[ign gazebo-2] libEGL warning: MESA-LOADER: failed to open nvidia-drm: /usr/lib/dri/nvidia-drm_dri.so: cannot open shared object file: No such file or directory (search paths /usr/lib/aarch64-linux-gnu/dri:\$${ORIGIN}/dri:/usr/lib/dri, suffix _dri)
[ign gazebo-2] 
[ign gazebo-2] libEGL warning: Not allowed to force software rendering when API explicitly selects a hardware device.
[ign gazebo-2] libEGL warning: egl: failed to create dri2 screen
[ign gazebo-2] [1;32m[Msg] [0m[1;32mResource paths published on [[0m[1;32m/gazebo/resource_paths[0m[1;32m].[0m[1;32m[0m
[ign gazebo-2] [1;32m[Msg] [0m[1;32mServer control service on [[0m[1;32m/server_control[0m[1;32m].[0m[1;32m[0m
[ign gazebo-2] [1;32m[Msg] [0m[1;32mFound no publishers on /stats, adding root stats topic[0m[1;32m[0m
[ign gazebo-2] [1;32m[Msg] [0m[1;32mFound no publishers on /clock, adding root clock topic[0m[1;32m[0m
[ign gazebo-2] [1;36m[Dbg] [SimulationRunner.cc:501] [0m[1;36mCreating PostUpdate worker threads: [0m[1;36m2[0m[1;36m[0m
[ign gazebo-2] [1;36m[Dbg] [SimulationRunner.cc:512] [0m[1;36mCreating postupdate worker thread ([0m[1;36m0[0m[1;36m)[0m[1;36m[0m
[ign gazebo-2] [1;36m[Dbg] [SystemManager.cc:73] [0m[1;36mLoaded system [[0m[1;36mign_ros2_control::IgnitionROS2ControlPlugin[0m[1;36m] for entity [[0m[1;36m74[0m[1;36m][0m[1;36m[0m
[ign gazebo-2] [1;36m[Dbg] [SystemManager.cc:73] [0m[1;36mLoaded system [[0m[1;36mignition::gazebo::systems::Imu[0m[1;36m] for entity [[0m[1;36m74[0m[1;36m][0m[1;36m[0m
[ign gazebo-2] [1;36m[Dbg] [Sensors.cc:506] [0m[1;36mConfiguring Sensors system[0m[1;36m[0m
[ign gazebo-2] [1;36m[Dbg] [Sensors.cc:431] [0m[1;36mSensorsPrivate::Run[0m[1;36m[0m
[ign gazebo-2] [1;36m[Dbg] [SystemManager.cc:73] [0m[1;36mLoaded system [[0m[1;36mignition::gazebo::systems::Sensors[0m[1;36m] for entity [[0m[1;36m74[0m[1;36m][0m[1;36m[0m
[ign gazebo-2] [1;36mSensorsPrivate::RenderThread started[0m[1;36m[0m
[ign gazebo-2] [1;36m[Dbg] [Sensors.cc:258] [0m[1;36mWaiting for init[0m[1;36m[0m
[ign gazebo-2] [1;36m[Dbg] [UserCommands.cc:1303] [0m[1;36mCreated entity [[0m[1;36m74[0m[1;36m] named [[0m[1;36mlabbot[0m[1;36m][0m[1;36m[0m
[ign gazebo-2] [1;36m[Dbg] [SimulationFeatures.cc:71] [0m[1;36mSimulation timestep set to: [0m[1;36m0.01[0m[1;36m[0m
[ign gazebo-2] [1;32m[Msg] [0m[1;32mServing scene information on [[0m[1;32m/world/nav_obstacle[0m[1;32m/[0m[1;32mscene/info[0m[1;32m][0m[1;32m[0m
[ign gazebo-2] [1;32m[Msg] [0m[1;32mServing graph information on [[0m[1;32m/world/nav_obstacle[0m[1;32m/[0m[1;32mscene/graph[0m[1;32m][0m[1;32m[0m
[ign gazebo-2] [1;32m[Msg] [0m[1;32mServing full state on [[0m[1;32m/world/nav_obstacle[0m[1;32m/[0m[1;32mstate[0m[1;32m][0m[1;32m[0m
[ign gazebo-2] [1;32m[Msg] [0m[1;32mServing full state (async) on [[0m[1;32m/world/nav_obstacle[0m[1;32m/[0m[1;32mstate_async[0m[1;32m][0m[1;32m[0m
[ign gazebo-2] [1;32m[Msg] [0m[1;32mPublishing scene information on [[0m[1;32m/world/nav_obstacle/scene/info[0m[1;32m][0m[1;32m[0m
[ign gazebo-2] [1;32m[Msg] [0m[1;32mPublishing entity deletions on [[0m[1;32m/world/nav_obstacle/scene/deletion[0m[1;32m][0m[1;32m[0m
[ign gazebo-2] [1;32m[Msg] [0m[1;32mPublishing state changes on [[0m[1;32m/world/nav_obstacle/state[0m[1;32m][0m[1;32m[0m
[ign gazebo-2] [1;32m[Msg] [0m[1;32mPublishing pose messages on [[0m[1;32m/world/nav_obstacle[0m[1;32m/[0m[1;32mpose/info[0m[1;32m][0m[1;32m[0m
[ign gazebo-2] [1;32m[Msg] [0m[1;32mPublishing dynamic pose messages on [[0m[1;32m/world/nav_obstacle[0m[1;32m/[0m[1;32mdynamic_pose/info[0m[1;32m][0m[1;32m[0m
[ign gazebo-2] [1;36m[Dbg] [SimulationRunner.cc:528] [0m[1;36mExiting postupdate worker thread ([0m[1;36m0[0m[1;36m)[0m[1;36m[0m
[ign gazebo-2] [1;36m[Dbg] [SimulationRunner.cc:501] [0m[1;36mCreating PostUpdate worker threads: [0m[1;36m5[0m[1;36m[0m
[ign gazebo-2] [1;36m[Dbg] [SimulationRunner.cc:512] [0m[1;36mCreating postupdate worker thread ([0m[1;36m0[0m[1;36m)[0m[1;36m[0m
[ign gazebo-2] [1;36m[Dbg] [SimulationRunner.cc:512] [0m[1;36mCreating postupdate worker thread ([0m[1;36m1[0m[1;36m)[0m[1;36m[0m
[ign gazebo-2] [1;36m[Dbg] [SimulationRunner.cc:512] [0m[1;36mCreating postupdate worker thread ([0m[1;36m2[0m[1;36m)[0m[1;36m[0m
[ign gazebo-2] [1;36m[Dbg] [SimulationRunner.cc:512] [0m[1;36mCreating postupdate worker thread ([0m[1;36m3[0m[1;36m)[0m[1;36m[0m
[ign gazebo-2] [1;36m[Dbg] [Sensors.cc:610] [0m[1;36mInitialization needed[0m[1;36m[0m
[ign gazebo-2] [1;36m[Dbg] [Sensors.cc:270] [0m[1;36mInitializing render context[0m[1;36m[0m
[ign gazebo-2] [1;32m[Msg] [0m[1;32mLoading plugin [[0m[1;32mignition-rendering-ogre2[0m[1;32m][0m[1;32m[0m
[ign gazebo-2] [1;36m[Dbg] [ImuSensor.cc:148] [0m[1;36mIMU data for [[0m[1;36mlabbot::base_footprint::imu[0m[1;36m] advertised on [[0m[1;36mimu[0m[1;36m][0m[1;36m[0m
[spawner-24] [INFO] [1790084734.639983178] [spawner_joint_state_broadcaster]: [94mLoaded [1mjoint_state_broadcaster[0m
[ign gazebo-2] [INFO] [1790084734.652741471] [controller_manager]: Configuring controller 'joint_state_broadcaster'
[ign gazebo-2] [INFO] [1790084734.653245940] [joint_state_broadcaster]: 'joints' or 'interfaces' parameter is empty. All available state interfaces will be published
[controller_server-16] [INFO] [1790084734.845956271] [local_costmap.local_costmap]: start
[amcl-12] [0m[INFO] [1790084735.016757292] [amcl]: createLaserObject[0m
[spawner-24] [INFO] [1790084735.038992355] [spawner_joint_state_broadcaster]: [92mConfigured and activated [1mjoint_state_broadcaster[0m
[controller_server-16] [INFO] [1790084735.047628697] [controller_server]: Creating bond (controller_server) to lifecycle manager.
[lifecycle_manager-21] [INFO] [1790084735.154081948] [lifecycle_manager_navigation]: Server controller_server connected with bond.
[lifecycle_manager-21] [INFO] [1790084735.154172218] [lifecycle_manager_navigation]: [34m[1mActivating planner_server[0m[0m
[planner_server-17] [INFO] [1790084735.154604592] [planner_server]: Activating
[planner_server-17] [INFO] [1790084735.154721709] [global_costmap.global_costmap]: Activating
[planner_server-17] [INFO] [1790084735.154759756] [global_costmap.global_costmap]: Checking transform
[planner_server-17] [INFO] [1790084735.154896617] [global_costmap.global_costmap]: Timed out waiting for transform from base_footprint to map to become available, tf error: Lookup would require extrapolation at time 0.160000, but only time 1.030000 is in the buffer, when looking up transform from frame [base_footprint] to frame [map]
[INFO] [spawner-25]: process started with pid [193218]
[INFO] [spawner-24]: process has finished cleanly [pid 193094]
[planner_server-17] [INFO] [1790084735.654924905] [global_costmap.global_costmap]: Timed out waiting for transform from base_footprint to map to become available, tf error: Lookup would require extrapolation into the past.  Requested time 0.660000 but the earliest data is at time 1.030000, when looking up transform from frame [base_footprint] to frame [map]
[spawner-25] 1790084735.851433 [75]    spawner: selected interface "lo" is not multicast-capable: disabling multicast
[ign gazebo-2] [INFO] [1790084735.966481352] [controller_manager]: Loading controller 'robot_lab_controller'
[spawner-25] [INFO] [1790084736.069077062] [spawner_robot_lab_controller]: [94mLoaded [1mrobot_lab_controller[0m
[ign gazebo-2] [INFO] [1790084736.072387225] [controller_manager]: Configuring controller 'robot_lab_controller'
[spawner-25] [INFO] [1790084736.109417590] [spawner_robot_lab_controller]: [92mConfigured and activated [1mrobot_lab_controller[0m
[planner_server-17] [INFO] [1790084736.155033034] [global_costmap.global_costmap]: start
[INFO] [spawner-25]: process has finished cleanly [pid 193218]
[planner_server-17] [INFO] [1790084737.205960247] [planner_server]: Activating plugin GridBased of type SmacPlanner2D
[planner_server-17] [INFO] [1790084737.206909793] [planner_server]: Creating bond (planner_server) to lifecycle manager.
[lifecycle_manager-21] [INFO] [1790084737.311148026] [lifecycle_manager_navigation]: Server planner_server connected with bond.
[lifecycle_manager-21] [INFO] [1790084737.311249144] [lifecycle_manager_navigation]: [34m[1mActivating smoother_server[0m[0m
[smoother_server-18] [INFO] [1790084737.311616815] [smoother_server]: Activating
[smoother_server-18] [INFO] [1790084737.311692302] [smoother_server]: Creating bond (smoother_server) to lifecycle manager.
[lifecycle_manager-21] [INFO] [1790084737.415952871] [lifecycle_manager_navigation]: Server smoother_server connected with bond.
[lifecycle_manager-21] [INFO] [1790084737.416037541] [lifecycle_manager_navigation]: [34m[1mActivating bt_navigator[0m[0m
[bt_navigator-19] [INFO] [1790084737.416460987] [bt_navigator]: Activating
[bt_navigator-19] [INFO] [1790084737.511551051] [bt_navigator]: Creating bond (bt_navigator) to lifecycle manager.
[lifecycle_manager-21] [INFO] [1790084737.616431829] [lifecycle_manager_navigation]: Server bt_navigator connected with bond.
[lifecycle_manager-21] [INFO] [1790084737.616514387] [lifecycle_manager_navigation]: [34m[1mActivating behavior_server[0m[0m
[behavior_server-20] [INFO] [1790084737.616922666] [behavior_server]: Activating
[behavior_server-20] [INFO] [1790084737.616984680] [behavior_server]: Activating spin
[behavior_server-20] [INFO] [1790084737.617007432] [behavior_server]: Activating backup
[behavior_server-20] [INFO] [1790084737.617025032] [behavior_server]: Activating wait
[behavior_server-20] [INFO] [1790084737.617060295] [behavior_server]: Creating bond (behavior_server) to lifecycle manager.
[lifecycle_manager-21] [INFO] [1790084737.721582362] [lifecycle_manager_navigation]: Server behavior_server connected with bond.
[lifecycle_manager-21] [INFO] [1790084737.721674264] [lifecycle_manager_navigation]: [34m[1mManaged nodes are active[0m[0m
[lifecycle_manager-21] [INFO] [1790084737.721727958] [lifecycle_manager_navigation]: [34m[1mCreating bond timer...[0m[0m
[ign gazebo-2] [1;36m[Dbg] [RenderUtil.cc:2591] [0m[1;36mCreate scene [[0m[1;36mscene[0m[1;36m][0m[1;36m[0m
[ign gazebo-2] [1;36m[Dbg] [Sensors.cc:610] [0m[1;36mInitialization needed[0m[1;36m[0m
[ign gazebo-2] [1;36m[Dbg] [Sensors.cc:284] [0m[1;36mRendering Thread initialized[0m[1;36m[0m
[ign gazebo-2] [1;36m[Dbg] [RgbdCameraSensor.cc:219] [0m[1;36mRGB images for [[0m[1;36mlabbot::oakd_rgb_camera_frame::rgbd_camera[0m[1;36m] advertised on [[0m[1;36mworld/nav_obstacle/model/labbot/link/oakd_rgb_camera_frame/sensor/rgbd_camera[0m[1;36m/image][0m[1;36m[0m
[ign gazebo-2] [1;36m[Dbg] [RgbdCameraSensor.cc:233] [0m[1;36mDepth images for [[0m[1;36mlabbot::oakd_rgb_camera_frame::rgbd_camera[0m[1;36m] advertised on [[0m[1;36mworld/nav_obstacle/model/labbot/link/oakd_rgb_camera_frame/sensor/rgbd_camera[0m[1;36m/depth_image][0m[1;36m[0m
[ign gazebo-2] [1;36m[Dbg] [RgbdCameraSensor.cc:247] [0m[1;36mPoints for [[0m[1;36mlabbot::oakd_rgb_camera_frame::rgbd_camera[0m[1;36m] advertised on [[0m[1;36mworld/nav_obstacle/model/labbot/link/oakd_rgb_camera_frame/sensor/rgbd_camera[0m[1;36m/points][0m[1;36m[0m
[ign gazebo-2] [1;36m[Dbg] [CameraSensor.cc:705] [0m[1;36mCamera info for [[0m[1;36mlabbot::oakd_rgb_camera_frame::rgbd_camera[0m[1;36m] advertised on [[0m[1;36mworld/nav_obstacle/model/labbot/link/oakd_rgb_camera_frame/sensor/rgbd_camera/camera_info[0m[1;36m][0m[1;36m[0m
[ign gazebo-2] [1;36m[Dbg] [Lidar.cc:138] [0m[1;36mLaser scans for [[0m[1;36mlabbot::base_footprint::lidar[0m[1;36m] advertised on [[0m[1;36mscan[0m[1;36m][0m[1;36m[0m
[ign gazebo-2] [1;36m[Dbg] [GpuLidarSensor.cc:163] [0m[1;36mLidar points for [[0m[1;36mlabbot::base_footprint::lidar[0m[1;36m] advertised on [[0m[1;36mscan/points[0m[1;36m][0m[1;36m[0m
[behavior_server-20] [INFO] [1790084759.070123280] [rclcpp]: signal_handler(SIGINT/SIGTERM)
[behavior_server-20] [INFO] [1790084759.070276397] [behavior_server]: Running Nav2 LifecycleNode rcl preshutdown (behavior_server)
[behavior_server-20] [INFO] [1790084759.070382410] [behavior_server]: Deactivating
[behavior_server-20] [INFO] [1790084759.070413770] [behavior_server]: Destroying bond (behavior_server) to lifecycle manager.
[ekf_node-14] [INFO] [1790084759.070118960] [rclcpp]: signal_handler(SIGINT/SIGTERM)
[twist_marker-8] [INFO] [1790084759.070150832] [rclcpp]: signal_handler(SIGINT/SIGTERM)
[map_server-11] [INFO] [1790084759.070178095] [rclcpp]: signal_handler(SIGINT/SIGTERM)
[map_server-11] [INFO] [1790084759.070346987] [map_server]: Running Nav2 LifecycleNode rcl preshutdown (map_server)
[map_server-11] [INFO] [1790084759.070446793] [map_server]: Deactivating
[map_server-11] [INFO] [1790084759.070470024] [map_server]: Destroying bond (map_server) to lifecycle manager.
[smoother_server-18] [INFO] [1790084759.070189551] [rclcpp]: signal_handler(SIGINT/SIGTERM)
[smoother_server-18] [INFO] [1790084759.070289133] [smoother_server]: Running Nav2 LifecycleNode rcl preshutdown (smoother_server)
[smoother_server-18] [INFO] [1790084759.070384938] [smoother_server]: Deactivating
[smoother_server-18] [INFO] [1790084759.070413610] [smoother_server]: Destroying bond (smoother_server) to lifecycle manager.
[bt_navigator-19] [INFO] [1790084759.070545671] [rclcpp]: signal_handler(SIGINT/SIGTERM)
[bt_navigator-19] [INFO] [1790084759.070651044] [bt_navigator]: Running Nav2 LifecycleNode rcl preshutdown (bt_navigator)
[bt_navigator-19] [INFO] [1790084759.070750978] [bt_navigator]: Deactivating
[bt_navigator-19] [INFO] [1790084759.070778177] [bt_navigator]: Destroying bond (bt_navigator) to lifecycle manager.
[twist_mux-7] [INFO] [1790084759.070658724] [rclcpp]: signal_handler(SIGINT/SIGTERM)
[robot_state_publisher-1] [INFO] [1790084759.070684355] [rclcpp]: signal_handler(SIGINT/SIGTERM)
[joy_node-6] [INFO] [1790084759.070948669] [rclcpp]: signal_handler(SIGINT/SIGTERM)
[lifecycle_manager-13] [INFO] [1790084759.071101850] [rclcpp]: signal_handler(SIGINT/SIGTERM)
[lifecycle_manager-13] [INFO] [1790084759.071190232] [lifecycle_manager_localization]: Running Nav2 LifecycleManager rcl preshutdown (lifecycle_manager_localization)
[lifecycle_manager-13] [INFO] [1790084759.071240951] [lifecycle_manager_localization]: [34m[1mTerminating bond timer...[0m[0m
[parameter_bridge-3] [INFO] [1790084759.071112666] [rclcpp]: signal_handler(SIGINT/SIGTERM)
[controller_server-16] [INFO] [1790084759.071317589] [rclcpp]: signal_handler(SIGINT/SIGTERM)
[controller_server-16] [INFO] [1790084759.071427922] [controller_server]: Running Nav2 LifecycleNode rcl preshutdown (controller_server)
[controller_server-16] [INFO] [1790084759.071513552] [controller_server]: Deactivating
[controller_server-16] [INFO] [1790084759.071561263] [local_costmap.local_costmap]: Deactivating
[planner_server-17] [INFO] [1790084759.071513040] [rclcpp]: signal_handler(SIGINT/SIGTERM)
[planner_server-17] [INFO] [1790084759.071598798] [planner_server]: Running Nav2 LifecycleNode rcl preshutdown (planner_server)
[amcl-12] [0m[INFO] [1790084759.077013585] [rclcpp]: signal_handler(SIGINT/SIGTERM)[0m
[amcl-12] [0m[INFO] [1790084759.077146734] [amcl]: Running Nav2 LifecycleNode rcl preshutdown (amcl)[0m
[amcl-12] [0m[INFO] [1790084759.077248012] [amcl]: Deactivating[0m
[amcl-12] [0m[INFO] [1790084759.077281707] [amcl]: Destroying bond (amcl) to lifecycle manager.[0m
[amcl-12] [0m[INFO] [1790084759.087681627] [amcl]: Cleaning up[0m
[amcl-12] [0m[INFO] [1790084759.105471649] [amcl]: Destroying bond (amcl) to lifecycle manager.[0m
[lifecycle_manager-21] [INFO] [1790084759.076763575] [rclcpp]: signal_handler(SIGINT/SIGTERM)
[lifecycle_manager-21] [INFO] [1790084759.076890484] [lifecycle_manager_navigation]: Running Nav2 LifecycleManager rcl preshutdown (lifecycle_manager_navigation)
[lifecycle_manager-21] [INFO] [1790084759.076956691] [lifecycle_manager_navigation]: [34m[1mTerminating bond timer...[0m[0m
[twist_relay-10] [INFO] [1790084759.077538149] [rclcpp]: signal_handler(SIGINT/SIGTERM)
[planner_server-17] [INFO] [1790084759.078230677] [planner_server]: Deactivating
[planner_server-17] [INFO] [1790084759.078297748] [global_costmap.global_costmap]: Deactivating
[INFO] [parameter_bridge-3]: process has finished cleanly [pid 192705]
[smoother_server-18] [INFO] [1790084759.080829849] [smoother_server]: Cleaning up
[smoother_server-18] [INFO] [1790084759.123313669] [smoother_server]: Destroying bond (smoother_server) to lifecycle manager.
[behavior_server-20] [INFO] [1790084759.080958678] [behavior_server]: Cleaning up
[behavior_server-20] [INFO] [1790084759.109927674] [behavior_server]: Destroying bond (behavior_server) to lifecycle manager.
[map_server-11] [INFO] [1790084759.081516458] [map_server]: Cleaning up
[map_server-11] [INFO] [1790084759.081665862] [map_server]: Destroying bond (map_server) to lifecycle manager.
[bt_navigator-19] [INFO] [1790084759.111186621] [bt_navigator]: Cleaning up
[planner_server-17] [INFO] [1790084759.155336451] [planner_server]: Deactivating plugin GridBased of type SmacPlanner2D
[planner_server-17] [INFO] [1790084759.155423553] [planner_server]: Destroying bond (planner_server) to lifecycle manager.
[planner_server-17] [INFO] [1790084759.165682836] [planner_server]: Cleaning up
[amcl-12] [0m[INFO] [1790084759.180010025] [amcl]: Destroying[0m
[planner_server-17] [INFO] [1790084759.181338859] [global_costmap.global_costmap]: Cleaning up
[planner_server-17] [INFO] [1790084759.193248184] [planner_server]: Cleaning up plugin GridBased of type SmacPlanner2D
[planner_server-17] [INFO] [1790084759.193501842] [planner_server]: Destroying plugin GridBased of type SmacPlanner2D
[ign gazebo-2] [INFO] [1790084759.199357067] [rclcpp]: signal_handler(SIGINT/SIGTERM)
[ign gazebo-2] [INFO] [1790084759.199584774] [controller_manager]: Shutdown request received....
[ign gazebo-2] [INFO] [1790084759.199752322] [controller_manager]: Shutting down all controllers in the controller manager.
[ign gazebo-2] [INFO] [1790084759.199802849] [controller_manager]: Deactivating controller 'joint_state_broadcaster'
[ign gazebo-2] [INFO] [1790084759.199869663] [controller_manager]: Shutting down controller 'joint_state_broadcaster'
[ign gazebo-2] [INFO] [1790084759.199929342] [controller_manager]: Deactivating controller 'robot_lab_controller'
[ign gazebo-2] [INFO] [1790084759.199978973] [controller_manager]: Shutting down controller 'robot_lab_controller'
[ign gazebo-2] [INFO] [1790084759.200027548] [resource_manager]: 'deactivate' hardware 'RobotSystem' 
[ign gazebo-2] [INFO] [1790084759.200057371] [resource_manager]: Successful 'deactivate' of hardware 'RobotSystem'
[ign gazebo-2] [INFO] [1790084759.200063515] [resource_manager]: 'shutdown' hardware 'RobotSystem' 
[ign gazebo-2] [INFO] [1790084759.200068891] [resource_manager]: Successful 'shutdown' of hardware 'RobotSystem'
[ign gazebo-2] [INFO] [1790084759.200073594] [controller_manager]: Shutting down the controller manager.
[planner_server-17] [INFO] [1790084759.204515732] [planner_server]: Destroying bond (planner_server) to lifecycle manager.
[smoother_server-18] [INFO] [1790084759.216232070] [smoother_server]: Destroying
[behavior_server-20] [INFO] [1790084759.221154356] [behavior_server]: Destroying
[map_server-11] [INFO] [1790084759.230154437] [map_server]: Destroying
[lifecycle_manager-13] [INFO] [1790084759.244118690] [lifecycle_manager_localization]: Destroying lifecycle_manager_localization
[controller_server-16] [INFO] [1790084759.246310576] [controller_server]: Destroying bond (controller_server) to lifecycle manager.
[controller_server-16] [INFO] [1790084759.256608386] [controller_server]: Cleaning up
[controller_server-16] [INFO] [1790084759.256847965] [local_costmap.local_costmap]: Cleaning up
[controller_server-16] [INFO] [1790084759.286318517] [controller_server]: Destroying bond (controller_server) to lifecycle manager.
[joystick_relay.py-9] Traceback (most recent call last):
[joystick_relay.py-9]   File "/opt/ros/humble/lib/twist_mux/joystick_relay.py", line 302, in <module>
[joystick_relay.py-9]     main()
[joystick_relay.py-9]   File "/opt/ros/humble/lib/twist_mux/joystick_relay.py", line 293, in main
[joystick_relay.py-9]     rclpy.spin(node)
[joystick_relay.py-9]   File "/opt/ros/humble/local/lib/python3.10/dist-packages/rclpy/__init__.py", line 229, in spin
[joystick_relay.py-9]     executor.spin_once()
[joystick_relay.py-9]   File "/opt/ros/humble/local/lib/python3.10/dist-packages/rclpy/executors.py", line 812, in spin_once
[joystick_relay.py-9]     self._spin_once_impl(timeout_sec)
[joystick_relay.py-9]   File "/opt/ros/humble/local/lib/python3.10/dist-packages/rclpy/executors.py", line 801, in _spin_once_impl
[joystick_relay.py-9]     handler, entity, node = self.wait_for_ready_callbacks(timeout_sec=timeout_sec)
[joystick_relay.py-9]   File "/opt/ros/humble/local/lib/python3.10/dist-packages/rclpy/executors.py", line 784, in wait_for_ready_callbacks
[joystick_relay.py-9]     return next(self._cb_iter)
[joystick_relay.py-9]   File "/opt/ros/humble/local/lib/python3.10/dist-packages/rclpy/executors.py", line 657, in _wait_for_ready_callbacks
[joystick_relay.py-9]     wait_set = _rclpy.WaitSet(
[joystick_relay.py-9] rclpy._rclpy_pybind11.RCLError: failed to initialize wait set: the given context is not valid, either rcl_init() was not called or rcl_shutdown() was called., at ./src/rcl/wait.c:130
[planner_server-17] [INFO] [1790084759.312055907] [global_costmap.global_costmap]: Destroying
[planner_server-17] [INFO] [1790084759.338758427] [planner_server]: Destroying
[controller_server-16] [INFO] [1790084759.356999926] [local_costmap.local_costmap]: Destroying
[lifecycle_manager-21] [INFO] [1790084759.380155328] [lifecycle_manager_navigation]: Destroying lifecycle_manager_navigation
[controller_server-16] [INFO] [1790084759.386549997] [controller_server]: Destroying
[bt_navigator-19] [INFO] [1790084759.409419997] [bt_navigator]: Completed Cleaning up
[bt_navigator-19] [INFO] [1790084759.409590905] [bt_navigator]: Destroying bond (bt_navigator) to lifecycle manager.
[bt_navigator-19] [INFO] [1790084759.416681877] [bt_navigator]: Destroying
[INFO] [twist_relay-10]: process has finished cleanly [pid 192727]
[INFO] [twist_mux-7]: process has finished cleanly [pid 192714]
[INFO] [twist_marker-8]: process has finished cleanly [pid 192716]
[INFO] [joy_node-6]: process has finished cleanly [pid 192712]
[INFO] [robot_state_publisher-1]: process has finished cleanly [pid 192701]
[imu_republisher.py-15] Traceback (most recent call last):
[imu_republisher.py-15]   File "/workspace/molar/ros_ws/bumperbot_ws/install/robot_lab_localization/lib/robot_lab_localization/imu_republisher.py", line 54, in <module>
[imu_republisher.py-15]     main()
[imu_republisher.py-15]   File "/workspace/molar/ros_ws/bumperbot_ws/install/robot_lab_localization/lib/robot_lab_localization/imu_republisher.py", line 45, in main
[imu_republisher.py-15]     rclpy.spin(node)
[imu_republisher.py-15]   File "/opt/ros/humble/local/lib/python3.10/dist-packages/rclpy/__init__.py", line 229, in spin
[imu_republisher.py-15]     executor.spin_once()
[imu_republisher.py-15]   File "/opt/ros/humble/local/lib/python3.10/dist-packages/rclpy/executors.py", line 812, in spin_once
[imu_republisher.py-15]     self._spin_once_impl(timeout_sec)
[imu_republisher.py-15]   File "/opt/ros/humble/local/lib/python3.10/dist-packages/rclpy/executors.py", line 809, in _spin_once_impl
[imu_republisher.py-15]     raise handler.exception()
[imu_republisher.py-15]   File "/opt/ros/humble/local/lib/python3.10/dist-packages/rclpy/task.py", line 309, in _execute_coroutine_step
[imu_republisher.py-15]     result = coro.send(None)
[imu_republisher.py-15]   File "/opt/ros/humble/local/lib/python3.10/dist-packages/rclpy/executors.py", line 488, in handler
[imu_republisher.py-15]     await call_coroutine(entity, arg)
[imu_republisher.py-15]   File "/opt/ros/humble/local/lib/python3.10/dist-packages/rclpy/executors.py", line 407, in _execute_subscription
[imu_republisher.py-15]     await await_or_execute(sub.callback, msg)
[imu_republisher.py-15]   File "/opt/ros/humble/local/lib/python3.10/dist-packages/rclpy/executors.py", line 110, in await_or_execute
[imu_republisher.py-15]     return callback(*args)
[imu_republisher.py-15]   File "/workspace/molar/ros_ws/bumperbot_ws/install/robot_lab_localization/lib/robot_lab_localization/imu_republisher.py", line 34, in imuCallback
[imu_republisher.py-15]     imu_pub.publish(imu)
[imu_republisher.py-15]   File "/opt/ros/humble/local/lib/python3.10/dist-packages/rclpy/publisher.py", line 70, in publish
[imu_republisher.py-15]     self.__publisher.publish(msg)
[imu_republisher.py-15] rclpy._rclpy_pybind11.RCLError: Failed to publish: publisher's context is invalid, at ./src/rcl/publisher.c:389
[INFO] [behavior_server-20]: process has finished cleanly [pid 192894]
[INFO] [smoother_server-18]: process has finished cleanly [pid 192851]
[INFO] [gz_pointcloud_to_optical.py-4]: process has finished cleanly [pid 192707]
[INFO] [map_server-11]: process has finished cleanly [pid 192738]
[INFO] [lifecycle_manager-13]: process has finished cleanly [pid 192759]
[INFO] [ekf_node-14]: process has finished cleanly [pid 192780]
[joy_teleop-5] Traceback (most recent call last):
[joy_teleop-5]   File "/opt/ros/humble/lib/joy_teleop/joy_teleop", line 33, in <module>
[joy_teleop-5]     sys.exit(load_entry_point('joy-teleop==1.6.0', 'console_scripts', 'joy_teleop')())
[joy_teleop-5]   File "/opt/ros/humble/lib/python3.10/site-packages/joy_teleop/joy_teleop.py", line 442, in main
[joy_teleop-5]     rclpy.shutdown()
[joy_teleop-5]   File "/opt/ros/humble/local/lib/python3.10/dist-packages/rclpy/__init__.py", line 130, in shutdown
[joy_teleop-5]     _shutdown(context=context)
[joy_teleop-5]   File "/opt/ros/humble/local/lib/python3.10/dist-packages/rclpy/utilities.py", line 58, in shutdown
[joy_teleop-5]     return context.shutdown()
[joy_teleop-5]   File "/opt/ros/humble/local/lib/python3.10/dist-packages/rclpy/context.py", line 102, in shutdown
[joy_teleop-5]     self.__context.shutdown()
[joy_teleop-5] rclpy._rclpy_pybind11.RCLError: failed to shutdown: rcl_shutdown already called on the given context, at ./src/rcl/init.c:241
[ERROR] [imu_republisher.py-15]: process has died [pid 192794, exit code 1, cmd '/workspace/molar/ros_ws/bumperbot_ws/install/robot_lab_localization/lib/robot_lab_localization/imu_republisher.py --ros-args --params-file /workspace/molar/.tmp/launch_params_ms5vyhwu'].
[INFO] [wheel_imu_fusion-22]: process has finished cleanly [pid 192899]
[INFO] [planner_server-17]: process has finished cleanly [pid 192849]
[INFO] [lifecycle_manager-21]: process has finished cleanly [pid 192897]
[ERROR] [joy_teleop-5]: process has died [pid 192710, exit code 1, cmd '/opt/ros/humble/lib/joy_teleop/joy_teleop --ros-args --params-file /workspace/molar/ros_ws/bumperbot_ws/install/robot_lab_controller/share/robot_lab_controller/config/joy_teleop.yaml --params-file /workspace/molar/.tmp/launch_params_6nqph6v1'].
[INFO] [controller_server-16]: process has finished cleanly [pid 192796]
[INFO] [bt_navigator-19]: process has finished cleanly [pid 192878]
[ERROR] [joystick_relay.py-9]: process has died [pid 192724, exit code 1, cmd '/opt/ros/humble/lib/twist_mux/joystick_relay.py --ros-args --params-file /workspace/molar/.tmp/launch_params_us_ex4ob --params-file /workspace/molar/ros_ws/bumperbot_ws/install/robot_lab_controller/share/robot_lab_controller/config/twist_mux_joy.yaml -r joy_vel_in:=input_joy/cmd_vel -r joy_vel_out:=joy_vel'].
[ign gazebo-2] [1;36m[Dbg] [SignalHandler.cc:141] [0m[1;36mReceived signal[[0m[1;36m2[0m[1;36m].[0m
[ign gazebo-2] [1;36m[Dbg] [ServerPrivate.cc:110] [0m[1;36mServer received signal[[0m[1;36m2[0m[1;36m][0m
[ign gazebo-2] [1;36m[Dbg] [Sensors.cc:439] [0m[1;36mSensorsPrivate::Stop[0m[1;36m[0m
[ign gazebo-2] [1;36m[Dbg] [Sensors.cc:425] [0m[1;36mSensorsPrivate::RenderThread stopped[0m[1;36m[0m
[ign gazebo-2] [1;36m[Dbg] [gz.cc:410] [0m[1;36mShutting down ign-gazebo-server[0m[1;36m[0m
[ign gazebo-2] [1;36m[Dbg] [SimulationRunner.cc:528] [0m[1;36mExiting postupdate worker thread ([0m[1;36m2[0m[1;36m)[0m[1;36m[0m
[ign gazebo-2] [1;36m[Dbg] [SimulationRunner.cc:528] [0m[1;36mExiting postupdate worker thread ([0m[1;36m0[0m[1;36m)[0m[1;36m[0m
[ign gazebo-2] [1;36m[Dbg] [SimulationRunner.cc:528] [0m[1;36mExiting postupdate worker thread ([0m[1;36m1[0m[1;36m)[0m[1;36m[0m
[ign gazebo-2] [1;36m[Dbg] [SimulationRunner.cc:528] [0m[1;36mExiting postupdate worker thread ([0m[1;36m3[0m[1;36m)[0m[1;36m[0m
[ign gazebo-2] [1;36m[Dbg] [Sensors.cc:439] [0m[1;36mSensorsPrivate::Stop[0m[1;36m[0m
[INFO] [ign gazebo-2]: process has finished cleanly [pid 192703]
[INFO] [launch]: process[ign gazebo-2] was required: shutting down launched system
[INFO] [amcl-12]: sending signal 'SIGINT' to process[amcl-12]
[INFO] [amcl-12]: process has finished cleanly [pid 192741]
