[INFO] [launch]: All log files can be found below /home/molar1/.ros/log/2026-09-28-13-18-33-361257-molar1-195646
[INFO] [launch]: Default logging verbosity is set to INFO
[robot_lab] algorithm localization=amcl -> global_localization stack
[robot_lab] algorithm state_estimation=ekf_localization_node -> local_localization stack
[robot_lab] algorithm sensor_fusion=wheel_imu_fusion -> node robot_lab_algorithms/wheel_imu_fusion
[INFO] [go2-stance-gait-controller-1]: process started with pid [195683]
[INFO] [robot_state_publisher-2]: process started with pid [195685]
[INFO] [mujoco_spawner-3]: process started with pid [195687]
[INFO] [joy_teleop-4]: process started with pid [195689]
[INFO] [joy_node-5]: process started with pid [195691]
[INFO] [twist_mux-6]: process started with pid [195693]
[INFO] [twist_marker-7]: process started with pid [195695]
[INFO] [joystick_relay.py-8]: process started with pid [195697]
[INFO] [twist_relay-9]: process started with pid [195701]
[INFO] [simulator_ready_gate-10]: process started with pid [195711]
[robot_state_publisher-2] [INFO] [1790594314.268087843] [robot_state_publisher]: got segment FL_calf
[robot_state_publisher-2] [INFO] [1790594314.269516416] [robot_state_publisher]: got segment FL_calf_rotor
[robot_state_publisher-2] [INFO] [1790594314.270460266] [robot_state_publisher]: got segment FL_foot
[robot_state_publisher-2] [INFO] [1790594314.271467153] [robot_state_publisher]: got segment FL_hip
[robot_state_publisher-2] [INFO] [1790594314.272867471] [robot_state_publisher]: got segment FL_hip_rotor
[robot_state_publisher-2] [INFO] [1790594314.274353803] [robot_state_publisher]: got segment FL_thigh
[robot_state_publisher-2] [INFO] [1790594314.277390113] [robot_state_publisher]: got segment FL_thigh_rotor
[twist_mux-6] [INFO] [1790594314.277889045] [twist_mux]: Topic handler 'topics.joystick' subscribed to topic 'joy_vel': timeout = 0.500000s , priority = 99.
[twist_mux-6] [INFO] [1790594314.278857342] [twist_mux]: Topic handler 'topics.keyboard' subscribed to topic 'key_vel': timeout = 0.500000s , priority = 90.
[twist_mux-6] [INFO] [1790594314.279015290] [twist_mux]: Topic handler 'topics.navigation' subscribed to topic 'cmd_vel': timeout = 0.500000s , priority = 80.
[twist_mux-6] [INFO] [1790594314.279134455] [twist_mux]: Topic handler 'locks.safety_stop' subscribed to topic 'safety_stop': timeout = None , priority = 255.
[robot_state_publisher-2] [INFO] [1790594314.281992657] [robot_state_publisher]: got segment FR_calf
[robot_state_publisher-2] [INFO] [1790594314.283070679] [robot_state_publisher]: got segment FR_calf_rotor
[robot_state_publisher-2] [INFO] [1790594314.284142365] [robot_state_publisher]: got segment FR_foot
[robot_state_publisher-2] [INFO] [1790594314.284957545] [robot_state_publisher]: got segment FR_hip
[robot_state_publisher-2] [INFO] [1790594314.285746390] [robot_state_publisher]: got segment FR_hip_rotor
[robot_state_publisher-2] [INFO] [1790594314.286426982] [robot_state_publisher]: got segment FR_thigh
[robot_state_publisher-2] [INFO] [1790594314.286450693] [robot_state_publisher]: got segment FR_thigh_rotor
[robot_state_publisher-2] [INFO] [1790594314.286462853] [robot_state_publisher]: got segment RL_calf
[robot_state_publisher-2] [INFO] [1790594314.286474340] [robot_state_publisher]: got segment RL_calf_rotor
[robot_state_publisher-2] [INFO] [1790594314.286482180] [robot_state_publisher]: got segment RL_foot
[robot_state_publisher-2] [INFO] [1790594314.286489764] [robot_state_publisher]: got segment RL_hip
[robot_state_publisher-2] [INFO] [1790594314.286497444] [robot_state_publisher]: got segment RL_hip_rotor
[robot_state_publisher-2] [INFO] [1790594314.286504900] [robot_state_publisher]: got segment RL_thigh
[robot_state_publisher-2] [INFO] [1790594314.286512164] [robot_state_publisher]: got segment RL_thigh_rotor
[robot_state_publisher-2] [INFO] [1790594314.286519523] [robot_state_publisher]: got segment RR_calf
[robot_state_publisher-2] [INFO] [1790594314.286527203] [robot_state_publisher]: got segment RR_calf_rotor
[robot_state_publisher-2] [INFO] [1790594314.286535523] [robot_state_publisher]: got segment RR_foot
[robot_state_publisher-2] [INFO] [1790594314.286543011] [robot_state_publisher]: got segment RR_hip
[robot_state_publisher-2] [INFO] [1790594314.286550563] [robot_state_publisher]: got segment RR_hip_rotor
[robot_state_publisher-2] [INFO] [1790594314.286557634] [robot_state_publisher]: got segment RR_thigh
[robot_state_publisher-2] [INFO] [1790594314.286564962] [robot_state_publisher]: got segment RR_thigh_rotor
[robot_state_publisher-2] [INFO] [1790594314.286571714] [robot_state_publisher]: got segment base
[robot_state_publisher-2] [INFO] [1790594314.286580130] [robot_state_publisher]: got segment front_camera
[robot_state_publisher-2] [INFO] [1790594314.286587202] [robot_state_publisher]: got segment imu_link
[robot_state_publisher-2] [INFO] [1790594314.286595810] [robot_state_publisher]: got segment trunk
[go2-stance-gait-controller-1] [0;93m2026-09-28 13:18:34.921770810 [W:onnxruntime:Default, device_discovery.cc:164 DiscoverDevicesForPlatform] GPU device discovery failed: device_discovery.cc:89 ReadFileContents Failed to open file: "/sys/class/drm/card1/device/vendor"[m
[go2-stance-gait-controller-1] [INFO] [1790594314.984056433] [go2_stance_gait_controller]: Go2 closed-loop stance: 12 effort joints at 250.0 Hz; controller ONNX velocity policy
[mujoco_spawner-3] [INFO] [1790594316.241777428] [mujoco_spawner]: MuJoCo: 18 collision proxy geom(s) moved to group 3 (viewer Rendering tab to show them).
[mujoco_spawner-3] [INFO] [1790594316.288128592] [mujoco_spawner]: MuJoCo URDF import OK (all meshes staged).
[mujoco_spawner-3] [WARN] [1790594316.297248467] [mujoco_spawner]: MuJoCo effort plant: no MJCF beside /home/molar1/bumperbot_ws/install/robot_lab_robots/share/robot_lab_robots/unitree/go2_description/xacro/go2_sim.xacro names every effort joint; keeping the URDF <dynamics> (damping=5.0 is a Gazebo stabiliser the robot does not have).
[mujoco_spawner-3] [INFO] [1790594316.343642382] [mujoco_spawner]: MuJoCo physics timestep: 0.0010 s
[mujoco_spawner-3] [INFO] [1790594316.345005357] [mujoco_spawner]: Robot has no 'oakd_rgb_camera_frame' link; no RGB-D camera is published.
[mujoco_spawner-3] [INFO] [1790594316.345791450] [mujoco_spawner]: Joints: ['FR_hip_joint', 'FR_thigh_joint', 'FR_calf_joint', 'FL_hip_joint', 'FL_thigh_joint', 'FL_calf_joint', 'RR_hip_joint', 'RR_thigh_joint', 'RR_calf_joint', 'RL_hip_joint', 'RL_thigh_joint', 'RL_calf_joint']   lw= rw=
[mujoco_spawner-3] [INFO] [1790594316.348113793] [mujoco_spawner]: MuJoCo effort joint armature: 0.0100 kg m^2
[mujoco_spawner-3] [INFO] [1790594316.349606653] [mujoco_spawner]: Joint effort input: /go2_group_effort_controller/commands (12 joints, URDF limits)
[mujoco_spawner-3] [INFO] [1790594316.351611085] [mujoco_spawner]: Spawn ground clearance: raised root by 0.1665 m
[mujoco_spawner-3] [INFO] [1790594316.352429945] [mujoco_spawner]: MuJoCo model loaded: 14 bodies, 13 joints
[mujoco_spawner-3] [INFO] [1790594316.352944460] [mujoco_spawner]: MuJoCo gui param=False (resolved=False), DISPLAY=:1 -> mode=DIRECT
[mujoco_spawner-3] [INFO] [1790594316.353428288] [mujoco_spawner]: MuJoCo running headless (gui=False, viewer=True).
[mujoco_spawner-3] [INFO] [1790594316.359576619] [mujoco_spawner]: MuJoCo spawner running.
[go2-stance-gait-controller-1] [WARN] [1790594316.360778958] [go2_stance_gait_controller]: Go2 safety safe_stop: tilt 1.40 rad exceeds fall threshold
[go2-stance-gait-controller-1] [INFO] [1790594316.362413095] [go2_stance_gait_controller]: Go2 recovery idle
[go2-stance-gait-controller-1] [INFO] [1790594316.500552048] [go2_stance_gait_controller]: Go2 recovery attempting:tuck
[INFO] [simulator_ready_gate-10]: process has finished cleanly [pid 195711]
[INFO] [amcl-12]: process started with pid [195952]
[INFO] [map_server-11]: process started with pid [195950]
[INFO] [lifecycle_manager-13]: process started with pid [195954]
[INFO] [ekf_node-14]: process started with pid [195956]
[INFO] [imu_republisher.py-15]: process started with pid [195958]
[INFO] [wheel_imu_fusion-16]: process started with pid [195960]
[amcl-12] [0m[INFO] [1790594316.761046115] [amcl]: 
[amcl-12] 	amcl lifecycle node launched. 
[amcl-12] 	Waiting on external lifecycle transitions to activate
[amcl-12] 	See https://design.ros2.org/articles/node_lifecycle.html for more information.[0m
[lifecycle_manager-13] [INFO] [1790594316.764915109] [lifecycle_manager_localization]: Creating
[amcl-12] [0m[INFO] [1790594316.763461864] [amcl]: Creating[0m
[lifecycle_manager-13] [INFO] [1790594316.767692385] [lifecycle_manager_localization]: [34m[1mCreating and initializing lifecycle service clients[0m[0m
[map_server-11] [INFO] [1790594316.825024883] [map_server]: 
[map_server-11] 	map_server lifecycle node launched. 
[map_server-11] 	Waiting on external lifecycle transitions to activate
[map_server-11] 	See https://design.ros2.org/articles/node_lifecycle.html for more information.
[lifecycle_manager-13] [INFO] [1790594316.825982076] [lifecycle_manager_localization]: [34m[1mStarting managed nodes bringup...[0m[0m
[lifecycle_manager-13] [INFO] [1790594316.826093145] [lifecycle_manager_localization]: [34m[1mConfiguring map_server[0m[0m
[map_server-11] [INFO] [1790594316.826389010] [map_server]: Creating
[map_server-11] [INFO] [1790594316.833793374] [map_server]: Configuring
[map_server-11] [INFO] [1790594316.834083447] [map_io]: Loading yaml file: /home/molar1/bumperbot_ws/install/robot_lab_maps/share/robot_lab_maps/maps/nav_empty/maps/map.yaml
[map_server-11] [INFO] [1790594316.834747975] [map_io]: resolution: 0.05
[map_server-11] [INFO] [1790594316.834773351] [map_io]: origin[0]: -7
[map_server-11] [INFO] [1790594316.834780134] [map_io]: origin[1]: -7
[map_server-11] [INFO] [1790594316.834784838] [map_io]: origin[2]: 0
[map_server-11] [INFO] [1790594316.834789766] [map_io]: free_thresh: 0.196
[map_server-11] [INFO] [1790594316.834794726] [map_io]: occupied_thresh: 0.65
[map_server-11] [INFO] [1790594316.834800678] [map_io]: mode: trinary
[map_server-11] [INFO] [1790594316.834807366] [map_io]: negate: 0
[map_server-11] [INFO] [1790594316.835279066] [map_io]: Loading image_file: /home/molar1/bumperbot_ws/install/robot_lab_maps/share/robot_lab_maps/maps/nav_empty/maps/map.pgm
[map_server-11] [INFO] [1790594316.848861361] [map_io]: Read map /home/molar1/bumperbot_ws/install/robot_lab_maps/share/robot_lab_maps/maps/nav_empty/maps/map.pgm: 280 X 280 map @ 0.05 m/cell
[lifecycle_manager-13] [INFO] [1790594316.858648067] [lifecycle_manager_localization]: [34m[1mConfiguring amcl[0m[0m
[amcl-12] [0m[INFO] [1790594316.910639447] [amcl]: Configuring[0m
[amcl-12] [0m[INFO] [1790594316.910815634] [amcl]: initTransforms[0m
[go2-stance-gait-controller-1] [INFO] [1790594316.908475403] [go2_stance_gait_controller]: Go2 recovery attempting:roll
[amcl-12] [0m[INFO] [1790594316.917713739] [amcl]: initPubSub[0m
[amcl-12] [0m[INFO] [1790594316.923247109] [amcl]: Subscribed to map topic.[0m
[lifecycle_manager-13] [INFO] [1790594316.935237378] [lifecycle_manager_localization]: [34m[1mActivating map_server[0m[0m
[map_server-11] [INFO] [1790594316.935706167] [map_server]: Activating
[map_server-11] [INFO] [1790594316.936041006] [map_server]: Creating bond (map_server) to lifecycle manager.
[amcl-12] [0m[INFO] [1790594316.937326927] [amcl]: Received a 280 X 280 map @ 0.050 m/pix[0m
[lifecycle_manager-13] [INFO] [1790594317.040925247] [lifecycle_manager_localization]: Server map_server connected with bond.
[lifecycle_manager-13] [INFO] [1790594317.041029565] [lifecycle_manager_localization]: [34m[1mActivating amcl[0m[0m
[amcl-12] [0m[INFO] [1790594317.041480754] [amcl]: Activating[0m
[amcl-12] [0m[INFO] [1790594317.041587695] [amcl]: initialPoseReceived[0m
[amcl-12] [0m[INFO] [1790594317.041814954] [amcl]: Setting pose (0.480000): -0.500 -0.500 0.000[0m
[amcl-12] [0m[INFO] [1790594317.042615447] [amcl]: Creating bond (amcl) to lifecycle manager.[0m
[lifecycle_manager-13] [INFO] [1790594317.147607430] [lifecycle_manager_localization]: Server amcl connected with bond.
[lifecycle_manager-13] [INFO] [1790594317.147690692] [lifecycle_manager_localization]: [34m[1mManaged nodes are active[0m[0m
[lifecycle_manager-13] [INFO] [1790594317.147717988] [lifecycle_manager_localization]: [34m[1mCreating bond timer...[0m[0m
[amcl-12] [0m[INFO] [1790594317.282669214] [amcl]: createLaserObject[0m
[wheel_imu_fusion-16] [INFO] [1790594317.516968720] [sensor_fusion_wheel_imu_fusion]: wheel_imu_fusion ready
[go2-stance-gait-controller-1] [INFO] [1790594317.611559260] [go2_stance_gait_controller]: Go2 recovery attempting:tuck
[go2-stance-gait-controller-1] [INFO] [1790594318.012063795] [go2_stance_gait_controller]: Go2 recovery attempting:crouch
[go2-stance-gait-controller-1] [INFO] [1790594318.614759731] [go2_stance_gait_controller]: Go2 recovery attempting:stand
[go2-stance-gait-controller-1] [INFO] [1790594319.355393006] [go2_stance_gait_controller]: Go2 recovery succeeded:stand
[amcl-12] [0m[INFO] [1790594339.524735845] [rclcpp]: signal_handler(SIGINT/SIGTERM)[0m
[amcl-12] [0m[INFO] [1790594339.524867298] [amcl]: Running Nav2 LifecycleNode rcl preshutdown (amcl)[0m
[amcl-12] [0m[INFO] [1790594339.524964160] [amcl]: Deactivating[0m
[amcl-12] [0m[INFO] [1790594339.524997919] [amcl]: Destroying bond (amcl) to lifecycle manager.[0m
[lifecycle_manager-13] [INFO] [1790594339.524706566] [rclcpp]: signal_handler(SIGINT/SIGTERM)
[lifecycle_manager-13] [INFO] [1790594339.524845955] [lifecycle_manager_localization]: Running Nav2 LifecycleManager rcl preshutdown (lifecycle_manager_localization)
[lifecycle_manager-13] [INFO] [1790594339.524907713] [lifecycle_manager_localization]: [34m[1mTerminating bond timer...[0m[0m
[ekf_node-14] [INFO] [1790594339.524679847] [rclcpp]: signal_handler(SIGINT/SIGTERM)
[twist_mux-6] [INFO] [1790594339.524780068] [rclcpp]: signal_handler(SIGINT/SIGTERM)
[map_server-11] [INFO] [1790594339.524816547] [rclcpp]: signal_handler(SIGINT/SIGTERM)
[map_server-11] [INFO] [1790594339.524955392] [map_server]: Running Nav2 LifecycleNode rcl preshutdown (map_server)
[map_server-11] [INFO] [1790594339.525040318] [map_server]: Deactivating
[map_server-11] [INFO] [1790594339.525061502] [map_server]: Destroying bond (map_server) to lifecycle manager.
[twist_marker-7] [INFO] [1790594339.524865762] [rclcpp]: signal_handler(SIGINT/SIGTERM)
[twist_relay-9] [INFO] [1790594339.525225626] [rclcpp]: signal_handler(SIGINT/SIGTERM)
[robot_state_publisher-2] [INFO] [1790594339.525299800] [rclcpp]: signal_handler(SIGINT/SIGTERM)
[joy_node-5] [INFO] [1790594339.525644752] [rclcpp]: signal_handler(SIGINT/SIGTERM)
[amcl-12] [0m[INFO] [1790594339.535387016] [amcl]: Cleaning up[0m
[map_server-11] [INFO] [1790594339.535381640] [map_server]: Cleaning up
[map_server-11] [INFO] [1790594339.535496005] [map_server]: Destroying bond (map_server) to lifecycle manager.
[amcl-12] [0m[INFO] [1790594339.546933173] [amcl]: Destroying bond (amcl) to lifecycle manager.[0m
[map_server-11] [INFO] [1790594339.548873319] [map_server]: Destroying
[amcl-12] [0m[INFO] [1790594339.559245552] [amcl]: Destroying[0m
[lifecycle_manager-13] [INFO] [1790594339.575283443] [lifecycle_manager_localization]: Destroying lifecycle_manager_localization
[joy_teleop-4] Traceback (most recent call last):
[joy_teleop-4]   File "/opt/ros/humble/lib/joy_teleop/joy_teleop", line 33, in <module>
[joy_teleop-4]     sys.exit(load_entry_point('joy-teleop==1.6.0', 'console_scripts', 'joy_teleop')())
[joy_teleop-4]   File "/opt/ros/humble/lib/python3.10/site-packages/joy_teleop/joy_teleop.py", line 435, in main
[joy_teleop-4]     rclpy.spin(node)
[joy_teleop-4]   File "/opt/ros/humble/local/lib/python3.10/dist-packages/rclpy/__init__.py", line 229, in spin
[joy_teleop-4]     executor.spin_once()
[joy_teleop-4]   File "/opt/ros/humble/local/lib/python3.10/dist-packages/rclpy/executors.py", line 812, in spin_once
[joy_teleop-4]     self._spin_once_impl(timeout_sec)
[joy_teleop-4]   File "/opt/ros/humble/local/lib/python3.10/dist-packages/rclpy/executors.py", line 801, in _spin_once_impl
[joy_teleop-4]     handler, entity, node = self.wait_for_ready_callbacks(timeout_sec=timeout_sec)
[joy_teleop-4]   File "/opt/ros/humble/local/lib/python3.10/dist-packages/rclpy/executors.py", line 784, in wait_for_ready_callbacks
[joy_teleop-4]     return next(self._cb_iter)
[joy_teleop-4]   File "/opt/ros/humble/local/lib/python3.10/dist-packages/rclpy/executors.py", line 685, in _wait_for_ready_callbacks
[joy_teleop-4]     raise ExternalShutdownException()
[joy_teleop-4] rclpy.executors.ExternalShutdownException
[INFO] [twist_mux-6]: process has finished cleanly [pid 195693]
[INFO] [ekf_node-14]: process has finished cleanly [pid 195956]
[INFO] [joy_node-5]: process has finished cleanly [pid 195691]
[INFO] [twist_marker-7]: process has finished cleanly [pid 195695]
[INFO] [robot_state_publisher-2]: process has finished cleanly [pid 195685]
[INFO] [lifecycle_manager-13]: process has finished cleanly [pid 195954]
[INFO] [twist_relay-9]: process has finished cleanly [pid 195701]
[INFO] [map_server-11]: process has finished cleanly [pid 195950]
[INFO] [amcl-12]: process has finished cleanly [pid 195952]
[INFO] [wheel_imu_fusion-16]: process has finished cleanly [pid 195960]
[imu_republisher.py-15] Traceback (most recent call last):
[imu_republisher.py-15]   File "/home/molar1/bumperbot_ws/install/robot_lab_localization/lib/robot_lab_localization/imu_republisher.py", line 54, in <module>
[imu_republisher.py-15]     main()
[imu_republisher.py-15]   File "/home/molar1/bumperbot_ws/install/robot_lab_localization/lib/robot_lab_localization/imu_republisher.py", line 45, in main
[imu_republisher.py-15]     rclpy.spin(node)
[imu_republisher.py-15]   File "/opt/ros/humble/local/lib/python3.10/dist-packages/rclpy/__init__.py", line 229, in spin
[imu_republisher.py-15]     executor.spin_once()
[imu_republisher.py-15]   File "/opt/ros/humble/local/lib/python3.10/dist-packages/rclpy/executors.py", line 812, in spin_once
[imu_republisher.py-15]     self._spin_once_impl(timeout_sec)
[imu_republisher.py-15]   File "/opt/ros/humble/local/lib/python3.10/dist-packages/rclpy/executors.py", line 801, in _spin_once_impl
[imu_republisher.py-15]     handler, entity, node = self.wait_for_ready_callbacks(timeout_sec=timeout_sec)
[imu_republisher.py-15]   File "/opt/ros/humble/local/lib/python3.10/dist-packages/rclpy/executors.py", line 784, in wait_for_ready_callbacks
[imu_republisher.py-15]     return next(self._cb_iter)
[imu_republisher.py-15]   File "/opt/ros/humble/local/lib/python3.10/dist-packages/rclpy/executors.py", line 657, in _wait_for_ready_callbacks
[imu_republisher.py-15]     wait_set = _rclpy.WaitSet(
[imu_republisher.py-15] rclpy._rclpy_pybind11.RCLError: failed to initialize wait set: the given context is not valid, either rcl_init() was not called or rcl_shutdown() was called., at ./src/rcl/wait.c:130
[INFO] [go2-stance-gait-controller-1]: process has finished cleanly [pid 195683]
[INFO] [joystick_relay.py-8]: process has finished cleanly [pid 195697]
[INFO] [mujoco_spawner-3]: process has finished cleanly [pid 195687]
[ERROR] [joy_teleop-4]: process has died [pid 195689, exit code 1, cmd '/opt/ros/humble/lib/joy_teleop/joy_teleop --ros-args --params-file /home/molar1/bumperbot_ws/install/robot_lab_controller/share/robot_lab_controller/config/joy_teleop.yaml --params-file /workspace/molar/.tmp/launch_params_b1lqhrxj'].
[ERROR] [imu_republisher.py-15]: process has died [pid 195958, exit code 1, cmd '/home/molar1/bumperbot_ws/install/robot_lab_localization/lib/robot_lab_localization/imu_republisher.py --ros-args --params-file /workspace/molar/.tmp/launch_params_8bioach8'].
