[INFO] [launch]: All log files can be found below /home/molar1/.ros/log/2026-09-28-13-46-39-024387-molar1-220052
[INFO] [launch]: Default logging verbosity is set to INFO
[robot_lab] algorithm localization=amcl -> global_localization stack
[robot_lab] algorithm state_estimation=ekf_localization_node -> local_localization stack
[robot_lab] algorithm sensor_fusion=wheel_imu_fusion -> node robot_lab_algorithms/wheel_imu_fusion
[INFO] [go2-stance-gait-controller-1]: process started with pid [220087]
[INFO] [robot_state_publisher-2]: process started with pid [220089]
[INFO] [mujoco_spawner-3]: process started with pid [220091]
[INFO] [joy_teleop-4]: process started with pid [220093]
[INFO] [joy_node-5]: process started with pid [220095]
[INFO] [twist_mux-6]: process started with pid [220097]
[INFO] [twist_marker-7]: process started with pid [220099]
[INFO] [joystick_relay.py-8]: process started with pid [220107]
[INFO] [twist_relay-9]: process started with pid [220109]
[INFO] [simulator_ready_gate-10]: process started with pid [220111]
[twist_mux-6] [INFO] [1790595999.947934576] [twist_mux]: Topic handler 'topics.joystick' subscribed to topic 'joy_vel': timeout = 0.500000s , priority = 99.
[twist_mux-6] [INFO] [1790595999.949952878] [twist_mux]: Topic handler 'topics.keyboard' subscribed to topic 'key_vel': timeout = 0.500000s , priority = 90.
[twist_mux-6] [INFO] [1790595999.951120245] [twist_mux]: Topic handler 'topics.navigation' subscribed to topic 'cmd_vel': timeout = 0.500000s , priority = 80.
[twist_mux-6] [INFO] [1790595999.952081030] [twist_mux]: Topic handler 'locks.safety_stop' subscribed to topic 'safety_stop': timeout = None , priority = 255.
[robot_state_publisher-2] [INFO] [1790595999.958692484] [robot_state_publisher]: got segment FL_calf
[robot_state_publisher-2] [INFO] [1790595999.959870442] [robot_state_publisher]: got segment FL_calf_rotor
[robot_state_publisher-2] [INFO] [1790595999.960538378] [robot_state_publisher]: got segment FL_foot
[robot_state_publisher-2] [INFO] [1790595999.961050993] [robot_state_publisher]: got segment FL_hip
[robot_state_publisher-2] [INFO] [1790595999.961513914] [robot_state_publisher]: got segment FL_hip_rotor
[robot_state_publisher-2] [INFO] [1790595999.961937094] [robot_state_publisher]: got segment FL_thigh
[robot_state_publisher-2] [INFO] [1790595999.962391247] [robot_state_publisher]: got segment FL_thigh_rotor
[robot_state_publisher-2] [INFO] [1790595999.962841209] [robot_state_publisher]: got segment FR_calf
[robot_state_publisher-2] [INFO] [1790595999.963294723] [robot_state_publisher]: got segment FR_calf_rotor
[robot_state_publisher-2] [INFO] [1790595999.963726158] [robot_state_publisher]: got segment FR_foot
[robot_state_publisher-2] [INFO] [1790595999.964141882] [robot_state_publisher]: got segment FR_hip
[robot_state_publisher-2] [INFO] [1790595999.964544550] [robot_state_publisher]: got segment FR_hip_rotor
[robot_state_publisher-2] [INFO] [1790595999.964954642] [robot_state_publisher]: got segment FR_thigh
[robot_state_publisher-2] [INFO] [1790595999.965370686] [robot_state_publisher]: got segment FR_thigh_rotor
[robot_state_publisher-2] [INFO] [1790595999.965763499] [robot_state_publisher]: got segment RL_calf
[robot_state_publisher-2] [INFO] [1790595999.966209013] [robot_state_publisher]: got segment RL_calf_rotor
[robot_state_publisher-2] [INFO] [1790595999.966660223] [robot_state_publisher]: got segment RL_foot
[robot_state_publisher-2] [INFO] [1790595999.967088842] [robot_state_publisher]: got segment RL_hip
[robot_state_publisher-2] [INFO] [1790595999.967496278] [robot_state_publisher]: got segment RL_hip_rotor
[robot_state_publisher-2] [INFO] [1790595999.967892707] [robot_state_publisher]: got segment RL_thigh
[robot_state_publisher-2] [INFO] [1790595999.968280560] [robot_state_publisher]: got segment RL_thigh_rotor
[robot_state_publisher-2] [INFO] [1790595999.968670877] [robot_state_publisher]: got segment RR_calf
[robot_state_publisher-2] [INFO] [1790595999.968693276] [robot_state_publisher]: got segment RR_calf_rotor
[robot_state_publisher-2] [INFO] [1790595999.968707131] [robot_state_publisher]: got segment RR_foot
[robot_state_publisher-2] [INFO] [1790595999.968716507] [robot_state_publisher]: got segment RR_hip
[robot_state_publisher-2] [INFO] [1790595999.968725339] [robot_state_publisher]: got segment RR_hip_rotor
[robot_state_publisher-2] [INFO] [1790595999.968733434] [robot_state_publisher]: got segment RR_thigh
[robot_state_publisher-2] [INFO] [1790595999.968740666] [robot_state_publisher]: got segment RR_thigh_rotor
[robot_state_publisher-2] [INFO] [1790595999.968747769] [robot_state_publisher]: got segment base
[robot_state_publisher-2] [INFO] [1790595999.968755065] [robot_state_publisher]: got segment front_camera
[robot_state_publisher-2] [INFO] [1790595999.968762297] [robot_state_publisher]: got segment imu_link
[robot_state_publisher-2] [INFO] [1790595999.968771064] [robot_state_publisher]: got segment trunk
[go2-stance-gait-controller-1] [0;93m2026-09-28 13:46:40.693769475 [W:onnxruntime:Default, device_discovery.cc:164 DiscoverDevicesForPlatform] GPU device discovery failed: device_discovery.cc:89 ReadFileContents Failed to open file: "/sys/class/drm/card1/device/vendor"[m
[go2-stance-gait-controller-1] [INFO] [1790596000.779221313] [go2_stance_gait_controller]: Go2 closed-loop stance: 12 effort joints at 250.0 Hz; controller ONNX velocity policy
[mujoco_spawner-3] [INFO] [1790596001.840738225] [mujoco_spawner]: MuJoCo: 18 collision proxy geom(s) moved to group 3 (viewer Rendering tab to show them).
[mujoco_spawner-3] [INFO] [1790596001.890983364] [mujoco_spawner]: MuJoCo URDF import OK (all meshes staged).
[mujoco_spawner-3] [WARN] [1790596001.904341594] [mujoco_spawner]: MuJoCo effort plant: no MJCF beside /home/molar1/bumperbot_ws/install/robot_lab_robots/share/robot_lab_robots/unitree/go2_description/xacro/go2_sim.xacro names every effort joint; keeping the URDF <dynamics> (damping=5.0 is a Gazebo stabiliser the robot does not have).
[mujoco_spawner-3] [INFO] [1790596001.953172082] [mujoco_spawner]: MuJoCo physics timestep: 0.0010 s
[mujoco_spawner-3] [INFO] [1790596001.955379110] [mujoco_spawner]: Robot has no 'oakd_rgb_camera_frame' link; no RGB-D camera is published.
[mujoco_spawner-3] [INFO] [1790596001.956348823] [mujoco_spawner]: Joints: ['FR_hip_joint', 'FR_thigh_joint', 'FR_calf_joint', 'FL_hip_joint', 'FL_thigh_joint', 'FL_calf_joint', 'RR_hip_joint', 'RR_thigh_joint', 'RR_calf_joint', 'RL_hip_joint', 'RL_thigh_joint', 'RL_calf_joint']   lw= rw=
[mujoco_spawner-3] [INFO] [1790596001.958650407] [mujoco_spawner]: MuJoCo effort joint armature: 0.0100 kg m^2
[mujoco_spawner-3] [INFO] [1790596001.960485966] [mujoco_spawner]: Joint effort input: /go2_group_effort_controller/commands (12 joints, URDF limits)
[mujoco_spawner-3] [INFO] [1790596001.962790110] [mujoco_spawner]: Spawn ground clearance: raised root by 0.2464 m
[mujoco_spawner-3] [INFO] [1790596001.963916039] [mujoco_spawner]: MuJoCo model loaded: 14 bodies, 13 joints
[mujoco_spawner-3] [INFO] [1790596001.964671586] [mujoco_spawner]: MuJoCo gui param=False (resolved=False), DISPLAY=:1 -> mode=DIRECT
[mujoco_spawner-3] [INFO] [1790596001.965352961] [mujoco_spawner]: MuJoCo running headless (gui=False, viewer=True).
[mujoco_spawner-3] [INFO] [1790596001.970421002] [mujoco_spawner]: MuJoCo spawner running.
[go2-stance-gait-controller-1] [WARN] [1790596001.970816247] [go2_stance_gait_controller]: Go2 safety safe_stop: tilt 0.90 rad exceeds fall threshold
[go2-stance-gait-controller-1] [INFO] [1790596001.972669725] [go2_stance_gait_controller]: Go2 recovery idle
[go2-stance-gait-controller-1] [INFO] [1790596002.147831033] [go2_stance_gait_controller]: Go2 recovery attempting:tuck
[INFO] [simulator_ready_gate-10]: process has finished cleanly [pid 220111]
[INFO] [amcl-12]: process started with pid [220339]
[INFO] [map_server-11]: process started with pid [220337]
[INFO] [lifecycle_manager-13]: process started with pid [220341]
[INFO] [ekf_node-14]: process started with pid [220343]
[INFO] [imu_republisher.py-15]: process started with pid [220345]
[INFO] [wheel_imu_fusion-16]: process started with pid [220347]
[map_server-11] [INFO] [1790596002.385289891] [map_server]: 
[map_server-11] 	map_server lifecycle node launched. 
[map_server-11] 	Waiting on external lifecycle transitions to activate
[map_server-11] 	See https://design.ros2.org/articles/node_lifecycle.html for more information.
[map_server-11] [INFO] [1790596002.385460794] [map_server]: Creating
[lifecycle_manager-13] [INFO] [1790596002.391397146] [lifecycle_manager_localization]: Creating
[amcl-12] [0m[INFO] [1790596002.399926811] [amcl]: 
[amcl-12] 	amcl lifecycle node launched. 
[amcl-12] 	Waiting on external lifecycle transitions to activate
[amcl-12] 	See https://design.ros2.org/articles/node_lifecycle.html for more information.[0m
[amcl-12] [0m[INFO] [1790596002.401813760] [amcl]: Creating[0m
[lifecycle_manager-13] [INFO] [1790596002.401876317] [lifecycle_manager_localization]: [34m[1mCreating and initializing lifecycle service clients[0m[0m
[lifecycle_manager-13] [INFO] [1790596002.418388442] [lifecycle_manager_localization]: [34m[1mStarting managed nodes bringup...[0m[0m
[lifecycle_manager-13] [INFO] [1790596002.418507636] [lifecycle_manager_localization]: [34m[1mConfiguring map_server[0m[0m
[map_server-11] [INFO] [1790596002.418909761] [map_server]: Configuring
[map_server-11] [INFO] [1790596002.419028603] [map_io]: Loading yaml file: /home/molar1/bumperbot_ws/install/robot_lab_maps/share/robot_lab_maps/maps/nav_empty/maps/map.yaml
[map_server-11] [INFO] [1790596002.419460742] [map_io]: resolution: 0.05
[map_server-11] [INFO] [1790596002.419477349] [map_io]: origin[0]: -7
[map_server-11] [INFO] [1790596002.419483269] [map_io]: origin[1]: -7
[map_server-11] [INFO] [1790596002.419487653] [map_io]: origin[2]: 0
[map_server-11] [INFO] [1790596002.419492580] [map_io]: free_thresh: 0.196
[map_server-11] [INFO] [1790596002.419497348] [map_io]: occupied_thresh: 0.65
[map_server-11] [INFO] [1790596002.419503108] [map_io]: mode: trinary
[map_server-11] [INFO] [1790596002.419509251] [map_io]: negate: 0
[map_server-11] [INFO] [1790596002.419806741] [map_io]: Loading image_file: /home/molar1/bumperbot_ws/install/robot_lab_maps/share/robot_lab_maps/maps/nav_empty/maps/map.pgm
[map_server-11] [INFO] [1790596002.430610792] [map_io]: Read map /home/molar1/bumperbot_ws/install/robot_lab_maps/share/robot_lab_maps/maps/nav_empty/maps/map.pgm: 280 X 280 map @ 0.05 m/cell
[lifecycle_manager-13] [INFO] [1790596002.441453817] [lifecycle_manager_localization]: [34m[1mConfiguring amcl[0m[0m
[amcl-12] [0m[INFO] [1790596002.442952784] [amcl]: Configuring[0m
[amcl-12] [0m[INFO] [1790596002.443124008] [amcl]: initTransforms[0m
[amcl-12] [0m[INFO] [1790596002.454645080] [amcl]: initPubSub[0m
[amcl-12] [0m[INFO] [1790596002.459624486] [amcl]: Subscribed to map topic.[0m
[lifecycle_manager-13] [INFO] [1790596002.469811062] [lifecycle_manager_localization]: [34m[1mActivating map_server[0m[0m
[map_server-11] [INFO] [1790596002.470243265] [map_server]: Activating
[map_server-11] [INFO] [1790596002.470570482] [map_server]: Creating bond (map_server) to lifecycle manager.
[amcl-12] [0m[INFO] [1790596002.523953647] [amcl]: Received a 280 X 280 map @ 0.050 m/pix[0m
[go2-stance-gait-controller-1] [INFO] [1790596002.550607423] [go2_stance_gait_controller]: Go2 recovery attempting:roll
[lifecycle_manager-13] [INFO] [1790596002.574193285] [lifecycle_manager_localization]: Server map_server connected with bond.
[lifecycle_manager-13] [INFO] [1790596002.574280768] [lifecycle_manager_localization]: [34m[1mActivating amcl[0m[0m
[amcl-12] [0m[INFO] [1790596002.574626416] [amcl]: Activating[0m
[amcl-12] [0m[INFO] [1790596002.574718283] [amcl]: initialPoseReceived[0m
[amcl-12] [0m[INFO] [1790596002.574946400] [amcl]: Setting pose (0.392000): -0.500 -0.500 0.000[0m
[amcl-12] [0m[INFO] [1790596002.575523780] [amcl]: Creating bond (amcl) to lifecycle manager.[0m
[lifecycle_manager-13] [INFO] [1790596002.679543620] [lifecycle_manager_localization]: Server amcl connected with bond.
[lifecycle_manager-13] [INFO] [1790596002.679628800] [lifecycle_manager_localization]: [34m[1mManaged nodes are active[0m[0m
[lifecycle_manager-13] [INFO] [1790596002.679651199] [lifecycle_manager_localization]: [34m[1mCreating bond timer...[0m[0m
[amcl-12] [0m[INFO] [1790596002.716194222] [amcl]: createLaserObject[0m
[wheel_imu_fusion-16] [INFO] [1790596003.063726100] [sensor_fusion_wheel_imu_fusion]: wheel_imu_fusion ready
[go2-stance-gait-controller-1] [INFO] [1790596003.285073817] [go2_stance_gait_controller]: Go2 recovery failed:roll
[map_server-11] [INFO] [1790596025.458408965] [rclcpp]: signal_handler(SIGINT/SIGTERM)
[map_server-11] [INFO] [1790596025.458602876] [map_server]: Running Nav2 LifecycleNode rcl preshutdown (map_server)
[map_server-11] [INFO] [1790596025.458718999] [map_server]: Deactivating
[map_server-11] [INFO] [1790596025.458743541] [map_server]: Destroying bond (map_server) to lifecycle manager.
[twist_mux-6] [INFO] [1790596025.458406021] [rclcpp]: signal_handler(SIGINT/SIGTERM)
[joy_node-5] [INFO] [1790596025.458410917] [rclcpp]: signal_handler(SIGINT/SIGTERM)
[ekf_node-14] [INFO] [1790596025.458418373] [rclcpp]: signal_handler(SIGINT/SIGTERM)
[lifecycle_manager-13] [INFO] [1790596025.458707799] [rclcpp]: signal_handler(SIGINT/SIGTERM)
[lifecycle_manager-13] [INFO] [1790596025.458812338] [lifecycle_manager_localization]: Running Nav2 LifecycleManager rcl preshutdown (lifecycle_manager_localization)
[lifecycle_manager-13] [INFO] [1790596025.458878639] [lifecycle_manager_localization]: [34m[1mTerminating bond timer...[0m[0m
[twist_marker-7] [INFO] [1790596025.458716343] [rclcpp]: signal_handler(SIGINT/SIGTERM)
[twist_relay-9] [INFO] [1790596025.458938700] [rclcpp]: signal_handler(SIGINT/SIGTERM)
[robot_state_publisher-2] [INFO] [1790596025.459058726] [rclcpp]: signal_handler(SIGINT/SIGTERM)
[amcl-12] [0m[INFO] [1790596025.459532496] [rclcpp]: signal_handler(SIGINT/SIGTERM)[0m
[amcl-12] [0m[INFO] [1790596025.461737639] [amcl]: Running Nav2 LifecycleNode rcl preshutdown (amcl)[0m
[amcl-12] [0m[INFO] [1790596025.463536082] [amcl]: Deactivating[0m
[amcl-12] [0m[INFO] [1790596025.463602095] [amcl]: Destroying bond (amcl) to lifecycle manager.[0m
[map_server-11] [INFO] [1790596025.469122313] [map_server]: Cleaning up
[map_server-11] [INFO] [1790596025.469218212] [map_server]: Destroying bond (map_server) to lifecycle manager.
[amcl-12] [0m[INFO] [1790596025.474075262] [amcl]: Cleaning up[0m
[map_server-11] [INFO] [1790596025.481895307] [map_server]: Destroying
[amcl-12] [0m[INFO] [1790596025.486802754] [amcl]: Destroying bond (amcl) to lifecycle manager.[0m
[lifecycle_manager-13] [INFO] [1790596025.493029050] [lifecycle_manager_localization]: Destroying lifecycle_manager_localization
[amcl-12] [0m[INFO] [1790596025.503138587] [amcl]: Destroying[0m
[joy_teleop-4] Traceback (most recent call last):
[joy_teleop-4]   File "/opt/ros/humble/lib/joy_teleop/joy_teleop", line 33, in <module>
[joy_teleop-4]     sys.exit(load_entry_point('joy-teleop==1.6.0', 'console_scripts', 'joy_teleop')())
[joy_teleop-4]   File "/opt/ros/humble/lib/python3.10/site-packages/joy_teleop/joy_teleop.py", line 435, in main
[joy_teleop-4]     rclpy.spin(node)
[joy_teleop-4]   File "/opt/ros/humble/local/lib/python3.10/dist-packages/rclpy/__init__.py", line 229, in spin
[joy_teleop-4]     executor.spin_once()
[joy_teleop-4]   File "/opt/ros/humble/local/lib/python3.10/dist-packages/rclpy/executors.py", line 812, in spin_once
[joy_teleop-4]     self._spin_once_impl(timeout_sec)
[joy_teleop-4]   File "/opt/ros/humble/local/lib/python3.10/dist-packages/rclpy/executors.py", line 801, in _spin_once_impl
[joy_teleop-4]     handler, entity, node = self.wait_for_ready_callbacks(timeout_sec=timeout_sec)
[joy_teleop-4]   File "/opt/ros/humble/local/lib/python3.10/dist-packages/rclpy/executors.py", line 784, in wait_for_ready_callbacks
[joy_teleop-4]     return next(self._cb_iter)
[joy_teleop-4]   File "/opt/ros/humble/local/lib/python3.10/dist-packages/rclpy/executors.py", line 685, in _wait_for_ready_callbacks
[joy_teleop-4]     raise ExternalShutdownException()
[joy_teleop-4] rclpy.executors.ExternalShutdownException
[INFO] [twist_mux-6]: process has finished cleanly [pid 220097]
[INFO] [joy_node-5]: process has finished cleanly [pid 220095]
[INFO] [lifecycle_manager-13]: process has finished cleanly [pid 220341]
[INFO] [twist_relay-9]: process has finished cleanly [pid 220109]
[INFO] [ekf_node-14]: process has finished cleanly [pid 220343]
[INFO] [twist_marker-7]: process has finished cleanly [pid 220099]
[INFO] [robot_state_publisher-2]: process has finished cleanly [pid 220089]
[INFO] [map_server-11]: process has finished cleanly [pid 220337]
[INFO] [amcl-12]: process has finished cleanly [pid 220339]
[imu_republisher.py-15] Traceback (most recent call last):
[imu_republisher.py-15]   File "/home/molar1/bumperbot_ws/install/robot_lab_localization/lib/robot_lab_localization/imu_republisher.py", line 54, in <module>
[imu_republisher.py-15]     main()
[imu_republisher.py-15]   File "/home/molar1/bumperbot_ws/install/robot_lab_localization/lib/robot_lab_localization/imu_republisher.py", line 45, in main
[imu_republisher.py-15]     rclpy.spin(node)
[imu_republisher.py-15]   File "/opt/ros/humble/local/lib/python3.10/dist-packages/rclpy/__init__.py", line 229, in spin
[imu_republisher.py-15]     executor.spin_once()
[imu_republisher.py-15]   File "/opt/ros/humble/local/lib/python3.10/dist-packages/rclpy/executors.py", line 812, in spin_once
[imu_republisher.py-15]     self._spin_once_impl(timeout_sec)
[imu_republisher.py-15]   File "/opt/ros/humble/local/lib/python3.10/dist-packages/rclpy/executors.py", line 801, in _spin_once_impl
[imu_republisher.py-15]     handler, entity, node = self.wait_for_ready_callbacks(timeout_sec=timeout_sec)
[imu_republisher.py-15]   File "/opt/ros/humble/local/lib/python3.10/dist-packages/rclpy/executors.py", line 784, in wait_for_ready_callbacks
[imu_republisher.py-15]     return next(self._cb_iter)
[imu_republisher.py-15]   File "/opt/ros/humble/local/lib/python3.10/dist-packages/rclpy/executors.py", line 685, in _wait_for_ready_callbacks
[imu_republisher.py-15]     raise ExternalShutdownException()
[imu_republisher.py-15] rclpy.executors.ExternalShutdownException
[INFO] [wheel_imu_fusion-16]: process has finished cleanly [pid 220347]
[INFO] [go2-stance-gait-controller-1]: process has finished cleanly [pid 220087]
[INFO] [joystick_relay.py-8]: process has finished cleanly [pid 220107]
[INFO] [mujoco_spawner-3]: process has finished cleanly [pid 220091]
[ERROR] [joy_teleop-4]: process has died [pid 220093, exit code 1, cmd '/opt/ros/humble/lib/joy_teleop/joy_teleop --ros-args --params-file /home/molar1/bumperbot_ws/install/robot_lab_controller/share/robot_lab_controller/config/joy_teleop.yaml --params-file /workspace/molar/.tmp/launch_params_ujy27pz6'].
[ERROR] [imu_republisher.py-15]: process has died [pid 220345, exit code 1, cmd '/home/molar1/bumperbot_ws/install/robot_lab_localization/lib/robot_lab_localization/imu_republisher.py --ros-args --params-file /workspace/molar/.tmp/launch_params_ww0allxk'].
