[INFO] [launch]: All log files can be found below /home/molar1/.ros/log/2026-10-01-16-54-30-833360-molar1-577130
[INFO] [launch]: Default logging verbosity is set to INFO
[INFO] [robot_state_publisher-1]: process started with pid [577166]
[INFO] [mujoco_spawner-2]: process started with pid [577168]
[robot_state_publisher-1] [INFO] [1790866471.499275333] [robot_state_publisher]: got segment base_footprint
[robot_state_publisher-1] [INFO] [1790866471.499431440] [robot_state_publisher]: got segment base_link
[robot_state_publisher-1] [INFO] [1790866471.499458860] [robot_state_publisher]: got segment front_left_steer_link
[robot_state_publisher-1] [INFO] [1790866471.499472075] [robot_state_publisher]: got segment front_left_wheel_link
[robot_state_publisher-1] [INFO] [1790866471.499482505] [robot_state_publisher]: got segment front_right_steer_link
[robot_state_publisher-1] [INFO] [1790866471.499492328] [robot_state_publisher]: got segment front_right_wheel_link
[robot_state_publisher-1] [INFO] [1790866471.499502055] [robot_state_publisher]: got segment imu_link
[robot_state_publisher-1] [INFO] [1790866471.499511941] [robot_state_publisher]: got segment laser_link
[robot_state_publisher-1] [INFO] [1790866471.499521764] [robot_state_publisher]: got segment rear_left_steer_link
[robot_state_publisher-1] [INFO] [1790866471.499531171] [robot_state_publisher]: got segment rear_left_wheel_link
[robot_state_publisher-1] [INFO] [1790866471.499540321] [robot_state_publisher]: got segment rear_right_steer_link
[robot_state_publisher-1] [INFO] [1790866471.499549376] [robot_state_publisher]: got segment rear_right_wheel_link
[mujoco_spawner-2] [INFO] [1790866472.330297019] [mujoco_spawner]: Drive: four_wheel_steer, wheels ['front_left_wheel_joint', 'front_right_wheel_joint', 'rear_left_wheel_joint', 'rear_right_wheel_joint'], steering ['front_left_steer_joint', 'front_right_steer_joint', 'rear_left_steer_joint', 'rear_right_steer_joint']
[mujoco_spawner-2] [INFO] [1790866473.035624547] [mujoco_spawner]: MuJoCo: 5 collision proxy geom(s) moved to group 3 (viewer Rendering tab to show them).
[mujoco_spawner-2] [INFO] [1790866473.040431582] [mujoco_spawner]: MuJoCo URDF import OK (all meshes staged).
[mujoco_spawner-2] [INFO] [1790866473.047304035] [mujoco_spawner]: Robot has no 'oakd_rgb_camera_frame' link; no RGB-D camera is published.
[mujoco_spawner-2] [INFO] [1790866473.048330394] [mujoco_spawner]: Joints: ['front_left_steer_joint', 'front_left_wheel_joint', 'front_right_steer_joint', 'front_right_wheel_joint', 'rear_left_steer_joint', 'rear_left_wheel_joint', 'rear_right_steer_joint', 'rear_right_wheel_joint']   lw= rw=
[mujoco_spawner-2] [INFO] [1790866473.049545623] [mujoco_spawner]: Display hold active (hold_position=auto): 0 joint(s) held at their spawn pose by spring-dampers
[mujoco_spawner-2] [INFO] [1790866473.050065969] [mujoco_spawner]: MuJoCo model loaded: 10 bodies, 9 joints
[mujoco_spawner-2] [INFO] [1790866473.050570413] [mujoco_spawner]: MuJoCo gui param=False (resolved=False), DISPLAY=:1 -> mode=DIRECT
[mujoco_spawner-2] [INFO] [1790866473.051049485] [mujoco_spawner]: MuJoCo running headless (gui=False, viewer=True).
[mujoco_spawner-2] [INFO] [1790866473.064971104] [mujoco_spawner]: MuJoCo spawner running.
[WARNING] [launch]: user interrupted with ctrl-c (SIGINT)
[INFO] [mujoco_spawner-2]: sending signal 'SIGINT' to process[mujoco_spawner-2]
[INFO] [robot_state_publisher-1]: sending signal 'SIGINT' to process[robot_state_publisher-1]
[robot_state_publisher-1] [INFO] [1790866502.565249748] [rclcpp]: signal_handler(SIGINT/SIGTERM)
[INFO] [robot_state_publisher-1]: process has finished cleanly [pid 577166]
[INFO] [mujoco_spawner-2]: process has finished cleanly [pid 577168]
