[INFO] [launch]: All log files can be found below /home/molar1/.ros/log/2026-10-01-16-53-56-584460-molar1-576587
[INFO] [launch]: Default logging verbosity is set to INFO
[INFO] [robot_state_publisher-1]: process started with pid [576654]
[INFO] [mujoco_spawner-2]: process started with pid [576656]
[robot_state_publisher-1] [INFO] [1790866437.282800914] [robot_state_publisher]: got segment base_footprint
[robot_state_publisher-1] [INFO] [1790866437.282943038] [robot_state_publisher]: got segment base_link
[robot_state_publisher-1] [INFO] [1790866437.282961915] [robot_state_publisher]: got segment front_left_steer_link
[robot_state_publisher-1] [INFO] [1790866437.282972250] [robot_state_publisher]: got segment front_left_wheel_link
[robot_state_publisher-1] [INFO] [1790866437.282981017] [robot_state_publisher]: got segment front_right_steer_link
[robot_state_publisher-1] [INFO] [1790866437.282989048] [robot_state_publisher]: got segment front_right_wheel_link
[robot_state_publisher-1] [INFO] [1790866437.282996886] [robot_state_publisher]: got segment imu_link
[robot_state_publisher-1] [INFO] [1790866437.283004501] [robot_state_publisher]: got segment laser_link
[robot_state_publisher-1] [INFO] [1790866437.283012500] [robot_state_publisher]: got segment rear_left_steer_link
[robot_state_publisher-1] [INFO] [1790866437.283020179] [robot_state_publisher]: got segment rear_left_wheel_link
[robot_state_publisher-1] [INFO] [1790866437.283027954] [robot_state_publisher]: got segment rear_right_steer_link
[robot_state_publisher-1] [INFO] [1790866437.283035377] [robot_state_publisher]: got segment rear_right_wheel_link
[mujoco_spawner-2] [INFO] [1790866438.104836579] [mujoco_spawner]: Drive: four_wheel_steer, wheels ['front_left_wheel_joint', 'front_right_wheel_joint', 'rear_left_wheel_joint', 'rear_right_wheel_joint'], steering ['front_left_steer_joint', 'front_right_steer_joint', 'rear_left_steer_joint', 'rear_right_steer_joint']
[mujoco_spawner-2] [INFO] [1790866438.803018516] [mujoco_spawner]: MuJoCo: 5 collision proxy geom(s) moved to group 3 (viewer Rendering tab to show them).
[mujoco_spawner-2] [INFO] [1790866438.808718635] [mujoco_spawner]: MuJoCo URDF import OK (all meshes staged).
[mujoco_spawner-2] [INFO] [1790866438.817734637] [mujoco_spawner]: Robot has no 'oakd_rgb_camera_frame' link; no RGB-D camera is published.
[mujoco_spawner-2] [INFO] [1790866438.818790743] [mujoco_spawner]: Joints: ['front_left_steer_joint', 'front_left_wheel_joint', 'front_right_steer_joint', 'front_right_wheel_joint', 'rear_left_steer_joint', 'rear_left_wheel_joint', 'rear_right_steer_joint', 'rear_right_wheel_joint']   lw= rw=
[mujoco_spawner-2] [INFO] [1790866438.820289890] [mujoco_spawner]: Display hold active (hold_position=auto): 0 joint(s) held at their spawn pose by spring-dampers
[mujoco_spawner-2] [INFO] [1790866438.820997502] [mujoco_spawner]: MuJoCo model loaded: 10 bodies, 9 joints
[mujoco_spawner-2] [INFO] [1790866438.821737589] [mujoco_spawner]: MuJoCo gui param=False (resolved=False), DISPLAY=:1 -> mode=DIRECT
[mujoco_spawner-2] [INFO] [1790866438.822474124] [mujoco_spawner]: MuJoCo running headless (gui=False, viewer=True).
[mujoco_spawner-2] [INFO] [1790866438.832725694] [mujoco_spawner]: MuJoCo spawner running.
[WARNING] [launch]: user interrupted with ctrl-c (SIGINT)
[INFO] [mujoco_spawner-2]: sending signal 'SIGINT' to process[mujoco_spawner-2]
[INFO] [robot_state_publisher-1]: sending signal 'SIGINT' to process[robot_state_publisher-1]
[robot_state_publisher-1] [INFO] [1790866468.351961632] [rclcpp]: signal_handler(SIGINT/SIGTERM)
[INFO] [robot_state_publisher-1]: process has finished cleanly [pid 576654]
[INFO] [mujoco_spawner-2]: process has finished cleanly [pid 576656]
