[INFO] [launch]: All log files can be found below /home/molar1/.ros/log/2026-10-01-16-53-22-201944-molar1-575726
[INFO] [launch]: Default logging verbosity is set to INFO
[INFO] [robot_state_publisher-1]: process started with pid [575772]
[INFO] [mujoco_spawner-2]: process started with pid [575774]
[robot_state_publisher-1] [INFO] [1790866402.941255134] [robot_state_publisher]: got segment base_footprint
[robot_state_publisher-1] [INFO] [1790866402.941448161] [robot_state_publisher]: got segment base_link
[robot_state_publisher-1] [INFO] [1790866402.941468894] [robot_state_publisher]: got segment front_left_steer_link
[robot_state_publisher-1] [INFO] [1790866402.941488219] [robot_state_publisher]: got segment front_left_wheel_link
[robot_state_publisher-1] [INFO] [1790866402.941497561] [robot_state_publisher]: got segment front_right_steer_link
[robot_state_publisher-1] [INFO] [1790866402.941505432] [robot_state_publisher]: got segment front_right_wheel_link
[robot_state_publisher-1] [INFO] [1790866402.941513111] [robot_state_publisher]: got segment imu_link
[robot_state_publisher-1] [INFO] [1790866402.941521110] [robot_state_publisher]: got segment laser_link
[robot_state_publisher-1] [INFO] [1790866402.941529109] [robot_state_publisher]: got segment rear_left_steer_link
[robot_state_publisher-1] [INFO] [1790866402.941536596] [robot_state_publisher]: got segment rear_left_wheel_link
[robot_state_publisher-1] [INFO] [1790866402.941543890] [robot_state_publisher]: got segment rear_right_steer_link
[robot_state_publisher-1] [INFO] [1790866402.941551217] [robot_state_publisher]: got segment rear_right_wheel_link
[mujoco_spawner-2] [INFO] [1790866403.848923912] [mujoco_spawner]: Drive: four_wheel_steer, wheels ['front_left_wheel_joint', 'front_right_wheel_joint', 'rear_left_wheel_joint', 'rear_right_wheel_joint'], steering ['front_left_steer_joint', 'front_right_steer_joint', 'rear_left_steer_joint', 'rear_right_steer_joint']
[mujoco_spawner-2] [INFO] [1790866404.540924062] [mujoco_spawner]: MuJoCo: 5 collision proxy geom(s) moved to group 3 (viewer Rendering tab to show them).
[mujoco_spawner-2] [INFO] [1790866404.546204391] [mujoco_spawner]: MuJoCo URDF import OK (all meshes staged).
[mujoco_spawner-2] [INFO] [1790866404.554405179] [mujoco_spawner]: Robot has no 'oakd_rgb_camera_frame' link; no RGB-D camera is published.
[mujoco_spawner-2] [INFO] [1790866404.555390983] [mujoco_spawner]: Joints: ['front_left_steer_joint', 'front_left_wheel_joint', 'front_right_steer_joint', 'front_right_wheel_joint', 'rear_left_steer_joint', 'rear_left_wheel_joint', 'rear_right_steer_joint', 'rear_right_wheel_joint']   lw= rw=
[mujoco_spawner-2] [INFO] [1790866404.556821553] [mujoco_spawner]: Display hold active (hold_position=auto): 0 joint(s) held at their spawn pose by spring-dampers
[mujoco_spawner-2] [INFO] [1790866404.557514154] [mujoco_spawner]: MuJoCo model loaded: 10 bodies, 9 joints
[mujoco_spawner-2] [INFO] [1790866404.558168552] [mujoco_spawner]: MuJoCo gui param=False (resolved=False), DISPLAY=:1 -> mode=DIRECT
[mujoco_spawner-2] [INFO] [1790866404.558790186] [mujoco_spawner]: MuJoCo running headless (gui=False, viewer=True).
[mujoco_spawner-2] [INFO] [1790866404.566742724] [mujoco_spawner]: MuJoCo spawner running.
[WARNING] [launch]: user interrupted with ctrl-c (SIGINT)
[INFO] [mujoco_spawner-2]: sending signal 'SIGINT' to process[mujoco_spawner-2]
[INFO] [robot_state_publisher-1]: sending signal 'SIGINT' to process[robot_state_publisher-1]
[robot_state_publisher-1] [INFO] [1790866434.065637003] [rclcpp]: signal_handler(SIGINT/SIGTERM)
[INFO] [robot_state_publisher-1]: process has finished cleanly [pid 575772]
[INFO] [mujoco_spawner-2]: process has finished cleanly [pid 575774]
