[INFO] [launch]: All log files can be found below /home/molar1/.ros/log/2026-10-01-20-07-41-394272-molar1-734498
[INFO] [launch]: Default logging verbosity is set to INFO
[INFO] [robot_state_publisher-1]: process started with pid [734540]
[INFO] [mujoco_spawner-2]: process started with pid [734542]
[robot_state_publisher-1] [INFO] [1790878062.186126484] [robot_state_publisher]: got segment base_footprint
[robot_state_publisher-1] [INFO] [1790878062.186881832] [robot_state_publisher]: got segment base_link
[robot_state_publisher-1] [INFO] [1790878062.186908295] [robot_state_publisher]: got segment front_left_steer_link
[robot_state_publisher-1] [INFO] [1790878062.186919207] [robot_state_publisher]: got segment front_left_wheel_link
[robot_state_publisher-1] [INFO] [1790878062.186927943] [robot_state_publisher]: got segment front_right_steer_link
[robot_state_publisher-1] [INFO] [1790878062.186936263] [robot_state_publisher]: got segment front_right_wheel_link
[robot_state_publisher-1] [INFO] [1790878062.186943878] [robot_state_publisher]: got segment imu_link
[robot_state_publisher-1] [INFO] [1790878062.186951718] [robot_state_publisher]: got segment laser_link
[robot_state_publisher-1] [INFO] [1790878062.186960198] [robot_state_publisher]: got segment rear_left_steer_link
[robot_state_publisher-1] [INFO] [1790878062.186967974] [robot_state_publisher]: got segment rear_left_wheel_link
[robot_state_publisher-1] [INFO] [1790878062.186975462] [robot_state_publisher]: got segment rear_right_steer_link
[robot_state_publisher-1] [INFO] [1790878062.186983366] [robot_state_publisher]: got segment rear_right_wheel_link
[mujoco_spawner-2] [INFO] [1790878063.192810978] [mujoco_spawner]: Drive: four_wheel_steer, wheels ['front_left_wheel_joint', 'front_right_wheel_joint', 'rear_left_wheel_joint', 'rear_right_wheel_joint'], steering ['front_left_steer_joint', 'front_right_steer_joint', 'rear_left_steer_joint', 'rear_right_steer_joint']
[mujoco_spawner-2] [INFO] [1790878063.892953928] [mujoco_spawner]: MuJoCo: 5 collision proxy geom(s) moved to group 3 (viewer Rendering tab to show them).
[mujoco_spawner-2] [INFO] [1790878063.898507915] [mujoco_spawner]: MuJoCo URDF import OK (all meshes staged).
[mujoco_spawner-2] [INFO] [1790878063.906032910] [mujoco_spawner]: Robot has no 'oakd_rgb_camera_frame' link; no RGB-D camera is published.
[mujoco_spawner-2] [INFO] [1790878063.907587924] [mujoco_spawner]: Joints: ['front_left_steer_joint', 'front_left_wheel_joint', 'front_right_steer_joint', 'front_right_wheel_joint', 'rear_left_steer_joint', 'rear_left_wheel_joint', 'rear_right_steer_joint', 'rear_right_wheel_joint']   lw= rw=
[mujoco_spawner-2] [INFO] [1790878063.910417669] [mujoco_spawner]: MuJoCo model loaded: 10 bodies, 9 joints
[mujoco_spawner-2] [INFO] [1790878063.911012091] [mujoco_spawner]: MuJoCo gui param=False (resolved=False), DISPLAY=:1 -> mode=DIRECT
[mujoco_spawner-2] [INFO] [1790878063.911546354] [mujoco_spawner]: MuJoCo running headless (gui=False, viewer=True).
[mujoco_spawner-2] [INFO] [1790878063.918339521] [mujoco_spawner]: MuJoCo spawner running.
[WARNING] [launch]: user interrupted with ctrl-c (SIGINT)
[INFO] [mujoco_spawner-2]: sending signal 'SIGINT' to process[mujoco_spawner-2]
[INFO] [robot_state_publisher-1]: sending signal 'SIGINT' to process[robot_state_publisher-1]
[robot_state_publisher-1] [INFO] [1790878098.462901422] [rclcpp]: signal_handler(SIGINT/SIGTERM)
[INFO] [robot_state_publisher-1]: process has finished cleanly [pid 734540]
[INFO] [mujoco_spawner-2]: process has finished cleanly [pid 734542]
