[INFO] [launch]: All log files can be found below /home/molar1/.ros/log/2026-10-01-12-48-00-869217-molar1-456545
[INFO] [launch]: Default logging verbosity is set to INFO
[robot_lab] algorithm localization=amcl -> global_localization stack
[robot_lab] algorithm state_estimation=ekf_localization_node -> local_localization stack
[robot_lab] algorithm sensor_fusion=wheel_imu_fusion -> node robot_lab_algorithms/wheel_imu_fusion
[INFO] [go2-stance-gait-controller-1]: process started with pid [456591]
[INFO] [robot_state_publisher-2]: process started with pid [456593]
[INFO] [mujoco_spawner-3]: process started with pid [456595]
[INFO] [joy_teleop-4]: process started with pid [456597]
[INFO] [joy_node-5]: process started with pid [456599]
[INFO] [twist_mux-6]: process started with pid [456601]
[INFO] [twist_marker-7]: process started with pid [456603]
[INFO] [joystick_relay.py-8]: process started with pid [456605]
[INFO] [twist_relay-9]: process started with pid [456607]
[INFO] [simulator_ready_gate-10]: process started with pid [456617]
[twist_mux-6] [INFO] [1790851681.945007019] [twist_mux]: Topic handler 'topics.joystick' subscribed to topic 'joy_vel': timeout = 0.500000s , priority = 99.
[twist_mux-6] [INFO] [1790851681.947134078] [twist_mux]: Topic handler 'topics.keyboard' subscribed to topic 'key_vel': timeout = 0.500000s , priority = 90.
[twist_mux-6] [INFO] [1790851681.948321029] [twist_mux]: Topic handler 'topics.navigation' subscribed to topic 'cmd_vel': timeout = 0.500000s , priority = 80.
[twist_mux-6] [INFO] [1790851681.949316752] [twist_mux]: Topic handler 'locks.safety_stop' subscribed to topic 'safety_stop': timeout = None , priority = 255.
[robot_state_publisher-2] [INFO] [1790851681.972779905] [robot_state_publisher]: got segment FL_calf
[robot_state_publisher-2] [INFO] [1790851681.974438910] [robot_state_publisher]: got segment FL_calf_rotor
[robot_state_publisher-2] [INFO] [1790851681.976040028] [robot_state_publisher]: got segment FL_foot
[robot_state_publisher-2] [INFO] [1790851681.977051239] [robot_state_publisher]: got segment FL_hip
[robot_state_publisher-2] [INFO] [1790851681.977671386] [robot_state_publisher]: got segment FL_hip_rotor
[robot_state_publisher-2] [INFO] [1790851681.978219886] [robot_state_publisher]: got segment FL_thigh
[robot_state_publisher-2] [INFO] [1790851681.978729347] [robot_state_publisher]: got segment FL_thigh_rotor
[robot_state_publisher-2] [INFO] [1790851681.979230393] [robot_state_publisher]: got segment FR_calf
[robot_state_publisher-2] [INFO] [1790851681.979994409] [robot_state_publisher]: got segment FR_calf_rotor
[robot_state_publisher-2] [INFO] [1790851681.980551581] [robot_state_publisher]: got segment FR_foot
[robot_state_publisher-2] [INFO] [1790851681.981058994] [robot_state_publisher]: got segment FR_hip
[robot_state_publisher-2] [INFO] [1790851681.981548616] [robot_state_publisher]: got segment FR_hip_rotor
[robot_state_publisher-2] [INFO] [1790851681.982003614] [robot_state_publisher]: got segment FR_thigh
[robot_state_publisher-2] [INFO] [1790851681.982439893] [robot_state_publisher]: got segment FR_thigh_rotor
[robot_state_publisher-2] [INFO] [1790851681.982876236] [robot_state_publisher]: got segment RL_calf
[robot_state_publisher-2] [INFO] [1790851681.983321058] [robot_state_publisher]: got segment RL_calf_rotor
[robot_state_publisher-2] [INFO] [1790851681.983780281] [robot_state_publisher]: got segment RL_foot
[robot_state_publisher-2] [INFO] [1790851681.984249071] [robot_state_publisher]: got segment RL_hip
[robot_state_publisher-2] [INFO] [1790851681.984661638] [robot_state_publisher]: got segment RL_hip_rotor
[robot_state_publisher-2] [INFO] [1790851681.985091229] [robot_state_publisher]: got segment RL_thigh
[robot_state_publisher-2] [INFO] [1790851681.985517524] [robot_state_publisher]: got segment RL_thigh_rotor
[robot_state_publisher-2] [INFO] [1790851681.985540372] [robot_state_publisher]: got segment RR_calf
[robot_state_publisher-2] [INFO] [1790851681.985552083] [robot_state_publisher]: got segment RR_calf_rotor
[robot_state_publisher-2] [INFO] [1790851681.985563539] [robot_state_publisher]: got segment RR_foot
[robot_state_publisher-2] [INFO] [1790851681.985571443] [robot_state_publisher]: got segment RR_hip
[robot_state_publisher-2] [INFO] [1790851681.985580211] [robot_state_publisher]: got segment RR_hip_rotor
[robot_state_publisher-2] [INFO] [1790851681.985588179] [robot_state_publisher]: got segment RR_thigh
[robot_state_publisher-2] [INFO] [1790851681.985595794] [robot_state_publisher]: got segment RR_thigh_rotor
[robot_state_publisher-2] [INFO] [1790851681.985603058] [robot_state_publisher]: got segment base
[robot_state_publisher-2] [INFO] [1790851681.985610290] [robot_state_publisher]: got segment front_camera
[robot_state_publisher-2] [INFO] [1790851681.985617682] [robot_state_publisher]: got segment imu_link
[robot_state_publisher-2] [INFO] [1790851681.985626578] [robot_state_publisher]: got segment trunk
[go2-stance-gait-controller-1] [0;93m2026-10-01 12:48:02.744726621 [W:onnxruntime:Default, device_discovery.cc:164 DiscoverDevicesForPlatform] GPU device discovery failed: device_discovery.cc:89 ReadFileContents Failed to open file: "/sys/class/drm/card1/device/vendor"[m
[go2-stance-gait-controller-1] [INFO] [1790851682.811210370] [go2_stance_gait_controller]: Go2 closed-loop stance: 12 effort joints at 250.0 Hz; controller ONNX velocity policy
[mujoco_spawner-3] [INFO] [1790851684.064213813] [mujoco_spawner]: MuJoCo: 18 collision proxy geom(s) moved to group 3 (viewer Rendering tab to show them).
[mujoco_spawner-3] [INFO] [1790851684.112015557] [mujoco_spawner]: MuJoCo URDF import OK (all meshes staged).
[mujoco_spawner-3] [WARN] [1790851684.121894868] [mujoco_spawner]: MuJoCo effort plant: no MJCF beside /home/molar1/bumperbot_ws/install/robot_lab_robots/share/robot_lab_robots/unitree/go2_description/xacro/go2_sim.xacro names every effort joint; keeping the URDF <dynamics> (damping=5.0 is a Gazebo stabiliser the robot does not have).
[mujoco_spawner-3] [INFO] [1790851684.166490759] [mujoco_spawner]: MuJoCo physics timestep: 0.0010 s
[mujoco_spawner-3] [INFO] [1790851684.167837066] [mujoco_spawner]: Robot has no 'oakd_rgb_camera_frame' link; no RGB-D camera is published.
[mujoco_spawner-3] [INFO] [1790851684.168650137] [mujoco_spawner]: Joints: ['FR_hip_joint', 'FR_thigh_joint', 'FR_calf_joint', 'FL_hip_joint', 'FL_thigh_joint', 'FL_calf_joint', 'RR_hip_joint', 'RR_thigh_joint', 'RR_calf_joint', 'RL_hip_joint', 'RL_thigh_joint', 'RL_calf_joint']   lw= rw=
[mujoco_spawner-3] [INFO] [1790851684.171333217] [mujoco_spawner]: MuJoCo effort joint armature: 0.0100 kg m^2
[mujoco_spawner-3] [INFO] [1790851684.172365195] [mujoco_spawner]: Joint effort input: /go2_group_effort_controller/commands (12 joints, URDF limits)
[mujoco_spawner-3] [INFO] [1790851684.173818124] [mujoco_spawner]: Spawn ground clearance: raised root by 0.1939 m
[mujoco_spawner-3] [INFO] [1790851684.174586876] [mujoco_spawner]: MuJoCo model loaded: 14 bodies, 13 joints
[mujoco_spawner-3] [INFO] [1790851684.175101265] [mujoco_spawner]: MuJoCo gui param=False (resolved=False), DISPLAY=:1 -> mode=DIRECT
[mujoco_spawner-3] [INFO] [1790851684.175557191] [mujoco_spawner]: MuJoCo running headless (gui=False, viewer=True).
[mujoco_spawner-3] [INFO] [1790851684.179789358] [mujoco_spawner]: MuJoCo spawner running.
[go2-stance-gait-controller-1] [WARN] [1790851684.182129501] [go2_stance_gait_controller]: Go2 safety safe_stop: tilt 0.90 rad exceeds fall threshold
[go2-stance-gait-controller-1] [INFO] [1790851684.183816441] [go2_stance_gait_controller]: Go2 recovery idle
[go2-stance-gait-controller-1] [INFO] [1790851684.299561518] [go2_stance_gait_controller]: Go2 recovery waiting
[INFO] [simulator_ready_gate-10]: process has finished cleanly [pid 456617]
[INFO] [amcl-12]: process started with pid [456860]
[INFO] [map_server-11]: process started with pid [456858]
[INFO] [lifecycle_manager-13]: process started with pid [456862]
[INFO] [ekf_node-14]: process started with pid [456864]
[INFO] [imu_republisher.py-15]: process started with pid [456866]
[INFO] [wheel_imu_fusion-16]: process started with pid [456868]
[amcl-12] [0m[INFO] [1790851684.603193478] [amcl]: 
[amcl-12] 	amcl lifecycle node launched. 
[amcl-12] 	Waiting on external lifecycle transitions to activate
[amcl-12] 	See https://design.ros2.org/articles/node_lifecycle.html for more information.[0m
[amcl-12] [0m[INFO] [1790851684.604668807] [amcl]: Creating[0m
[map_server-11] [INFO] [1790851684.612018028] [map_server]: 
[map_server-11] 	map_server lifecycle node launched. 
[map_server-11] 	Waiting on external lifecycle transitions to activate
[map_server-11] 	See https://design.ros2.org/articles/node_lifecycle.html for more information.
[map_server-11] [INFO] [1790851684.613979778] [map_server]: Creating
[lifecycle_manager-13] [INFO] [1790851684.633898718] [lifecycle_manager_localization]: Creating
[lifecycle_manager-13] [INFO] [1790851684.647675899] [lifecycle_manager_localization]: [34m[1mCreating and initializing lifecycle service clients[0m[0m
[lifecycle_manager-13] [INFO] [1790851684.658486359] [lifecycle_manager_localization]: [34m[1mStarting managed nodes bringup...[0m[0m
[lifecycle_manager-13] [INFO] [1790851684.658584565] [lifecycle_manager_localization]: [34m[1mConfiguring map_server[0m[0m
[map_server-11] [INFO] [1790851684.659715805] [map_server]: Configuring
[map_server-11] [INFO] [1790851684.659843642] [map_io]: Loading yaml file: /home/molar1/bumperbot_ws/install/robot_lab_maps/share/robot_lab_maps/maps/nav_empty/maps/map.yaml
[map_server-11] [INFO] [1790851684.660255985] [map_io]: resolution: 0.05
[map_server-11] [INFO] [1790851684.660275857] [map_io]: origin[0]: -7
[map_server-11] [INFO] [1790851684.660282097] [map_io]: origin[1]: -7
[map_server-11] [INFO] [1790851684.660286641] [map_io]: origin[2]: 0
[map_server-11] [INFO] [1790851684.660291473] [map_io]: free_thresh: 0.196
[map_server-11] [INFO] [1790851684.660296241] [map_io]: occupied_thresh: 0.65
[map_server-11] [INFO] [1790851684.660301712] [map_io]: mode: trinary
[map_server-11] [INFO] [1790851684.660308720] [map_io]: negate: 0
[map_server-11] [INFO] [1790851684.660565355] [map_io]: Loading image_file: /home/molar1/bumperbot_ws/install/robot_lab_maps/share/robot_lab_maps/maps/nav_empty/maps/map.pgm
[map_server-11] [INFO] [1790851684.672873799] [map_io]: Read map /home/molar1/bumperbot_ws/install/robot_lab_maps/share/robot_lab_maps/maps/nav_empty/maps/map.pgm: 280 X 280 map @ 0.05 m/cell
[lifecycle_manager-13] [INFO] [1790851684.684685038] [lifecycle_manager_localization]: [34m[1mConfiguring amcl[0m[0m
[amcl-12] [0m[INFO] [1790851684.685552252] [amcl]: Configuring[0m
[amcl-12] [0m[INFO] [1790851684.685726744] [amcl]: initTransforms[0m
[amcl-12] [0m[INFO] [1790851684.698277679] [amcl]: initPubSub[0m
[amcl-12] [0m[INFO] [1790851684.706549856] [amcl]: Subscribed to map topic.[0m
[lifecycle_manager-13] [INFO] [1790851684.713620779] [lifecycle_manager_localization]: [34m[1mActivating map_server[0m[0m
[map_server-11] [INFO] [1790851684.713980196] [map_server]: Activating
[map_server-11] [INFO] [1790851684.714300637] [map_server]: Creating bond (map_server) to lifecycle manager.
[amcl-12] [0m[INFO] [1790851684.714572183] [amcl]: Received a 280 X 280 map @ 0.050 m/pix[0m
[lifecycle_manager-13] [INFO] [1790851684.817883155] [lifecycle_manager_localization]: Server map_server connected with bond.
[lifecycle_manager-13] [INFO] [1790851684.817969361] [lifecycle_manager_localization]: [34m[1mActivating amcl[0m[0m
[amcl-12] [0m[INFO] [1790851684.818359113] [amcl]: Activating[0m
[amcl-12] [0m[INFO] [1790851684.818504069] [amcl]: initialPoseReceived[0m
[amcl-12] [0m[INFO] [1790851684.818723073] [amcl]: Setting pose (0.476000): -0.500 -0.500 0.000[0m
[amcl-12] [0m[INFO] [1790851684.819288437] [amcl]: Creating bond (amcl) to lifecycle manager.[0m
[lifecycle_manager-13] [INFO] [1790851684.922175673] [lifecycle_manager_localization]: Server amcl connected with bond.
[lifecycle_manager-13] [INFO] [1790851684.922273271] [lifecycle_manager_localization]: [34m[1mManaged nodes are active[0m[0m
[lifecycle_manager-13] [INFO] [1790851684.922294711] [lifecycle_manager_localization]: [34m[1mCreating bond timer...[0m[0m
[amcl-12] [0m[INFO] [1790851685.039310481] [amcl]: createLaserObject[0m
[wheel_imu_fusion-16] [INFO] [1790851685.287893842] [sensor_fusion_wheel_imu_fusion]: wheel_imu_fusion ready
[go2-stance-gait-controller-1] [INFO] [1790851685.308867928] [go2_stance_gait_controller]: Go2 recovery attempting:tuck
[go2-stance-gait-controller-1] [INFO] [1790851685.709731499] [go2_stance_gait_controller]: Go2 recovery attempting:roll
[go2-stance-gait-controller-1] [INFO] [1790851686.411366385] [go2_stance_gait_controller]: Go2 recovery failed:roll
[amcl-12] [0m[INFO] [1790851690.798545584] [rclcpp]: signal_handler(SIGINT/SIGTERM)[0m
[amcl-12] [0m[INFO] [1790851690.798688845] [amcl]: Running Nav2 LifecycleNode rcl preshutdown (amcl)[0m
[amcl-12] [0m[INFO] [1790851690.798812394] [amcl]: Deactivating[0m
[amcl-12] [0m[INFO] [1790851690.798860905] [amcl]: Destroying bond (amcl) to lifecycle manager.[0m
[map_server-11] [INFO] [1790851690.798520913] [rclcpp]: signal_handler(SIGINT/SIGTERM)
[map_server-11] [INFO] [1790851690.798703885] [map_server]: Running Nav2 LifecycleNode rcl preshutdown (map_server)
[map_server-11] [INFO] [1790851690.798816170] [map_server]: Deactivating
[map_server-11] [INFO] [1790851690.798840554] [map_server]: Destroying bond (map_server) to lifecycle manager.
[twist_mux-6] [INFO] [1790851690.798533808] [rclcpp]: signal_handler(SIGINT/SIGTERM)
[twist_marker-7] [INFO] [1790851690.798517969] [rclcpp]: signal_handler(SIGINT/SIGTERM)
[ekf_node-14] [INFO] [1790851690.798525872] [rclcpp]: signal_handler(SIGINT/SIGTERM)
[lifecycle_manager-13] [INFO] [1790851690.798543440] [rclcpp]: signal_handler(SIGINT/SIGTERM)
[lifecycle_manager-13] [INFO] [1790851690.798688141] [lifecycle_manager_localization]: Running Nav2 LifecycleManager rcl preshutdown (lifecycle_manager_localization)
[lifecycle_manager-13] [INFO] [1790851690.798771115] [lifecycle_manager_localization]: [34m[1mTerminating bond timer...[0m[0m
[robot_state_publisher-2] [INFO] [1790851690.798543568] [rclcpp]: signal_handler(SIGINT/SIGTERM)
[twist_relay-9] [INFO] [1790851690.798844458] [rclcpp]: signal_handler(SIGINT/SIGTERM)
[joy_node-5] [INFO] [1790851690.798876745] [rclcpp]: signal_handler(SIGINT/SIGTERM)
[amcl-12] [0m[INFO] [1790851690.809242190] [amcl]: Cleaning up[0m
[map_server-11] [INFO] [1790851690.809216143] [map_server]: Cleaning up
[map_server-11] [INFO] [1790851690.809325516] [map_server]: Destroying bond (map_server) to lifecycle manager.
[map_server-11] [INFO] [1790851690.820548480] [map_server]: Destroying
[amcl-12] [0m[INFO] [1790851690.841638594] [amcl]: Destroying bond (amcl) to lifecycle manager.[0m
[joy_teleop-4] Traceback (most recent call last):
[joy_teleop-4]   File "/opt/ros/humble/lib/joy_teleop/joy_teleop", line 33, in <module>
[joy_teleop-4]     sys.exit(load_entry_point('joy-teleop==1.6.0', 'console_scripts', 'joy_teleop')())
[joy_teleop-4]   File "/opt/ros/humble/lib/python3.10/site-packages/joy_teleop/joy_teleop.py", line 435, in main
[joy_teleop-4]     rclpy.spin(node)
[joy_teleop-4]   File "/opt/ros/humble/local/lib/python3.10/dist-packages/rclpy/__init__.py", line 229, in spin
[joy_teleop-4]     executor.spin_once()
[joy_teleop-4]   File "/opt/ros/humble/local/lib/python3.10/dist-packages/rclpy/executors.py", line 812, in spin_once
[joy_teleop-4]     self._spin_once_impl(timeout_sec)
[joy_teleop-4]   File "/opt/ros/humble/local/lib/python3.10/dist-packages/rclpy/executors.py", line 801, in _spin_once_impl
[joy_teleop-4]     handler, entity, node = self.wait_for_ready_callbacks(timeout_sec=timeout_sec)
[joy_teleop-4]   File "/opt/ros/humble/local/lib/python3.10/dist-packages/rclpy/executors.py", line 784, in wait_for_ready_callbacks
[joy_teleop-4]     return next(self._cb_iter)
[joy_teleop-4]   File "/opt/ros/humble/local/lib/python3.10/dist-packages/rclpy/executors.py", line 685, in _wait_for_ready_callbacks
[joy_teleop-4]     raise ExternalShutdownException()
[joy_teleop-4] rclpy.executors.ExternalShutdownException
[amcl-12] [0m[INFO] [1790851690.923350437] [amcl]: Destroying[0m
[lifecycle_manager-13] [INFO] [1790851690.924180180] [lifecycle_manager_localization]: Destroying lifecycle_manager_localization
[INFO] [twist_mux-6]: process has finished cleanly [pid 456601]
[INFO] [joy_node-5]: process has finished cleanly [pid 456599]
[INFO] [ekf_node-14]: process has finished cleanly [pid 456864]
[INFO] [twist_marker-7]: process has finished cleanly [pid 456603]
[INFO] [twist_relay-9]: process has finished cleanly [pid 456607]
[INFO] [robot_state_publisher-2]: process has finished cleanly [pid 456593]
[INFO] [map_server-11]: process has finished cleanly [pid 456858]
[INFO] [wheel_imu_fusion-16]: process has finished cleanly [pid 456868]
[imu_republisher.py-15] Traceback (most recent call last):
[imu_republisher.py-15]   File "/home/molar1/bumperbot_ws/install/robot_lab_localization/lib/robot_lab_localization/imu_republisher.py", line 54, in <module>
[imu_republisher.py-15]     main()
[imu_republisher.py-15]   File "/home/molar1/bumperbot_ws/install/robot_lab_localization/lib/robot_lab_localization/imu_republisher.py", line 45, in main
[imu_republisher.py-15]     rclpy.spin(node)
[imu_republisher.py-15]   File "/opt/ros/humble/local/lib/python3.10/dist-packages/rclpy/__init__.py", line 229, in spin
[imu_republisher.py-15]     executor.spin_once()
[imu_republisher.py-15]   File "/opt/ros/humble/local/lib/python3.10/dist-packages/rclpy/executors.py", line 812, in spin_once
[imu_republisher.py-15]     self._spin_once_impl(timeout_sec)
[imu_republisher.py-15]   File "/opt/ros/humble/local/lib/python3.10/dist-packages/rclpy/executors.py", line 801, in _spin_once_impl
[imu_republisher.py-15]     handler, entity, node = self.wait_for_ready_callbacks(timeout_sec=timeout_sec)
[imu_republisher.py-15]   File "/opt/ros/humble/local/lib/python3.10/dist-packages/rclpy/executors.py", line 784, in wait_for_ready_callbacks
[imu_republisher.py-15]     return next(self._cb_iter)
[imu_republisher.py-15]   File "/opt/ros/humble/local/lib/python3.10/dist-packages/rclpy/executors.py", line 685, in _wait_for_ready_callbacks
[imu_republisher.py-15]     raise ExternalShutdownException()
[imu_republisher.py-15] rclpy.executors.ExternalShutdownException
[INFO] [lifecycle_manager-13]: process has finished cleanly [pid 456862]
[INFO] [amcl-12]: process has finished cleanly [pid 456860]
[INFO] [go2-stance-gait-controller-1]: process has finished cleanly [pid 456591]
[INFO] [joystick_relay.py-8]: process has finished cleanly [pid 456605]
[ERROR] [joy_teleop-4]: process has died [pid 456597, exit code 1, cmd '/opt/ros/humble/lib/joy_teleop/joy_teleop --ros-args --params-file /home/molar1/bumperbot_ws/install/robot_lab_controller/share/robot_lab_controller/config/joy_teleop.yaml --params-file /workspace/molar/.tmp/launch_params_6sv_c9za'].
[INFO] [mujoco_spawner-3]: process has finished cleanly [pid 456595]
[ERROR] [imu_republisher.py-15]: process has died [pid 456866, exit code 1, cmd '/home/molar1/bumperbot_ws/install/robot_lab_localization/lib/robot_lab_localization/imu_republisher.py --ros-args --params-file /workspace/molar/.tmp/launch_params_ht6wexy8'].
