[INFO] [launch]: All log files can be found below /home/molar1/.ros/log/2026-09-29-12-09-24-046420-molar1-772099
[INFO] [launch]: Default logging verbosity is set to INFO
[robot_lab] algorithm localization=amcl -> global_localization stack
[robot_lab] algorithm state_estimation=ekf_localization_node -> local_localization stack
[robot_lab] algorithm sensor_fusion=wheel_imu_fusion -> node robot_lab_algorithms/wheel_imu_fusion
[INFO] [go2-stance-gait-controller-1]: process started with pid [772157]
[INFO] [robot_state_publisher-2]: process started with pid [772159]
[INFO] [mujoco_spawner-3]: process started with pid [772161]
[INFO] [joy_teleop-4]: process started with pid [772163]
[INFO] [joy_node-5]: process started with pid [772165]
[INFO] [twist_mux-6]: process started with pid [772167]
[INFO] [twist_marker-7]: process started with pid [772175]
[INFO] [joystick_relay.py-8]: process started with pid [772177]
[INFO] [twist_relay-9]: process started with pid [772179]
[INFO] [simulator_ready_gate-10]: process started with pid [772198]
[twist_mux-6] [INFO] [1790676564.984127365] [twist_mux]: Topic handler 'topics.joystick' subscribed to topic 'joy_vel': timeout = 0.500000s , priority = 99.
[twist_mux-6] [INFO] [1790676564.985353406] [twist_mux]: Topic handler 'topics.keyboard' subscribed to topic 'key_vel': timeout = 0.500000s , priority = 90.
[twist_mux-6] [INFO] [1790676564.985818492] [twist_mux]: Topic handler 'topics.navigation' subscribed to topic 'cmd_vel': timeout = 0.500000s , priority = 80.
[twist_mux-6] [INFO] [1790676564.986260922] [twist_mux]: Topic handler 'locks.safety_stop' subscribed to topic 'safety_stop': timeout = None , priority = 255.
[robot_state_publisher-2] [INFO] [1790676564.996327111] [robot_state_publisher]: got segment FL_calf
[robot_state_publisher-2] [INFO] [1790676564.996488934] [robot_state_publisher]: got segment FL_calf_rotor
[robot_state_publisher-2] [INFO] [1790676564.996509574] [robot_state_publisher]: got segment FL_foot
[robot_state_publisher-2] [INFO] [1790676564.996518854] [robot_state_publisher]: got segment FL_hip
[robot_state_publisher-2] [INFO] [1790676564.996526566] [robot_state_publisher]: got segment FL_hip_rotor
[robot_state_publisher-2] [INFO] [1790676564.996534150] [robot_state_publisher]: got segment FL_thigh
[robot_state_publisher-2] [INFO] [1790676564.996541894] [robot_state_publisher]: got segment FL_thigh_rotor
[robot_state_publisher-2] [INFO] [1790676564.996553382] [robot_state_publisher]: got segment FR_calf
[robot_state_publisher-2] [INFO] [1790676564.996561350] [robot_state_publisher]: got segment FR_calf_rotor
[robot_state_publisher-2] [INFO] [1790676564.996568870] [robot_state_publisher]: got segment FR_foot
[robot_state_publisher-2] [INFO] [1790676564.996575910] [robot_state_publisher]: got segment FR_hip
[robot_state_publisher-2] [INFO] [1790676564.996583046] [robot_state_publisher]: got segment FR_hip_rotor
[robot_state_publisher-2] [INFO] [1790676564.996590054] [robot_state_publisher]: got segment FR_thigh
[robot_state_publisher-2] [INFO] [1790676564.996597317] [robot_state_publisher]: got segment FR_thigh_rotor
[robot_state_publisher-2] [INFO] [1790676564.996604389] [robot_state_publisher]: got segment RL_calf
[robot_state_publisher-2] [INFO] [1790676564.996612037] [robot_state_publisher]: got segment RL_calf_rotor
[robot_state_publisher-2] [INFO] [1790676564.996619301] [robot_state_publisher]: got segment RL_foot
[robot_state_publisher-2] [INFO] [1790676564.996626437] [robot_state_publisher]: got segment RL_hip
[robot_state_publisher-2] [INFO] [1790676564.996633733] [robot_state_publisher]: got segment RL_hip_rotor
[robot_state_publisher-2] [INFO] [1790676564.996641189] [robot_state_publisher]: got segment RL_thigh
[robot_state_publisher-2] [INFO] [1790676564.996648517] [robot_state_publisher]: got segment RL_thigh_rotor
[robot_state_publisher-2] [INFO] [1790676564.996656037] [robot_state_publisher]: got segment RR_calf
[robot_state_publisher-2] [INFO] [1790676564.996663365] [robot_state_publisher]: got segment RR_calf_rotor
[robot_state_publisher-2] [INFO] [1790676564.996670981] [robot_state_publisher]: got segment RR_foot
[robot_state_publisher-2] [INFO] [1790676564.996678789] [robot_state_publisher]: got segment RR_hip
[robot_state_publisher-2] [INFO] [1790676564.996686085] [robot_state_publisher]: got segment RR_hip_rotor
[robot_state_publisher-2] [INFO] [1790676564.996693189] [robot_state_publisher]: got segment RR_thigh
[robot_state_publisher-2] [INFO] [1790676564.996700389] [robot_state_publisher]: got segment RR_thigh_rotor
[robot_state_publisher-2] [INFO] [1790676564.996707589] [robot_state_publisher]: got segment base
[robot_state_publisher-2] [INFO] [1790676564.996715333] [robot_state_publisher]: got segment front_camera
[robot_state_publisher-2] [INFO] [1790676564.996722917] [robot_state_publisher]: got segment imu_link
[robot_state_publisher-2] [INFO] [1790676564.996730181] [robot_state_publisher]: got segment trunk
[go2-stance-gait-controller-1] [0;93m2026-09-29 12:09:25.712388642 [W:onnxruntime:Default, device_discovery.cc:164 DiscoverDevicesForPlatform] GPU device discovery failed: device_discovery.cc:89 ReadFileContents Failed to open file: "/sys/class/drm/card1/device/vendor"[m
[go2-stance-gait-controller-1] [INFO] [1790676565.783851800] [go2_stance_gait_controller]: Go2 closed-loop stance: 12 effort joints at 250.0 Hz; controller ONNX velocity policy
[mujoco_spawner-3] [INFO] [1790676567.070105167] [mujoco_spawner]: MuJoCo: 18 collision proxy geom(s) moved to group 3 (viewer Rendering tab to show them).
[mujoco_spawner-3] [INFO] [1790676567.118377147] [mujoco_spawner]: MuJoCo URDF import OK (all meshes staged).
[mujoco_spawner-3] [WARN] [1790676567.133727278] [mujoco_spawner]: MuJoCo effort plant: no MJCF beside /home/molar1/bumperbot_ws/install/robot_lab_robots/share/robot_lab_robots/unitree/go2_description/xacro/go2_sim.xacro names every effort joint; keeping the URDF <dynamics> (damping=5.0 is a Gazebo stabiliser the robot does not have).
[mujoco_spawner-3] [INFO] [1790676567.186294532] [mujoco_spawner]: MuJoCo physics timestep: 0.0010 s
[mujoco_spawner-3] [INFO] [1790676567.189051830] [mujoco_spawner]: Robot has no 'oakd_rgb_camera_frame' link; no RGB-D camera is published.
[mujoco_spawner-3] [INFO] [1790676567.190469167] [mujoco_spawner]: Joints: ['FR_hip_joint', 'FR_thigh_joint', 'FR_calf_joint', 'FL_hip_joint', 'FL_thigh_joint', 'FL_calf_joint', 'RR_hip_joint', 'RR_thigh_joint', 'RR_calf_joint', 'RL_hip_joint', 'RL_thigh_joint', 'RL_calf_joint']   lw= rw=
[mujoco_spawner-3] [INFO] [1790676567.194579354] [mujoco_spawner]: MuJoCo effort joint armature: 0.0100 kg m^2
[mujoco_spawner-3] [INFO] [1790676567.196646447] [mujoco_spawner]: Joint effort input: /go2_group_effort_controller/commands (12 joints, URDF limits)
[mujoco_spawner-3] [INFO] [1790676567.199088067] [mujoco_spawner]: Spawn ground clearance: raised root by 0.1939 m
[mujoco_spawner-3] [INFO] [1790676567.200283869] [mujoco_spawner]: MuJoCo model loaded: 14 bodies, 13 joints
[mujoco_spawner-3] [INFO] [1790676567.201143673] [mujoco_spawner]: MuJoCo gui param=False (resolved=False), DISPLAY=:1 -> mode=DIRECT
[mujoco_spawner-3] [INFO] [1790676567.201952916] [mujoco_spawner]: MuJoCo running headless (gui=False, viewer=True).
[go2-stance-gait-controller-1] [WARN] [1790676567.208801490] [go2_stance_gait_controller]: Go2 safety safe_stop: tilt 0.90 rad exceeds fall threshold
[mujoco_spawner-3] [INFO] [1790676567.209446639] [mujoco_spawner]: MuJoCo spawner running.
[go2-stance-gait-controller-1] [INFO] [1790676567.210547433] [go2_stance_gait_controller]: Go2 recovery idle
[go2-stance-gait-controller-1] [INFO] [1790676567.331849027] [go2_stance_gait_controller]: Go2 recovery waiting
[INFO] [simulator_ready_gate-10]: process has finished cleanly [pid 772198]
[INFO] [amcl-12]: process started with pid [772419]
[INFO] [map_server-11]: process started with pid [772417]
[INFO] [lifecycle_manager-13]: process started with pid [772421]
[INFO] [ekf_node-14]: process started with pid [772423]
[INFO] [imu_republisher.py-15]: process started with pid [772425]
[INFO] [wheel_imu_fusion-16]: process started with pid [772427]
[amcl-12] [0m[INFO] [1790676567.609636934] [amcl]: 
[amcl-12] 	amcl lifecycle node launched. 
[amcl-12] 	Waiting on external lifecycle transitions to activate
[amcl-12] 	See https://design.ros2.org/articles/node_lifecycle.html for more information.[0m
[amcl-12] [0m[INFO] [1790676567.611183583] [amcl]: Creating[0m
[lifecycle_manager-13] [INFO] [1790676567.623175458] [lifecycle_manager_localization]: Creating
[map_server-11] [INFO] [1790676567.625866676] [map_server]: 
[map_server-11] 	map_server lifecycle node launched. 
[map_server-11] 	Waiting on external lifecycle transitions to activate
[map_server-11] 	See https://design.ros2.org/articles/node_lifecycle.html for more information.
[map_server-11] [INFO] [1790676567.628680006] [map_server]: Creating
[lifecycle_manager-13] [INFO] [1790676567.650243801] [lifecycle_manager_localization]: [34m[1mCreating and initializing lifecycle service clients[0m[0m
[lifecycle_manager-13] [INFO] [1790676567.753363279] [lifecycle_manager_localization]: [34m[1mStarting managed nodes bringup...[0m[0m
[lifecycle_manager-13] [INFO] [1790676567.753472303] [lifecycle_manager_localization]: [34m[1mConfiguring map_server[0m[0m
[map_server-11] [INFO] [1790676567.754676329] [map_server]: Configuring
[map_server-11] [INFO] [1790676567.754809928] [map_io]: Loading yaml file: /home/molar1/bumperbot_ws/install/robot_lab_maps/share/robot_lab_maps/maps/nav_empty/maps/map.yaml
[map_server-11] [INFO] [1790676567.755215974] [map_io]: resolution: 0.05
[map_server-11] [INFO] [1790676567.755234886] [map_io]: origin[0]: -7
[map_server-11] [INFO] [1790676567.755240966] [map_io]: origin[1]: -7
[map_server-11] [INFO] [1790676567.755245382] [map_io]: origin[2]: 0
[map_server-11] [INFO] [1790676567.755250182] [map_io]: free_thresh: 0.196
[map_server-11] [INFO] [1790676567.755254982] [map_io]: occupied_thresh: 0.65
[map_server-11] [INFO] [1790676567.755260678] [map_io]: mode: trinary
[map_server-11] [INFO] [1790676567.755267270] [map_io]: negate: 0
[map_server-11] [INFO] [1790676567.755582116] [map_io]: Loading image_file: /home/molar1/bumperbot_ws/install/robot_lab_maps/share/robot_lab_maps/maps/nav_empty/maps/map.pgm
[map_server-11] [INFO] [1790676567.765922032] [map_io]: Read map /home/molar1/bumperbot_ws/install/robot_lab_maps/share/robot_lab_maps/maps/nav_empty/maps/map.pgm: 280 X 280 map @ 0.05 m/cell
[lifecycle_manager-13] [INFO] [1790676567.776289307] [lifecycle_manager_localization]: [34m[1mConfiguring amcl[0m[0m
[amcl-12] [0m[INFO] [1790676567.776912216] [amcl]: Configuring[0m
[amcl-12] [0m[INFO] [1790676567.777079735] [amcl]: initTransforms[0m
[amcl-12] [0m[INFO] [1790676567.786762215] [amcl]: initPubSub[0m
[amcl-12] [0m[INFO] [1790676567.792970439] [amcl]: Subscribed to map topic.[0m
[lifecycle_manager-13] [INFO] [1790676567.804852043] [lifecycle_manager_localization]: [34m[1mActivating map_server[0m[0m
[map_server-11] [INFO] [1790676567.805215337] [map_server]: Activating
[map_server-11] [INFO] [1790676567.805539336] [map_server]: Creating bond (map_server) to lifecycle manager.
[amcl-12] [0m[INFO] [1790676567.807542237] [amcl]: Received a 280 X 280 map @ 0.050 m/pix[0m
[lifecycle_manager-13] [INFO] [1790676567.909964343] [lifecycle_manager_localization]: Server map_server connected with bond.
[lifecycle_manager-13] [INFO] [1790676567.910078231] [lifecycle_manager_localization]: [34m[1mActivating amcl[0m[0m
[amcl-12] [0m[INFO] [1790676567.910465525] [amcl]: Activating[0m
[amcl-12] [0m[INFO] [1790676567.910559444] [amcl]: initialPoseReceived[0m
[amcl-12] [0m[INFO] [1790676567.910808019] [amcl]: Setting pose (0.560000): -0.500 -0.500 0.000[0m
[amcl-12] [0m[INFO] [1790676567.911397456] [amcl]: Creating bond (amcl) to lifecycle manager.[0m
[lifecycle_manager-13] [INFO] [1790676568.014322440] [lifecycle_manager_localization]: Server amcl connected with bond.
[lifecycle_manager-13] [INFO] [1790676568.014414567] [lifecycle_manager_localization]: [34m[1mManaged nodes are active[0m[0m
[lifecycle_manager-13] [INFO] [1790676568.014438567] [lifecycle_manager_localization]: [34m[1mCreating bond timer...[0m[0m
[amcl-12] [0m[INFO] [1790676568.020565672] [amcl]: createLaserObject[0m
[wheel_imu_fusion-16] [INFO] [1790676568.323855498] [sensor_fusion_wheel_imu_fusion]: wheel_imu_fusion ready
[go2-stance-gait-controller-1] [INFO] [1790676568.332138976] [go2_stance_gait_controller]: Go2 recovery attempting:tuck
[go2-stance-gait-controller-1] [INFO] [1790676576.332159453] [go2_stance_gait_controller]: Go2 recovery unrecoverable:tuck
[lifecycle_manager-13] [INFO] [1790676576.893143525] [rclcpp]: signal_handler(SIGINT/SIGTERM)
[twist_relay-9] [INFO] [1790676576.893145413] [rclcpp]: signal_handler(SIGINT/SIGTERM)
[twist_marker-7] [INFO] [1790676576.893152741] [rclcpp]: signal_handler(SIGINT/SIGTERM)
[lifecycle_manager-13] [INFO] [1790676576.893306724] [lifecycle_manager_localization]: Running Nav2 LifecycleManager rcl preshutdown (lifecycle_manager_localization)
[lifecycle_manager-13] [INFO] [1790676576.893387555] [lifecycle_manager_localization]: [34m[1mTerminating bond timer...[0m[0m
[joy_node-5] [INFO] [1790676576.893200228] [rclcpp]: signal_handler(SIGINT/SIGTERM)
[map_server-11] [INFO] [1790676576.893494467] [rclcpp]: signal_handler(SIGINT/SIGTERM)
[map_server-11] [INFO] [1790676576.893652706] [map_server]: Running Nav2 LifecycleNode rcl preshutdown (map_server)
[map_server-11] [INFO] [1790676576.893753762] [map_server]: Deactivating
[map_server-11] [INFO] [1790676576.893778402] [map_server]: Destroying bond (map_server) to lifecycle manager.
[amcl-12] [0m[INFO] [1790676576.893463363] [rclcpp]: signal_handler(SIGINT/SIGTERM)[0m
[amcl-12] [0m[INFO] [1790676576.893598562] [amcl]: Running Nav2 LifecycleNode rcl preshutdown (amcl)[0m
[amcl-12] [0m[INFO] [1790676576.893714882] [amcl]: Deactivating[0m
[amcl-12] [0m[INFO] [1790676576.893766210] [amcl]: Destroying bond (amcl) to lifecycle manager.[0m
[twist_mux-6] [INFO] [1790676576.893755458] [rclcpp]: signal_handler(SIGINT/SIGTERM)
[robot_state_publisher-2] [INFO] [1790676576.894188671] [rclcpp]: signal_handler(SIGINT/SIGTERM)
[ekf_node-14] [INFO] [1790676576.894629053] [rclcpp]: signal_handler(SIGINT/SIGTERM)
[amcl-12] [0m[INFO] [1790676576.904215853] [amcl]: Cleaning up[0m
[map_server-11] [INFO] [1790676576.905364071] [map_server]: Cleaning up
[map_server-11] [INFO] [1790676576.905478950] [map_server]: Destroying bond (map_server) to lifecycle manager.
[amcl-12] [0m[INFO] [1790676576.916254192] [amcl]: Destroying bond (amcl) to lifecycle manager.[0m
[map_server-11] [INFO] [1790676576.914630872] [map_server]: Destroying
[lifecycle_manager-13] [INFO] [1790676576.926928570] [lifecycle_manager_localization]: Destroying lifecycle_manager_localization
[amcl-12] [0m[INFO] [1790676576.931591810] [amcl]: Destroying[0m
[joy_teleop-4] Traceback (most recent call last):
[joy_teleop-4]   File "/opt/ros/humble/lib/joy_teleop/joy_teleop", line 33, in <module>
[joy_teleop-4]     sys.exit(load_entry_point('joy-teleop==1.6.0', 'console_scripts', 'joy_teleop')())
[joy_teleop-4]   File "/opt/ros/humble/lib/python3.10/site-packages/joy_teleop/joy_teleop.py", line 435, in main
[joy_teleop-4]     rclpy.spin(node)
[joy_teleop-4]   File "/opt/ros/humble/local/lib/python3.10/dist-packages/rclpy/__init__.py", line 229, in spin
[joy_teleop-4]     executor.spin_once()
[joy_teleop-4]   File "/opt/ros/humble/local/lib/python3.10/dist-packages/rclpy/executors.py", line 812, in spin_once
[joy_teleop-4]     self._spin_once_impl(timeout_sec)
[joy_teleop-4]   File "/opt/ros/humble/local/lib/python3.10/dist-packages/rclpy/executors.py", line 801, in _spin_once_impl
[joy_teleop-4]     handler, entity, node = self.wait_for_ready_callbacks(timeout_sec=timeout_sec)
[joy_teleop-4]   File "/opt/ros/humble/local/lib/python3.10/dist-packages/rclpy/executors.py", line 784, in wait_for_ready_callbacks
[joy_teleop-4]     return next(self._cb_iter)
[joy_teleop-4]   File "/opt/ros/humble/local/lib/python3.10/dist-packages/rclpy/executors.py", line 685, in _wait_for_ready_callbacks
[joy_teleop-4]     raise ExternalShutdownException()
[joy_teleop-4] rclpy.executors.ExternalShutdownException
[INFO] [lifecycle_manager-13]: process has finished cleanly [pid 772421]
[INFO] [robot_state_publisher-2]: process has finished cleanly [pid 772159]
[INFO] [twist_mux-6]: process has finished cleanly [pid 772167]
[INFO] [ekf_node-14]: process has finished cleanly [pid 772423]
[INFO] [joy_node-5]: process has finished cleanly [pid 772165]
[INFO] [twist_relay-9]: process has finished cleanly [pid 772179]
[INFO] [twist_marker-7]: process has finished cleanly [pid 772175]
[INFO] [map_server-11]: process has finished cleanly [pid 772417]
[INFO] [amcl-12]: process has finished cleanly [pid 772419]
[imu_republisher.py-15] Traceback (most recent call last):
[imu_republisher.py-15]   File "/home/molar1/bumperbot_ws/install/robot_lab_localization/lib/robot_lab_localization/imu_republisher.py", line 54, in <module>
[imu_republisher.py-15]     main()
[imu_republisher.py-15]   File "/home/molar1/bumperbot_ws/install/robot_lab_localization/lib/robot_lab_localization/imu_republisher.py", line 45, in main
[imu_republisher.py-15]     rclpy.spin(node)
[imu_republisher.py-15]   File "/opt/ros/humble/local/lib/python3.10/dist-packages/rclpy/__init__.py", line 229, in spin
[imu_republisher.py-15]     executor.spin_once()
[imu_republisher.py-15]   File "/opt/ros/humble/local/lib/python3.10/dist-packages/rclpy/executors.py", line 812, in spin_once
[imu_republisher.py-15]     self._spin_once_impl(timeout_sec)
[imu_republisher.py-15]   File "/opt/ros/humble/local/lib/python3.10/dist-packages/rclpy/executors.py", line 801, in _spin_once_impl
[imu_republisher.py-15]     handler, entity, node = self.wait_for_ready_callbacks(timeout_sec=timeout_sec)
[imu_republisher.py-15]   File "/opt/ros/humble/local/lib/python3.10/dist-packages/rclpy/executors.py", line 784, in wait_for_ready_callbacks
[imu_republisher.py-15]     return next(self._cb_iter)
[imu_republisher.py-15]   File "/opt/ros/humble/local/lib/python3.10/dist-packages/rclpy/executors.py", line 685, in _wait_for_ready_callbacks
[imu_republisher.py-15]     raise ExternalShutdownException()
[imu_republisher.py-15] rclpy.executors.ExternalShutdownException
[INFO] [wheel_imu_fusion-16]: process has finished cleanly [pid 772427]
[INFO] [go2-stance-gait-controller-1]: process has finished cleanly [pid 772157]
[INFO] [mujoco_spawner-3]: process has finished cleanly [pid 772161]
[INFO] [joystick_relay.py-8]: process has finished cleanly [pid 772177]
[ERROR] [imu_republisher.py-15]: process has died [pid 772425, exit code 1, cmd '/home/molar1/bumperbot_ws/install/robot_lab_localization/lib/robot_lab_localization/imu_republisher.py --ros-args --params-file /workspace/molar/.tmp/launch_params__0dr5zrp'].
[ERROR] [joy_teleop-4]: process has died [pid 772163, exit code 1, cmd '/opt/ros/humble/lib/joy_teleop/joy_teleop --ros-args --params-file /home/molar1/bumperbot_ws/install/robot_lab_controller/share/robot_lab_controller/config/joy_teleop.yaml --params-file /workspace/molar/.tmp/launch_params_rf0ycx9y'].
