[INFO] [launch]: All log files can be found below /home/molar1/.ros/log/2026-09-25-10-35-49-522094-molar1-1213243
[INFO] [launch]: Default logging verbosity is set to INFO
[robot_lab] algorithm localization=amcl -> global_localization stack
[robot_lab] algorithm state_estimation=ekf_localization_node -> local_localization stack
[robot_lab] algorithm sensor_fusion=wheel_imu_fusion -> node robot_lab_algorithms/wheel_imu_fusion
[INFO] [go2-stance-gait-controller-1]: process started with pid [1213283]
[INFO] [robot_state_publisher-2]: process started with pid [1213285]
[INFO] [mujoco_spawner-3]: process started with pid [1213287]
[INFO] [joy_teleop-4]: process started with pid [1213289]
[INFO] [joy_node-5]: process started with pid [1213291]
[INFO] [twist_mux-6]: process started with pid [1213293]
[INFO] [twist_marker-7]: process started with pid [1213295]
[INFO] [joystick_relay.py-8]: process started with pid [1213297]
[INFO] [twist_relay-9]: process started with pid [1213299]
[INFO] [simulator_ready_gate-10]: process started with pid [1213301]
[twist_mux-6] 1790325350.575875 [101]  twist_mux: selected interface "lo" is not multicast-capable: disabling multicast
[twist_mux-6] [INFO] [1790325350.583655923] [twist_mux]: Topic handler 'topics.joystick' subscribed to topic 'joy_vel': timeout = 0.500000s , priority = 99.
[twist_mux-6] [INFO] [1790325350.584724807] [twist_mux]: Topic handler 'topics.keyboard' subscribed to topic 'key_vel': timeout = 0.500000s , priority = 90.
[twist_mux-6] [INFO] [1790325350.584985003] [twist_mux]: Topic handler 'topics.navigation' subscribed to topic 'cmd_vel': timeout = 0.500000s , priority = 80.
[twist_mux-6] [INFO] [1790325350.585184047] [twist_mux]: Topic handler 'locks.safety_stop' subscribed to topic 'safety_stop': timeout = None , priority = 255.
[twist_relay-9] 1790325350.590875 [101] twist_rela: selected interface "lo" is not multicast-capable: disabling multicast
[robot_state_publisher-2] 1790325350.590875 [101] robot_stat: selected interface "lo" is not multicast-capable: disabling multicast
[twist_marker-7] 1790325350.593019 [101] twist_mark: selected interface "lo" is not multicast-capable: disabling multicast
[joy_node-5] 1790325350.599800 [101]   joy_node: selected interface "lo" is not multicast-capable: disabling multicast
[robot_state_publisher-2] [INFO] [1790325350.619604421] [robot_state_publisher]: got segment FL_calf
[robot_state_publisher-2] [INFO] [1790325350.620718489] [robot_state_publisher]: got segment FL_calf_rotor
[robot_state_publisher-2] [INFO] [1790325350.621322693] [robot_state_publisher]: got segment FL_foot
[robot_state_publisher-2] [INFO] [1790325350.622104979] [robot_state_publisher]: got segment FL_hip
[robot_state_publisher-2] [INFO] [1790325350.622686397] [robot_state_publisher]: got segment FL_hip_rotor
[robot_state_publisher-2] [INFO] [1790325350.623172390] [robot_state_publisher]: got segment FL_thigh
[robot_state_publisher-2] [INFO] [1790325350.623663023] [robot_state_publisher]: got segment FL_thigh_rotor
[robot_state_publisher-2] [INFO] [1790325350.625861592] [robot_state_publisher]: got segment FR_calf
[robot_state_publisher-2] [INFO] [1790325350.626818409] [robot_state_publisher]: got segment FR_calf_rotor
[robot_state_publisher-2] [INFO] [1790325350.627403892] [robot_state_publisher]: got segment FR_foot
[robot_state_publisher-2] [INFO] [1790325350.628004127] [robot_state_publisher]: got segment FR_hip
[robot_state_publisher-2] [INFO] [1790325350.629026418] [robot_state_publisher]: got segment FR_hip_rotor
[robot_state_publisher-2] [INFO] [1790325350.629052402] [robot_state_publisher]: got segment FR_thigh
[robot_state_publisher-2] [INFO] [1790325350.629064306] [robot_state_publisher]: got segment FR_thigh_rotor
[robot_state_publisher-2] [INFO] [1790325350.629073874] [robot_state_publisher]: got segment RL_calf
[robot_state_publisher-2] [INFO] [1790325350.629084243] [robot_state_publisher]: got segment RL_calf_rotor
[robot_state_publisher-2] [INFO] [1790325350.629091603] [robot_state_publisher]: got segment RL_foot
[robot_state_publisher-2] [INFO] [1790325350.629099731] [robot_state_publisher]: got segment RL_hip
[robot_state_publisher-2] [INFO] [1790325350.629107571] [robot_state_publisher]: got segment RL_hip_rotor
[robot_state_publisher-2] [INFO] [1790325350.629115603] [robot_state_publisher]: got segment RL_thigh
[robot_state_publisher-2] [INFO] [1790325350.629123091] [robot_state_publisher]: got segment RL_thigh_rotor
[robot_state_publisher-2] [INFO] [1790325350.629130547] [robot_state_publisher]: got segment RR_calf
[robot_state_publisher-2] [INFO] [1790325350.629137748] [robot_state_publisher]: got segment RR_calf_rotor
[robot_state_publisher-2] [INFO] [1790325350.629146676] [robot_state_publisher]: got segment RR_foot
[robot_state_publisher-2] [INFO] [1790325350.629154068] [robot_state_publisher]: got segment RR_hip
[robot_state_publisher-2] [INFO] [1790325350.629161300] [robot_state_publisher]: got segment RR_hip_rotor
[robot_state_publisher-2] [INFO] [1790325350.629168852] [robot_state_publisher]: got segment RR_thigh
[robot_state_publisher-2] [INFO] [1790325350.629176116] [robot_state_publisher]: got segment RR_thigh_rotor
[robot_state_publisher-2] [INFO] [1790325350.629183124] [robot_state_publisher]: got segment base
[robot_state_publisher-2] [INFO] [1790325350.629190293] [robot_state_publisher]: got segment front_camera
[robot_state_publisher-2] [INFO] [1790325350.629197045] [robot_state_publisher]: got segment imu_link
[robot_state_publisher-2] [INFO] [1790325350.629205845] [robot_state_publisher]: got segment trunk
[joy_teleop-4] 1790325351.111145 [101] joy_teleop: selected interface "lo" is not multicast-capable: disabling multicast
[joystick_relay.py-8] 1790325351.123063 [101] joystick_r: selected interface "lo" is not multicast-capable: disabling multicast
[go2-stance-gait-controller-1] 1790325351.139060 [101] go2-stance: selected interface "lo" is not multicast-capable: disabling multicast
[go2-stance-gait-controller-1] [INFO] [1790325351.268511832] [go2_stance_gait_controller]: Go2 closed-loop stance/gait: 12 effort joints at 250.0 Hz
[mujoco_spawner-3] 1790325351.607511 [101] mujoco_spa: selected interface "lo" is not multicast-capable: disabling multicast
[mujoco_spawner-3] [INFO] [1790325352.741657773] [mujoco_spawner]: MuJoCo: 18 collision proxy geom(s) moved to group 3 (viewer Rendering tab to show them).
[mujoco_spawner-3] [INFO] [1790325352.791273426] [mujoco_spawner]: MuJoCo URDF import OK (all meshes staged).
[mujoco_spawner-3] [WARN] [1790325352.803966489] [mujoco_spawner]: MuJoCo effort plant: no MJCF beside /workspace/molar/ros_ws/bumperbot_ws/install/robot_lab_robots/share/robot_lab_robots/unitree/go2_description/xacro/go2_sim.xacro names every effort joint; keeping the URDF <dynamics> (damping=5.0 is a Gazebo stabiliser the robot does not have).
[mujoco_spawner-3] [INFO] [1790325352.852654669] [mujoco_spawner]: MuJoCo physics timestep: 0.0010 s
[mujoco_spawner-3] [INFO] [1790325352.854012070] [mujoco_spawner]: Robot has no 'oakd_rgb_camera_frame' link; no RGB-D camera is published.
[mujoco_spawner-3] [INFO] [1790325352.855170747] [mujoco_spawner]: Joints: ['FR_hip_joint', 'FR_thigh_joint', 'FR_calf_joint', 'FL_hip_joint', 'FL_thigh_joint', 'FL_calf_joint', 'RR_hip_joint', 'RR_thigh_joint', 'RR_calf_joint', 'RL_hip_joint', 'RL_thigh_joint', 'RL_calf_joint']   lw= rw=
[mujoco_spawner-3] [INFO] [1790325352.856032746] [mujoco_spawner]: MuJoCo effort joint armature: 0.0100 kg m^2
[mujoco_spawner-3] [INFO] [1790325352.858493399] [mujoco_spawner]: Joint effort input: /go2_group_effort_controller/commands (12 joints, URDF limits)
[mujoco_spawner-3] [INFO] [1790325352.860240599] [mujoco_spawner]: Spawn ground clearance: raised root by 0.2491 m
[mujoco_spawner-3] [INFO] [1790325352.860970244] [mujoco_spawner]: MuJoCo model loaded: 14 bodies, 13 joints
[mujoco_spawner-3] [INFO] [1790325352.861626768] [mujoco_spawner]: MuJoCo gui param=False (resolved=False), DISPLAY=:1 -> mode=DIRECT
[mujoco_spawner-3] [INFO] [1790325352.862305564] [mujoco_spawner]: MuJoCo running headless (gui=False, viewer=True).
[mujoco_spawner-3] [INFO] [1790325352.870741397] [mujoco_spawner]: MuJoCo spawner running.
[INFO] [simulator_ready_gate-10]: process has finished cleanly [pid 1213301]
[INFO] [amcl-12]: process started with pid [1213537]
[INFO] [map_server-11]: process started with pid [1213535]
[INFO] [lifecycle_manager-13]: process started with pid [1213539]
[INFO] [ekf_node-14]: process started with pid [1213541]
[INFO] [imu_republisher.py-15]: process started with pid [1213543]
[INFO] [wheel_imu_fusion-16]: process started with pid [1213545]
[amcl-12] 1790325353.270198 [101]       amcl: selected interface "lo" is not multicast-capable: disabling multicast
[amcl-12] [0m[INFO] [1790325353.278996247] [amcl]:
[amcl-12] 	amcl lifecycle node launched.
[amcl-12] 	Waiting on external lifecycle transitions to activate
[amcl-12] 	See https://design.ros2.org/articles/node_lifecycle.html for more information.[0m
[amcl-12] [0m[INFO] [1790325353.280743318] [amcl]: Creating[0m
[ekf_node-14] 1790325353.282190 [101]   ekf_node: selected interface "lo" is not multicast-capable: disabling multicast
[lifecycle_manager-13] 1790325353.284912 [101] lifecycle_: selected interface "lo" is not multicast-capable: disabling multicast
[lifecycle_manager-13] [INFO] [1790325353.299885649] [lifecycle_manager_localization]: Creating
[lifecycle_manager-13] [INFO] [1790325353.309248762] [lifecycle_manager_localization]: [34m[1mCreating and initializing lifecycle service clients[0m[0m
[map_server-11] 1790325353.320528 [101] map_server: selected interface "lo" is not multicast-capable: disabling multicast
[map_server-11] [INFO] [1790325353.335578806] [map_server]:
[map_server-11] 	map_server lifecycle node launched.
[map_server-11] 	Waiting on external lifecycle transitions to activate
[map_server-11] 	See https://design.ros2.org/articles/node_lifecycle.html for more information.
[map_server-11] [INFO] [1790325353.335785082] [map_server]: Creating
[lifecycle_manager-13] [INFO] [1790325353.445520986] [lifecycle_manager_localization]: [34m[1mStarting managed nodes bringup...[0m[0m
[lifecycle_manager-13] [INFO] [1790325353.448457008] [lifecycle_manager_localization]: [34m[1mConfiguring map_server[0m[0m
[map_server-11] [INFO] [1790325353.449876873] [map_server]: Configuring
[map_server-11] [INFO] [1790325353.450011980] [map_io]: Loading yaml file: /workspace/molar/ros_ws/bumperbot_ws/install/robot_lab_maps/share/robot_lab_maps/maps/nav_empty/maps/map.yaml
[map_server-11] [INFO] [1790325353.450435507] [map_io]: resolution: 0.05
[map_server-11] [INFO] [1790325353.450459764] [map_io]: origin[0]: -7
[map_server-11] [INFO] [1790325353.450466036] [map_io]: origin[1]: -7
[map_server-11] [INFO] [1790325353.450471092] [map_io]: origin[2]: 0
[map_server-11] [INFO] [1790325353.450476532] [map_io]: free_thresh: 0.196
[map_server-11] [INFO] [1790325353.450481780] [map_io]: occupied_thresh: 0.65
[map_server-11] [INFO] [1790325353.450488692] [map_io]: mode: trinary
[map_server-11] [INFO] [1790325353.450496212] [map_io]: negate: 0
[map_server-11] [INFO] [1790325353.450801626] [map_io]: Loading image_file: /workspace/molar/ros_ws/bumperbot_ws/install/robot_lab_maps/share/robot_lab_maps/maps/nav_empty/maps/map.pgm
[map_server-11] [INFO] [1790325353.461143829] [map_io]: Read map /workspace/molar/ros_ws/bumperbot_ws/install/robot_lab_maps/share/robot_lab_maps/maps/nav_empty/maps/map.pgm: 280 X 280 map @ 0.05 m/cell
[lifecycle_manager-13] [INFO] [1790325353.471151818] [lifecycle_manager_localization]: [34m[1mConfiguring amcl[0m[0m
[amcl-12] [0m[INFO] [1790325353.471519217] [amcl]: Configuring[0m
[amcl-12] [0m[INFO] [1790325353.471678708] [amcl]: initTransforms[0m
[amcl-12] [0m[INFO] [1790325353.483529930] [amcl]: initPubSub[0m
[amcl-12] [0m[INFO] [1790325353.489405844] [amcl]: Subscribed to map topic.[0m
[lifecycle_manager-13] [INFO] [1790325353.495161404] [lifecycle_manager_localization]: [34m[1mActivating map_server[0m[0m
[map_server-11] [INFO] [1790325353.495590980] [map_server]: Activating
[map_server-11] [INFO] [1790325353.495898186] [map_server]: Creating bond (map_server) to lifecycle manager.
[amcl-12] [0m[INFO] [1790325353.496467796] [amcl]: Received a 280 X 280 map @ 0.050 m/pix[0m
[lifecycle_manager-13] [INFO] [1790325353.603256895] [lifecycle_manager_localization]: Server map_server connected with bond.
[lifecycle_manager-13] [INFO] [1790325353.603350529] [lifecycle_manager_localization]: [34m[1mActivating amcl[0m[0m
[amcl-12] [0m[INFO] [1790325353.603697031] [amcl]: Activating[0m
[amcl-12] [0m[INFO] [1790325353.603793289] [amcl]: initialPoseReceived[0m
[amcl-12] [0m[INFO] [1790325353.603990092] [amcl]: Setting pose (0.648000): -0.500 -0.500 0.000[0m
[amcl-12] [0m[INFO] [1790325353.604550871] [amcl]: Creating bond (amcl) to lifecycle manager.[0m
[lifecycle_manager-13] [INFO] [1790325353.708130472] [lifecycle_manager_localization]: Server amcl connected with bond.
[lifecycle_manager-13] [INFO] [1790325353.708238346] [lifecycle_manager_localization]: [34m[1mManaged nodes are active[0m[0m
[lifecycle_manager-13] [INFO] [1790325353.708259626] [lifecycle_manager_localization]: [34m[1mCreating bond timer...[0m[0m
[imu_republisher.py-15] 1790325353.737996 [101]    python3: selected interface "lo" is not multicast-capable: disabling multicast
[wheel_imu_fusion-16] 1790325353.752617 [101] wheel_imu_: selected interface "lo" is not multicast-capable: disabling multicast
[amcl-12] [0m[INFO] [1790325353.845049812] [amcl]: createLaserObject[0m
[wheel_imu_fusion-16] [INFO] [1790325354.051208353] [sensor_fusion_wheel_imu_fusion]: wheel_imu_fusion ready
[WARNING] [launch]: user interrupted with ctrl-c (SIGINT)
[INFO] [wheel_imu_fusion-16]: sending signal 'SIGINT' to process[wheel_imu_fusion-16]
[INFO] [imu_republisher.py-15]: sending signal 'SIGINT' to process[imu_republisher.py-15]
[INFO] [ekf_node-14]: sending signal 'SIGINT' to process[ekf_node-14]
[INFO] [lifecycle_manager-13]: sending signal 'SIGINT' to process[lifecycle_manager-13]
[INFO] [amcl-12]: sending signal 'SIGINT' to process[amcl-12]
[INFO] [map_server-11]: sending signal 'SIGINT' to process[map_server-11]
[INFO] [twist_relay-9]: sending signal 'SIGINT' to process[twist_relay-9]
[INFO] [joystick_relay.py-8]: sending signal 'SIGINT' to process[joystick_relay.py-8]
[INFO] [twist_marker-7]: sending signal 'SIGINT' to process[twist_marker-7]
[INFO] [twist_mux-6]: sending signal 'SIGINT' to process[twist_mux-6]
[INFO] [joy_node-5]: sending signal 'SIGINT' to process[joy_node-5]
[INFO] [joy_teleop-4]: sending signal 'SIGINT' to process[joy_teleop-4]
[INFO] [mujoco_spawner-3]: sending signal 'SIGINT' to process[mujoco_spawner-3]
[INFO] [robot_state_publisher-2]: sending signal 'SIGINT' to process[robot_state_publisher-2]
[INFO] [go2-stance-gait-controller-1]: sending signal 'SIGINT' to process[go2-stance-gait-controller-1]
[ekf_node-14] [INFO] [1790325361.142622683] [rclcpp]: signal_handler(SIGINT/SIGTERM)
[lifecycle_manager-13] [INFO] [1790325361.146611265] [rclcpp]: signal_handler(SIGINT/SIGTERM)
[lifecycle_manager-13] [INFO] [1790325361.146755268] [lifecycle_manager_localization]: Running Nav2 LifecycleManager rcl preshutdown (lifecycle_manager_localization)
[lifecycle_manager-13] [INFO] [1790325361.146825797] [lifecycle_manager_localization]: [34m[1mTerminating bond timer...[0m[0m
[amcl-12] [0m[INFO] [1790325361.150868716] [rclcpp]: signal_handler(SIGINT/SIGTERM)[0m
[amcl-12] [0m[INFO] [1790325361.151045263] [amcl]: Running Nav2 LifecycleNode rcl preshutdown (amcl)[0m
[amcl-12] [0m[INFO] [1790325361.151347700] [amcl]: Deactivating[0m
[amcl-12] [0m[INFO] [1790325361.151418677] [amcl]: Destroying bond (amcl) to lifecycle manager.[0m
[map_server-11] [INFO] [1790325361.155359098] [rclcpp]: signal_handler(SIGINT/SIGTERM)
[map_server-11] [INFO] [1790325361.155566238] [map_server]: Running Nav2 LifecycleNode rcl preshutdown (map_server)
[map_server-11] [INFO] [1790325361.155676096] [map_server]: Deactivating
[map_server-11] [INFO] [1790325361.155703008] [map_server]: Destroying bond (map_server) to lifecycle manager.
[twist_relay-9] [INFO] [1790325361.160380242] [rclcpp]: signal_handler(SIGINT/SIGTERM)
[amcl-12] [0m[INFO] [1790325361.162027503] [amcl]: Cleaning up[0m
[map_server-11] [INFO] [1790325361.166069110] [map_server]: Cleaning up
[map_server-11] [INFO] [1790325361.166172952] [map_server]: Destroying bond (map_server) to lifecycle manager.
[twist_marker-7] [INFO] [1790325361.167142217] [rclcpp]: signal_handler(SIGINT/SIGTERM)
[twist_mux-6] [INFO] [1790325361.177011189] [rclcpp]: signal_handler(SIGINT/SIGTERM)
[joy_node-5] [INFO] [1790325361.180322191] [rclcpp]: signal_handler(SIGINT/SIGTERM)
[amcl-12] [0m[INFO] [1790325361.190480449] [amcl]: Destroying bond (amcl) to lifecycle manager.[0m
[robot_state_publisher-2] [INFO] [1790325361.191566292] [rclcpp]: signal_handler(SIGINT/SIGTERM)
[amcl-12] [0m[INFO] [1790325361.254555651] [amcl]: Destroying[0m
[lifecycle_manager-13] [INFO] [1790325361.259799327] [lifecycle_manager_localization]: Destroying lifecycle_manager_localization
[map_server-11] [INFO] [1790325361.261746849] [map_server]: Destroying
[INFO] [ekf_node-14]: process has finished cleanly [pid 1213541]
[INFO] [twist_relay-9]: process has finished cleanly [pid 1213299]
[INFO] [twist_marker-7]: process has finished cleanly [pid 1213295]
[INFO] [twist_mux-6]: process has finished cleanly [pid 1213293]
[INFO] [joy_node-5]: process has finished cleanly [pid 1213291]
[INFO] [robot_state_publisher-2]: process has finished cleanly [pid 1213285]
[INFO] [imu_republisher.py-15]: process has finished cleanly [pid 1213543]
[INFO] [lifecycle_manager-13]: process has finished cleanly [pid 1213539]
[INFO] [wheel_imu_fusion-16]: process has finished cleanly [pid 1213545]
[INFO] [amcl-12]: process has finished cleanly [pid 1213537]
[joy_teleop-4] Traceback (most recent call last):
[joy_teleop-4]   File "/opt/ros/humble/lib/joy_teleop/joy_teleop", line 33, in <module>
[joy_teleop-4]     sys.exit(load_entry_point('joy-teleop==1.6.0', 'console_scripts', 'joy_teleop')())
[joy_teleop-4]   File "/opt/ros/humble/lib/python3.10/site-packages/joy_teleop/joy_teleop.py", line 442, in main
[joy_teleop-4]     rclpy.shutdown()
[joy_teleop-4]   File "/opt/ros/humble/local/lib/python3.10/dist-packages/rclpy/__init__.py", line 130, in shutdown
[joy_teleop-4]     _shutdown(context=context)
[joy_teleop-4]   File "/opt/ros/humble/local/lib/python3.10/dist-packages/rclpy/utilities.py", line 58, in shutdown
[joy_teleop-4]     return context.shutdown()
[joy_teleop-4]   File "/opt/ros/humble/local/lib/python3.10/dist-packages/rclpy/context.py", line 102, in shutdown
[joy_teleop-4]     self.__context.shutdown()
[joy_teleop-4] rclpy._rclpy_pybind11.RCLError: failed to shutdown: rcl_shutdown already called on the given context, at ./src/rcl/init.c:241
[INFO] [map_server-11]: process has finished cleanly [pid 1213535]
[INFO] [go2-stance-gait-controller-1]: process has finished cleanly [pid 1213283]
[INFO] [joystick_relay.py-8]: process has finished cleanly [pid 1213297]
[ERROR] [joy_teleop-4]: process has died [pid 1213289, exit code 1, cmd '/opt/ros/humble/lib/joy_teleop/joy_teleop --ros-args --params-file /workspace/molar/ros_ws/bumperbot_ws/install/robot_lab_controller/share/robot_lab_controller/config/joy_teleop.yaml --params-file /workspace/molar/.tmp/launch_params_71yiovm1'].
[INFO] [mujoco_spawner-3]: process has finished cleanly [pid 1213287]
