[INFO] [launch]: All log files can be found below /home/molar1/.ros/log/2026-09-25-10-34-52-298452-molar1-1212420
[INFO] [launch]: Default logging verbosity is set to INFO
[robot_lab] algorithm localization=amcl -> global_localization stack
[robot_lab] algorithm state_estimation=ekf_localization_node -> local_localization stack
[robot_lab] algorithm sensor_fusion=wheel_imu_fusion -> node robot_lab_algorithms/wheel_imu_fusion
[INFO] [go2-stance-gait-controller-1]: process started with pid [1212475]
[INFO] [robot_state_publisher-2]: process started with pid [1212477]
[INFO] [mujoco_spawner-3]: process started with pid [1212479]
[INFO] [joy_teleop-4]: process started with pid [1212481]
[INFO] [joy_node-5]: process started with pid [1212483]
[INFO] [twist_mux-6]: process started with pid [1212485]
[INFO] [twist_marker-7]: process started with pid [1212487]
[INFO] [joystick_relay.py-8]: process started with pid [1212489]
[INFO] [twist_relay-9]: process started with pid [1212491]
[INFO] [simulator_ready_gate-10]: process started with pid [1212493]
[twist_mux-6] 1790325293.350776 [100]  twist_mux: selected interface "lo" is not multicast-capable: disabling multicast
[twist_mux-6] [INFO] [1790325293.358598458] [twist_mux]: Topic handler 'topics.joystick' subscribed to topic 'joy_vel': timeout = 0.500000s , priority = 99.
[twist_relay-9] 1790325293.360605 [100] twist_rela: selected interface "lo" is not multicast-capable: disabling multicast
[twist_mux-6] [INFO] [1790325293.360755787] [twist_mux]: Topic handler 'topics.keyboard' subscribed to topic 'key_vel': timeout = 0.500000s , priority = 90.
[twist_mux-6] [INFO] [1790325293.361068338] [twist_mux]: Topic handler 'topics.navigation' subscribed to topic 'cmd_vel': timeout = 0.500000s , priority = 80.
[twist_mux-6] [INFO] [1790325293.361341272] [twist_mux]: Topic handler 'locks.safety_stop' subscribed to topic 'safety_stop': timeout = None , priority = 255.
[robot_state_publisher-2] 1790325293.361813 [100] robot_stat: selected interface "lo" is not multicast-capable: disabling multicast
[twist_marker-7] 1790325293.370541 [100] twist_mark: selected interface "lo" is not multicast-capable: disabling multicast
[joy_node-5] 1790325293.373335 [100]   joy_node: selected interface "lo" is not multicast-capable: disabling multicast
[robot_state_publisher-2] [INFO] [1790325293.387722288] [robot_state_publisher]: got segment FL_calf
[robot_state_publisher-2] [INFO] [1790325293.388905931] [robot_state_publisher]: got segment FL_calf_rotor
[robot_state_publisher-2] [INFO] [1790325293.389511929] [robot_state_publisher]: got segment FL_foot
[robot_state_publisher-2] [INFO] [1790325293.389532057] [robot_state_publisher]: got segment FL_hip
[robot_state_publisher-2] [INFO] [1790325293.389542234] [robot_state_publisher]: got segment FL_hip_rotor
[robot_state_publisher-2] [INFO] [1790325293.389550938] [robot_state_publisher]: got segment FL_thigh
[robot_state_publisher-2] [INFO] [1790325293.389559322] [robot_state_publisher]: got segment FL_thigh_rotor
[robot_state_publisher-2] [INFO] [1790325293.389567290] [robot_state_publisher]: got segment FR_calf
[robot_state_publisher-2] [INFO] [1790325293.389574810] [robot_state_publisher]: got segment FR_calf_rotor
[robot_state_publisher-2] [INFO] [1790325293.389582331] [robot_state_publisher]: got segment FR_foot
[robot_state_publisher-2] [INFO] [1790325293.389589467] [robot_state_publisher]: got segment FR_hip
[robot_state_publisher-2] [INFO] [1790325293.389596955] [robot_state_publisher]: got segment FR_hip_rotor
[robot_state_publisher-2] [INFO] [1790325293.389604091] [robot_state_publisher]: got segment FR_thigh
[robot_state_publisher-2] [INFO] [1790325293.389611515] [robot_state_publisher]: got segment FR_thigh_rotor
[robot_state_publisher-2] [INFO] [1790325293.389619163] [robot_state_publisher]: got segment RL_calf
[robot_state_publisher-2] [INFO] [1790325293.389626812] [robot_state_publisher]: got segment RL_calf_rotor
[robot_state_publisher-2] [INFO] [1790325293.389634492] [robot_state_publisher]: got segment RL_foot
[robot_state_publisher-2] [INFO] [1790325293.389641500] [robot_state_publisher]: got segment RL_hip
[robot_state_publisher-2] [INFO] [1790325293.389649020] [robot_state_publisher]: got segment RL_hip_rotor
[robot_state_publisher-2] [INFO] [1790325293.389655996] [robot_state_publisher]: got segment RL_thigh
[robot_state_publisher-2] [INFO] [1790325293.389662940] [robot_state_publisher]: got segment RL_thigh_rotor
[robot_state_publisher-2] [INFO] [1790325293.389670141] [robot_state_publisher]: got segment RR_calf
[robot_state_publisher-2] [INFO] [1790325293.389676989] [robot_state_publisher]: got segment RR_calf_rotor
[robot_state_publisher-2] [INFO] [1790325293.389684189] [robot_state_publisher]: got segment RR_foot
[robot_state_publisher-2] [INFO] [1790325293.389691453] [robot_state_publisher]: got segment RR_hip
[robot_state_publisher-2] [INFO] [1790325293.389698557] [robot_state_publisher]: got segment RR_hip_rotor
[robot_state_publisher-2] [INFO] [1790325293.389705565] [robot_state_publisher]: got segment RR_thigh
[robot_state_publisher-2] [INFO] [1790325293.389712541] [robot_state_publisher]: got segment RR_thigh_rotor
[robot_state_publisher-2] [INFO] [1790325293.389719582] [robot_state_publisher]: got segment base
[robot_state_publisher-2] [INFO] [1790325293.389727198] [robot_state_publisher]: got segment front_camera
[robot_state_publisher-2] [INFO] [1790325293.389734334] [robot_state_publisher]: got segment imu_link
[robot_state_publisher-2] [INFO] [1790325293.389741630] [robot_state_publisher]: got segment trunk
[joy_teleop-4] 1790325293.897392 [100] joy_teleop: selected interface "lo" is not multicast-capable: disabling multicast
[joystick_relay.py-8] 1790325293.918705 [100] joystick_r: selected interface "lo" is not multicast-capable: disabling multicast
[go2-stance-gait-controller-1] 1790325293.932161 [100] go2-stance: selected interface "lo" is not multicast-capable: disabling multicast
[go2-stance-gait-controller-1] [INFO] [1790325294.073360724] [go2_stance_gait_controller]: Go2 closed-loop stance/gait: 12 effort joints at 250.0 Hz
[mujoco_spawner-3] 1790325294.317036 [100] mujoco_spa: selected interface "lo" is not multicast-capable: disabling multicast
[mujoco_spawner-3] [INFO] [1790325295.462568647] [mujoco_spawner]: MuJoCo: 18 collision proxy geom(s) moved to group 3 (viewer Rendering tab to show them).
[mujoco_spawner-3] [INFO] [1790325295.514215286] [mujoco_spawner]: MuJoCo URDF import OK (all meshes staged).
[mujoco_spawner-3] [WARN] [1790325295.525742138] [mujoco_spawner]: MuJoCo effort plant: no MJCF beside /workspace/molar/ros_ws/bumperbot_ws/install/robot_lab_robots/share/robot_lab_robots/unitree/go2_description/xacro/go2_sim.xacro names every effort joint; keeping the URDF <dynamics> (damping=5.0 is a Gazebo stabiliser the robot does not have).
[mujoco_spawner-3] [INFO] [1790325295.574915344] [mujoco_spawner]: MuJoCo physics timestep: 0.0010 s
[mujoco_spawner-3] [INFO] [1790325295.576849180] [mujoco_spawner]: Robot has no 'oakd_rgb_camera_frame' link; no RGB-D camera is published.
[mujoco_spawner-3] [INFO] [1790325295.577973013] [mujoco_spawner]: Joints: ['FR_hip_joint', 'FR_thigh_joint', 'FR_calf_joint', 'FL_hip_joint', 'FL_thigh_joint', 'FL_calf_joint', 'RR_hip_joint', 'RR_thigh_joint', 'RR_calf_joint', 'RL_hip_joint', 'RL_thigh_joint', 'RL_calf_joint']   lw= rw=
[mujoco_spawner-3] [INFO] [1790325295.578742023] [mujoco_spawner]: MuJoCo effort joint armature: 0.0100 kg m^2
[mujoco_spawner-3] [INFO] [1790325295.580806261] [mujoco_spawner]: Joint effort input: /go2_group_effort_controller/commands (12 joints, URDF limits)
[mujoco_spawner-3] [INFO] [1790325295.583137578] [mujoco_spawner]: Spawn ground clearance: raised root by 0.2491 m
[mujoco_spawner-3] [INFO] [1790325295.584136928] [mujoco_spawner]: MuJoCo model loaded: 14 bodies, 13 joints
[mujoco_spawner-3] [INFO] [1790325295.584822992] [mujoco_spawner]: MuJoCo gui param=False (resolved=False), DISPLAY=:1 -> mode=DIRECT
[mujoco_spawner-3] [INFO] [1790325295.585503199] [mujoco_spawner]: MuJoCo running headless (gui=False, viewer=True).
[mujoco_spawner-3] [INFO] [1790325295.593759258] [mujoco_spawner]: MuJoCo spawner running.
[INFO] [simulator_ready_gate-10]: process has finished cleanly [pid 1212493]
[INFO] [amcl-12]: process started with pid [1212720]
[INFO] [map_server-11]: process started with pid [1212718]
[INFO] [lifecycle_manager-13]: process started with pid [1212722]
[INFO] [ekf_node-14]: process started with pid [1212724]
[INFO] [imu_republisher.py-15]: process started with pid [1212726]
[INFO] [wheel_imu_fusion-16]: process started with pid [1212728]
[amcl-12] 1790325295.997576 [100]       amcl: selected interface "lo" is not multicast-capable: disabling multicast
[ekf_node-14] 1790325296.007424 [100]   ekf_node: selected interface "lo" is not multicast-capable: disabling multicast
[lifecycle_manager-13] 1790325296.013838 [100] lifecycle_: selected interface "lo" is not multicast-capable: disabling multicast
[map_server-11] 1790325296.018444 [100] map_server: selected interface "lo" is not multicast-capable: disabling multicast
[lifecycle_manager-13] [INFO] [1790325296.025519052] [lifecycle_manager_localization]: Creating
[lifecycle_manager-13] [INFO] [1790325296.029087101] [lifecycle_manager_localization]: [34m[1mCreating and initializing lifecycle service clients[0m[0m
[amcl-12] [0m[INFO] [1790325296.039535816] [amcl]:
[amcl-12] 	amcl lifecycle node launched.
[amcl-12] 	Waiting on external lifecycle transitions to activate
[amcl-12] 	See https://design.ros2.org/articles/node_lifecycle.html for more information.[0m
[amcl-12] [0m[INFO] [1790325296.044314739] [amcl]: Creating[0m
[map_server-11] [INFO] [1790325296.053803721] [map_server]:
[map_server-11] 	map_server lifecycle node launched.
[map_server-11] 	Waiting on external lifecycle transitions to activate
[map_server-11] 	See https://design.ros2.org/articles/node_lifecycle.html for more information.
[map_server-11] [INFO] [1790325296.055824502] [map_server]: Creating
[lifecycle_manager-13] [INFO] [1790325296.085471761] [lifecycle_manager_localization]: [34m[1mStarting managed nodes bringup...[0m[0m
[lifecycle_manager-13] [INFO] [1790325296.086740110] [lifecycle_manager_localization]: [34m[1mConfiguring map_server[0m[0m
[map_server-11] [INFO] [1790325296.088133453] [map_server]: Configuring
[map_server-11] [INFO] [1790325296.088259536] [map_io]: Loading yaml file: /workspace/molar/ros_ws/bumperbot_ws/install/robot_lab_maps/share/robot_lab_maps/maps/nav_empty/maps/map.yaml
[map_server-11] [INFO] [1790325296.088676473] [map_io]: resolution: 0.05
[map_server-11] [INFO] [1790325296.088693754] [map_io]: origin[0]: -7
[map_server-11] [INFO] [1790325296.088700378] [map_io]: origin[1]: -7
[map_server-11] [INFO] [1790325296.088705146] [map_io]: origin[2]: 0
[map_server-11] [INFO] [1790325296.088710138] [map_io]: free_thresh: 0.196
[map_server-11] [INFO] [1790325296.088715034] [map_io]: occupied_thresh: 0.65
[map_server-11] [INFO] [1790325296.088721018] [map_io]: mode: trinary
[map_server-11] [INFO] [1790325296.088727578] [map_io]: negate: 0
[map_server-11] [INFO] [1790325296.088987360] [map_io]: Loading image_file: /workspace/molar/ros_ws/bumperbot_ws/install/robot_lab_maps/share/robot_lab_maps/maps/nav_empty/maps/map.pgm
[map_server-11] [INFO] [1790325296.099927350] [map_io]: Read map /workspace/molar/ros_ws/bumperbot_ws/install/robot_lab_maps/share/robot_lab_maps/maps/nav_empty/maps/map.pgm: 280 X 280 map @ 0.05 m/cell
[lifecycle_manager-13] [INFO] [1790325296.109249384] [lifecycle_manager_localization]: [34m[1mConfiguring amcl[0m[0m
[amcl-12] [0m[INFO] [1790325296.109658737] [amcl]: Configuring[0m
[amcl-12] [0m[INFO] [1790325296.109819061] [amcl]: initTransforms[0m
[amcl-12] [0m[INFO] [1790325296.118548025] [amcl]: initPubSub[0m
[amcl-12] [0m[INFO] [1790325296.124505791] [amcl]: Subscribed to map topic.[0m
[lifecycle_manager-13] [INFO] [1790325296.132515508] [lifecycle_manager_localization]: [34m[1mActivating map_server[0m[0m
[map_server-11] [INFO] [1790325296.132871164] [map_server]: Activating
[map_server-11] [INFO] [1790325296.133828049] [map_server]: Creating bond (map_server) to lifecycle manager.
[amcl-12] [0m[INFO] [1790325296.137162108] [amcl]: Received a 280 X 280 map @ 0.050 m/pix[0m
[lifecycle_manager-13] [INFO] [1790325296.239062993] [lifecycle_manager_localization]: Server map_server connected with bond.
[lifecycle_manager-13] [INFO] [1790325296.239155347] [lifecycle_manager_localization]: [34m[1mActivating amcl[0m[0m
[amcl-12] [0m[INFO] [1790325296.239505179] [amcl]: Activating[0m
[amcl-12] [0m[INFO] [1790325296.239659230] [amcl]: initialPoseReceived[0m
[amcl-12] [0m[INFO] [1790325296.239720767] [amcl]: Setting pose (0.536000): -0.500 -0.500 0.000[0m
[amcl-12] [0m[INFO] [1790325296.240347053] [amcl]: Creating bond (amcl) to lifecycle manager.[0m
[lifecycle_manager-13] [INFO] [1790325296.345794322] [lifecycle_manager_localization]: Server amcl connected with bond.
[lifecycle_manager-13] [INFO] [1790325296.345888180] [lifecycle_manager_localization]: [34m[1mManaged nodes are active[0m[0m
[lifecycle_manager-13] [INFO] [1790325296.345911924] [lifecycle_manager_localization]: [34m[1mCreating bond timer...[0m[0m
[amcl-12] [0m[INFO] [1790325296.350638751] [amcl]: createLaserObject[0m
[imu_republisher.py-15] 1790325296.447378 [100]    python3: selected interface "lo" is not multicast-capable: disabling multicast
[wheel_imu_fusion-16] 1790325296.461223 [100] wheel_imu_: selected interface "lo" is not multicast-capable: disabling multicast
[wheel_imu_fusion-16] [INFO] [1790325296.753138782] [sensor_fusion_wheel_imu_fusion]: wheel_imu_fusion ready
[WARNING] [launch]: user interrupted with ctrl-c (SIGINT)
[INFO] [wheel_imu_fusion-16]: sending signal 'SIGINT' to process[wheel_imu_fusion-16]
[INFO] [imu_republisher.py-15]: sending signal 'SIGINT' to process[imu_republisher.py-15]
[INFO] [ekf_node-14]: sending signal 'SIGINT' to process[ekf_node-14]
[INFO] [lifecycle_manager-13]: sending signal 'SIGINT' to process[lifecycle_manager-13]
[INFO] [amcl-12]: sending signal 'SIGINT' to process[amcl-12]
[INFO] [map_server-11]: sending signal 'SIGINT' to process[map_server-11]
[INFO] [twist_relay-9]: sending signal 'SIGINT' to process[twist_relay-9]
[INFO] [joystick_relay.py-8]: sending signal 'SIGINT' to process[joystick_relay.py-8]
[INFO] [twist_marker-7]: sending signal 'SIGINT' to process[twist_marker-7]
[INFO] [twist_mux-6]: sending signal 'SIGINT' to process[twist_mux-6]
[INFO] [joy_node-5]: sending signal 'SIGINT' to process[joy_node-5]
[INFO] [joy_teleop-4]: sending signal 'SIGINT' to process[joy_teleop-4]
[INFO] [mujoco_spawner-3]: sending signal 'SIGINT' to process[mujoco_spawner-3]
[INFO] [robot_state_publisher-2]: sending signal 'SIGINT' to process[robot_state_publisher-2]
[INFO] [go2-stance-gait-controller-1]: sending signal 'SIGINT' to process[go2-stance-gait-controller-1]
[ekf_node-14] [INFO] [1790325304.905271893] [rclcpp]: signal_handler(SIGINT/SIGTERM)
[lifecycle_manager-13] [INFO] [1790325304.909902715] [rclcpp]: signal_handler(SIGINT/SIGTERM)
[lifecycle_manager-13] [INFO] [1790325304.910061214] [lifecycle_manager_localization]: Running Nav2 LifecycleManager rcl preshutdown (lifecycle_manager_localization)
[lifecycle_manager-13] [INFO] [1790325304.910134400] [lifecycle_manager_localization]: [34m[1mTerminating bond timer...[0m[0m
[amcl-12] [0m[INFO] [1790325304.914444286] [rclcpp]: signal_handler(SIGINT/SIGTERM)[0m
[amcl-12] [0m[INFO] [1790325304.914792645] [amcl]: Running Nav2 LifecycleNode rcl preshutdown (amcl)[0m
[amcl-12] [0m[INFO] [1790325304.914939817] [amcl]: Deactivating[0m
[amcl-12] [0m[INFO] [1790325304.915096428] [amcl]: Destroying bond (amcl) to lifecycle manager.[0m
[map_server-11] [INFO] [1790325304.917812487] [rclcpp]: signal_handler(SIGINT/SIGTERM)
[map_server-11] [INFO] [1790325304.918029452] [map_server]: Running Nav2 LifecycleNode rcl preshutdown (map_server)
[map_server-11] [INFO] [1790325304.918129902] [map_server]: Deactivating
[map_server-11] [INFO] [1790325304.918153583] [map_server]: Destroying bond (map_server) to lifecycle manager.
[twist_relay-9] [INFO] [1790325304.920538019] [rclcpp]: signal_handler(SIGINT/SIGTERM)
[amcl-12] [0m[INFO] [1790325304.925604370] [amcl]: Cleaning up[0m
[twist_marker-7] [INFO] [1790325304.927642910] [rclcpp]: signal_handler(SIGINT/SIGTERM)
[map_server-11] [INFO] [1790325304.928650420] [map_server]: Cleaning up
[map_server-11] [INFO] [1790325304.928756791] [map_server]: Destroying bond (map_server) to lifecycle manager.
[joy_node-5] [INFO] [1790325304.934387410] [rclcpp]: signal_handler(SIGINT/SIGTERM)
[twist_mux-6] [INFO] [1790325304.934663608] [rclcpp]: signal_handler(SIGINT/SIGTERM)
[map_server-11] [INFO] [1790325304.935134434] [map_server]: Destroying
[amcl-12] [0m[INFO] [1790325304.935395208] [amcl]: Destroying bond (amcl) to lifecycle manager.[0m
[robot_state_publisher-2] [INFO] [1790325304.943984291] [rclcpp]: signal_handler(SIGINT/SIGTERM)
[joy_teleop-4] Traceback (most recent call last):
[joy_teleop-4]   File "/opt/ros/humble/lib/joy_teleop/joy_teleop", line 33, in <module>
[joy_teleop-4]     sys.exit(load_entry_point('joy-teleop==1.6.0', 'console_scripts', 'joy_teleop')())
[joy_teleop-4]   File "/opt/ros/humble/lib/python3.10/site-packages/joy_teleop/joy_teleop.py", line 435, in main
[joy_teleop-4]     rclpy.spin(node)
[joy_teleop-4]   File "/opt/ros/humble/local/lib/python3.10/dist-packages/rclpy/__init__.py", line 229, in spin
[joy_teleop-4]     executor.spin_once()
[joy_teleop-4]   File "/opt/ros/humble/local/lib/python3.10/dist-packages/rclpy/executors.py", line 812, in spin_once
[joy_teleop-4]     self._spin_once_impl(timeout_sec)
[joy_teleop-4]   File "/opt/ros/humble/local/lib/python3.10/dist-packages/rclpy/executors.py", line 809, in _spin_once_impl
[joy_teleop-4]     raise handler.exception()
[joy_teleop-4]   File "/opt/ros/humble/local/lib/python3.10/dist-packages/rclpy/task.py", line 309, in _execute_coroutine_step
[joy_teleop-4]     result = coro.send(None)
[joy_teleop-4]   File "/opt/ros/humble/local/lib/python3.10/dist-packages/rclpy/executors.py", line 478, in handler
[joy_teleop-4]     arg = take_from_wait_list(entity)
[joy_teleop-4]   File "/opt/ros/humble/local/lib/python3.10/dist-packages/rclpy/executors.py", line 400, in _take_subscription
[joy_teleop-4]     msg_info = sub.handle.take_message(sub.msg_type, sub.raw)
[joy_teleop-4] RuntimeError: Unable to convert call argument to Python object (compile in debug mode for details)
[lifecycle_manager-13] [INFO] [1790325305.042610571] [lifecycle_manager_localization]: Destroying lifecycle_manager_localization
[amcl-12] [0m[INFO] [1790325305.044903261] [amcl]: Destroying[0m
[INFO] [ekf_node-14]: process has finished cleanly [pid 1212724]
[INFO] [twist_relay-9]: process has finished cleanly [pid 1212491]
[INFO] [twist_marker-7]: process has finished cleanly [pid 1212487]
[INFO] [map_server-11]: process has finished cleanly [pid 1212718]
[INFO] [twist_mux-6]: process has finished cleanly [pid 1212485]
[INFO] [joy_node-5]: process has finished cleanly [pid 1212483]
[INFO] [robot_state_publisher-2]: process has finished cleanly [pid 1212477]
[INFO] [imu_republisher.py-15]: process has finished cleanly [pid 1212726]
[INFO] [wheel_imu_fusion-16]: process has finished cleanly [pid 1212728]
[INFO] [lifecycle_manager-13]: process has finished cleanly [pid 1212722]
[INFO] [amcl-12]: process has finished cleanly [pid 1212720]
[INFO] [joystick_relay.py-8]: process has finished cleanly [pid 1212489]
[INFO] [go2-stance-gait-controller-1]: process has finished cleanly [pid 1212475]
[INFO] [mujoco_spawner-3]: process has finished cleanly [pid 1212479]
[ERROR] [joy_teleop-4]: process has died [pid 1212481, exit code 1, cmd '/opt/ros/humble/lib/joy_teleop/joy_teleop --ros-args --params-file /workspace/molar/ros_ws/bumperbot_ws/install/robot_lab_controller/share/robot_lab_controller/config/joy_teleop.yaml --params-file /workspace/molar/.tmp/launch_params_wjuzrwmj'].
