[INFO] [launch]: All log files can be found below /home/molar1/.ros/log/2026-09-25-10-40-50-573098-molar1-1216641
[INFO] [launch]: Default logging verbosity is set to INFO
[robot_lab] algorithm localization=amcl -> global_localization stack
[robot_lab] algorithm state_estimation=ekf_localization_node -> local_localization stack
[robot_lab] algorithm sensor_fusion=wheel_imu_fusion -> node robot_lab_algorithms/wheel_imu_fusion
[INFO] [go2-stance-gait-controller-1]: process started with pid [1216697]
[INFO] [robot_state_publisher-2]: process started with pid [1216699]
[INFO] [mujoco_spawner-3]: process started with pid [1216701]
[INFO] [joy_teleop-4]: process started with pid [1216703]
[INFO] [joy_node-5]: process started with pid [1216705]
[INFO] [twist_mux-6]: process started with pid [1216707]
[INFO] [twist_marker-7]: process started with pid [1216709]
[INFO] [joystick_relay.py-8]: process started with pid [1216711]
[INFO] [twist_relay-9]: process started with pid [1216719]
[INFO] [simulator_ready_gate-10]: process started with pid [1216723]
[robot_state_publisher-2] 1790325651.598320 [104] robot_stat: selected interface "lo" is not multicast-capable: disabling multicast
[twist_marker-7] 1790325651.601970 [104] twist_mark: selected interface "lo" is not multicast-capable: disabling multicast
[joy_node-5] 1790325651.612118 [104]   joy_node: selected interface "lo" is not multicast-capable: disabling multicast
[twist_mux-6] 1790325651.618091 [104]  twist_mux: selected interface "lo" is not multicast-capable: disabling multicast
[robot_state_publisher-2] [INFO] [1790325651.618314415] [robot_state_publisher]: got segment FL_calf
[robot_state_publisher-2] [INFO] [1790325651.618624879] [robot_state_publisher]: got segment FL_calf_rotor
[robot_state_publisher-2] [INFO] [1790325651.618649136] [robot_state_publisher]: got segment FL_foot
[robot_state_publisher-2] [INFO] [1790325651.618658576] [robot_state_publisher]: got segment FL_hip
[robot_state_publisher-2] [INFO] [1790325651.618666448] [robot_state_publisher]: got segment FL_hip_rotor
[robot_state_publisher-2] [INFO] [1790325651.618674480] [robot_state_publisher]: got segment FL_thigh
[robot_state_publisher-2] [INFO] [1790325651.618682128] [robot_state_publisher]: got segment FL_thigh_rotor
[robot_state_publisher-2] [INFO] [1790325651.618689936] [robot_state_publisher]: got segment FR_calf
[robot_state_publisher-2] [INFO] [1790325651.618697200] [robot_state_publisher]: got segment FR_calf_rotor
[robot_state_publisher-2] [INFO] [1790325651.618705392] [robot_state_publisher]: got segment FR_foot
[robot_state_publisher-2] [INFO] [1790325651.618738288] [robot_state_publisher]: got segment FR_hip
[robot_state_publisher-2] [INFO] [1790325651.618750576] [robot_state_publisher]: got segment FR_hip_rotor
[robot_state_publisher-2] [INFO] [1790325651.618758448] [robot_state_publisher]: got segment FR_thigh
[robot_state_publisher-2] [INFO] [1790325651.618766416] [robot_state_publisher]: got segment FR_thigh_rotor
[robot_state_publisher-2] [INFO] [1790325651.618773616] [robot_state_publisher]: got segment RL_calf
[robot_state_publisher-2] [INFO] [1790325651.618781360] [robot_state_publisher]: got segment RL_calf_rotor
[robot_state_publisher-2] [INFO] [1790325651.618788464] [robot_state_publisher]: got segment RL_foot
[robot_state_publisher-2] [INFO] [1790325651.618795856] [robot_state_publisher]: got segment RL_hip
[robot_state_publisher-2] [INFO] [1790325651.618803056] [robot_state_publisher]: got segment RL_hip_rotor
[robot_state_publisher-2] [INFO] [1790325651.618810224] [robot_state_publisher]: got segment RL_thigh
[robot_state_publisher-2] [INFO] [1790325651.618817264] [robot_state_publisher]: got segment RL_thigh_rotor
[robot_state_publisher-2] [INFO] [1790325651.618824464] [robot_state_publisher]: got segment RR_calf
[robot_state_publisher-2] [INFO] [1790325651.618831664] [robot_state_publisher]: got segment RR_calf_rotor
[robot_state_publisher-2] [INFO] [1790325651.618839056] [robot_state_publisher]: got segment RR_foot
[robot_state_publisher-2] [INFO] [1790325651.618845936] [robot_state_publisher]: got segment RR_hip
[robot_state_publisher-2] [INFO] [1790325651.618874640] [robot_state_publisher]: got segment RR_hip_rotor
[robot_state_publisher-2] [INFO] [1790325651.618882832] [robot_state_publisher]: got segment RR_thigh
[robot_state_publisher-2] [INFO] [1790325651.618890032] [robot_state_publisher]: got segment RR_thigh_rotor
[robot_state_publisher-2] [INFO] [1790325651.618897296] [robot_state_publisher]: got segment base
[robot_state_publisher-2] [INFO] [1790325651.618904944] [robot_state_publisher]: got segment front_camera
[robot_state_publisher-2] [INFO] [1790325651.618912240] [robot_state_publisher]: got segment imu_link
[robot_state_publisher-2] [INFO] [1790325651.618919952] [robot_state_publisher]: got segment trunk
[twist_relay-9] 1790325651.622887 [104] twist_rela: selected interface "lo" is not multicast-capable: disabling multicast
[twist_mux-6] [INFO] [1790325651.625884027] [twist_mux]: Topic handler 'topics.joystick' subscribed to topic 'joy_vel': timeout = 0.500000s , priority = 99.
[twist_mux-6] [INFO] [1790325651.634186600] [twist_mux]: Topic handler 'topics.keyboard' subscribed to topic 'key_vel': timeout = 0.500000s , priority = 90.
[twist_mux-6] [INFO] [1790325651.634376840] [twist_mux]: Topic handler 'topics.navigation' subscribed to topic 'cmd_vel': timeout = 0.500000s , priority = 80.
[twist_mux-6] [INFO] [1790325651.634515112] [twist_mux]: Topic handler 'locks.safety_stop' subscribed to topic 'safety_stop': timeout = None , priority = 255.
[joy_teleop-4] 1790325652.147512 [104] joy_teleop: selected interface "lo" is not multicast-capable: disabling multicast
[go2-stance-gait-controller-1] 1790325652.190367 [104] go2-stance: selected interface "lo" is not multicast-capable: disabling multicast
[joystick_relay.py-8] 1790325652.230643 [104] joystick_r: selected interface "lo" is not multicast-capable: disabling multicast
[go2-stance-gait-controller-1] [INFO] [1790325652.320251081] [go2_stance_gait_controller]: Go2 closed-loop stance/gait: 12 effort joints at 250.0 Hz
[mujoco_spawner-3] 1790325652.615126 [104] mujoco_spa: selected interface "lo" is not multicast-capable: disabling multicast
[mujoco_spawner-3] [INFO] [1790325653.761268888] [mujoco_spawner]: MuJoCo: 18 collision proxy geom(s) moved to group 3 (viewer Rendering tab to show them).
[mujoco_spawner-3] [INFO] [1790325653.813129701] [mujoco_spawner]: MuJoCo URDF import OK (all meshes staged).
[mujoco_spawner-3] [WARN] [1790325653.822276851] [mujoco_spawner]: MuJoCo effort plant: no MJCF beside /workspace/molar/ros_ws/bumperbot_ws/install/robot_lab_robots/share/robot_lab_robots/unitree/go2_description/xacro/go2_sim.xacro names every effort joint; keeping the URDF <dynamics> (damping=5.0 is a Gazebo stabiliser the robot does not have).
[mujoco_spawner-3] [INFO] [1790325653.867326197] [mujoco_spawner]: MuJoCo physics timestep: 0.0010 s
[mujoco_spawner-3] [INFO] [1790325653.868643223] [mujoco_spawner]: Robot has no 'oakd_rgb_camera_frame' link; no RGB-D camera is published.
[mujoco_spawner-3] [INFO] [1790325653.869419800] [mujoco_spawner]: Joints: ['FR_hip_joint', 'FR_thigh_joint', 'FR_calf_joint', 'FL_hip_joint', 'FL_thigh_joint', 'FL_calf_joint', 'RR_hip_joint', 'RR_thigh_joint', 'RR_calf_joint', 'RL_hip_joint', 'RL_thigh_joint', 'RL_calf_joint']   lw= rw=
[mujoco_spawner-3] [INFO] [1790325653.870003929] [mujoco_spawner]: MuJoCo effort joint armature: 0.0100 kg m^2
[mujoco_spawner-3] [INFO] [1790325653.871571292] [mujoco_spawner]: Joint effort input: /go2_group_effort_controller/commands (12 joints, URDF limits)
[mujoco_spawner-3] [INFO] [1790325653.873095582] [mujoco_spawner]: Spawn ground clearance: raised root by 0.2491 m
[mujoco_spawner-3] [INFO] [1790325653.873810815] [mujoco_spawner]: MuJoCo model loaded: 14 bodies, 13 joints
[mujoco_spawner-3] [INFO] [1790325653.874282432] [mujoco_spawner]: MuJoCo gui param=False (resolved=False), DISPLAY=:1 -> mode=DIRECT
[mujoco_spawner-3] [INFO] [1790325653.874707040] [mujoco_spawner]: MuJoCo running headless (gui=False, viewer=True).
[mujoco_spawner-3] [INFO] [1790325653.878476902] [mujoco_spawner]: MuJoCo spawner running.
[INFO] [simulator_ready_gate-10]: process has finished cleanly [pid 1216723]
[INFO] [amcl-12]: process started with pid [1216939]
[INFO] [map_server-11]: process started with pid [1216937]
[INFO] [lifecycle_manager-13]: process started with pid [1216941]
[INFO] [ekf_node-14]: process started with pid [1216943]
[INFO] [imu_republisher.py-15]: process started with pid [1216945]
[INFO] [wheel_imu_fusion-16]: process started with pid [1216947]
[amcl-12] 1790325654.271717 [104]       amcl: selected interface "lo" is not multicast-capable: disabling multicast
[ekf_node-14] 1790325654.283795 [104]   ekf_node: selected interface "lo" is not multicast-capable: disabling multicast
[lifecycle_manager-13] 1790325654.286510 [104] lifecycle_: selected interface "lo" is not multicast-capable: disabling multicast
[lifecycle_manager-13] [INFO] [1790325654.294788706] [lifecycle_manager_localization]: Creating
[lifecycle_manager-13] [INFO] [1790325654.298980712] [lifecycle_manager_localization]: [34m[1mCreating and initializing lifecycle service clients[0m[0m
[amcl-12] [0m[INFO] [1790325654.304609168] [amcl]:
[amcl-12] 	amcl lifecycle node launched.
[amcl-12] 	Waiting on external lifecycle transitions to activate
[amcl-12] 	See https://design.ros2.org/articles/node_lifecycle.html for more information.[0m
[amcl-12] [0m[INFO] [1790325654.306973651] [amcl]: Creating[0m
[map_server-11] 1790325654.307165 [104] map_server: selected interface "lo" is not multicast-capable: disabling multicast
[map_server-11] [INFO] [1790325654.341528741] [map_server]:
[map_server-11] 	map_server lifecycle node launched.
[map_server-11] 	Waiting on external lifecycle transitions to activate
[map_server-11] 	See https://design.ros2.org/articles/node_lifecycle.html for more information.
[map_server-11] [INFO] [1790325654.344368521] [map_server]: Creating
[lifecycle_manager-13] [INFO] [1790325654.472463233] [lifecycle_manager_localization]: [34m[1mStarting managed nodes bringup...[0m[0m
[lifecycle_manager-13] [INFO] [1790325654.472564705] [lifecycle_manager_localization]: [34m[1mConfiguring map_server[0m[0m
[map_server-11] [INFO] [1790325654.472894274] [map_server]: Configuring
[map_server-11] [INFO] [1790325654.473028258] [map_io]: Loading yaml file: /workspace/molar/ros_ws/bumperbot_ws/install/robot_lab_maps/share/robot_lab_maps/maps/nav_empty/maps/map.yaml
[map_server-11] [INFO] [1790325654.473495555] [map_io]: resolution: 0.05
[map_server-11] [INFO] [1790325654.473522115] [map_io]: origin[0]: -7
[map_server-11] [INFO] [1790325654.473527843] [map_io]: origin[1]: -7
[map_server-11] [INFO] [1790325654.473532483] [map_io]: origin[2]: 0
[map_server-11] [INFO] [1790325654.473537603] [map_io]: free_thresh: 0.196
[map_server-11] [INFO] [1790325654.473542467] [map_io]: occupied_thresh: 0.65
[map_server-11] [INFO] [1790325654.473548835] [map_io]: mode: trinary
[map_server-11] [INFO] [1790325654.473555875] [map_io]: negate: 0
[map_server-11] [INFO] [1790325654.473868963] [map_io]: Loading image_file: /workspace/molar/ros_ws/bumperbot_ws/install/robot_lab_maps/share/robot_lab_maps/maps/nav_empty/maps/map.pgm
[map_server-11] [INFO] [1790325654.484508466] [map_io]: Read map /workspace/molar/ros_ws/bumperbot_ws/install/robot_lab_maps/share/robot_lab_maps/maps/nav_empty/maps/map.pgm: 280 X 280 map @ 0.05 m/cell
[lifecycle_manager-13] [INFO] [1790325654.495332258] [lifecycle_manager_localization]: [34m[1mConfiguring amcl[0m[0m
[amcl-12] [0m[INFO] [1790325654.495704387] [amcl]: Configuring[0m
[amcl-12] [0m[INFO] [1790325654.495856771] [amcl]: initTransforms[0m
[amcl-12] [0m[INFO] [1790325654.505013968] [amcl]: initPubSub[0m
[amcl-12] [0m[INFO] [1790325654.509706167] [amcl]: Subscribed to map topic.[0m
[lifecycle_manager-13] [INFO] [1790325654.514584158] [lifecycle_manager_localization]: [34m[1mActivating map_server[0m[0m
[map_server-11] [INFO] [1790325654.515971840] [map_server]: Activating
[map_server-11] [INFO] [1790325654.517659938] [map_server]: Creating bond (map_server) to lifecycle manager.
[amcl-12] [0m[INFO] [1790325654.517775010] [amcl]: Received a 280 X 280 map @ 0.050 m/pix[0m
[lifecycle_manager-13] [INFO] [1790325654.627296224] [lifecycle_manager_localization]: Server map_server connected with bond.
[lifecycle_manager-13] [INFO] [1790325654.627372448] [lifecycle_manager_localization]: [34m[1mActivating amcl[0m[0m
[amcl-12] [0m[INFO] [1790325654.627688288] [amcl]: Activating[0m
[amcl-12] [0m[INFO] [1790325654.627778881] [amcl]: initialPoseReceived[0m
[amcl-12] [0m[INFO] [1790325654.627990145] [amcl]: Setting pose (0.612000): -0.500 -0.500 0.000[0m
[amcl-12] [0m[INFO] [1790325654.628564322] [amcl]: Creating bond (amcl) to lifecycle manager.[0m
[amcl-12] [0m[INFO] [1790325654.674081603] [amcl]: createLaserObject[0m
[wheel_imu_fusion-16] 1790325654.693671 [104] wheel_imu_: selected interface "lo" is not multicast-capable: disabling multicast
[imu_republisher.py-15] 1790325654.724608 [104]    python3: selected interface "lo" is not multicast-capable: disabling multicast
[lifecycle_manager-13] [INFO] [1790325654.731315541] [lifecycle_manager_localization]: Server amcl connected with bond.
[lifecycle_manager-13] [INFO] [1790325654.731409910] [lifecycle_manager_localization]: [34m[1mManaged nodes are active[0m[0m
[lifecycle_manager-13] [INFO] [1790325654.731432726] [lifecycle_manager_localization]: [34m[1mCreating bond timer...[0m[0m
[wheel_imu_fusion-16] [INFO] [1790325655.002809276] [sensor_fusion_wheel_imu_fusion]: wheel_imu_fusion ready
[WARNING] [launch]: user interrupted with ctrl-c (SIGINT)
[INFO] [wheel_imu_fusion-16]: sending signal 'SIGINT' to process[wheel_imu_fusion-16]
[INFO] [imu_republisher.py-15]: sending signal 'SIGINT' to process[imu_republisher.py-15]
[INFO] [ekf_node-14]: sending signal 'SIGINT' to process[ekf_node-14]
[INFO] [lifecycle_manager-13]: sending signal 'SIGINT' to process[lifecycle_manager-13]
[INFO] [amcl-12]: sending signal 'SIGINT' to process[amcl-12]
[INFO] [map_server-11]: sending signal 'SIGINT' to process[map_server-11]
[INFO] [twist_relay-9]: sending signal 'SIGINT' to process[twist_relay-9]
[INFO] [joystick_relay.py-8]: sending signal 'SIGINT' to process[joystick_relay.py-8]
[INFO] [twist_marker-7]: sending signal 'SIGINT' to process[twist_marker-7]
[INFO] [twist_mux-6]: sending signal 'SIGINT' to process[twist_mux-6]
[INFO] [joy_node-5]: sending signal 'SIGINT' to process[joy_node-5]
[INFO] [joy_teleop-4]: sending signal 'SIGINT' to process[joy_teleop-4]
[INFO] [mujoco_spawner-3]: sending signal 'SIGINT' to process[mujoco_spawner-3]
[INFO] [robot_state_publisher-2]: sending signal 'SIGINT' to process[robot_state_publisher-2]
[INFO] [go2-stance-gait-controller-1]: sending signal 'SIGINT' to process[go2-stance-gait-controller-1]
[ekf_node-14] [INFO] [1790325663.384379418] [rclcpp]: signal_handler(SIGINT/SIGTERM)
[lifecycle_manager-13] [INFO] [1790325663.386753565] [rclcpp]: signal_handler(SIGINT/SIGTERM)
[lifecycle_manager-13] [INFO] [1790325663.386903389] [lifecycle_manager_localization]: Running Nav2 LifecycleManager rcl preshutdown (lifecycle_manager_localization)
[lifecycle_manager-13] [INFO] [1790325663.386973181] [lifecycle_manager_localization]: [34m[1mTerminating bond timer...[0m[0m
[amcl-12] [0m[INFO] [1790325663.389727328] [rclcpp]: signal_handler(SIGINT/SIGTERM)[0m
[amcl-12] [0m[INFO] [1790325663.389947776] [amcl]: Running Nav2 LifecycleNode rcl preshutdown (amcl)[0m
[amcl-12] [0m[INFO] [1790325663.390093089] [amcl]: Deactivating[0m
[amcl-12] [0m[INFO] [1790325663.390143777] [amcl]: Destroying bond (amcl) to lifecycle manager.[0m
[map_server-11] [INFO] [1790325663.392526947] [rclcpp]: signal_handler(SIGINT/SIGTERM)
[map_server-11] [INFO] [1790325663.392744515] [map_server]: Running Nav2 LifecycleNode rcl preshutdown (map_server)
[map_server-11] [INFO] [1790325663.392869860] [map_server]: Deactivating
[map_server-11] [INFO] [1790325663.392903396] [map_server]: Destroying bond (map_server) to lifecycle manager.
[twist_relay-9] [INFO] [1790325663.395401286] [rclcpp]: signal_handler(SIGINT/SIGTERM)
[amcl-12] [0m[INFO] [1790325663.400569356] [amcl]: Cleaning up[0m
[map_server-11] [INFO] [1790325663.403447695] [map_server]: Cleaning up
[map_server-11] [INFO] [1790325663.403556431] [map_server]: Destroying bond (map_server) to lifecycle manager.
[twist_marker-7] [INFO] [1790325663.403584399] [rclcpp]: signal_handler(SIGINT/SIGTERM)
[twist_mux-6] [INFO] [1790325663.406410738] [rclcpp]: signal_handler(SIGINT/SIGTERM)
[joy_node-5] [INFO] [1790325663.413321530] [rclcpp]: signal_handler(SIGINT/SIGTERM)
[amcl-12] [0m[INFO] [1790325663.426316360] [amcl]: Destroying bond (amcl) to lifecycle manager.[0m
[robot_state_publisher-2] [INFO] [1790325663.430916781] [rclcpp]: signal_handler(SIGINT/SIGTERM)
[joystick_relay.py-8] Traceback (most recent call last):
[joystick_relay.py-8]   File "/opt/ros/humble/lib/twist_mux/joystick_relay.py", line 302, in <module>
[joystick_relay.py-8]     main()
[joystick_relay.py-8]   File "/opt/ros/humble/lib/twist_mux/joystick_relay.py", line 293, in main
[joystick_relay.py-8]     rclpy.spin(node)
[joystick_relay.py-8]   File "/opt/ros/humble/local/lib/python3.10/dist-packages/rclpy/__init__.py", line 229, in spin
[joystick_relay.py-8]     executor.spin_once()
[joystick_relay.py-8]   File "/opt/ros/humble/local/lib/python3.10/dist-packages/rclpy/executors.py", line 812, in spin_once
[joystick_relay.py-8]     self._spin_once_impl(timeout_sec)
[joystick_relay.py-8]   File "/opt/ros/humble/local/lib/python3.10/dist-packages/rclpy/executors.py", line 809, in _spin_once_impl
[joystick_relay.py-8]     raise handler.exception()
[joystick_relay.py-8]   File "/opt/ros/humble/local/lib/python3.10/dist-packages/rclpy/task.py", line 309, in _execute_coroutine_step
[joystick_relay.py-8]     result = coro.send(None)
[joystick_relay.py-8]   File "/opt/ros/humble/local/lib/python3.10/dist-packages/rclpy/executors.py", line 478, in handler
[joystick_relay.py-8]     arg = take_from_wait_list(entity)
[joystick_relay.py-8]   File "/opt/ros/humble/local/lib/python3.10/dist-packages/rclpy/executors.py", line 400, in _take_subscription
[joystick_relay.py-8]     msg_info = sub.handle.take_message(sub.msg_type, sub.raw)
[joystick_relay.py-8] RuntimeError: Unable to convert call argument to Python object (compile in debug mode for details)
[map_server-11] [INFO] [1790325663.524013329] [map_server]: Destroying
[lifecycle_manager-13] [INFO] [1790325663.532982362] [lifecycle_manager_localization]: Destroying lifecycle_manager_localization
[amcl-12] [0m[INFO] [1790325663.533934235] [amcl]: Destroying[0m
[INFO] [ekf_node-14]: process has finished cleanly [pid 1216943]
[INFO] [twist_marker-7]: process has finished cleanly [pid 1216709]
[INFO] [twist_relay-9]: process has finished cleanly [pid 1216719]
[INFO] [twist_mux-6]: process has finished cleanly [pid 1216707]
[INFO] [joy_node-5]: process has finished cleanly [pid 1216705]
[INFO] [robot_state_publisher-2]: process has finished cleanly [pid 1216699]
[INFO] [imu_republisher.py-15]: process has finished cleanly [pid 1216945]
[INFO] [lifecycle_manager-13]: process has finished cleanly [pid 1216941]
[joy_teleop-4] Traceback (most recent call last):
[joy_teleop-4]   File "/opt/ros/humble/lib/joy_teleop/joy_teleop", line 33, in <module>
[joy_teleop-4]     sys.exit(load_entry_point('joy-teleop==1.6.0', 'console_scripts', 'joy_teleop')())
[joy_teleop-4]   File "/opt/ros/humble/lib/python3.10/site-packages/joy_teleop/joy_teleop.py", line 442, in main
[joy_teleop-4]     rclpy.shutdown()
[joy_teleop-4]   File "/opt/ros/humble/local/lib/python3.10/dist-packages/rclpy/__init__.py", line 130, in shutdown
[joy_teleop-4]     _shutdown(context=context)
[joy_teleop-4]   File "/opt/ros/humble/local/lib/python3.10/dist-packages/rclpy/utilities.py", line 58, in shutdown
[joy_teleop-4]     return context.shutdown()
[joy_teleop-4]   File "/opt/ros/humble/local/lib/python3.10/dist-packages/rclpy/context.py", line 102, in shutdown
[joy_teleop-4]     self.__context.shutdown()
[joy_teleop-4] rclpy._rclpy_pybind11.RCLError: failed to shutdown: rcl_shutdown already called on the given context, at ./src/rcl/init.c:241
[INFO] [wheel_imu_fusion-16]: process has finished cleanly [pid 1216947]
[INFO] [amcl-12]: process has finished cleanly [pid 1216939]
[INFO] [map_server-11]: process has finished cleanly [pid 1216937]
[INFO] [go2-stance-gait-controller-1]: process has finished cleanly [pid 1216697]
[ERROR] [joy_teleop-4]: process has died [pid 1216703, exit code 1, cmd '/opt/ros/humble/lib/joy_teleop/joy_teleop --ros-args --params-file /workspace/molar/ros_ws/bumperbot_ws/install/robot_lab_controller/share/robot_lab_controller/config/joy_teleop.yaml --params-file /workspace/molar/.tmp/launch_params_h0rwoaiz'].
[INFO] [mujoco_spawner-3]: process has finished cleanly [pid 1216701]
[ERROR] [joystick_relay.py-8]: process has died [pid 1216711, exit code 1, cmd '/opt/ros/humble/lib/twist_mux/joystick_relay.py --ros-args --params-file /workspace/molar/.tmp/launch_params_vq0603ss --params-file /workspace/molar/ros_ws/bumperbot_ws/install/robot_lab_controller/share/robot_lab_controller/config/twist_mux_joy.yaml -r joy_vel_out:=joy_vel -r joy_vel_in:=input_joy/cmd_vel'].
