[INFO] [launch]: All log files can be found below /home/molar1/.ros/log/2026-09-25-10-31-10-762023-molar1-1209617
[INFO] [launch]: Default logging verbosity is set to INFO
[robot_lab] algorithm localization=amcl -> global_localization stack
[robot_lab] algorithm state_estimation=ekf_localization_node -> local_localization stack
[robot_lab] algorithm sensor_fusion=wheel_imu_fusion -> node robot_lab_algorithms/wheel_imu_fusion
[INFO] [go2-stance-gait-controller-1]: process started with pid [1209665]
[INFO] [robot_state_publisher-2]: process started with pid [1209667]
[INFO] [mujoco_spawner-3]: process started with pid [1209669]
[INFO] [joy_teleop-4]: process started with pid [1209671]
[INFO] [joy_node-5]: process started with pid [1209673]
[INFO] [twist_mux-6]: process started with pid [1209675]
[INFO] [twist_marker-7]: process started with pid [1209677]
[INFO] [joystick_relay.py-8]: process started with pid [1209679]
[INFO] [twist_relay-9]: process started with pid [1209681]
[INFO] [simulator_ready_gate-10]: process started with pid [1209691]
[twist_mux-6] 1790325071.781016 [98]  twist_mux: selected interface "lo" is not multicast-capable: disabling multicast
[robot_state_publisher-2] 1790325071.783770 [98] robot_stat: selected interface "lo" is not multicast-capable: disabling multicast
[twist_mux-6] [INFO] [1790325071.787875181] [twist_mux]: Topic handler 'topics.joystick' subscribed to topic 'joy_vel': timeout = 0.500000s , priority = 99.
[twist_mux-6] [INFO] [1790325071.788868602] [twist_mux]: Topic handler 'topics.keyboard' subscribed to topic 'key_vel': timeout = 0.500000s , priority = 90.
[twist_mux-6] [INFO] [1790325071.789035617] [twist_mux]: Topic handler 'topics.navigation' subscribed to topic 'cmd_vel': timeout = 0.500000s , priority = 80.
[twist_mux-6] [INFO] [1790325071.789165703] [twist_mux]: Topic handler 'locks.safety_stop' subscribed to topic 'safety_stop': timeout = None , priority = 255.
[joy_node-5] 1790325071.793545 [98]   joy_node: selected interface "lo" is not multicast-capable: disabling multicast
[twist_marker-7] 1790325071.797277 [98] twist_mark: selected interface "lo" is not multicast-capable: disabling multicast
[robot_state_publisher-2] [INFO] [1790325071.799724777] [robot_state_publisher]: got segment FL_calf
[robot_state_publisher-2] [INFO] [1790325071.801010692] [robot_state_publisher]: got segment FL_calf_rotor
[robot_state_publisher-2] [INFO] [1790325071.801855018] [robot_state_publisher]: got segment FL_foot
[robot_state_publisher-2] [INFO] [1790325071.802507784] [robot_state_publisher]: got segment FL_hip
[robot_state_publisher-2] [INFO] [1790325071.803109187] [robot_state_publisher]: got segment FL_hip_rotor
[robot_state_publisher-2] [INFO] [1790325071.803653564] [robot_state_publisher]: got segment FL_thigh
[robot_state_publisher-2] [INFO] [1790325071.804151379] [robot_state_publisher]: got segment FL_thigh_rotor
[robot_state_publisher-2] [INFO] [1790325071.804631657] [robot_state_publisher]: got segment FR_calf
[robot_state_publisher-2] [INFO] [1790325071.805087038] [robot_state_publisher]: got segment FR_calf_rotor
[robot_state_publisher-2] [INFO] [1790325071.805543506] [robot_state_publisher]: got segment FR_foot
[robot_state_publisher-2] [INFO] [1790325071.805957797] [robot_state_publisher]: got segment FR_hip
[robot_state_publisher-2] [INFO] [1790325071.806366040] [robot_state_publisher]: got segment FR_hip_rotor
[robot_state_publisher-2] [INFO] [1790325071.806786603] [robot_state_publisher]: got segment FR_thigh
[robot_state_publisher-2] [INFO] [1790325071.807207454] [robot_state_publisher]: got segment FR_thigh_rotor
[robot_state_publisher-2] [INFO] [1790325071.807616081] [robot_state_publisher]: got segment RL_calf
[robot_state_publisher-2] [INFO] [1790325071.808155754] [robot_state_publisher]: got segment RL_calf_rotor
[robot_state_publisher-2] [INFO] [1790325071.808569500] [robot_state_publisher]: got segment RL_foot
[robot_state_publisher-2] [INFO] [1790325071.808980783] [robot_state_publisher]: got segment RL_hip
[robot_state_publisher-2] [INFO] [1790325071.809406467] [robot_state_publisher]: got segment RL_hip_rotor
[robot_state_publisher-2] [INFO] [1790325071.809870168] [robot_state_publisher]: got segment RL_thigh
[twist_relay-9] 1790325071.810126 [98] twist_rela: selected interface "lo" is not multicast-capable: disabling multicast
[robot_state_publisher-2] [INFO] [1790325071.810743968] [robot_state_publisher]: got segment RL_thigh_rotor
[robot_state_publisher-2] [INFO] [1790325071.810767297] [robot_state_publisher]: got segment RR_calf
[robot_state_publisher-2] [INFO] [1790325071.810779105] [robot_state_publisher]: got segment RR_calf_rotor
[robot_state_publisher-2] [INFO] [1790325071.810789346] [robot_state_publisher]: got segment RR_foot
[robot_state_publisher-2] [INFO] [1790325071.810797474] [robot_state_publisher]: got segment RR_hip
[robot_state_publisher-2] [INFO] [1790325071.810805538] [robot_state_publisher]: got segment RR_hip_rotor
[robot_state_publisher-2] [INFO] [1790325071.810812963] [robot_state_publisher]: got segment RR_thigh
[robot_state_publisher-2] [INFO] [1790325071.810820931] [robot_state_publisher]: got segment RR_thigh_rotor
[robot_state_publisher-2] [INFO] [1790325071.810828483] [robot_state_publisher]: got segment base
[robot_state_publisher-2] [INFO] [1790325071.810835812] [robot_state_publisher]: got segment front_camera
[robot_state_publisher-2] [INFO] [1790325071.810843076] [robot_state_publisher]: got segment imu_link
[robot_state_publisher-2] [INFO] [1790325071.810851653] [robot_state_publisher]: got segment trunk
[joy_teleop-4] 1790325072.331860 [98] joy_teleop: selected interface "lo" is not multicast-capable: disabling multicast
[joystick_relay.py-8] 1790325072.345174 [98] joystick_r: selected interface "lo" is not multicast-capable: disabling multicast
[go2-stance-gait-controller-1] 1790325072.413685 [98] go2-stance: selected interface "lo" is not multicast-capable: disabling multicast
[go2-stance-gait-controller-1] [INFO] [1790325072.553095230] [go2_stance_gait_controller]: Go2 closed-loop stance/gait: 12 effort joints at 250.0 Hz
[mujoco_spawner-3] 1790325072.780788 [98] mujoco_spa: selected interface "lo" is not multicast-capable: disabling multicast
[mujoco_spawner-3] [INFO] [1790325073.934456567] [mujoco_spawner]: MuJoCo: 18 collision proxy geom(s) moved to group 3 (viewer Rendering tab to show them).
[mujoco_spawner-3] [INFO] [1790325073.988579630] [mujoco_spawner]: MuJoCo URDF import OK (all meshes staged).
[mujoco_spawner-3] [WARN] [1790325074.003115361] [mujoco_spawner]: MuJoCo effort plant: no MJCF beside /workspace/molar/ros_ws/bumperbot_ws/install/robot_lab_robots/share/robot_lab_robots/unitree/go2_description/xacro/go2_sim.xacro names every effort joint; keeping the URDF <dynamics> (damping=5.0 is a Gazebo stabiliser the robot does not have).
[mujoco_spawner-3] [INFO] [1790325074.057387256] [mujoco_spawner]: Robot has no 'oakd_rgb_camera_frame' link; no RGB-D camera is published.
[mujoco_spawner-3] [INFO] [1790325074.058934110] [mujoco_spawner]: Joints: ['FR_hip_joint', 'FR_thigh_joint', 'FR_calf_joint', 'FL_hip_joint', 'FL_thigh_joint', 'FL_calf_joint', 'RR_hip_joint', 'RR_thigh_joint', 'RR_calf_joint', 'RL_hip_joint', 'RL_thigh_joint', 'RL_calf_joint']   lw= rw=
[mujoco_spawner-3] [INFO] [1790325074.061598774] [mujoco_spawner]: Joint effort input: /go2_group_effort_controller/commands (12 joints, URDF limits)
[mujoco_spawner-3] [INFO] [1790325074.064366483] [mujoco_spawner]: Spawn ground clearance: raised root by 0.2491 m
[mujoco_spawner-3] [INFO] [1790325074.065682831] [mujoco_spawner]: MuJoCo model loaded: 14 bodies, 13 joints
[mujoco_spawner-3] [INFO] [1790325074.066549302] [mujoco_spawner]: MuJoCo gui param=False (resolved=False), DISPLAY=:1 -> mode=DIRECT
[mujoco_spawner-3] [INFO] [1790325074.067357051] [mujoco_spawner]: MuJoCo running headless (gui=False, viewer=True).
[mujoco_spawner-3] [INFO] [1790325074.076597789] [mujoco_spawner]: MuJoCo spawner running.
[INFO] [simulator_ready_gate-10]: process has finished cleanly [pid 1209691]
[INFO] [amcl-12]: process started with pid [1209910]
[INFO] [map_server-11]: process started with pid [1209908]
[INFO] [lifecycle_manager-13]: process started with pid [1209912]
[INFO] [ekf_node-14]: process started with pid [1209914]
[INFO] [imu_republisher.py-15]: process started with pid [1209916]
[INFO] [wheel_imu_fusion-16]: process started with pid [1209918]
[amcl-12] 1790325074.462427 [98]       amcl: selected interface "lo" is not multicast-capable: disabling multicast
[lifecycle_manager-13] 1790325074.477377 [98] lifecycle_: selected interface "lo" is not multicast-capable: disabling multicast
[ekf_node-14] 1790325074.479141 [98]   ekf_node: selected interface "lo" is not multicast-capable: disabling multicast
[amcl-12] [0m[INFO] [1790325074.496812668] [amcl]:
[amcl-12] 	amcl lifecycle node launched.
[amcl-12] 	Waiting on external lifecycle transitions to activate
[amcl-12] 	See https://design.ros2.org/articles/node_lifecycle.html for more information.[0m
[amcl-12] [0m[INFO] [1790325074.499252522] [amcl]: Creating[0m
[map_server-11] 1790325074.506856 [98] map_server: selected interface "lo" is not multicast-capable: disabling multicast
[lifecycle_manager-13] [INFO] [1790325074.506934470] [lifecycle_manager_localization]: Creating
[lifecycle_manager-13] [INFO] [1790325074.511378127] [lifecycle_manager_localization]: [34m[1mCreating and initializing lifecycle service clients[0m[0m
[go2-stance-gait-controller-1] [WARN] [1790325074.530727098] [go2_stance_gait_controller]: Go2 safety warn: tilt 0.43 rad exceeds warn threshold
[map_server-11] [INFO] [1790325074.532410822] [map_server]:
[map_server-11] 	map_server lifecycle node launched.
[map_server-11] 	Waiting on external lifecycle transitions to activate
[map_server-11] 	See https://design.ros2.org/articles/node_lifecycle.html for more information.
[map_server-11] [INFO] [1790325074.533928267] [map_server]: Creating
[go2-stance-gait-controller-1] [WARN] [1790325074.553978678] [go2_stance_gait_controller]: Go2 safety nominal: attitude recovered
[lifecycle_manager-13] [INFO] [1790325074.580349823] [lifecycle_manager_localization]: [34m[1mStarting managed nodes bringup...[0m[0m
[lifecycle_manager-13] [INFO] [1790325074.581655130] [lifecycle_manager_localization]: [34m[1mConfiguring map_server[0m[0m
[map_server-11] [INFO] [1790325074.582724554] [map_server]: Configuring
[map_server-11] [INFO] [1790325074.582854960] [map_io]: Loading yaml file: /workspace/molar/ros_ws/bumperbot_ws/install/robot_lab_maps/share/robot_lab_maps/maps/nav_empty/maps/map.yaml
[map_server-11] [INFO] [1790325074.583275427] [map_io]: resolution: 0.05
[map_server-11] [INFO] [1790325074.583293892] [map_io]: origin[0]: -7
[map_server-11] [INFO] [1790325074.583299748] [map_io]: origin[1]: -7
[map_server-11] [INFO] [1790325074.583304132] [map_io]: origin[2]: 0
[map_server-11] [INFO] [1790325074.583308932] [map_io]: free_thresh: 0.196
[map_server-11] [INFO] [1790325074.583313797] [map_io]: occupied_thresh: 0.65
[map_server-11] [INFO] [1790325074.583319749] [map_io]: mode: trinary
[map_server-11] [INFO] [1790325074.583326949] [map_io]: negate: 0
[map_server-11] [INFO] [1790325074.583612434] [map_io]: Loading image_file: /workspace/molar/ros_ws/bumperbot_ws/install/robot_lab_maps/share/robot_lab_maps/maps/nav_empty/maps/map.pgm
[map_server-11] [INFO] [1790325074.593917284] [map_io]: Read map /workspace/molar/ros_ws/bumperbot_ws/install/robot_lab_maps/share/robot_lab_maps/maps/nav_empty/maps/map.pgm: 280 X 280 map @ 0.05 m/cell
[lifecycle_manager-13] [INFO] [1790325074.603602362] [lifecycle_manager_localization]: [34m[1mConfiguring amcl[0m[0m
[amcl-12] [0m[INFO] [1790325074.606017800] [amcl]: Configuring[0m
[amcl-12] [0m[INFO] [1790325074.606190735] [amcl]: initTransforms[0m
[go2-stance-gait-controller-1] [WARN] [1790325074.613797223] [go2_stance_gait_controller]: Go2 safety warn: tilt 0.35 rad exceeds warn threshold
[amcl-12] [0m[INFO] [1790325074.619309313] [amcl]: initPubSub[0m
[amcl-12] [0m[INFO] [1790325074.628091630] [amcl]: Subscribed to map topic.[0m
[lifecycle_manager-13] [INFO] [1790325074.636327811] [lifecycle_manager_localization]: [34m[1mActivating map_server[0m[0m
[amcl-12] [0m[INFO] [1790325074.642896012] [amcl]: Received a 280 X 280 map @ 0.050 m/pix[0m
[map_server-11] [INFO] [1790325074.641470443] [map_server]: Activating
[map_server-11] [INFO] [1790325074.641796826] [map_server]: Creating bond (map_server) to lifecycle manager.
[lifecycle_manager-13] [INFO] [1790325074.748130852] [lifecycle_manager_localization]: Server map_server connected with bond.
[lifecycle_manager-13] [INFO] [1790325074.748218120] [lifecycle_manager_localization]: [34m[1mActivating amcl[0m[0m
[amcl-12] [0m[INFO] [1790325074.748584056] [amcl]: Activating[0m
[amcl-12] [0m[INFO] [1790325074.748683197] [amcl]: initialPoseReceived[0m
[amcl-12] [0m[INFO] [1790325074.748915623] [amcl]: Setting pose (0.584000): -0.500 -0.500 0.000[0m
[amcl-12] [0m[INFO] [1790325074.749519042] [amcl]: Creating bond (amcl) to lifecycle manager.[0m
[go2-stance-gait-controller-1] [WARN] [1790325074.770176905] [go2_stance_gait_controller]: Go2 safety safe_stop: tilt 0.73 rad exceeds fall threshold
[lifecycle_manager-13] [INFO] [1790325074.853822672] [lifecycle_manager_localization]: Server amcl connected with bond.
[lifecycle_manager-13] [INFO] [1790325074.853913716] [lifecycle_manager_localization]: [34m[1mManaged nodes are active[0m[0m
[lifecycle_manager-13] [INFO] [1790325074.853938870] [lifecycle_manager_localization]: [34m[1mCreating bond timer...[0m[0m
[amcl-12] [0m[INFO] [1790325074.860131886] [amcl]: createLaserObject[0m
[imu_republisher.py-15] 1790325074.900887 [98]    python3: selected interface "lo" is not multicast-capable: disabling multicast
[wheel_imu_fusion-16] 1790325074.927841 [98] wheel_imu_: selected interface "lo" is not multicast-capable: disabling multicast
[wheel_imu_fusion-16] [INFO] [1790325075.222709026] [sensor_fusion_wheel_imu_fusion]: wheel_imu_fusion ready
[WARNING] [launch]: user interrupted with ctrl-c (SIGINT)
[INFO] [wheel_imu_fusion-16]: sending signal 'SIGINT' to process[wheel_imu_fusion-16]
[INFO] [imu_republisher.py-15]: sending signal 'SIGINT' to process[imu_republisher.py-15]
[INFO] [ekf_node-14]: sending signal 'SIGINT' to process[ekf_node-14]
[INFO] [lifecycle_manager-13]: sending signal 'SIGINT' to process[lifecycle_manager-13]
[INFO] [amcl-12]: sending signal 'SIGINT' to process[amcl-12]
[INFO] [map_server-11]: sending signal 'SIGINT' to process[map_server-11]
[INFO] [twist_relay-9]: sending signal 'SIGINT' to process[twist_relay-9]
[INFO] [joystick_relay.py-8]: sending signal 'SIGINT' to process[joystick_relay.py-8]
[INFO] [twist_marker-7]: sending signal 'SIGINT' to process[twist_marker-7]
[INFO] [twist_mux-6]: sending signal 'SIGINT' to process[twist_mux-6]
[INFO] [joy_node-5]: sending signal 'SIGINT' to process[joy_node-5]
[INFO] [joy_teleop-4]: sending signal 'SIGINT' to process[joy_teleop-4]
[INFO] [mujoco_spawner-3]: sending signal 'SIGINT' to process[mujoco_spawner-3]
[INFO] [robot_state_publisher-2]: sending signal 'SIGINT' to process[robot_state_publisher-2]
[INFO] [go2-stance-gait-controller-1]: sending signal 'SIGINT' to process[go2-stance-gait-controller-1]
[imu_republisher.py-15] Traceback (most recent call last):
[imu_republisher.py-15]   File "<frozen importlib._bootstrap_external>", line 1111, in set_data
[imu_republisher.py-15] PermissionError: [Errno 13] Permission denied: '/opt/ros/humble/local/lib/python3.10/dist-packages/std_msgs/msg/__pycache__'
[imu_republisher.py-15]
[imu_republisher.py-15] During handling of the above exception, another exception occurred:
[imu_republisher.py-15]
[imu_republisher.py-15] Traceback (most recent call last):
[imu_republisher.py-15]   File "/workspace/molar/ros_ws/bumperbot_ws/install/robot_lab_localization/lib/robot_lab_localization/imu_republisher.py", line 54, in <module>
[imu_republisher.py-15]     main()
[imu_republisher.py-15]   File "/workspace/molar/ros_ws/bumperbot_ws/install/robot_lab_localization/lib/robot_lab_localization/imu_republisher.py", line 42, in main
[imu_republisher.py-15]     imu_pub = node.create_publisher(Imu, "imu_ekf", 10)
[imu_republisher.py-15]   File "/opt/ros/humble/local/lib/python3.10/dist-packages/rclpy/node.py", line 1296, in create_publisher
[imu_republisher.py-15]     check_is_valid_msg_type(msg_type)
[imu_republisher.py-15]   File "/opt/ros/humble/local/lib/python3.10/dist-packages/rclpy/type_support.py", line 35, in check_is_valid_msg_type
[imu_republisher.py-15]     check_for_type_support(msg_type)
[imu_republisher.py-15]   File "/opt/ros/humble/local/lib/python3.10/dist-packages/rclpy/type_support.py", line 29, in check_for_type_support
[imu_republisher.py-15]     msg_or_srv_type.__class__.__import_type_support__()
[imu_republisher.py-15]   File "/opt/ros/humble/local/lib/python3.10/dist-packages/sensor_msgs/msg/_imu.py", line 60, in __import_type_support__
[imu_republisher.py-15]     from std_msgs.msg import Header
[imu_republisher.py-15]   File "/opt/ros/humble/local/lib/python3.10/dist-packages/std_msgs/msg/__init__.py", line 2, in <module>
[imu_republisher.py-15]     from std_msgs.msg._byte import Byte  # noqa: F401
[imu_republisher.py-15]   File "<frozen importlib._bootstrap>", line 1027, in _find_and_load
[imu_republisher.py-15]   File "<frozen importlib._bootstrap>", line 1006, in _find_and_load_unlocked
[imu_republisher.py-15]   File "<frozen importlib._bootstrap>", line 688, in _load_unlocked
[imu_republisher.py-15]   File "<frozen importlib._bootstrap_external>", line 879, in exec_module
[imu_republisher.py-15]   File "<frozen importlib._bootstrap_external>", line 1029, in get_code
[imu_republisher.py-15]   File "<frozen importlib._bootstrap_external>", line 1097, in _cache_bytecode
[imu_republisher.py-15]   File "<frozen importlib._bootstrap_external>", line 1111, in set_data
[imu_republisher.py-15] KeyboardInterrupt
[ekf_node-14] [INFO] [1790325076.084565906] [rclcpp]: signal_handler(SIGINT/SIGTERM)
[lifecycle_manager-13] [INFO] [1790325076.089850880] [rclcpp]: signal_handler(SIGINT/SIGTERM)
[lifecycle_manager-13] [INFO] [1790325076.090018312] [lifecycle_manager_localization]: Running Nav2 LifecycleManager rcl preshutdown (lifecycle_manager_localization)
[lifecycle_manager-13] [INFO] [1790325076.090128941] [lifecycle_manager_localization]: [34m[1mTerminating bond timer...[0m[0m
[amcl-12] [0m[INFO] [1790325076.095505758] [rclcpp]: signal_handler(SIGINT/SIGTERM)[0m
[amcl-12] [0m[INFO] [1790325076.095659813] [amcl]: Running Nav2 LifecycleNode rcl preshutdown (amcl)[0m
[amcl-12] [0m[INFO] [1790325076.095773610] [amcl]: Deactivating[0m
[amcl-12] [0m[INFO] [1790325076.095824269] [amcl]: Destroying bond (amcl) to lifecycle manager.[0m
[map_server-11] [INFO] [1790325076.099780415] [rclcpp]: signal_handler(SIGINT/SIGTERM)
[map_server-11] [INFO] [1790325076.099985896] [map_server]: Running Nav2 LifecycleNode rcl preshutdown (map_server)
[map_server-11] [INFO] [1790325076.100089581] [map_server]: Deactivating
[map_server-11] [INFO] [1790325076.100114158] [map_server]: Destroying bond (map_server) to lifecycle manager.
[twist_relay-9] [INFO] [1790325076.103389793] [rclcpp]: signal_handler(SIGINT/SIGTERM)
[amcl-12] [0m[INFO] [1790325076.106260994] [amcl]: Cleaning up[0m
[amcl-12] [0m[INFO] [1790325076.114624570] [amcl]: Destroying bond (amcl) to lifecycle manager.[0m
[map_server-11] [INFO] [1790325076.110458463] [map_server]: Cleaning up
[map_server-11] [INFO] [1790325076.110556547] [map_server]: Destroying bond (map_server) to lifecycle manager.
[twist_marker-7] [INFO] [1790325076.131909604] [rclcpp]: signal_handler(SIGINT/SIGTERM)
[twist_mux-6] [INFO] [1790325076.137603332] [rclcpp]: signal_handler(SIGINT/SIGTERM)
[joy_node-5] [INFO] [1790325076.152344795] [rclcpp]: signal_handler(SIGINT/SIGTERM)
[robot_state_publisher-2] [INFO] [1790325076.180535887] [rclcpp]: signal_handler(SIGINT/SIGTERM)
[map_server-11] [INFO] [1790325076.245339890] [map_server]: Destroying
[amcl-12] [0m[INFO] [1790325076.252991530] [amcl]: Destroying[0m
[lifecycle_manager-13] [INFO] [1790325076.255219086] [lifecycle_manager_localization]: Destroying lifecycle_manager_localization
[INFO] [ekf_node-14]: process has finished cleanly [pid 1209914]
[INFO] [twist_relay-9]: process has finished cleanly [pid 1209681]
[INFO] [twist_marker-7]: process has finished cleanly [pid 1209677]
[INFO] [twist_mux-6]: process has finished cleanly [pid 1209675]
[ERROR] [imu_republisher.py-15]: process has died [pid 1209916, exit code -2, cmd '/workspace/molar/ros_ws/bumperbot_ws/install/robot_lab_localization/lib/robot_lab_localization/imu_republisher.py --ros-args --params-file /workspace/molar/.tmp/launch_params_hasnfeeg'].
[INFO] [joy_node-5]: process has finished cleanly [pid 1209673]
[INFO] [wheel_imu_fusion-16]: process has finished cleanly [pid 1209918]
[INFO] [robot_state_publisher-2]: process has finished cleanly [pid 1209667]
[INFO] [lifecycle_manager-13]: process has finished cleanly [pid 1209912]
[INFO] [amcl-12]: process has finished cleanly [pid 1209910]
[INFO] [map_server-11]: process has finished cleanly [pid 1209908]
[mujoco_spawner-3] Traceback (most recent call last):
[mujoco_spawner-3]   File "/workspace/molar/ros_ws/bumperbot_ws/install/robot_lab_mujoco/lib/robot_lab_mujoco/mujoco_spawner", line 33, in <module>
[mujoco_spawner-3]     sys.exit(load_entry_point('robot_lab_mujoco==0.1.0', 'console_scripts', 'mujoco_spawner')())
[mujoco_spawner-3]   File "/workspace/molar/ros_ws/bumperbot_ws/install/robot_lab_mujoco/lib/python3.10/site-packages/robot_lab_mujoco/mujoco_spawner.py", line 1937, in main
[mujoco_spawner-3]     rclpy.spin(node)
[mujoco_spawner-3]   File "/opt/ros/humble/local/lib/python3.10/dist-packages/rclpy/__init__.py", line 229, in spin
[mujoco_spawner-3]     executor.spin_once()
[mujoco_spawner-3]   File "/opt/ros/humble/local/lib/python3.10/dist-packages/rclpy/executors.py", line 812, in spin_once
[mujoco_spawner-3]     self._spin_once_impl(timeout_sec)
[mujoco_spawner-3]   File "/opt/ros/humble/local/lib/python3.10/dist-packages/rclpy/executors.py", line 809, in _spin_once_impl
[mujoco_spawner-3]     raise handler.exception()
[mujoco_spawner-3]   File "/opt/ros/humble/local/lib/python3.10/dist-packages/rclpy/task.py", line 309, in _execute_coroutine_step
[mujoco_spawner-3]     result = coro.send(None)
[mujoco_spawner-3]   File "/opt/ros/humble/local/lib/python3.10/dist-packages/rclpy/executors.py", line 478, in handler
[mujoco_spawner-3]     arg = take_from_wait_list(entity)
[mujoco_spawner-3]   File "/opt/ros/humble/local/lib/python3.10/dist-packages/rclpy/executors.py", line 400, in _take_subscription
[mujoco_spawner-3]     msg_info = sub.handle.take_message(sub.msg_type, sub.raw)
[mujoco_spawner-3] RuntimeError: Unable to convert call argument to Python object (compile in debug mode for details)
[joy_teleop-4] Traceback (most recent call last):
[joy_teleop-4]   File "/opt/ros/humble/lib/joy_teleop/joy_teleop", line 33, in <module>
[joy_teleop-4]     sys.exit(load_entry_point('joy-teleop==1.6.0', 'console_scripts', 'joy_teleop')())
[joy_teleop-4]   File "/opt/ros/humble/lib/python3.10/site-packages/joy_teleop/joy_teleop.py", line 442, in main
[joy_teleop-4]     rclpy.shutdown()
[joy_teleop-4]   File "/opt/ros/humble/local/lib/python3.10/dist-packages/rclpy/__init__.py", line 130, in shutdown
[joy_teleop-4]     _shutdown(context=context)
[joy_teleop-4]   File "/opt/ros/humble/local/lib/python3.10/dist-packages/rclpy/utilities.py", line 58, in shutdown
[joy_teleop-4]     return context.shutdown()
[joy_teleop-4]   File "/opt/ros/humble/local/lib/python3.10/dist-packages/rclpy/context.py", line 102, in shutdown
[joy_teleop-4]     self.__context.shutdown()
[joy_teleop-4] rclpy._rclpy_pybind11.RCLError: failed to shutdown: rcl_shutdown already called on the given context, at ./src/rcl/init.c:241
[INFO] [go2-stance-gait-controller-1]: process has finished cleanly [pid 1209665]
[INFO] [joystick_relay.py-8]: process has finished cleanly [pid 1209679]
[ERROR] [joy_teleop-4]: process has died [pid 1209671, exit code 1, cmd '/opt/ros/humble/lib/joy_teleop/joy_teleop --ros-args --params-file /workspace/molar/ros_ws/bumperbot_ws/install/robot_lab_controller/share/robot_lab_controller/config/joy_teleop.yaml --params-file /workspace/molar/.tmp/launch_params_1157dcb5'].
[ERROR] [mujoco_spawner-3]: process has died [pid 1209669, exit code 1, cmd '/workspace/molar/ros_ws/bumperbot_ws/install/robot_lab_mujoco/lib/robot_lab_mujoco/mujoco_spawner --ros-args -r __node:=mujoco_spawner --params-file /workspace/molar/.tmp/launch_params_t1589h1u'].
