[INFO] [launch]: All log files can be found below /home/molar1/.ros/log/2026-09-25-10-29-37-027974-molar1-1208490
[INFO] [launch]: Default logging verbosity is set to INFO
[robot_lab] algorithm localization=amcl -> global_localization stack
[robot_lab] algorithm state_estimation=ekf_localization_node -> local_localization stack
[robot_lab] algorithm sensor_fusion=wheel_imu_fusion -> node robot_lab_algorithms/wheel_imu_fusion
[INFO] [go2-stance-gait-controller-1]: process started with pid [1208523]
[INFO] [robot_state_publisher-2]: process started with pid [1208525]
[INFO] [mujoco_spawner-3]: process started with pid [1208527]
[INFO] [joy_teleop-4]: process started with pid [1208529]
[INFO] [joy_node-5]: process started with pid [1208531]
[INFO] [twist_mux-6]: process started with pid [1208533]
[INFO] [twist_marker-7]: process started with pid [1208535]
[INFO] [joystick_relay.py-8]: process started with pid [1208537]
[INFO] [twist_relay-9]: process started with pid [1208539]
[INFO] [simulator_ready_gate-10]: process started with pid [1208541]
[twist_mux-6] 1790324978.058134 [97]  twist_mux: selected interface "lo" is not multicast-capable: disabling multicast
[robot_state_publisher-2] 1790324978.068383 [97] robot_stat: selected interface "lo" is not multicast-capable: disabling multicast
[twist_mux-6] [INFO] [1790324978.068438265] [twist_mux]: Topic handler 'topics.joystick' subscribed to topic 'joy_vel': timeout = 0.500000s , priority = 99.
[twist_marker-7] 1790324978.069775 [97] twist_mark: selected interface "lo" is not multicast-capable: disabling multicast
[twist_mux-6] [INFO] [1790324978.069911279] [twist_mux]: Topic handler 'topics.keyboard' subscribed to topic 'key_vel': timeout = 0.500000s , priority = 90.
[twist_mux-6] [INFO] [1790324978.070115451] [twist_mux]: Topic handler 'topics.navigation' subscribed to topic 'cmd_vel': timeout = 0.500000s , priority = 80.
[twist_mux-6] [INFO] [1790324978.070256131] [twist_mux]: Topic handler 'locks.safety_stop' subscribed to topic 'safety_stop': timeout = None , priority = 255.
[twist_relay-9] 1790324978.079487 [97] twist_rela: selected interface "lo" is not multicast-capable: disabling multicast
[joy_node-5] 1790324978.080947 [97]   joy_node: selected interface "lo" is not multicast-capable: disabling multicast
[robot_state_publisher-2] [INFO] [1790324978.093375949] [robot_state_publisher]: got segment FL_calf
[robot_state_publisher-2] [INFO] [1790324978.093561656] [robot_state_publisher]: got segment FL_calf_rotor
[robot_state_publisher-2] [INFO] [1790324978.093586105] [robot_state_publisher]: got segment FL_foot
[robot_state_publisher-2] [INFO] [1790324978.093596730] [robot_state_publisher]: got segment FL_hip
[robot_state_publisher-2] [INFO] [1790324978.093605147] [robot_state_publisher]: got segment FL_hip_rotor
[robot_state_publisher-2] [INFO] [1790324978.093617851] [robot_state_publisher]: got segment FL_thigh
[robot_state_publisher-2] [INFO] [1790324978.093626460] [robot_state_publisher]: got segment FL_thigh_rotor
[robot_state_publisher-2] [INFO] [1790324978.093634524] [robot_state_publisher]: got segment FR_calf
[robot_state_publisher-2] [INFO] [1790324978.093644093] [robot_state_publisher]: got segment FR_calf_rotor
[robot_state_publisher-2] [INFO] [1790324978.093652157] [robot_state_publisher]: got segment FR_foot
[robot_state_publisher-2] [INFO] [1790324978.093660094] [robot_state_publisher]: got segment FR_hip
[robot_state_publisher-2] [INFO] [1790324978.093667774] [robot_state_publisher]: got segment FR_hip_rotor
[robot_state_publisher-2] [INFO] [1790324978.093675423] [robot_state_publisher]: got segment FR_thigh
[robot_state_publisher-2] [INFO] [1790324978.093683167] [robot_state_publisher]: got segment FR_thigh_rotor
[robot_state_publisher-2] [INFO] [1790324978.093691232] [robot_state_publisher]: got segment RL_calf
[robot_state_publisher-2] [INFO] [1790324978.093699200] [robot_state_publisher]: got segment RL_calf_rotor
[robot_state_publisher-2] [INFO] [1790324978.093707457] [robot_state_publisher]: got segment RL_foot
[robot_state_publisher-2] [INFO] [1790324978.093715041] [robot_state_publisher]: got segment RL_hip
[robot_state_publisher-2] [INFO] [1790324978.093722561] [robot_state_publisher]: got segment RL_hip_rotor
[robot_state_publisher-2] [INFO] [1790324978.093729762] [robot_state_publisher]: got segment RL_thigh
[robot_state_publisher-2] [INFO] [1790324978.093737794] [robot_state_publisher]: got segment RL_thigh_rotor
[robot_state_publisher-2] [INFO] [1790324978.093745059] [robot_state_publisher]: got segment RR_calf
[robot_state_publisher-2] [INFO] [1790324978.093752355] [robot_state_publisher]: got segment RR_calf_rotor
[robot_state_publisher-2] [INFO] [1790324978.093759780] [robot_state_publisher]: got segment RR_foot
[robot_state_publisher-2] [INFO] [1790324978.093767204] [robot_state_publisher]: got segment RR_hip
[robot_state_publisher-2] [INFO] [1790324978.093774660] [robot_state_publisher]: got segment RR_hip_rotor
[robot_state_publisher-2] [INFO] [1790324978.093782277] [robot_state_publisher]: got segment RR_thigh
[robot_state_publisher-2] [INFO] [1790324978.093789605] [robot_state_publisher]: got segment RR_thigh_rotor
[robot_state_publisher-2] [INFO] [1790324978.093796838] [robot_state_publisher]: got segment base
[robot_state_publisher-2] [INFO] [1790324978.093804486] [robot_state_publisher]: got segment front_camera
[robot_state_publisher-2] [INFO] [1790324978.093812167] [robot_state_publisher]: got segment imu_link
[robot_state_publisher-2] [INFO] [1790324978.093819943] [robot_state_publisher]: got segment trunk
[joystick_relay.py-8] 1790324978.597283 [97] joystick_r: selected interface "lo" is not multicast-capable: disabling multicast
[joy_teleop-4] 1790324978.605282 [97] joy_teleop: selected interface "lo" is not multicast-capable: disabling multicast
[go2-stance-gait-controller-1] 1790324978.660793 [97] go2-stance: selected interface "lo" is not multicast-capable: disabling multicast
[go2-stance-gait-controller-1] [INFO] [1790324978.785895224] [go2_stance_gait_controller]: Go2 closed-loop stance/gait: 12 effort joints at 250.0 Hz
[mujoco_spawner-3] 1790324979.090662 [97] mujoco_spa: selected interface "lo" is not multicast-capable: disabling multicast
[mujoco_spawner-3] [INFO] [1790324980.284307344] [mujoco_spawner]: MuJoCo: 18 collision proxy geom(s) moved to group 3 (viewer Rendering tab to show them).
[mujoco_spawner-3] [INFO] [1790324980.332352703] [mujoco_spawner]: MuJoCo URDF import OK (all meshes staged).
[mujoco_spawner-3] [WARN] [1790324980.341744579] [mujoco_spawner]: MuJoCo effort plant: no MJCF beside /workspace/molar/ros_ws/bumperbot_ws/install/robot_lab_robots/share/robot_lab_robots/unitree/go2_description/xacro/go2_sim.xacro names every effort joint; keeping the URDF <dynamics> (damping=5.0 is a Gazebo stabiliser the robot does not have).
[mujoco_spawner-3] [INFO] [1790324980.400102090] [mujoco_spawner]: Robot has no 'oakd_rgb_camera_frame' link; no RGB-D camera is published.
[mujoco_spawner-3] [INFO] [1790324980.400945724] [mujoco_spawner]: Joints: ['FR_hip_joint', 'FR_thigh_joint', 'FR_calf_joint', 'FL_hip_joint', 'FL_thigh_joint', 'FL_calf_joint', 'RR_hip_joint', 'RR_thigh_joint', 'RR_calf_joint', 'RL_hip_joint', 'RL_thigh_joint', 'RL_calf_joint']   lw= rw=
[mujoco_spawner-3] [INFO] [1790324980.402926159] [mujoco_spawner]: Joint effort input: /go2_group_effort_controller/commands (12 joints, URDF limits)
[mujoco_spawner-3] [INFO] [1790324980.404502027] [mujoco_spawner]: Spawn ground clearance: raised root by 0.2491 m
[mujoco_spawner-3] [INFO] [1790324980.405241302] [mujoco_spawner]: MuJoCo model loaded: 14 bodies, 13 joints
[mujoco_spawner-3] [INFO] [1790324980.405744179] [mujoco_spawner]: MuJoCo gui param=False (resolved=False), DISPLAY=:1 -> mode=DIRECT
[mujoco_spawner-3] [INFO] [1790324980.406195597] [mujoco_spawner]: MuJoCo running headless (gui=False, viewer=True).
[mujoco_spawner-3] [INFO] [1790324980.414651162] [mujoco_spawner]: MuJoCo spawner running.
[go2-stance-gait-controller-1] [WARN] [1790324980.582692024] [go2_stance_gait_controller]: Go2 safety warn: tilt 0.42 rad exceeds warn threshold
[go2-stance-gait-controller-1] [WARN] [1790324980.611101679] [go2_stance_gait_controller]: Go2 safety nominal: attitude recovered
[go2-stance-gait-controller-1] [WARN] [1790324980.631670077] [go2_stance_gait_controller]: Go2 safety warn: tilt 0.36 rad exceeds warn threshold
[go2-stance-gait-controller-1] [WARN] [1790324980.649108309] [go2_stance_gait_controller]: Go2 safety nominal: attitude recovered
[go2-stance-gait-controller-1] [WARN] [1790324980.652116324] [go2_stance_gait_controller]: Go2 safety warn: tilt 0.42 rad exceeds warn threshold
[INFO] [simulator_ready_gate-10]: process has finished cleanly [pid 1208541]
[go2-stance-gait-controller-1] [WARN] [1790324980.763208044] [go2_stance_gait_controller]: Go2 safety safe_stop: tilt 0.79 rad exceeds fall threshold
[INFO] [amcl-12]: process started with pid [1208789]
[INFO] [map_server-11]: process started with pid [1208787]
[INFO] [lifecycle_manager-13]: process started with pid [1208791]
[INFO] [ekf_node-14]: process started with pid [1208793]
[INFO] [imu_republisher.py-15]: process started with pid [1208795]
[INFO] [wheel_imu_fusion-16]: process started with pid [1208797]
[amcl-12] 1790324980.829072 [97]       amcl: selected interface "lo" is not multicast-capable: disabling multicast
[lifecycle_manager-13] 1790324980.838983 [97] lifecycle_: selected interface "lo" is not multicast-capable: disabling multicast
[ekf_node-14] 1790324980.840404 [97]   ekf_node: selected interface "lo" is not multicast-capable: disabling multicast
[map_server-11] 1790324980.846401 [97] map_server: selected interface "lo" is not multicast-capable: disabling multicast
[lifecycle_manager-13] [INFO] [1790324980.868551141] [lifecycle_manager_localization]: Creating
[map_server-11] [INFO] [1790324980.870137922] [map_server]:
[map_server-11] 	map_server lifecycle node launched.
[map_server-11] 	Waiting on external lifecycle transitions to activate
[map_server-11] 	See https://design.ros2.org/articles/node_lifecycle.html for more information.
[map_server-11] [INFO] [1790324980.871747488] [map_server]: Creating
[amcl-12] [0m[INFO] [1790324980.879987584] [amcl]:
[amcl-12] 	amcl lifecycle node launched.
[amcl-12] 	Waiting on external lifecycle transitions to activate
[amcl-12] 	See https://design.ros2.org/articles/node_lifecycle.html for more information.[0m
[amcl-12] [0m[INFO] [1790324980.883458634] [amcl]: Creating[0m
[lifecycle_manager-13] [INFO] [1790324980.889913218] [lifecycle_manager_localization]: [34m[1mCreating and initializing lifecycle service clients[0m[0m
[lifecycle_manager-13] [INFO] [1790324980.924280820] [lifecycle_manager_localization]: [34m[1mStarting managed nodes bringup...[0m[0m
[lifecycle_manager-13] [INFO] [1790324980.925612418] [lifecycle_manager_localization]: [34m[1mConfiguring map_server[0m[0m
[map_server-11] [INFO] [1790324980.926913293] [map_server]: Configuring
[map_server-11] [INFO] [1790324980.927039445] [map_io]: Loading yaml file: /workspace/molar/ros_ws/bumperbot_ws/install/robot_lab_maps/share/robot_lab_maps/maps/nav_empty/maps/map.yaml
[map_server-11] [INFO] [1790324980.927472110] [map_io]: resolution: 0.05
[map_server-11] [INFO] [1790324980.927493519] [map_io]: origin[0]: -7
[map_server-11] [INFO] [1790324980.927499600] [map_io]: origin[1]: -7
[map_server-11] [INFO] [1790324980.927504144] [map_io]: origin[2]: 0
[map_server-11] [INFO] [1790324980.927508976] [map_io]: free_thresh: 0.196
[map_server-11] [INFO] [1790324980.927513872] [map_io]: occupied_thresh: 0.65
[map_server-11] [INFO] [1790324980.927520177] [map_io]: mode: trinary
[map_server-11] [INFO] [1790324980.927526609] [map_io]: negate: 0
[map_server-11] [INFO] [1790324980.927811938] [map_io]: Loading image_file: /workspace/molar/ros_ws/bumperbot_ws/install/robot_lab_maps/share/robot_lab_maps/maps/nav_empty/maps/map.pgm
[map_server-11] [INFO] [1790324980.939055665] [map_io]: Read map /workspace/molar/ros_ws/bumperbot_ws/install/robot_lab_maps/share/robot_lab_maps/maps/nav_empty/maps/map.pgm: 280 X 280 map @ 0.05 m/cell
[lifecycle_manager-13] [INFO] [1790324980.953328272] [lifecycle_manager_localization]: [34m[1mConfiguring amcl[0m[0m
[amcl-12] [0m[INFO] [1790324980.954244422] [amcl]: Configuring[0m
[amcl-12] [0m[INFO] [1790324980.954453202] [amcl]: initTransforms[0m
[amcl-12] [0m[INFO] [1790324980.968869914] [amcl]: initPubSub[0m
[amcl-12] [0m[INFO] [1790324980.979003720] [amcl]: Subscribed to map topic.[0m
[lifecycle_manager-13] [INFO] [1790324980.985908602] [lifecycle_manager_localization]: [34m[1mActivating map_server[0m[0m
[map_server-11] [INFO] [1790324980.986214860] [map_server]: Activating
[map_server-11] [INFO] [1790324980.986547616] [map_server]: Creating bond (map_server) to lifecycle manager.
[amcl-12] [0m[INFO] [1790324980.991986108] [amcl]: Received a 280 X 280 map @ 0.050 m/pix[0m
[lifecycle_manager-13] [INFO] [1790324981.090774346] [lifecycle_manager_localization]: Server map_server connected with bond.
[lifecycle_manager-13] [INFO] [1790324981.090876944] [lifecycle_manager_localization]: [34m[1mActivating amcl[0m[0m
[amcl-12] [0m[INFO] [1790324981.091502836] [amcl]: Activating[0m
[amcl-12] [0m[INFO] [1790324981.091683999] [amcl]: initialPoseReceived[0m
[amcl-12] [0m[INFO] [1790324981.093387458] [amcl]: Setting pose (0.596000): -0.500 -0.500 0.000[0m
[amcl-12] [0m[INFO] [1790324981.094087563] [amcl]: Creating bond (amcl) to lifecycle manager.[0m
[amcl-12] [0m[INFO] [1790324981.129724673] [amcl]: createLaserObject[0m
[lifecycle_manager-13] [INFO] [1790324981.210057629] [lifecycle_manager_localization]: Server amcl connected with bond.
[lifecycle_manager-13] [INFO] [1790324981.210169284] [lifecycle_manager_localization]: [34m[1mManaged nodes are active[0m[0m
[lifecycle_manager-13] [INFO] [1790324981.210192773] [lifecycle_manager_localization]: [34m[1mCreating bond timer...[0m[0m
[imu_republisher.py-15] 1790324981.367266 [97]    python3: selected interface "lo" is not multicast-capable: disabling multicast
[wheel_imu_fusion-16] 1790324981.430697 [97] wheel_imu_: selected interface "lo" is not multicast-capable: disabling multicast
[wheel_imu_fusion-16] [INFO] [1790324981.742302476] [sensor_fusion_wheel_imu_fusion]: wheel_imu_fusion ready
[WARNING] [launch]: user interrupted with ctrl-c (SIGINT)
[INFO] [wheel_imu_fusion-16]: sending signal 'SIGINT' to process[wheel_imu_fusion-16]
[INFO] [imu_republisher.py-15]: sending signal 'SIGINT' to process[imu_republisher.py-15]
[INFO] [ekf_node-14]: sending signal 'SIGINT' to process[ekf_node-14]
[INFO] [lifecycle_manager-13]: sending signal 'SIGINT' to process[lifecycle_manager-13]
[INFO] [amcl-12]: sending signal 'SIGINT' to process[amcl-12]
[INFO] [map_server-11]: sending signal 'SIGINT' to process[map_server-11]
[INFO] [twist_relay-9]: sending signal 'SIGINT' to process[twist_relay-9]
[INFO] [joystick_relay.py-8]: sending signal 'SIGINT' to process[joystick_relay.py-8]
[INFO] [twist_marker-7]: sending signal 'SIGINT' to process[twist_marker-7]
[INFO] [twist_mux-6]: sending signal 'SIGINT' to process[twist_mux-6]
[INFO] [joy_node-5]: sending signal 'SIGINT' to process[joy_node-5]
[INFO] [joy_teleop-4]: sending signal 'SIGINT' to process[joy_teleop-4]
[INFO] [mujoco_spawner-3]: sending signal 'SIGINT' to process[mujoco_spawner-3]
[INFO] [robot_state_publisher-2]: sending signal 'SIGINT' to process[robot_state_publisher-2]
[INFO] [go2-stance-gait-controller-1]: sending signal 'SIGINT' to process[go2-stance-gait-controller-1]
[ekf_node-14] [INFO] [1790324988.307699840] [rclcpp]: signal_handler(SIGINT/SIGTERM)
[lifecycle_manager-13] [INFO] [1790324988.312140606] [rclcpp]: signal_handler(SIGINT/SIGTERM)
[lifecycle_manager-13] [INFO] [1790324988.312294791] [lifecycle_manager_localization]: Running Nav2 LifecycleManager rcl preshutdown (lifecycle_manager_localization)
[lifecycle_manager-13] [INFO] [1790324988.312373611] [lifecycle_manager_localization]: [34m[1mTerminating bond timer...[0m[0m
[amcl-12] [0m[INFO] [1790324988.316708002] [rclcpp]: signal_handler(SIGINT/SIGTERM)[0m
[amcl-12] [0m[INFO] [1790324988.316906222] [amcl]: Running Nav2 LifecycleNode rcl preshutdown (amcl)[0m
[amcl-12] [0m[INFO] [1790324988.317016788] [amcl]: Deactivating[0m
[amcl-12] [0m[INFO] [1790324988.317054518] [amcl]: Destroying bond (amcl) to lifecycle manager.[0m
[map_server-11] [INFO] [1790324988.321615130] [rclcpp]: signal_handler(SIGINT/SIGTERM)
[map_server-11] [INFO] [1790324988.321815238] [map_server]: Running Nav2 LifecycleNode rcl preshutdown (map_server)
[map_server-11] [INFO] [1790324988.321927948] [map_server]: Deactivating
[map_server-11] [INFO] [1790324988.321958990] [map_server]: Destroying bond (map_server) to lifecycle manager.
[amcl-12] [0m[INFO] [1790324988.327426150] [amcl]: Cleaning up[0m
[twist_relay-9] [INFO] [1790324988.326464847] [rclcpp]: signal_handler(SIGINT/SIGTERM)
[amcl-12] [0m[INFO] [1790324988.332539242] [amcl]: Destroying bond (amcl) to lifecycle manager.[0m
[map_server-11] [INFO] [1790324988.332425891] [map_server]: Cleaning up
[map_server-11] [INFO] [1790324988.332539338] [map_server]: Destroying bond (map_server) to lifecycle manager.
[twist_marker-7] [INFO] [1790324988.337941214] [rclcpp]: signal_handler(SIGINT/SIGTERM)
[twist_mux-6] [INFO] [1790324988.345373606] [rclcpp]: signal_handler(SIGINT/SIGTERM)
[joy_node-5] [INFO] [1790324988.357110723] [rclcpp]: signal_handler(SIGINT/SIGTERM)
[robot_state_publisher-2] [INFO] [1790324988.370465757] [rclcpp]: signal_handler(SIGINT/SIGTERM)
[amcl-12] [0m[INFO] [1790324988.418993742] [amcl]: Destroying[0m
[map_server-11] [INFO] [1790324988.424293180] [map_server]: Destroying
[lifecycle_manager-13] [INFO] [1790324988.427018968] [lifecycle_manager_localization]: Destroying lifecycle_manager_localization
[INFO] [ekf_node-14]: process has finished cleanly [pid 1208793]
[INFO] [twist_relay-9]: process has finished cleanly [pid 1208539]
[INFO] [twist_marker-7]: process has finished cleanly [pid 1208535]
[INFO] [twist_mux-6]: process has finished cleanly [pid 1208533]
[INFO] [joy_node-5]: process has finished cleanly [pid 1208531]
[INFO] [robot_state_publisher-2]: process has finished cleanly [pid 1208525]
[INFO] [imu_republisher.py-15]: process has finished cleanly [pid 1208795]
[INFO] [wheel_imu_fusion-16]: process has finished cleanly [pid 1208797]
[INFO] [lifecycle_manager-13]: process has finished cleanly [pid 1208791]
[joy_teleop-4] Traceback (most recent call last):
[joy_teleop-4]   File "/opt/ros/humble/lib/joy_teleop/joy_teleop", line 33, in <module>
[joy_teleop-4]     sys.exit(load_entry_point('joy-teleop==1.6.0', 'console_scripts', 'joy_teleop')())
[joy_teleop-4]   File "/opt/ros/humble/lib/python3.10/site-packages/joy_teleop/joy_teleop.py", line 442, in main
[joy_teleop-4]     rclpy.shutdown()
[joy_teleop-4]   File "/opt/ros/humble/local/lib/python3.10/dist-packages/rclpy/__init__.py", line 130, in shutdown
[joy_teleop-4]     _shutdown(context=context)
[joy_teleop-4]   File "/opt/ros/humble/local/lib/python3.10/dist-packages/rclpy/utilities.py", line 58, in shutdown
[joy_teleop-4]     return context.shutdown()
[joy_teleop-4]   File "/opt/ros/humble/local/lib/python3.10/dist-packages/rclpy/context.py", line 102, in shutdown
[joy_teleop-4]     self.__context.shutdown()
[joy_teleop-4] rclpy._rclpy_pybind11.RCLError: failed to shutdown: rcl_shutdown already called on the given context, at ./src/rcl/init.c:241
[INFO] [amcl-12]: process has finished cleanly [pid 1208789]
[INFO] [map_server-11]: process has finished cleanly [pid 1208787]
[INFO] [go2-stance-gait-controller-1]: process has finished cleanly [pid 1208523]
[INFO] [joystick_relay.py-8]: process has finished cleanly [pid 1208537]
[ERROR] [joy_teleop-4]: process has died [pid 1208529, exit code 1, cmd '/opt/ros/humble/lib/joy_teleop/joy_teleop --ros-args --params-file /workspace/molar/ros_ws/bumperbot_ws/install/robot_lab_controller/share/robot_lab_controller/config/joy_teleop.yaml --params-file /workspace/molar/.tmp/launch_params_cx6lt6l1'].
[INFO] [mujoco_spawner-3]: process has finished cleanly [pid 1208527]
