[INFO] [launch]: All log files can be found below /home/molar1/.ros/log/2026-09-28-10-47-21-200873-molar1-75134
[INFO] [launch]: Default logging verbosity is set to INFO
[robot_lab] algorithm localization=amcl -> global_localization stack
[robot_lab] algorithm state_estimation=ekf_localization_node -> local_localization stack
[robot_lab] algorithm sensor_fusion=wheel_imu_fusion -> node robot_lab_algorithms/wheel_imu_fusion
[INFO] [go2-stance-gait-controller-1]: process started with pid [75165]
[INFO] [robot_state_publisher-2]: process started with pid [75167]
[INFO] [mujoco_spawner-3]: process started with pid [75169]
[INFO] [joy_teleop-4]: process started with pid [75171]
[INFO] [joy_node-5]: process started with pid [75173]
[INFO] [twist_mux-6]: process started with pid [75175]
[INFO] [twist_marker-7]: process started with pid [75177]
[INFO] [joystick_relay.py-8]: process started with pid [75179]
[INFO] [twist_relay-9]: process started with pid [75181]
[INFO] [simulator_ready_gate-10]: process started with pid [75189]
[twist_mux-6] [INFO] [1790585242.120866343] [twist_mux]: Topic handler 'topics.joystick' subscribed to topic 'joy_vel': timeout = 0.500000s , priority = 99.
[twist_mux-6] [INFO] [1790585242.123831486] [twist_mux]: Topic handler 'topics.keyboard' subscribed to topic 'key_vel': timeout = 0.500000s , priority = 90.
[twist_mux-6] [INFO] [1790585242.125306986] [twist_mux]: Topic handler 'topics.navigation' subscribed to topic 'cmd_vel': timeout = 0.500000s , priority = 80.
[twist_mux-6] [INFO] [1790585242.126961555] [twist_mux]: Topic handler 'locks.safety_stop' subscribed to topic 'safety_stop': timeout = None , priority = 255.
[robot_state_publisher-2] [INFO] [1790585242.151787709] [robot_state_publisher]: got segment FL_calf
[robot_state_publisher-2] [INFO] [1790585242.151998330] [robot_state_publisher]: got segment FL_calf_rotor
[robot_state_publisher-2] [INFO] [1790585242.152019769] [robot_state_publisher]: got segment FL_foot
[robot_state_publisher-2] [INFO] [1790585242.152029817] [robot_state_publisher]: got segment FL_hip
[robot_state_publisher-2] [INFO] [1790585242.152037657] [robot_state_publisher]: got segment FL_hip_rotor
[robot_state_publisher-2] [INFO] [1790585242.152045945] [robot_state_publisher]: got segment FL_thigh
[robot_state_publisher-2] [INFO] [1790585242.152054425] [robot_state_publisher]: got segment FL_thigh_rotor
[robot_state_publisher-2] [INFO] [1790585242.152062265] [robot_state_publisher]: got segment FR_calf
[robot_state_publisher-2] [INFO] [1790585242.152069401] [robot_state_publisher]: got segment FR_calf_rotor
[robot_state_publisher-2] [INFO] [1790585242.152076793] [robot_state_publisher]: got segment FR_foot
[robot_state_publisher-2] [INFO] [1790585242.152084217] [robot_state_publisher]: got segment FR_hip
[robot_state_publisher-2] [INFO] [1790585242.152092088] [robot_state_publisher]: got segment FR_hip_rotor
[robot_state_publisher-2] [INFO] [1790585242.152099480] [robot_state_publisher]: got segment FR_thigh
[robot_state_publisher-2] [INFO] [1790585242.152106648] [robot_state_publisher]: got segment FR_thigh_rotor
[robot_state_publisher-2] [INFO] [1790585242.152113720] [robot_state_publisher]: got segment RL_calf
[robot_state_publisher-2] [INFO] [1790585242.152120824] [robot_state_publisher]: got segment RL_calf_rotor
[robot_state_publisher-2] [INFO] [1790585242.152127992] [robot_state_publisher]: got segment RL_foot
[robot_state_publisher-2] [INFO] [1790585242.152135064] [robot_state_publisher]: got segment RL_hip
[robot_state_publisher-2] [INFO] [1790585242.152142072] [robot_state_publisher]: got segment RL_hip_rotor
[robot_state_publisher-2] [INFO] [1790585242.152149112] [robot_state_publisher]: got segment RL_thigh
[robot_state_publisher-2] [INFO] [1790585242.152156088] [robot_state_publisher]: got segment RL_thigh_rotor
[robot_state_publisher-2] [INFO] [1790585242.152163224] [robot_state_publisher]: got segment RR_calf
[robot_state_publisher-2] [INFO] [1790585242.152170167] [robot_state_publisher]: got segment RR_calf_rotor
[robot_state_publisher-2] [INFO] [1790585242.152177271] [robot_state_publisher]: got segment RR_foot
[robot_state_publisher-2] [INFO] [1790585242.152184151] [robot_state_publisher]: got segment RR_hip
[robot_state_publisher-2] [INFO] [1790585242.152191383] [robot_state_publisher]: got segment RR_hip_rotor
[robot_state_publisher-2] [INFO] [1790585242.152198391] [robot_state_publisher]: got segment RR_thigh
[robot_state_publisher-2] [INFO] [1790585242.152205207] [robot_state_publisher]: got segment RR_thigh_rotor
[robot_state_publisher-2] [INFO] [1790585242.152212183] [robot_state_publisher]: got segment base
[robot_state_publisher-2] [INFO] [1790585242.152219095] [robot_state_publisher]: got segment front_camera
[robot_state_publisher-2] [INFO] [1790585242.152226551] [robot_state_publisher]: got segment imu_link
[robot_state_publisher-2] [INFO] [1790585242.152233719] [robot_state_publisher]: got segment trunk
[go2-stance-gait-controller-1] [0;93m2026-09-28 10:47:22.788753993 [W:onnxruntime:Default, device_discovery.cc:164 DiscoverDevicesForPlatform] GPU device discovery failed: device_discovery.cc:89 ReadFileContents Failed to open file: "/sys/class/drm/card1/device/vendor"[m
[go2-stance-gait-controller-1] [INFO] [1790585242.857181017] [go2_stance_gait_controller]: Go2 closed-loop stance: 12 effort joints at 250.0 Hz; controller ONNX velocity policy
[mujoco_spawner-3] [INFO] [1790585244.112216988] [mujoco_spawner]: MuJoCo: 18 collision proxy geom(s) moved to group 3 (viewer Rendering tab to show them).
[mujoco_spawner-3] [INFO] [1790585244.158161667] [mujoco_spawner]: MuJoCo URDF import OK (all meshes staged).
[mujoco_spawner-3] [WARN] [1790585244.168036410] [mujoco_spawner]: MuJoCo effort plant: no MJCF beside /home/molar1/bumperbot_ws/install/robot_lab_robots/share/robot_lab_robots/unitree/go2_description/xacro/go2_sim.xacro names every effort joint; keeping the URDF <dynamics> (damping=5.0 is a Gazebo stabiliser the robot does not have).
[mujoco_spawner-3] [INFO] [1790585244.215946790] [mujoco_spawner]: MuJoCo physics timestep: 0.0010 s
[mujoco_spawner-3] [INFO] [1790585244.217346643] [mujoco_spawner]: Robot has no 'oakd_rgb_camera_frame' link; no RGB-D camera is published.
[mujoco_spawner-3] [INFO] [1790585244.218204487] [mujoco_spawner]: Joints: ['FR_hip_joint', 'FR_thigh_joint', 'FR_calf_joint', 'FL_hip_joint', 'FL_thigh_joint', 'FL_calf_joint', 'RR_hip_joint', 'RR_thigh_joint', 'RR_calf_joint', 'RL_hip_joint', 'RL_thigh_joint', 'RL_calf_joint']   lw= rw=
[mujoco_spawner-3] [INFO] [1790585244.220228011] [mujoco_spawner]: MuJoCo effort joint armature: 0.0100 kg m^2
[mujoco_spawner-3] [INFO] [1790585244.221566712] [mujoco_spawner]: Joint effort input: /go2_group_effort_controller/commands (12 joints, URDF limits)
[mujoco_spawner-3] [INFO] [1790585244.223061316] [mujoco_spawner]: MuJoCo model loaded: 14 bodies, 13 joints
[mujoco_spawner-3] [INFO] [1790585244.223586909] [mujoco_spawner]: MuJoCo gui param=False (resolved=False), DISPLAY=:1 -> mode=DIRECT
[mujoco_spawner-3] [INFO] [1790585244.224048374] [mujoco_spawner]: MuJoCo running headless (gui=False, viewer=True).
[mujoco_spawner-3] [INFO] [1790585244.228408730] [mujoco_spawner]: MuJoCo spawner running.
[go2-stance-gait-controller-1] [INFO] [1790585244.234699939] [go2_stance_gait_controller]: Go2 recovery idle
[INFO] [simulator_ready_gate-10]: process has finished cleanly [pid 75189]
[INFO] [amcl-12]: process started with pid [75429]
[INFO] [map_server-11]: process started with pid [75427]
[INFO] [lifecycle_manager-13]: process started with pid [75431]
[INFO] [ekf_node-14]: process started with pid [75433]
[INFO] [imu_republisher.py-15]: process started with pid [75435]
[INFO] [wheel_imu_fusion-16]: process started with pid [75437]
[amcl-12] [0m[INFO] [1790585244.625953809] [amcl]: 
[amcl-12] 	amcl lifecycle node launched. 
[amcl-12] 	Waiting on external lifecycle transitions to activate
[amcl-12] 	See https://design.ros2.org/articles/node_lifecycle.html for more information.[0m
[amcl-12] [0m[INFO] [1790585244.627777272] [amcl]: Creating[0m
[lifecycle_manager-13] [INFO] [1790585244.656247632] [lifecycle_manager_localization]: Creating
[map_server-11] [INFO] [1790585244.660026715] [map_server]: 
[map_server-11] 	map_server lifecycle node launched. 
[map_server-11] 	Waiting on external lifecycle transitions to activate
[map_server-11] 	See https://design.ros2.org/articles/node_lifecycle.html for more information.
[map_server-11] [INFO] [1790585244.661502727] [map_server]: Creating
[lifecycle_manager-13] [INFO] [1790585244.669492377] [lifecycle_manager_localization]: [34m[1mCreating and initializing lifecycle service clients[0m[0m
[lifecycle_manager-13] [INFO] [1790585244.684406507] [lifecycle_manager_localization]: [34m[1mStarting managed nodes bringup...[0m[0m
[lifecycle_manager-13] [INFO] [1790585244.684510154] [lifecycle_manager_localization]: [34m[1mConfiguring map_server[0m[0m
[map_server-11] [INFO] [1790585244.704802770] [map_server]: Configuring
[map_server-11] [INFO] [1790585244.704940944] [map_io]: Loading yaml file: /home/molar1/bumperbot_ws/install/robot_lab_maps/share/robot_lab_maps/maps/nav_empty/maps/map.yaml
[map_server-11] [INFO] [1790585244.705363146] [map_io]: resolution: 0.05
[map_server-11] [INFO] [1790585244.705381802] [map_io]: origin[0]: -7
[map_server-11] [INFO] [1790585244.705387946] [map_io]: origin[1]: -7
[map_server-11] [INFO] [1790585244.705392490] [map_io]: origin[2]: 0
[map_server-11] [INFO] [1790585244.705397354] [map_io]: free_thresh: 0.196
[map_server-11] [INFO] [1790585244.705402250] [map_io]: occupied_thresh: 0.65
[map_server-11] [INFO] [1790585244.705408138] [map_io]: mode: trinary
[map_server-11] [INFO] [1790585244.705414922] [map_io]: negate: 0
[map_server-11] [INFO] [1790585244.705720582] [map_io]: Loading image_file: /home/molar1/bumperbot_ws/install/robot_lab_maps/share/robot_lab_maps/maps/nav_empty/maps/map.pgm
[map_server-11] [INFO] [1790585244.716170453] [map_io]: Read map /home/molar1/bumperbot_ws/install/robot_lab_maps/share/robot_lab_maps/maps/nav_empty/maps/map.pgm: 280 X 280 map @ 0.05 m/cell
[lifecycle_manager-13] [INFO] [1790585244.731341316] [lifecycle_manager_localization]: [34m[1mConfiguring amcl[0m[0m
[amcl-12] [0m[INFO] [1790585244.731974940] [amcl]: Configuring[0m
[amcl-12] [0m[INFO] [1790585244.732212312] [amcl]: initTransforms[0m
[amcl-12] [0m[INFO] [1790585244.749966052] [amcl]: initPubSub[0m
[amcl-12] [0m[INFO] [1790585244.762062749] [amcl]: Subscribed to map topic.[0m
[lifecycle_manager-13] [INFO] [1790585244.777703301] [lifecycle_manager_localization]: [34m[1mActivating map_server[0m[0m
[map_server-11] [INFO] [1790585244.779398126] [map_server]: Activating
[map_server-11] [INFO] [1790585244.780120804] [map_server]: Creating bond (map_server) to lifecycle manager.
[amcl-12] [0m[INFO] [1790585244.781917003] [amcl]: Received a 280 X 280 map @ 0.050 m/pix[0m
[lifecycle_manager-13] [INFO] [1790585244.886891556] [lifecycle_manager_localization]: Server map_server connected with bond.
[lifecycle_manager-13] [INFO] [1790585244.886974147] [lifecycle_manager_localization]: [34m[1mActivating amcl[0m[0m
[amcl-12] [0m[INFO] [1790585244.887735448] [amcl]: Activating[0m
[amcl-12] [0m[INFO] [1790585244.887835575] [amcl]: initialPoseReceived[0m
[amcl-12] [0m[INFO] [1790585244.888101171] [amcl]: Setting pose (0.556000): -0.500 -0.500 0.000[0m
[amcl-12] [0m[INFO] [1790585244.888937416] [amcl]: Creating bond (amcl) to lifecycle manager.[0m
[amcl-12] [0m[INFO] [1790585244.985857359] [amcl]: createLaserObject[0m
[lifecycle_manager-13] [INFO] [1790585244.993446407] [lifecycle_manager_localization]: Server amcl connected with bond.
[lifecycle_manager-13] [INFO] [1790585244.993540581] [lifecycle_manager_localization]: [34m[1mManaged nodes are active[0m[0m
[lifecycle_manager-13] [INFO] [1790585244.993562597] [lifecycle_manager_localization]: [34m[1mCreating bond timer...[0m[0m
[wheel_imu_fusion-16] [INFO] [1790585245.365634397] [sensor_fusion_wheel_imu_fusion]: wheel_imu_fusion ready
[amcl-12] [0m[INFO] [1790585267.167915101] [rclcpp]: signal_handler(SIGINT/SIGTERM)[0m
[lifecycle_manager-13] [INFO] [1790585267.167883774] [rclcpp]: signal_handler(SIGINT/SIGTERM)
[lifecycle_manager-13] [INFO] [1790585267.168025596] [lifecycle_manager_localization]: Running Nav2 LifecycleManager rcl preshutdown (lifecycle_manager_localization)
[lifecycle_manager-13] [INFO] [1790585267.168097659] [lifecycle_manager_localization]: [34m[1mTerminating bond timer...[0m[0m
[robot_state_publisher-2] [INFO] [1790585267.167932477] [rclcpp]: signal_handler(SIGINT/SIGTERM)
[map_server-11] [INFO] [1790585267.167954397] [rclcpp]: signal_handler(SIGINT/SIGTERM)
[map_server-11] [INFO] [1790585267.168108155] [map_server]: Running Nav2 LifecycleNode rcl preshutdown (map_server)
[map_server-11] [INFO] [1790585267.168218713] [map_server]: Deactivating
[map_server-11] [INFO] [1790585267.168244857] [map_server]: Destroying bond (map_server) to lifecycle manager.
[twist_relay-9] [INFO] [1790585267.167980156] [rclcpp]: signal_handler(SIGINT/SIGTERM)
[twist_mux-6] [INFO] [1790585267.168014300] [rclcpp]: signal_handler(SIGINT/SIGTERM)
[ekf_node-14] [INFO] [1790585267.168078363] [rclcpp]: signal_handler(SIGINT/SIGTERM)
[amcl-12] [0m[INFO] [1790585267.168384663] [amcl]: Running Nav2 LifecycleNode rcl preshutdown (amcl)[0m
[joy_node-5] [INFO] [1790585267.168116570] [rclcpp]: signal_handler(SIGINT/SIGTERM)
[twist_marker-7] [INFO] [1790585267.168476374] [rclcpp]: signal_handler(SIGINT/SIGTERM)
[amcl-12] [0m[INFO] [1790585267.171460877] [amcl]: Deactivating[0m
[amcl-12] [0m[INFO] [1790585267.173311763] [amcl]: Destroying bond (amcl) to lifecycle manager.[0m
[map_server-11] [INFO] [1790585267.179640349] [map_server]: Cleaning up
[map_server-11] [INFO] [1790585267.179747675] [map_server]: Destroying bond (map_server) to lifecycle manager.
[amcl-12] [0m[INFO] [1790585267.184009121] [amcl]: Cleaning up[0m
[amcl-12] [0m[INFO] [1790585267.199511053] [amcl]: Destroying bond (amcl) to lifecycle manager.[0m
[lifecycle_manager-13] [INFO] [1790585267.200370241] [lifecycle_manager_localization]: Destroying lifecycle_manager_localization
[map_server-11] [INFO] [1790585267.200631870] [map_server]: Destroying
[amcl-12] [0m[INFO] [1790585267.208069816] [amcl]: Destroying[0m
[joy_teleop-4] Traceback (most recent call last):
[joy_teleop-4]   File "/opt/ros/humble/lib/joy_teleop/joy_teleop", line 33, in <module>
[joy_teleop-4]     sys.exit(load_entry_point('joy-teleop==1.6.0', 'console_scripts', 'joy_teleop')())
[joy_teleop-4]   File "/opt/ros/humble/lib/python3.10/site-packages/joy_teleop/joy_teleop.py", line 435, in main
[joy_teleop-4]     rclpy.spin(node)
[joy_teleop-4]   File "/opt/ros/humble/local/lib/python3.10/dist-packages/rclpy/__init__.py", line 229, in spin
[joy_teleop-4]     executor.spin_once()
[joy_teleop-4]   File "/opt/ros/humble/local/lib/python3.10/dist-packages/rclpy/executors.py", line 812, in spin_once
[joy_teleop-4]     self._spin_once_impl(timeout_sec)
[joy_teleop-4]   File "/opt/ros/humble/local/lib/python3.10/dist-packages/rclpy/executors.py", line 801, in _spin_once_impl
[joy_teleop-4]     handler, entity, node = self.wait_for_ready_callbacks(timeout_sec=timeout_sec)
[joy_teleop-4]   File "/opt/ros/humble/local/lib/python3.10/dist-packages/rclpy/executors.py", line 784, in wait_for_ready_callbacks
[joy_teleop-4]     return next(self._cb_iter)
[joy_teleop-4]   File "/opt/ros/humble/local/lib/python3.10/dist-packages/rclpy/executors.py", line 685, in _wait_for_ready_callbacks
[joy_teleop-4]     raise ExternalShutdownException()
[joy_teleop-4] rclpy.executors.ExternalShutdownException
[INFO] [twist_relay-9]: process has finished cleanly [pid 75181]
[INFO] [twist_marker-7]: process has finished cleanly [pid 75177]
[INFO] [robot_state_publisher-2]: process has finished cleanly [pid 75167]
[INFO] [joy_node-5]: process has finished cleanly [pid 75173]
[INFO] [lifecycle_manager-13]: process has finished cleanly [pid 75431]
[INFO] [twist_mux-6]: process has finished cleanly [pid 75175]
[INFO] [map_server-11]: process has finished cleanly [pid 75427]
[INFO] [ekf_node-14]: process has finished cleanly [pid 75433]
[INFO] [amcl-12]: process has finished cleanly [pid 75429]
[imu_republisher.py-15] Traceback (most recent call last):
[imu_republisher.py-15]   File "/home/molar1/bumperbot_ws/install/robot_lab_localization/lib/robot_lab_localization/imu_republisher.py", line 54, in <module>
[imu_republisher.py-15]     main()
[imu_republisher.py-15]   File "/home/molar1/bumperbot_ws/install/robot_lab_localization/lib/robot_lab_localization/imu_republisher.py", line 45, in main
[imu_republisher.py-15]     rclpy.spin(node)
[imu_republisher.py-15]   File "/opt/ros/humble/local/lib/python3.10/dist-packages/rclpy/__init__.py", line 229, in spin
[imu_republisher.py-15]     executor.spin_once()
[imu_republisher.py-15]   File "/opt/ros/humble/local/lib/python3.10/dist-packages/rclpy/executors.py", line 812, in spin_once
[imu_republisher.py-15]     self._spin_once_impl(timeout_sec)
[imu_republisher.py-15]   File "/opt/ros/humble/local/lib/python3.10/dist-packages/rclpy/executors.py", line 801, in _spin_once_impl
[imu_republisher.py-15]     handler, entity, node = self.wait_for_ready_callbacks(timeout_sec=timeout_sec)
[imu_republisher.py-15]   File "/opt/ros/humble/local/lib/python3.10/dist-packages/rclpy/executors.py", line 784, in wait_for_ready_callbacks
[imu_republisher.py-15]     return next(self._cb_iter)
[imu_republisher.py-15]   File "/opt/ros/humble/local/lib/python3.10/dist-packages/rclpy/executors.py", line 657, in _wait_for_ready_callbacks
[imu_republisher.py-15]     wait_set = _rclpy.WaitSet(
[imu_republisher.py-15] rclpy._rclpy_pybind11.RCLError: failed to initialize wait set: the given context is not valid, either rcl_init() was not called or rcl_shutdown() was called., at ./src/rcl/wait.c:130
[INFO] [wheel_imu_fusion-16]: process has finished cleanly [pid 75437]
[INFO] [go2-stance-gait-controller-1]: process has finished cleanly [pid 75165]
[INFO] [joystick_relay.py-8]: process has finished cleanly [pid 75179]
[INFO] [mujoco_spawner-3]: process has finished cleanly [pid 75169]
[ERROR] [joy_teleop-4]: process has died [pid 75171, exit code 1, cmd '/opt/ros/humble/lib/joy_teleop/joy_teleop --ros-args --params-file /home/molar1/bumperbot_ws/install/robot_lab_controller/share/robot_lab_controller/config/joy_teleop.yaml --params-file /workspace/molar/.tmp/launch_params_vxynndqt'].
[ERROR] [imu_republisher.py-15]: process has died [pid 75435, exit code 1, cmd '/home/molar1/bumperbot_ws/install/robot_lab_localization/lib/robot_lab_localization/imu_republisher.py --ros-args --params-file /workspace/molar/.tmp/launch_params_3xkqn5qt'].
