$ ros2 launch robot_lab_bringup simulated_robot.launch.py robot_model:=asset_turtlebot4_lite simulator:=isaac use_sim_time:=true map_name:=nav_empty world_package:=robot_lab_maps world_name:=nav_empty world_path:=maps/nav_empty/worlds/nav_empty.world map_yaml:=maps/nav_empty/maps/map.yaml mode:=display gui:=false perception:=none
[INFO] [launch]: All log files can be found below /workspace/molar/robot_lab_runtime/ros/log/2026-10-05-21-25-15-629111-molar1-295066
[INFO] [launch]: Default logging verbosity is set to INFO
[INFO] [twist_mux-1]: process started with pid [295083]
[INFO] [robot_state_publisher-2]: process started with pid [295085]
[INFO] [isaac_spawner-3]: process started with pid [295087]
[INFO] [sensor_bridge-4]: process started with pid [295089]
[INFO] [rviz2-5]: process started with pid [295091]
[twist_mux-1] [INFO] [1791228316.584316036] [twist_mux]: Topic handler 'topics.joystick' subscribed to topic 'joy_vel': timeout = 0.500000s , priority = 99.
[twist_mux-1] [INFO] [1791228316.585836169] [twist_mux]: Topic handler 'topics.keyboard' subscribed to topic 'key_vel': timeout = 0.500000s , priority = 90.
[twist_mux-1] [INFO] [1791228316.588585497] [twist_mux]: Topic handler 'topics.navigation' subscribed to topic 'cmd_vel': timeout = 0.500000s , priority = 80.
[robot_state_publisher-2] [WARN] [1791228316.597330913] [kdl_parser]: The root link base_link has an inertia specified in the URDF, but KDL does not support a root link with an inertia.  As a workaround, you can add an extra dummy link to your URDF.
[robot_state_publisher-2] [INFO] [1791228316.598474381] [robot_state_publisher]: got segment base_link
[robot_state_publisher-2] [INFO] [1791228316.598551244] [robot_state_publisher]: got segment bump_front_center
[robot_state_publisher-2] [INFO] [1791228316.598566891] [robot_state_publisher]: got segment bump_front_left
[robot_state_publisher-2] [INFO] [1791228316.598576331] [robot_state_publisher]: got segment bump_front_right
[robot_state_publisher-2] [INFO] [1791228316.598584651] [robot_state_publisher]: got segment bump_left
[robot_state_publisher-2] [INFO] [1791228316.598592363] [robot_state_publisher]: got segment bump_right
[robot_state_publisher-2] [INFO] [1791228316.598599851] [robot_state_publisher]: got segment bumper
[robot_state_publisher-2] [INFO] [1791228316.598607115] [robot_state_publisher]: got segment button_1
[robot_state_publisher-2] [INFO] [1791228316.598614570] [robot_state_publisher]: got segment button_2
[robot_state_publisher-2] [INFO] [1791228316.598621770] [robot_state_publisher]: got segment button_power
[robot_state_publisher-2] [INFO] [1791228316.598629354] [robot_state_publisher]: got segment cliff_front_left
[robot_state_publisher-2] [INFO] [1791228316.598636650] [robot_state_publisher]: got segment cliff_front_right
[robot_state_publisher-2] [INFO] [1791228316.598644010] [robot_state_publisher]: got segment cliff_side_left
[robot_state_publisher-2] [INFO] [1791228316.598651242] [robot_state_publisher]: got segment cliff_side_right
[robot_state_publisher-2] [INFO] [1791228316.598658602] [robot_state_publisher]: got segment front_caster_link
[robot_state_publisher-2] [INFO] [1791228316.598678921] [robot_state_publisher]: got segment imu_link
[robot_state_publisher-2] [INFO] [1791228316.598687209] [robot_state_publisher]: got segment ir_intensity_front_center_left
[robot_state_publisher-2] [INFO] [1791228316.598694953] [robot_state_publisher]: got segment ir_intensity_front_center_right
[robot_state_publisher-2] [INFO] [1791228316.598702409] [robot_state_publisher]: got segment ir_intensity_front_left
[robot_state_publisher-2] [INFO] [1791228316.598709929] [robot_state_publisher]: got segment ir_intensity_front_right
[robot_state_publisher-2] [INFO] [1791228316.598717289] [robot_state_publisher]: got segment ir_intensity_left
[robot_state_publisher-2] [INFO] [1791228316.598724937] [robot_state_publisher]: got segment ir_intensity_right
[robot_state_publisher-2] [INFO] [1791228316.598732232] [robot_state_publisher]: got segment ir_intensity_side_left
[robot_state_publisher-2] [INFO] [1791228316.598739720] [robot_state_publisher]: got segment ir_omni
[robot_state_publisher-2] [INFO] [1791228316.598747496] [robot_state_publisher]: got segment left_wheel
[robot_state_publisher-2] [INFO] [1791228316.598754888] [robot_state_publisher]: got segment mouse
[robot_state_publisher-2] [INFO] [1791228316.598762184] [robot_state_publisher]: got segment oakd_camera_bracket
[robot_state_publisher-2] [INFO] [1791228316.598769704] [robot_state_publisher]: got segment oakd_imu_frame
[robot_state_publisher-2] [INFO] [1791228316.598777192] [robot_state_publisher]: got segment oakd_left_camera_frame
[robot_state_publisher-2] [INFO] [1791228316.598784551] [robot_state_publisher]: got segment oakd_left_camera_optical_frame
[robot_state_publisher-2] [INFO] [1791228316.598791911] [robot_state_publisher]: got segment oakd_link
[robot_state_publisher-2] [INFO] [1791228316.598799271] [robot_state_publisher]: got segment oakd_rgb_camera_frame
[robot_state_publisher-2] [INFO] [1791228316.598806791] [robot_state_publisher]: got segment oakd_rgb_camera_optical_frame
[robot_state_publisher-2] [INFO] [1791228316.598815143] [robot_state_publisher]: got segment oakd_right_camera_frame
[robot_state_publisher-2] [INFO] [1791228316.598822599] [robot_state_publisher]: got segment oakd_right_camera_optical_frame
[robot_state_publisher-2] [INFO] [1791228316.598839527] [robot_state_publisher]: got segment right_wheel
[robot_state_publisher-2] [INFO] [1791228316.598847078] [robot_state_publisher]: got segment rplidar_link
[robot_state_publisher-2] [INFO] [1791228316.598854342] [robot_state_publisher]: got segment wheel_drop_left
[robot_state_publisher-2] [INFO] [1791228316.598861574] [robot_state_publisher]: got segment wheel_drop_right
[sensor_bridge-4] [WARN] [1791228317.001283288] [isaac_sensor_bridge]: Isaac Sim Python API not available. Sensor bridge running in offline mode.
[rviz2-5] [INFO] [1791228317.563175141] [rviz2]: Stereo is NOT SUPPORTED
[rviz2-5] [INFO] [1791228317.563316706] [rviz2]: OpenGl version: 4.5 (GLSL 4.5)
[isaac_spawner-3] [INFO] [1791228318.038254013] [isaac_spawner]: URDF written to /workspace/molar/robot_lab_runtime/tmp/tmp67syg81n.urdf
[isaac_spawner-3] [WARN] [1791228318.046641770] [isaac_spawner]: Robot has no 'laser_link' link; /scan originates 0.12 m above the base, as in the PyBullet and MuJoCo bridges.
[isaac_spawner-3] [INFO] [1791228318.057922821] [isaac_spawner]: World 'nav_empty.world': 9 static shape(s) for Isaac, 0 skipped
[isaac_spawner-3] [INFO] [1791228318.060113727] [isaac_spawner]: Launching Isaac runtime: /workspace/molar/installs/IsaacSim-6.0.1/_build/linux-aarch64/release/python.sh /workspace/molar/ros_ws/bumperbot_ws/install/robot_lab_isaac/lib/python3.10/site-packages/robot_lab_isaac/isaac_runtime.py (gui=False)
[isaac_spawner-3] [INFO] [1791228318.061071694] [isaac_spawner]: Isaac runtime LD_PRELOAD: /workspace/molar/installs/IsaacSim-6.0.1/_build/linux-aarch64/release/extsDeprecated/omni.isaac.ml_archive/pip_prebundle/nvidia/nvjitlink/lib/libnvJitLink.so.12 /lib/aarch64-linux-gnu/libgomp.so.1
[rviz2-5] [INFO] [1791228318.176673578] [rviz2]: Stereo is NOT SUPPORTED
[isaac_spawner-3] [INFO] [1791228336.683766634] [isaac_spawner]: Isaac runtime: World shapes created: 9 box
[isaac_spawner-3] [INFO] [1791228336.857142127] [isaac_spawner]: Isaac runtime: Default lighting added: ['/World/robot_lab_lights/dome', '/World/robot_lab_lights/sun']
[isaac_spawner-3] [INFO] [1791228339.452341033] [isaac_spawner]: Isaac runtime: Wheel velocity drives: ['/World/Physics/left_wheel_joint', '/World/Physics/right_wheel_joint']
[isaac_spawner-3] [INFO] [1791228340.627859454] [isaac_spawner]: Isaac runtime: Initial articulation pose (array([-0.5, -0.5,  0.1], dtype=float32), array([1., 0., 0., 0.], dtype=float32)); root body base_link; URDF offset [[0.0, 0.0, 0.0], [1.0, 0.0, 0.0, 0.0]]
[isaac_spawner-3] [INFO] [1791228340.629940921] [isaac_spawner]: Isaac runtime ready (dofs=['wheel_drop_left_joint', 'wheel_drop_right_joint', 'left_wheel_joint', 'right_wheel_joint'])
[isaac_spawner-3] [INFO] [1791228340.630426224] [isaac_spawner]: Isaac runtime: Scan: 360 rays every 12 steps from offset [0.0, 0.0, 0.12] of 'base_link' (root body 'base_link'); 31 robot bodies ignored
[isaac_spawner-3] [INFO] [1791228340.765591219] [isaac_spawner]: Isaac runtime: RGB-D camera /World/Geometry/base_link/oakd_camera_bracket/oakd_link/oakd_rgb_camera_frame/robot_lab_rgbd: 320x240 every 12 steps
[WARNING] [launch]: user interrupted with ctrl-c (SIGINT)
[INFO] [rviz2-5]: sending signal 'SIGINT' to process[rviz2-5]
[INFO] [sensor_bridge-4]: sending signal 'SIGINT' to process[sensor_bridge-4]
[INFO] [isaac_spawner-3]: sending signal 'SIGINT' to process[isaac_spawner-3]
[INFO] [robot_state_publisher-2]: sending signal 'SIGINT' to process[robot_state_publisher-2]
[INFO] [twist_mux-1]: sending signal 'SIGINT' to process[twist_mux-1]
[rviz2-5] [INFO] [1791228528.392835666] [rclcpp]: signal_handler(SIGINT/SIGTERM)
[robot_state_publisher-2] [INFO] [1791228528.392856721] [rclcpp]: signal_handler(SIGINT/SIGTERM)
[twist_mux-1] [INFO] [1791228528.393331720] [rclcpp]: signal_handler(SIGINT/SIGTERM)
[rviz2-5] [INFO] [1791228528.403071337] [rclcpp]: signal_handler(SIGINT/SIGTERM)
[isaac_spawner-3] Traceback (most recent call last):
[isaac_spawner-3]   File "/workspace/molar/ros_ws/bumperbot_ws/install/robot_lab_isaac/lib/robot_lab_isaac/isaac_spawner", line 33, in <module>
[isaac_spawner-3]     sys.exit(load_entry_point('robot_lab_isaac==0.1.0', 'console_scripts', 'isaac_spawner')())
[isaac_spawner-3]   File "/workspace/molar/ros_ws/bumperbot_ws/install/robot_lab_isaac/lib/python3.10/site-packages/robot_lab_isaac/isaac_spawner.py", line 990, in main
[isaac_spawner-3]     node.shutdown()
[isaac_spawner-3]   File "/workspace/molar/ros_ws/bumperbot_ws/install/robot_lab_isaac/lib/python3.10/site-packages/robot_lab_isaac/isaac_spawner.py", line 957, in shutdown
[isaac_spawner-3]     outcome = _terminate_runtime(proc)
[isaac_spawner-3]   File "/workspace/molar/ros_ws/bumperbot_ws/install/robot_lab_isaac/lib/python3.10/site-packages/robot_lab_isaac/isaac_spawner.py", line 190, in _terminate_runtime
[isaac_spawner-3]     if wait_for_group(graceful_timeout):
[isaac_spawner-3]   File "/workspace/molar/ros_ws/bumperbot_ws/install/robot_lab_isaac/lib/python3.10/site-packages/robot_lab_isaac/isaac_spawner.py", line 183, in wait_for_group
[isaac_spawner-3]     time.sleep(0.05)
[isaac_spawner-3] KeyboardInterrupt
[robot_state_publisher-2] [INFO] [1791228528.415006208] [rclcpp]: signal_handler(SIGINT/SIGTERM)
[ERROR] [twist_mux-1]: process has died [pid 295083, exit code -2, cmd '/opt/ros/humble/lib/twist_mux/twist_mux --ros-args --params-file /workspace/molar/ros_ws/bumperbot_ws/install/robot_lab_controller/share/robot_lab_controller/config/twist_mux_topics.yaml --params-file /workspace/molar/robot_lab_runtime/tmp/launch_params_uo7o9jw8 -r cmd_vel_out:=/robot_lab_controller/cmd_vel_unstamped'].
[ERROR] [isaac_spawner-3]: process has died [pid 295087, exit code -2, cmd '/workspace/molar/ros_ws/bumperbot_ws/install/robot_lab_isaac/lib/robot_lab_isaac/isaac_spawner --ros-args -r __node:=isaac_spawner --params-file /workspace/molar/robot_lab_runtime/tmp/launch_params_a2dpvu2i'].
[sensor_bridge-4] Traceback (most recent call last):
[sensor_bridge-4]   File "/workspace/molar/ros_ws/bumperbot_ws/install/robot_lab_isaac/lib/robot_lab_isaac/sensor_bridge", line 33, in <module>
[INFO] [robot_state_publisher-2]: process has finished cleanly [pid 295085]
[sensor_bridge-4]     sys.exit(load_entry_point('robot_lab_isaac==0.1.0', 'console_scripts', 'sensor_bridge')())
[sensor_bridge-4]   File "/workspace/molar/ros_ws/bumperbot_ws/install/robot_lab_isaac/lib/python3.10/site-packages/robot_lab_isaac/sensor_bridge.py", line 39, in main
[sensor_bridge-4]     node.destroy_node()
[sensor_bridge-4]   File "/opt/ros/humble/local/lib/python3.10/dist-packages/rclpy/node.py", line 1696, in destroy_node
[sensor_bridge-4]     self.__node.destroy_when_not_in_use()
[sensor_bridge-4] KeyboardInterrupt
[ERROR] [sensor_bridge-4]: process has died [pid 295089, exit code -2, cmd '/workspace/molar/ros_ws/bumperbot_ws/install/robot_lab_isaac/lib/robot_lab_isaac/sensor_bridge --ros-args -r __node:=isaac_sensor_bridge --params-file /workspace/molar/robot_lab_runtime/tmp/launch_params_12p1gfao'].
[INFO] [rviz2-5]: process has finished cleanly [pid 295091]

[launch exited with code 0]

