[INFO] [launch]: All log files can be found below /home/molar1/.ros/log/2026-09-28-11-29-31-272755-molar1-111504
[INFO] [launch]: Default logging verbosity is set to INFO
[robot_lab] algorithm localization=amcl -> global_localization stack
[robot_lab] algorithm state_estimation=ekf_localization_node -> local_localization stack
[robot_lab] algorithm sensor_fusion=wheel_imu_fusion -> node robot_lab_algorithms/wheel_imu_fusion
[INFO] [go2-stance-gait-controller-1]: process started with pid [111554]
[INFO] [robot_state_publisher-2]: process started with pid [111556]
[INFO] [mujoco_spawner-3]: process started with pid [111558]
[INFO] [joy_teleop-4]: process started with pid [111560]
[INFO] [joy_node-5]: process started with pid [111562]
[INFO] [twist_mux-6]: process started with pid [111564]
[INFO] [twist_marker-7]: process started with pid [111566]
[INFO] [joystick_relay.py-8]: process started with pid [111568]
[INFO] [twist_relay-9]: process started with pid [111570]
[INFO] [simulator_ready_gate-10]: process started with pid [111572]
[twist_mux-6] [INFO] [1790587772.209525570] [twist_mux]: Topic handler 'topics.joystick' subscribed to topic 'joy_vel': timeout = 0.500000s , priority = 99.
[twist_mux-6] [INFO] [1790587772.211776566] [twist_mux]: Topic handler 'topics.keyboard' subscribed to topic 'key_vel': timeout = 0.500000s , priority = 90.
[twist_mux-6] [INFO] [1790587772.213170501] [twist_mux]: Topic handler 'topics.navigation' subscribed to topic 'cmd_vel': timeout = 0.500000s , priority = 80.
[twist_mux-6] [INFO] [1790587772.214329314] [twist_mux]: Topic handler 'locks.safety_stop' subscribed to topic 'safety_stop': timeout = None , priority = 255.
[robot_state_publisher-2] [INFO] [1790587772.228242394] [robot_state_publisher]: got segment FL_calf
[robot_state_publisher-2] [INFO] [1790587772.229457019] [robot_state_publisher]: got segment FL_calf_rotor
[robot_state_publisher-2] [INFO] [1790587772.230064204] [robot_state_publisher]: got segment FL_foot
[robot_state_publisher-2] [INFO] [1790587772.230689406] [robot_state_publisher]: got segment FL_hip
[robot_state_publisher-2] [INFO] [1790587772.231267084] [robot_state_publisher]: got segment FL_hip_rotor
[robot_state_publisher-2] [INFO] [1790587772.231832441] [robot_state_publisher]: got segment FL_thigh
[robot_state_publisher-2] [INFO] [1790587772.232393702] [robot_state_publisher]: got segment FL_thigh_rotor
[robot_state_publisher-2] [INFO] [1790587772.232931409] [robot_state_publisher]: got segment FR_calf
[robot_state_publisher-2] [INFO] [1790587772.233455963] [robot_state_publisher]: got segment FR_calf_rotor
[robot_state_publisher-2] [INFO] [1790587772.233984069] [robot_state_publisher]: got segment FR_foot
[robot_state_publisher-2] [INFO] [1790587772.234903215] [robot_state_publisher]: got segment FR_hip
[robot_state_publisher-2] [INFO] [1790587772.235420376] [robot_state_publisher]: got segment FR_hip_rotor
[robot_state_publisher-2] [INFO] [1790587772.235935233] [robot_state_publisher]: got segment FR_thigh
[robot_state_publisher-2] [INFO] [1790587772.236483885] [robot_state_publisher]: got segment FR_thigh_rotor
[robot_state_publisher-2] [INFO] [1790587772.237059419] [robot_state_publisher]: got segment RL_calf
[robot_state_publisher-2] [INFO] [1790587772.237601127] [robot_state_publisher]: got segment RL_calf_rotor
[robot_state_publisher-2] [INFO] [1790587772.237623080] [robot_state_publisher]: got segment RL_foot
[robot_state_publisher-2] [INFO] [1790587772.237634281] [robot_state_publisher]: got segment RL_hip
[robot_state_publisher-2] [INFO] [1790587772.237643146] [robot_state_publisher]: got segment RL_hip_rotor
[robot_state_publisher-2] [INFO] [1790587772.237651531] [robot_state_publisher]: got segment RL_thigh
[robot_state_publisher-2] [INFO] [1790587772.237660139] [robot_state_publisher]: got segment RL_thigh_rotor
[robot_state_publisher-2] [INFO] [1790587772.237667884] [robot_state_publisher]: got segment RR_calf
[robot_state_publisher-2] [INFO] [1790587772.237675629] [robot_state_publisher]: got segment RR_calf_rotor
[robot_state_publisher-2] [INFO] [1790587772.237684141] [robot_state_publisher]: got segment RR_foot
[robot_state_publisher-2] [INFO] [1790587772.237691918] [robot_state_publisher]: got segment RR_hip
[robot_state_publisher-2] [INFO] [1790587772.237699950] [robot_state_publisher]: got segment RR_hip_rotor
[robot_state_publisher-2] [INFO] [1790587772.237707151] [robot_state_publisher]: got segment RR_thigh
[robot_state_publisher-2] [INFO] [1790587772.237714416] [robot_state_publisher]: got segment RR_thigh_rotor
[robot_state_publisher-2] [INFO] [1790587772.237722160] [robot_state_publisher]: got segment base
[robot_state_publisher-2] [INFO] [1790587772.237729937] [robot_state_publisher]: got segment front_camera
[robot_state_publisher-2] [INFO] [1790587772.237737105] [robot_state_publisher]: got segment imu_link
[robot_state_publisher-2] [INFO] [1790587772.237745746] [robot_state_publisher]: got segment trunk
[go2-stance-gait-controller-1] [0;93m2026-09-28 11:29:32.857287308 [W:onnxruntime:Default, device_discovery.cc:164 DiscoverDevicesForPlatform] GPU device discovery failed: device_discovery.cc:89 ReadFileContents Failed to open file: "/sys/class/drm/card1/device/vendor"[m
[go2-stance-gait-controller-1] [INFO] [1790587772.955543260] [go2_stance_gait_controller]: Go2 closed-loop stance: 12 effort joints at 250.0 Hz; controller ONNX velocity policy
[mujoco_spawner-3] [INFO] [1790587774.230584312] [mujoco_spawner]: MuJoCo: 18 collision proxy geom(s) moved to group 3 (viewer Rendering tab to show them).
[mujoco_spawner-3] [INFO] [1790587774.279713313] [mujoco_spawner]: MuJoCo URDF import OK (all meshes staged).
[mujoco_spawner-3] [WARN] [1790587774.296158143] [mujoco_spawner]: MuJoCo effort plant: no MJCF beside /home/molar1/bumperbot_ws/install/robot_lab_robots/share/robot_lab_robots/unitree/go2_description/xacro/go2_sim.xacro names every effort joint; keeping the URDF <dynamics> (damping=5.0 is a Gazebo stabiliser the robot does not have).
[mujoco_spawner-3] [INFO] [1790587774.349044468] [mujoco_spawner]: MuJoCo physics timestep: 0.0010 s
[mujoco_spawner-3] [INFO] [1790587774.352089191] [mujoco_spawner]: Robot has no 'oakd_rgb_camera_frame' link; no RGB-D camera is published.
[mujoco_spawner-3] [INFO] [1790587774.353702919] [mujoco_spawner]: Joints: ['FR_hip_joint', 'FR_thigh_joint', 'FR_calf_joint', 'FL_hip_joint', 'FL_thigh_joint', 'FL_calf_joint', 'RR_hip_joint', 'RR_thigh_joint', 'RR_calf_joint', 'RL_hip_joint', 'RL_thigh_joint', 'RL_calf_joint']   lw= rw=
[mujoco_spawner-3] [INFO] [1790587774.356639601] [mujoco_spawner]: MuJoCo effort joint armature: 0.0100 kg m^2
[mujoco_spawner-3] [INFO] [1790587774.358621711] [mujoco_spawner]: Joint effort input: /go2_group_effort_controller/commands (12 joints, URDF limits)
[mujoco_spawner-3] [INFO] [1790587774.361191548] [mujoco_spawner]: Spawn ground clearance: raised root by 0.1438 m
[mujoco_spawner-3] [INFO] [1790587774.362739511] [mujoco_spawner]: MuJoCo model loaded: 14 bodies, 13 joints
[mujoco_spawner-3] [INFO] [1790587774.363774377] [mujoco_spawner]: MuJoCo gui param=False (resolved=False), DISPLAY=:1 -> mode=DIRECT
[mujoco_spawner-3] [INFO] [1790587774.364747159] [mujoco_spawner]: MuJoCo running headless (gui=False, viewer=True).
[mujoco_spawner-3] [INFO] [1790587774.369080432] [mujoco_spawner]: MuJoCo spawner running.
[go2-stance-gait-controller-1] [WARN] [1790587774.373302272] [go2_stance_gait_controller]: Go2 safety safe_stop: tilt 3.14 rad exceeds fall threshold
[go2-stance-gait-controller-1] [INFO] [1790587774.374447772] [go2_stance_gait_controller]: Go2 recovery idle
[go2-stance-gait-controller-1] [INFO] [1790587774.503245935] [go2_stance_gait_controller]: Go2 recovery attempting:tuck
[INFO] [simulator_ready_gate-10]: process has finished cleanly [pid 111572]
[INFO] [amcl-12]: process started with pid [111807]
[INFO] [map_server-11]: process started with pid [111805]
[INFO] [lifecycle_manager-13]: process started with pid [111809]
[INFO] [ekf_node-14]: process started with pid [111811]
[INFO] [imu_republisher.py-15]: process started with pid [111813]
[INFO] [wheel_imu_fusion-16]: process started with pid [111815]
[amcl-12] [0m[INFO] [1790587774.772373645] [amcl]: 
[amcl-12] 	amcl lifecycle node launched. 
[amcl-12] 	Waiting on external lifecycle transitions to activate
[amcl-12] 	See https://design.ros2.org/articles/node_lifecycle.html for more information.[0m
[amcl-12] [0m[INFO] [1790587774.774587934] [amcl]: Creating[0m
[lifecycle_manager-13] [INFO] [1790587774.780477907] [lifecycle_manager_localization]: Creating
[lifecycle_manager-13] [INFO] [1790587774.787310355] [lifecycle_manager_localization]: [34m[1mCreating and initializing lifecycle service clients[0m[0m
[lifecycle_manager-13] [INFO] [1790587774.828427198] [lifecycle_manager_localization]: [34m[1mStarting managed nodes bringup...[0m[0m
[lifecycle_manager-13] [INFO] [1790587774.828539015] [lifecycle_manager_localization]: [34m[1mConfiguring map_server[0m[0m
[map_server-11] [INFO] [1790587774.839042860] [map_server]: 
[map_server-11] 	map_server lifecycle node launched. 
[map_server-11] 	Waiting on external lifecycle transitions to activate
[map_server-11] 	See https://design.ros2.org/articles/node_lifecycle.html for more information.
[map_server-11] [INFO] [1790587774.839270814] [map_server]: Creating
[map_server-11] [INFO] [1790587774.842629162] [map_server]: Configuring
[map_server-11] [INFO] [1790587774.842756500] [map_io]: Loading yaml file: /home/molar1/bumperbot_ws/install/robot_lab_maps/share/robot_lab_maps/maps/nav_empty/maps/map.yaml
[map_server-11] [INFO] [1790587774.843169589] [map_io]: resolution: 0.05
[map_server-11] [INFO] [1790587774.843190134] [map_io]: origin[0]: -7
[map_server-11] [INFO] [1790587774.843196023] [map_io]: origin[1]: -7
[map_server-11] [INFO] [1790587774.843200375] [map_io]: origin[2]: 0
[map_server-11] [INFO] [1790587774.843205112] [map_io]: free_thresh: 0.196
[map_server-11] [INFO] [1790587774.843209816] [map_io]: occupied_thresh: 0.65
[map_server-11] [INFO] [1790587774.843215320] [map_io]: mode: trinary
[map_server-11] [INFO] [1790587774.843221721] [map_io]: negate: 0
[map_server-11] [INFO] [1790587774.843514864] [map_io]: Loading image_file: /home/molar1/bumperbot_ws/install/robot_lab_maps/share/robot_lab_maps/maps/nav_empty/maps/map.pgm
[map_server-11] [INFO] [1790587774.858183649] [map_io]: Read map /home/molar1/bumperbot_ws/install/robot_lab_maps/share/robot_lab_maps/maps/nav_empty/maps/map.pgm: 280 X 280 map @ 0.05 m/cell
[lifecycle_manager-13] [INFO] [1790587774.867439938] [lifecycle_manager_localization]: [34m[1mConfiguring amcl[0m[0m
[amcl-12] [0m[INFO] [1790587774.867861380] [amcl]: Configuring[0m
[amcl-12] [0m[INFO] [1790587774.868032305] [amcl]: initTransforms[0m
[amcl-12] [0m[INFO] [1790587774.880990777] [amcl]: initPubSub[0m
[amcl-12] [0m[INFO] [1790587774.889381206] [amcl]: Subscribed to map topic.[0m
[lifecycle_manager-13] [INFO] [1790587774.899586723] [lifecycle_manager_localization]: [34m[1mActivating map_server[0m[0m
[map_server-11] [INFO] [1790587774.899960577] [map_server]: Activating
[map_server-11] [INFO] [1790587774.900640279] [map_server]: Creating bond (map_server) to lifecycle manager.
[amcl-12] [0m[INFO] [1790587774.901178434] [amcl]: Received a 280 X 280 map @ 0.050 m/pix[0m
[lifecycle_manager-13] [INFO] [1790587775.007050258] [lifecycle_manager_localization]: Server map_server connected with bond.
[lifecycle_manager-13] [INFO] [1790587775.007144474] [lifecycle_manager_localization]: [34m[1mActivating amcl[0m[0m
[amcl-12] [0m[INFO] [1790587775.007454642] [amcl]: Activating[0m
[amcl-12] [0m[INFO] [1790587775.007572540] [amcl]: initialPoseReceived[0m
[amcl-12] [0m[INFO] [1790587775.007798990] [amcl]: Setting pose (0.432000): -0.500 -0.500 0.000[0m
[amcl-12] [0m[INFO] [1790587775.008389501] [amcl]: Creating bond (amcl) to lifecycle manager.[0m
[amcl-12] [0m[INFO] [1790587775.011013773] [amcl]: createLaserObject[0m
[lifecycle_manager-13] [INFO] [1790587775.113700946] [lifecycle_manager_localization]: Server amcl connected with bond.
[lifecycle_manager-13] [INFO] [1790587775.114447694] [lifecycle_manager_localization]: [34m[1mManaged nodes are active[0m[0m
[lifecycle_manager-13] [INFO] [1790587775.114486545] [lifecycle_manager_localization]: [34m[1mCreating bond timer...[0m[0m
[wheel_imu_fusion-16] [INFO] [1790587775.452207414] [sensor_fusion_wheel_imu_fusion]: wheel_imu_fusion ready
[go2-stance-gait-controller-1] [INFO] [1790587782.506328756] [go2_stance_gait_controller]: Go2 recovery unrecoverable:tuck
[amcl-12] [0m[INFO] [1790587798.289421594] [rclcpp]: signal_handler(SIGINT/SIGTERM)[0m
[amcl-12] [0m[INFO] [1790587798.289657356] [amcl]: Running Nav2 LifecycleNode rcl preshutdown (amcl)[0m
[amcl-12] [0m[INFO] [1790587798.289824601] [amcl]: Deactivating[0m
[amcl-12] [0m[INFO] [1790587798.290698715] [amcl]: Destroying bond (amcl) to lifecycle manager.[0m
[map_server-11] [INFO] [1790587798.289448028] [rclcpp]: signal_handler(SIGINT/SIGTERM)
[map_server-11] [INFO] [1790587798.289682638] [map_server]: Running Nav2 LifecycleNode rcl preshutdown (map_server)
[map_server-11] [INFO] [1790587798.289798487] [map_server]: Deactivating
[map_server-11] [INFO] [1790587798.289825593] [map_server]: Destroying bond (map_server) to lifecycle manager.
[twist_relay-9] [INFO] [1790587798.289461629] [rclcpp]: signal_handler(SIGINT/SIGTERM)
[joy_node-5] [INFO] [1790587798.289447580] [rclcpp]: signal_handler(SIGINT/SIGTERM)
[ekf_node-14] [INFO] [1790587798.289462653] [rclcpp]: signal_handler(SIGINT/SIGTERM)
[twist_marker-7] [INFO] [1790587798.289477758] [rclcpp]: signal_handler(SIGINT/SIGTERM)
[lifecycle_manager-13] [INFO] [1790587798.289733810] [rclcpp]: signal_handler(SIGINT/SIGTERM)
[lifecycle_manager-13] [INFO] [1790587798.289845338] [lifecycle_manager_localization]: Running Nav2 LifecycleManager rcl preshutdown (lifecycle_manager_localization)
[lifecycle_manager-13] [INFO] [1790587798.289919008] [lifecycle_manager_localization]: [34m[1mTerminating bond timer...[0m[0m
[twist_mux-6] [INFO] [1790587798.290027720] [rclcpp]: signal_handler(SIGINT/SIGTERM)
[robot_state_publisher-2] [INFO] [1790587798.290472106] [rclcpp]: signal_handler(SIGINT/SIGTERM)
[amcl-12] [0m[INFO] [1790587798.301221502] [amcl]: Cleaning up[0m
[map_server-11] [INFO] [1790587798.302069758] [map_server]: Cleaning up
[map_server-11] [INFO] [1790587798.302196040] [map_server]: Destroying bond (map_server) to lifecycle manager.
[amcl-12] [0m[INFO] [1790587798.315606823] [amcl]: Destroying bond (amcl) to lifecycle manager.[0m
[map_server-11] [INFO] [1790587798.318382395] [map_server]: Destroying
[lifecycle_manager-13] [INFO] [1790587798.336021724] [lifecycle_manager_localization]: Destroying lifecycle_manager_localization
[amcl-12] [0m[INFO] [1790587798.339256243] [amcl]: Destroying[0m
[joy_teleop-4] Traceback (most recent call last):
[joy_teleop-4]   File "/opt/ros/humble/lib/joy_teleop/joy_teleop", line 33, in <module>
[joy_teleop-4]     sys.exit(load_entry_point('joy-teleop==1.6.0', 'console_scripts', 'joy_teleop')())
[joy_teleop-4]   File "/opt/ros/humble/lib/python3.10/site-packages/joy_teleop/joy_teleop.py", line 435, in main
[joy_teleop-4]     rclpy.spin(node)
[joy_teleop-4]   File "/opt/ros/humble/local/lib/python3.10/dist-packages/rclpy/__init__.py", line 229, in spin
[joy_teleop-4]     executor.spin_once()
[joy_teleop-4]   File "/opt/ros/humble/local/lib/python3.10/dist-packages/rclpy/executors.py", line 812, in spin_once
[joy_teleop-4]     self._spin_once_impl(timeout_sec)
[joy_teleop-4]   File "/opt/ros/humble/local/lib/python3.10/dist-packages/rclpy/executors.py", line 801, in _spin_once_impl
[joy_teleop-4]     handler, entity, node = self.wait_for_ready_callbacks(timeout_sec=timeout_sec)
[joy_teleop-4]   File "/opt/ros/humble/local/lib/python3.10/dist-packages/rclpy/executors.py", line 784, in wait_for_ready_callbacks
[joy_teleop-4]     return next(self._cb_iter)
[joy_teleop-4]   File "/opt/ros/humble/local/lib/python3.10/dist-packages/rclpy/executors.py", line 685, in _wait_for_ready_callbacks
[joy_teleop-4]     raise ExternalShutdownException()
[joy_teleop-4] rclpy.executors.ExternalShutdownException
[INFO] [twist_relay-9]: process has finished cleanly [pid 111570]
[INFO] [twist_mux-6]: process has finished cleanly [pid 111564]
[INFO] [robot_state_publisher-2]: process has finished cleanly [pid 111556]
[INFO] [twist_marker-7]: process has finished cleanly [pid 111566]
[INFO] [joy_node-5]: process has finished cleanly [pid 111562]
[INFO] [ekf_node-14]: process has finished cleanly [pid 111811]
[INFO] [lifecycle_manager-13]: process has finished cleanly [pid 111809]
[INFO] [amcl-12]: process has finished cleanly [pid 111807]
[INFO] [map_server-11]: process has finished cleanly [pid 111805]
[imu_republisher.py-15] Traceback (most recent call last):
[imu_republisher.py-15]   File "/home/molar1/bumperbot_ws/install/robot_lab_localization/lib/robot_lab_localization/imu_republisher.py", line 54, in <module>
[imu_republisher.py-15]     main()
[imu_republisher.py-15]   File "/home/molar1/bumperbot_ws/install/robot_lab_localization/lib/robot_lab_localization/imu_republisher.py", line 45, in main
[imu_republisher.py-15]     rclpy.spin(node)
[imu_republisher.py-15]   File "/opt/ros/humble/local/lib/python3.10/dist-packages/rclpy/__init__.py", line 229, in spin
[imu_republisher.py-15]     executor.spin_once()
[imu_republisher.py-15]   File "/opt/ros/humble/local/lib/python3.10/dist-packages/rclpy/executors.py", line 812, in spin_once
[imu_republisher.py-15]     self._spin_once_impl(timeout_sec)
[imu_republisher.py-15]   File "/opt/ros/humble/local/lib/python3.10/dist-packages/rclpy/executors.py", line 801, in _spin_once_impl
[imu_republisher.py-15]     handler, entity, node = self.wait_for_ready_callbacks(timeout_sec=timeout_sec)
[imu_republisher.py-15]   File "/opt/ros/humble/local/lib/python3.10/dist-packages/rclpy/executors.py", line 784, in wait_for_ready_callbacks
[imu_republisher.py-15]     return next(self._cb_iter)
[imu_republisher.py-15]   File "/opt/ros/humble/local/lib/python3.10/dist-packages/rclpy/executors.py", line 685, in _wait_for_ready_callbacks
[imu_republisher.py-15]     raise ExternalShutdownException()
[imu_republisher.py-15] rclpy.executors.ExternalShutdownException
[INFO] [wheel_imu_fusion-16]: process has finished cleanly [pid 111815]
[INFO] [go2-stance-gait-controller-1]: process has finished cleanly [pid 111554]
[INFO] [joystick_relay.py-8]: process has finished cleanly [pid 111568]
[INFO] [mujoco_spawner-3]: process has finished cleanly [pid 111558]
[ERROR] [joy_teleop-4]: process has died [pid 111560, exit code 1, cmd '/opt/ros/humble/lib/joy_teleop/joy_teleop --ros-args --params-file /home/molar1/bumperbot_ws/install/robot_lab_controller/share/robot_lab_controller/config/joy_teleop.yaml --params-file /workspace/molar/.tmp/launch_params_kct_nsa_'].
[ERROR] [imu_republisher.py-15]: process has died [pid 111813, exit code 1, cmd '/home/molar1/bumperbot_ws/install/robot_lab_localization/lib/robot_lab_localization/imu_republisher.py --ros-args --params-file /workspace/molar/.tmp/launch_params_q9hvcoyy'].
