=== Module compilation check ===
All modules compile.

=== Fast unit tests (fast tier) ===
=== Tier: fast (36 test files) ===
........................................................................ [  9%]
........................................................................ [ 18%]
.......................................................s................ [ 28%]
..................................s..................................... [ 37%]
........................................................................ [ 47%]
........................................................................ [ 56%]
........................................................................ [ 66%]
........................................................................ [ 75%]
........................................................................ [ 85%]
........................................................................ [ 94%]
......................................                                   [100%]
756 passed, 2 skipped in 79.71s (0:01:19)
=== Tier: fast PASS ===

=== Registry validation ===
Registry cross-reference validation: PASS

=== Fast PR test suite: PASS ===
