=== Module compilation check ===
All modules compile.

=== Fast unit tests (fast tier) ===
=== Tier: fast (39 test files) ===
........................................................................ [  9%]
........................................................................ [ 18%]
..............................................................s......... [ 27%]
.........................................s.............................. [ 37%]
........................................................................ [ 46%]
........................................................................ [ 55%]
........................................................................ [ 65%]
........................................................................ [ 74%]
........................................................................ [ 83%]
........................................................................ [ 93%]
......................................................                   [100%]
772 passed, 2 skipped, 1 deselected in 145.17s (0:02:25)
=== Tier: fast PASS ===

=== Registry validation ===
Registry cross-reference validation: PASS

=== Fast PR test suite: PASS ===
