$ ros2 launch robot_lab_bringup simulated_robot.launch.py robot_model:=menagerie_franka_emika_panda simulator:=mujoco use_sim_time:=true map_name:=dataset_room2 world_package:=robot_lab_maps world_name:=dataset_room2 world_path:=/workspace/molar/robot_lab_runtime/external_assets/worlds/dataset_room2/9d26e1f41cd7979bbee66ed852e7ef316e22b19f/worlds/dataset_room2.world map_yaml:=/workspace/molar/robot_lab_runtime/external_assets/worlds/dataset_room2/9d26e1f41cd7979bbee66ed852e7ef316e22b19f/maps/dataset_room2-20261005-162352-16ffde/dataset_room2.yaml mode:=display gui:=true perception:=none
[INFO] [launch]: All log files can be found below /workspace/molar/robot_lab_runtime/ros/log/2026-10-05-17-00-57-484320-molar1-262513
[INFO] [launch]: Default logging verbosity is set to INFO
[INFO] [native_asset_display-1]: process started with pid [262518]
[INFO] [rviz2-2]: process started with pid [262520]
[rviz2-2] [INFO] [1791212459.102546756] [rviz2]: Stereo is NOT SUPPORTED
[rviz2-2] [INFO] [1791212459.102721438] [rviz2]: OpenGl version: 4.5 (GLSL 4.5)
[native_asset_display-1] [INFO] [1791212459.418393714] [native_asset_display]: Installed native MJCF: /workspace/molar/robot_lab_runtime/external_assets/sources/mujoco_menagerie/4d038b3feae26ec82b46a4d586379114012a8ac7/franka_emika_panda/panda.xml; 12 robot bodies / 9 joints; passive authored-pose display
[native_asset_display-1] Traceback (most recent call last):
[native_asset_display-1]   File "/workspace/molar/ros_ws/bumperbot_ws/install/robot_lab_mujoco/lib/robot_lab_mujoco/native_asset_display", line 33, in <module>
[native_asset_display-1]     sys.exit(load_entry_point('robot_lab_mujoco==0.1.0', 'console_scripts', 'native_asset_display')())
[native_asset_display-1]   File "/workspace/molar/ros_ws/bumperbot_ws/install/robot_lab_mujoco/lib/python3.10/site-packages/robot_lab_mujoco/native_asset_display.py", line 182, in main
[native_asset_display-1]     node.run_viewer()
[native_asset_display-1]   File "/workspace/molar/ros_ws/bumperbot_ws/install/robot_lab_mujoco/lib/python3.10/site-packages/robot_lab_mujoco/native_asset_display.py", line 136, in run_viewer
[native_asset_display-1]     renderer = mj.Renderer(self.model, width=800, height=600)
[native_asset_display-1]   File "/home/molar1/.local/lib/python3.10/site-packages/mujoco/rendering/classic/renderer.py", line 60, in __init__
[native_asset_display-1]     raise ValueError(f"""
[native_asset_display-1] ValueError: Image width 800 > framebuffer width 640. Either reduce the image
[native_asset_display-1] width or specify a larger offscreen framebuffer in the model XML using the
[native_asset_display-1] clause:
[native_asset_display-1] <visual>
[native_asset_display-1]   <global offwidth="my_width"/>
[native_asset_display-1] </visual>
[rviz2-2] [INFO] [1791212459.735465812] [rviz2]: Stereo is NOT SUPPORTED
[ERROR] [native_asset_display-1]: process has died [pid 262518, exit code 1, cmd '/workspace/molar/ros_ws/bumperbot_ws/install/robot_lab_mujoco/lib/robot_lab_mujoco/native_asset_display --ros-args --params-file /workspace/molar/robot_lab_runtime/tmp/launch_params_iaz4m8ct'].
[WARNING] [launch]: user interrupted with ctrl-c (SIGINT)
[INFO] [rviz2-2]: sending signal 'SIGINT' to process[rviz2-2]
[rviz2-2] [INFO] [1791212491.968462470] [rclcpp]: signal_handler(SIGINT/SIGTERM)
[rviz2-2] [INFO] [1791212491.970810644] [rclcpp]: signal_handler(SIGINT/SIGTERM)
[INFO] [rviz2-2]: process has finished cleanly [pid 262520]

