$ ros2 launch robot_lab_bringup simulated_robot.launch.py robot_model:=asset_franka_panda_panda simulator:=mujoco use_sim_time:=true map_name:=dataset_room2 world_package:=robot_lab_maps world_name:=dataset_room2 world_path:=/workspace/molar/robot_lab_runtime/external_assets/worlds/dataset_room2/9d26e1f41cd7979bbee66ed852e7ef316e22b19f/worlds/dataset_room2.world map_yaml:=/workspace/molar/robot_lab_runtime/external_assets/worlds/dataset_room2/9d26e1f41cd7979bbee66ed852e7ef316e22b19f/maps/dataset_room2-20261005-170754-da927c/dataset_room2.yaml mode:=display gui:=true perception:=none
[INFO] [launch]: All log files can be found below /workspace/molar/robot_lab_runtime/ros/log/2026-10-05-17-16-22-396855-molar1-268955
[INFO] [launch]: Default logging verbosity is set to INFO
[INFO] [robot_state_publisher-1]: process started with pid [268987]
[INFO] [mujoco_spawner-2]: process started with pid [268989]
[INFO] [rviz2-3]: process started with pid [268991]
[robot_state_publisher-1] [INFO] [1791213383.310336082] [robot_state_publisher]: got segment end_effector_frame
[robot_state_publisher-1] [INFO] [1791213383.310479895] [robot_state_publisher]: got segment panda_hand
[robot_state_publisher-1] [INFO] [1791213383.310497783] [robot_state_publisher]: got segment panda_leftfinger
[robot_state_publisher-1] [INFO] [1791213383.310508248] [robot_state_publisher]: got segment panda_link0
[robot_state_publisher-1] [INFO] [1791213383.310516344] [robot_state_publisher]: got segment panda_link1
[robot_state_publisher-1] [INFO] [1791213383.310524024] [robot_state_publisher]: got segment panda_link2
[robot_state_publisher-1] [INFO] [1791213383.310531545] [robot_state_publisher]: got segment panda_link3
[robot_state_publisher-1] [INFO] [1791213383.310539033] [robot_state_publisher]: got segment panda_link4
[robot_state_publisher-1] [INFO] [1791213383.310546905] [robot_state_publisher]: got segment panda_link5
[robot_state_publisher-1] [INFO] [1791213383.310554489] [robot_state_publisher]: got segment panda_link6
[robot_state_publisher-1] [INFO] [1791213383.310562170] [robot_state_publisher]: got segment panda_link7
[robot_state_publisher-1] [INFO] [1791213383.310569466] [robot_state_publisher]: got segment panda_link8
[robot_state_publisher-1] [INFO] [1791213383.310576794] [robot_state_publisher]: got segment panda_rightfinger
[robot_state_publisher-1] [INFO] [1791213383.310584282] [robot_state_publisher]: got segment world
[rviz2-3] [INFO] [1791213384.214378686] [rviz2]: Stereo is NOT SUPPORTED
[rviz2-3] [INFO] [1791213384.214515906] [rviz2]: OpenGl version: 4.5 (GLSL 4.5)
[rviz2-3] [INFO] [1791213384.833629592] [rviz2]: Stereo is NOT SUPPORTED
[mujoco_spawner-2] [INFO] [1791213385.033857516] [mujoco_spawner]: MuJoCo: 11 collision proxy geom(s) moved to group 3 (viewer Rendering tab to show them).
[mujoco_spawner-2] [WARN] [1791213385.079210541] [mujoco_spawner]: MuJoCo: excluded 2 self-contact pair(s) that interpenetrate at the rest pose: panda_leftfinger/panda_rightfinger, panda_link5/panda_link7
[mujoco_spawner-2] [INFO] [1791213385.081799429] [mujoco_spawner]: MuJoCo URDF import OK (all meshes staged).
[mujoco_spawner-2] [INFO] [1791213385.131727906] [mujoco_spawner]: Robot has no 'oakd_rgb_camera_frame' link; no RGB-D camera is published.
[mujoco_spawner-2] [INFO] [1791213385.133020941] [mujoco_spawner]: Joints: ['panda_joint1', 'panda_joint2', 'panda_joint3', 'panda_joint4', 'panda_joint5', 'panda_joint6', 'panda_joint7', 'panda_finger_joint1', 'panda_finger_joint2']   lw= rw=
[mujoco_spawner-2] [INFO] [1791213385.136147863] [mujoco_spawner]: Display hold active (hold_position=auto): 9 joint(s) held at their spawn pose by spring-dampers
[mujoco_spawner-2] [INFO] [1791213385.136961011] [mujoco_spawner]: MuJoCo model loaded: 11 bodies, 10 joints
[mujoco_spawner-2] [INFO] [1791213385.137765870] [mujoco_spawner]: MuJoCo gui param=True (resolved=True), DISPLAY=:100 -> mode=GUI
[mujoco_spawner-2] [INFO] [1791213387.839090996] [mujoco_spawner]: MuJoCo viewer opened (GUI).
[mujoco_spawner-2] [INFO] [1791213387.841140473] [mujoco_spawner]: MuJoCo spawner running.
[WARNING] [launch]: user interrupted with ctrl-c (SIGINT)
[INFO] [rviz2-3]: sending signal 'SIGINT' to process[rviz2-3]
[INFO] [mujoco_spawner-2]: sending signal 'SIGINT' to process[mujoco_spawner-2]
[INFO] [robot_state_publisher-1]: sending signal 'SIGINT' to process[robot_state_publisher-1]
[robot_state_publisher-1] [INFO] [1791213391.023006756] [rclcpp]: signal_handler(SIGINT/SIGTERM)
[rviz2-3] [INFO] [1791213391.025337681] [rclcpp]: signal_handler(SIGINT/SIGTERM)
[rviz2-3] [INFO] [1791213391.026902790] [rclcpp]: signal_handler(SIGINT/SIGTERM)
[robot_state_publisher-1] [INFO] [1791213391.028123086] [rclcpp]: signal_handler(SIGINT/SIGTERM)
[INFO] [robot_state_publisher-1]: process has finished cleanly [pid 268987]
[INFO] [rviz2-3]: process has finished cleanly [pid 268991]
[INFO] [mujoco_spawner-2]: process has finished cleanly [pid 268989]

[launch exited with code 0]

