[INFO] [launch]: All log files can be found below /home/molar1/.ros/log/2026-09-25-18-00-39-793551-molar1-1563576
[INFO] [launch]: Default logging verbosity is set to INFO
[robot_lab] algorithm localization=amcl -> global_localization stack
[robot_lab] algorithm state_estimation=ekf_localization_node -> local_localization stack
[robot_lab] algorithm sensor_fusion=wheel_imu_fusion -> node robot_lab_algorithms/wheel_imu_fusion
[INFO] [go2-stance-gait-controller-1]: process started with pid [1563620]
[INFO] [robot_state_publisher-2]: process started with pid [1563622]
[INFO] [mujoco_spawner-3]: process started with pid [1563624]
[INFO] [joy_teleop-4]: process started with pid [1563626]
[INFO] [joy_node-5]: process started with pid [1563628]
[INFO] [twist_mux-6]: process started with pid [1563630]
[INFO] [twist_marker-7]: process started with pid [1563632]
[INFO] [joystick_relay.py-8]: process started with pid [1563634]
[INFO] [twist_relay-9]: process started with pid [1563636]
[INFO] [simulator_ready_gate-10]: process started with pid [1563646]
[twist_mux-6] [INFO] [1790352040.688869240] [twist_mux]: Topic handler 'topics.joystick' subscribed to topic 'joy_vel': timeout = 0.500000s , priority = 99.
[twist_mux-6] [INFO] [1790352040.690541546] [twist_mux]: Topic handler 'topics.keyboard' subscribed to topic 'key_vel': timeout = 0.500000s , priority = 90.
[twist_mux-6] [INFO] [1790352040.691914923] [twist_mux]: Topic handler 'topics.navigation' subscribed to topic 'cmd_vel': timeout = 0.500000s , priority = 80.
[twist_mux-6] [INFO] [1790352040.693050102] [twist_mux]: Topic handler 'locks.safety_stop' subscribed to topic 'safety_stop': timeout = None , priority = 255.
[robot_state_publisher-2] [INFO] [1790352040.703193153] [robot_state_publisher]: got segment FL_calf
[robot_state_publisher-2] [INFO] [1790352040.704596865] [robot_state_publisher]: got segment FL_calf_rotor
[robot_state_publisher-2] [INFO] [1790352040.705593234] [robot_state_publisher]: got segment FL_foot
[robot_state_publisher-2] [INFO] [1790352040.706693408] [robot_state_publisher]: got segment FL_hip
[robot_state_publisher-2] [INFO] [1790352040.707760270] [robot_state_publisher]: got segment FL_hip_rotor
[robot_state_publisher-2] [INFO] [1790352040.709046803] [robot_state_publisher]: got segment FL_thigh
[robot_state_publisher-2] [INFO] [1790352040.709973704] [robot_state_publisher]: got segment FL_thigh_rotor
[robot_state_publisher-2] [INFO] [1790352040.710660712] [robot_state_publisher]: got segment FR_calf
[robot_state_publisher-2] [INFO] [1790352040.711258189] [robot_state_publisher]: got segment FR_calf_rotor
[robot_state_publisher-2] [INFO] [1790352040.711821938] [robot_state_publisher]: got segment FR_foot
[robot_state_publisher-2] [INFO] [1790352040.712386232] [robot_state_publisher]: got segment FR_hip
[robot_state_publisher-2] [INFO] [1790352040.712982973] [robot_state_publisher]: got segment FR_hip_rotor
[robot_state_publisher-2] [INFO] [1790352040.714083658] [robot_state_publisher]: got segment FR_thigh
[robot_state_publisher-2] [INFO] [1790352040.714107465] [robot_state_publisher]: got segment FR_thigh_rotor
[robot_state_publisher-2] [INFO] [1790352040.714118152] [robot_state_publisher]: got segment RL_calf
[robot_state_publisher-2] [INFO] [1790352040.714128552] [robot_state_publisher]: got segment RL_calf_rotor
[robot_state_publisher-2] [INFO] [1790352040.714136327] [robot_state_publisher]: got segment RL_foot
[robot_state_publisher-2] [INFO] [1790352040.714144519] [robot_state_publisher]: got segment RL_hip
[robot_state_publisher-2] [INFO] [1790352040.714152295] [robot_state_publisher]: got segment RL_hip_rotor
[robot_state_publisher-2] [INFO] [1790352040.714159974] [robot_state_publisher]: got segment RL_thigh
[robot_state_publisher-2] [INFO] [1790352040.714167590] [robot_state_publisher]: got segment RL_thigh_rotor
[robot_state_publisher-2] [INFO] [1790352040.714174950] [robot_state_publisher]: got segment RR_calf
[robot_state_publisher-2] [INFO] [1790352040.714183557] [robot_state_publisher]: got segment RR_calf_rotor
[robot_state_publisher-2] [INFO] [1790352040.714193221] [robot_state_publisher]: got segment RR_foot
[robot_state_publisher-2] [INFO] [1790352040.714200613] [robot_state_publisher]: got segment RR_hip
[robot_state_publisher-2] [INFO] [1790352040.714208356] [robot_state_publisher]: got segment RR_hip_rotor
[robot_state_publisher-2] [INFO] [1790352040.714215588] [robot_state_publisher]: got segment RR_thigh
[robot_state_publisher-2] [INFO] [1790352040.714222947] [robot_state_publisher]: got segment RR_thigh_rotor
[robot_state_publisher-2] [INFO] [1790352040.714230403] [robot_state_publisher]: got segment base
[robot_state_publisher-2] [INFO] [1790352040.714238051] [robot_state_publisher]: got segment front_camera
[robot_state_publisher-2] [INFO] [1790352040.714245410] [robot_state_publisher]: got segment imu_link
[robot_state_publisher-2] [INFO] [1790352040.714254818] [robot_state_publisher]: got segment trunk
[go2-stance-gait-controller-1] [0;93m2026-09-25 18:00:41.358597624 [W:onnxruntime:Default, device_discovery.cc:164 DiscoverDevicesForPlatform] GPU device discovery failed: device_discovery.cc:89 ReadFileContents Failed to open file: "/sys/class/drm/card1/device/vendor"[m
[go2-stance-gait-controller-1] [INFO] [1790352041.431514737] [go2_stance_gait_controller]: Go2 closed-loop stance: 12 effort joints at 250.0 Hz; controller ONNX velocity policy
[mujoco_spawner-3] [INFO] [1790352042.667000294] [mujoco_spawner]: MuJoCo: 18 collision proxy geom(s) moved to group 3 (viewer Rendering tab to show them).
[mujoco_spawner-3] [INFO] [1790352042.714628562] [mujoco_spawner]: MuJoCo URDF import OK (all meshes staged).
[mujoco_spawner-3] [WARN] [1790352042.726500174] [mujoco_spawner]: MuJoCo effort plant: no MJCF beside /home/molar1/bumperbot_ws/install/robot_lab_robots/share/robot_lab_robots/unitree/go2_description/xacro/go2_sim.xacro names every effort joint; keeping the URDF <dynamics> (damping=5.0 is a Gazebo stabiliser the robot does not have).
[mujoco_spawner-3] [INFO] [1790352042.773585747] [mujoco_spawner]: MuJoCo physics timestep: 0.0010 s
[mujoco_spawner-3] [INFO] [1790352042.775668211] [mujoco_spawner]: Robot has no 'oakd_rgb_camera_frame' link; no RGB-D camera is published.
[mujoco_spawner-3] [INFO] [1790352042.776884379] [mujoco_spawner]: Joints: ['FR_hip_joint', 'FR_thigh_joint', 'FR_calf_joint', 'FL_hip_joint', 'FL_thigh_joint', 'FL_calf_joint', 'RR_hip_joint', 'RR_thigh_joint', 'RR_calf_joint', 'RL_hip_joint', 'RL_thigh_joint', 'RL_calf_joint']   lw= rw=
[mujoco_spawner-3] [INFO] [1790352042.779254446] [mujoco_spawner]: MuJoCo effort joint armature: 0.0100 kg m^2
[mujoco_spawner-3] [INFO] [1790352042.780549042] [mujoco_spawner]: Joint effort input: /go2_group_effort_controller/commands (12 joints, URDF limits)
[mujoco_spawner-3] [INFO] [1790352042.782015887] [mujoco_spawner]: Spawn ground clearance: raised root by 0.2050 m
[mujoco_spawner-3] [INFO] [1790352042.783075134] [mujoco_spawner]: MuJoCo model loaded: 14 bodies, 13 joints
[mujoco_spawner-3] [INFO] [1790352042.783808124] [mujoco_spawner]: MuJoCo gui param=False (resolved=False), DISPLAY=:1 -> mode=DIRECT
[mujoco_spawner-3] [INFO] [1790352042.784506460] [mujoco_spawner]: MuJoCo running headless (gui=False, viewer=True).
[mujoco_spawner-3] [INFO] [1790352042.793995430] [mujoco_spawner]: MuJoCo spawner running.
[INFO] [simulator_ready_gate-10]: process has finished cleanly [pid 1563646]
[INFO] [amcl-12]: process started with pid [1563862]
[INFO] [map_server-11]: process started with pid [1563860]
[INFO] [lifecycle_manager-13]: process started with pid [1563864]
[INFO] [ekf_node-14]: process started with pid [1563866]
[INFO] [imu_republisher.py-15]: process started with pid [1563868]
[INFO] [wheel_imu_fusion-16]: process started with pid [1563870]
[map_server-11] [INFO] [1790352043.204138035] [map_server]: 
[map_server-11] 	map_server lifecycle node launched. 
[map_server-11] 	Waiting on external lifecycle transitions to activate
[map_server-11] 	See https://design.ros2.org/articles/node_lifecycle.html for more information.
[map_server-11] [INFO] [1790352043.204317643] [map_server]: Creating
[amcl-12] [0m[INFO] [1790352043.206159190] [amcl]: 
[amcl-12] 	amcl lifecycle node launched. 
[amcl-12] 	Waiting on external lifecycle transitions to activate
[amcl-12] 	See https://design.ros2.org/articles/node_lifecycle.html for more information.[0m
[amcl-12] [0m[INFO] [1790352043.211328552] [amcl]: Creating[0m
[lifecycle_manager-13] [INFO] [1790352043.243661656] [lifecycle_manager_localization]: Creating
[lifecycle_manager-13] [INFO] [1790352043.251328215] [lifecycle_manager_localization]: [34m[1mCreating and initializing lifecycle service clients[0m[0m
[lifecycle_manager-13] [INFO] [1790352043.259766098] [lifecycle_manager_localization]: [34m[1mStarting managed nodes bringup...[0m[0m
[lifecycle_manager-13] [INFO] [1790352043.259873837] [lifecycle_manager_localization]: [34m[1mConfiguring map_server[0m[0m
[map_server-11] [INFO] [1790352043.260276219] [map_server]: Configuring
[map_server-11] [INFO] [1790352043.260391701] [map_io]: Loading yaml file: /home/molar1/bumperbot_ws/install/robot_lab_maps/share/robot_lab_maps/maps/nav_empty/maps/map.yaml
[map_server-11] [INFO] [1790352043.260813986] [map_io]: resolution: 0.05
[map_server-11] [INFO] [1790352043.260831009] [map_io]: origin[0]: -7
[map_server-11] [INFO] [1790352043.260836929] [map_io]: origin[1]: -7
[map_server-11] [INFO] [1790352043.260841537] [map_io]: origin[2]: 0
[map_server-11] [INFO] [1790352043.260846400] [map_io]: free_thresh: 0.196
[map_server-11] [INFO] [1790352043.260851040] [map_io]: occupied_thresh: 0.65
[map_server-11] [INFO] [1790352043.260856672] [map_io]: mode: trinary
[map_server-11] [INFO] [1790352043.260862944] [map_io]: negate: 0
[map_server-11] [INFO] [1790352043.261157202] [map_io]: Loading image_file: /home/molar1/bumperbot_ws/install/robot_lab_maps/share/robot_lab_maps/maps/nav_empty/maps/map.pgm
[map_server-11] [INFO] [1790352043.272881974] [map_io]: Read map /home/molar1/bumperbot_ws/install/robot_lab_maps/share/robot_lab_maps/maps/nav_empty/maps/map.pgm: 280 X 280 map @ 0.05 m/cell
[lifecycle_manager-13] [INFO] [1790352043.282680307] [lifecycle_manager_localization]: [34m[1mConfiguring amcl[0m[0m
[amcl-12] [0m[INFO] [1790352043.283034499] [amcl]: Configuring[0m
[amcl-12] [0m[INFO] [1790352043.283192411] [amcl]: initTransforms[0m
[amcl-12] [0m[INFO] [1790352043.298628277] [amcl]: initPubSub[0m
[amcl-12] [0m[INFO] [1790352043.307557497] [amcl]: Subscribed to map topic.[0m
[lifecycle_manager-13] [INFO] [1790352043.313775323] [lifecycle_manager_localization]: [34m[1mActivating map_server[0m[0m
[map_server-11] [INFO] [1790352043.314062094] [map_server]: Activating
[map_server-11] [INFO] [1790352043.314388799] [map_server]: Creating bond (map_server) to lifecycle manager.
[amcl-12] [0m[INFO] [1790352043.314877448] [amcl]: Received a 280 X 280 map @ 0.050 m/pix[0m
[lifecycle_manager-13] [INFO] [1790352043.419030701] [lifecycle_manager_localization]: Server map_server connected with bond.
[lifecycle_manager-13] [INFO] [1790352043.419119145] [lifecycle_manager_localization]: [34m[1mActivating amcl[0m[0m
[amcl-12] [0m[INFO] [1790352043.419603954] [amcl]: Activating[0m
[amcl-12] [0m[INFO] [1790352043.419720397] [amcl]: initialPoseReceived[0m
[amcl-12] [0m[INFO] [1790352043.419953474] [amcl]: Setting pose (0.544000): -0.500 -0.500 0.000[0m
[amcl-12] [0m[INFO] [1790352043.420521672] [amcl]: Creating bond (amcl) to lifecycle manager.[0m
[lifecycle_manager-13] [INFO] [1790352043.524241024] [lifecycle_manager_localization]: Server amcl connected with bond.
[lifecycle_manager-13] [INFO] [1790352043.524329596] [lifecycle_manager_localization]: [34m[1mManaged nodes are active[0m[0m
[lifecycle_manager-13] [INFO] [1790352043.524352283] [lifecycle_manager_localization]: [34m[1mCreating bond timer...[0m[0m
[amcl-12] [0m[INFO] [1790352043.536088479] [amcl]: createLaserObject[0m
[wheel_imu_fusion-16] [INFO] [1790352043.926202356] [sensor_fusion_wheel_imu_fusion]: wheel_imu_fusion ready
[amcl-12] [0m[INFO] [1790352051.123849982] [rclcpp]: signal_handler(SIGINT/SIGTERM)[0m
[amcl-12] [0m[INFO] [1790352051.123988792] [amcl]: Running Nav2 LifecycleNode rcl preshutdown (amcl)[0m
[amcl-12] [0m[INFO] [1790352051.124086995] [amcl]: Deactivating[0m
[amcl-12] [0m[INFO] [1790352051.124124242] [amcl]: Destroying bond (amcl) to lifecycle manager.[0m
[ekf_node-14] [INFO] [1790352051.123818047] [rclcpp]: signal_handler(SIGINT/SIGTERM)
[twist_mux-6] [INFO] [1790352051.123856382] [rclcpp]: signal_handler(SIGINT/SIGTERM)
[lifecycle_manager-13] [INFO] [1790352051.123864733] [rclcpp]: signal_handler(SIGINT/SIGTERM)
[lifecycle_manager-13] [INFO] [1790352051.123986616] [lifecycle_manager_localization]: Running Nav2 LifecycleManager rcl preshutdown (lifecycle_manager_localization)
[lifecycle_manager-13] [INFO] [1790352051.124048181] [lifecycle_manager_localization]: [34m[1mTerminating bond timer...[0m[0m
[twist_relay-9] [INFO] [1790352051.123863293] [rclcpp]: signal_handler(SIGINT/SIGTERM)
[robot_state_publisher-2] [INFO] [1790352051.124224109] [rclcpp]: signal_handler(SIGINT/SIGTERM)
[joy_node-5] [INFO] [1790352051.124377990] [rclcpp]: signal_handler(SIGINT/SIGTERM)
[map_server-11] [INFO] [1790352051.124469058] [rclcpp]: signal_handler(SIGINT/SIGTERM)
[map_server-11] [INFO] [1790352051.124597532] [map_server]: Running Nav2 LifecycleNode rcl preshutdown (map_server)
[map_server-11] [INFO] [1790352051.124682936] [map_server]: Deactivating
[map_server-11] [INFO] [1790352051.124703703] [map_server]: Destroying bond (map_server) to lifecycle manager.
[twist_marker-7] [INFO] [1790352051.124793651] [rclcpp]: signal_handler(SIGINT/SIGTERM)
[amcl-12] [0m[INFO] [1790352051.134500121] [amcl]: Cleaning up[0m
[map_server-11] [INFO] [1790352051.135033697] [map_server]: Cleaning up
[map_server-11] [INFO] [1790352051.135124061] [map_server]: Destroying bond (map_server) to lifecycle manager.
[amcl-12] [0m[INFO] [1790352051.159233779] [amcl]: Destroying bond (amcl) to lifecycle manager.[0m
[joy_teleop-4] Traceback (most recent call last):
[joy_teleop-4]   File "/opt/ros/humble/lib/joy_teleop/joy_teleop", line 33, in <module>
[joy_teleop-4]     sys.exit(load_entry_point('joy-teleop==1.6.0', 'console_scripts', 'joy_teleop')())
[joy_teleop-4]   File "/opt/ros/humble/lib/python3.10/site-packages/joy_teleop/joy_teleop.py", line 435, in main
[joy_teleop-4]     rclpy.spin(node)
[joy_teleop-4]   File "/opt/ros/humble/local/lib/python3.10/dist-packages/rclpy/__init__.py", line 229, in spin
[joy_teleop-4]     executor.spin_once()
[joy_teleop-4]   File "/opt/ros/humble/local/lib/python3.10/dist-packages/rclpy/executors.py", line 812, in spin_once
[joy_teleop-4]     self._spin_once_impl(timeout_sec)
[joy_teleop-4]   File "/opt/ros/humble/local/lib/python3.10/dist-packages/rclpy/executors.py", line 801, in _spin_once_impl
[joy_teleop-4]     handler, entity, node = self.wait_for_ready_callbacks(timeout_sec=timeout_sec)
[joy_teleop-4]   File "/opt/ros/humble/local/lib/python3.10/dist-packages/rclpy/executors.py", line 784, in wait_for_ready_callbacks
[joy_teleop-4]     return next(self._cb_iter)
[joy_teleop-4]   File "/opt/ros/humble/local/lib/python3.10/dist-packages/rclpy/executors.py", line 685, in _wait_for_ready_callbacks
[joy_teleop-4]     raise ExternalShutdownException()
[joy_teleop-4] rclpy.executors.ExternalShutdownException
[amcl-12] [0m[INFO] [1790352051.226052944] [amcl]: Destroying[0m
[map_server-11] [INFO] [1790352051.318841806] [map_server]: Destroying
[lifecycle_manager-13] [INFO] [1790352051.321172388] [lifecycle_manager_localization]: Destroying lifecycle_manager_localization
[INFO] [twist_mux-6]: process has finished cleanly [pid 1563630]
[INFO] [ekf_node-14]: process has finished cleanly [pid 1563866]
[INFO] [twist_marker-7]: process has finished cleanly [pid 1563632]
[INFO] [robot_state_publisher-2]: process has finished cleanly [pid 1563622]
[INFO] [twist_relay-9]: process has finished cleanly [pid 1563636]
[INFO] [joy_node-5]: process has finished cleanly [pid 1563628]
[imu_republisher.py-15] Traceback (most recent call last):
[imu_republisher.py-15]   File "/home/molar1/bumperbot_ws/install/robot_lab_localization/lib/robot_lab_localization/imu_republisher.py", line 54, in <module>
[imu_republisher.py-15]     main()
[imu_republisher.py-15]   File "/home/molar1/bumperbot_ws/install/robot_lab_localization/lib/robot_lab_localization/imu_republisher.py", line 45, in main
[imu_republisher.py-15]     rclpy.spin(node)
[imu_republisher.py-15]   File "/opt/ros/humble/local/lib/python3.10/dist-packages/rclpy/__init__.py", line 229, in spin
[imu_republisher.py-15]     executor.spin_once()
[imu_republisher.py-15]   File "/opt/ros/humble/local/lib/python3.10/dist-packages/rclpy/executors.py", line 812, in spin_once
[imu_republisher.py-15]     self._spin_once_impl(timeout_sec)
[imu_republisher.py-15]   File "/opt/ros/humble/local/lib/python3.10/dist-packages/rclpy/executors.py", line 801, in _spin_once_impl
[imu_republisher.py-15]     handler, entity, node = self.wait_for_ready_callbacks(timeout_sec=timeout_sec)
[imu_republisher.py-15]   File "/opt/ros/humble/local/lib/python3.10/dist-packages/rclpy/executors.py", line 784, in wait_for_ready_callbacks
[imu_republisher.py-15]     return next(self._cb_iter)
[imu_republisher.py-15]   File "/opt/ros/humble/local/lib/python3.10/dist-packages/rclpy/executors.py", line 685, in _wait_for_ready_callbacks
[imu_republisher.py-15]     raise ExternalShutdownException()
[imu_republisher.py-15] rclpy.executors.ExternalShutdownException
[INFO] [wheel_imu_fusion-16]: process has finished cleanly [pid 1563870]
[INFO] [go2-stance-gait-controller-1]: process has finished cleanly [pid 1563620]
[INFO] [joystick_relay.py-8]: process has finished cleanly [pid 1563634]
[INFO] [mujoco_spawner-3]: process has finished cleanly [pid 1563624]
[INFO] [lifecycle_manager-13]: process has finished cleanly [pid 1563864]
[ERROR] [joy_teleop-4]: process has died [pid 1563626, exit code 1, cmd '/opt/ros/humble/lib/joy_teleop/joy_teleop --ros-args --params-file /home/molar1/bumperbot_ws/install/robot_lab_controller/share/robot_lab_controller/config/joy_teleop.yaml --params-file /workspace/molar/.tmp/launch_params_zjswlbby'].
[ERROR] [imu_republisher.py-15]: process has died [pid 1563868, exit code 1, cmd '/home/molar1/bumperbot_ws/install/robot_lab_localization/lib/robot_lab_localization/imu_republisher.py --ros-args --params-file /workspace/molar/.tmp/launch_params_iijymqh9'].
[INFO] [amcl-12]: process has finished cleanly [pid 1563862]
[INFO] [map_server-11]: process has finished cleanly [pid 1563860]
