[INFO] [launch]: All log files can be found below /home/molar1/.ros/log/2026-09-25-18-00-53-410949-molar1-1564086
[INFO] [launch]: Default logging verbosity is set to INFO
[robot_lab] algorithm localization=amcl -> global_localization stack
[robot_lab] algorithm state_estimation=ekf_localization_node -> local_localization stack
[robot_lab] algorithm sensor_fusion=wheel_imu_fusion -> node robot_lab_algorithms/wheel_imu_fusion
[INFO] [go2-stance-gait-controller-1]: process started with pid [1564136]
[INFO] [robot_state_publisher-2]: process started with pid [1564138]
[INFO] [mujoco_spawner-3]: process started with pid [1564140]
[INFO] [joy_teleop-4]: process started with pid [1564142]
[INFO] [joy_node-5]: process started with pid [1564144]
[INFO] [twist_mux-6]: process started with pid [1564146]
[INFO] [twist_marker-7]: process started with pid [1564148]
[INFO] [joystick_relay.py-8]: process started with pid [1564150]
[INFO] [twist_relay-9]: process started with pid [1564152]
[INFO] [simulator_ready_gate-10]: process started with pid [1564154]
[twist_mux-6] [INFO] [1790352054.314482394] [twist_mux]: Topic handler 'topics.joystick' subscribed to topic 'joy_vel': timeout = 0.500000s , priority = 99.
[twist_mux-6] [INFO] [1790352054.315842780] [twist_mux]: Topic handler 'topics.keyboard' subscribed to topic 'key_vel': timeout = 0.500000s , priority = 90.
[twist_mux-6] [INFO] [1790352054.316230218] [twist_mux]: Topic handler 'topics.navigation' subscribed to topic 'cmd_vel': timeout = 0.500000s , priority = 80.
[twist_mux-6] [INFO] [1790352054.316566683] [twist_mux]: Topic handler 'locks.safety_stop' subscribed to topic 'safety_stop': timeout = None , priority = 255.
[robot_state_publisher-2] [INFO] [1790352054.321001266] [robot_state_publisher]: got segment FL_calf
[robot_state_publisher-2] [INFO] [1790352054.322885181] [robot_state_publisher]: got segment FL_calf_rotor
[robot_state_publisher-2] [INFO] [1790352054.323615963] [robot_state_publisher]: got segment FL_foot
[robot_state_publisher-2] [INFO] [1790352054.323642650] [robot_state_publisher]: got segment FL_hip
[robot_state_publisher-2] [INFO] [1790352054.323653402] [robot_state_publisher]: got segment FL_hip_rotor
[robot_state_publisher-2] [INFO] [1790352054.323662713] [robot_state_publisher]: got segment FL_thigh
[robot_state_publisher-2] [INFO] [1790352054.323671673] [robot_state_publisher]: got segment FL_thigh_rotor
[robot_state_publisher-2] [INFO] [1790352054.323681081] [robot_state_publisher]: got segment FR_calf
[robot_state_publisher-2] [INFO] [1790352054.323688696] [robot_state_publisher]: got segment FR_calf_rotor
[robot_state_publisher-2] [INFO] [1790352054.323697208] [robot_state_publisher]: got segment FR_foot
[robot_state_publisher-2] [INFO] [1790352054.323705047] [robot_state_publisher]: got segment FR_hip
[robot_state_publisher-2] [INFO] [1790352054.323713527] [robot_state_publisher]: got segment FR_hip_rotor
[robot_state_publisher-2] [INFO] [1790352054.323721271] [robot_state_publisher]: got segment FR_thigh
[robot_state_publisher-2] [INFO] [1790352054.323728950] [robot_state_publisher]: got segment FR_thigh_rotor
[robot_state_publisher-2] [INFO] [1790352054.323822482] [robot_state_publisher]: got segment RL_calf
[robot_state_publisher-2] [INFO] [1790352054.323838609] [robot_state_publisher]: got segment RL_calf_rotor
[robot_state_publisher-2] [INFO] [1790352054.323847537] [robot_state_publisher]: got segment RL_foot
[robot_state_publisher-2] [INFO] [1790352054.323855665] [robot_state_publisher]: got segment RL_hip
[robot_state_publisher-2] [INFO] [1790352054.323863952] [robot_state_publisher]: got segment RL_hip_rotor
[robot_state_publisher-2] [INFO] [1790352054.323871600] [robot_state_publisher]: got segment RL_thigh
[robot_state_publisher-2] [INFO] [1790352054.323880175] [robot_state_publisher]: got segment RL_thigh_rotor
[robot_state_publisher-2] [INFO] [1790352054.323887855] [robot_state_publisher]: got segment RR_calf
[robot_state_publisher-2] [INFO] [1790352054.323895791] [robot_state_publisher]: got segment RR_calf_rotor
[robot_state_publisher-2] [INFO] [1790352054.323904814] [robot_state_publisher]: got segment RR_foot
[robot_state_publisher-2] [INFO] [1790352054.323912078] [robot_state_publisher]: got segment RR_hip
[robot_state_publisher-2] [INFO] [1790352054.323920014] [robot_state_publisher]: got segment RR_hip_rotor
[robot_state_publisher-2] [INFO] [1790352054.323927821] [robot_state_publisher]: got segment RR_thigh
[robot_state_publisher-2] [INFO] [1790352054.323935085] [robot_state_publisher]: got segment RR_thigh_rotor
[robot_state_publisher-2] [INFO] [1790352054.323942797] [robot_state_publisher]: got segment base
[robot_state_publisher-2] [INFO] [1790352054.323950284] [robot_state_publisher]: got segment front_camera
[robot_state_publisher-2] [INFO] [1790352054.323957900] [robot_state_publisher]: got segment imu_link
[robot_state_publisher-2] [INFO] [1790352054.323966540] [robot_state_publisher]: got segment trunk
[go2-stance-gait-controller-1] [0;93m2026-09-25 18:00:54.959488628 [W:onnxruntime:Default, device_discovery.cc:164 DiscoverDevicesForPlatform] GPU device discovery failed: device_discovery.cc:89 ReadFileContents Failed to open file: "/sys/class/drm/card1/device/vendor"[m
[go2-stance-gait-controller-1] [INFO] [1790352055.043755401] [go2_stance_gait_controller]: Go2 closed-loop stance: 12 effort joints at 250.0 Hz; controller ONNX velocity policy
[mujoco_spawner-3] [INFO] [1790352056.240334468] [mujoco_spawner]: MuJoCo: 18 collision proxy geom(s) moved to group 3 (viewer Rendering tab to show them).
[mujoco_spawner-3] [INFO] [1790352056.289606223] [mujoco_spawner]: MuJoCo URDF import OK (all meshes staged).
[mujoco_spawner-3] [WARN] [1790352056.305355655] [mujoco_spawner]: MuJoCo effort plant: no MJCF beside /home/molar1/bumperbot_ws/install/robot_lab_robots/share/robot_lab_robots/unitree/go2_description/xacro/go2_sim.xacro names every effort joint; keeping the URDF <dynamics> (damping=5.0 is a Gazebo stabiliser the robot does not have).
[mujoco_spawner-3] [INFO] [1790352056.353192179] [mujoco_spawner]: MuJoCo physics timestep: 0.0010 s
[mujoco_spawner-3] [INFO] [1790352056.355739776] [mujoco_spawner]: Robot has no 'oakd_rgb_camera_frame' link; no RGB-D camera is published.
[mujoco_spawner-3] [INFO] [1790352056.357190206] [mujoco_spawner]: Joints: ['FR_hip_joint', 'FR_thigh_joint', 'FR_calf_joint', 'FL_hip_joint', 'FL_thigh_joint', 'FL_calf_joint', 'RR_hip_joint', 'RR_thigh_joint', 'RR_calf_joint', 'RL_hip_joint', 'RL_thigh_joint', 'RL_calf_joint']   lw= rw=
[mujoco_spawner-3] [INFO] [1790352056.360200534] [mujoco_spawner]: MuJoCo effort joint armature: 0.0100 kg m^2
[mujoco_spawner-3] [INFO] [1790352056.362341525] [mujoco_spawner]: Joint effort input: /go2_group_effort_controller/commands (12 joints, URDF limits)
[mujoco_spawner-3] [INFO] [1790352056.364474645] [mujoco_spawner]: Spawn ground clearance: raised root by 0.2050 m
[mujoco_spawner-3] [INFO] [1790352056.365693054] [mujoco_spawner]: MuJoCo model loaded: 14 bodies, 13 joints
[mujoco_spawner-3] [INFO] [1790352056.366533560] [mujoco_spawner]: MuJoCo gui param=False (resolved=False), DISPLAY=:1 -> mode=DIRECT
[mujoco_spawner-3] [INFO] [1790352056.367319764] [mujoco_spawner]: MuJoCo running headless (gui=False, viewer=True).
[mujoco_spawner-3] [INFO] [1790352056.376580849] [mujoco_spawner]: MuJoCo spawner running.
[INFO] [simulator_ready_gate-10]: process has finished cleanly [pid 1564154]
[INFO] [amcl-12]: process started with pid [1564390]
[INFO] [map_server-11]: process started with pid [1564388]
[INFO] [lifecycle_manager-13]: process started with pid [1564392]
[INFO] [ekf_node-14]: process started with pid [1564394]
[INFO] [imu_republisher.py-15]: process started with pid [1564396]
[INFO] [wheel_imu_fusion-16]: process started with pid [1564398]
[lifecycle_manager-13] [INFO] [1790352056.770447418] [lifecycle_manager_localization]: Creating
[lifecycle_manager-13] [INFO] [1790352056.779681049] [lifecycle_manager_localization]: [34m[1mCreating and initializing lifecycle service clients[0m[0m
[map_server-11] [INFO] [1790352056.793081403] [map_server]: 
[map_server-11] 	map_server lifecycle node launched. 
[map_server-11] 	Waiting on external lifecycle transitions to activate
[map_server-11] 	See https://design.ros2.org/articles/node_lifecycle.html for more information.
[amcl-12] [0m[INFO] [1790352056.793218389] [amcl]: 
[amcl-12] 	amcl lifecycle node launched. 
[amcl-12] 	Waiting on external lifecycle transitions to activate
[amcl-12] 	See https://design.ros2.org/articles/node_lifecycle.html for more information.[0m
[amcl-12] [0m[INFO] [1790352056.795477678] [amcl]: Creating[0m
[map_server-11] [INFO] [1790352056.800149915] [map_server]: Creating
[lifecycle_manager-13] [INFO] [1790352057.032268730] [lifecycle_manager_localization]: [34m[1mStarting managed nodes bringup...[0m[0m
[lifecycle_manager-13] [INFO] [1790352057.032380661] [lifecycle_manager_localization]: [34m[1mConfiguring map_server[0m[0m
[map_server-11] [INFO] [1790352057.032756004] [map_server]: Configuring
[map_server-11] [INFO] [1790352057.032876958] [map_io]: Loading yaml file: /home/molar1/bumperbot_ws/install/robot_lab_maps/share/robot_lab_maps/maps/nav_empty/maps/map.yaml
[map_server-11] [INFO] [1790352057.033310347] [map_io]: resolution: 0.05
[map_server-11] [INFO] [1790352057.033326922] [map_io]: origin[0]: -7
[map_server-11] [INFO] [1790352057.033333258] [map_io]: origin[1]: -7
[map_server-11] [INFO] [1790352057.033338378] [map_io]: origin[2]: 0
[map_server-11] [INFO] [1790352057.033344105] [map_io]: free_thresh: 0.196
[map_server-11] [INFO] [1790352057.033349481] [map_io]: occupied_thresh: 0.65
[map_server-11] [INFO] [1790352057.033356009] [map_io]: mode: trinary
[map_server-11] [INFO] [1790352057.033363240] [map_io]: negate: 0
[map_server-11] [INFO] [1790352057.033759895] [map_io]: Loading image_file: /home/molar1/bumperbot_ws/install/robot_lab_maps/share/robot_lab_maps/maps/nav_empty/maps/map.pgm
[map_server-11] [INFO] [1790352057.045559874] [map_io]: Read map /home/molar1/bumperbot_ws/install/robot_lab_maps/share/robot_lab_maps/maps/nav_empty/maps/map.pgm: 280 X 280 map @ 0.05 m/cell
[lifecycle_manager-13] [INFO] [1790352057.054367828] [lifecycle_manager_localization]: [34m[1mConfiguring amcl[0m[0m
[amcl-12] [0m[INFO] [1790352057.054748867] [amcl]: Configuring[0m
[amcl-12] [0m[INFO] [1790352057.054962873] [amcl]: initTransforms[0m
[amcl-12] [0m[INFO] [1790352057.074081721] [amcl]: initPubSub[0m
[amcl-12] [0m[INFO] [1790352057.084774326] [amcl]: Subscribed to map topic.[0m
[lifecycle_manager-13] [INFO] [1790352057.096283822] [lifecycle_manager_localization]: [34m[1mActivating map_server[0m[0m
[map_server-11] [INFO] [1790352057.096572929] [map_server]: Activating
[map_server-11] [INFO] [1790352057.096895699] [map_server]: Creating bond (map_server) to lifecycle manager.
[amcl-12] [0m[INFO] [1790352057.097952259] [amcl]: Received a 280 X 280 map @ 0.050 m/pix[0m
[lifecycle_manager-13] [INFO] [1790352057.201412610] [lifecycle_manager_localization]: Server map_server connected with bond.
[lifecycle_manager-13] [INFO] [1790352057.201540476] [lifecycle_manager_localization]: [34m[1mActivating amcl[0m[0m
[amcl-12] [0m[INFO] [1790352057.202015591] [amcl]: Activating[0m
[amcl-12] [0m[INFO] [1790352057.202128642] [amcl]: initialPoseReceived[0m
[amcl-12] [0m[INFO] [1790352057.202338520] [amcl]: Setting pose (0.688000): -0.500 -0.500 0.000[0m
[amcl-12] [0m[INFO] [1790352057.202895423] [amcl]: Creating bond (amcl) to lifecycle manager.[0m
[lifecycle_manager-13] [INFO] [1790352057.310318027] [lifecycle_manager_localization]: Server amcl connected with bond.
[lifecycle_manager-13] [INFO] [1790352057.310409031] [lifecycle_manager_localization]: [34m[1mManaged nodes are active[0m[0m
[lifecycle_manager-13] [INFO] [1790352057.310431846] [lifecycle_manager_localization]: [34m[1mCreating bond timer...[0m[0m
[amcl-12] [0m[INFO] [1790352057.398605367] [amcl]: createLaserObject[0m
[wheel_imu_fusion-16] [INFO] [1790352057.497738074] [sensor_fusion_wheel_imu_fusion]: wheel_imu_fusion ready
[lifecycle_manager-13] [INFO] [1790352064.665907812] [rclcpp]: signal_handler(SIGINT/SIGTERM)
[lifecycle_manager-13] [INFO] [1790352064.666060190] [lifecycle_manager_localization]: Running Nav2 LifecycleManager rcl preshutdown (lifecycle_manager_localization)
[lifecycle_manager-13] [INFO] [1790352064.666128251] [lifecycle_manager_localization]: [34m[1mTerminating bond timer...[0m[0m
[ekf_node-14] [INFO] [1790352064.665900325] [rclcpp]: signal_handler(SIGINT/SIGTERM)
[twist_relay-9] [INFO] [1790352064.665916484] [rclcpp]: signal_handler(SIGINT/SIGTERM)
[twist_mux-6] [INFO] [1790352064.665936003] [rclcpp]: signal_handler(SIGINT/SIGTERM)
[map_server-11] [INFO] [1790352064.665961250] [rclcpp]: signal_handler(SIGINT/SIGTERM)
[map_server-11] [INFO] [1790352064.666110267] [map_server]: Running Nav2 LifecycleNode rcl preshutdown (map_server)
[map_server-11] [INFO] [1790352064.666215927] [map_server]: Deactivating
[map_server-11] [INFO] [1790352064.666238966] [map_server]: Destroying bond (map_server) to lifecycle manager.
[twist_marker-7] [INFO] [1790352064.665959170] [rclcpp]: signal_handler(SIGINT/SIGTERM)
[robot_state_publisher-2] [INFO] [1790352064.665969602] [rclcpp]: signal_handler(SIGINT/SIGTERM)
[joy_node-5] [INFO] [1790352064.665961698] [rclcpp]: signal_handler(SIGINT/SIGTERM)
[amcl-12] [0m[INFO] [1790352064.666257781] [rclcpp]: signal_handler(SIGINT/SIGTERM)[0m
[amcl-12] [0m[INFO] [1790352064.667710516] [amcl]: Running Nav2 LifecycleNode rcl preshutdown (amcl)[0m
[amcl-12] [0m[INFO] [1790352064.668435667] [amcl]: Deactivating[0m
[amcl-12] [0m[INFO] [1790352064.668821954] [amcl]: Destroying bond (amcl) to lifecycle manager.[0m
[map_server-11] [INFO] [1790352064.676961270] [map_server]: Cleaning up
[amcl-12] [0m[INFO] [1790352064.679282670] [amcl]: Cleaning up[0m
[map_server-11] [INFO] [1790352064.684606624] [map_server]: Destroying bond (map_server) to lifecycle manager.
[amcl-12] [0m[INFO] [1790352064.701076479] [amcl]: Destroying bond (amcl) to lifecycle manager.[0m
[joy_teleop-4] Traceback (most recent call last):
[joy_teleop-4]   File "/opt/ros/humble/lib/joy_teleop/joy_teleop", line 33, in <module>
[joy_teleop-4]     sys.exit(load_entry_point('joy-teleop==1.6.0', 'console_scripts', 'joy_teleop')())
[joy_teleop-4]   File "/opt/ros/humble/lib/python3.10/site-packages/joy_teleop/joy_teleop.py", line 435, in main
[joy_teleop-4]     rclpy.spin(node)
[joy_teleop-4]   File "/opt/ros/humble/local/lib/python3.10/dist-packages/rclpy/__init__.py", line 229, in spin
[joy_teleop-4]     executor.spin_once()
[joy_teleop-4]   File "/opt/ros/humble/local/lib/python3.10/dist-packages/rclpy/executors.py", line 812, in spin_once
[joy_teleop-4]     self._spin_once_impl(timeout_sec)
[joy_teleop-4]   File "/opt/ros/humble/local/lib/python3.10/dist-packages/rclpy/executors.py", line 801, in _spin_once_impl
[joy_teleop-4]     handler, entity, node = self.wait_for_ready_callbacks(timeout_sec=timeout_sec)
[joy_teleop-4]   File "/opt/ros/humble/local/lib/python3.10/dist-packages/rclpy/executors.py", line 784, in wait_for_ready_callbacks
[joy_teleop-4]     return next(self._cb_iter)
[joy_teleop-4]   File "/opt/ros/humble/local/lib/python3.10/dist-packages/rclpy/executors.py", line 685, in _wait_for_ready_callbacks
[joy_teleop-4]     raise ExternalShutdownException()
[joy_teleop-4] rclpy.executors.ExternalShutdownException
[map_server-11] [INFO] [1790352064.799740865] [map_server]: Destroying
[lifecycle_manager-13] [INFO] [1790352064.804338931] [lifecycle_manager_localization]: Destroying lifecycle_manager_localization
[amcl-12] [0m[INFO] [1790352064.805907437] [amcl]: Destroying[0m
[INFO] [twist_marker-7]: process has finished cleanly [pid 1564148]
[INFO] [twist_relay-9]: process has finished cleanly [pid 1564152]
[INFO] [twist_mux-6]: process has finished cleanly [pid 1564146]
[INFO] [robot_state_publisher-2]: process has finished cleanly [pid 1564138]
[INFO] [ekf_node-14]: process has finished cleanly [pid 1564394]
[INFO] [joy_node-5]: process has finished cleanly [pid 1564144]
[go2-stance-gait-controller-1] Traceback (most recent call last):
[go2-stance-gait-controller-1]   File "/home/molar1/bumperbot_ws/install/robot_lab_adapter/lib/robot_lab_adapter/go2-stance-gait-controller", line 33, in <module>
[go2-stance-gait-controller-1]     sys.exit(load_entry_point('robot_lab_adapter==0.1.0', 'console_scripts', 'go2-stance-gait-controller')())
[go2-stance-gait-controller-1]   File "/home/molar1/bumperbot_ws/install/robot_lab_adapter/lib/python3.10/site-packages/robot_lab_adapter/go2_stance_gait_controller.py", line 179, in main
[go2-stance-gait-controller-1]     rclpy.spin(node)
[go2-stance-gait-controller-1]   File "/opt/ros/humble/local/lib/python3.10/dist-packages/rclpy/__init__.py", line 229, in spin
[go2-stance-gait-controller-1]     executor.spin_once()
[go2-stance-gait-controller-1]   File "/opt/ros/humble/local/lib/python3.10/dist-packages/rclpy/executors.py", line 812, in spin_once
[go2-stance-gait-controller-1]     self._spin_once_impl(timeout_sec)
[go2-stance-gait-controller-1]   File "/opt/ros/humble/local/lib/python3.10/dist-packages/rclpy/executors.py", line 801, in _spin_once_impl
[go2-stance-gait-controller-1]     handler, entity, node = self.wait_for_ready_callbacks(timeout_sec=timeout_sec)
[go2-stance-gait-controller-1]   File "/opt/ros/humble/local/lib/python3.10/dist-packages/rclpy/executors.py", line 784, in wait_for_ready_callbacks
[go2-stance-gait-controller-1]     return next(self._cb_iter)
[go2-stance-gait-controller-1]   File "/opt/ros/humble/local/lib/python3.10/dist-packages/rclpy/executors.py", line 657, in _wait_for_ready_callbacks
[go2-stance-gait-controller-1]     wait_set = _rclpy.WaitSet(
[go2-stance-gait-controller-1] rclpy._rclpy_pybind11.RCLError: failed to initialize wait set: the given context is not valid, either rcl_init() was not called or rcl_shutdown() was called., at ./src/rcl/wait.c:130
[imu_republisher.py-15] Traceback (most recent call last):
[imu_republisher.py-15]   File "/home/molar1/bumperbot_ws/install/robot_lab_localization/lib/robot_lab_localization/imu_republisher.py", line 54, in <module>
[imu_republisher.py-15]     main()
[imu_republisher.py-15]   File "/home/molar1/bumperbot_ws/install/robot_lab_localization/lib/robot_lab_localization/imu_republisher.py", line 45, in main
[imu_republisher.py-15]     rclpy.spin(node)
[imu_republisher.py-15]   File "/opt/ros/humble/local/lib/python3.10/dist-packages/rclpy/__init__.py", line 229, in spin
[imu_republisher.py-15]     executor.spin_once()
[imu_republisher.py-15]   File "/opt/ros/humble/local/lib/python3.10/dist-packages/rclpy/executors.py", line 812, in spin_once
[imu_republisher.py-15]     self._spin_once_impl(timeout_sec)
[imu_republisher.py-15]   File "/opt/ros/humble/local/lib/python3.10/dist-packages/rclpy/executors.py", line 801, in _spin_once_impl
[imu_republisher.py-15]     handler, entity, node = self.wait_for_ready_callbacks(timeout_sec=timeout_sec)
[imu_republisher.py-15]   File "/opt/ros/humble/local/lib/python3.10/dist-packages/rclpy/executors.py", line 784, in wait_for_ready_callbacks
[imu_republisher.py-15]     return next(self._cb_iter)
[imu_republisher.py-15]   File "/opt/ros/humble/local/lib/python3.10/dist-packages/rclpy/executors.py", line 685, in _wait_for_ready_callbacks
[imu_republisher.py-15]     raise ExternalShutdownException()
[imu_republisher.py-15] rclpy.executors.ExternalShutdownException
[INFO] [wheel_imu_fusion-16]: process has finished cleanly [pid 1564398]
[INFO] [lifecycle_manager-13]: process has finished cleanly [pid 1564392]
[INFO] [amcl-12]: process has finished cleanly [pid 1564390]
[INFO] [map_server-11]: process has finished cleanly [pid 1564388]
[INFO] [joystick_relay.py-8]: process has finished cleanly [pid 1564150]
[INFO] [mujoco_spawner-3]: process has finished cleanly [pid 1564140]
[ERROR] [joy_teleop-4]: process has died [pid 1564142, exit code 1, cmd '/opt/ros/humble/lib/joy_teleop/joy_teleop --ros-args --params-file /home/molar1/bumperbot_ws/install/robot_lab_controller/share/robot_lab_controller/config/joy_teleop.yaml --params-file /workspace/molar/.tmp/launch_params_y5p0xf1c'].
[ERROR] [imu_republisher.py-15]: process has died [pid 1564396, exit code 1, cmd '/home/molar1/bumperbot_ws/install/robot_lab_localization/lib/robot_lab_localization/imu_republisher.py --ros-args --params-file /workspace/molar/.tmp/launch_params_wry0fgrk'].
[ERROR] [go2-stance-gait-controller-1]: process has died [pid 1564136, exit code 1, cmd '/home/molar1/bumperbot_ws/install/robot_lab_adapter/lib/robot_lab_adapter/go2-stance-gait-controller --ros-args --params-file /workspace/molar/.tmp/launch_params_nag9enlr'].
