[INFO] [launch]: All log files can be found below /home/molar1/.ros/log/2026-09-25-18-01-06-930830-molar1-1564602
[INFO] [launch]: Default logging verbosity is set to INFO
[robot_lab] algorithm localization=amcl -> global_localization stack
[robot_lab] algorithm state_estimation=ekf_localization_node -> local_localization stack
[robot_lab] algorithm sensor_fusion=wheel_imu_fusion -> node robot_lab_algorithms/wheel_imu_fusion
[INFO] [go2-stance-gait-controller-1]: process started with pid [1564642]
[INFO] [robot_state_publisher-2]: process started with pid [1564644]
[INFO] [mujoco_spawner-3]: process started with pid [1564646]
[INFO] [joy_teleop-4]: process started with pid [1564648]
[INFO] [joy_node-5]: process started with pid [1564650]
[INFO] [twist_mux-6]: process started with pid [1564652]
[INFO] [twist_marker-7]: process started with pid [1564654]
[INFO] [joystick_relay.py-8]: process started with pid [1564656]
[INFO] [twist_relay-9]: process started with pid [1564658]
[INFO] [simulator_ready_gate-10]: process started with pid [1564670]
[twist_mux-6] [INFO] [1790352067.850110653] [twist_mux]: Topic handler 'topics.joystick' subscribed to topic 'joy_vel': timeout = 0.500000s , priority = 99.
[twist_mux-6] [INFO] [1790352067.852356377] [twist_mux]: Topic handler 'topics.keyboard' subscribed to topic 'key_vel': timeout = 0.500000s , priority = 90.
[twist_mux-6] [INFO] [1790352067.853759706] [twist_mux]: Topic handler 'topics.navigation' subscribed to topic 'cmd_vel': timeout = 0.500000s , priority = 80.
[twist_mux-6] [INFO] [1790352067.854982052] [twist_mux]: Topic handler 'locks.safety_stop' subscribed to topic 'safety_stop': timeout = None , priority = 255.
[robot_state_publisher-2] [INFO] [1790352067.856643898] [robot_state_publisher]: got segment FL_calf
[robot_state_publisher-2] [INFO] [1790352067.859377376] [robot_state_publisher]: got segment FL_calf_rotor
[robot_state_publisher-2] [INFO] [1790352067.859415806] [robot_state_publisher]: got segment FL_foot
[robot_state_publisher-2] [INFO] [1790352067.859428701] [robot_state_publisher]: got segment FL_hip
[robot_state_publisher-2] [INFO] [1790352067.859437373] [robot_state_publisher]: got segment FL_hip_rotor
[robot_state_publisher-2] [INFO] [1790352067.859445949] [robot_state_publisher]: got segment FL_thigh
[robot_state_publisher-2] [INFO] [1790352067.859453500] [robot_state_publisher]: got segment FL_thigh_rotor
[robot_state_publisher-2] [INFO] [1790352067.859461308] [robot_state_publisher]: got segment FR_calf
[robot_state_publisher-2] [INFO] [1790352067.859470588] [robot_state_publisher]: got segment FR_calf_rotor
[robot_state_publisher-2] [INFO] [1790352067.859477979] [robot_state_publisher]: got segment FR_foot
[robot_state_publisher-2] [INFO] [1790352067.859485435] [robot_state_publisher]: got segment FR_hip
[robot_state_publisher-2] [INFO] [1790352067.859493051] [robot_state_publisher]: got segment FR_hip_rotor
[robot_state_publisher-2] [INFO] [1790352067.859500186] [robot_state_publisher]: got segment FR_thigh
[robot_state_publisher-2] [INFO] [1790352067.859507738] [robot_state_publisher]: got segment FR_thigh_rotor
[robot_state_publisher-2] [INFO] [1790352067.859514970] [robot_state_publisher]: got segment RL_calf
[robot_state_publisher-2] [INFO] [1790352067.859522681] [robot_state_publisher]: got segment RL_calf_rotor
[robot_state_publisher-2] [INFO] [1790352067.859529689] [robot_state_publisher]: got segment RL_foot
[robot_state_publisher-2] [INFO] [1790352067.859536793] [robot_state_publisher]: got segment RL_hip
[robot_state_publisher-2] [INFO] [1790352067.859544568] [robot_state_publisher]: got segment RL_hip_rotor
[robot_state_publisher-2] [INFO] [1790352067.859551576] [robot_state_publisher]: got segment RL_thigh
[robot_state_publisher-2] [INFO] [1790352067.859559096] [robot_state_publisher]: got segment RL_thigh_rotor
[robot_state_publisher-2] [INFO] [1790352067.859566007] [robot_state_publisher]: got segment RR_calf
[robot_state_publisher-2] [INFO] [1790352067.859573111] [robot_state_publisher]: got segment RR_calf_rotor
[robot_state_publisher-2] [INFO] [1790352067.859580471] [robot_state_publisher]: got segment RR_foot
[robot_state_publisher-2] [INFO] [1790352067.859587574] [robot_state_publisher]: got segment RR_hip
[robot_state_publisher-2] [INFO] [1790352067.859595350] [robot_state_publisher]: got segment RR_hip_rotor
[robot_state_publisher-2] [INFO] [1790352067.859602486] [robot_state_publisher]: got segment RR_thigh
[robot_state_publisher-2] [INFO] [1790352067.859609749] [robot_state_publisher]: got segment RR_thigh_rotor
[robot_state_publisher-2] [INFO] [1790352067.859616949] [robot_state_publisher]: got segment base
[robot_state_publisher-2] [INFO] [1790352067.859624373] [robot_state_publisher]: got segment front_camera
[robot_state_publisher-2] [INFO] [1790352067.859631508] [robot_state_publisher]: got segment imu_link
[robot_state_publisher-2] [INFO] [1790352067.859638708] [robot_state_publisher]: got segment trunk
[go2-stance-gait-controller-1] [0;93m2026-09-25 18:01:08.510671491 [W:onnxruntime:Default, device_discovery.cc:164 DiscoverDevicesForPlatform] GPU device discovery failed: device_discovery.cc:89 ReadFileContents Failed to open file: "/sys/class/drm/card1/device/vendor"[m
[go2-stance-gait-controller-1] [INFO] [1790352068.584783458] [go2_stance_gait_controller]: Go2 closed-loop stance: 12 effort joints at 250.0 Hz; controller ONNX velocity policy
[mujoco_spawner-3] [INFO] [1790352069.810815929] [mujoco_spawner]: MuJoCo: 18 collision proxy geom(s) moved to group 3 (viewer Rendering tab to show them).
[mujoco_spawner-3] [INFO] [1790352069.856187737] [mujoco_spawner]: MuJoCo URDF import OK (all meshes staged).
[mujoco_spawner-3] [WARN] [1790352069.865847820] [mujoco_spawner]: MuJoCo effort plant: no MJCF beside /home/molar1/bumperbot_ws/install/robot_lab_robots/share/robot_lab_robots/unitree/go2_description/xacro/go2_sim.xacro names every effort joint; keeping the URDF <dynamics> (damping=5.0 is a Gazebo stabiliser the robot does not have).
[mujoco_spawner-3] [INFO] [1790352069.911295656] [mujoco_spawner]: MuJoCo physics timestep: 0.0010 s
[mujoco_spawner-3] [INFO] [1790352069.913104792] [mujoco_spawner]: Robot has no 'oakd_rgb_camera_frame' link; no RGB-D camera is published.
[mujoco_spawner-3] [INFO] [1790352069.914183176] [mujoco_spawner]: Joints: ['FR_hip_joint', 'FR_thigh_joint', 'FR_calf_joint', 'FL_hip_joint', 'FL_thigh_joint', 'FL_calf_joint', 'RR_hip_joint', 'RR_thigh_joint', 'RR_calf_joint', 'RL_hip_joint', 'RL_thigh_joint', 'RL_calf_joint']   lw= rw=
[mujoco_spawner-3] [INFO] [1790352069.916382022] [mujoco_spawner]: MuJoCo effort joint armature: 0.0100 kg m^2
[mujoco_spawner-3] [INFO] [1790352069.917972128] [mujoco_spawner]: Joint effort input: /go2_group_effort_controller/commands (12 joints, URDF limits)
[mujoco_spawner-3] [INFO] [1790352069.919769136] [mujoco_spawner]: Spawn ground clearance: raised root by 0.2050 m
[mujoco_spawner-3] [INFO] [1790352069.920754660] [mujoco_spawner]: MuJoCo model loaded: 14 bodies, 13 joints
[mujoco_spawner-3] [INFO] [1790352069.921476132] [mujoco_spawner]: MuJoCo gui param=False (resolved=False), DISPLAY=:1 -> mode=DIRECT
[mujoco_spawner-3] [INFO] [1790352069.922110984] [mujoco_spawner]: MuJoCo running headless (gui=False, viewer=True).
[mujoco_spawner-3] [INFO] [1790352069.932134602] [mujoco_spawner]: MuJoCo spawner running.
[INFO] [simulator_ready_gate-10]: process has finished cleanly [pid 1564670]
[INFO] [amcl-12]: process started with pid [1564901]
[INFO] [map_server-11]: process started with pid [1564899]
[INFO] [lifecycle_manager-13]: process started with pid [1564903]
[INFO] [ekf_node-14]: process started with pid [1564905]
[INFO] [imu_republisher.py-15]: process started with pid [1564907]
[INFO] [wheel_imu_fusion-16]: process started with pid [1564909]
[amcl-12] [0m[INFO] [1790352070.356136775] [amcl]: 
[amcl-12] 	amcl lifecycle node launched. 
[amcl-12] 	Waiting on external lifecycle transitions to activate
[amcl-12] 	See https://design.ros2.org/articles/node_lifecycle.html for more information.[0m
[amcl-12] [0m[INFO] [1790352070.357726560] [amcl]: Creating[0m
[lifecycle_manager-13] [INFO] [1790352070.367515758] [lifecycle_manager_localization]: Creating
[map_server-11] [INFO] [1790352070.372231773] [map_server]: 
[map_server-11] 	map_server lifecycle node launched. 
[map_server-11] 	Waiting on external lifecycle transitions to activate
[map_server-11] 	See https://design.ros2.org/articles/node_lifecycle.html for more information.
[map_server-11] [INFO] [1790352070.372415509] [map_server]: Creating
[lifecycle_manager-13] [INFO] [1790352070.373152916] [lifecycle_manager_localization]: [34m[1mCreating and initializing lifecycle service clients[0m[0m
[lifecycle_manager-13] [INFO] [1790352070.449518647] [lifecycle_manager_localization]: [34m[1mStarting managed nodes bringup...[0m[0m
[lifecycle_manager-13] [INFO] [1790352070.450889370] [lifecycle_manager_localization]: [34m[1mConfiguring map_server[0m[0m
[map_server-11] [INFO] [1790352070.452978302] [map_server]: Configuring
[map_server-11] [INFO] [1790352070.453143894] [map_io]: Loading yaml file: /home/molar1/bumperbot_ws/install/robot_lab_maps/share/robot_lab_maps/maps/nav_empty/maps/map.yaml
[map_server-11] [INFO] [1790352070.453576771] [map_io]: resolution: 0.05
[map_server-11] [INFO] [1790352070.453597570] [map_io]: origin[0]: -7
[map_server-11] [INFO] [1790352070.453604098] [map_io]: origin[1]: -7
[map_server-11] [INFO] [1790352070.453608578] [map_io]: origin[2]: 0
[map_server-11] [INFO] [1790352070.453614113] [map_io]: free_thresh: 0.196
[map_server-11] [INFO] [1790352070.453619713] [map_io]: occupied_thresh: 0.65
[map_server-11] [INFO] [1790352070.453626081] [map_io]: mode: trinary
[map_server-11] [INFO] [1790352070.453633505] [map_io]: negate: 0
[map_server-11] [INFO] [1790352070.453939763] [map_io]: Loading image_file: /home/molar1/bumperbot_ws/install/robot_lab_maps/share/robot_lab_maps/maps/nav_empty/maps/map.pgm
[map_server-11] [INFO] [1790352070.464271528] [map_io]: Read map /home/molar1/bumperbot_ws/install/robot_lab_maps/share/robot_lab_maps/maps/nav_empty/maps/map.pgm: 280 X 280 map @ 0.05 m/cell
[lifecycle_manager-13] [INFO] [1790352070.479537731] [lifecycle_manager_localization]: [34m[1mConfiguring amcl[0m[0m
[amcl-12] [0m[INFO] [1790352070.546427755] [amcl]: Configuring[0m
[amcl-12] [0m[INFO] [1790352070.546604419] [amcl]: initTransforms[0m
[amcl-12] [0m[INFO] [1790352070.567113333] [amcl]: initPubSub[0m
[amcl-12] [0m[INFO] [1790352070.581048938] [amcl]: Subscribed to map topic.[0m
[lifecycle_manager-13] [INFO] [1790352070.593637244] [lifecycle_manager_localization]: [34m[1mActivating map_server[0m[0m
[map_server-11] [INFO] [1790352070.593995756] [map_server]: Activating
[map_server-11] [INFO] [1790352070.594351452] [map_server]: Creating bond (map_server) to lifecycle manager.
[amcl-12] [0m[INFO] [1790352070.597647370] [amcl]: Received a 280 X 280 map @ 0.050 m/pix[0m
[lifecycle_manager-13] [INFO] [1790352070.698483951] [lifecycle_manager_localization]: Server map_server connected with bond.
[lifecycle_manager-13] [INFO] [1790352070.698563468] [lifecycle_manager_localization]: [34m[1mActivating amcl[0m[0m
[amcl-12] [0m[INFO] [1790352070.699907920] [amcl]: Activating[0m
[amcl-12] [0m[INFO] [1790352070.700087592] [amcl]: initialPoseReceived[0m
[amcl-12] [0m[INFO] [1790352070.700296991] [amcl]: Setting pose (0.640000): -0.500 -0.500 0.000[0m
[amcl-12] [0m[INFO] [1790352070.701023839] [amcl]: Creating bond (amcl) to lifecycle manager.[0m
[lifecycle_manager-13] [INFO] [1790352070.804617354] [lifecycle_manager_localization]: Server amcl connected with bond.
[lifecycle_manager-13] [INFO] [1790352070.804702054] [lifecycle_manager_localization]: [34m[1mManaged nodes are active[0m[0m
[lifecycle_manager-13] [INFO] [1790352070.804729925] [lifecycle_manager_localization]: [34m[1mCreating bond timer...[0m[0m
[amcl-12] [0m[INFO] [1790352070.980188603] [amcl]: createLaserObject[0m
[wheel_imu_fusion-16] [INFO] [1790352071.156064807] [sensor_fusion_wheel_imu_fusion]: wheel_imu_fusion ready
[amcl-12] [0m[INFO] [1790352078.746499384] [rclcpp]: signal_handler(SIGINT/SIGTERM)[0m
[lifecycle_manager-13] [INFO] [1790352078.746194982] [rclcpp]: signal_handler(SIGINT/SIGTERM)
[lifecycle_manager-13] [INFO] [1790352078.746354879] [lifecycle_manager_localization]: Running Nav2 LifecycleManager rcl preshutdown (lifecycle_manager_localization)
[lifecycle_manager-13] [INFO] [1790352078.746431739] [lifecycle_manager_localization]: [34m[1mTerminating bond timer...[0m[0m
[robot_state_publisher-2] [INFO] [1790352078.746201541] [rclcpp]: signal_handler(SIGINT/SIGTERM)
[twist_relay-9] [INFO] [1790352078.746187494] [rclcpp]: signal_handler(SIGINT/SIGTERM)
[ekf_node-14] [INFO] [1790352078.746219717] [rclcpp]: signal_handler(SIGINT/SIGTERM)
[twist_marker-7] [INFO] [1790352078.746232644] [rclcpp]: signal_handler(SIGINT/SIGTERM)
[map_server-11] [INFO] [1790352078.746585237] [rclcpp]: signal_handler(SIGINT/SIGTERM)
[map_server-11] [INFO] [1790352078.746735182] [map_server]: Running Nav2 LifecycleNode rcl preshutdown (map_server)
[map_server-11] [INFO] [1790352078.746844521] [map_server]: Deactivating
[map_server-11] [INFO] [1790352078.746868040] [map_server]: Destroying bond (map_server) to lifecycle manager.
[twist_mux-6] [INFO] [1790352078.746690416] [rclcpp]: signal_handler(SIGINT/SIGTERM)
[joy_node-5] [INFO] [1790352078.748621147] [rclcpp]: signal_handler(SIGINT/SIGTERM)
[amcl-12] [0m[INFO] [1790352078.748899599] [amcl]: Running Nav2 LifecycleNode rcl preshutdown (amcl)[0m
[amcl-12] [0m[INFO] [1790352078.749596272] [amcl]: Deactivating[0m
[amcl-12] [0m[INFO] [1790352078.749646702] [amcl]: Destroying bond (amcl) to lifecycle manager.[0m
[map_server-11] [INFO] [1790352078.757300766] [map_server]: Cleaning up
[map_server-11] [INFO] [1790352078.757409241] [map_server]: Destroying bond (map_server) to lifecycle manager.
[amcl-12] [0m[INFO] [1790352078.760018247] [amcl]: Cleaning up[0m
[amcl-12] [0m[INFO] [1790352078.777810810] [amcl]: Destroying bond (amcl) to lifecycle manager.[0m
[joy_teleop-4] Traceback (most recent call last):
[joy_teleop-4]   File "/opt/ros/humble/lib/joy_teleop/joy_teleop", line 33, in <module>
[joy_teleop-4]     sys.exit(load_entry_point('joy-teleop==1.6.0', 'console_scripts', 'joy_teleop')())
[joy_teleop-4]   File "/opt/ros/humble/lib/python3.10/site-packages/joy_teleop/joy_teleop.py", line 435, in main
[joy_teleop-4]     rclpy.spin(node)
[joy_teleop-4]   File "/opt/ros/humble/local/lib/python3.10/dist-packages/rclpy/__init__.py", line 229, in spin
[joy_teleop-4]     executor.spin_once()
[joy_teleop-4]   File "/opt/ros/humble/local/lib/python3.10/dist-packages/rclpy/executors.py", line 812, in spin_once
[joy_teleop-4]     self._spin_once_impl(timeout_sec)
[joy_teleop-4]   File "/opt/ros/humble/local/lib/python3.10/dist-packages/rclpy/executors.py", line 801, in _spin_once_impl
[joy_teleop-4]     handler, entity, node = self.wait_for_ready_callbacks(timeout_sec=timeout_sec)
[joy_teleop-4]   File "/opt/ros/humble/local/lib/python3.10/dist-packages/rclpy/executors.py", line 784, in wait_for_ready_callbacks
[joy_teleop-4]     return next(self._cb_iter)
[joy_teleop-4]   File "/opt/ros/humble/local/lib/python3.10/dist-packages/rclpy/executors.py", line 657, in _wait_for_ready_callbacks
[joy_teleop-4]     wait_set = _rclpy.WaitSet(
[joy_teleop-4] rclpy._rclpy_pybind11.RCLError: failed to initialize wait set: the given context is not valid, either rcl_init() was not called or rcl_shutdown() was called., at ./src/rcl/wait.c:130
[joystick_relay.py-8] Traceback (most recent call last):
[joystick_relay.py-8]   File "/opt/ros/humble/lib/twist_mux/joystick_relay.py", line 302, in <module>
[joystick_relay.py-8]     main()
[joystick_relay.py-8]   File "/opt/ros/humble/lib/twist_mux/joystick_relay.py", line 293, in main
[joystick_relay.py-8]     rclpy.spin(node)
[joystick_relay.py-8]   File "/opt/ros/humble/local/lib/python3.10/dist-packages/rclpy/__init__.py", line 229, in spin
[joystick_relay.py-8]     executor.spin_once()
[joystick_relay.py-8]   File "/opt/ros/humble/local/lib/python3.10/dist-packages/rclpy/executors.py", line 812, in spin_once
[joystick_relay.py-8]     self._spin_once_impl(timeout_sec)
[joystick_relay.py-8]   File "/opt/ros/humble/local/lib/python3.10/dist-packages/rclpy/executors.py", line 801, in _spin_once_impl
[joystick_relay.py-8]     handler, entity, node = self.wait_for_ready_callbacks(timeout_sec=timeout_sec)
[joystick_relay.py-8]   File "/opt/ros/humble/local/lib/python3.10/dist-packages/rclpy/executors.py", line 784, in wait_for_ready_callbacks
[joystick_relay.py-8]     return next(self._cb_iter)
[joystick_relay.py-8]   File "/opt/ros/humble/local/lib/python3.10/dist-packages/rclpy/executors.py", line 657, in _wait_for_ready_callbacks
[joystick_relay.py-8]     wait_set = _rclpy.WaitSet(
[joystick_relay.py-8] rclpy._rclpy_pybind11.RCLError: failed to initialize wait set: the given context is not valid, either rcl_init() was not called or rcl_shutdown() was called., at ./src/rcl/wait.c:130
[map_server-11] [INFO] [1790352078.897264958] [map_server]: Destroying
[lifecycle_manager-13] [INFO] [1790352078.905425848] [lifecycle_manager_localization]: Destroying lifecycle_manager_localization
[amcl-12] [0m[INFO] [1790352078.905527476] [amcl]: Destroying[0m
[INFO] [twist_mux-6]: process has finished cleanly [pid 1564652]
[INFO] [twist_marker-7]: process has finished cleanly [pid 1564654]
[INFO] [twist_relay-9]: process has finished cleanly [pid 1564658]
[INFO] [ekf_node-14]: process has finished cleanly [pid 1564905]
[INFO] [robot_state_publisher-2]: process has finished cleanly [pid 1564644]
[INFO] [joy_node-5]: process has finished cleanly [pid 1564650]
[imu_republisher.py-15] Traceback (most recent call last):
[imu_republisher.py-15]   File "/home/molar1/bumperbot_ws/install/robot_lab_localization/lib/robot_lab_localization/imu_republisher.py", line 54, in <module>
[imu_republisher.py-15]     main()
[imu_republisher.py-15]   File "/home/molar1/bumperbot_ws/install/robot_lab_localization/lib/robot_lab_localization/imu_republisher.py", line 45, in main
[imu_republisher.py-15]     rclpy.spin(node)
[imu_republisher.py-15]   File "/opt/ros/humble/local/lib/python3.10/dist-packages/rclpy/__init__.py", line 229, in spin
[imu_republisher.py-15]     executor.spin_once()
[imu_republisher.py-15]   File "/opt/ros/humble/local/lib/python3.10/dist-packages/rclpy/executors.py", line 812, in spin_once
[imu_republisher.py-15]     self._spin_once_impl(timeout_sec)
[imu_republisher.py-15]   File "/opt/ros/humble/local/lib/python3.10/dist-packages/rclpy/executors.py", line 801, in _spin_once_impl
[imu_republisher.py-15]     handler, entity, node = self.wait_for_ready_callbacks(timeout_sec=timeout_sec)
[imu_republisher.py-15]   File "/opt/ros/humble/local/lib/python3.10/dist-packages/rclpy/executors.py", line 784, in wait_for_ready_callbacks
[imu_republisher.py-15]     return next(self._cb_iter)
[imu_republisher.py-15]   File "/opt/ros/humble/local/lib/python3.10/dist-packages/rclpy/executors.py", line 657, in _wait_for_ready_callbacks
[imu_republisher.py-15]     wait_set = _rclpy.WaitSet(
[imu_republisher.py-15] rclpy._rclpy_pybind11.RCLError: failed to initialize wait set: the given context is not valid, either rcl_init() was not called or rcl_shutdown() was called., at ./src/rcl/wait.c:130
[INFO] [lifecycle_manager-13]: process has finished cleanly [pid 1564903]
[INFO] [wheel_imu_fusion-16]: process has finished cleanly [pid 1564909]
[INFO] [map_server-11]: process has finished cleanly [pid 1564899]
[INFO] [amcl-12]: process has finished cleanly [pid 1564901]
[INFO] [go2-stance-gait-controller-1]: process has finished cleanly [pid 1564642]
[ERROR] [imu_republisher.py-15]: process has died [pid 1564907, exit code 1, cmd '/home/molar1/bumperbot_ws/install/robot_lab_localization/lib/robot_lab_localization/imu_republisher.py --ros-args --params-file /workspace/molar/.tmp/launch_params_h8mjjpan'].
[ERROR] [joy_teleop-4]: process has died [pid 1564648, exit code 1, cmd '/opt/ros/humble/lib/joy_teleop/joy_teleop --ros-args --params-file /home/molar1/bumperbot_ws/install/robot_lab_controller/share/robot_lab_controller/config/joy_teleop.yaml --params-file /workspace/molar/.tmp/launch_params_gmkg08x3'].
[INFO] [mujoco_spawner-3]: process has finished cleanly [pid 1564646]
[ERROR] [joystick_relay.py-8]: process has died [pid 1564656, exit code 1, cmd '/opt/ros/humble/lib/twist_mux/joystick_relay.py --ros-args --params-file /workspace/molar/.tmp/launch_params_1w58761w --params-file /home/molar1/bumperbot_ws/install/robot_lab_controller/share/robot_lab_controller/config/twist_mux_joy.yaml -r joy_vel_out:=joy_vel -r joy_vel_in:=input_joy/cmd_vel'].
