[INFO] [launch]: All log files can be found below /home/molar1/.ros/log/2026-09-25-18-01-20-999114-molar1-1565136
[INFO] [launch]: Default logging verbosity is set to INFO
[robot_lab] algorithm localization=amcl -> global_localization stack
[robot_lab] algorithm state_estimation=ekf_localization_node -> local_localization stack
[robot_lab] algorithm sensor_fusion=wheel_imu_fusion -> node robot_lab_algorithms/wheel_imu_fusion
[INFO] [go2-stance-gait-controller-1]: process started with pid [1565176]
[INFO] [robot_state_publisher-2]: process started with pid [1565178]
[INFO] [mujoco_spawner-3]: process started with pid [1565180]
[INFO] [joy_teleop-4]: process started with pid [1565182]
[INFO] [joy_node-5]: process started with pid [1565184]
[INFO] [twist_mux-6]: process started with pid [1565186]
[INFO] [twist_marker-7]: process started with pid [1565188]
[INFO] [joystick_relay.py-8]: process started with pid [1565190]
[INFO] [twist_relay-9]: process started with pid [1565192]
[INFO] [simulator_ready_gate-10]: process started with pid [1565194]
[twist_mux-6] [INFO] [1790352081.945040765] [twist_mux]: Topic handler 'topics.joystick' subscribed to topic 'joy_vel': timeout = 0.500000s , priority = 99.
[twist_mux-6] [INFO] [1790352081.947689385] [twist_mux]: Topic handler 'topics.keyboard' subscribed to topic 'key_vel': timeout = 0.500000s , priority = 90.
[twist_mux-6] [INFO] [1790352081.949090508] [twist_mux]: Topic handler 'topics.navigation' subscribed to topic 'cmd_vel': timeout = 0.500000s , priority = 80.
[twist_mux-6] [INFO] [1790352081.950368276] [twist_mux]: Topic handler 'locks.safety_stop' subscribed to topic 'safety_stop': timeout = None , priority = 255.
[robot_state_publisher-2] [INFO] [1790352081.951561216] [robot_state_publisher]: got segment FL_calf
[robot_state_publisher-2] [INFO] [1790352081.952492023] [robot_state_publisher]: got segment FL_calf_rotor
[robot_state_publisher-2] [INFO] [1790352081.953004417] [robot_state_publisher]: got segment FL_foot
[robot_state_publisher-2] [INFO] [1790352081.953493163] [robot_state_publisher]: got segment FL_hip
[robot_state_publisher-2] [INFO] [1790352081.953939352] [robot_state_publisher]: got segment FL_hip_rotor
[robot_state_publisher-2] [INFO] [1790352081.954451809] [robot_state_publisher]: got segment FL_thigh
[robot_state_publisher-2] [INFO] [1790352081.954902318] [robot_state_publisher]: got segment FL_thigh_rotor
[robot_state_publisher-2] [INFO] [1790352081.955354202] [robot_state_publisher]: got segment FR_calf
[robot_state_publisher-2] [INFO] [1790352081.955773352] [robot_state_publisher]: got segment FR_calf_rotor
[robot_state_publisher-2] [INFO] [1790352081.956194421] [robot_state_publisher]: got segment FR_foot
[robot_state_publisher-2] [INFO] [1790352081.956624962] [robot_state_publisher]: got segment FR_hip
[robot_state_publisher-2] [INFO] [1790352081.957064623] [robot_state_publisher]: got segment FR_hip_rotor
[robot_state_publisher-2] [INFO] [1790352081.957504764] [robot_state_publisher]: got segment FR_thigh
[robot_state_publisher-2] [INFO] [1790352081.957947496] [robot_state_publisher]: got segment FR_thigh_rotor
[robot_state_publisher-2] [INFO] [1790352081.958429587] [robot_state_publisher]: got segment RL_calf
[robot_state_publisher-2] [INFO] [1790352081.958455538] [robot_state_publisher]: got segment RL_calf_rotor
[robot_state_publisher-2] [INFO] [1790352081.958466770] [robot_state_publisher]: got segment RL_foot
[robot_state_publisher-2] [INFO] [1790352081.958475889] [robot_state_publisher]: got segment RL_hip
[robot_state_publisher-2] [INFO] [1790352081.958484369] [robot_state_publisher]: got segment RL_hip_rotor
[robot_state_publisher-2] [INFO] [1790352081.958491985] [robot_state_publisher]: got segment RL_thigh
[robot_state_publisher-2] [INFO] [1790352081.958500304] [robot_state_publisher]: got segment RL_thigh_rotor
[robot_state_publisher-2] [INFO] [1790352081.958508144] [robot_state_publisher]: got segment RR_calf
[robot_state_publisher-2] [INFO] [1790352081.958515376] [robot_state_publisher]: got segment RR_calf_rotor
[robot_state_publisher-2] [INFO] [1790352081.958524751] [robot_state_publisher]: got segment RR_foot
[robot_state_publisher-2] [INFO] [1790352081.958532111] [robot_state_publisher]: got segment RR_hip
[robot_state_publisher-2] [INFO] [1790352081.958540591] [robot_state_publisher]: got segment RR_hip_rotor
[robot_state_publisher-2] [INFO] [1790352081.958547918] [robot_state_publisher]: got segment RR_thigh
[robot_state_publisher-2] [INFO] [1790352081.958555310] [robot_state_publisher]: got segment RR_thigh_rotor
[robot_state_publisher-2] [INFO] [1790352081.958562606] [robot_state_publisher]: got segment base
[robot_state_publisher-2] [INFO] [1790352081.958570509] [robot_state_publisher]: got segment front_camera
[robot_state_publisher-2] [INFO] [1790352081.958577805] [robot_state_publisher]: got segment imu_link
[robot_state_publisher-2] [INFO] [1790352081.958586797] [robot_state_publisher]: got segment trunk
[go2-stance-gait-controller-1] [0;93m2026-09-25 18:01:22.785197712 [W:onnxruntime:Default, device_discovery.cc:164 DiscoverDevicesForPlatform] GPU device discovery failed: device_discovery.cc:89 ReadFileContents Failed to open file: "/sys/class/drm/card1/device/vendor"[m
[go2-stance-gait-controller-1] [INFO] [1790352082.847370966] [go2_stance_gait_controller]: Go2 closed-loop stance: 12 effort joints at 250.0 Hz; controller ONNX velocity policy
[mujoco_spawner-3] [INFO] [1790352083.926475266] [mujoco_spawner]: MuJoCo: 18 collision proxy geom(s) moved to group 3 (viewer Rendering tab to show them).
[mujoco_spawner-3] [INFO] [1790352083.977019142] [mujoco_spawner]: MuJoCo URDF import OK (all meshes staged).
[mujoco_spawner-3] [WARN] [1790352083.987311526] [mujoco_spawner]: MuJoCo effort plant: no MJCF beside /home/molar1/bumperbot_ws/install/robot_lab_robots/share/robot_lab_robots/unitree/go2_description/xacro/go2_sim.xacro names every effort joint; keeping the URDF <dynamics> (damping=5.0 is a Gazebo stabiliser the robot does not have).
[mujoco_spawner-3] [INFO] [1790352084.030962200] [mujoco_spawner]: MuJoCo physics timestep: 0.0010 s
[mujoco_spawner-3] [INFO] [1790352084.032564850] [mujoco_spawner]: Robot has no 'oakd_rgb_camera_frame' link; no RGB-D camera is published.
[mujoco_spawner-3] [INFO] [1790352084.033429709] [mujoco_spawner]: Joints: ['FR_hip_joint', 'FR_thigh_joint', 'FR_calf_joint', 'FL_hip_joint', 'FL_thigh_joint', 'FL_calf_joint', 'RR_hip_joint', 'RR_thigh_joint', 'RR_calf_joint', 'RL_hip_joint', 'RL_thigh_joint', 'RL_calf_joint']   lw= rw=
[mujoco_spawner-3] [INFO] [1790352084.035330842] [mujoco_spawner]: MuJoCo effort joint armature: 0.0100 kg m^2
[mujoco_spawner-3] [INFO] [1790352084.036685759] [mujoco_spawner]: Joint effort input: /go2_group_effort_controller/commands (12 joints, URDF limits)
[mujoco_spawner-3] [INFO] [1790352084.038150943] [mujoco_spawner]: Spawn ground clearance: raised root by 0.2050 m
[mujoco_spawner-3] [INFO] [1790352084.038933565] [mujoco_spawner]: MuJoCo model loaded: 14 bodies, 13 joints
[mujoco_spawner-3] [INFO] [1790352084.039446567] [mujoco_spawner]: MuJoCo gui param=False (resolved=False), DISPLAY=:1 -> mode=DIRECT
[mujoco_spawner-3] [INFO] [1790352084.039908659] [mujoco_spawner]: MuJoCo running headless (gui=False, viewer=True).
[mujoco_spawner-3] [INFO] [1790352084.046967519] [mujoco_spawner]: MuJoCo spawner running.
[INFO] [simulator_ready_gate-10]: process has finished cleanly [pid 1565194]
[INFO] [amcl-12]: process started with pid [1565429]
[INFO] [map_server-11]: process started with pid [1565427]
[INFO] [lifecycle_manager-13]: process started with pid [1565431]
[INFO] [ekf_node-14]: process started with pid [1565433]
[INFO] [imu_republisher.py-15]: process started with pid [1565435]
[INFO] [wheel_imu_fusion-16]: process started with pid [1565437]
[map_server-11] [INFO] [1790352084.482723265] [map_server]: 
[map_server-11] 	map_server lifecycle node launched. 
[map_server-11] 	Waiting on external lifecycle transitions to activate
[map_server-11] 	See https://design.ros2.org/articles/node_lifecycle.html for more information.
[map_server-11] [INFO] [1790352084.482920761] [map_server]: Creating
[lifecycle_manager-13] [INFO] [1790352084.499964595] [lifecycle_manager_localization]: Creating
[lifecycle_manager-13] [INFO] [1790352084.503105130] [lifecycle_manager_localization]: [34m[1mCreating and initializing lifecycle service clients[0m[0m
[amcl-12] [0m[INFO] [1790352084.504401809] [amcl]: 
[amcl-12] 	amcl lifecycle node launched. 
[amcl-12] 	Waiting on external lifecycle transitions to activate
[amcl-12] 	See https://design.ros2.org/articles/node_lifecycle.html for more information.[0m
[amcl-12] [0m[INFO] [1790352084.505812180] [amcl]: Creating[0m
[lifecycle_manager-13] [INFO] [1790352084.651834782] [lifecycle_manager_localization]: [34m[1mStarting managed nodes bringup...[0m[0m
[lifecycle_manager-13] [INFO] [1790352084.654617797] [lifecycle_manager_localization]: [34m[1mConfiguring map_server[0m[0m
[map_server-11] [INFO] [1790352084.656491219] [map_server]: Configuring
[map_server-11] [INFO] [1790352084.656629709] [map_io]: Loading yaml file: /home/molar1/bumperbot_ws/install/robot_lab_maps/share/robot_lab_maps/maps/nav_empty/maps/map.yaml
[map_server-11] [INFO] [1790352084.657074906] [map_io]: resolution: 0.05
[map_server-11] [INFO] [1790352084.657091993] [map_io]: origin[0]: -7
[map_server-11] [INFO] [1790352084.657097529] [map_io]: origin[1]: -7
[map_server-11] [INFO] [1790352084.657101880] [map_io]: origin[2]: 0
[map_server-11] [INFO] [1790352084.657106680] [map_io]: free_thresh: 0.196
[map_server-11] [INFO] [1790352084.657111416] [map_io]: occupied_thresh: 0.65
[map_server-11] [INFO] [1790352084.657117176] [map_io]: mode: trinary
[map_server-11] [INFO] [1790352084.657123927] [map_io]: negate: 0
[map_server-11] [INFO] [1790352084.657412971] [map_io]: Loading image_file: /home/molar1/bumperbot_ws/install/robot_lab_maps/share/robot_lab_maps/maps/nav_empty/maps/map.pgm
[map_server-11] [INFO] [1790352084.670188223] [map_io]: Read map /home/molar1/bumperbot_ws/install/robot_lab_maps/share/robot_lab_maps/maps/nav_empty/maps/map.pgm: 280 X 280 map @ 0.05 m/cell
[lifecycle_manager-13] [INFO] [1790352084.683985446] [lifecycle_manager_localization]: [34m[1mConfiguring amcl[0m[0m
[amcl-12] [0m[INFO] [1790352084.687043041] [amcl]: Configuring[0m
[amcl-12] [0m[INFO] [1790352084.687233880] [amcl]: initTransforms[0m
[amcl-12] [0m[INFO] [1790352084.709047970] [amcl]: initPubSub[0m
[amcl-12] [0m[INFO] [1790352084.719794959] [amcl]: Subscribed to map topic.[0m
[lifecycle_manager-13] [INFO] [1790352084.731692424] [lifecycle_manager_localization]: [34m[1mActivating map_server[0m[0m
[map_server-11] [INFO] [1790352084.732040057] [map_server]: Activating
[map_server-11] [INFO] [1790352084.732662238] [map_server]: Creating bond (map_server) to lifecycle manager.
[amcl-12] [0m[INFO] [1790352084.734077153] [amcl]: Received a 280 X 280 map @ 0.050 m/pix[0m
[lifecycle_manager-13] [INFO] [1790352084.841666292] [lifecycle_manager_localization]: Server map_server connected with bond.
[lifecycle_manager-13] [INFO] [1790352084.841762800] [lifecycle_manager_localization]: [34m[1mActivating amcl[0m[0m
[amcl-12] [0m[INFO] [1790352084.842094657] [amcl]: Activating[0m
[amcl-12] [0m[INFO] [1790352084.842195133] [amcl]: initialPoseReceived[0m
[amcl-12] [0m[INFO] [1790352084.842412531] [amcl]: Setting pose (0.624000): -0.500 -0.500 0.000[0m
[amcl-12] [0m[INFO] [1790352084.842993658] [amcl]: Creating bond (amcl) to lifecycle manager.[0m
[amcl-12] [0m[INFO] [1790352084.855391518] [amcl]: createLaserObject[0m
[lifecycle_manager-13] [INFO] [1790352084.950622508] [lifecycle_manager_localization]: Server amcl connected with bond.
[lifecycle_manager-13] [INFO] [1790352084.950719783] [lifecycle_manager_localization]: [34m[1mManaged nodes are active[0m[0m
[lifecycle_manager-13] [INFO] [1790352084.950757254] [lifecycle_manager_localization]: [34m[1mCreating bond timer...[0m[0m
[wheel_imu_fusion-16] [INFO] [1790352085.255577724] [sensor_fusion_wheel_imu_fusion]: wheel_imu_fusion ready
[amcl-12] [0m[INFO] [1790352092.648930646] [rclcpp]: signal_handler(SIGINT/SIGTERM)[0m
[amcl-12] [0m[INFO] [1790352092.649092367] [amcl]: Running Nav2 LifecycleNode rcl preshutdown (amcl)[0m
[amcl-12] [0m[INFO] [1790352092.649211370] [amcl]: Deactivating[0m
[amcl-12] [0m[INFO] [1790352092.649249064] [amcl]: Destroying bond (amcl) to lifecycle manager.[0m
[ekf_node-14] [INFO] [1790352092.648961301] [rclcpp]: signal_handler(SIGINT/SIGTERM)
[twist_relay-9] [INFO] [1790352092.648992435] [rclcpp]: signal_handler(SIGINT/SIGTERM)
[map_server-11] [INFO] [1790352092.649031250] [rclcpp]: signal_handler(SIGINT/SIGTERM)
[map_server-11] [INFO] [1790352092.649180555] [map_server]: Running Nav2 LifecycleNode rcl preshutdown (map_server)
[map_server-11] [INFO] [1790352092.649279367] [map_server]: Deactivating
[map_server-11] [INFO] [1790352092.649303718] [map_server]: Destroying bond (map_server) to lifecycle manager.
[twist_marker-7] [INFO] [1790352092.649019026] [rclcpp]: signal_handler(SIGINT/SIGTERM)
[twist_mux-6] [INFO] [1790352092.649176876] [rclcpp]: signal_handler(SIGINT/SIGTERM)
[joy_node-5] [INFO] [1790352092.649299782] [rclcpp]: signal_handler(SIGINT/SIGTERM)
[lifecycle_manager-13] [INFO] [1790352092.649523101] [rclcpp]: signal_handler(SIGINT/SIGTERM)
[lifecycle_manager-13] [INFO] [1790352092.649623128] [lifecycle_manager_localization]: Running Nav2 LifecycleManager rcl preshutdown (lifecycle_manager_localization)
[lifecycle_manager-13] [INFO] [1790352092.649677718] [lifecycle_manager_localization]: [34m[1mTerminating bond timer...[0m[0m
[robot_state_publisher-2] [INFO] [1790352092.650059973] [rclcpp]: signal_handler(SIGINT/SIGTERM)
[amcl-12] [0m[INFO] [1790352092.659657736] [amcl]: Cleaning up[0m
[map_server-11] [INFO] [1790352092.659670152] [map_server]: Cleaning up
[map_server-11] [INFO] [1790352092.659776771] [map_server]: Destroying bond (map_server) to lifecycle manager.
[amcl-12] [0m[INFO] [1790352092.667461272] [amcl]: Destroying bond (amcl) to lifecycle manager.[0m
[joy_teleop-4] Traceback (most recent call last):
[joy_teleop-4]   File "/opt/ros/humble/lib/joy_teleop/joy_teleop", line 33, in <module>
[joy_teleop-4]     sys.exit(load_entry_point('joy-teleop==1.6.0', 'console_scripts', 'joy_teleop')())
[joy_teleop-4]   File "/opt/ros/humble/lib/python3.10/site-packages/joy_teleop/joy_teleop.py", line 435, in main
[joy_teleop-4]     rclpy.spin(node)
[joy_teleop-4]   File "/opt/ros/humble/local/lib/python3.10/dist-packages/rclpy/__init__.py", line 229, in spin
[joy_teleop-4]     executor.spin_once()
[joy_teleop-4]   File "/opt/ros/humble/local/lib/python3.10/dist-packages/rclpy/executors.py", line 812, in spin_once
[joy_teleop-4]     self._spin_once_impl(timeout_sec)
[joy_teleop-4]   File "/opt/ros/humble/local/lib/python3.10/dist-packages/rclpy/executors.py", line 801, in _spin_once_impl
[joy_teleop-4]     handler, entity, node = self.wait_for_ready_callbacks(timeout_sec=timeout_sec)
[joy_teleop-4]   File "/opt/ros/humble/local/lib/python3.10/dist-packages/rclpy/executors.py", line 784, in wait_for_ready_callbacks
[joy_teleop-4]     return next(self._cb_iter)
[joy_teleop-4]   File "/opt/ros/humble/local/lib/python3.10/dist-packages/rclpy/executors.py", line 685, in _wait_for_ready_callbacks
[joy_teleop-4]     raise ExternalShutdownException()
[joy_teleop-4] rclpy.executors.ExternalShutdownException
[amcl-12] [0m[INFO] [1790352092.750638201] [amcl]: Destroying[0m
[joystick_relay.py-8] Traceback (most recent call last):
[joystick_relay.py-8]   File "/opt/ros/humble/lib/twist_mux/joystick_relay.py", line 302, in <module>
[joystick_relay.py-8]     main()
[joystick_relay.py-8]   File "/opt/ros/humble/lib/twist_mux/joystick_relay.py", line 293, in main
[joystick_relay.py-8]     rclpy.spin(node)
[joystick_relay.py-8]   File "/opt/ros/humble/local/lib/python3.10/dist-packages/rclpy/__init__.py", line 229, in spin
[joystick_relay.py-8]     executor.spin_once()
[joystick_relay.py-8]   File "/opt/ros/humble/local/lib/python3.10/dist-packages/rclpy/executors.py", line 812, in spin_once
[joystick_relay.py-8]     self._spin_once_impl(timeout_sec)
[joystick_relay.py-8]   File "/opt/ros/humble/local/lib/python3.10/dist-packages/rclpy/executors.py", line 801, in _spin_once_impl
[joystick_relay.py-8]     handler, entity, node = self.wait_for_ready_callbacks(timeout_sec=timeout_sec)
[joystick_relay.py-8]   File "/opt/ros/humble/local/lib/python3.10/dist-packages/rclpy/executors.py", line 784, in wait_for_ready_callbacks
[joystick_relay.py-8]     return next(self._cb_iter)
[joystick_relay.py-8]   File "/opt/ros/humble/local/lib/python3.10/dist-packages/rclpy/executors.py", line 657, in _wait_for_ready_callbacks
[joystick_relay.py-8]     wait_set = _rclpy.WaitSet(
[joystick_relay.py-8] rclpy._rclpy_pybind11.RCLError: failed to initialize wait set: the given context is not valid, either rcl_init() was not called or rcl_shutdown() was called., at ./src/rcl/wait.c:130
[map_server-11] [INFO] [1790352092.840267620] [map_server]: Destroying
[lifecycle_manager-13] [INFO] [1790352092.843212677] [lifecycle_manager_localization]: Destroying lifecycle_manager_localization
[INFO] [twist_marker-7]: process has finished cleanly [pid 1565188]
[INFO] [twist_mux-6]: process has finished cleanly [pid 1565186]
[INFO] [robot_state_publisher-2]: process has finished cleanly [pid 1565178]
[INFO] [joy_node-5]: process has finished cleanly [pid 1565184]
[INFO] [ekf_node-14]: process has finished cleanly [pid 1565433]
[INFO] [twist_relay-9]: process has finished cleanly [pid 1565192]
[go2-stance-gait-controller-1] Traceback (most recent call last):
[go2-stance-gait-controller-1]   File "/home/molar1/bumperbot_ws/install/robot_lab_adapter/lib/robot_lab_adapter/go2-stance-gait-controller", line 33, in <module>
[go2-stance-gait-controller-1]     sys.exit(load_entry_point('robot_lab_adapter==0.1.0', 'console_scripts', 'go2-stance-gait-controller')())
[go2-stance-gait-controller-1]   File "/home/molar1/bumperbot_ws/install/robot_lab_adapter/lib/python3.10/site-packages/robot_lab_adapter/go2_stance_gait_controller.py", line 179, in main
[go2-stance-gait-controller-1]     rclpy.spin(node)
[go2-stance-gait-controller-1]   File "/opt/ros/humble/local/lib/python3.10/dist-packages/rclpy/__init__.py", line 229, in spin
[go2-stance-gait-controller-1]     executor.spin_once()
[go2-stance-gait-controller-1]   File "/opt/ros/humble/local/lib/python3.10/dist-packages/rclpy/executors.py", line 812, in spin_once
[go2-stance-gait-controller-1]     self._spin_once_impl(timeout_sec)
[go2-stance-gait-controller-1]   File "/opt/ros/humble/local/lib/python3.10/dist-packages/rclpy/executors.py", line 809, in _spin_once_impl
[go2-stance-gait-controller-1]     raise handler.exception()
[go2-stance-gait-controller-1]   File "/opt/ros/humble/local/lib/python3.10/dist-packages/rclpy/task.py", line 309, in _execute_coroutine_step
[go2-stance-gait-controller-1]     result = coro.send(None)
[go2-stance-gait-controller-1]   File "/opt/ros/humble/local/lib/python3.10/dist-packages/rclpy/executors.py", line 488, in handler
[go2-stance-gait-controller-1]     await call_coroutine(entity, arg)
[go2-stance-gait-controller-1]   File "/opt/ros/humble/local/lib/python3.10/dist-packages/rclpy/executors.py", line 396, in _execute_timer
[go2-stance-gait-controller-1]     await await_or_execute(tmr.callback)
[go2-stance-gait-controller-1]   File "/opt/ros/humble/local/lib/python3.10/dist-packages/rclpy/executors.py", line 110, in await_or_execute
[go2-stance-gait-controller-1]     return callback(*args)
[go2-stance-gait-controller-1]   File "/home/molar1/bumperbot_ws/install/robot_lab_adapter/lib/python3.10/site-packages/robot_lab_adapter/go2_stance_gait_controller.py", line 142, in _on_timer
[go2-stance-gait-controller-1]     self._safety_pub.publish(safety_msg)
[go2-stance-gait-controller-1]   File "/opt/ros/humble/local/lib/python3.10/dist-packages/rclpy/publisher.py", line 70, in publish
[go2-stance-gait-controller-1]     self.__publisher.publish(msg)
[go2-stance-gait-controller-1] rclpy._rclpy_pybind11.RCLError: Failed to publish: publisher's context is invalid, at ./src/rcl/publisher.c:389
[imu_republisher.py-15] Traceback (most recent call last):
[imu_republisher.py-15]   File "/home/molar1/bumperbot_ws/install/robot_lab_localization/lib/robot_lab_localization/imu_republisher.py", line 54, in <module>
[imu_republisher.py-15]     main()
[imu_republisher.py-15]   File "/home/molar1/bumperbot_ws/install/robot_lab_localization/lib/robot_lab_localization/imu_republisher.py", line 45, in main
[imu_republisher.py-15]     rclpy.spin(node)
[imu_republisher.py-15]   File "/opt/ros/humble/local/lib/python3.10/dist-packages/rclpy/__init__.py", line 229, in spin
[imu_republisher.py-15]     executor.spin_once()
[imu_republisher.py-15]   File "/opt/ros/humble/local/lib/python3.10/dist-packages/rclpy/executors.py", line 812, in spin_once
[imu_republisher.py-15]     self._spin_once_impl(timeout_sec)
[imu_republisher.py-15]   File "/opt/ros/humble/local/lib/python3.10/dist-packages/rclpy/executors.py", line 801, in _spin_once_impl
[imu_republisher.py-15]     handler, entity, node = self.wait_for_ready_callbacks(timeout_sec=timeout_sec)
[imu_republisher.py-15]   File "/opt/ros/humble/local/lib/python3.10/dist-packages/rclpy/executors.py", line 784, in wait_for_ready_callbacks
[imu_republisher.py-15]     return next(self._cb_iter)
[imu_republisher.py-15]   File "/opt/ros/humble/local/lib/python3.10/dist-packages/rclpy/executors.py", line 657, in _wait_for_ready_callbacks
[imu_republisher.py-15]     wait_set = _rclpy.WaitSet(
[imu_republisher.py-15] rclpy._rclpy_pybind11.RCLError: failed to initialize wait set: the given context is not valid, either rcl_init() was not called or rcl_shutdown() was called., at ./src/rcl/wait.c:130
[INFO] [amcl-12]: process has finished cleanly [pid 1565429]
[INFO] [wheel_imu_fusion-16]: process has finished cleanly [pid 1565437]
[INFO] [mujoco_spawner-3]: process has finished cleanly [pid 1565180]
[ERROR] [joy_teleop-4]: process has died [pid 1565182, exit code 1, cmd '/opt/ros/humble/lib/joy_teleop/joy_teleop --ros-args --params-file /home/molar1/bumperbot_ws/install/robot_lab_controller/share/robot_lab_controller/config/joy_teleop.yaml --params-file /workspace/molar/.tmp/launch_params_kdamsq80'].
[ERROR] [imu_republisher.py-15]: process has died [pid 1565435, exit code 1, cmd '/home/molar1/bumperbot_ws/install/robot_lab_localization/lib/robot_lab_localization/imu_republisher.py --ros-args --params-file /workspace/molar/.tmp/launch_params_nifbh_i7'].
[ERROR] [go2-stance-gait-controller-1]: process has died [pid 1565176, exit code 1, cmd '/home/molar1/bumperbot_ws/install/robot_lab_adapter/lib/robot_lab_adapter/go2-stance-gait-controller --ros-args --params-file /workspace/molar/.tmp/launch_params_dxkos0di'].
[INFO] [lifecycle_manager-13]: process has finished cleanly [pid 1565431]
[INFO] [map_server-11]: process has finished cleanly [pid 1565427]
[ERROR] [joystick_relay.py-8]: process has died [pid 1565190, exit code 1, cmd '/opt/ros/humble/lib/twist_mux/joystick_relay.py --ros-args --params-file /workspace/molar/.tmp/launch_params_78tl5fcw --params-file /home/molar1/bumperbot_ws/install/robot_lab_controller/share/robot_lab_controller/config/twist_mux_joy.yaml -r joy_vel_in:=input_joy/cmd_vel -r joy_vel_out:=joy_vel'].
