[INFO] [launch]: All log files can be found below /home/molar1/.ros/log/2026-09-25-18-01-34-905212-molar1-1565667
[INFO] [launch]: Default logging verbosity is set to INFO
[robot_lab] algorithm localization=amcl -> global_localization stack
[robot_lab] algorithm state_estimation=ekf_localization_node -> local_localization stack
[robot_lab] algorithm sensor_fusion=wheel_imu_fusion -> node robot_lab_algorithms/wheel_imu_fusion
[INFO] [go2-stance-gait-controller-1]: process started with pid [1565707]
[INFO] [robot_state_publisher-2]: process started with pid [1565709]
[INFO] [mujoco_spawner-3]: process started with pid [1565711]
[INFO] [joy_teleop-4]: process started with pid [1565713]
[INFO] [joy_node-5]: process started with pid [1565715]
[INFO] [twist_mux-6]: process started with pid [1565717]
[INFO] [twist_marker-7]: process started with pid [1565719]
[INFO] [joystick_relay.py-8]: process started with pid [1565729]
[INFO] [twist_relay-9]: process started with pid [1565731]
[INFO] [simulator_ready_gate-10]: process started with pid [1565733]
[twist_mux-6] [INFO] [1790352095.821640145] [twist_mux]: Topic handler 'topics.joystick' subscribed to topic 'joy_vel': timeout = 0.500000s , priority = 99.
[twist_mux-6] [INFO] [1790352095.830764650] [twist_mux]: Topic handler 'topics.keyboard' subscribed to topic 'key_vel': timeout = 0.500000s , priority = 90.
[twist_mux-6] [INFO] [1790352095.830980800] [twist_mux]: Topic handler 'topics.navigation' subscribed to topic 'cmd_vel': timeout = 0.500000s , priority = 80.
[twist_mux-6] [INFO] [1790352095.831158745] [twist_mux]: Topic handler 'locks.safety_stop' subscribed to topic 'safety_stop': timeout = None , priority = 255.
[robot_state_publisher-2] [INFO] [1790352095.842310682] [robot_state_publisher]: got segment FL_calf
[robot_state_publisher-2] [INFO] [1790352095.843475432] [robot_state_publisher]: got segment FL_calf_rotor
[robot_state_publisher-2] [INFO] [1790352095.844249479] [robot_state_publisher]: got segment FL_foot
[robot_state_publisher-2] [INFO] [1790352095.844907659] [robot_state_publisher]: got segment FL_hip
[robot_state_publisher-2] [INFO] [1790352095.845534192] [robot_state_publisher]: got segment FL_hip_rotor
[robot_state_publisher-2] [INFO] [1790352095.846120567] [robot_state_publisher]: got segment FL_thigh
[robot_state_publisher-2] [INFO] [1790352095.846712413] [robot_state_publisher]: got segment FL_thigh_rotor
[robot_state_publisher-2] [INFO] [1790352095.847321539] [robot_state_publisher]: got segment FR_calf
[robot_state_publisher-2] [INFO] [1790352095.847931593] [robot_state_publisher]: got segment FR_calf_rotor
[robot_state_publisher-2] [INFO] [1790352095.848517328] [robot_state_publisher]: got segment FR_foot
[robot_state_publisher-2] [INFO] [1790352095.850013616] [robot_state_publisher]: got segment FR_hip
[robot_state_publisher-2] [INFO] [1790352095.851693256] [robot_state_publisher]: got segment FR_hip_rotor
[robot_state_publisher-2] [INFO] [1790352095.853629813] [robot_state_publisher]: got segment FR_thigh
[robot_state_publisher-2] [INFO] [1790352095.855243279] [robot_state_publisher]: got segment FR_thigh_rotor
[robot_state_publisher-2] [INFO] [1790352095.856597845] [robot_state_publisher]: got segment RL_calf
[robot_state_publisher-2] [INFO] [1790352095.858424519] [robot_state_publisher]: got segment RL_calf_rotor
[robot_state_publisher-2] [INFO] [1790352095.859187750] [robot_state_publisher]: got segment RL_foot
[robot_state_publisher-2] [INFO] [1790352095.859243108] [robot_state_publisher]: got segment RL_hip
[robot_state_publisher-2] [INFO] [1790352095.859257923] [robot_state_publisher]: got segment RL_hip_rotor
[robot_state_publisher-2] [INFO] [1790352095.859267715] [robot_state_publisher]: got segment RL_thigh
[robot_state_publisher-2] [INFO] [1790352095.859277378] [robot_state_publisher]: got segment RL_thigh_rotor
[robot_state_publisher-2] [INFO] [1790352095.859285538] [robot_state_publisher]: got segment RR_calf
[robot_state_publisher-2] [INFO] [1790352095.859294178] [robot_state_publisher]: got segment RR_calf_rotor
[robot_state_publisher-2] [INFO] [1790352095.859303873] [robot_state_publisher]: got segment RR_foot
[robot_state_publisher-2] [INFO] [1790352095.859311681] [robot_state_publisher]: got segment RR_hip
[robot_state_publisher-2] [INFO] [1790352095.859320352] [robot_state_publisher]: got segment RR_hip_rotor
[robot_state_publisher-2] [INFO] [1790352095.859328192] [robot_state_publisher]: got segment RR_thigh
[robot_state_publisher-2] [INFO] [1790352095.859335584] [robot_state_publisher]: got segment RR_thigh_rotor
[robot_state_publisher-2] [INFO] [1790352095.859343199] [robot_state_publisher]: got segment base
[robot_state_publisher-2] [INFO] [1790352095.859351039] [robot_state_publisher]: got segment front_camera
[robot_state_publisher-2] [INFO] [1790352095.859358175] [robot_state_publisher]: got segment imu_link
[robot_state_publisher-2] [INFO] [1790352095.859367774] [robot_state_publisher]: got segment trunk
[go2-stance-gait-controller-1] [0;93m2026-09-25 18:01:36.618445962 [W:onnxruntime:Default, device_discovery.cc:164 DiscoverDevicesForPlatform] GPU device discovery failed: device_discovery.cc:89 ReadFileContents Failed to open file: "/sys/class/drm/card1/device/vendor"[m
[go2-stance-gait-controller-1] [INFO] [1790352096.686342957] [go2_stance_gait_controller]: Go2 closed-loop stance: 12 effort joints at 250.0 Hz; controller ONNX velocity policy
[mujoco_spawner-3] [INFO] [1790352097.887562034] [mujoco_spawner]: MuJoCo: 18 collision proxy geom(s) moved to group 3 (viewer Rendering tab to show them).
[mujoco_spawner-3] [INFO] [1790352097.940807372] [mujoco_spawner]: MuJoCo URDF import OK (all meshes staged).
[mujoco_spawner-3] [WARN] [1790352097.951279788] [mujoco_spawner]: MuJoCo effort plant: no MJCF beside /home/molar1/bumperbot_ws/install/robot_lab_robots/share/robot_lab_robots/unitree/go2_description/xacro/go2_sim.xacro names every effort joint; keeping the URDF <dynamics> (damping=5.0 is a Gazebo stabiliser the robot does not have).
[mujoco_spawner-3] [INFO] [1790352097.998986547] [mujoco_spawner]: MuJoCo physics timestep: 0.0010 s
[mujoco_spawner-3] [INFO] [1790352098.000551824] [mujoco_spawner]: Robot has no 'oakd_rgb_camera_frame' link; no RGB-D camera is published.
[mujoco_spawner-3] [INFO] [1790352098.001495911] [mujoco_spawner]: Joints: ['FR_hip_joint', 'FR_thigh_joint', 'FR_calf_joint', 'FL_hip_joint', 'FL_thigh_joint', 'FL_calf_joint', 'RR_hip_joint', 'RR_thigh_joint', 'RR_calf_joint', 'RL_hip_joint', 'RL_thigh_joint', 'RL_calf_joint']   lw= rw=
[mujoco_spawner-3] [INFO] [1790352098.003577294] [mujoco_spawner]: MuJoCo effort joint armature: 0.0100 kg m^2
[mujoco_spawner-3] [INFO] [1790352098.005012977] [mujoco_spawner]: Joint effort input: /go2_group_effort_controller/commands (12 joints, URDF limits)
[mujoco_spawner-3] [INFO] [1790352098.006598829] [mujoco_spawner]: Spawn ground clearance: raised root by 0.2050 m
[mujoco_spawner-3] [INFO] [1790352098.007430698] [mujoco_spawner]: MuJoCo model loaded: 14 bodies, 13 joints
[mujoco_spawner-3] [INFO] [1790352098.007962067] [mujoco_spawner]: MuJoCo gui param=False (resolved=False), DISPLAY=:1 -> mode=DIRECT
[mujoco_spawner-3] [INFO] [1790352098.008454846] [mujoco_spawner]: MuJoCo running headless (gui=False, viewer=True).
[mujoco_spawner-3] [INFO] [1790352098.014701299] [mujoco_spawner]: MuJoCo spawner running.
[INFO] [simulator_ready_gate-10]: process has finished cleanly [pid 1565733]
[INFO] [amcl-12]: process started with pid [1565952]
[INFO] [map_server-11]: process started with pid [1565950]
[INFO] [lifecycle_manager-13]: process started with pid [1565954]
[INFO] [ekf_node-14]: process started with pid [1565956]
[INFO] [imu_republisher.py-15]: process started with pid [1565958]
[INFO] [wheel_imu_fusion-16]: process started with pid [1565960]
[lifecycle_manager-13] [INFO] [1790352098.427659364] [lifecycle_manager_localization]: Creating
[lifecycle_manager-13] [INFO] [1790352098.434244171] [lifecycle_manager_localization]: [34m[1mCreating and initializing lifecycle service clients[0m[0m
[amcl-12] [0m[INFO] [1790352098.444118757] [amcl]: 
[amcl-12] 	amcl lifecycle node launched. 
[amcl-12] 	Waiting on external lifecycle transitions to activate
[amcl-12] 	See https://design.ros2.org/articles/node_lifecycle.html for more information.[0m
[amcl-12] [0m[INFO] [1790352098.445466283] [amcl]: Creating[0m
[map_server-11] [INFO] [1790352098.452080432] [map_server]: 
[map_server-11] 	map_server lifecycle node launched. 
[map_server-11] 	Waiting on external lifecycle transitions to activate
[map_server-11] 	See https://design.ros2.org/articles/node_lifecycle.html for more information.
[map_server-11] [INFO] [1790352098.453534866] [map_server]: Creating
[lifecycle_manager-13] [INFO] [1790352098.603023422] [lifecycle_manager_localization]: [34m[1mStarting managed nodes bringup...[0m[0m
[lifecycle_manager-13] [INFO] [1790352098.603150297] [lifecycle_manager_localization]: [34m[1mConfiguring map_server[0m[0m
[map_server-11] [INFO] [1790352098.604330982] [map_server]: Configuring
[map_server-11] [INFO] [1790352098.604469856] [map_io]: Loading yaml file: /home/molar1/bumperbot_ws/install/robot_lab_maps/share/robot_lab_maps/maps/nav_empty/maps/map.yaml
[map_server-11] [INFO] [1790352098.604906350] [map_io]: resolution: 0.05
[map_server-11] [INFO] [1790352098.604927853] [map_io]: origin[0]: -7
[map_server-11] [INFO] [1790352098.604933645] [map_io]: origin[1]: -7
[map_server-11] [INFO] [1790352098.604938188] [map_io]: origin[2]: 0
[map_server-11] [INFO] [1790352098.604943308] [map_io]: free_thresh: 0.196
[map_server-11] [INFO] [1790352098.604948108] [map_io]: occupied_thresh: 0.65
[map_server-11] [INFO] [1790352098.604954188] [map_io]: mode: trinary
[map_server-11] [INFO] [1790352098.604961483] [map_io]: negate: 0
[map_server-11] [INFO] [1790352098.605264670] [map_io]: Loading image_file: /home/molar1/bumperbot_ws/install/robot_lab_maps/share/robot_lab_maps/maps/nav_empty/maps/map.pgm
[map_server-11] [INFO] [1790352098.615591493] [map_io]: Read map /home/molar1/bumperbot_ws/install/robot_lab_maps/share/robot_lab_maps/maps/nav_empty/maps/map.pgm: 280 X 280 map @ 0.05 m/cell
[lifecycle_manager-13] [INFO] [1790352098.625264168] [lifecycle_manager_localization]: [34m[1mConfiguring amcl[0m[0m
[amcl-12] [0m[INFO] [1790352098.625639800] [amcl]: Configuring[0m
[amcl-12] [0m[INFO] [1790352098.625798353] [amcl]: initTransforms[0m
[amcl-12] [0m[INFO] [1790352098.644802309] [amcl]: initPubSub[0m
[amcl-12] [0m[INFO] [1790352098.654404331] [amcl]: Subscribed to map topic.[0m
[lifecycle_manager-13] [INFO] [1790352098.664801774] [lifecycle_manager_localization]: [34m[1mActivating map_server[0m[0m
[map_server-11] [INFO] [1790352098.665132960] [map_server]: Activating
[map_server-11] [INFO] [1790352098.665487537] [map_server]: Creating bond (map_server) to lifecycle manager.
[amcl-12] [0m[INFO] [1790352098.667316643] [amcl]: Received a 280 X 280 map @ 0.050 m/pix[0m
[lifecycle_manager-13] [INFO] [1790352098.771069681] [lifecycle_manager_localization]: Server map_server connected with bond.
[lifecycle_manager-13] [INFO] [1790352098.771182380] [lifecycle_manager_localization]: [34m[1mActivating amcl[0m[0m
[amcl-12] [0m[INFO] [1790352098.771606842] [amcl]: Activating[0m
[amcl-12] [0m[INFO] [1790352098.771710422] [amcl]: initialPoseReceived[0m
[amcl-12] [0m[INFO] [1790352098.771921133] [amcl]: Setting pose (0.644000): -0.500 -0.500 0.000[0m
[amcl-12] [0m[INFO] [1790352098.772505748] [amcl]: Creating bond (amcl) to lifecycle manager.[0m
[lifecycle_manager-13] [INFO] [1790352098.876497272] [lifecycle_manager_localization]: Server amcl connected with bond.
[lifecycle_manager-13] [INFO] [1790352098.876584564] [lifecycle_manager_localization]: [34m[1mManaged nodes are active[0m[0m
[lifecycle_manager-13] [INFO] [1790352098.876605491] [lifecycle_manager_localization]: [34m[1mCreating bond timer...[0m[0m
[amcl-12] [0m[INFO] [1790352098.995919049] [amcl]: createLaserObject[0m
[wheel_imu_fusion-16] [INFO] [1790352099.284267895] [sensor_fusion_wheel_imu_fusion]: wheel_imu_fusion ready
[amcl-12] [0m[INFO] [1790352106.521030472] [rclcpp]: signal_handler(SIGINT/SIGTERM)[0m
[amcl-12] [0m[INFO] [1790352106.521205344] [amcl]: Running Nav2 LifecycleNode rcl preshutdown (amcl)[0m
[amcl-12] [0m[INFO] [1790352106.521330011] [amcl]: Deactivating[0m
[amcl-12] [0m[INFO] [1790352106.521371417] [amcl]: Destroying bond (amcl) to lifecycle manager.[0m
[twist_relay-9] [INFO] [1790352106.521033895] [rclcpp]: signal_handler(SIGINT/SIGTERM)
[robot_state_publisher-2] [INFO] [1790352106.521057830] [rclcpp]: signal_handler(SIGINT/SIGTERM)
[joy_node-5] [INFO] [1790352106.521136419] [rclcpp]: signal_handler(SIGINT/SIGTERM)
[lifecycle_manager-13] [INFO] [1790352106.521384153] [rclcpp]: signal_handler(SIGINT/SIGTERM)
[lifecycle_manager-13] [INFO] [1790352106.521511411] [lifecycle_manager_localization]: Running Nav2 LifecycleManager rcl preshutdown (lifecycle_manager_localization)
[lifecycle_manager-13] [INFO] [1790352106.521572305] [lifecycle_manager_localization]: [34m[1mTerminating bond timer...[0m[0m
[ekf_node-14] [INFO] [1790352106.521397176] [rclcpp]: signal_handler(SIGINT/SIGTERM)
[twist_mux-6] [INFO] [1790352106.521486900] [rclcpp]: signal_handler(SIGINT/SIGTERM)
[map_server-11] [INFO] [1790352106.521896835] [rclcpp]: signal_handler(SIGINT/SIGTERM)
[map_server-11] [INFO] [1790352106.522046877] [map_server]: Running Nav2 LifecycleNode rcl preshutdown (map_server)
[map_server-11] [INFO] [1790352106.522410061] [map_server]: Deactivating
[map_server-11] [INFO] [1790352106.522447660] [map_server]: Destroying bond (map_server) to lifecycle manager.
[twist_marker-7] [INFO] [1790352106.521921442] [rclcpp]: signal_handler(SIGINT/SIGTERM)
[amcl-12] [0m[INFO] [1790352106.531792033] [amcl]: Cleaning up[0m
[map_server-11] [INFO] [1790352106.533492889] [map_server]: Cleaning up
[map_server-11] [INFO] [1790352106.533593300] [map_server]: Destroying bond (map_server) to lifecycle manager.
[amcl-12] [0m[INFO] [1790352106.559429712] [amcl]: Destroying bond (amcl) to lifecycle manager.[0m
[joy_teleop-4] Traceback (most recent call last):
[joy_teleop-4]   File "/opt/ros/humble/lib/joy_teleop/joy_teleop", line 33, in <module>
[joy_teleop-4]     sys.exit(load_entry_point('joy-teleop==1.6.0', 'console_scripts', 'joy_teleop')())
[joy_teleop-4]   File "/opt/ros/humble/lib/python3.10/site-packages/joy_teleop/joy_teleop.py", line 435, in main
[joy_teleop-4]     rclpy.spin(node)
[joy_teleop-4]   File "/opt/ros/humble/local/lib/python3.10/dist-packages/rclpy/__init__.py", line 229, in spin
[joy_teleop-4]     executor.spin_once()
[joy_teleop-4]   File "/opt/ros/humble/local/lib/python3.10/dist-packages/rclpy/executors.py", line 812, in spin_once
[joy_teleop-4]     self._spin_once_impl(timeout_sec)
[joy_teleop-4]   File "/opt/ros/humble/local/lib/python3.10/dist-packages/rclpy/executors.py", line 801, in _spin_once_impl
[joy_teleop-4]     handler, entity, node = self.wait_for_ready_callbacks(timeout_sec=timeout_sec)
[joy_teleop-4]   File "/opt/ros/humble/local/lib/python3.10/dist-packages/rclpy/executors.py", line 784, in wait_for_ready_callbacks
[joy_teleop-4]     return next(self._cb_iter)
[joy_teleop-4]   File "/opt/ros/humble/local/lib/python3.10/dist-packages/rclpy/executors.py", line 685, in _wait_for_ready_callbacks
[joy_teleop-4]     raise ExternalShutdownException()
[joy_teleop-4] rclpy.executors.ExternalShutdownException
[amcl-12] [0m[INFO] [1790352106.622799321] [amcl]: Destroying[0m
[map_server-11] [INFO] [1790352106.670244899] [map_server]: Destroying
[lifecycle_manager-13] [INFO] [1790352106.670961668] [lifecycle_manager_localization]: Destroying lifecycle_manager_localization
[INFO] [ekf_node-14]: process has finished cleanly [pid 1565956]
[INFO] [joy_node-5]: process has finished cleanly [pid 1565715]
[INFO] [robot_state_publisher-2]: process has finished cleanly [pid 1565709]
[INFO] [twist_relay-9]: process has finished cleanly [pid 1565731]
[INFO] [twist_mux-6]: process has finished cleanly [pid 1565717]
[INFO] [twist_marker-7]: process has finished cleanly [pid 1565719]
[imu_republisher.py-15] Traceback (most recent call last):
[imu_republisher.py-15]   File "/home/molar1/bumperbot_ws/install/robot_lab_localization/lib/robot_lab_localization/imu_republisher.py", line 54, in <module>
[imu_republisher.py-15]     main()
[imu_republisher.py-15]   File "/home/molar1/bumperbot_ws/install/robot_lab_localization/lib/robot_lab_localization/imu_republisher.py", line 45, in main
[imu_republisher.py-15]     rclpy.spin(node)
[imu_republisher.py-15]   File "/opt/ros/humble/local/lib/python3.10/dist-packages/rclpy/__init__.py", line 229, in spin
[imu_republisher.py-15]     executor.spin_once()
[imu_republisher.py-15]   File "/opt/ros/humble/local/lib/python3.10/dist-packages/rclpy/executors.py", line 812, in spin_once
[imu_republisher.py-15]     self._spin_once_impl(timeout_sec)
[imu_republisher.py-15]   File "/opt/ros/humble/local/lib/python3.10/dist-packages/rclpy/executors.py", line 801, in _spin_once_impl
[imu_republisher.py-15]     handler, entity, node = self.wait_for_ready_callbacks(timeout_sec=timeout_sec)
[imu_republisher.py-15]   File "/opt/ros/humble/local/lib/python3.10/dist-packages/rclpy/executors.py", line 784, in wait_for_ready_callbacks
[imu_republisher.py-15]     return next(self._cb_iter)
[imu_republisher.py-15]   File "/opt/ros/humble/local/lib/python3.10/dist-packages/rclpy/executors.py", line 685, in _wait_for_ready_callbacks
[imu_republisher.py-15]     raise ExternalShutdownException()
[imu_republisher.py-15] rclpy.executors.ExternalShutdownException
[INFO] [wheel_imu_fusion-16]: process has finished cleanly [pid 1565960]
[INFO] [lifecycle_manager-13]: process has finished cleanly [pid 1565954]
[INFO] [amcl-12]: process has finished cleanly [pid 1565952]
[INFO] [map_server-11]: process has finished cleanly [pid 1565950]
[INFO] [go2-stance-gait-controller-1]: process has finished cleanly [pid 1565707]
[ERROR] [imu_republisher.py-15]: process has died [pid 1565958, exit code 1, cmd '/home/molar1/bumperbot_ws/install/robot_lab_localization/lib/robot_lab_localization/imu_republisher.py --ros-args --params-file /workspace/molar/.tmp/launch_params_fdtqckcw'].
[INFO] [joystick_relay.py-8]: process has finished cleanly [pid 1565729]
[INFO] [mujoco_spawner-3]: process has finished cleanly [pid 1565711]
[ERROR] [joy_teleop-4]: process has died [pid 1565713, exit code 1, cmd '/opt/ros/humble/lib/joy_teleop/joy_teleop --ros-args --params-file /home/molar1/bumperbot_ws/install/robot_lab_controller/share/robot_lab_controller/config/joy_teleop.yaml --params-file /workspace/molar/.tmp/launch_params_ez70fsz7'].
