[INFO] [launch]: All log files can be found below /home/molar1/.ros/log/2026-09-22-15-41-08-279186-molar1-187927
[INFO] [launch]: Default logging verbosity is set to INFO
[robot_lab] algorithm localization=amcl -> global_localization stack
[robot_lab] algorithm state_estimation=ekf_localization_node -> local_localization stack
[robot_lab] algorithm sensor_fusion=wheel_imu_fusion -> node robot_lab_algorithms/wheel_imu_fusion
[robot_lab] algorithm global_planning=a_star_planner -> plugin nav2_smac_planner/SmacPlanner2D
[robot_lab] algorithm local_planning=dwb_local_planner -> plugin dwb_core::DWBLocalPlanner
[robot_lab] algorithm control=simple_controller -> controller stack
[INFO] [amcl-10]: process started with pid [187991]
[INFO] [robot_state_publisher-1]: process started with pid [187963]
[INFO] [pybullet_spawner-2]: process started with pid [187967]
[INFO] [joy_teleop-3]: process started with pid [187977]
[INFO] [joy_node-4]: process started with pid [187979]
[INFO] [twist_mux-5]: process started with pid [187981]
[INFO] [twist_marker-6]: process started with pid [187983]
[INFO] [joystick_relay.py-7]: process started with pid [187985]
[INFO] [twist_relay-8]: process started with pid [187987]
[INFO] [map_server-9]: process started with pid [187989]
[INFO] [lifecycle_manager-11]: process started with pid [187993]
[INFO] [ekf_node-12]: process started with pid [188001]
[INFO] [imu_republisher.py-13]: process started with pid [188003]
[INFO] [controller_server-14]: process started with pid [188007]
[INFO] [planner_server-15]: process started with pid [188009]
[INFO] [smoother_server-16]: process started with pid [188038]
[INFO] [bt_navigator-17]: process started with pid [188106]
[INFO] [behavior_server-18]: process started with pid [188109]
[INFO] [lifecycle_manager-19]: process started with pid [188120]
[INFO] [wheel_imu_fusion-20]: process started with pid [188126]
[robot_state_publisher-1] 1790084468.834955 [66] robot_stat: selected interface "lo" is not multicast-capable: disabling multicast
[robot_state_publisher-1] [INFO] [1790084468.857475926] [robot_state_publisher]: got segment base_footprint
[robot_state_publisher-1] [INFO] [1790084468.857672209] [robot_state_publisher]: got segment base_link
[robot_state_publisher-1] [INFO] [1790084468.857691568] [robot_state_publisher]: got segment caster_front_link
[robot_state_publisher-1] [INFO] [1790084468.857700720] [robot_state_publisher]: got segment caster_rear_link
[robot_state_publisher-1] [INFO] [1790084468.857708688] [robot_state_publisher]: got segment imu_link
[robot_state_publisher-1] [INFO] [1790084468.857716111] [robot_state_publisher]: got segment laser_link
[robot_state_publisher-1] [INFO] [1790084468.857723311] [robot_state_publisher]: got segment oakd_imu_frame
[robot_state_publisher-1] [INFO] [1790084468.857730703] [robot_state_publisher]: got segment oakd_left_camera_frame
[robot_state_publisher-1] [INFO] [1790084468.857738383] [robot_state_publisher]: got segment oakd_left_camera_optical_frame
[robot_state_publisher-1] [INFO] [1790084468.857746255] [robot_state_publisher]: got segment oakd_link
[robot_state_publisher-1] [INFO] [1790084468.857753710] [robot_state_publisher]: got segment oakd_rgb_camera_frame
[robot_state_publisher-1] [INFO] [1790084468.857761614] [robot_state_publisher]: got segment oakd_rgb_camera_optical_frame
[robot_state_publisher-1] [INFO] [1790084468.857769326] [robot_state_publisher]: got segment oakd_right_camera_frame
[robot_state_publisher-1] [INFO] [1790084468.857776686] [robot_state_publisher]: got segment oakd_right_camera_optical_frame
[robot_state_publisher-1] [INFO] [1790084468.857783789] [robot_state_publisher]: got segment wheel_left_link
[robot_state_publisher-1] [INFO] [1790084468.857790861] [robot_state_publisher]: got segment wheel_right_link
[pybullet_spawner-2] pybullet build time: Sep  2 2026 15:04:54
[joy_node-4] 1790084468.922870 [66]   joy_node: selected interface "lo" is not multicast-capable: disabling multicast
[twist_mux-5] 1790084468.894301 [66]  twist_mux: selected interface "lo" is not multicast-capable: disabling multicast
[twist_mux-5] [INFO] [1790084468.900763900] [twist_mux]: Topic handler 'topics.joystick' subscribed to topic 'joy_vel': timeout = 0.500000s , priority = 99.
[twist_mux-5] [INFO] [1790084468.901569573] [twist_mux]: Topic handler 'topics.keyboard' subscribed to topic 'key_vel': timeout = 0.500000s , priority = 90.
[twist_mux-5] [INFO] [1790084468.901755168] [twist_mux]: Topic handler 'topics.navigation' subscribed to topic 'cmd_vel': timeout = 0.500000s , priority = 80.
[twist_mux-5] [INFO] [1790084468.901913180] [twist_mux]: Topic handler 'locks.safety_stop' subscribed to topic 'safety_stop': timeout = None , priority = 255.
[twist_marker-6] 1790084468.891746 [66] twist_mark: selected interface "lo" is not multicast-capable: disabling multicast
[twist_relay-8] 1790084468.907067 [66] twist_rela: selected interface "lo" is not multicast-capable: disabling multicast
[map_server-9] 1790084468.938390 [66] map_server: selected interface "lo" is not multicast-capable: disabling multicast
[map_server-9] [INFO] [1790084468.997654305] [map_server]: 
[map_server-9] 	map_server lifecycle node launched. 
[map_server-9] 	Waiting on external lifecycle transitions to activate
[map_server-9] 	See https://design.ros2.org/articles/node_lifecycle.html for more information.
[map_server-9] [INFO] [1790084468.998072181] [map_server]: Creating
[lifecycle_manager-11] 1790084468.928780 [66] lifecycle_: selected interface "lo" is not multicast-capable: disabling multicast
[lifecycle_manager-11] [INFO] [1790084468.938998068] [lifecycle_manager_localization]: Creating
[lifecycle_manager-11] [INFO] [1790084468.955622167] [lifecycle_manager_localization]: [34m[1mCreating and initializing lifecycle service clients[0m[0m
[ekf_node-12] 1790084468.927368 [66]   ekf_node: selected interface "lo" is not multicast-capable: disabling multicast
[controller_server-14] 1790084468.947770 [66] controller: selected interface "lo" is not multicast-capable: disabling multicast
[controller_server-14] [INFO] [1790084468.975464446] [controller_server]: 
[controller_server-14] 	controller_server lifecycle node launched. 
[controller_server-14] 	Waiting on external lifecycle transitions to activate
[controller_server-14] 	See https://design.ros2.org/articles/node_lifecycle.html for more information.
[planner_server-15] 1790084468.941548 [66] planner_se: selected interface "lo" is not multicast-capable: disabling multicast
[planner_server-15] [INFO] [1790084468.954067523] [planner_server]: 
[planner_server-15] 	planner_server lifecycle node launched. 
[planner_server-15] 	Waiting on external lifecycle transitions to activate
[planner_server-15] 	See https://design.ros2.org/articles/node_lifecycle.html for more information.
[planner_server-15] [INFO] [1790084468.989688902] [planner_server]: Creating
[smoother_server-16] 1790084468.969897 [66] smoother_s: selected interface "lo" is not multicast-capable: disabling multicast
[smoother_server-16] [INFO] [1790084468.988164625] [smoother_server]: 
[smoother_server-16] 	smoother_server lifecycle node launched. 
[smoother_server-16] 	Waiting on external lifecycle transitions to activate
[smoother_server-16] 	See https://design.ros2.org/articles/node_lifecycle.html for more information.
[smoother_server-16] [INFO] [1790084469.006879192] [smoother_server]: Creating smoother server
[amcl-10] 1790084468.902932 [66]       amcl: selected interface "lo" is not multicast-capable: disabling multicast
[amcl-10] [0m[INFO] [1790084468.914879656] [amcl]: 
[amcl-10] 	amcl lifecycle node launched. 
[amcl-10] 	Waiting on external lifecycle transitions to activate
[amcl-10] 	See https://design.ros2.org/articles/node_lifecycle.html for more information.[0m
[amcl-10] [0m[INFO] [1790084468.916559319] [amcl]: Creating[0m
[planner_server-15] [INFO] [1790084469.011151582] [global_costmap.global_costmap]: 
[planner_server-15] 	global_costmap lifecycle node launched. 
[planner_server-15] 	Waiting on external lifecycle transitions to activate
[planner_server-15] 	See https://design.ros2.org/articles/node_lifecycle.html for more information.
[planner_server-15] [INFO] [1790084469.018444237] [global_costmap.global_costmap]: Creating Costmap
[bt_navigator-17] 1790084469.016010 [66] bt_navigat: selected interface "lo" is not multicast-capable: disabling multicast
[lifecycle_manager-19] 1790084469.016915 [66] lifecycle_: selected interface "lo" is not multicast-capable: disabling multicast
[controller_server-14] [INFO] [1790084469.021848875] [controller_server]: Creating controller server
[behavior_server-18] 1790084469.024161 [66] behavior_s: selected interface "lo" is not multicast-capable: disabling multicast
[lifecycle_manager-19] [INFO] [1790084469.024229575] [lifecycle_manager_navigation]: Creating
[bt_navigator-17] [INFO] [1790084469.032356094] [bt_navigator]: 
[bt_navigator-17] 	bt_navigator lifecycle node launched. 
[bt_navigator-17] 	Waiting on external lifecycle transitions to activate
[bt_navigator-17] 	See https://design.ros2.org/articles/node_lifecycle.html for more information.
[bt_navigator-17] [INFO] [1790084469.033138792] [bt_navigator]: Creating
[behavior_server-18] [INFO] [1790084469.034730650] [behavior_server]: 
[behavior_server-18] 	behavior_server lifecycle node launched. 
[behavior_server-18] 	Waiting on external lifecycle transitions to activate
[behavior_server-18] 	See https://design.ros2.org/articles/node_lifecycle.html for more information.
[lifecycle_manager-19] [INFO] [1790084469.034795800] [lifecycle_manager_navigation]: [34m[1mCreating and initializing lifecycle service clients[0m[0m
[controller_server-14] [INFO] [1790084469.062374754] [local_costmap.local_costmap]: 
[controller_server-14] 	local_costmap lifecycle node launched. 
[controller_server-14] 	Waiting on external lifecycle transitions to activate
[controller_server-14] 	See https://design.ros2.org/articles/node_lifecycle.html for more information.
[controller_server-14] [INFO] [1790084469.068824873] [local_costmap.local_costmap]: Creating Costmap
[lifecycle_manager-11] [INFO] [1790084469.161307310] [lifecycle_manager_localization]: [34m[1mStarting managed nodes bringup...[0m[0m
[lifecycle_manager-11] [INFO] [1790084469.162444622] [lifecycle_manager_localization]: [34m[1mConfiguring map_server[0m[0m
[map_server-9] [INFO] [1790084469.163439601] [map_server]: Configuring
[map_server-9] [INFO] [1790084469.163558478] [map_io]: Loading yaml file: /workspace/molar/ros_ws/bumperbot_ws/install/robot_lab_maps/share/robot_lab_maps/maps/nav_obstacle/maps/map.yaml
[map_server-9] [INFO] [1790084469.163934371] [map_io]: resolution: 0.05
[map_server-9] [INFO] [1790084469.163949859] [map_io]: origin[0]: -9.5
[map_server-9] [INFO] [1790084469.163955842] [map_io]: origin[1]: -9.5
[map_server-9] [INFO] [1790084469.163960386] [map_io]: origin[2]: 0
[map_server-9] [INFO] [1790084469.163965250] [map_io]: free_thresh: 0.196
[map_server-9] [INFO] [1790084469.163969922] [map_io]: occupied_thresh: 0.65
[map_server-9] [INFO] [1790084469.163975234] [map_io]: mode: trinary
[map_server-9] [INFO] [1790084469.163981794] [map_io]: negate: 0
[map_server-9] [INFO] [1790084469.164276313] [map_io]: Loading image_file: /workspace/molar/ros_ws/bumperbot_ws/install/robot_lab_maps/share/robot_lab_maps/maps/nav_obstacle/maps/map.pgm
[lifecycle_manager-19] [INFO] [1790084469.169486820] [lifecycle_manager_navigation]: [34m[1mStarting managed nodes bringup...[0m[0m
[lifecycle_manager-19] [INFO] [1790084469.169583233] [lifecycle_manager_navigation]: [34m[1mConfiguring controller_server[0m[0m
[controller_server-14] [INFO] [1790084469.170054132] [controller_server]: Configuring controller interface
[controller_server-14] [INFO] [1790084469.170339435] [controller_server]: getting goal checker plugins..
[controller_server-14] [INFO] [1790084469.170531462] [controller_server]: Controller frequency set to 20.0000Hz
[controller_server-14] [INFO] [1790084469.170601188] [local_costmap.local_costmap]: Configuring
[controller_server-14] [INFO] [1790084469.175094819] [local_costmap.local_costmap]: Using plugin "obstacle_layer"
[map_server-9] [INFO] [1790084469.188265258] [map_io]: Read map /workspace/molar/ros_ws/bumperbot_ws/install/robot_lab_maps/share/robot_lab_maps/maps/nav_obstacle/maps/map.pgm: 380 X 380 map @ 0.05 m/cell
[controller_server-14] [INFO] [1790084469.189745119] [local_costmap.local_costmap]: Subscribed to Topics: scan
[controller_server-14] [INFO] [1790084469.193404790] [local_costmap.local_costmap]: Initialized plugin "obstacle_layer"
[controller_server-14] [INFO] [1790084469.193605745] [local_costmap.local_costmap]: Using plugin "inflation_layer"
[controller_server-14] [INFO] [1790084469.195501914] [local_costmap.local_costmap]: Initialized plugin "inflation_layer"
[controller_server-14] [INFO] [1790084469.206886868] [controller_server]: Created progress_checker : progress_checker of type nav2_controller::SimpleProgressChecker
[controller_server-14] [INFO] [1790084469.209224369] [controller_server]: Created goal checker : general_goal_checker of type nav2_controller::SimpleGoalChecker
[controller_server-14] [INFO] [1790084469.209751938] [controller_server]: Controller Server has general_goal_checker  goal checkers available.
[lifecycle_manager-11] [INFO] [1790084469.214155108] [lifecycle_manager_localization]: [34m[1mConfiguring amcl[0m[0m
[amcl-10] [0m[INFO] [1790084469.214509946] [amcl]: Configuring[0m
[amcl-10] [0m[INFO] [1790084469.214752819] [amcl]: initTransforms[0m
[controller_server-14] [INFO] [1790084469.220955041] [controller_server]: Created controller : FollowPath of type dwb_core::DWBLocalPlanner
[controller_server-14] [INFO] [1790084469.222330009] [controller_server]: Setting transform_tolerance to 0.200000
[amcl-10] [0m[INFO] [1790084469.227436103] [amcl]: initPubSub[0m
[amcl-10] [0m[INFO] [1790084469.233629430] [amcl]: Subscribed to map topic.[0m
[lifecycle_manager-11] [INFO] [1790084469.244902994] [lifecycle_manager_localization]: [34m[1mActivating map_server[0m[0m
[map_server-9] [INFO] [1790084469.245242921] [map_server]: Activating
[map_server-9] [INFO] [1790084469.245628446] [map_server]: Creating bond (map_server) to lifecycle manager.
[amcl-10] [0m[INFO] [1790084469.247353740] [amcl]: Received a 380 X 380 map @ 0.050 m/pix[0m
[controller_server-14] [INFO] [1790084469.248989693] [controller_server]: Using critic "RotateToGoal" (dwb_critics::RotateToGoalCritic)
[controller_server-14] [INFO] [1790084469.250365718] [controller_server]: Critic plugin initialized
[controller_server-14] [INFO] [1790084469.250700556] [controller_server]: Using critic "Oscillation" (dwb_critics::OscillationCritic)
[controller_server-14] [INFO] [1790084469.251708079] [controller_server]: Critic plugin initialized
[controller_server-14] [INFO] [1790084469.251957704] [controller_server]: Using critic "BaseObstacle" (dwb_critics::BaseObstacleCritic)
[controller_server-14] [INFO] [1790084469.252361629] [controller_server]: Critic plugin initialized
[controller_server-14] [INFO] [1790084469.252637301] [controller_server]: Using critic "GoalAlign" (dwb_critics::GoalAlignCritic)
[controller_server-14] [INFO] [1790084469.253297858] [controller_server]: Critic plugin initialized
[controller_server-14] [INFO] [1790084469.253559130] [controller_server]: Using critic "PathAlign" (dwb_critics::PathAlignCritic)
[controller_server-14] [INFO] [1790084469.254165577] [controller_server]: Critic plugin initialized
[controller_server-14] [INFO] [1790084469.254384387] [controller_server]: Using critic "PathDist" (dwb_critics::PathDistCritic)
[controller_server-14] [INFO] [1790084469.254798967] [controller_server]: Critic plugin initialized
[controller_server-14] [INFO] [1790084469.255022704] [controller_server]: Using critic "GoalDist" (dwb_critics::GoalDistCritic)
[controller_server-14] [INFO] [1790084469.255436037] [controller_server]: Critic plugin initialized
[controller_server-14] [INFO] [1790084469.255479139] [controller_server]: Controller Server has FollowPath  controllers available.
[lifecycle_manager-19] [INFO] [1790084469.270914313] [lifecycle_manager_navigation]: [34m[1mConfiguring planner_server[0m[0m
[planner_server-15] [INFO] [1790084469.271253055] [planner_server]: Configuring
[planner_server-15] [INFO] [1790084469.271355740] [global_costmap.global_costmap]: Configuring
[planner_server-15] [INFO] [1790084469.276047606] [global_costmap.global_costmap]: Using plugin "static_layer"
[planner_server-15] [INFO] [1790084469.284419014] [global_costmap.global_costmap]: Subscribing to the map topic (/map) with transient local durability
[planner_server-15] [INFO] [1790084469.286583272] [global_costmap.global_costmap]: Initialized plugin "static_layer"
[planner_server-15] [INFO] [1790084469.286650310] [global_costmap.global_costmap]: Using plugin "obstacle_layer"
[planner_server-15] [INFO] [1790084469.288342805] [global_costmap.global_costmap]: Subscribed to Topics: scan
[planner_server-15] [INFO] [1790084469.294308394] [global_costmap.global_costmap]: Initialized plugin "obstacle_layer"
[planner_server-15] [INFO] [1790084469.294388840] [global_costmap.global_costmap]: Using plugin "inflation_layer"
[planner_server-15] [INFO] [1790084469.297873572] [global_costmap.global_costmap]: Initialized plugin "inflation_layer"
[planner_server-15] [INFO] [1790084469.311007468] [global_costmap.global_costmap]: StaticLayer: Resizing costmap to 380 X 380 at 0.050000 m/pix
[planner_server-15] [INFO] [1790084469.339157861] [planner_server]: Created global planner plugin GridBased of type nav2_smac_planner/SmacPlanner2D
[planner_server-15] [INFO] [1790084469.339253538] [planner_server]: Configuring GridBased of type SmacPlanner2D
[planner_server-15] [INFO] [1790084469.345517455] [planner_server]: Configured plugin GridBased of type SmacPlanner2D with tolerance 0.12, maximum iterations 1000000, max on approach iterations 1000, and allowing unknown traversal.
[planner_server-15] [INFO] [1790084469.345603884] [planner_server]: Planner Server has GridBased  planners available.
[amcl-10] [0m[INFO] [1790084469.348964940] [amcl]: Activating[0m
[amcl-10] [0m[INFO] [1790084469.349422207] [amcl]: initialPoseReceived[0m
[amcl-10] [0m[INFO] [1790084469.349620569] [amcl]: Setting pose (0.000000): -7.000 -7.000 0.000[0m
[amcl-10] [0m[INFO] [1790084469.350334981] [amcl]: Creating bond (amcl) to lifecycle manager.[0m
[lifecycle_manager-11] [INFO] [1790084469.348493401] [lifecycle_manager_localization]: Server map_server connected with bond.
[lifecycle_manager-11] [INFO] [1790084469.348571639] [lifecycle_manager_localization]: [34m[1mActivating amcl[0m[0m
[lifecycle_manager-19] [INFO] [1790084469.356422678] [lifecycle_manager_navigation]: [34m[1mConfiguring smoother_server[0m[0m
[smoother_server-16] [INFO] [1790084469.356821995] [smoother_server]: Configuring smoother server
[smoother_server-16] [INFO] [1790084469.372147187] [smoother_server]: Created smoother : simple_smoother of type nav2_smoother::SimpleSmoother
[smoother_server-16] [INFO] [1790084469.376886348] [smoother_server]: Smoother Server has simple_smoother  smoothers available.
[lifecycle_manager-19] [INFO] [1790084469.387824658] [lifecycle_manager_navigation]: [34m[1mConfiguring bt_navigator[0m[0m
[bt_navigator-17] [INFO] [1790084469.388168424] [bt_navigator]: Configuring
[lifecycle_manager-11] [INFO] [1790084469.457911897] [lifecycle_manager_localization]: Server amcl connected with bond.
[lifecycle_manager-11] [INFO] [1790084469.458010134] [lifecycle_manager_localization]: [34m[1mManaged nodes are active[0m[0m
[lifecycle_manager-11] [INFO] [1790084469.458034710] [lifecycle_manager_localization]: [34m[1mCreating bond timer...[0m[0m
[lifecycle_manager-19] [INFO] [1790084469.594530158] [lifecycle_manager_navigation]: [34m[1mConfiguring behavior_server[0m[0m
[behavior_server-18] [INFO] [1790084469.596000899] [behavior_server]: Configuring
[joystick_relay.py-7] 1790084469.605951 [66] joystick_r: selected interface "lo" is not multicast-capable: disabling multicast
[behavior_server-18] [INFO] [1790084469.607295648] [behavior_server]: Creating behavior plugin spin of type nav2_behaviors/Spin
[wheel_imu_fusion-20] 1790084469.612270 [66] wheel_imu_: selected interface "lo" is not multicast-capable: disabling multicast
[behavior_server-18] [INFO] [1790084469.614243449] [behavior_server]: Configuring spin
[behavior_server-18] [INFO] [1790084469.636072807] [behavior_server]: Creating behavior plugin backup of type nav2_behaviors/BackUp
[behavior_server-18] [INFO] [1790084469.640990394] [behavior_server]: Configuring backup
[joy_teleop-3] 1790084469.643505 [66] joy_teleop: selected interface "lo" is not multicast-capable: disabling multicast
[behavior_server-18] [INFO] [1790084469.652907556] [behavior_server]: Creating behavior plugin wait of type nav2_behaviors/Wait
[behavior_server-18] [INFO] [1790084469.656246981] [behavior_server]: Configuring wait
[imu_republisher.py-13] 1790084469.666182 [66]    python3: selected interface "lo" is not multicast-capable: disabling multicast
[lifecycle_manager-19] [INFO] [1790084469.673227870] [lifecycle_manager_navigation]: [34m[1mActivating controller_server[0m[0m
[controller_server-14] [INFO] [1790084469.674746835] [controller_server]: Activating
[controller_server-14] [INFO] [1790084469.674854415] [local_costmap.local_costmap]: Activating
[controller_server-14] [INFO] [1790084469.674882991] [local_costmap.local_costmap]: Checking transform
[controller_server-14] [INFO] [1790084469.674924781] [local_costmap.local_costmap]: Timed out waiting for transform from base_footprint to odom to become available, tf error: Invalid frame ID "odom" passed to canTransform argument target_frame - frame does not exist
[pybullet_spawner-2] 1790084469.679826 [66] pybullet_s: selected interface "lo" is not multicast-capable: disabling multicast
[pybullet_spawner-2] [INFO] [1790084469.821635425] [pybullet_spawner]: PyBulletSpawner __init__ started
[pybullet_spawner-2] [INFO] [1790084469.847398238] [pybullet_spawner]: Parameters declared
[pybullet_spawner-2] [INFO] [1790084469.876758709] [pybullet_spawner]: Created /robot_lab/ready publisher
[pybullet_spawner-2] [INFO] [1790084469.879532101] [pybullet_spawner]: Created /robot_lab/health publisher
[pybullet_spawner-2] [INFO] [1790084469.882210584] [pybullet_spawner]: Created /robot_lab/reset service
[wheel_imu_fusion-20] [INFO] [1790084469.931705710] [sensor_fusion_wheel_imu_fusion]: wheel_imu_fusion ready
[controller_server-14] [INFO] [1790084470.174986069] [local_costmap.local_costmap]: Timed out waiting for transform from base_footprint to odom to become available, tf error: Invalid frame ID "odom" passed to canTransform argument target_frame - frame does not exist
[pybullet_spawner-2] [INFO] [1790084470.597400821] [pybullet_spawner]: URDF written to /workspace/molar/.tmp/tmpvjdfluj6.urdf
[pybullet_spawner-2] [INFO] [1790084470.598011972] [pybullet_spawner]: PyBullet gui param=False (resolved=False), DISPLAY=:1 -> mode=DIRECT
[pybullet_spawner-2] [INFO] [1790084470.598651057] [pybullet_spawner]: Connecting to PyBullet...
[pybullet_spawner-2] [INFO] [1790084470.608178880] [pybullet_spawner]: PyBullet connected with client_id=0
[pybullet_spawner-2] [INFO] [1790084470.608856013] [pybullet_spawner]: PyBullet physics engine configured
[pybullet_spawner-2] [INFO] [1790084470.623801409] [pybullet_spawner]: SDF world 'nav_obstacle.world': 17 static shape(s) created, 0 skipped
[pybullet_spawner-2] b3Warning[examples/Importers/ImportURDFDemo/BulletUrdfImporter.cpp,126]:
[pybullet_spawner-2] No inertial data for link, using mass=1, localinertiadiagonal = 1,1,1, identity local inertial frameb3Warning[examples/Importers/ImportURDFDemo/BulletUrdfImporter.cpp,126]:
[controller_server-14] [INFO] [1790084470.675000391] [local_costmap.local_costmap]: Timed out waiting for transform from base_footprint to odom to become available, tf error: Invalid frame ID "odom" passed to canTransform argument target_frame - frame does not exist
[controller_server-14] [INFO] [1790084471.174987966] [local_costmap.local_costmap]: Timed out waiting for transform from base_footprint to odom to become available, tf error: Invalid frame ID "odom" passed to canTransform argument target_frame - frame does not exist
[pybullet_spawner-2] [INFO] [1790084471.361738142] [pybullet_spawner]: Loaded robot id=18 (15 joints)
[pybullet_spawner-2] [INFO] [1790084471.362380140] [pybullet_spawner]: Friction from the description's <gazebo> blocks: caster_front_link=0.1, caster_rear_link=0.1, wheel_left_link=1, wheel_right_link=1
[pybullet_spawner-2] [INFO] [1790084471.366132385] [pybullet_spawner]: RGB-D camera on 'oakd_rgb_camera_frame': 320x240 at 5.0 Hz (software renderer)
[pybullet_spawner-2] base_footprintb3Warning[examples/Importers/ImportURDFDemo/BulletUrdfImporter.cpp,126]:
[pybullet_spawner-2] No inertial data for link, using mass=1, localinertiadiagonal = 1,1,1, identity local inertial frameb3Warning[examples/Importers/ImportURDFDemo/BulletUrdfImporter.cpp,126]:
[controller_server-14] [INFO] [1790084471.674985436] [local_costmap.local_costmap]: Timed out waiting for transform from base_footprint to odom to become available, tf error: Invalid frame ID "odom" passed to canTransform argument target_frame - frame does not exist
[pybullet_spawner-2] [INFO] [1790084472.097577892] [pybullet_spawner]: SDF world 'nav_obstacle.world': 17 static shape(s) created, 0 skipped
[pybullet_spawner-2] [INFO] [1790084472.098363757] [pybullet_spawner]: Joints: ['wheel_right_joint', 'wheel_left_joint']  lw=wheel_left_joint rw=wheel_right_joint
[controller_server-14] [INFO] [1790084472.174986943] [local_costmap.local_costmap]: Timed out waiting for transform from base_footprint to odom to become available, tf error: Invalid frame ID "odom" passed to canTransform argument target_frame - frame does not exist
[pybullet_spawner-2] [INFO] [1790084472.393157538] [pybullet_spawner]: PyBullet spawner running
[amcl-10] [0m[INFO] [1790084472.640419846] [amcl]: createLaserObject[0m
[controller_server-14] [INFO] [1790084472.675117958] [local_costmap.local_costmap]: start
[controller_server-14] [INFO] [1790084472.876029239] [controller_server]: Creating bond (controller_server) to lifecycle manager.
[lifecycle_manager-19] [INFO] [1790084472.980059929] [lifecycle_manager_navigation]: Server controller_server connected with bond.
[lifecycle_manager-19] [INFO] [1790084472.980154455] [lifecycle_manager_navigation]: [34m[1mActivating planner_server[0m[0m
[planner_server-15] [INFO] [1790084472.980594730] [planner_server]: Activating
[planner_server-15] [INFO] [1790084472.980718087] [global_costmap.global_costmap]: Activating
[planner_server-15] [INFO] [1790084472.980756005] [global_costmap.global_costmap]: Checking transform
[planner_server-15] [INFO] [1790084472.980893698] [global_costmap.global_costmap]: Timed out waiting for transform from base_footprint to map to become available, tf error: Lookup would require extrapolation at time 0.208333, but only time 1.200000 is in the buffer, when looking up transform from frame [base_footprint] to frame [map]
[planner_server-15] [INFO] [1790084473.480909272] [global_costmap.global_costmap]: Timed out waiting for transform from base_footprint to map to become available, tf error: Lookup would require extrapolation at time 0.375000, but only time 1.200000 is in the buffer, when looking up transform from frame [base_footprint] to frame [map]
[planner_server-15] [INFO] [1790084473.980910608] [global_costmap.global_costmap]: Timed out waiting for transform from base_footprint to map to become available, tf error: Lookup would require extrapolation into the past.  Requested time 0.604167 but the earliest data is at time 1.200000, when looking up transform from frame [base_footprint] to frame [map]
[planner_server-15] [INFO] [1790084474.480869269] [global_costmap.global_costmap]: Timed out waiting for transform from base_footprint to map to become available, tf error: Lookup would require extrapolation into the past.  Requested time 0.812500 but the earliest data is at time 1.200000, when looking up transform from frame [base_footprint] to frame [map]
[planner_server-15] [INFO] [1790084474.980908952] [global_costmap.global_costmap]: Timed out waiting for transform from base_footprint to map to become available, tf error: Lookup would require extrapolation into the past.  Requested time 1.000000 but the earliest data is at time 1.200000, when looking up transform from frame [base_footprint] to frame [map]
[planner_server-15] [INFO] [1790084475.480906056] [global_costmap.global_costmap]: Timed out waiting for transform from base_footprint to map to become available, tf error: Lookup would require extrapolation into the past.  Requested time 1.166667 but the earliest data is at time 1.200000, when looking up transform from frame [base_footprint] to frame [map]
[planner_server-15] [INFO] [1790084475.980987702] [global_costmap.global_costmap]: start
[planner_server-15] [INFO] [1790084476.031777903] [planner_server]: Activating plugin GridBased of type SmacPlanner2D
[planner_server-15] [INFO] [1790084476.032632759] [planner_server]: Creating bond (planner_server) to lifecycle manager.
[lifecycle_manager-19] [INFO] [1790084476.136413546] [lifecycle_manager_navigation]: Server planner_server connected with bond.
[lifecycle_manager-19] [INFO] [1790084476.136496680] [lifecycle_manager_navigation]: [34m[1mActivating smoother_server[0m[0m
[smoother_server-16] [INFO] [1790084476.136871453] [smoother_server]: Activating
[smoother_server-16] [INFO] [1790084476.136946907] [smoother_server]: Creating bond (smoother_server) to lifecycle manager.
[lifecycle_manager-19] [INFO] [1790084476.239856712] [lifecycle_manager_navigation]: Server smoother_server connected with bond.
[lifecycle_manager-19] [INFO] [1790084476.239996068] [lifecycle_manager_navigation]: [34m[1mActivating bt_navigator[0m[0m
[bt_navigator-17] [INFO] [1790084476.240482102] [bt_navigator]: Activating
[bt_navigator-17] [INFO] [1790084476.307300838] [bt_navigator]: Creating bond (bt_navigator) to lifecycle manager.
[lifecycle_manager-19] [INFO] [1790084476.411251701] [lifecycle_manager_navigation]: Server bt_navigator connected with bond.
[lifecycle_manager-19] [INFO] [1790084476.411368018] [lifecycle_manager_navigation]: [34m[1mActivating behavior_server[0m[0m
[behavior_server-18] [INFO] [1790084476.411913026] [behavior_server]: Activating
[behavior_server-18] [INFO] [1790084476.411976897] [behavior_server]: Activating spin
[behavior_server-18] [INFO] [1790084476.412016544] [behavior_server]: Activating backup
[behavior_server-18] [INFO] [1790084476.412037055] [behavior_server]: Activating wait
[behavior_server-18] [INFO] [1790084476.412058174] [behavior_server]: Creating bond (behavior_server) to lifecycle manager.
[lifecycle_manager-19] [INFO] [1790084476.519565352] [lifecycle_manager_navigation]: Server behavior_server connected with bond.
[lifecycle_manager-19] [INFO] [1790084476.519659461] [lifecycle_manager_navigation]: [34m[1mManaged nodes are active[0m[0m
[lifecycle_manager-19] [INFO] [1790084476.519686501] [lifecycle_manager_navigation]: [34m[1mCreating bond timer...[0m[0m
[lifecycle_manager-19] [INFO] [1790084487.761473789] [rclcpp]: signal_handler(SIGINT/SIGTERM)
[lifecycle_manager-19] [INFO] [1790084487.761635225] [lifecycle_manager_navigation]: Running Nav2 LifecycleManager rcl preshutdown (lifecycle_manager_navigation)
[controller_server-14] [INFO] [1790084487.761512572] [rclcpp]: signal_handler(SIGINT/SIGTERM)
[controller_server-14] [INFO] [1790084487.761639897] [controller_server]: Running Nav2 LifecycleNode rcl preshutdown (controller_server)
[lifecycle_manager-19] [INFO] [1790084487.761707127] [lifecycle_manager_navigation]: [34m[1mTerminating bond timer...[0m[0m
[twist_mux-5] [INFO] [1790084487.761507708] [rclcpp]: signal_handler(SIGINT/SIGTERM)
[twist_relay-8] [INFO] [1790084487.761511996] [rclcpp]: signal_handler(SIGINT/SIGTERM)
[twist_marker-6] [INFO] [1790084487.761511324] [rclcpp]: signal_handler(SIGINT/SIGTERM)
[planner_server-15] [INFO] [1790084487.761573147] [rclcpp]: signal_handler(SIGINT/SIGTERM)
[planner_server-15] [INFO] [1790084487.761667704] [planner_server]: Running Nav2 LifecycleNode rcl preshutdown (planner_server)
[planner_server-15] [INFO] [1790084487.761748118] [planner_server]: Deactivating
[planner_server-15] [INFO] [1790084487.761791316] [global_costmap.global_costmap]: Deactivating
[ekf_node-12] [INFO] [1790084487.761605722] [rclcpp]: signal_handler(SIGINT/SIGTERM)
[controller_server-14] [INFO] [1790084487.761747766] [controller_server]: Deactivating
[controller_server-14] [INFO] [1790084487.761795220] [local_costmap.local_costmap]: Deactivating
[lifecycle_manager-11] [INFO] [1790084487.761725110] [rclcpp]: signal_handler(SIGINT/SIGTERM)
[lifecycle_manager-11] [INFO] [1790084487.761841171] [lifecycle_manager_localization]: Running Nav2 LifecycleManager rcl preshutdown (lifecycle_manager_localization)
[lifecycle_manager-11] [INFO] [1790084487.761904721] [lifecycle_manager_localization]: [34m[1mTerminating bond timer...[0m[0m
[smoother_server-16] [INFO] [1790084487.761764405] [rclcpp]: signal_handler(SIGINT/SIGTERM)
[smoother_server-16] [INFO] [1790084487.761845075] [smoother_server]: Running Nav2 LifecycleNode rcl preshutdown (smoother_server)
[smoother_server-16] [INFO] [1790084487.761921649] [smoother_server]: Deactivating
[smoother_server-16] [INFO] [1790084487.761952112] [smoother_server]: Destroying bond (smoother_server) to lifecycle manager.
[robot_state_publisher-1] [INFO] [1790084487.761854003] [rclcpp]: signal_handler(SIGINT/SIGTERM)
[joy_node-4] [INFO] [1790084487.762219464] [rclcpp]: signal_handler(SIGINT/SIGTERM)
[behavior_server-18] [INFO] [1790084487.762613341] [rclcpp]: signal_handler(SIGINT/SIGTERM)
[behavior_server-18] [INFO] [1790084487.762700795] [behavior_server]: Running Nav2 LifecycleNode rcl preshutdown (behavior_server)
[behavior_server-18] [INFO] [1790084487.762793848] [behavior_server]: Deactivating
[behavior_server-18] [INFO] [1790084487.762821495] [behavior_server]: Destroying bond (behavior_server) to lifecycle manager.
[map_server-9] [INFO] [1790084487.762921493] [rclcpp]: signal_handler(SIGINT/SIGTERM)
[map_server-9] [INFO] [1790084487.763094000] [map_server]: Running Nav2 LifecycleNode rcl preshutdown (map_server)
[map_server-9] [INFO] [1790084487.763184013] [map_server]: Deactivating
[map_server-9] [INFO] [1790084487.763205868] [map_server]: Destroying bond (map_server) to lifecycle manager.
[bt_navigator-17] [INFO] [1790084487.763465861] [rclcpp]: signal_handler(SIGINT/SIGTERM)
[bt_navigator-17] [INFO] [1790084487.763565794] [bt_navigator]: Running Nav2 LifecycleNode rcl preshutdown (bt_navigator)
[bt_navigator-17] [INFO] [1790084487.763647360] [bt_navigator]: Deactivating
[bt_navigator-17] [INFO] [1790084487.763673599] [bt_navigator]: Destroying bond (bt_navigator) to lifecycle manager.
[amcl-10] [0m[INFO] [1790084487.766642188] [rclcpp]: signal_handler(SIGINT/SIGTERM)[0m
[amcl-10] [0m[INFO] [1790084487.767288281] [amcl]: Running Nav2 LifecycleNode rcl preshutdown (amcl)[0m
[amcl-10] [0m[INFO] [1790084487.767846474] [amcl]: Deactivating[0m
[amcl-10] [0m[INFO] [1790084487.768536982] [amcl]: Destroying bond (amcl) to lifecycle manager.[0m
[smoother_server-16] [INFO] [1790084487.772373578] [smoother_server]: Cleaning up
[behavior_server-18] [INFO] [1790084487.773203538] [behavior_server]: Cleaning up
[map_server-9] [INFO] [1790084487.773910526] [map_server]: Cleaning up
[map_server-9] [INFO] [1790084487.774049019] [map_server]: Destroying bond (map_server) to lifecycle manager.
[bt_navigator-17] [INFO] [1790084487.774368242] [bt_navigator]: Cleaning up
[amcl-10] [0m[INFO] [1790084487.779216297] [amcl]: Cleaning up[0m
[behavior_server-18] [INFO] [1790084487.793281212] [behavior_server]: Destroying bond (behavior_server) to lifecycle manager.
[amcl-10] [0m[INFO] [1790084487.809901927] [amcl]: Destroying bond (amcl) to lifecycle manager.[0m
[smoother_server-16] [INFO] [1790084487.819227616] [smoother_server]: Destroying bond (smoother_server) to lifecycle manager.
[controller_server-14] [INFO] [1790084487.875515340] [controller_server]: Destroying bond (controller_server) to lifecycle manager.
[behavior_server-18] [INFO] [1790084487.920777999] [behavior_server]: Destroying
[controller_server-14] [INFO] [1790084487.936041344] [controller_server]: Cleaning up
[controller_server-14] [INFO] [1790084487.936270394] [local_costmap.local_costmap]: Cleaning up
[smoother_server-16] [INFO] [1790084487.941340619] [smoother_server]: Destroying
[map_server-9] [INFO] [1790084487.951560298] [map_server]: Destroying
[bt_navigator-17] [INFO] [1790084487.954884524] [bt_navigator]: Completed Cleaning up
[bt_navigator-17] [INFO] [1790084487.955412030] [bt_navigator]: Destroying bond (bt_navigator) to lifecycle manager.
[amcl-10] [0m[INFO] [1790084487.959680517] [amcl]: Destroying[0m
[lifecycle_manager-11] [INFO] [1790084487.975731072] [lifecycle_manager_localization]: Destroying lifecycle_manager_localization
[INFO] [twist_mux-5]: process has finished cleanly [pid 187981]
[INFO] [twist_relay-8]: process has finished cleanly [pid 187987]
[bt_navigator-17] [INFO] [1790084487.985876674] [bt_navigator]: Destroying
[planner_server-15] [INFO] [1790084487.986698155] [planner_server]: Deactivating plugin GridBased of type SmacPlanner2D
[planner_server-15] [INFO] [1790084487.986775945] [planner_server]: Destroying bond (planner_server) to lifecycle manager.
[INFO] [ekf_node-12]: process has finished cleanly [pid 188001]
[joy_teleop-3] Traceback (most recent call last):
[joy_teleop-3]   File "/opt/ros/humble/lib/joy_teleop/joy_teleop", line 33, in <module>
[joy_teleop-3]     sys.exit(load_entry_point('joy-teleop==1.6.0', 'console_scripts', 'joy_teleop')())
[joy_teleop-3]   File "/opt/ros/humble/lib/python3.10/site-packages/joy_teleop/joy_teleop.py", line 435, in main
[joy_teleop-3]     rclpy.spin(node)
[joy_teleop-3]   File "/opt/ros/humble/local/lib/python3.10/dist-packages/rclpy/__init__.py", line 229, in spin
[INFO] [twist_marker-6]: process has finished cleanly [pid 187983]
[INFO] [robot_state_publisher-1]: process has finished cleanly [pid 187963]
[joy_teleop-3]     executor.spin_once()
[joy_teleop-3]   File "/opt/ros/humble/local/lib/python3.10/dist-packages/rclpy/executors.py", line 812, in spin_once
[joy_teleop-3]     self._spin_once_impl(timeout_sec)
[joy_teleop-3]   File "/opt/ros/humble/local/lib/python3.10/dist-packages/rclpy/executors.py", line 801, in _spin_once_impl
[joy_teleop-3]     handler, entity, node = self.wait_for_ready_callbacks(timeout_sec=timeout_sec)
[joy_teleop-3]   File "/opt/ros/humble/local/lib/python3.10/dist-packages/rclpy/executors.py", line 784, in wait_for_ready_callbacks
[joy_teleop-3]     return next(self._cb_iter)
[joy_teleop-3]   File "/opt/ros/humble/local/lib/python3.10/dist-packages/rclpy/executors.py", line 685, in _wait_for_ready_callbacks
[joy_teleop-3]     raise ExternalShutdownException()
[joy_teleop-3] rclpy.executors.ExternalShutdownException
[INFO] [joy_node-4]: process has finished cleanly [pid 187979]
[controller_server-14] [INFO] [1790084487.995216186] [controller_server]: Destroying bond (controller_server) to lifecycle manager.
[planner_server-15] [INFO] [1790084487.997020872] [planner_server]: Cleaning up
[planner_server-15] [INFO] [1790084488.015048619] [global_costmap.global_costmap]: Cleaning up
[planner_server-15] [INFO] [1790084488.020740715] [planner_server]: Cleaning up plugin GridBased of type SmacPlanner2D
[planner_server-15] [INFO] [1790084488.021057538] [planner_server]: Destroying plugin GridBased of type SmacPlanner2D
[planner_server-15] [INFO] [1790084488.030406746] [planner_server]: Destroying bond (planner_server) to lifecycle manager.
[planner_server-15] [INFO] [1790084488.036560173] [global_costmap.global_costmap]: Destroying
[planner_server-15] [INFO] [1790084488.052140022] [planner_server]: Destroying
[controller_server-14] [INFO] [1790084488.080776686] [local_costmap.local_costmap]: Destroying
[lifecycle_manager-19] [INFO] [1790084488.084465958] [lifecycle_manager_navigation]: Destroying lifecycle_manager_navigation
[controller_server-14] [INFO] [1790084488.095062460] [controller_server]: Destroying
[imu_republisher.py-13] Traceback (most recent call last):
[imu_republisher.py-13]   File "/workspace/molar/ros_ws/bumperbot_ws/install/robot_lab_localization/lib/robot_lab_localization/imu_republisher.py", line 54, in <module>
[imu_republisher.py-13]     main()
[imu_republisher.py-13]   File "/workspace/molar/ros_ws/bumperbot_ws/install/robot_lab_localization/lib/robot_lab_localization/imu_republisher.py", line 45, in main
[imu_republisher.py-13]     rclpy.spin(node)
[imu_republisher.py-13]   File "/opt/ros/humble/local/lib/python3.10/dist-packages/rclpy/__init__.py", line 229, in spin
[imu_republisher.py-13]     executor.spin_once()
[imu_republisher.py-13]   File "/opt/ros/humble/local/lib/python3.10/dist-packages/rclpy/executors.py", line 812, in spin_once
[imu_republisher.py-13]     self._spin_once_impl(timeout_sec)
[imu_republisher.py-13]   File "/opt/ros/humble/local/lib/python3.10/dist-packages/rclpy/executors.py", line 801, in _spin_once_impl
[imu_republisher.py-13]     handler, entity, node = self.wait_for_ready_callbacks(timeout_sec=timeout_sec)
[imu_republisher.py-13]   File "/opt/ros/humble/local/lib/python3.10/dist-packages/rclpy/executors.py", line 784, in wait_for_ready_callbacks
[imu_republisher.py-13]     return next(self._cb_iter)
[imu_republisher.py-13]   File "/opt/ros/humble/local/lib/python3.10/dist-packages/rclpy/executors.py", line 685, in _wait_for_ready_callbacks
[imu_republisher.py-13]     raise ExternalShutdownException()
[imu_republisher.py-13] rclpy.executors.ExternalShutdownException
[INFO] [lifecycle_manager-11]: process has finished cleanly [pid 187993]
[INFO] [wheel_imu_fusion-20]: process has finished cleanly [pid 188126]
[INFO] [bt_navigator-17]: process has finished cleanly [pid 188106]
[INFO] [behavior_server-18]: process has finished cleanly [pid 188109]
[INFO] [amcl-10]: process has finished cleanly [pid 187991]
[INFO] [map_server-9]: process has finished cleanly [pid 187989]
[INFO] [smoother_server-16]: process has finished cleanly [pid 188038]
[INFO] [planner_server-15]: process has finished cleanly [pid 188009]
[INFO] [controller_server-14]: process has finished cleanly [pid 188007]
[INFO] [joystick_relay.py-7]: process has finished cleanly [pid 187985]
[ERROR] [imu_republisher.py-13]: process has died [pid 188003, exit code 1, cmd '/workspace/molar/ros_ws/bumperbot_ws/install/robot_lab_localization/lib/robot_lab_localization/imu_republisher.py --ros-args --params-file /workspace/molar/.tmp/launch_params_lm_ymuau'].
[pybullet_spawner-2] Traceback (most recent call last):
[pybullet_spawner-2]   File "/workspace/molar/ros_ws/bumperbot_ws/install/robot_lab_pybullet/lib/robot_lab_pybullet/pybullet_spawner", line 33, in <module>
[pybullet_spawner-2]     sys.exit(load_entry_point('robot_lab_pybullet==0.1.0', 'console_scripts', 'pybullet_spawner')())
[pybullet_spawner-2]   File "/workspace/molar/ros_ws/bumperbot_ws/install/robot_lab_pybullet/lib/python3.10/site-packages/robot_lab_pybullet/pybullet_spawner.py", line 1122, in main
[pybullet_spawner-2]     rclpy.spin(node)
[pybullet_spawner-2]   File "/opt/ros/humble/local/lib/python3.10/dist-packages/rclpy/__init__.py", line 229, in spin
[pybullet_spawner-2]     executor.spin_once()
[pybullet_spawner-2]   File "/opt/ros/humble/local/lib/python3.10/dist-packages/rclpy/executors.py", line 812, in spin_once
[pybullet_spawner-2]     self._spin_once_impl(timeout_sec)
[pybullet_spawner-2]   File "/opt/ros/humble/local/lib/python3.10/dist-packages/rclpy/executors.py", line 801, in _spin_once_impl
[pybullet_spawner-2]     handler, entity, node = self.wait_for_ready_callbacks(timeout_sec=timeout_sec)
[pybullet_spawner-2]   File "/opt/ros/humble/local/lib/python3.10/dist-packages/rclpy/executors.py", line 784, in wait_for_ready_callbacks
[pybullet_spawner-2]     return next(self._cb_iter)
[pybullet_spawner-2]   File "/opt/ros/humble/local/lib/python3.10/dist-packages/rclpy/executors.py", line 685, in _wait_for_ready_callbacks
[pybullet_spawner-2]     raise ExternalShutdownException()
[pybullet_spawner-2] rclpy.executors.ExternalShutdownException
[INFO] [lifecycle_manager-19]: process has finished cleanly [pid 188120]
[ERROR] [joy_teleop-3]: process has died [pid 187977, exit code 1, cmd '/opt/ros/humble/lib/joy_teleop/joy_teleop --ros-args --params-file /workspace/molar/ros_ws/bumperbot_ws/install/robot_lab_controller/share/robot_lab_controller/config/joy_teleop.yaml --params-file /workspace/molar/.tmp/launch_params_4bz7didv'].
[ERROR] [pybullet_spawner-2]: process has died [pid 187967, exit code 1, cmd '/workspace/molar/ros_ws/bumperbot_ws/install/robot_lab_pybullet/lib/robot_lab_pybullet/pybullet_spawner --ros-args -r __node:=pybullet_spawner --params-file /workspace/molar/.tmp/launch_params_tk2a9xv_'].
[pybullet_spawner-2] base_footprint
