[INFO] [launch]: All log files can be found below /home/molar1/.ros/log/2026-09-15-10-01-20-595131-molar1-19584
[INFO] [launch]: Default logging verbosity is set to INFO
[INFO] [robot_state_publisher-1]: process started with pid [19649]
[INFO] [pybullet_spawner-2]: process started with pid [19651]
[robot_state_publisher-1] 1789459280.901646 [180] robot_stat: selected interface "lo" is not multicast-capable: disabling multicast
[robot_state_publisher-1] [INFO] [1789459280.916460782] [robot_state_publisher]: got segment base_footprint
[robot_state_publisher-1] [INFO] [1789459280.917422450] [robot_state_publisher]: got segment base_link
[robot_state_publisher-1] [INFO] [1789459280.917818002] [robot_state_publisher]: got segment caster_front_link
[robot_state_publisher-1] [INFO] [1789459280.918143678] [robot_state_publisher]: got segment caster_rear_link
[robot_state_publisher-1] [INFO] [1789459280.918461066] [robot_state_publisher]: got segment imu_link
[robot_state_publisher-1] [INFO] [1789459280.918782550] [robot_state_publisher]: got segment laser_link
[robot_state_publisher-1] [INFO] [1789459280.919096835] [robot_state_publisher]: got segment oakd_imu_frame
[robot_state_publisher-1] [INFO] [1789459280.919406033] [robot_state_publisher]: got segment oakd_left_camera_frame
[robot_state_publisher-1] [INFO] [1789459280.919761880] [robot_state_publisher]: got segment oakd_left_camera_optical_frame
[robot_state_publisher-1] [INFO] [1789459280.920079716] [robot_state_publisher]: got segment oakd_link
[robot_state_publisher-1] [INFO] [1789459280.920393906] [robot_state_publisher]: got segment oakd_rgb_camera_frame
[robot_state_publisher-1] [INFO] [1789459280.920717949] [robot_state_publisher]: got segment oakd_rgb_camera_optical_frame
[robot_state_publisher-1] [INFO] [1789459280.921033450] [robot_state_publisher]: got segment oakd_right_camera_frame
[robot_state_publisher-1] [INFO] [1789459280.921346616] [robot_state_publisher]: got segment oakd_right_camera_optical_frame
[robot_state_publisher-1] [INFO] [1789459280.921368436] [robot_state_publisher]: got segment wheel_left_link
[robot_state_publisher-1] [INFO] [1789459280.921379058] [robot_state_publisher]: got segment wheel_right_link
[pybullet_spawner-2] pybullet build time: Sep  2 2026 15:08:17
[pybullet_spawner-2] 1789459281.381046 [180] pybullet_s: selected interface "lo" is not multicast-capable: disabling multicast
[pybullet_spawner-2] [INFO] [1789459281.466229914] [pybullet_spawner]: PyBulletSpawner __init__ started
[pybullet_spawner-2] [INFO] [1789459281.470958784] [pybullet_spawner]: Parameters declared
[pybullet_spawner-2] [INFO] [1789459281.483445634] [pybullet_spawner]: Created /robot_lab/ready publisher
[pybullet_spawner-2] [INFO] [1789459281.485469244] [pybullet_spawner]: Created /robot_lab/health publisher
[pybullet_spawner-2] [INFO] [1789459281.487613378] [pybullet_spawner]: Created /robot_lab/reset service
[pybullet_spawner-2] [INFO] [1789459282.157233395] [pybullet_spawner]: URDF written to /workspace/molar/.tmp/tmppcsbzqin.urdf
[pybullet_spawner-2] [INFO] [1789459282.157981563] [pybullet_spawner]: PyBullet gui param=False (resolved=False), DISPLAY=:1 -> mode=DIRECT
[pybullet_spawner-2] [INFO] [1789459282.158581690] [pybullet_spawner]: Connecting to PyBullet...
[pybullet_spawner-2] [INFO] [1789459282.169157143] [pybullet_spawner]: PyBullet connected with client_id=0
[pybullet_spawner-2] [INFO] [1789459282.169860870] [pybullet_spawner]: PyBullet physics engine configured
[pybullet_spawner-2] [INFO] [1789459282.184264187] [pybullet_spawner]: SDF world 'nav_empty.world': 9 static shape(s) created, 0 skipped
[pybullet_spawner-2] b3Warning[examples/Importers/ImportURDFDemo/BulletUrdfImporter.cpp,126]:
[pybullet_spawner-2] No inertial data for link, using mass=1, localinertiadiagonal = 1,1,1, identity local inertial frameb3Warning[examples/Importers/ImportURDFDemo/BulletUrdfImporter.cpp,126]:
[pybullet_spawner-2] [INFO] [1789459282.920317236] [pybullet_spawner]: Loaded robot id=10 (15 joints)
[pybullet_spawner-2] [INFO] [1789459282.920975754] [pybullet_spawner]: Friction from the description's <gazebo> blocks: caster_front_link=0.1, caster_rear_link=0.1, wheel_left_link=1, wheel_right_link=1
[pybullet_spawner-2] [INFO] [1789459282.923095893] [pybullet_spawner]: RGB-D camera on 'oakd_rgb_camera_frame': 320x240 at 5.0 Hz (software renderer)
[pybullet_spawner-2] base_footprintb3Warning[examples/Importers/ImportURDFDemo/BulletUrdfImporter.cpp,126]:
