[INFO] [launch]: All log files can be found below /home/molar1/.ros/log/2026-09-28-13-32-25-933318-molar1-206819
[INFO] [launch]: Default logging verbosity is set to INFO
[robot_lab] algorithm localization=amcl -> global_localization stack
[robot_lab] algorithm state_estimation=ekf_localization_node -> local_localization stack
[robot_lab] algorithm sensor_fusion=wheel_imu_fusion -> node robot_lab_algorithms/wheel_imu_fusion
[INFO] [go2-stance-gait-controller-1]: process started with pid [206862]
[INFO] [robot_state_publisher-2]: process started with pid [206864]
[INFO] [mujoco_spawner-3]: process started with pid [206866]
[INFO] [joy_teleop-4]: process started with pid [206868]
[INFO] [joy_node-5]: process started with pid [206870]
[INFO] [twist_mux-6]: process started with pid [206872]
[INFO] [twist_marker-7]: process started with pid [206874]
[INFO] [joystick_relay.py-8]: process started with pid [206876]
[INFO] [twist_relay-9]: process started with pid [206878]
[INFO] [simulator_ready_gate-10]: process started with pid [206880]
[twist_mux-6] [INFO] [1790595146.889574535] [twist_mux]: Topic handler 'topics.joystick' subscribed to topic 'joy_vel': timeout = 0.500000s , priority = 99.
[twist_mux-6] [INFO] [1790595146.891710981] [twist_mux]: Topic handler 'topics.keyboard' subscribed to topic 'key_vel': timeout = 0.500000s , priority = 90.
[twist_mux-6] [INFO] [1790595146.892995313] [twist_mux]: Topic handler 'topics.navigation' subscribed to topic 'cmd_vel': timeout = 0.500000s , priority = 80.
[twist_mux-6] [INFO] [1790595146.894251165] [twist_mux]: Topic handler 'locks.safety_stop' subscribed to topic 'safety_stop': timeout = None , priority = 255.
[robot_state_publisher-2] [INFO] [1790595146.904535483] [robot_state_publisher]: got segment FL_calf
[robot_state_publisher-2] [INFO] [1790595146.904818967] [robot_state_publisher]: got segment FL_calf_rotor
[robot_state_publisher-2] [INFO] [1790595146.904846902] [robot_state_publisher]: got segment FL_foot
[robot_state_publisher-2] [INFO] [1790595146.904858358] [robot_state_publisher]: got segment FL_hip
[robot_state_publisher-2] [INFO] [1790595146.904880246] [robot_state_publisher]: got segment FL_hip_rotor
[robot_state_publisher-2] [INFO] [1790595146.904901270] [robot_state_publisher]: got segment FL_thigh
[robot_state_publisher-2] [INFO] [1790595146.904970452] [robot_state_publisher]: got segment FL_thigh_rotor
[robot_state_publisher-2] [INFO] [1790595146.904991732] [robot_state_publisher]: got segment FR_calf
[robot_state_publisher-2] [INFO] [1790595146.905002036] [robot_state_publisher]: got segment FR_calf_rotor
[robot_state_publisher-2] [INFO] [1790595146.905012372] [robot_state_publisher]: got segment FR_foot
[robot_state_publisher-2] [INFO] [1790595146.905021812] [robot_state_publisher]: got segment FR_hip
[robot_state_publisher-2] [INFO] [1790595146.905040115] [robot_state_publisher]: got segment FR_hip_rotor
[robot_state_publisher-2] [INFO] [1790595146.905049171] [robot_state_publisher]: got segment FR_thigh
[robot_state_publisher-2] [INFO] [1790595146.905056787] [robot_state_publisher]: got segment FR_thigh_rotor
[robot_state_publisher-2] [INFO] [1790595146.905078995] [robot_state_publisher]: got segment RL_calf
[robot_state_publisher-2] [INFO] [1790595146.905089139] [robot_state_publisher]: got segment RL_calf_rotor
[robot_state_publisher-2] [INFO] [1790595146.905096978] [robot_state_publisher]: got segment RL_foot
[robot_state_publisher-2] [INFO] [1790595146.905104402] [robot_state_publisher]: got segment RL_hip
[robot_state_publisher-2] [INFO] [1790595146.905120786] [robot_state_publisher]: got segment RL_hip_rotor
[robot_state_publisher-2] [INFO] [1790595146.905130962] [robot_state_publisher]: got segment RL_thigh
[robot_state_publisher-2] [INFO] [1790595146.905138738] [robot_state_publisher]: got segment RL_thigh_rotor
[robot_state_publisher-2] [INFO] [1790595146.905146450] [robot_state_publisher]: got segment RR_calf
[robot_state_publisher-2] [INFO] [1790595146.905153810] [robot_state_publisher]: got segment RR_calf_rotor
[robot_state_publisher-2] [INFO] [1790595146.905161425] [robot_state_publisher]: got segment RR_foot
[robot_state_publisher-2] [INFO] [1790595146.905168369] [robot_state_publisher]: got segment RR_hip
[robot_state_publisher-2] [INFO] [1790595146.905176177] [robot_state_publisher]: got segment RR_hip_rotor
[robot_state_publisher-2] [INFO] [1790595146.905197745] [robot_state_publisher]: got segment RR_thigh
[robot_state_publisher-2] [INFO] [1790595146.905206705] [robot_state_publisher]: got segment RR_thigh_rotor
[robot_state_publisher-2] [INFO] [1790595146.905214129] [robot_state_publisher]: got segment base
[robot_state_publisher-2] [INFO] [1790595146.905221425] [robot_state_publisher]: got segment front_camera
[robot_state_publisher-2] [INFO] [1790595146.905228880] [robot_state_publisher]: got segment imu_link
[robot_state_publisher-2] [INFO] [1790595146.905236400] [robot_state_publisher]: got segment trunk
[go2-stance-gait-controller-1] [0;93m2026-09-28 13:32:27.571107603 [W:onnxruntime:Default, device_discovery.cc:164 DiscoverDevicesForPlatform] GPU device discovery failed: device_discovery.cc:89 ReadFileContents Failed to open file: "/sys/class/drm/card1/device/vendor"[m
[go2-stance-gait-controller-1] [INFO] [1790595147.636512301] [go2_stance_gait_controller]: Go2 closed-loop stance: 12 effort joints at 250.0 Hz; controller ONNX velocity policy
[mujoco_spawner-3] [INFO] [1790595148.865114577] [mujoco_spawner]: MuJoCo: 18 collision proxy geom(s) moved to group 3 (viewer Rendering tab to show them).
[mujoco_spawner-3] [INFO] [1790595148.910867296] [mujoco_spawner]: MuJoCo URDF import OK (all meshes staged).
[mujoco_spawner-3] [WARN] [1790595148.922552808] [mujoco_spawner]: MuJoCo effort plant: no MJCF beside /home/molar1/bumperbot_ws/install/robot_lab_robots/share/robot_lab_robots/unitree/go2_description/xacro/go2_sim.xacro names every effort joint; keeping the URDF <dynamics> (damping=5.0 is a Gazebo stabiliser the robot does not have).
[mujoco_spawner-3] [INFO] [1790595148.968574611] [mujoco_spawner]: MuJoCo physics timestep: 0.0010 s
[mujoco_spawner-3] [INFO] [1790595148.970097147] [mujoco_spawner]: Robot has no 'oakd_rgb_camera_frame' link; no RGB-D camera is published.
[mujoco_spawner-3] [INFO] [1790595148.971049260] [mujoco_spawner]: Joints: ['FR_hip_joint', 'FR_thigh_joint', 'FR_calf_joint', 'FL_hip_joint', 'FL_thigh_joint', 'FL_calf_joint', 'RR_hip_joint', 'RR_thigh_joint', 'RR_calf_joint', 'RL_hip_joint', 'RL_thigh_joint', 'RL_calf_joint']   lw= rw=
[mujoco_spawner-3] [INFO] [1790595148.973777921] [mujoco_spawner]: MuJoCo effort joint armature: 0.0100 kg m^2
[mujoco_spawner-3] [INFO] [1790595148.975538885] [mujoco_spawner]: Joint effort input: /go2_group_effort_controller/commands (12 joints, URDF limits)
[mujoco_spawner-3] [INFO] [1790595148.977625348] [mujoco_spawner]: Spawn ground clearance: raised root by 0.2445 m
[mujoco_spawner-3] [INFO] [1790595148.978727411] [mujoco_spawner]: MuJoCo model loaded: 14 bodies, 13 joints
[mujoco_spawner-3] [INFO] [1790595148.979457768] [mujoco_spawner]: MuJoCo gui param=False (resolved=False), DISPLAY=:1 -> mode=DIRECT
[mujoco_spawner-3] [INFO] [1790595148.980132701] [mujoco_spawner]: MuJoCo running headless (gui=False, viewer=True).
[mujoco_spawner-3] [INFO] [1790595148.984801299] [mujoco_spawner]: MuJoCo spawner running.
[go2-stance-gait-controller-1] [WARN] [1790595148.985978561] [go2_stance_gait_controller]: Go2 safety safe_stop: tilt 0.90 rad exceeds fall threshold
[go2-stance-gait-controller-1] [INFO] [1790595148.986803060] [go2_stance_gait_controller]: Go2 recovery idle
[go2-stance-gait-controller-1] [INFO] [1790595149.173963984] [go2_stance_gait_controller]: Go2 recovery attempting:tuck
[INFO] [simulator_ready_gate-10]: process has finished cleanly [pid 206880]
[INFO] [amcl-12]: process started with pid [207123]
[INFO] [map_server-11]: process started with pid [207121]
[INFO] [lifecycle_manager-13]: process started with pid [207125]
[INFO] [ekf_node-14]: process started with pid [207127]
[INFO] [imu_republisher.py-15]: process started with pid [207129]
[INFO] [wheel_imu_fusion-16]: process started with pid [207131]
[lifecycle_manager-13] [INFO] [1790595149.386758297] [lifecycle_manager_localization]: Creating
[amcl-12] [0m[INFO] [1790595149.392492414] [amcl]: 
[amcl-12] 	amcl lifecycle node launched. 
[amcl-12] 	Waiting on external lifecycle transitions to activate
[amcl-12] 	See https://design.ros2.org/articles/node_lifecycle.html for more information.[0m
[amcl-12] [0m[INFO] [1790595149.393830153] [amcl]: Creating[0m
[lifecycle_manager-13] [INFO] [1790595149.397260339] [lifecycle_manager_localization]: [34m[1mCreating and initializing lifecycle service clients[0m[0m
[map_server-11] [INFO] [1790595149.408757918] [map_server]: 
[map_server-11] 	map_server lifecycle node launched. 
[map_server-11] 	Waiting on external lifecycle transitions to activate
[map_server-11] 	See https://design.ros2.org/articles/node_lifecycle.html for more information.
[map_server-11] [INFO] [1790595149.408943707] [map_server]: Creating
[lifecycle_manager-13] [INFO] [1790595149.551697427] [lifecycle_manager_localization]: [34m[1mStarting managed nodes bringup...[0m[0m
[lifecycle_manager-13] [INFO] [1790595149.553305210] [lifecycle_manager_localization]: [34m[1mConfiguring map_server[0m[0m
[map_server-11] [INFO] [1790595149.554852961] [map_server]: Configuring
[map_server-11] [INFO] [1790595149.554986623] [map_io]: Loading yaml file: /home/molar1/bumperbot_ws/install/robot_lab_maps/share/robot_lab_maps/maps/nav_empty/maps/map.yaml
[map_server-11] [INFO] [1790595149.555427992] [map_io]: resolution: 0.05
[map_server-11] [INFO] [1790595149.555448792] [map_io]: origin[0]: -7
[map_server-11] [INFO] [1790595149.555454872] [map_io]: origin[1]: -7
[map_server-11] [INFO] [1790595149.555459352] [map_io]: origin[2]: 0
[map_server-11] [INFO] [1790595149.555464248] [map_io]: free_thresh: 0.196
[map_server-11] [INFO] [1790595149.555469016] [map_io]: occupied_thresh: 0.65
[map_server-11] [INFO] [1790595149.555474680] [map_io]: mode: trinary
[map_server-11] [INFO] [1790595149.555481591] [map_io]: negate: 0
[map_server-11] [INFO] [1790595149.555791123] [map_io]: Loading image_file: /home/molar1/bumperbot_ws/install/robot_lab_maps/share/robot_lab_maps/maps/nav_empty/maps/map.pgm
[map_server-11] [INFO] [1790595149.569052162] [map_io]: Read map /home/molar1/bumperbot_ws/install/robot_lab_maps/share/robot_lab_maps/maps/nav_empty/maps/map.pgm: 280 X 280 map @ 0.05 m/cell
[go2-stance-gait-controller-1] [INFO] [1790595149.576126738] [go2_stance_gait_controller]: Go2 recovery attempting:crouch
[lifecycle_manager-13] [INFO] [1790595149.576347471] [lifecycle_manager_localization]: [34m[1mConfiguring amcl[0m[0m
[amcl-12] [0m[INFO] [1790595149.576683722] [amcl]: Configuring[0m
[amcl-12] [0m[INFO] [1790595149.576866855] [amcl]: initTransforms[0m
[amcl-12] [0m[INFO] [1790595149.587267107] [amcl]: initPubSub[0m
[amcl-12] [0m[INFO] [1790595149.597721534] [amcl]: Subscribed to map topic.[0m
[lifecycle_manager-13] [INFO] [1790595149.608440821] [lifecycle_manager_localization]: [34m[1mActivating map_server[0m[0m
[map_server-11] [INFO] [1790595149.608756080] [map_server]: Activating
[map_server-11] [INFO] [1790595149.609069132] [map_server]: Creating bond (map_server) to lifecycle manager.
[amcl-12] [0m[INFO] [1790595149.610952494] [amcl]: Received a 280 X 280 map @ 0.050 m/pix[0m
[amcl-12] [0m[INFO] [1790595149.714539118] [amcl]: Activating[0m
[amcl-12] [0m[INFO] [1790595149.714638605] [amcl]: initialPoseReceived[0m
[lifecycle_manager-13] [INFO] [1790595149.714080918] [lifecycle_manager_localization]: Server map_server connected with bond.
[lifecycle_manager-13] [INFO] [1790595149.714171828] [lifecycle_manager_localization]: [34m[1mActivating amcl[0m[0m
[amcl-12] [0m[INFO] [1790595149.714844042] [amcl]: Setting pose (0.452000): -0.500 -0.500 0.000[0m
[amcl-12] [0m[INFO] [1790595149.715430496] [amcl]: Creating bond (amcl) to lifecycle manager.[0m
[lifecycle_manager-13] [INFO] [1790595149.819706134] [lifecycle_manager_localization]: Server amcl connected with bond.
[lifecycle_manager-13] [INFO] [1790595149.819789269] [lifecycle_manager_localization]: [34m[1mManaged nodes are active[0m[0m
[lifecycle_manager-13] [INFO] [1790595149.819811125] [lifecycle_manager_localization]: [34m[1mCreating bond timer...[0m[0m
[amcl-12] [0m[INFO] [1790595150.017998179] [amcl]: createLaserObject[0m
[wheel_imu_fusion-16] [INFO] [1790595150.095278626] [sensor_fusion_wheel_imu_fusion]: wheel_imu_fusion ready
[go2-stance-gait-controller-1] [INFO] [1790595150.177005500] [go2_stance_gait_controller]: Go2 recovery attempting:stand
[go2-stance-gait-controller-1] [INFO] [1790595150.972437039] [go2_stance_gait_controller]: Go2 recovery succeeded:stand
[robot_state_publisher-2] [INFO] [1790595172.107077778] [rclcpp]: signal_handler(SIGINT/SIGTERM)
[ekf_node-14] [INFO] [1790595172.106992019] [rclcpp]: signal_handler(SIGINT/SIGTERM)
[amcl-12] [0m[INFO] [1790595172.107087090] [rclcpp]: signal_handler(SIGINT/SIGTERM)[0m
[amcl-12] [0m[INFO] [1790595172.107274927] [amcl]: Running Nav2 LifecycleNode rcl preshutdown (amcl)[0m
[amcl-12] [0m[INFO] [1790595172.107427629] [amcl]: Deactivating[0m
[amcl-12] [0m[INFO] [1790595172.107487180] [amcl]: Destroying bond (amcl) to lifecycle manager.[0m
[twist_relay-9] [INFO] [1790595172.107088658] [rclcpp]: signal_handler(SIGINT/SIGTERM)
[twist_marker-7] [INFO] [1790595172.107087762] [rclcpp]: signal_handler(SIGINT/SIGTERM)
[lifecycle_manager-13] [INFO] [1790595172.107094354] [rclcpp]: signal_handler(SIGINT/SIGTERM)
[lifecycle_manager-13] [INFO] [1790595172.107259759] [lifecycle_manager_localization]: Running Nav2 LifecycleManager rcl preshutdown (lifecycle_manager_localization)
[lifecycle_manager-13] [INFO] [1790595172.107364110] [lifecycle_manager_localization]: [34m[1mTerminating bond timer...[0m[0m
[twist_mux-6] [INFO] [1790595172.107142801] [rclcpp]: signal_handler(SIGINT/SIGTERM)
[joy_node-5] [INFO] [1790595172.107188528] [rclcpp]: signal_handler(SIGINT/SIGTERM)
[map_server-11] [INFO] [1790595172.107563850] [rclcpp]: signal_handler(SIGINT/SIGTERM)
[map_server-11] [INFO] [1790595172.107710696] [map_server]: Running Nav2 LifecycleNode rcl preshutdown (map_server)
[map_server-11] [INFO] [1790595172.107804359] [map_server]: Deactivating
[map_server-11] [INFO] [1790595172.107827846] [map_server]: Destroying bond (map_server) to lifecycle manager.
[amcl-12] [0m[INFO] [1790595172.118160964] [amcl]: Cleaning up[0m
[map_server-11] [INFO] [1790595172.118212260] [map_server]: Cleaning up
[map_server-11] [INFO] [1790595172.118317922] [map_server]: Destroying bond (map_server) to lifecycle manager.
[amcl-12] [0m[INFO] [1790595172.127418323] [amcl]: Destroying bond (amcl) to lifecycle manager.[0m
[amcl-12] [0m[INFO] [1790595172.135112347] [amcl]: Destroying[0m
[joy_teleop-4] Traceback (most recent call last):
[joy_teleop-4]   File "/opt/ros/humble/lib/joy_teleop/joy_teleop", line 33, in <module>
[joy_teleop-4]     sys.exit(load_entry_point('joy-teleop==1.6.0', 'console_scripts', 'joy_teleop')())
[joy_teleop-4]   File "/opt/ros/humble/lib/python3.10/site-packages/joy_teleop/joy_teleop.py", line 435, in main
[joy_teleop-4]     rclpy.spin(node)
[joy_teleop-4]   File "/opt/ros/humble/local/lib/python3.10/dist-packages/rclpy/__init__.py", line 229, in spin
[joy_teleop-4]     executor.spin_once()
[joy_teleop-4]   File "/opt/ros/humble/local/lib/python3.10/dist-packages/rclpy/executors.py", line 812, in spin_once
[joy_teleop-4]     self._spin_once_impl(timeout_sec)
[joy_teleop-4]   File "/opt/ros/humble/local/lib/python3.10/dist-packages/rclpy/executors.py", line 801, in _spin_once_impl
[joy_teleop-4]     handler, entity, node = self.wait_for_ready_callbacks(timeout_sec=timeout_sec)
[joy_teleop-4]   File "/opt/ros/humble/local/lib/python3.10/dist-packages/rclpy/executors.py", line 784, in wait_for_ready_callbacks
[joy_teleop-4]     return next(self._cb_iter)
[joy_teleop-4]   File "/opt/ros/humble/local/lib/python3.10/dist-packages/rclpy/executors.py", line 685, in _wait_for_ready_callbacks
[joy_teleop-4]     raise ExternalShutdownException()
[joy_teleop-4] rclpy.executors.ExternalShutdownException
[map_server-11] [INFO] [1790595172.215086423] [map_server]: Destroying
[lifecycle_manager-13] [INFO] [1790595172.217261397] [lifecycle_manager_localization]: Destroying lifecycle_manager_localization
[INFO] [twist_mux-6]: process has finished cleanly [pid 206872]
[INFO] [robot_state_publisher-2]: process has finished cleanly [pid 206864]
[INFO] [twist_relay-9]: process has finished cleanly [pid 206878]
[INFO] [joy_node-5]: process has finished cleanly [pid 206870]
[INFO] [ekf_node-14]: process has finished cleanly [pid 207127]
[INFO] [twist_marker-7]: process has finished cleanly [pid 206874]
[INFO] [wheel_imu_fusion-16]: process has finished cleanly [pid 207131]
[INFO] [lifecycle_manager-13]: process has finished cleanly [pid 207125]
[imu_republisher.py-15] Traceback (most recent call last):
[imu_republisher.py-15]   File "/home/molar1/bumperbot_ws/install/robot_lab_localization/lib/robot_lab_localization/imu_republisher.py", line 54, in <module>
[imu_republisher.py-15]     main()
[imu_republisher.py-15]   File "/home/molar1/bumperbot_ws/install/robot_lab_localization/lib/robot_lab_localization/imu_republisher.py", line 45, in main
[imu_republisher.py-15]     rclpy.spin(node)
[imu_republisher.py-15]   File "/opt/ros/humble/local/lib/python3.10/dist-packages/rclpy/__init__.py", line 229, in spin
[imu_republisher.py-15]     executor.spin_once()
[imu_republisher.py-15]   File "/opt/ros/humble/local/lib/python3.10/dist-packages/rclpy/executors.py", line 812, in spin_once
[imu_republisher.py-15]     self._spin_once_impl(timeout_sec)
[imu_republisher.py-15]   File "/opt/ros/humble/local/lib/python3.10/dist-packages/rclpy/executors.py", line 809, in _spin_once_impl
[imu_republisher.py-15]     raise handler.exception()
[imu_republisher.py-15]   File "/opt/ros/humble/local/lib/python3.10/dist-packages/rclpy/task.py", line 309, in _execute_coroutine_step
[imu_republisher.py-15]     result = coro.send(None)
[imu_republisher.py-15]   File "/opt/ros/humble/local/lib/python3.10/dist-packages/rclpy/executors.py", line 488, in handler
[imu_republisher.py-15]     await call_coroutine(entity, arg)
[imu_republisher.py-15]   File "/opt/ros/humble/local/lib/python3.10/dist-packages/rclpy/executors.py", line 407, in _execute_subscription
[imu_republisher.py-15]     await await_or_execute(sub.callback, msg)
[imu_republisher.py-15]   File "/opt/ros/humble/local/lib/python3.10/dist-packages/rclpy/executors.py", line 110, in await_or_execute
[imu_republisher.py-15]     return callback(*args)
[imu_republisher.py-15]   File "/home/molar1/bumperbot_ws/install/robot_lab_localization/lib/robot_lab_localization/imu_republisher.py", line 34, in imuCallback
[imu_republisher.py-15]     imu_pub.publish(imu)
[imu_republisher.py-15]   File "/opt/ros/humble/local/lib/python3.10/dist-packages/rclpy/publisher.py", line 70, in publish
[imu_republisher.py-15]     self.__publisher.publish(msg)
[imu_republisher.py-15] rclpy._rclpy_pybind11.RCLError: Failed to publish: publisher's context is invalid, at ./src/rcl/publisher.c:389
[INFO] [amcl-12]: process has finished cleanly [pid 207123]
[INFO] [map_server-11]: process has finished cleanly [pid 207121]
[INFO] [go2-stance-gait-controller-1]: process has finished cleanly [pid 206862]
[INFO] [mujoco_spawner-3]: process has finished cleanly [pid 206866]
[INFO] [joystick_relay.py-8]: process has finished cleanly [pid 206876]
[ERROR] [joy_teleop-4]: process has died [pid 206868, exit code 1, cmd '/opt/ros/humble/lib/joy_teleop/joy_teleop --ros-args --params-file /home/molar1/bumperbot_ws/install/robot_lab_controller/share/robot_lab_controller/config/joy_teleop.yaml --params-file /workspace/molar/.tmp/launch_params_t6fgq9_3'].
[ERROR] [imu_republisher.py-15]: process has died [pid 207129, exit code 1, cmd '/home/molar1/bumperbot_ws/install/robot_lab_localization/lib/robot_lab_localization/imu_republisher.py --ros-args --params-file /workspace/molar/.tmp/launch_params_oy5o2d4t'].
