[INFO] [launch]: All log files can be found below /home/molar1/.ros/log/2026-09-25-17-59-08-447966-molar1-1560296
[INFO] [launch]: Default logging verbosity is set to INFO
[robot_lab] algorithm localization=amcl -> global_localization stack
[robot_lab] algorithm state_estimation=ekf_localization_node -> local_localization stack
[robot_lab] algorithm sensor_fusion=wheel_imu_fusion -> node robot_lab_algorithms/wheel_imu_fusion
[INFO] [go2-stance-gait-controller-1]: process started with pid [1560328]
[INFO] [robot_state_publisher-2]: process started with pid [1560330]
[INFO] [mujoco_spawner-3]: process started with pid [1560332]
[INFO] [joy_teleop-4]: process started with pid [1560334]
[INFO] [joy_node-5]: process started with pid [1560336]
[INFO] [twist_mux-6]: process started with pid [1560338]
[INFO] [twist_marker-7]: process started with pid [1560340]
[INFO] [joystick_relay.py-8]: process started with pid [1560342]
[INFO] [twist_relay-9]: process started with pid [1560344]
[INFO] [simulator_ready_gate-10]: process started with pid [1560346]
[twist_mux-6] [INFO] [1790351949.349133692] [twist_mux]: Topic handler 'topics.joystick' subscribed to topic 'joy_vel': timeout = 0.500000s , priority = 99.
[robot_state_publisher-2] [INFO] [1790351949.352436494] [robot_state_publisher]: got segment FL_calf
[robot_state_publisher-2] [INFO] [1790351949.354470691] [robot_state_publisher]: got segment FL_calf_rotor
[robot_state_publisher-2] [INFO] [1790351949.355338677] [robot_state_publisher]: got segment FL_foot
[robot_state_publisher-2] [INFO] [1790351949.356075183] [robot_state_publisher]: got segment FL_hip
[robot_state_publisher-2] [INFO] [1790351949.356605427] [robot_state_publisher]: got segment FL_hip_rotor
[robot_state_publisher-2] [INFO] [1790351949.357045596] [robot_state_publisher]: got segment FL_thigh
[robot_state_publisher-2] [INFO] [1790351949.357486020] [robot_state_publisher]: got segment FL_thigh_rotor
[robot_state_publisher-2] [INFO] [1790351949.358040487] [robot_state_publisher]: got segment FR_calf
[twist_mux-6] [INFO] [1790351949.358230845] [twist_mux]: Topic handler 'topics.keyboard' subscribed to topic 'key_vel': timeout = 0.500000s , priority = 90.
[twist_mux-6] [INFO] [1790351949.358530989] [twist_mux]: Topic handler 'topics.navigation' subscribed to topic 'cmd_vel': timeout = 0.500000s , priority = 80.
[twist_mux-6] [INFO] [1790351949.358687045] [twist_mux]: Topic handler 'locks.safety_stop' subscribed to topic 'safety_stop': timeout = None , priority = 255.
[robot_state_publisher-2] [INFO] [1790351949.360726362] [robot_state_publisher]: got segment FR_calf_rotor
[robot_state_publisher-2] [INFO] [1790351949.365172400] [robot_state_publisher]: got segment FR_foot
[robot_state_publisher-2] [INFO] [1790351949.366422830] [robot_state_publisher]: got segment FR_hip
[robot_state_publisher-2] [INFO] [1790351949.366451373] [robot_state_publisher]: got segment FR_hip_rotor
[robot_state_publisher-2] [INFO] [1790351949.367361981] [robot_state_publisher]: got segment FR_thigh
[robot_state_publisher-2] [INFO] [1790351949.367398363] [robot_state_publisher]: got segment FR_thigh_rotor
[robot_state_publisher-2] [INFO] [1790351949.367411898] [robot_state_publisher]: got segment RL_calf
[robot_state_publisher-2] [INFO] [1790351949.367423322] [robot_state_publisher]: got segment RL_calf_rotor
[robot_state_publisher-2] [INFO] [1790351949.367430873] [robot_state_publisher]: got segment RL_foot
[robot_state_publisher-2] [INFO] [1790351949.367438777] [robot_state_publisher]: got segment RL_hip
[robot_state_publisher-2] [INFO] [1790351949.367446648] [robot_state_publisher]: got segment RL_hip_rotor
[robot_state_publisher-2] [INFO] [1790351949.367454456] [robot_state_publisher]: got segment RL_thigh
[robot_state_publisher-2] [INFO] [1790351949.367462168] [robot_state_publisher]: got segment RL_thigh_rotor
[robot_state_publisher-2] [INFO] [1790351949.367469175] [robot_state_publisher]: got segment RR_calf
[robot_state_publisher-2] [INFO] [1790351949.367476855] [robot_state_publisher]: got segment RR_calf_rotor
[robot_state_publisher-2] [INFO] [1790351949.367485430] [robot_state_publisher]: got segment RR_foot
[robot_state_publisher-2] [INFO] [1790351949.367492470] [robot_state_publisher]: got segment RR_hip
[robot_state_publisher-2] [INFO] [1790351949.367500502] [robot_state_publisher]: got segment RR_hip_rotor
[robot_state_publisher-2] [INFO] [1790351949.367507637] [robot_state_publisher]: got segment RR_thigh
[robot_state_publisher-2] [INFO] [1790351949.367514869] [robot_state_publisher]: got segment RR_thigh_rotor
[robot_state_publisher-2] [INFO] [1790351949.367521845] [robot_state_publisher]: got segment base
[robot_state_publisher-2] [INFO] [1790351949.367529332] [robot_state_publisher]: got segment front_camera
[robot_state_publisher-2] [INFO] [1790351949.367536820] [robot_state_publisher]: got segment imu_link
[robot_state_publisher-2] [INFO] [1790351949.367545491] [robot_state_publisher]: got segment trunk
[go2-stance-gait-controller-1] [0;93m2026-09-25 17:59:10.016039093 [W:onnxruntime:Default, device_discovery.cc:164 DiscoverDevicesForPlatform] GPU device discovery failed: device_discovery.cc:89 ReadFileContents Failed to open file: "/sys/class/drm/card1/device/vendor"[m
[go2-stance-gait-controller-1] [INFO] [1790351950.109098429] [go2_stance_gait_controller]: Go2 closed-loop stance: 12 effort joints at 250.0 Hz; controller ONNX velocity policy
[mujoco_spawner-3] [INFO] [1790351951.293596204] [mujoco_spawner]: MuJoCo: 18 collision proxy geom(s) moved to group 3 (viewer Rendering tab to show them).
[mujoco_spawner-3] [INFO] [1790351951.340181760] [mujoco_spawner]: MuJoCo URDF import OK (all meshes staged).
[mujoco_spawner-3] [WARN] [1790351951.350137846] [mujoco_spawner]: MuJoCo effort plant: no MJCF beside /home/molar1/bumperbot_ws/install/robot_lab_robots/share/robot_lab_robots/unitree/go2_description/xacro/go2_sim.xacro names every effort joint; keeping the URDF <dynamics> (damping=5.0 is a Gazebo stabiliser the robot does not have).
[mujoco_spawner-3] [INFO] [1790351951.393121160] [mujoco_spawner]: MuJoCo physics timestep: 0.0010 s
[mujoco_spawner-3] [INFO] [1790351951.394817839] [mujoco_spawner]: Robot has no 'oakd_rgb_camera_frame' link; no RGB-D camera is published.
[mujoco_spawner-3] [INFO] [1790351951.395726943] [mujoco_spawner]: Joints: ['FR_hip_joint', 'FR_thigh_joint', 'FR_calf_joint', 'FL_hip_joint', 'FL_thigh_joint', 'FL_calf_joint', 'RR_hip_joint', 'RR_thigh_joint', 'RR_calf_joint', 'RL_hip_joint', 'RL_thigh_joint', 'RL_calf_joint']   lw= rw=
[mujoco_spawner-3] [INFO] [1790351951.397742549] [mujoco_spawner]: MuJoCo effort joint armature: 0.0100 kg m^2
[mujoco_spawner-3] [INFO] [1790351951.398849627] [mujoco_spawner]: Joint effort input: /go2_group_effort_controller/commands (12 joints, URDF limits)
[mujoco_spawner-3] [INFO] [1790351951.400265969] [mujoco_spawner]: Spawn ground clearance: raised root by 0.2050 m
[mujoco_spawner-3] [INFO] [1790351951.401018505] [mujoco_spawner]: MuJoCo model loaded: 14 bodies, 13 joints
[mujoco_spawner-3] [INFO] [1790351951.401548494] [mujoco_spawner]: MuJoCo gui param=False (resolved=False), DISPLAY=:1 -> mode=DIRECT
[mujoco_spawner-3] [INFO] [1790351951.402015221] [mujoco_spawner]: MuJoCo running headless (gui=False, viewer=True).
[mujoco_spawner-3] [INFO] [1790351951.409994355] [mujoco_spawner]: MuJoCo spawner running.
[INFO] [simulator_ready_gate-10]: process has finished cleanly [pid 1560346]
[INFO] [amcl-12]: process started with pid [1560570]
[INFO] [map_server-11]: process started with pid [1560568]
[INFO] [lifecycle_manager-13]: process started with pid [1560572]
[INFO] [ekf_node-14]: process started with pid [1560574]
[INFO] [imu_republisher.py-15]: process started with pid [1560576]
[INFO] [wheel_imu_fusion-16]: process started with pid [1560578]
[lifecycle_manager-13] [INFO] [1790351951.797294393] [lifecycle_manager_localization]: Creating
[lifecycle_manager-13] [INFO] [1790351951.799781911] [lifecycle_manager_localization]: [34m[1mCreating and initializing lifecycle service clients[0m[0m
[amcl-12] [0m[INFO] [1790351951.831685710] [amcl]: 
[amcl-12] 	amcl lifecycle node launched. 
[amcl-12] 	Waiting on external lifecycle transitions to activate
[amcl-12] 	See https://design.ros2.org/articles/node_lifecycle.html for more information.[0m
[map_server-11] [INFO] [1790351951.833239228] [map_server]: 
[map_server-11] 	map_server lifecycle node launched. 
[map_server-11] 	Waiting on external lifecycle transitions to activate
[map_server-11] 	See https://design.ros2.org/articles/node_lifecycle.html for more information.
[amcl-12] [0m[INFO] [1790351951.833379445] [amcl]: Creating[0m
[map_server-11] [INFO] [1790351951.835219860] [map_server]: Creating
[lifecycle_manager-13] [INFO] [1790351951.985755133] [lifecycle_manager_localization]: [34m[1mStarting managed nodes bringup...[0m[0m
[lifecycle_manager-13] [INFO] [1790351951.987458212] [lifecycle_manager_localization]: [34m[1mConfiguring map_server[0m[0m
[map_server-11] [INFO] [1790351951.988913015] [map_server]: Configuring
[map_server-11] [INFO] [1790351951.989037745] [map_io]: Loading yaml file: /home/molar1/bumperbot_ws/install/robot_lab_maps/share/robot_lab_maps/maps/nav_empty/maps/map.yaml
[map_server-11] [INFO] [1790351951.989486585] [map_io]: resolution: 0.05
[map_server-11] [INFO] [1790351951.989512856] [map_io]: origin[0]: -7
[map_server-11] [INFO] [1790351951.989519447] [map_io]: origin[1]: -7
[map_server-11] [INFO] [1790351951.989524215] [map_io]: origin[2]: 0
[map_server-11] [INFO] [1790351951.989529239] [map_io]: free_thresh: 0.196
[map_server-11] [INFO] [1790351951.989534007] [map_io]: occupied_thresh: 0.65
[map_server-11] [INFO] [1790351951.989539894] [map_io]: mode: trinary
[map_server-11] [INFO] [1790351951.989546710] [map_io]: negate: 0
[map_server-11] [INFO] [1790351951.989848550] [map_io]: Loading image_file: /home/molar1/bumperbot_ws/install/robot_lab_maps/share/robot_lab_maps/maps/nav_empty/maps/map.pgm
[map_server-11] [INFO] [1790351952.000102156] [map_io]: Read map /home/molar1/bumperbot_ws/install/robot_lab_maps/share/robot_lab_maps/maps/nav_empty/maps/map.pgm: 280 X 280 map @ 0.05 m/cell
[lifecycle_manager-13] [INFO] [1790351952.010772349] [lifecycle_manager_localization]: [34m[1mConfiguring amcl[0m[0m
[amcl-12] [0m[INFO] [1790351952.012271631] [amcl]: Configuring[0m
[amcl-12] [0m[INFO] [1790351952.012532833] [amcl]: initTransforms[0m
[amcl-12] [0m[INFO] [1790351952.030525523] [amcl]: initPubSub[0m
[amcl-12] [0m[INFO] [1790351952.037001344] [amcl]: Subscribed to map topic.[0m
[lifecycle_manager-13] [INFO] [1790351952.044876003] [lifecycle_manager_localization]: [34m[1mActivating map_server[0m[0m
[map_server-11] [INFO] [1790351952.046198942] [map_server]: Activating
[map_server-11] [INFO] [1790351952.046544172] [map_server]: Creating bond (map_server) to lifecycle manager.
[amcl-12] [0m[INFO] [1790351952.050687955] [amcl]: Received a 280 X 280 map @ 0.050 m/pix[0m
[lifecycle_manager-13] [INFO] [1790351952.150220150] [lifecycle_manager_localization]: Server map_server connected with bond.
[lifecycle_manager-13] [INFO] [1790351952.150309009] [lifecycle_manager_localization]: [34m[1mActivating amcl[0m[0m
[amcl-12] [0m[INFO] [1790351952.150615041] [amcl]: Activating[0m
[amcl-12] [0m[INFO] [1790351952.150713500] [amcl]: initialPoseReceived[0m
[amcl-12] [0m[INFO] [1790351952.150921585] [amcl]: Setting pose (0.636000): -0.500 -0.500 0.000[0m
[amcl-12] [0m[INFO] [1790351952.151514706] [amcl]: Creating bond (amcl) to lifecycle manager.[0m
[lifecycle_manager-13] [INFO] [1790351952.258465617] [lifecycle_manager_localization]: Server amcl connected with bond.
[lifecycle_manager-13] [INFO] [1790351952.258555916] [lifecycle_manager_localization]: [34m[1mManaged nodes are active[0m[0m
[lifecycle_manager-13] [INFO] [1790351952.258578923] [lifecycle_manager_localization]: [34m[1mCreating bond timer...[0m[0m
[amcl-12] [0m[INFO] [1790351952.383267561] [amcl]: createLaserObject[0m
[wheel_imu_fusion-16] [INFO] [1790351952.573786447] [sensor_fusion_wheel_imu_fusion]: wheel_imu_fusion ready
[map_server-11] [INFO] [1790351959.818496591] [rclcpp]: signal_handler(SIGINT/SIGTERM)
[ekf_node-14] [INFO] [1790351959.818489872] [rclcpp]: signal_handler(SIGINT/SIGTERM)
[map_server-11] [INFO] [1790351959.818675270] [map_server]: Running Nav2 LifecycleNode rcl preshutdown (map_server)
[map_server-11] [INFO] [1790351959.818787200] [map_server]: Deactivating
[map_server-11] [INFO] [1790351959.818814527] [map_server]: Destroying bond (map_server) to lifecycle manager.
[twist_mux-6] [INFO] [1790351959.818507023] [rclcpp]: signal_handler(SIGINT/SIGTERM)
[joy_node-5] [INFO] [1790351959.818642152] [rclcpp]: signal_handler(SIGINT/SIGTERM)
[lifecycle_manager-13] [INFO] [1790351959.818857917] [rclcpp]: signal_handler(SIGINT/SIGTERM)
[lifecycle_manager-13] [INFO] [1790351959.818963863] [lifecycle_manager_localization]: Running Nav2 LifecycleManager rcl preshutdown (lifecycle_manager_localization)
[lifecycle_manager-13] [INFO] [1790351959.819021940] [lifecycle_manager_localization]: [34m[1mTerminating bond timer...[0m[0m
[robot_state_publisher-2] [INFO] [1790351959.819049907] [rclcpp]: signal_handler(SIGINT/SIGTERM)
[twist_relay-9] [INFO] [1790351959.819152941] [rclcpp]: signal_handler(SIGINT/SIGTERM)
[twist_marker-7] [INFO] [1790351959.819604342] [rclcpp]: signal_handler(SIGINT/SIGTERM)
[amcl-12] [0m[INFO] [1790351959.820586019] [rclcpp]: signal_handler(SIGINT/SIGTERM)[0m
[amcl-12] [0m[INFO] [1790351959.820739131] [amcl]: Running Nav2 LifecycleNode rcl preshutdown (amcl)[0m
[amcl-12] [0m[INFO] [1790351959.824891844] [amcl]: Deactivating[0m
[amcl-12] [0m[INFO] [1790351959.824952641] [amcl]: Destroying bond (amcl) to lifecycle manager.[0m
[map_server-11] [INFO] [1790351959.829225059] [map_server]: Cleaning up
[map_server-11] [INFO] [1790351959.829316798] [map_server]: Destroying bond (map_server) to lifecycle manager.
[joy_teleop-4] Traceback (most recent call last):
[joy_teleop-4]   File "/opt/ros/humble/lib/joy_teleop/joy_teleop", line 33, in <module>
[joy_teleop-4]     sys.exit(load_entry_point('joy-teleop==1.6.0', 'console_scripts', 'joy_teleop')())
[joy_teleop-4]   File "/opt/ros/humble/lib/python3.10/site-packages/joy_teleop/joy_teleop.py", line 435, in main
[joy_teleop-4]     rclpy.spin(node)
[joy_teleop-4]   File "/opt/ros/humble/local/lib/python3.10/dist-packages/rclpy/__init__.py", line 229, in spin
[joy_teleop-4]     executor.spin_once()
[joy_teleop-4]   File "/opt/ros/humble/local/lib/python3.10/dist-packages/rclpy/executors.py", line 812, in spin_once
[joy_teleop-4]     self._spin_once_impl(timeout_sec)
[joy_teleop-4]   File "/opt/ros/humble/local/lib/python3.10/dist-packages/rclpy/executors.py", line 801, in _spin_once_impl
[joy_teleop-4]     handler, entity, node = self.wait_for_ready_callbacks(timeout_sec=timeout_sec)
[joy_teleop-4]   File "/opt/ros/humble/local/lib/python3.10/dist-packages/rclpy/executors.py", line 784, in wait_for_ready_callbacks
[joy_teleop-4]     return next(self._cb_iter)
[joy_teleop-4]   File "/opt/ros/humble/local/lib/python3.10/dist-packages/rclpy/executors.py", line 685, in _wait_for_ready_callbacks
[joy_teleop-4]     raise ExternalShutdownException()
[joy_teleop-4] rclpy.executors.ExternalShutdownException
[map_server-11] [INFO] [1790351959.949839254] [map_server]: Destroying
[amcl-12] [0m[INFO] [1790351959.953404541] [amcl]: Cleaning up[0m
[amcl-12] [0m[INFO] [1790351959.959746900] [amcl]: Destroying bond (amcl) to lifecycle manager.[0m
[lifecycle_manager-13] [INFO] [1790351959.959947338] [lifecycle_manager_localization]: Destroying lifecycle_manager_localization
[amcl-12] [0m[INFO] [1790351959.969721263] [amcl]: Destroying[0m
[INFO] [joy_node-5]: process has finished cleanly [pid 1560336]
[INFO] [twist_mux-6]: process has finished cleanly [pid 1560338]
[INFO] [twist_marker-7]: process has finished cleanly [pid 1560340]
[INFO] [twist_relay-9]: process has finished cleanly [pid 1560344]
[imu_republisher.py-15] Traceback (most recent call last):
[imu_republisher.py-15]   File "/home/molar1/bumperbot_ws/install/robot_lab_localization/lib/robot_lab_localization/imu_republisher.py", line 54, in <module>
[imu_republisher.py-15]     main()
[imu_republisher.py-15]   File "/home/molar1/bumperbot_ws/install/robot_lab_localization/lib/robot_lab_localization/imu_republisher.py", line 45, in main
[imu_republisher.py-15]     rclpy.spin(node)
[imu_republisher.py-15]   File "/opt/ros/humble/local/lib/python3.10/dist-packages/rclpy/__init__.py", line 229, in spin
[imu_republisher.py-15]     executor.spin_once()
[imu_republisher.py-15]   File "/opt/ros/humble/local/lib/python3.10/dist-packages/rclpy/executors.py", line 812, in spin_once
[imu_republisher.py-15]     self._spin_once_impl(timeout_sec)
[imu_republisher.py-15]   File "/opt/ros/humble/local/lib/python3.10/dist-packages/rclpy/executors.py", line 801, in _spin_once_impl
[imu_republisher.py-15]     handler, entity, node = self.wait_for_ready_callbacks(timeout_sec=timeout_sec)
[imu_republisher.py-15]   File "/opt/ros/humble/local/lib/python3.10/dist-packages/rclpy/executors.py", line 784, in wait_for_ready_callbacks
[imu_republisher.py-15]     return next(self._cb_iter)
[imu_republisher.py-15]   File "/opt/ros/humble/local/lib/python3.10/dist-packages/rclpy/executors.py", line 685, in _wait_for_ready_callbacks
[imu_republisher.py-15]     raise ExternalShutdownException()
[imu_republisher.py-15] rclpy.executors.ExternalShutdownException
[INFO] [lifecycle_manager-13]: process has finished cleanly [pid 1560572]
[INFO] [robot_state_publisher-2]: process has finished cleanly [pid 1560330]
[INFO] [ekf_node-14]: process has finished cleanly [pid 1560574]
[INFO] [wheel_imu_fusion-16]: process has finished cleanly [pid 1560578]
[INFO] [go2-stance-gait-controller-1]: process has finished cleanly [pid 1560328]
[INFO] [map_server-11]: process has finished cleanly [pid 1560568]
[INFO] [amcl-12]: process has finished cleanly [pid 1560570]
[INFO] [joystick_relay.py-8]: process has finished cleanly [pid 1560342]
[INFO] [mujoco_spawner-3]: process has finished cleanly [pid 1560332]
[ERROR] [imu_republisher.py-15]: process has died [pid 1560576, exit code 1, cmd '/home/molar1/bumperbot_ws/install/robot_lab_localization/lib/robot_lab_localization/imu_republisher.py --ros-args --params-file /workspace/molar/.tmp/launch_params_a3inw72y'].
[ERROR] [joy_teleop-4]: process has died [pid 1560334, exit code 1, cmd '/opt/ros/humble/lib/joy_teleop/joy_teleop --ros-args --params-file /home/molar1/bumperbot_ws/install/robot_lab_controller/share/robot_lab_controller/config/joy_teleop.yaml --params-file /workspace/molar/.tmp/launch_params_rjxe2esk'].
