[INFO] [launch]: All log files can be found below /home/molar1/.ros/log/2026-09-25-17-59-22-085354-molar1-1560788
[INFO] [launch]: Default logging verbosity is set to INFO
[robot_lab] algorithm localization=amcl -> global_localization stack
[robot_lab] algorithm state_estimation=ekf_localization_node -> local_localization stack
[robot_lab] algorithm sensor_fusion=wheel_imu_fusion -> node robot_lab_algorithms/wheel_imu_fusion
[INFO] [go2-stance-gait-controller-1]: process started with pid [1560834]
[INFO] [robot_state_publisher-2]: process started with pid [1560836]
[INFO] [mujoco_spawner-3]: process started with pid [1560838]
[INFO] [joy_teleop-4]: process started with pid [1560840]
[INFO] [joy_node-5]: process started with pid [1560842]
[INFO] [twist_mux-6]: process started with pid [1560844]
[INFO] [twist_marker-7]: process started with pid [1560846]
[INFO] [joystick_relay.py-8]: process started with pid [1560848]
[INFO] [twist_relay-9]: process started with pid [1560850]
[INFO] [simulator_ready_gate-10]: process started with pid [1560862]
[twist_mux-6] [INFO] [1790351962.987755542] [twist_mux]: Topic handler 'topics.joystick' subscribed to topic 'joy_vel': timeout = 0.500000s , priority = 99.
[twist_mux-6] [INFO] [1790351962.989825259] [twist_mux]: Topic handler 'topics.keyboard' subscribed to topic 'key_vel': timeout = 0.500000s , priority = 90.
[twist_mux-6] [INFO] [1790351962.990172057] [twist_mux]: Topic handler 'topics.navigation' subscribed to topic 'cmd_vel': timeout = 0.500000s , priority = 80.
[twist_mux-6] [INFO] [1790351962.990457962] [twist_mux]: Topic handler 'locks.safety_stop' subscribed to topic 'safety_stop': timeout = None , priority = 255.
[robot_state_publisher-2] [INFO] [1790351963.005516961] [robot_state_publisher]: got segment FL_calf
[robot_state_publisher-2] [INFO] [1790351963.006679845] [robot_state_publisher]: got segment FL_calf_rotor
[robot_state_publisher-2] [INFO] [1790351963.007588438] [robot_state_publisher]: got segment FL_foot
[robot_state_publisher-2] [INFO] [1790351963.008447466] [robot_state_publisher]: got segment FL_hip
[robot_state_publisher-2] [INFO] [1790351963.009188100] [robot_state_publisher]: got segment FL_hip_rotor
[robot_state_publisher-2] [INFO] [1790351963.009936733] [robot_state_publisher]: got segment FL_thigh
[robot_state_publisher-2] [INFO] [1790351963.010538270] [robot_state_publisher]: got segment FL_thigh_rotor
[robot_state_publisher-2] [INFO] [1790351963.011520619] [robot_state_publisher]: got segment FR_calf
[robot_state_publisher-2] [INFO] [1790351963.012192713] [robot_state_publisher]: got segment FR_calf_rotor
[robot_state_publisher-2] [INFO] [1790351963.012670096] [robot_state_publisher]: got segment FR_foot
[robot_state_publisher-2] [INFO] [1790351963.012694671] [robot_state_publisher]: got segment FR_hip
[robot_state_publisher-2] [INFO] [1790351963.012706638] [robot_state_publisher]: got segment FR_hip_rotor
[robot_state_publisher-2] [INFO] [1790351963.012715886] [robot_state_publisher]: got segment FR_thigh
[robot_state_publisher-2] [INFO] [1790351963.012725389] [robot_state_publisher]: got segment FR_thigh_rotor
[robot_state_publisher-2] [INFO] [1790351963.012733357] [robot_state_publisher]: got segment RL_calf
[robot_state_publisher-2] [INFO] [1790351963.012743948] [robot_state_publisher]: got segment RL_calf_rotor
[robot_state_publisher-2] [INFO] [1790351963.012751692] [robot_state_publisher]: got segment RL_foot
[robot_state_publisher-2] [INFO] [1790351963.012759340] [robot_state_publisher]: got segment RL_hip
[robot_state_publisher-2] [INFO] [1790351963.012768043] [robot_state_publisher]: got segment RL_hip_rotor
[robot_state_publisher-2] [INFO] [1790351963.012775851] [robot_state_publisher]: got segment RL_thigh
[robot_state_publisher-2] [INFO] [1790351963.012783722] [robot_state_publisher]: got segment RL_thigh_rotor
[robot_state_publisher-2] [INFO] [1790351963.012791722] [robot_state_publisher]: got segment RR_calf
[robot_state_publisher-2] [INFO] [1790351963.012799562] [robot_state_publisher]: got segment RR_calf_rotor
[robot_state_publisher-2] [INFO] [1790351963.012809321] [robot_state_publisher]: got segment RR_foot
[robot_state_publisher-2] [INFO] [1790351963.012817097] [robot_state_publisher]: got segment RR_hip
[robot_state_publisher-2] [INFO] [1790351963.012825064] [robot_state_publisher]: got segment RR_hip_rotor
[robot_state_publisher-2] [INFO] [1790351963.012832712] [robot_state_publisher]: got segment RR_thigh
[robot_state_publisher-2] [INFO] [1790351963.012840167] [robot_state_publisher]: got segment RR_thigh_rotor
[robot_state_publisher-2] [INFO] [1790351963.012847623] [robot_state_publisher]: got segment base
[robot_state_publisher-2] [INFO] [1790351963.012855559] [robot_state_publisher]: got segment front_camera
[robot_state_publisher-2] [INFO] [1790351963.012862726] [robot_state_publisher]: got segment imu_link
[robot_state_publisher-2] [INFO] [1790351963.012872038] [robot_state_publisher]: got segment trunk
[go2-stance-gait-controller-1] [0;93m2026-09-25 17:59:23.714993926 [W:onnxruntime:Default, device_discovery.cc:164 DiscoverDevicesForPlatform] GPU device discovery failed: device_discovery.cc:89 ReadFileContents Failed to open file: "/sys/class/drm/card1/device/vendor"[m
[go2-stance-gait-controller-1] [INFO] [1790351963.792443534] [go2_stance_gait_controller]: Go2 closed-loop stance: 12 effort joints at 250.0 Hz; controller ONNX velocity policy
[mujoco_spawner-3] [INFO] [1790351964.921722031] [mujoco_spawner]: MuJoCo: 18 collision proxy geom(s) moved to group 3 (viewer Rendering tab to show them).
[mujoco_spawner-3] [INFO] [1790351964.971940086] [mujoco_spawner]: MuJoCo URDF import OK (all meshes staged).
[mujoco_spawner-3] [WARN] [1790351964.986105309] [mujoco_spawner]: MuJoCo effort plant: no MJCF beside /home/molar1/bumperbot_ws/install/robot_lab_robots/share/robot_lab_robots/unitree/go2_description/xacro/go2_sim.xacro names every effort joint; keeping the URDF <dynamics> (damping=5.0 is a Gazebo stabiliser the robot does not have).
[mujoco_spawner-3] [INFO] [1790351965.035376407] [mujoco_spawner]: MuJoCo physics timestep: 0.0010 s
[mujoco_spawner-3] [INFO] [1790351965.037719455] [mujoco_spawner]: Robot has no 'oakd_rgb_camera_frame' link; no RGB-D camera is published.
[mujoco_spawner-3] [INFO] [1790351965.039067226] [mujoco_spawner]: Joints: ['FR_hip_joint', 'FR_thigh_joint', 'FR_calf_joint', 'FL_hip_joint', 'FL_thigh_joint', 'FL_calf_joint', 'RR_hip_joint', 'RR_thigh_joint', 'RR_calf_joint', 'RL_hip_joint', 'RL_thigh_joint', 'RL_calf_joint']   lw= rw=
[mujoco_spawner-3] [INFO] [1790351965.041550170] [mujoco_spawner]: MuJoCo effort joint armature: 0.0100 kg m^2
[mujoco_spawner-3] [INFO] [1790351965.043295616] [mujoco_spawner]: Joint effort input: /go2_group_effort_controller/commands (12 joints, URDF limits)
[mujoco_spawner-3] [INFO] [1790351965.045237436] [mujoco_spawner]: Spawn ground clearance: raised root by 0.2050 m
[mujoco_spawner-3] [INFO] [1790351965.046149326] [mujoco_spawner]: MuJoCo model loaded: 14 bodies, 13 joints
[mujoco_spawner-3] [INFO] [1790351965.046701425] [mujoco_spawner]: MuJoCo gui param=False (resolved=False), DISPLAY=:1 -> mode=DIRECT
[mujoco_spawner-3] [INFO] [1790351965.047192376] [mujoco_spawner]: MuJoCo running headless (gui=False, viewer=True).
[mujoco_spawner-3] [INFO] [1790351965.062483878] [mujoco_spawner]: MuJoCo spawner running.
[INFO] [simulator_ready_gate-10]: process has finished cleanly [pid 1560862]
[INFO] [amcl-12]: process started with pid [1561091]
[INFO] [map_server-11]: process started with pid [1561089]
[INFO] [lifecycle_manager-13]: process started with pid [1561093]
[INFO] [ekf_node-14]: process started with pid [1561095]
[INFO] [imu_republisher.py-15]: process started with pid [1561097]
[INFO] [wheel_imu_fusion-16]: process started with pid [1561099]
[lifecycle_manager-13] [INFO] [1790351965.461389775] [lifecycle_manager_localization]: Creating
[lifecycle_manager-13] [INFO] [1790351965.472413208] [lifecycle_manager_localization]: [34m[1mCreating and initializing lifecycle service clients[0m[0m
[map_server-11] [INFO] [1790351965.523818118] [map_server]: 
[map_server-11] 	map_server lifecycle node launched. 
[map_server-11] 	Waiting on external lifecycle transitions to activate
[map_server-11] 	See https://design.ros2.org/articles/node_lifecycle.html for more information.
[map_server-11] [INFO] [1790351965.533332669] [map_server]: Creating
[amcl-12] [0m[INFO] [1790351965.537759258] [amcl]: 
[amcl-12] 	amcl lifecycle node launched. 
[amcl-12] 	Waiting on external lifecycle transitions to activate
[amcl-12] 	See https://design.ros2.org/articles/node_lifecycle.html for more information.[0m
[amcl-12] [0m[INFO] [1790351965.539487009] [amcl]: Creating[0m
[lifecycle_manager-13] [INFO] [1790351965.550467469] [lifecycle_manager_localization]: [34m[1mStarting managed nodes bringup...[0m[0m
[lifecycle_manager-13] [INFO] [1790351965.550584071] [lifecycle_manager_localization]: [34m[1mConfiguring map_server[0m[0m
[map_server-11] [INFO] [1790351965.551192775] [map_server]: Configuring
[map_server-11] [INFO] [1790351965.551321953] [map_io]: Loading yaml file: /home/molar1/bumperbot_ws/install/robot_lab_maps/share/robot_lab_maps/maps/nav_empty/maps/map.yaml
[map_server-11] [INFO] [1790351965.551753226] [map_io]: resolution: 0.05
[map_server-11] [INFO] [1790351965.551771849] [map_io]: origin[0]: -7
[map_server-11] [INFO] [1790351965.551778089] [map_io]: origin[1]: -7
[map_server-11] [INFO] [1790351965.551783113] [map_io]: origin[2]: 0
[map_server-11] [INFO] [1790351965.551788617] [map_io]: free_thresh: 0.196
[map_server-11] [INFO] [1790351965.551793480] [map_io]: occupied_thresh: 0.65
[map_server-11] [INFO] [1790351965.551799304] [map_io]: mode: trinary
[map_server-11] [INFO] [1790351965.551805928] [map_io]: negate: 0
[map_server-11] [INFO] [1790351965.552101593] [map_io]: Loading image_file: /home/molar1/bumperbot_ws/install/robot_lab_maps/share/robot_lab_maps/maps/nav_empty/maps/map.pgm
[map_server-11] [INFO] [1790351965.562971850] [map_io]: Read map /home/molar1/bumperbot_ws/install/robot_lab_maps/share/robot_lab_maps/maps/nav_empty/maps/map.pgm: 280 X 280 map @ 0.05 m/cell
[lifecycle_manager-13] [INFO] [1790351965.573586248] [lifecycle_manager_localization]: [34m[1mConfiguring amcl[0m[0m
[amcl-12] [0m[INFO] [1790351965.575354285] [amcl]: Configuring[0m
[amcl-12] [0m[INFO] [1790351965.575621408] [amcl]: initTransforms[0m
[amcl-12] [0m[INFO] [1790351965.587366084] [amcl]: initPubSub[0m
[amcl-12] [0m[INFO] [1790351965.594539987] [amcl]: Subscribed to map topic.[0m
[lifecycle_manager-13] [INFO] [1790351965.598752955] [lifecycle_manager_localization]: [34m[1mActivating map_server[0m[0m
[map_server-11] [INFO] [1790351965.599899936] [map_server]: Activating
[map_server-11] [INFO] [1790351965.600225775] [map_server]: Creating bond (map_server) to lifecycle manager.
[amcl-12] [0m[INFO] [1790351965.600908268] [amcl]: Received a 280 X 280 map @ 0.050 m/pix[0m
[lifecycle_manager-13] [INFO] [1790351965.704064054] [lifecycle_manager_localization]: Server map_server connected with bond.
[lifecycle_manager-13] [INFO] [1790351965.704149713] [lifecycle_manager_localization]: [34m[1mActivating amcl[0m[0m
[amcl-12] [0m[INFO] [1790351965.704604218] [amcl]: Activating[0m
[amcl-12] [0m[INFO] [1790351965.704716116] [amcl]: initialPoseReceived[0m
[amcl-12] [0m[INFO] [1790351965.705519147] [amcl]: Setting pose (0.520000): -0.500 -0.500 0.000[0m
[amcl-12] [0m[INFO] [1790351965.706408797] [amcl]: Creating bond (amcl) to lifecycle manager.[0m
[lifecycle_manager-13] [INFO] [1790351965.812696166] [lifecycle_manager_localization]: Server amcl connected with bond.
[lifecycle_manager-13] [INFO] [1790351965.812780642] [lifecycle_manager_localization]: [34m[1mManaged nodes are active[0m[0m
[lifecycle_manager-13] [INFO] [1790351965.812802625] [lifecycle_manager_localization]: [34m[1mCreating bond timer...[0m[0m
[amcl-12] [0m[INFO] [1790351965.871039728] [amcl]: createLaserObject[0m
[wheel_imu_fusion-16] [INFO] [1790351966.152579636] [sensor_fusion_wheel_imu_fusion]: wheel_imu_fusion ready
[amcl-12] [0m[INFO] [1790351973.425591761] [rclcpp]: signal_handler(SIGINT/SIGTERM)[0m
[twist_mux-6] [INFO] [1790351973.425403003] [rclcpp]: signal_handler(SIGINT/SIGTERM)
[ekf_node-14] [INFO] [1790351973.425414810] [rclcpp]: signal_handler(SIGINT/SIGTERM)
[map_server-11] [INFO] [1790351973.425635279] [rclcpp]: signal_handler(SIGINT/SIGTERM)
[map_server-11] [INFO] [1790351973.425802694] [map_server]: Running Nav2 LifecycleNode rcl preshutdown (map_server)
[map_server-11] [INFO] [1790351973.425915553] [map_server]: Deactivating
[map_server-11] [INFO] [1790351973.425941727] [map_server]: Destroying bond (map_server) to lifecycle manager.
[robot_state_publisher-2] [INFO] [1790351973.425712747] [rclcpp]: signal_handler(SIGINT/SIGTERM)
[joy_node-5] [INFO] [1790351973.425701036] [rclcpp]: signal_handler(SIGINT/SIGTERM)
[lifecycle_manager-13] [INFO] [1790351973.425779112] [rclcpp]: signal_handler(SIGINT/SIGTERM)
[lifecycle_manager-13] [INFO] [1790351973.425944927] [lifecycle_manager_localization]: Running Nav2 LifecycleManager rcl preshutdown (lifecycle_manager_localization)
[lifecycle_manager-13] [INFO] [1790351973.426035419] [lifecycle_manager_localization]: [34m[1mTerminating bond timer...[0m[0m
[twist_marker-7] [INFO] [1790351973.425864067] [rclcpp]: signal_handler(SIGINT/SIGTERM)
[twist_relay-9] [INFO] [1790351973.426210034] [rclcpp]: signal_handler(SIGINT/SIGTERM)
[amcl-12] [0m[INFO] [1790351973.427985207] [amcl]: Running Nav2 LifecycleNode rcl preshutdown (amcl)[0m
[amcl-12] [0m[INFO] [1790351973.428133008] [amcl]: Deactivating[0m
[amcl-12] [0m[INFO] [1790351973.428172622] [amcl]: Destroying bond (amcl) to lifecycle manager.[0m
[map_server-11] [INFO] [1790351973.436322608] [map_server]: Cleaning up
[map_server-11] [INFO] [1790351973.436427434] [map_server]: Destroying bond (map_server) to lifecycle manager.
[amcl-12] [0m[INFO] [1790351973.438547487] [amcl]: Cleaning up[0m
[amcl-12] [0m[INFO] [1790351973.448425705] [amcl]: Destroying bond (amcl) to lifecycle manager.[0m
[joy_teleop-4] Traceback (most recent call last):
[joy_teleop-4]   File "/opt/ros/humble/lib/joy_teleop/joy_teleop", line 33, in <module>
[joy_teleop-4]     sys.exit(load_entry_point('joy-teleop==1.6.0', 'console_scripts', 'joy_teleop')())
[joy_teleop-4]   File "/opt/ros/humble/lib/python3.10/site-packages/joy_teleop/joy_teleop.py", line 435, in main
[joy_teleop-4]     rclpy.spin(node)
[joy_teleop-4]   File "/opt/ros/humble/local/lib/python3.10/dist-packages/rclpy/__init__.py", line 229, in spin
[joy_teleop-4]     executor.spin_once()
[joy_teleop-4]   File "/opt/ros/humble/local/lib/python3.10/dist-packages/rclpy/executors.py", line 812, in spin_once
[joy_teleop-4]     self._spin_once_impl(timeout_sec)
[joy_teleop-4]   File "/opt/ros/humble/local/lib/python3.10/dist-packages/rclpy/executors.py", line 801, in _spin_once_impl
[joy_teleop-4]     handler, entity, node = self.wait_for_ready_callbacks(timeout_sec=timeout_sec)
[joy_teleop-4]   File "/opt/ros/humble/local/lib/python3.10/dist-packages/rclpy/executors.py", line 784, in wait_for_ready_callbacks
[joy_teleop-4]     return next(self._cb_iter)
[joy_teleop-4]   File "/opt/ros/humble/local/lib/python3.10/dist-packages/rclpy/executors.py", line 685, in _wait_for_ready_callbacks
[joy_teleop-4]     raise ExternalShutdownException()
[joy_teleop-4] rclpy.executors.ExternalShutdownException
[map_server-11] [INFO] [1790351973.603136628] [map_server]: Destroying
[amcl-12] [0m[INFO] [1790351973.615433475] [amcl]: Destroying[0m
[lifecycle_manager-13] [INFO] [1790351973.618565252] [lifecycle_manager_localization]: Destroying lifecycle_manager_localization
[INFO] [twist_relay-9]: process has finished cleanly [pid 1560850]
[INFO] [twist_mux-6]: process has finished cleanly [pid 1560844]
[INFO] [twist_marker-7]: process has finished cleanly [pid 1560846]
[INFO] [ekf_node-14]: process has finished cleanly [pid 1561095]
[INFO] [joy_node-5]: process has finished cleanly [pid 1560842]
[INFO] [robot_state_publisher-2]: process has finished cleanly [pid 1560836]
[imu_republisher.py-15] Traceback (most recent call last):
[imu_republisher.py-15]   File "/home/molar1/bumperbot_ws/install/robot_lab_localization/lib/robot_lab_localization/imu_republisher.py", line 54, in <module>
[imu_republisher.py-15]     main()
[imu_republisher.py-15]   File "/home/molar1/bumperbot_ws/install/robot_lab_localization/lib/robot_lab_localization/imu_republisher.py", line 45, in main
[imu_republisher.py-15]     rclpy.spin(node)
[imu_republisher.py-15]   File "/opt/ros/humble/local/lib/python3.10/dist-packages/rclpy/__init__.py", line 229, in spin
[imu_republisher.py-15]     executor.spin_once()
[imu_republisher.py-15]   File "/opt/ros/humble/local/lib/python3.10/dist-packages/rclpy/executors.py", line 812, in spin_once
[imu_republisher.py-15]     self._spin_once_impl(timeout_sec)
[imu_republisher.py-15]   File "/opt/ros/humble/local/lib/python3.10/dist-packages/rclpy/executors.py", line 801, in _spin_once_impl
[imu_republisher.py-15]     handler, entity, node = self.wait_for_ready_callbacks(timeout_sec=timeout_sec)
[imu_republisher.py-15]   File "/opt/ros/humble/local/lib/python3.10/dist-packages/rclpy/executors.py", line 784, in wait_for_ready_callbacks
[imu_republisher.py-15]     return next(self._cb_iter)
[imu_republisher.py-15]   File "/opt/ros/humble/local/lib/python3.10/dist-packages/rclpy/executors.py", line 685, in _wait_for_ready_callbacks
[imu_republisher.py-15]     raise ExternalShutdownException()
[imu_republisher.py-15] rclpy.executors.ExternalShutdownException
[INFO] [wheel_imu_fusion-16]: process has finished cleanly [pid 1561099]
[INFO] [map_server-11]: process has finished cleanly [pid 1561089]
[INFO] [amcl-12]: process has finished cleanly [pid 1561091]
[INFO] [go2-stance-gait-controller-1]: process has finished cleanly [pid 1560834]
[INFO] [joystick_relay.py-8]: process has finished cleanly [pid 1560848]
[INFO] [mujoco_spawner-3]: process has finished cleanly [pid 1560838]
[ERROR] [imu_republisher.py-15]: process has died [pid 1561097, exit code 1, cmd '/home/molar1/bumperbot_ws/install/robot_lab_localization/lib/robot_lab_localization/imu_republisher.py --ros-args --params-file /workspace/molar/.tmp/launch_params_y_qv2qf5'].
[INFO] [lifecycle_manager-13]: process has finished cleanly [pid 1561093]
[ERROR] [joy_teleop-4]: process has died [pid 1560840, exit code 1, cmd '/opt/ros/humble/lib/joy_teleop/joy_teleop --ros-args --params-file /home/molar1/bumperbot_ws/install/robot_lab_controller/share/robot_lab_controller/config/joy_teleop.yaml --params-file /workspace/molar/.tmp/launch_params_rc0bl567'].
