[INFO] [launch]: All log files can be found below /home/molar1/.ros/log/2026-09-25-17-59-49-686277-molar1-1562056
[INFO] [launch]: Default logging verbosity is set to INFO
[robot_lab] algorithm localization=amcl -> global_localization stack
[robot_lab] algorithm state_estimation=ekf_localization_node -> local_localization stack
[robot_lab] algorithm sensor_fusion=wheel_imu_fusion -> node robot_lab_algorithms/wheel_imu_fusion
[INFO] [go2-stance-gait-controller-1]: process started with pid [1562085]
[INFO] [robot_state_publisher-2]: process started with pid [1562087]
[INFO] [mujoco_spawner-3]: process started with pid [1562089]
[INFO] [joy_teleop-4]: process started with pid [1562091]
[INFO] [joy_node-5]: process started with pid [1562093]
[INFO] [twist_mux-6]: process started with pid [1562095]
[INFO] [twist_marker-7]: process started with pid [1562097]
[INFO] [joystick_relay.py-8]: process started with pid [1562099]
[INFO] [twist_relay-9]: process started with pid [1562101]
[INFO] [simulator_ready_gate-10]: process started with pid [1562103]
[twist_mux-6] [INFO] [1790351990.582591557] [twist_mux]: Topic handler 'topics.joystick' subscribed to topic 'joy_vel': timeout = 0.500000s , priority = 99.
[twist_mux-6] [INFO] [1790351990.584717628] [twist_mux]: Topic handler 'topics.keyboard' subscribed to topic 'key_vel': timeout = 0.500000s , priority = 90.
[twist_mux-6] [INFO] [1790351990.586355979] [twist_mux]: Topic handler 'topics.navigation' subscribed to topic 'cmd_vel': timeout = 0.500000s , priority = 80.
[twist_mux-6] [INFO] [1790351990.587557295] [twist_mux]: Topic handler 'locks.safety_stop' subscribed to topic 'safety_stop': timeout = None , priority = 255.
[robot_state_publisher-2] [INFO] [1790351990.600511053] [robot_state_publisher]: got segment FL_calf
[robot_state_publisher-2] [INFO] [1790351990.600706851] [robot_state_publisher]: got segment FL_calf_rotor
[robot_state_publisher-2] [INFO] [1790351990.600727650] [robot_state_publisher]: got segment FL_foot
[robot_state_publisher-2] [INFO] [1790351990.600737377] [robot_state_publisher]: got segment FL_hip
[robot_state_publisher-2] [INFO] [1790351990.600745377] [robot_state_publisher]: got segment FL_hip_rotor
[robot_state_publisher-2] [INFO] [1790351990.600753697] [robot_state_publisher]: got segment FL_thigh
[robot_state_publisher-2] [INFO] [1790351990.600762240] [robot_state_publisher]: got segment FL_thigh_rotor
[robot_state_publisher-2] [INFO] [1790351990.600769728] [robot_state_publisher]: got segment FR_calf
[robot_state_publisher-2] [INFO] [1790351990.600776671] [robot_state_publisher]: got segment FR_calf_rotor
[robot_state_publisher-2] [INFO] [1790351990.600783615] [robot_state_publisher]: got segment FR_foot
[robot_state_publisher-2] [INFO] [1790351990.600790655] [robot_state_publisher]: got segment FR_hip
[robot_state_publisher-2] [INFO] [1790351990.600797886] [robot_state_publisher]: got segment FR_hip_rotor
[robot_state_publisher-2] [INFO] [1790351990.600805022] [robot_state_publisher]: got segment FR_thigh
[robot_state_publisher-2] [INFO] [1790351990.600812350] [robot_state_publisher]: got segment FR_thigh_rotor
[robot_state_publisher-2] [INFO] [1790351990.600819485] [robot_state_publisher]: got segment RL_calf
[robot_state_publisher-2] [INFO] [1790351990.600826557] [robot_state_publisher]: got segment RL_calf_rotor
[robot_state_publisher-2] [INFO] [1790351990.600834077] [robot_state_publisher]: got segment RL_foot
[robot_state_publisher-2] [INFO] [1790351990.600841436] [robot_state_publisher]: got segment RL_hip
[robot_state_publisher-2] [INFO] [1790351990.600848252] [robot_state_publisher]: got segment RL_hip_rotor
[robot_state_publisher-2] [INFO] [1790351990.600855228] [robot_state_publisher]: got segment RL_thigh
[robot_state_publisher-2] [INFO] [1790351990.600862203] [robot_state_publisher]: got segment RL_thigh_rotor
[robot_state_publisher-2] [INFO] [1790351990.600869723] [robot_state_publisher]: got segment RR_calf
[robot_state_publisher-2] [INFO] [1790351990.600876763] [robot_state_publisher]: got segment RR_calf_rotor
[robot_state_publisher-2] [INFO] [1790351990.600883994] [robot_state_publisher]: got segment RR_foot
[robot_state_publisher-2] [INFO] [1790351990.600890906] [robot_state_publisher]: got segment RR_hip
[robot_state_publisher-2] [INFO] [1790351990.600897881] [robot_state_publisher]: got segment RR_hip_rotor
[robot_state_publisher-2] [INFO] [1790351990.600904825] [robot_state_publisher]: got segment RR_thigh
[robot_state_publisher-2] [INFO] [1790351990.600912025] [robot_state_publisher]: got segment RR_thigh_rotor
[robot_state_publisher-2] [INFO] [1790351990.600918904] [robot_state_publisher]: got segment base
[robot_state_publisher-2] [INFO] [1790351990.600926168] [robot_state_publisher]: got segment front_camera
[robot_state_publisher-2] [INFO] [1790351990.600933400] [robot_state_publisher]: got segment imu_link
[robot_state_publisher-2] [INFO] [1790351990.600940407] [robot_state_publisher]: got segment trunk
[go2-stance-gait-controller-1] [0;93m2026-09-25 17:59:51.282553824 [W:onnxruntime:Default, device_discovery.cc:164 DiscoverDevicesForPlatform] GPU device discovery failed: device_discovery.cc:89 ReadFileContents Failed to open file: "/sys/class/drm/card1/device/vendor"[m
[go2-stance-gait-controller-1] [INFO] [1790351991.362164121] [go2_stance_gait_controller]: Go2 closed-loop stance: 12 effort joints at 250.0 Hz; controller ONNX velocity policy
[mujoco_spawner-3] [INFO] [1790351992.697471642] [mujoco_spawner]: MuJoCo: 18 collision proxy geom(s) moved to group 3 (viewer Rendering tab to show them).
[mujoco_spawner-3] [INFO] [1790351992.754679181] [mujoco_spawner]: MuJoCo URDF import OK (all meshes staged).
[mujoco_spawner-3] [WARN] [1790351992.774024753] [mujoco_spawner]: MuJoCo effort plant: no MJCF beside /home/molar1/bumperbot_ws/install/robot_lab_robots/share/robot_lab_robots/unitree/go2_description/xacro/go2_sim.xacro names every effort joint; keeping the URDF <dynamics> (damping=5.0 is a Gazebo stabiliser the robot does not have).
[mujoco_spawner-3] [INFO] [1790351992.827341508] [mujoco_spawner]: MuJoCo physics timestep: 0.0010 s
[mujoco_spawner-3] [INFO] [1790351992.830827608] [mujoco_spawner]: Robot has no 'oakd_rgb_camera_frame' link; no RGB-D camera is published.
[mujoco_spawner-3] [INFO] [1790351992.832656765] [mujoco_spawner]: Joints: ['FR_hip_joint', 'FR_thigh_joint', 'FR_calf_joint', 'FL_hip_joint', 'FL_thigh_joint', 'FL_calf_joint', 'RR_hip_joint', 'RR_thigh_joint', 'RR_calf_joint', 'RL_hip_joint', 'RL_thigh_joint', 'RL_calf_joint']   lw= rw=
[mujoco_spawner-3] [INFO] [1790351992.835958074] [mujoco_spawner]: MuJoCo effort joint armature: 0.0100 kg m^2
[mujoco_spawner-3] [INFO] [1790351992.838260776] [mujoco_spawner]: Joint effort input: /go2_group_effort_controller/commands (12 joints, URDF limits)
[mujoco_spawner-3] [INFO] [1790351992.840990561] [mujoco_spawner]: Spawn ground clearance: raised root by 0.2050 m
[mujoco_spawner-3] [INFO] [1790351992.842591218] [mujoco_spawner]: MuJoCo model loaded: 14 bodies, 13 joints
[mujoco_spawner-3] [INFO] [1790351992.843696603] [mujoco_spawner]: MuJoCo gui param=False (resolved=False), DISPLAY=:1 -> mode=DIRECT
[mujoco_spawner-3] [INFO] [1790351992.844694666] [mujoco_spawner]: MuJoCo running headless (gui=False, viewer=True).
[mujoco_spawner-3] [INFO] [1790351992.856030361] [mujoco_spawner]: MuJoCo spawner running.
[INFO] [simulator_ready_gate-10]: process has finished cleanly [pid 1562103]
[INFO] [amcl-12]: process started with pid [1562365]
[INFO] [map_server-11]: process started with pid [1562363]
[INFO] [lifecycle_manager-13]: process started with pid [1562367]
[INFO] [ekf_node-14]: process started with pid [1562369]
[INFO] [imu_republisher.py-15]: process started with pid [1562371]
[INFO] [wheel_imu_fusion-16]: process started with pid [1562373]
[amcl-12] [0m[INFO] [1790351993.261297314] [amcl]: 
[amcl-12] 	amcl lifecycle node launched. 
[amcl-12] 	Waiting on external lifecycle transitions to activate
[amcl-12] 	See https://design.ros2.org/articles/node_lifecycle.html for more information.[0m
[amcl-12] [0m[INFO] [1790351993.262954352] [amcl]: Creating[0m
[lifecycle_manager-13] [INFO] [1790351993.277298412] [lifecycle_manager_localization]: Creating
[map_server-11] [INFO] [1790351993.288250831] [map_server]: 
[map_server-11] 	map_server lifecycle node launched. 
[map_server-11] 	Waiting on external lifecycle transitions to activate
[map_server-11] 	See https://design.ros2.org/articles/node_lifecycle.html for more information.
[map_server-11] [INFO] [1790351993.288435302] [map_server]: Creating
[lifecycle_manager-13] [INFO] [1790351993.288934989] [lifecycle_manager_localization]: [34m[1mCreating and initializing lifecycle service clients[0m[0m
[lifecycle_manager-13] [INFO] [1790351993.302698758] [lifecycle_manager_localization]: [34m[1mStarting managed nodes bringup...[0m[0m
[lifecycle_manager-13] [INFO] [1790351993.302848798] [lifecycle_manager_localization]: [34m[1mConfiguring map_server[0m[0m
[map_server-11] [INFO] [1790351993.333864931] [map_server]: Configuring
[map_server-11] [INFO] [1790351993.334006204] [map_io]: Loading yaml file: /home/molar1/bumperbot_ws/install/robot_lab_maps/share/robot_lab_maps/maps/nav_empty/maps/map.yaml
[map_server-11] [INFO] [1790351993.334428071] [map_io]: resolution: 0.05
[map_server-11] [INFO] [1790351993.334447014] [map_io]: origin[0]: -7
[map_server-11] [INFO] [1790351993.334452998] [map_io]: origin[1]: -7
[map_server-11] [INFO] [1790351993.334457829] [map_io]: origin[2]: 0
[map_server-11] [INFO] [1790351993.334463429] [map_io]: free_thresh: 0.196
[map_server-11] [INFO] [1790351993.334468773] [map_io]: occupied_thresh: 0.65
[map_server-11] [INFO] [1790351993.334474916] [map_io]: mode: trinary
[map_server-11] [INFO] [1790351993.334482148] [map_io]: negate: 0
[map_server-11] [INFO] [1790351993.334774518] [map_io]: Loading image_file: /home/molar1/bumperbot_ws/install/robot_lab_maps/share/robot_lab_maps/maps/nav_empty/maps/map.pgm
[map_server-11] [INFO] [1790351993.348734980] [map_io]: Read map /home/molar1/bumperbot_ws/install/robot_lab_maps/share/robot_lab_maps/maps/nav_empty/maps/map.pgm: 280 X 280 map @ 0.05 m/cell
[amcl-12] [0m[INFO] [1790351993.362400897] [amcl]: Configuring[0m
[amcl-12] [0m[INFO] [1790351993.362566553] [amcl]: initTransforms[0m
[lifecycle_manager-13] [INFO] [1790351993.361958967] [lifecycle_manager_localization]: [34m[1mConfiguring amcl[0m[0m
[amcl-12] [0m[INFO] [1790351993.375915462] [amcl]: initPubSub[0m
[amcl-12] [0m[INFO] [1790351993.381398935] [amcl]: Subscribed to map topic.[0m
[lifecycle_manager-13] [INFO] [1790351993.387976786] [lifecycle_manager_localization]: [34m[1mActivating map_server[0m[0m
[map_server-11] [INFO] [1790351993.388316450] [map_server]: Activating
[map_server-11] [INFO] [1790351993.388952578] [map_server]: Creating bond (map_server) to lifecycle manager.
[amcl-12] [0m[INFO] [1790351993.389030846] [amcl]: Received a 280 X 280 map @ 0.050 m/pix[0m
[lifecycle_manager-13] [INFO] [1790351993.500830157] [lifecycle_manager_localization]: Server map_server connected with bond.
[lifecycle_manager-13] [INFO] [1790351993.500919721] [lifecycle_manager_localization]: [34m[1mActivating amcl[0m[0m
[amcl-12] [0m[INFO] [1790351993.501247801] [amcl]: Activating[0m
[amcl-12] [0m[INFO] [1790351993.501343604] [amcl]: initialPoseReceived[0m
[amcl-12] [0m[INFO] [1790351993.501584296] [amcl]: Setting pose (0.552000): -0.500 -0.500 0.000[0m
[amcl-12] [0m[INFO] [1790351993.502153964] [amcl]: Creating bond (amcl) to lifecycle manager.[0m
[lifecycle_manager-13] [INFO] [1790351993.606197690] [lifecycle_manager_localization]: Server amcl connected with bond.
[lifecycle_manager-13] [INFO] [1790351993.606288246] [lifecycle_manager_localization]: [34m[1mManaged nodes are active[0m[0m
[lifecycle_manager-13] [INFO] [1790351993.606310709] [lifecycle_manager_localization]: [34m[1mCreating bond timer...[0m[0m
[amcl-12] [0m[INFO] [1790351993.613587437] [amcl]: createLaserObject[0m
[wheel_imu_fusion-16] [INFO] [1790351993.973532350] [sensor_fusion_wheel_imu_fusion]: wheel_imu_fusion ready
[amcl-12] [0m[INFO] [1790352001.104872662] [rclcpp]: signal_handler(SIGINT/SIGTERM)[0m
[amcl-12] [0m[INFO] [1790352001.105028271] [amcl]: Running Nav2 LifecycleNode rcl preshutdown (amcl)[0m
[amcl-12] [0m[INFO] [1790352001.105137513] [amcl]: Deactivating[0m
[ekf_node-14] [INFO] [1790352001.104853815] [rclcpp]: signal_handler(SIGINT/SIGTERM)
[twist_relay-9] [INFO] [1790352001.104865591] [rclcpp]: signal_handler(SIGINT/SIGTERM)
[lifecycle_manager-13] [INFO] [1790352001.104891477] [rclcpp]: signal_handler(SIGINT/SIGTERM)
[lifecycle_manager-13] [INFO] [1790352001.105027023] [lifecycle_manager_localization]: Running Nav2 LifecycleManager rcl preshutdown (lifecycle_manager_localization)
[lifecycle_manager-13] [INFO] [1790352001.105098891] [lifecycle_manager_localization]: [34m[1mTerminating bond timer...[0m[0m
[twist_marker-7] [INFO] [1790352001.104867862] [rclcpp]: signal_handler(SIGINT/SIGTERM)
[twist_mux-6] [INFO] [1790352001.105028143] [rclcpp]: signal_handler(SIGINT/SIGTERM)
[robot_state_publisher-2] [INFO] [1790352001.105301441] [rclcpp]: signal_handler(SIGINT/SIGTERM)
[map_server-11] [INFO] [1790352001.105415900] [rclcpp]: signal_handler(SIGINT/SIGTERM)
[map_server-11] [INFO] [1790352001.105558901] [map_server]: Running Nav2 LifecycleNode rcl preshutdown (map_server)
[map_server-11] [INFO] [1790352001.105647728] [map_server]: Deactivating
[map_server-11] [INFO] [1790352001.105670063] [map_server]: Destroying bond (map_server) to lifecycle manager.
[joy_node-5] [INFO] [1790352001.105403452] [rclcpp]: signal_handler(SIGINT/SIGTERM)
[amcl-12] [0m[INFO] [1790352001.106520742] [amcl]: Destroying bond (amcl) to lifecycle manager.[0m
[amcl-12] [0m[INFO] [1790352001.122508633] [amcl]: Cleaning up[0m
[map_server-11] [INFO] [1790352001.116000183] [map_server]: Cleaning up
[map_server-11] [INFO] [1790352001.116094802] [map_server]: Destroying bond (map_server) to lifecycle manager.
[amcl-12] [0m[INFO] [1790352001.139920967] [amcl]: Destroying bond (amcl) to lifecycle manager.[0m
[joy_teleop-4] Traceback (most recent call last):
[joy_teleop-4]   File "/opt/ros/humble/lib/joy_teleop/joy_teleop", line 33, in <module>
[joy_teleop-4]     sys.exit(load_entry_point('joy-teleop==1.6.0', 'console_scripts', 'joy_teleop')())
[joy_teleop-4]   File "/opt/ros/humble/lib/python3.10/site-packages/joy_teleop/joy_teleop.py", line 435, in main
[joy_teleop-4]     rclpy.spin(node)
[joy_teleop-4]   File "/opt/ros/humble/local/lib/python3.10/dist-packages/rclpy/__init__.py", line 229, in spin
[joy_teleop-4]     executor.spin_once()
[joy_teleop-4]   File "/opt/ros/humble/local/lib/python3.10/dist-packages/rclpy/executors.py", line 812, in spin_once
[joy_teleop-4]     self._spin_once_impl(timeout_sec)
[joy_teleop-4]   File "/opt/ros/humble/local/lib/python3.10/dist-packages/rclpy/executors.py", line 801, in _spin_once_impl
[joy_teleop-4]     handler, entity, node = self.wait_for_ready_callbacks(timeout_sec=timeout_sec)
[joy_teleop-4]   File "/opt/ros/humble/local/lib/python3.10/dist-packages/rclpy/executors.py", line 784, in wait_for_ready_callbacks
[joy_teleop-4]     return next(self._cb_iter)
[joy_teleop-4]   File "/opt/ros/humble/local/lib/python3.10/dist-packages/rclpy/executors.py", line 685, in _wait_for_ready_callbacks
[joy_teleop-4]     raise ExternalShutdownException()
[joy_teleop-4] rclpy.executors.ExternalShutdownException
[map_server-11] [INFO] [1790352001.296589381] [map_server]: Destroying
[amcl-12] [0m[INFO] [1790352001.305249695] [amcl]: Destroying[0m
[lifecycle_manager-13] [INFO] [1790352001.306993513] [lifecycle_manager_localization]: Destroying lifecycle_manager_localization
[INFO] [twist_mux-6]: process has finished cleanly [pid 1562095]
[INFO] [twist_relay-9]: process has finished cleanly [pid 1562101]
[INFO] [robot_state_publisher-2]: process has finished cleanly [pid 1562087]
[INFO] [twist_marker-7]: process has finished cleanly [pid 1562097]
[INFO] [ekf_node-14]: process has finished cleanly [pid 1562369]
[INFO] [joy_node-5]: process has finished cleanly [pid 1562093]
[imu_republisher.py-15] Traceback (most recent call last):
[imu_republisher.py-15]   File "/home/molar1/bumperbot_ws/install/robot_lab_localization/lib/robot_lab_localization/imu_republisher.py", line 54, in <module>
[imu_republisher.py-15]     main()
[imu_republisher.py-15]   File "/home/molar1/bumperbot_ws/install/robot_lab_localization/lib/robot_lab_localization/imu_republisher.py", line 45, in main
[imu_republisher.py-15]     rclpy.spin(node)
[imu_republisher.py-15]   File "/opt/ros/humble/local/lib/python3.10/dist-packages/rclpy/__init__.py", line 229, in spin
[imu_republisher.py-15]     executor.spin_once()
[imu_republisher.py-15]   File "/opt/ros/humble/local/lib/python3.10/dist-packages/rclpy/executors.py", line 812, in spin_once
[imu_republisher.py-15]     self._spin_once_impl(timeout_sec)
[imu_republisher.py-15]   File "/opt/ros/humble/local/lib/python3.10/dist-packages/rclpy/executors.py", line 801, in _spin_once_impl
[imu_republisher.py-15]     handler, entity, node = self.wait_for_ready_callbacks(timeout_sec=timeout_sec)
[imu_republisher.py-15]   File "/opt/ros/humble/local/lib/python3.10/dist-packages/rclpy/executors.py", line 784, in wait_for_ready_callbacks
[imu_republisher.py-15]     return next(self._cb_iter)
[imu_republisher.py-15]   File "/opt/ros/humble/local/lib/python3.10/dist-packages/rclpy/executors.py", line 685, in _wait_for_ready_callbacks
[imu_republisher.py-15]     raise ExternalShutdownException()
[imu_republisher.py-15] rclpy.executors.ExternalShutdownException
[INFO] [go2-stance-gait-controller-1]: process has finished cleanly [pid 1562085]
[INFO] [wheel_imu_fusion-16]: process has finished cleanly [pid 1562373]
[INFO] [mujoco_spawner-3]: process has finished cleanly [pid 1562089]
[INFO] [joystick_relay.py-8]: process has finished cleanly [pid 1562099]
[INFO] [lifecycle_manager-13]: process has finished cleanly [pid 1562367]
[ERROR] [imu_republisher.py-15]: process has died [pid 1562371, exit code 1, cmd '/home/molar1/bumperbot_ws/install/robot_lab_localization/lib/robot_lab_localization/imu_republisher.py --ros-args --params-file /workspace/molar/.tmp/launch_params_yv2jjdqy'].
[INFO] [map_server-11]: process has finished cleanly [pid 1562363]
[ERROR] [joy_teleop-4]: process has died [pid 1562091, exit code 1, cmd '/opt/ros/humble/lib/joy_teleop/joy_teleop --ros-args --params-file /home/molar1/bumperbot_ws/install/robot_lab_controller/share/robot_lab_controller/config/joy_teleop.yaml --params-file /workspace/molar/.tmp/launch_params_dq3ytdp6'].
[INFO] [amcl-12]: process has finished cleanly [pid 1562365]
