[INFO] [launch]: All log files can be found below /home/molar1/.ros/log/2026-09-28-13-11-24-954447-molar1-190877
[INFO] [launch]: Default logging verbosity is set to INFO
[robot_lab] algorithm localization=amcl -> global_localization stack
[robot_lab] algorithm state_estimation=ekf_localization_node -> local_localization stack
[robot_lab] algorithm sensor_fusion=wheel_imu_fusion -> node robot_lab_algorithms/wheel_imu_fusion
[INFO] [go2-stance-gait-controller-1]: process started with pid [190912]
[INFO] [robot_state_publisher-2]: process started with pid [190914]
[INFO] [mujoco_spawner-3]: process started with pid [190916]
[INFO] [joy_teleop-4]: process started with pid [190918]
[INFO] [joy_node-5]: process started with pid [190920]
[INFO] [twist_mux-6]: process started with pid [190922]
[INFO] [twist_marker-7]: process started with pid [190924]
[INFO] [joystick_relay.py-8]: process started with pid [190926]
[INFO] [twist_relay-9]: process started with pid [190928]
[INFO] [simulator_ready_gate-10]: process started with pid [190932]
[robot_state_publisher-2] [INFO] [1790593885.849749089] [robot_state_publisher]: got segment FL_calf
[robot_state_publisher-2] [INFO] [1790593885.849986744] [robot_state_publisher]: got segment FL_calf_rotor
[robot_state_publisher-2] [INFO] [1790593885.850014647] [robot_state_publisher]: got segment FL_foot
[robot_state_publisher-2] [INFO] [1790593885.850025847] [robot_state_publisher]: got segment FL_hip
[robot_state_publisher-2] [INFO] [1790593885.850045686] [robot_state_publisher]: got segment FL_hip_rotor
[robot_state_publisher-2] [INFO] [1790593885.850057334] [robot_state_publisher]: got segment FL_thigh
[robot_state_publisher-2] [INFO] [1790593885.850065397] [robot_state_publisher]: got segment FL_thigh_rotor
[robot_state_publisher-2] [INFO] [1790593885.850075125] [robot_state_publisher]: got segment FR_calf
[robot_state_publisher-2] [INFO] [1790593885.850082517] [robot_state_publisher]: got segment FR_calf_rotor
[robot_state_publisher-2] [INFO] [1790593885.850089556] [robot_state_publisher]: got segment FR_foot
[robot_state_publisher-2] [INFO] [1790593885.850096660] [robot_state_publisher]: got segment FR_hip
[robot_state_publisher-2] [INFO] [1790593885.850104340] [robot_state_publisher]: got segment FR_hip_rotor
[robot_state_publisher-2] [INFO] [1790593885.850111508] [robot_state_publisher]: got segment FR_thigh
[robot_state_publisher-2] [INFO] [1790593885.850118419] [robot_state_publisher]: got segment FR_thigh_rotor
[robot_state_publisher-2] [INFO] [1790593885.850125363] [robot_state_publisher]: got segment RL_calf
[robot_state_publisher-2] [INFO] [1790593885.850132403] [robot_state_publisher]: got segment RL_calf_rotor
[robot_state_publisher-2] [INFO] [1790593885.850139507] [robot_state_publisher]: got segment RL_foot
[robot_state_publisher-2] [INFO] [1790593885.850146130] [robot_state_publisher]: got segment RL_hip
[robot_state_publisher-2] [INFO] [1790593885.850153010] [robot_state_publisher]: got segment RL_hip_rotor
[robot_state_publisher-2] [INFO] [1790593885.850159986] [robot_state_publisher]: got segment RL_thigh
[robot_state_publisher-2] [INFO] [1790593885.850166769] [robot_state_publisher]: got segment RL_thigh_rotor
[robot_state_publisher-2] [INFO] [1790593885.850174449] [robot_state_publisher]: got segment RR_calf
[robot_state_publisher-2] [INFO] [1790593885.850181233] [robot_state_publisher]: got segment RR_calf_rotor
[robot_state_publisher-2] [INFO] [1790593885.850188465] [robot_state_publisher]: got segment RR_foot
[robot_state_publisher-2] [INFO] [1790593885.850196016] [robot_state_publisher]: got segment RR_hip
[robot_state_publisher-2] [INFO] [1790593885.850203376] [robot_state_publisher]: got segment RR_hip_rotor
[robot_state_publisher-2] [INFO] [1790593885.850210480] [robot_state_publisher]: got segment RR_thigh
[robot_state_publisher-2] [INFO] [1790593885.850217296] [robot_state_publisher]: got segment RR_thigh_rotor
[robot_state_publisher-2] [INFO] [1790593885.850224175] [robot_state_publisher]: got segment base
[robot_state_publisher-2] [INFO] [1790593885.850231407] [robot_state_publisher]: got segment front_camera
[robot_state_publisher-2] [INFO] [1790593885.850238671] [robot_state_publisher]: got segment imu_link
[robot_state_publisher-2] [INFO] [1790593885.850245806] [robot_state_publisher]: got segment trunk
[twist_mux-6] [INFO] [1790593885.867270851] [twist_mux]: Topic handler 'topics.joystick' subscribed to topic 'joy_vel': timeout = 0.500000s , priority = 99.
[twist_mux-6] [INFO] [1790593885.872708243] [twist_mux]: Topic handler 'topics.keyboard' subscribed to topic 'key_vel': timeout = 0.500000s , priority = 90.
[twist_mux-6] [INFO] [1790593885.878335484] [twist_mux]: Topic handler 'topics.navigation' subscribed to topic 'cmd_vel': timeout = 0.500000s , priority = 80.
[twist_mux-6] [INFO] [1790593885.878652400] [twist_mux]: Topic handler 'locks.safety_stop' subscribed to topic 'safety_stop': timeout = None , priority = 255.
[go2-stance-gait-controller-1] [0;93m2026-09-28 13:11:26.623629059 [W:onnxruntime:Default, device_discovery.cc:164 DiscoverDevicesForPlatform] GPU device discovery failed: device_discovery.cc:89 ReadFileContents Failed to open file: "/sys/class/drm/card1/device/vendor"[m
[go2-stance-gait-controller-1] [INFO] [1790593886.688014600] [go2_stance_gait_controller]: Go2 closed-loop stance: 12 effort joints at 250.0 Hz; controller ONNX velocity policy
[mujoco_spawner-3] [INFO] [1790593887.859788828] [mujoco_spawner]: MuJoCo: 18 collision proxy geom(s) moved to group 3 (viewer Rendering tab to show them).
[mujoco_spawner-3] [INFO] [1790593887.907389220] [mujoco_spawner]: MuJoCo URDF import OK (all meshes staged).
[mujoco_spawner-3] [WARN] [1790593887.920589261] [mujoco_spawner]: MuJoCo effort plant: no MJCF beside /home/molar1/bumperbot_ws/install/robot_lab_robots/share/robot_lab_robots/unitree/go2_description/xacro/go2_sim.xacro names every effort joint; keeping the URDF <dynamics> (damping=5.0 is a Gazebo stabiliser the robot does not have).
[mujoco_spawner-3] [INFO] [1790593887.969369384] [mujoco_spawner]: MuJoCo physics timestep: 0.0010 s
[mujoco_spawner-3] [INFO] [1790593887.971702479] [mujoco_spawner]: Robot has no 'oakd_rgb_camera_frame' link; no RGB-D camera is published.
[mujoco_spawner-3] [INFO] [1790593887.973063355] [mujoco_spawner]: Joints: ['FR_hip_joint', 'FR_thigh_joint', 'FR_calf_joint', 'FL_hip_joint', 'FL_thigh_joint', 'FL_calf_joint', 'RR_hip_joint', 'RR_thigh_joint', 'RR_calf_joint', 'RL_hip_joint', 'RL_thigh_joint', 'RL_calf_joint']   lw= rw=
[mujoco_spawner-3] [INFO] [1790593887.976010411] [mujoco_spawner]: MuJoCo effort joint armature: 0.0100 kg m^2
[mujoco_spawner-3] [INFO] [1790593887.977987007] [mujoco_spawner]: Joint effort input: /go2_group_effort_controller/commands (12 joints, URDF limits)
[mujoco_spawner-3] [INFO] [1790593887.980315462] [mujoco_spawner]: Spawn ground clearance: raised root by 0.1350 m
[mujoco_spawner-3] [INFO] [1790593887.981498361] [mujoco_spawner]: MuJoCo model loaded: 14 bodies, 13 joints
[mujoco_spawner-3] [INFO] [1790593887.982368568] [mujoco_spawner]: MuJoCo gui param=False (resolved=False), DISPLAY=:1 -> mode=DIRECT
[mujoco_spawner-3] [INFO] [1790593887.983127131] [mujoco_spawner]: MuJoCo running headless (gui=False, viewer=True).
[mujoco_spawner-3] [INFO] [1790593887.989391948] [mujoco_spawner]: MuJoCo spawner running.
[go2-stance-gait-controller-1] [WARN] [1790593887.992609105] [go2_stance_gait_controller]: Go2 safety safe_stop: tilt 1.20 rad exceeds fall threshold
[go2-stance-gait-controller-1] [INFO] [1790593887.993589068] [go2_stance_gait_controller]: Go2 recovery idle
[go2-stance-gait-controller-1] [INFO] [1790593888.117553688] [go2_stance_gait_controller]: Go2 recovery attempting:tuck
[INFO] [simulator_ready_gate-10]: process has finished cleanly [pid 190932]
[INFO] [amcl-12]: process started with pid [191165]
[INFO] [map_server-11]: process started with pid [191163]
[INFO] [lifecycle_manager-13]: process started with pid [191167]
[INFO] [ekf_node-14]: process started with pid [191169]
[INFO] [imu_republisher.py-15]: process started with pid [191171]
[INFO] [wheel_imu_fusion-16]: process started with pid [191173]
[amcl-12] [0m[INFO] [1790593888.408039293] [amcl]: 
[amcl-12] 	amcl lifecycle node launched. 
[amcl-12] 	Waiting on external lifecycle transitions to activate
[amcl-12] 	See https://design.ros2.org/articles/node_lifecycle.html for more information.[0m
[amcl-12] [0m[INFO] [1790593888.409358155] [amcl]: Creating[0m
[map_server-11] [INFO] [1790593888.417254078] [map_server]: 
[map_server-11] 	map_server lifecycle node launched. 
[map_server-11] 	Waiting on external lifecycle transitions to activate
[map_server-11] 	See https://design.ros2.org/articles/node_lifecycle.html for more information.
[map_server-11] [INFO] [1790593888.417503028] [map_server]: Creating
[lifecycle_manager-13] [INFO] [1790593888.431665497] [lifecycle_manager_localization]: Creating
[lifecycle_manager-13] [INFO] [1790593888.444840963] [lifecycle_manager_localization]: [34m[1mCreating and initializing lifecycle service clients[0m[0m
[lifecycle_manager-13] [INFO] [1790593888.457564894] [lifecycle_manager_localization]: [34m[1mStarting managed nodes bringup...[0m[0m
[lifecycle_manager-13] [INFO] [1790593888.457670202] [lifecycle_manager_localization]: [34m[1mConfiguring map_server[0m[0m
[map_server-11] [INFO] [1790593888.458100266] [map_server]: Configuring
[map_server-11] [INFO] [1790593888.458223813] [map_io]: Loading yaml file: /home/molar1/bumperbot_ws/install/robot_lab_maps/share/robot_lab_maps/maps/nav_empty/maps/map.yaml
[map_server-11] [INFO] [1790593888.458742833] [map_io]: resolution: 0.05
[map_server-11] [INFO] [1790593888.458762320] [map_io]: origin[0]: -7
[map_server-11] [INFO] [1790593888.458768336] [map_io]: origin[1]: -7
[map_server-11] [INFO] [1790593888.458772784] [map_io]: origin[2]: 0
[map_server-11] [INFO] [1790593888.458777648] [map_io]: free_thresh: 0.196
[map_server-11] [INFO] [1790593888.458783216] [map_io]: occupied_thresh: 0.65
[map_server-11] [INFO] [1790593888.458789423] [map_io]: mode: trinary
[map_server-11] [INFO] [1790593888.458796079] [map_io]: negate: 0
[map_server-11] [INFO] [1790593888.459092868] [map_io]: Loading image_file: /home/molar1/bumperbot_ws/install/robot_lab_maps/share/robot_lab_maps/maps/nav_empty/maps/map.pgm
[map_server-11] [INFO] [1790593888.476436591] [map_io]: Read map /home/molar1/bumperbot_ws/install/robot_lab_maps/share/robot_lab_maps/maps/nav_empty/maps/map.pgm: 280 X 280 map @ 0.05 m/cell
[lifecycle_manager-13] [INFO] [1790593888.491086625] [lifecycle_manager_localization]: [34m[1mConfiguring amcl[0m[0m
[amcl-12] [0m[INFO] [1790593888.492689860] [amcl]: Configuring[0m
[amcl-12] [0m[INFO] [1790593888.492867645] [amcl]: initTransforms[0m
[amcl-12] [0m[INFO] [1790593888.509728027] [amcl]: initPubSub[0m
[amcl-12] [0m[INFO] [1790593888.519879352] [amcl]: Subscribed to map topic.[0m
[go2-stance-gait-controller-1] [INFO] [1790593888.520063377] [go2_stance_gait_controller]: Go2 recovery attempting:roll
[lifecycle_manager-13] [INFO] [1790593888.527330524] [lifecycle_manager_localization]: [34m[1mActivating map_server[0m[0m
[amcl-12] [0m[INFO] [1790593888.528093471] [amcl]: Received a 280 X 280 map @ 0.050 m/pix[0m
[map_server-11] [INFO] [1790593888.527598898] [map_server]: Activating
[map_server-11] [INFO] [1790593888.527897478] [map_server]: Creating bond (map_server) to lifecycle manager.
[lifecycle_manager-13] [INFO] [1790593888.640462534] [lifecycle_manager_localization]: Server map_server connected with bond.
[lifecycle_manager-13] [INFO] [1790593888.640540675] [lifecycle_manager_localization]: [34m[1mActivating amcl[0m[0m
[amcl-12] [0m[INFO] [1790593888.640818712] [amcl]: Activating[0m
[amcl-12] [0m[INFO] [1790593888.640914068] [amcl]: initialPoseReceived[0m
[amcl-12] [0m[INFO] [1790593888.641115757] [amcl]: Setting pose (0.492000): -0.500 -0.500 0.000[0m
[amcl-12] [0m[INFO] [1790593888.641697462] [amcl]: Creating bond (amcl) to lifecycle manager.[0m
[lifecycle_manager-13] [INFO] [1790593888.744484522] [lifecycle_manager_localization]: Server amcl connected with bond.
[lifecycle_manager-13] [INFO] [1790593888.744568679] [lifecycle_manager_localization]: [34m[1mManaged nodes are active[0m[0m
[lifecycle_manager-13] [INFO] [1790593888.744601830] [lifecycle_manager_localization]: [34m[1mCreating bond timer...[0m[0m
[amcl-12] [0m[INFO] [1790593888.814543165] [amcl]: createLaserObject[0m
[wheel_imu_fusion-16] [INFO] [1790593889.131811467] [sensor_fusion_wheel_imu_fusion]: wheel_imu_fusion ready
[go2-stance-gait-controller-1] [INFO] [1790593889.222053121] [go2_stance_gait_controller]: Go2 recovery failed:roll
[lifecycle_manager-13] [INFO] [1790593910.984813786] [rclcpp]: signal_handler(SIGINT/SIGTERM)
[amcl-12] [0m[INFO] [1790593910.984847737] [rclcpp]: signal_handler(SIGINT/SIGTERM)[0m
[amcl-12] [0m[INFO] [1790593910.985006995] [amcl]: Running Nav2 LifecycleNode rcl preshutdown (amcl)[0m
[amcl-12] [0m[INFO] [1790593910.985132847] [amcl]: Deactivating[0m
[lifecycle_manager-13] [INFO] [1790593910.984975188] [lifecycle_manager_localization]: Running Nav2 LifecycleManager rcl preshutdown (lifecycle_manager_localization)
[lifecycle_manager-13] [INFO] [1790593910.985043954] [lifecycle_manager_localization]: [34m[1mTerminating bond timer...[0m[0m
[map_server-11] [INFO] [1790593910.984850489] [rclcpp]: signal_handler(SIGINT/SIGTERM)
[map_server-11] [INFO] [1790593910.985030866] [map_server]: Running Nav2 LifecycleNode rcl preshutdown (map_server)
[ekf_node-14] [INFO] [1790593910.984836730] [rclcpp]: signal_handler(SIGINT/SIGTERM)
[twist_marker-7] [INFO] [1790593910.984868888] [rclcpp]: signal_handler(SIGINT/SIGTERM)
[twist_mux-6] [INFO] [1790593910.984882808] [rclcpp]: signal_handler(SIGINT/SIGTERM)
[joy_node-5] [INFO] [1790593910.984882232] [rclcpp]: signal_handler(SIGINT/SIGTERM)
[amcl-12] [0m[INFO] [1790593910.985177965] [amcl]: Destroying bond (amcl) to lifecycle manager.[0m
[twist_relay-9] [INFO] [1790593910.985135919] [rclcpp]: signal_handler(SIGINT/SIGTERM)
[map_server-11] [INFO] [1790593910.985232523] [map_server]: Deactivating
[map_server-11] [INFO] [1790593910.985286025] [map_server]: Destroying bond (map_server) to lifecycle manager.
[robot_state_publisher-2] [INFO] [1790593910.989866079] [rclcpp]: signal_handler(SIGINT/SIGTERM)
[amcl-12] [0m[INFO] [1790593910.995645385] [amcl]: Cleaning up[0m
[map_server-11] [INFO] [1790593910.995754917] [map_server]: Cleaning up
[map_server-11] [INFO] [1790593910.995868865] [map_server]: Destroying bond (map_server) to lifecycle manager.
[amcl-12] [0m[INFO] [1790593911.022342028] [amcl]: Destroying bond (amcl) to lifecycle manager.[0m
[lifecycle_manager-13] [INFO] [1790593911.088877356] [lifecycle_manager_localization]: Destroying lifecycle_manager_localization
[joy_teleop-4] Traceback (most recent call last):
[joy_teleop-4]   File "/opt/ros/humble/lib/joy_teleop/joy_teleop", line 33, in <module>
[joy_teleop-4]     sys.exit(load_entry_point('joy-teleop==1.6.0', 'console_scripts', 'joy_teleop')())
[joy_teleop-4]   File "/opt/ros/humble/lib/python3.10/site-packages/joy_teleop/joy_teleop.py", line 435, in main
[joy_teleop-4]     rclpy.spin(node)
[joy_teleop-4]   File "/opt/ros/humble/local/lib/python3.10/dist-packages/rclpy/__init__.py", line 229, in spin
[joy_teleop-4]     executor.spin_once()
[joy_teleop-4]   File "/opt/ros/humble/local/lib/python3.10/dist-packages/rclpy/executors.py", line 812, in spin_once
[joy_teleop-4]     self._spin_once_impl(timeout_sec)
[joy_teleop-4]   File "/opt/ros/humble/local/lib/python3.10/dist-packages/rclpy/executors.py", line 801, in _spin_once_impl
[joy_teleop-4]     handler, entity, node = self.wait_for_ready_callbacks(timeout_sec=timeout_sec)
[joy_teleop-4]   File "/opt/ros/humble/local/lib/python3.10/dist-packages/rclpy/executors.py", line 784, in wait_for_ready_callbacks
[joy_teleop-4]     return next(self._cb_iter)
[joy_teleop-4]   File "/opt/ros/humble/local/lib/python3.10/dist-packages/rclpy/executors.py", line 685, in _wait_for_ready_callbacks
[joy_teleop-4]     raise ExternalShutdownException()
[joy_teleop-4] rclpy.executors.ExternalShutdownException
[map_server-11] [INFO] [1790593911.134928227] [map_server]: Destroying
[amcl-12] [0m[INFO] [1790593911.136758208] [amcl]: Destroying[0m
[INFO] [twist_relay-9]: process has finished cleanly [pid 190928]
[INFO] [twist_marker-7]: process has finished cleanly [pid 190924]
[INFO] [twist_mux-6]: process has finished cleanly [pid 190922]
[INFO] [joy_node-5]: process has finished cleanly [pid 190920]
[INFO] [ekf_node-14]: process has finished cleanly [pid 191169]
[INFO] [robot_state_publisher-2]: process has finished cleanly [pid 190914]
[imu_republisher.py-15] Traceback (most recent call last):
[imu_republisher.py-15]   File "/home/molar1/bumperbot_ws/install/robot_lab_localization/lib/robot_lab_localization/imu_republisher.py", line 54, in <module>
[imu_republisher.py-15]     main()
[imu_republisher.py-15]   File "/home/molar1/bumperbot_ws/install/robot_lab_localization/lib/robot_lab_localization/imu_republisher.py", line 45, in main
[imu_republisher.py-15]     rclpy.spin(node)
[imu_republisher.py-15]   File "/opt/ros/humble/local/lib/python3.10/dist-packages/rclpy/__init__.py", line 229, in spin
[imu_republisher.py-15]     executor.spin_once()
[imu_republisher.py-15]   File "/opt/ros/humble/local/lib/python3.10/dist-packages/rclpy/executors.py", line 812, in spin_once
[imu_republisher.py-15]     self._spin_once_impl(timeout_sec)
[imu_republisher.py-15]   File "/opt/ros/humble/local/lib/python3.10/dist-packages/rclpy/executors.py", line 801, in _spin_once_impl
[imu_republisher.py-15]     handler, entity, node = self.wait_for_ready_callbacks(timeout_sec=timeout_sec)
[imu_republisher.py-15]   File "/opt/ros/humble/local/lib/python3.10/dist-packages/rclpy/executors.py", line 784, in wait_for_ready_callbacks
[imu_republisher.py-15]     return next(self._cb_iter)
[imu_republisher.py-15]   File "/opt/ros/humble/local/lib/python3.10/dist-packages/rclpy/executors.py", line 685, in _wait_for_ready_callbacks
[imu_republisher.py-15]     raise ExternalShutdownException()
[imu_republisher.py-15] rclpy.executors.ExternalShutdownException
[INFO] [lifecycle_manager-13]: process has finished cleanly [pid 191167]
[INFO] [amcl-12]: process has finished cleanly [pid 191165]
[INFO] [map_server-11]: process has finished cleanly [pid 191163]
[INFO] [wheel_imu_fusion-16]: process has finished cleanly [pid 191173]
[INFO] [go2-stance-gait-controller-1]: process has finished cleanly [pid 190912]
[INFO] [mujoco_spawner-3]: process has finished cleanly [pid 190916]
[INFO] [joystick_relay.py-8]: process has finished cleanly [pid 190926]
[ERROR] [imu_republisher.py-15]: process has died [pid 191171, exit code 1, cmd '/home/molar1/bumperbot_ws/install/robot_lab_localization/lib/robot_lab_localization/imu_republisher.py --ros-args --params-file /workspace/molar/.tmp/launch_params_3c78zfm1'].
[ERROR] [joy_teleop-4]: process has died [pid 190918, exit code 1, cmd '/opt/ros/humble/lib/joy_teleop/joy_teleop --ros-args --params-file /home/molar1/bumperbot_ws/install/robot_lab_controller/share/robot_lab_controller/config/joy_teleop.yaml --params-file /workspace/molar/.tmp/launch_params_u5coa9nr'].
