[INFO] [launch]: All log files can be found below /home/molar1/.ros/log/2026-10-01-16-06-43-770377-molar1-535661
[INFO] [launch]: Default logging verbosity is set to INFO
[INFO] [robot_state_publisher-1]: process started with pid [535723]
[INFO] [pybullet_spawner-2]: process started with pid [535725]
[robot_state_publisher-1] [INFO] [1790863604.557371034] [robot_state_publisher]: got segment base_footprint
[robot_state_publisher-1] [INFO] [1790863604.557538906] [robot_state_publisher]: got segment base_link
[robot_state_publisher-1] [INFO] [1790863604.557559450] [robot_state_publisher]: got segment front_left_knuckle_link
[robot_state_publisher-1] [INFO] [1790863604.557570138] [robot_state_publisher]: got segment front_left_wheel_link
[robot_state_publisher-1] [INFO] [1790863604.557578170] [robot_state_publisher]: got segment front_right_knuckle_link
[robot_state_publisher-1] [INFO] [1790863604.557585978] [robot_state_publisher]: got segment front_right_wheel_link
[robot_state_publisher-1] [INFO] [1790863604.557593530] [robot_state_publisher]: got segment imu_link
[robot_state_publisher-1] [INFO] [1790863604.557600922] [robot_state_publisher]: got segment laser_link
[robot_state_publisher-1] [INFO] [1790863604.557608698] [robot_state_publisher]: got segment laser_mast_link
[robot_state_publisher-1] [INFO] [1790863604.557616122] [robot_state_publisher]: got segment oakd_imu_frame
[robot_state_publisher-1] [INFO] [1790863604.557623354] [robot_state_publisher]: got segment oakd_left_camera_frame
[robot_state_publisher-1] [INFO] [1790863604.557630650] [robot_state_publisher]: got segment oakd_left_camera_optical_frame
[robot_state_publisher-1] [INFO] [1790863604.557638106] [robot_state_publisher]: got segment oakd_link
[robot_state_publisher-1] [INFO] [1790863604.557645242] [robot_state_publisher]: got segment oakd_rgb_camera_frame
[robot_state_publisher-1] [INFO] [1790863604.557652506] [robot_state_publisher]: got segment oakd_rgb_camera_optical_frame
[robot_state_publisher-1] [INFO] [1790863604.557659898] [robot_state_publisher]: got segment oakd_right_camera_frame
[robot_state_publisher-1] [INFO] [1790863604.557667322] [robot_state_publisher]: got segment oakd_right_camera_optical_frame
[robot_state_publisher-1] [INFO] [1790863604.557674490] [robot_state_publisher]: got segment rear_left_wheel_link
[robot_state_publisher-1] [INFO] [1790863604.557682074] [robot_state_publisher]: got segment rear_right_wheel_link
[pybullet_spawner-2] pybullet build time: Sep  2 2026 15:08:17
[pybullet_spawner-2] [INFO] [1790863605.136410239] [pybullet_spawner]: PyBulletSpawner __init__ started
[pybullet_spawner-2] [INFO] [1790863605.141392523] [pybullet_spawner]: Parameters declared
[pybullet_spawner-2] [INFO] [1790863605.153596712] [pybullet_spawner]: Created /robot_lab/ready publisher
[pybullet_spawner-2] [INFO] [1790863605.155677581] [pybullet_spawner]: Created /robot_lab/health publisher
[pybullet_spawner-2] [INFO] [1790863605.157665041] [pybullet_spawner]: Created /robot_lab/reset service
[pybullet_spawner-2] [INFO] [1790863605.879203013] [pybullet_spawner]: URDF written to /workspace/molar/.tmp/tmpv2e3ivo6.urdf
[pybullet_spawner-2] [INFO] [1790863605.880032007] [pybullet_spawner]: PyBullet gui param=False (resolved=False), DISPLAY=:1 -> mode=DIRECT
[pybullet_spawner-2] [INFO] [1790863605.880691497] [pybullet_spawner]: Connecting to PyBullet...
[pybullet_spawner-2] [INFO] [1790863605.891308802] [pybullet_spawner]: PyBullet connected with client_id=0
[pybullet_spawner-2] [INFO] [1790863605.892112292] [pybullet_spawner]: PyBullet physics engine configured
[pybullet_spawner-2] [INFO] [1790863605.906960328] [pybullet_spawner]: SDF world 'nav_empty.world': 9 static shape(s) created, 0 skipped
[pybullet_spawner-2] b3Warning[examples/Importers/ImportURDFDemo/BulletUrdfImporter.cpp,126]:
[pybullet_spawner-2] No inertial data for link, using mass=1, localinertiadiagonal = 1,1,1, identity local inertial frameb3Warning[examples/Importers/ImportURDFDemo/BulletUrdfImporter.cpp,126]:
[pybullet_spawner-2] base_footprintb3Warning[examples/Importers/ImportURDFDemo/BulletUrdfImporter.cpp,126]:
[pybullet_spawner-2] No inertial data for link, using mass=1, localinertiadiagonal = 1,1,1, identity local inertial frameb3Warning[examples/Importers/ImportURDFDemo/BulletUrdfImporter.cpp,126]:
[pybullet_spawner-2] [INFO] [1790863605.915388508] [pybullet_spawner]: Loaded robot id=10 (18 joints)
[pybullet_spawner-2] [INFO] [1790863605.917626113] [pybullet_spawner]: Joint damping capped for stability on 2 joint(s): front_left_steer_joint, front_right_steer_joint
[pybullet_spawner-2] [INFO] [1790863605.918533187] [pybullet_spawner]: Friction from the description's <gazebo> blocks: front_left_wheel_link=1, front_right_wheel_link=1, rear_left_wheel_link=1, rear_right_wheel_link=1
[pybullet_spawner-2] [INFO] [1790863605.921229897] [pybullet_spawner]: RGB-D camera on 'oakd_rgb_camera_frame': 320x240 at 5.0 Hz (software renderer)
[pybullet_spawner-2] laser_mast_linkb3Warning[examples/Importers/ImportURDFDemo/BulletUrdfImporter.cpp,126]:
[pybullet_spawner-2] No inertial data for link, using mass=1, localinertiadiagonal = 1,1,1, identity local inertial frameb3Warning[examples/Importers/ImportURDFDemo/BulletUrdfImporter.cpp,126]:
[pybullet_spawner-2] base_footprintb3Warning[examples/Importers/ImportURDFDemo/BulletUrdfImporter.cpp,126]:
[pybullet_spawner-2] No inertial data for link, using mass=1, localinertiadiagonal = 1,1,1, identity local inertial frameb3Warning[examples/Importers/ImportURDFDemo/BulletUrdfImporter.cpp,126]:
[pybullet_spawner-2] [INFO] [1790863605.943721983] [pybullet_spawner]: SDF world 'nav_empty.world': 9 static shape(s) created, 0 skipped
[pybullet_spawner-2] [INFO] [1790863605.944735041] [pybullet_spawner]: Drive: ackermann, wheels ['rear_left_wheel_joint', 'rear_right_wheel_joint', 'front_left_wheel_joint', 'front_right_wheel_joint'], steering ['front_left_steer_joint', 'front_right_steer_joint']
[pybullet_spawner-2] [INFO] [1790863605.945402467] [pybullet_spawner]: Joints: ['rear_left_wheel_joint', 'rear_right_wheel_joint', 'front_left_steer_joint', 'front_left_wheel_joint', 'front_right_steer_joint', 'front_right_wheel_joint']  lw=rear_left_wheel_joint rw=rear_right_wheel_joint
[pybullet_spawner-2] [INFO] [1790863606.014114886] [pybullet_spawner]: PyBullet spawner running
[WARNING] [launch]: user interrupted with ctrl-c (SIGINT)
[ERROR] [pybullet_spawner-2]: process[pybullet_spawner-2] failed to terminate '5' seconds after receiving 'SIGINT', escalating to 'SIGTERM'
[ERROR] [robot_state_publisher-1]: process[robot_state_publisher-1] failed to terminate '5' seconds after receiving 'SIGINT', escalating to 'SIGTERM'
[INFO] [pybullet_spawner-2]: sending signal 'SIGTERM' to process[pybullet_spawner-2]
[INFO] [robot_state_publisher-1]: sending signal 'SIGTERM' to process[robot_state_publisher-1]
[robot_state_publisher-1] [INFO] [1790863638.505599392] [rclcpp]: signal_handler(SIGINT/SIGTERM)
[INFO] [robot_state_publisher-1]: process has finished cleanly [pid 535723]
[INFO] [pybullet_spawner-2]: process has finished cleanly [pid 535725]
[pybullet_spawner-2] laser_mast_link
