[INFO] [launch]: All log files can be found below /home/molar1/.ros/log/2026-09-29-11-03-49-278707-molar1-719506
[INFO] [launch]: Default logging verbosity is set to INFO
[robot_lab] algorithm localization=amcl -> global_localization stack
[robot_lab] algorithm state_estimation=ekf_localization_node -> local_localization stack
[robot_lab] algorithm sensor_fusion=wheel_imu_fusion -> node robot_lab_algorithms/wheel_imu_fusion
[INFO] [go2-stance-gait-controller-1]: process started with pid [719560]
[INFO] [robot_state_publisher-2]: process started with pid [719562]
[INFO] [mujoco_spawner-3]: process started with pid [719564]
[INFO] [joy_teleop-4]: process started with pid [719566]
[INFO] [joy_node-5]: process started with pid [719568]
[INFO] [twist_mux-6]: process started with pid [719570]
[INFO] [twist_marker-7]: process started with pid [719572]
[INFO] [joystick_relay.py-8]: process started with pid [719574]
[INFO] [twist_relay-9]: process started with pid [719576]
[INFO] [simulator_ready_gate-10]: process started with pid [719586]
[twist_mux-6] [INFO] [1790672630.211151220] [twist_mux]: Topic handler 'topics.joystick' subscribed to topic 'joy_vel': timeout = 0.500000s , priority = 99.
[twist_mux-6] [INFO] [1790672630.213599458] [twist_mux]: Topic handler 'topics.keyboard' subscribed to topic 'key_vel': timeout = 0.500000s , priority = 90.
[twist_mux-6] [INFO] [1790672630.215524699] [twist_mux]: Topic handler 'topics.navigation' subscribed to topic 'cmd_vel': timeout = 0.500000s , priority = 80.
[twist_mux-6] [INFO] [1790672630.216976829] [twist_mux]: Topic handler 'locks.safety_stop' subscribed to topic 'safety_stop': timeout = None , priority = 255.
[robot_state_publisher-2] [INFO] [1790672630.223684917] [robot_state_publisher]: got segment FL_calf
[robot_state_publisher-2] [INFO] [1790672630.223932624] [robot_state_publisher]: got segment FL_calf_rotor
[robot_state_publisher-2] [INFO] [1790672630.223952464] [robot_state_publisher]: got segment FL_foot
[robot_state_publisher-2] [INFO] [1790672630.223962511] [robot_state_publisher]: got segment FL_hip
[robot_state_publisher-2] [INFO] [1790672630.223970863] [robot_state_publisher]: got segment FL_hip_rotor
[robot_state_publisher-2] [INFO] [1790672630.223979183] [robot_state_publisher]: got segment FL_thigh
[robot_state_publisher-2] [INFO] [1790672630.223987407] [robot_state_publisher]: got segment FL_thigh_rotor
[robot_state_publisher-2] [INFO] [1790672630.223995183] [robot_state_publisher]: got segment FR_calf
[robot_state_publisher-2] [INFO] [1790672630.224002703] [robot_state_publisher]: got segment FR_calf_rotor
[robot_state_publisher-2] [INFO] [1790672630.224010094] [robot_state_publisher]: got segment FR_foot
[robot_state_publisher-2] [INFO] [1790672630.224017454] [robot_state_publisher]: got segment FR_hip
[robot_state_publisher-2] [INFO] [1790672630.224025006] [robot_state_publisher]: got segment FR_hip_rotor
[robot_state_publisher-2] [INFO] [1790672630.224032302] [robot_state_publisher]: got segment FR_thigh
[robot_state_publisher-2] [INFO] [1790672630.224039470] [robot_state_publisher]: got segment FR_thigh_rotor
[robot_state_publisher-2] [INFO] [1790672630.224046798] [robot_state_publisher]: got segment RL_calf
[robot_state_publisher-2] [INFO] [1790672630.224054445] [robot_state_publisher]: got segment RL_calf_rotor
[robot_state_publisher-2] [INFO] [1790672630.224061965] [robot_state_publisher]: got segment RL_foot
[robot_state_publisher-2] [INFO] [1790672630.224069197] [robot_state_publisher]: got segment RL_hip
[robot_state_publisher-2] [INFO] [1790672630.224076781] [robot_state_publisher]: got segment RL_hip_rotor
[robot_state_publisher-2] [INFO] [1790672630.224083981] [robot_state_publisher]: got segment RL_thigh
[robot_state_publisher-2] [INFO] [1790672630.224091149] [robot_state_publisher]: got segment RL_thigh_rotor
[robot_state_publisher-2] [INFO] [1790672630.224098093] [robot_state_publisher]: got segment RR_calf
[robot_state_publisher-2] [INFO] [1790672630.224105324] [robot_state_publisher]: got segment RR_calf_rotor
[robot_state_publisher-2] [INFO] [1790672630.224112748] [robot_state_publisher]: got segment RR_foot
[robot_state_publisher-2] [INFO] [1790672630.224119884] [robot_state_publisher]: got segment RR_hip
[robot_state_publisher-2] [INFO] [1790672630.224126860] [robot_state_publisher]: got segment RR_hip_rotor
[robot_state_publisher-2] [INFO] [1790672630.224134060] [robot_state_publisher]: got segment RR_thigh
[robot_state_publisher-2] [INFO] [1790672630.224140908] [robot_state_publisher]: got segment RR_thigh_rotor
[robot_state_publisher-2] [INFO] [1790672630.224147788] [robot_state_publisher]: got segment base
[robot_state_publisher-2] [INFO] [1790672630.224154667] [robot_state_publisher]: got segment front_camera
[robot_state_publisher-2] [INFO] [1790672630.224161643] [robot_state_publisher]: got segment imu_link
[robot_state_publisher-2] [INFO] [1790672630.224168715] [robot_state_publisher]: got segment trunk
[go2-stance-gait-controller-1] [0;93m2026-09-29 11:03:51.014450222 [W:onnxruntime:Default, device_discovery.cc:164 DiscoverDevicesForPlatform] GPU device discovery failed: device_discovery.cc:89 ReadFileContents Failed to open file: "/sys/class/drm/card1/device/vendor"[m
[go2-stance-gait-controller-1] [INFO] [1790672631.082879712] [go2_stance_gait_controller]: Go2 closed-loop stance: 12 effort joints at 250.0 Hz; controller ONNX velocity policy
[mujoco_spawner-3] [INFO] [1790672632.329575303] [mujoco_spawner]: MuJoCo: 18 collision proxy geom(s) moved to group 3 (viewer Rendering tab to show them).
[mujoco_spawner-3] [INFO] [1790672632.375260551] [mujoco_spawner]: MuJoCo URDF import OK (all meshes staged).
[mujoco_spawner-3] [WARN] [1790672632.385283899] [mujoco_spawner]: MuJoCo effort plant: no MJCF beside /home/molar1/bumperbot_ws/install/robot_lab_robots/share/robot_lab_robots/unitree/go2_description/xacro/go2_sim.xacro names every effort joint; keeping the URDF <dynamics> (damping=5.0 is a Gazebo stabiliser the robot does not have).
[mujoco_spawner-3] [INFO] [1790672632.428707433] [mujoco_spawner]: MuJoCo physics timestep: 0.0010 s
[mujoco_spawner-3] [INFO] [1790672632.430146091] [mujoco_spawner]: Robot has no 'oakd_rgb_camera_frame' link; no RGB-D camera is published.
[mujoco_spawner-3] [INFO] [1790672632.430982458] [mujoco_spawner]: Joints: ['FR_hip_joint', 'FR_thigh_joint', 'FR_calf_joint', 'FL_hip_joint', 'FL_thigh_joint', 'FL_calf_joint', 'RR_hip_joint', 'RR_thigh_joint', 'RR_calf_joint', 'RL_hip_joint', 'RL_thigh_joint', 'RL_calf_joint']   lw= rw=
[mujoco_spawner-3] [INFO] [1790672632.432822677] [mujoco_spawner]: MuJoCo effort joint armature: 0.0100 kg m^2
[mujoco_spawner-3] [INFO] [1790672632.434100027] [mujoco_spawner]: Joint effort input: /go2_group_effort_controller/commands (12 joints, URDF limits)
[mujoco_spawner-3] [INFO] [1790672632.435592701] [mujoco_spawner]: Spawn ground clearance: raised root by 0.2050 m
[mujoco_spawner-3] [INFO] [1790672632.436375725] [mujoco_spawner]: MuJoCo model loaded: 14 bodies, 13 joints
[mujoco_spawner-3] [INFO] [1790672632.436910210] [mujoco_spawner]: MuJoCo gui param=False (resolved=False), DISPLAY=:1 -> mode=DIRECT
[mujoco_spawner-3] [INFO] [1790672632.437410616] [mujoco_spawner]: MuJoCo running headless (gui=False, viewer=True).
[mujoco_spawner-3] [INFO] [1790672632.444778882] [mujoco_spawner]: MuJoCo spawner running.
[go2-stance-gait-controller-1] [INFO] [1790672632.445305399] [go2_stance_gait_controller]: Go2 recovery idle
[INFO] [simulator_ready_gate-10]: process has finished cleanly [pid 719586]
[INFO] [amcl-12]: process started with pid [719815]
[INFO] [map_server-11]: process started with pid [719813]
[INFO] [lifecycle_manager-13]: process started with pid [719817]
[INFO] [ekf_node-14]: process started with pid [719819]
[INFO] [imu_republisher.py-15]: process started with pid [719821]
[INFO] [wheel_imu_fusion-16]: process started with pid [719823]
[amcl-12] [0m[INFO] [1790672632.867385685] [amcl]: 
[amcl-12] 	amcl lifecycle node launched. 
[amcl-12] 	Waiting on external lifecycle transitions to activate
[amcl-12] 	See https://design.ros2.org/articles/node_lifecycle.html for more information.[0m
[amcl-12] [0m[INFO] [1790672632.869665959] [amcl]: Creating[0m
[lifecycle_manager-13] [INFO] [1790672632.882324966] [lifecycle_manager_localization]: Creating
[map_server-11] [INFO] [1790672632.890105000] [map_server]: 
[map_server-11] 	map_server lifecycle node launched. 
[map_server-11] 	Waiting on external lifecycle transitions to activate
[map_server-11] 	See https://design.ros2.org/articles/node_lifecycle.html for more information.
[map_server-11] [INFO] [1790672632.893945562] [map_server]: Creating
[lifecycle_manager-13] [INFO] [1790672632.897710541] [lifecycle_manager_localization]: [34m[1mCreating and initializing lifecycle service clients[0m[0m
[lifecycle_manager-13] [INFO] [1790672632.923764860] [lifecycle_manager_localization]: [34m[1mStarting managed nodes bringup...[0m[0m
[lifecycle_manager-13] [INFO] [1790672632.923863098] [lifecycle_manager_localization]: [34m[1mConfiguring map_server[0m[0m
[map_server-11] [INFO] [1790672632.951070865] [map_server]: Configuring
[map_server-11] [INFO] [1790672632.951214030] [map_io]: Loading yaml file: /home/molar1/bumperbot_ws/install/robot_lab_maps/share/robot_lab_maps/maps/nav_empty/maps/map.yaml
[map_server-11] [INFO] [1790672632.951622181] [map_io]: resolution: 0.05
[map_server-11] [INFO] [1790672632.951639333] [map_io]: origin[0]: -7
[map_server-11] [INFO] [1790672632.951645221] [map_io]: origin[1]: -7
[map_server-11] [INFO] [1790672632.951649957] [map_io]: origin[2]: 0
[map_server-11] [INFO] [1790672632.951654757] [map_io]: free_thresh: 0.196
[map_server-11] [INFO] [1790672632.951659525] [map_io]: occupied_thresh: 0.65
[map_server-11] [INFO] [1790672632.951665253] [map_io]: mode: trinary
[map_server-11] [INFO] [1790672632.951671972] [map_io]: negate: 0
[map_server-11] [INFO] [1790672632.951979486] [map_io]: Loading image_file: /home/molar1/bumperbot_ws/install/robot_lab_maps/share/robot_lab_maps/maps/nav_empty/maps/map.pgm
[map_server-11] [INFO] [1790672632.962927968] [map_io]: Read map /home/molar1/bumperbot_ws/install/robot_lab_maps/share/robot_lab_maps/maps/nav_empty/maps/map.pgm: 280 X 280 map @ 0.05 m/cell
[lifecycle_manager-13] [INFO] [1790672632.973241262] [lifecycle_manager_localization]: [34m[1mConfiguring amcl[0m[0m
[amcl-12] [0m[INFO] [1790672632.974708208] [amcl]: Configuring[0m
[amcl-12] [0m[INFO] [1790672632.974876909] [amcl]: initTransforms[0m
[amcl-12] [0m[INFO] [1790672632.986732252] [amcl]: initPubSub[0m
[amcl-12] [0m[INFO] [1790672632.998360944] [amcl]: Subscribed to map topic.[0m
[lifecycle_manager-13] [INFO] [1790672633.003000017] [lifecycle_manager_localization]: [34m[1mActivating map_server[0m[0m
[map_server-11] [INFO] [1790672633.003319243] [map_server]: Activating
[map_server-11] [INFO] [1790672633.003637540] [map_server]: Creating bond (map_server) to lifecycle manager.
[amcl-12] [0m[INFO] [1790672633.003797505] [amcl]: Received a 280 X 280 map @ 0.050 m/pix[0m
[lifecycle_manager-13] [INFO] [1790672633.107429287] [lifecycle_manager_localization]: Server map_server connected with bond.
[lifecycle_manager-13] [INFO] [1790672633.107523653] [lifecycle_manager_localization]: [34m[1mActivating amcl[0m[0m
[amcl-12] [0m[INFO] [1790672633.107861150] [amcl]: Activating[0m
[amcl-12] [0m[INFO] [1790672633.107966428] [amcl]: initialPoseReceived[0m
[amcl-12] [0m[INFO] [1790672633.108213175] [amcl]: Setting pose (0.576000): -0.500 -0.500 0.000[0m
[amcl-12] [0m[INFO] [1790672633.108800939] [amcl]: Creating bond (amcl) to lifecycle manager.[0m
[amcl-12] [0m[INFO] [1790672633.191434044] [amcl]: createLaserObject[0m
[lifecycle_manager-13] [INFO] [1790672633.211931195] [lifecycle_manager_localization]: Server amcl connected with bond.
[lifecycle_manager-13] [INFO] [1790672633.212022137] [lifecycle_manager_localization]: [34m[1mManaged nodes are active[0m[0m
[lifecycle_manager-13] [INFO] [1790672633.212046713] [lifecycle_manager_localization]: [34m[1mCreating bond timer...[0m[0m
[wheel_imu_fusion-16] [INFO] [1790672633.565829315] [sensor_fusion_wheel_imu_fusion]: wheel_imu_fusion ready
[go2-stance-gait-controller-1] [WARN] [1790672636.934778416] [go2_stance_gait_controller]: Go2 safety warn: tilt 0.35 rad exceeds warn threshold
[go2-stance-gait-controller-1] [WARN] [1790672637.222529464] [go2_stance_gait_controller]: Go2 safety safe_stop: tilt 0.71 rad exceeds fall threshold
[go2-stance-gait-controller-1] [INFO] [1790672637.345938444] [go2_stance_gait_controller]: Go2 recovery attempting:roll
[go2-stance-gait-controller-1] [INFO] [1790672638.048154637] [go2_stance_gait_controller]: Go2 recovery unrecoverable:roll
[amcl-12] [0m[INFO] [1790672657.160516456] [rclcpp]: signal_handler(SIGINT/SIGTERM)[0m
[amcl-12] [0m[INFO] [1790672657.160688644] [amcl]: Running Nav2 LifecycleNode rcl preshutdown (amcl)[0m
[amcl-12] [0m[INFO] [1790672657.160820161] [amcl]: Deactivating[0m
[amcl-12] [0m[INFO] [1790672657.160889280] [amcl]: Destroying bond (amcl) to lifecycle manager.[0m
[lifecycle_manager-13] [INFO] [1790672657.160490472] [rclcpp]: signal_handler(SIGINT/SIGTERM)
[lifecycle_manager-13] [INFO] [1790672657.160688900] [lifecycle_manager_localization]: Running Nav2 LifecycleManager rcl preshutdown (lifecycle_manager_localization)
[lifecycle_manager-13] [INFO] [1790672657.160781154] [lifecycle_manager_localization]: [34m[1mTerminating bond timer...[0m[0m
[ekf_node-14] [INFO] [1790672657.160492552] [rclcpp]: signal_handler(SIGINT/SIGTERM)
[robot_state_publisher-2] [INFO] [1790672657.160612838] [rclcpp]: signal_handler(SIGINT/SIGTERM)
[twist_relay-9] [INFO] [1790672657.160608134] [rclcpp]: signal_handler(SIGINT/SIGTERM)
[joy_node-5] [INFO] [1790672657.160628709] [rclcpp]: signal_handler(SIGINT/SIGTERM)
[twist_marker-7] [INFO] [1790672657.160852993] [rclcpp]: signal_handler(SIGINT/SIGTERM)
[twist_mux-6] [INFO] [1790672657.161486132] [rclcpp]: signal_handler(SIGINT/SIGTERM)
[map_server-11] [INFO] [1790672657.161625489] [rclcpp]: signal_handler(SIGINT/SIGTERM)
[map_server-11] [INFO] [1790672657.161794350] [map_server]: Running Nav2 LifecycleNode rcl preshutdown (map_server)
[map_server-11] [INFO] [1790672657.161922251] [map_server]: Deactivating
[map_server-11] [INFO] [1790672657.161960522] [map_server]: Destroying bond (map_server) to lifecycle manager.
[amcl-12] [0m[INFO] [1790672657.171340364] [amcl]: Cleaning up[0m
[map_server-11] [INFO] [1790672657.172591634] [map_server]: Cleaning up
[map_server-11] [INFO] [1790672657.172737999] [map_server]: Destroying bond (map_server) to lifecycle manager.
[amcl-12] [0m[INFO] [1790672657.180984008] [amcl]: Destroying bond (amcl) to lifecycle manager.[0m
[joy_teleop-4] Traceback (most recent call last):
[joy_teleop-4]   File "/opt/ros/humble/lib/joy_teleop/joy_teleop", line 33, in <module>
[joy_teleop-4]     sys.exit(load_entry_point('joy-teleop==1.6.0', 'console_scripts', 'joy_teleop')())
[joy_teleop-4]   File "/opt/ros/humble/lib/python3.10/site-packages/joy_teleop/joy_teleop.py", line 435, in main
[joy_teleop-4]     rclpy.spin(node)
[joy_teleop-4]   File "/opt/ros/humble/local/lib/python3.10/dist-packages/rclpy/__init__.py", line 229, in spin
[joy_teleop-4]     executor.spin_once()
[joy_teleop-4]   File "/opt/ros/humble/local/lib/python3.10/dist-packages/rclpy/executors.py", line 812, in spin_once
[joy_teleop-4]     self._spin_once_impl(timeout_sec)
[joy_teleop-4]   File "/opt/ros/humble/local/lib/python3.10/dist-packages/rclpy/executors.py", line 801, in _spin_once_impl
[joy_teleop-4]     handler, entity, node = self.wait_for_ready_callbacks(timeout_sec=timeout_sec)
[joy_teleop-4]   File "/opt/ros/humble/local/lib/python3.10/dist-packages/rclpy/executors.py", line 784, in wait_for_ready_callbacks
[joy_teleop-4]     return next(self._cb_iter)
[joy_teleop-4]   File "/opt/ros/humble/local/lib/python3.10/dist-packages/rclpy/executors.py", line 685, in _wait_for_ready_callbacks
[joy_teleop-4]     raise ExternalShutdownException()
[joy_teleop-4] rclpy.executors.ExternalShutdownException
[joystick_relay.py-8] Traceback (most recent call last):
[joystick_relay.py-8]   File "/opt/ros/humble/lib/twist_mux/joystick_relay.py", line 302, in <module>
[joystick_relay.py-8]     main()
[joystick_relay.py-8]   File "/opt/ros/humble/lib/twist_mux/joystick_relay.py", line 293, in main
[joystick_relay.py-8]     rclpy.spin(node)
[joystick_relay.py-8]   File "/opt/ros/humble/local/lib/python3.10/dist-packages/rclpy/__init__.py", line 229, in spin
[joystick_relay.py-8]     executor.spin_once()
[joystick_relay.py-8]   File "/opt/ros/humble/local/lib/python3.10/dist-packages/rclpy/executors.py", line 812, in spin_once
[joystick_relay.py-8]     self._spin_once_impl(timeout_sec)
[joystick_relay.py-8]   File "/opt/ros/humble/local/lib/python3.10/dist-packages/rclpy/executors.py", line 801, in _spin_once_impl
[joystick_relay.py-8]     handler, entity, node = self.wait_for_ready_callbacks(timeout_sec=timeout_sec)
[joystick_relay.py-8]   File "/opt/ros/humble/local/lib/python3.10/dist-packages/rclpy/executors.py", line 784, in wait_for_ready_callbacks
[joystick_relay.py-8]     return next(self._cb_iter)
[joystick_relay.py-8]   File "/opt/ros/humble/local/lib/python3.10/dist-packages/rclpy/executors.py", line 657, in _wait_for_ready_callbacks
[joystick_relay.py-8]     wait_set = _rclpy.WaitSet(
[joystick_relay.py-8] rclpy._rclpy_pybind11.RCLError: failed to initialize wait set: the given context is not valid, either rcl_init() was not called or rcl_shutdown() was called., at ./src/rcl/wait.c:130
[map_server-11] [INFO] [1790672657.307119588] [map_server]: Destroying
[amcl-12] [0m[INFO] [1790672657.314194004] [amcl]: Destroying[0m
[lifecycle_manager-13] [INFO] [1790672657.314345489] [lifecycle_manager_localization]: Destroying lifecycle_manager_localization
[INFO] [robot_state_publisher-2]: process has finished cleanly [pid 719562]
[INFO] [twist_marker-7]: process has finished cleanly [pid 719572]
[INFO] [twist_mux-6]: process has finished cleanly [pid 719570]
[INFO] [twist_relay-9]: process has finished cleanly [pid 719576]
[INFO] [joy_node-5]: process has finished cleanly [pid 719568]
[INFO] [ekf_node-14]: process has finished cleanly [pid 719819]
[imu_republisher.py-15] Traceback (most recent call last):
[imu_republisher.py-15]   File "/home/molar1/bumperbot_ws/install/robot_lab_localization/lib/robot_lab_localization/imu_republisher.py", line 54, in <module>
[imu_republisher.py-15]     main()
[imu_republisher.py-15]   File "/home/molar1/bumperbot_ws/install/robot_lab_localization/lib/robot_lab_localization/imu_republisher.py", line 45, in main
[imu_republisher.py-15]     rclpy.spin(node)
[imu_republisher.py-15]   File "/opt/ros/humble/local/lib/python3.10/dist-packages/rclpy/__init__.py", line 229, in spin
[imu_republisher.py-15]     executor.spin_once()
[imu_republisher.py-15]   File "/opt/ros/humble/local/lib/python3.10/dist-packages/rclpy/executors.py", line 812, in spin_once
[imu_republisher.py-15]     self._spin_once_impl(timeout_sec)
[imu_republisher.py-15]   File "/opt/ros/humble/local/lib/python3.10/dist-packages/rclpy/executors.py", line 801, in _spin_once_impl
[imu_republisher.py-15]     handler, entity, node = self.wait_for_ready_callbacks(timeout_sec=timeout_sec)
[imu_republisher.py-15]   File "/opt/ros/humble/local/lib/python3.10/dist-packages/rclpy/executors.py", line 784, in wait_for_ready_callbacks
[imu_republisher.py-15]     return next(self._cb_iter)
[imu_republisher.py-15]   File "/opt/ros/humble/local/lib/python3.10/dist-packages/rclpy/executors.py", line 657, in _wait_for_ready_callbacks
[imu_republisher.py-15]     wait_set = _rclpy.WaitSet(
[imu_republisher.py-15] rclpy._rclpy_pybind11.RCLError: failed to initialize wait set: the given context is not valid, either rcl_init() was not called or rcl_shutdown() was called., at ./src/rcl/wait.c:130
[INFO] [wheel_imu_fusion-16]: process has finished cleanly [pid 719823]
[INFO] [lifecycle_manager-13]: process has finished cleanly [pid 719817]
[INFO] [map_server-11]: process has finished cleanly [pid 719813]
[INFO] [amcl-12]: process has finished cleanly [pid 719815]
[INFO] [go2-stance-gait-controller-1]: process has finished cleanly [pid 719560]
[INFO] [mujoco_spawner-3]: process has finished cleanly [pid 719564]
[ERROR] [imu_republisher.py-15]: process has died [pid 719821, exit code 1, cmd '/home/molar1/bumperbot_ws/install/robot_lab_localization/lib/robot_lab_localization/imu_republisher.py --ros-args --params-file /workspace/molar/.tmp/launch_params_jwvk_k03'].
[ERROR] [joy_teleop-4]: process has died [pid 719566, exit code 1, cmd '/opt/ros/humble/lib/joy_teleop/joy_teleop --ros-args --params-file /home/molar1/bumperbot_ws/install/robot_lab_controller/share/robot_lab_controller/config/joy_teleop.yaml --params-file /workspace/molar/.tmp/launch_params_d6grg6ec'].
[ERROR] [joystick_relay.py-8]: process has died [pid 719574, exit code 1, cmd '/opt/ros/humble/lib/twist_mux/joystick_relay.py --ros-args --params-file /workspace/molar/.tmp/launch_params_ainr6av7 --params-file /home/molar1/bumperbot_ws/install/robot_lab_controller/share/robot_lab_controller/config/twist_mux_joy.yaml -r joy_vel_in:=input_joy/cmd_vel -r joy_vel_out:=joy_vel'].
