[INFO] [launch]: All log files can be found below /home/molar1/.ros/log/2026-09-28-11-44-40-264356-molar1-125693
[INFO] [launch]: Default logging verbosity is set to INFO
[robot_lab] algorithm localization=amcl -> global_localization stack
[robot_lab] algorithm state_estimation=ekf_localization_node -> local_localization stack
[robot_lab] algorithm sensor_fusion=wheel_imu_fusion -> node robot_lab_algorithms/wheel_imu_fusion
[INFO] [go2-stance-gait-controller-1]: process started with pid [125735]
[INFO] [robot_state_publisher-2]: process started with pid [125737]
[INFO] [mujoco_spawner-3]: process started with pid [125739]
[INFO] [joy_teleop-4]: process started with pid [125741]
[INFO] [joy_node-5]: process started with pid [125743]
[INFO] [twist_mux-6]: process started with pid [125745]
[INFO] [twist_marker-7]: process started with pid [125747]
[INFO] [joystick_relay.py-8]: process started with pid [125749]
[INFO] [twist_relay-9]: process started with pid [125751]
[INFO] [simulator_ready_gate-10]: process started with pid [125755]
[twist_mux-6] [INFO] [1790588681.174946637] [twist_mux]: Topic handler 'topics.joystick' subscribed to topic 'joy_vel': timeout = 0.500000s , priority = 99.
[twist_mux-6] [INFO] [1790588681.176169091] [twist_mux]: Topic handler 'topics.keyboard' subscribed to topic 'key_vel': timeout = 0.500000s , priority = 90.
[twist_mux-6] [INFO] [1790588681.176992466] [twist_mux]: Topic handler 'topics.navigation' subscribed to topic 'cmd_vel': timeout = 0.500000s , priority = 80.
[twist_mux-6] [INFO] [1790588681.177705055] [twist_mux]: Topic handler 'locks.safety_stop' subscribed to topic 'safety_stop': timeout = None , priority = 255.
[robot_state_publisher-2] [INFO] [1790588681.180445170] [robot_state_publisher]: got segment FL_calf
[robot_state_publisher-2] [INFO] [1790588681.181500197] [robot_state_publisher]: got segment FL_calf_rotor
[robot_state_publisher-2] [INFO] [1790588681.182393621] [robot_state_publisher]: got segment FL_foot
[robot_state_publisher-2] [INFO] [1790588681.183110178] [robot_state_publisher]: got segment FL_hip
[robot_state_publisher-2] [INFO] [1790588681.183856848] [robot_state_publisher]: got segment FL_hip_rotor
[robot_state_publisher-2] [INFO] [1790588681.184523228] [robot_state_publisher]: got segment FL_thigh
[robot_state_publisher-2] [INFO] [1790588681.185186824] [robot_state_publisher]: got segment FL_thigh_rotor
[robot_state_publisher-2] [INFO] [1790588681.185812244] [robot_state_publisher]: got segment FR_calf
[robot_state_publisher-2] [INFO] [1790588681.186470240] [robot_state_publisher]: got segment FR_calf_rotor
[robot_state_publisher-2] [INFO] [1790588681.187061035] [robot_state_publisher]: got segment FR_foot
[robot_state_publisher-2] [INFO] [1790588681.187642453] [robot_state_publisher]: got segment FR_hip
[robot_state_publisher-2] [INFO] [1790588681.188227072] [robot_state_publisher]: got segment FR_hip_rotor
[robot_state_publisher-2] [INFO] [1790588681.188847948] [robot_state_publisher]: got segment FR_thigh
[robot_state_publisher-2] [INFO] [1790588681.189469239] [robot_state_publisher]: got segment FR_thigh_rotor
[robot_state_publisher-2] [INFO] [1790588681.189495159] [robot_state_publisher]: got segment RL_calf
[robot_state_publisher-2] [INFO] [1790588681.189508216] [robot_state_publisher]: got segment RL_calf_rotor
[robot_state_publisher-2] [INFO] [1790588681.189516856] [robot_state_publisher]: got segment RL_foot
[robot_state_publisher-2] [INFO] [1790588681.189524696] [robot_state_publisher]: got segment RL_hip
[robot_state_publisher-2] [INFO] [1790588681.189532600] [robot_state_publisher]: got segment RL_hip_rotor
[robot_state_publisher-2] [INFO] [1790588681.189540216] [robot_state_publisher]: got segment RL_thigh
[robot_state_publisher-2] [INFO] [1790588681.189547384] [robot_state_publisher]: got segment RL_thigh_rotor
[robot_state_publisher-2] [INFO] [1790588681.189555064] [robot_state_publisher]: got segment RR_calf
[robot_state_publisher-2] [INFO] [1790588681.189562233] [robot_state_publisher]: got segment RR_calf_rotor
[robot_state_publisher-2] [INFO] [1790588681.189571257] [robot_state_publisher]: got segment RR_foot
[robot_state_publisher-2] [INFO] [1790588681.189578457] [robot_state_publisher]: got segment RR_hip
[robot_state_publisher-2] [INFO] [1790588681.189585881] [robot_state_publisher]: got segment RR_hip_rotor
[robot_state_publisher-2] [INFO] [1790588681.189593273] [robot_state_publisher]: got segment RR_thigh
[robot_state_publisher-2] [INFO] [1790588681.189600313] [robot_state_publisher]: got segment RR_thigh_rotor
[robot_state_publisher-2] [INFO] [1790588681.189608057] [robot_state_publisher]: got segment base
[robot_state_publisher-2] [INFO] [1790588681.189615674] [robot_state_publisher]: got segment front_camera
[robot_state_publisher-2] [INFO] [1790588681.189622554] [robot_state_publisher]: got segment imu_link
[robot_state_publisher-2] [INFO] [1790588681.189631546] [robot_state_publisher]: got segment trunk
[go2-stance-gait-controller-1] [0;93m2026-09-28 11:44:41.855504859 [W:onnxruntime:Default, device_discovery.cc:164 DiscoverDevicesForPlatform] GPU device discovery failed: device_discovery.cc:89 ReadFileContents Failed to open file: "/sys/class/drm/card1/device/vendor"[m
[go2-stance-gait-controller-1] [INFO] [1790588681.936085055] [go2_stance_gait_controller]: Go2 closed-loop stance: 12 effort joints at 250.0 Hz; controller ONNX velocity policy
[mujoco_spawner-3] [INFO] [1790588683.142836402] [mujoco_spawner]: MuJoCo: 18 collision proxy geom(s) moved to group 3 (viewer Rendering tab to show them).
[mujoco_spawner-3] [INFO] [1790588683.196709226] [mujoco_spawner]: MuJoCo URDF import OK (all meshes staged).
[mujoco_spawner-3] [WARN] [1790588683.209823737] [mujoco_spawner]: MuJoCo effort plant: no MJCF beside /home/molar1/bumperbot_ws/install/robot_lab_robots/share/robot_lab_robots/unitree/go2_description/xacro/go2_sim.xacro names every effort joint; keeping the URDF <dynamics> (damping=5.0 is a Gazebo stabiliser the robot does not have).
[mujoco_spawner-3] [INFO] [1790588683.261283813] [mujoco_spawner]: MuJoCo physics timestep: 0.0010 s
[mujoco_spawner-3] [INFO] [1790588683.263585903] [mujoco_spawner]: Robot has no 'oakd_rgb_camera_frame' link; no RGB-D camera is published.
[mujoco_spawner-3] [INFO] [1790588683.264878311] [mujoco_spawner]: Joints: ['FR_hip_joint', 'FR_thigh_joint', 'FR_calf_joint', 'FL_hip_joint', 'FL_thigh_joint', 'FL_calf_joint', 'RR_hip_joint', 'RR_thigh_joint', 'RR_calf_joint', 'RL_hip_joint', 'RL_thigh_joint', 'RL_calf_joint']   lw= rw=
[mujoco_spawner-3] [INFO] [1790588683.267228210] [mujoco_spawner]: MuJoCo effort joint armature: 0.0100 kg m^2
[mujoco_spawner-3] [INFO] [1790588683.268788782] [mujoco_spawner]: Joint effort input: /go2_group_effort_controller/commands (12 joints, URDF limits)
[mujoco_spawner-3] [INFO] [1790588683.271079640] [mujoco_spawner]: Spawn ground clearance: raised root by 0.0838 m
[mujoco_spawner-3] [INFO] [1790588683.272185004] [mujoco_spawner]: MuJoCo model loaded: 14 bodies, 13 joints
[mujoco_spawner-3] [INFO] [1790588683.272965051] [mujoco_spawner]: MuJoCo gui param=False (resolved=False), DISPLAY=:1 -> mode=DIRECT
[mujoco_spawner-3] [INFO] [1790588683.273697384] [mujoco_spawner]: MuJoCo running headless (gui=False, viewer=True).
[mujoco_spawner-3] [INFO] [1790588683.277353995] [mujoco_spawner]: MuJoCo spawner running.
[go2-stance-gait-controller-1] [WARN] [1790588683.279250541] [go2_stance_gait_controller]: Go2 safety safe_stop: tilt 1.40 rad exceeds fall threshold
[go2-stance-gait-controller-1] [INFO] [1790588683.280276256] [go2_stance_gait_controller]: Go2 recovery idle
[go2-stance-gait-controller-1] [INFO] [1790588683.403963059] [go2_stance_gait_controller]: Go2 recovery attempting:tuck
[INFO] [simulator_ready_gate-10]: process has finished cleanly [pid 125755]
[INFO] [amcl-12]: process started with pid [125980]
[INFO] [map_server-11]: process started with pid [125978]
[INFO] [lifecycle_manager-13]: process started with pid [125982]
[INFO] [ekf_node-14]: process started with pid [125984]
[INFO] [imu_republisher.py-15]: process started with pid [125986]
[INFO] [wheel_imu_fusion-16]: process started with pid [125988]
[lifecycle_manager-13] [INFO] [1790588683.688653634] [lifecycle_manager_localization]: Creating
[amcl-12] [0m[INFO] [1790588683.696267437] [amcl]: 
[amcl-12] 	amcl lifecycle node launched. 
[amcl-12] 	Waiting on external lifecycle transitions to activate
[amcl-12] 	See https://design.ros2.org/articles/node_lifecycle.html for more information.[0m
[amcl-12] [0m[INFO] [1790588683.699757549] [amcl]: Creating[0m
[map_server-11] [INFO] [1790588683.702522528] [map_server]: 
[map_server-11] 	map_server lifecycle node launched. 
[map_server-11] 	Waiting on external lifecycle transitions to activate
[map_server-11] 	See https://design.ros2.org/articles/node_lifecycle.html for more information.
[map_server-11] [INFO] [1790588683.702776260] [map_server]: Creating
[lifecycle_manager-13] [INFO] [1790588683.704453699] [lifecycle_manager_localization]: [34m[1mCreating and initializing lifecycle service clients[0m[0m
[go2-stance-gait-controller-1] [INFO] [1790588683.804553735] [go2_stance_gait_controller]: Go2 recovery attempting:roll
[lifecycle_manager-13] [INFO] [1790588683.810547317] [lifecycle_manager_localization]: [34m[1mStarting managed nodes bringup...[0m[0m
[lifecycle_manager-13] [INFO] [1790588683.813955699] [lifecycle_manager_localization]: [34m[1mConfiguring map_server[0m[0m
[map_server-11] [INFO] [1790588683.814426651] [map_server]: Configuring
[map_server-11] [INFO] [1790588683.814563710] [map_io]: Loading yaml file: /home/molar1/bumperbot_ws/install/robot_lab_maps/share/robot_lab_maps/maps/nav_empty/maps/map.yaml
[map_server-11] [INFO] [1790588683.814991430] [map_io]: resolution: 0.05
[map_server-11] [INFO] [1790588683.815014118] [map_io]: origin[0]: -7
[map_server-11] [INFO] [1790588683.815020038] [map_io]: origin[1]: -7
[map_server-11] [INFO] [1790588683.815024486] [map_io]: origin[2]: 0
[map_server-11] [INFO] [1790588683.815029318] [map_io]: free_thresh: 0.196
[map_server-11] [INFO] [1790588683.815034023] [map_io]: occupied_thresh: 0.65
[map_server-11] [INFO] [1790588683.815040231] [map_io]: mode: trinary
[map_server-11] [INFO] [1790588683.815046791] [map_io]: negate: 0
[map_server-11] [INFO] [1790588683.815353676] [map_io]: Loading image_file: /home/molar1/bumperbot_ws/install/robot_lab_maps/share/robot_lab_maps/maps/nav_empty/maps/map.pgm
[map_server-11] [INFO] [1790588683.827692206] [map_io]: Read map /home/molar1/bumperbot_ws/install/robot_lab_maps/share/robot_lab_maps/maps/nav_empty/maps/map.pgm: 280 X 280 map @ 0.05 m/cell
[lifecycle_manager-13] [INFO] [1790588683.840020175] [lifecycle_manager_localization]: [34m[1mConfiguring amcl[0m[0m
[amcl-12] [0m[INFO] [1790588683.840396086] [amcl]: Configuring[0m
[amcl-12] [0m[INFO] [1790588683.840563801] [amcl]: initTransforms[0m
[amcl-12] [0m[INFO] [1790588683.851910792] [amcl]: initPubSub[0m
[amcl-12] [0m[INFO] [1790588683.859199597] [amcl]: Subscribed to map topic.[0m
[lifecycle_manager-13] [INFO] [1790588683.866835289] [lifecycle_manager_localization]: [34m[1mActivating map_server[0m[0m
[map_server-11] [INFO] [1790588683.867123070] [map_server]: Activating
[map_server-11] [INFO] [1790588683.867425795] [map_server]: Creating bond (map_server) to lifecycle manager.
[amcl-12] [0m[INFO] [1790588683.867672936] [amcl]: Received a 280 X 280 map @ 0.050 m/pix[0m
[lifecycle_manager-13] [INFO] [1790588683.978378958] [lifecycle_manager_localization]: Server map_server connected with bond.
[lifecycle_manager-13] [INFO] [1790588683.978463695] [lifecycle_manager_localization]: [34m[1mActivating amcl[0m[0m
[amcl-12] [0m[INFO] [1790588683.980225487] [amcl]: Activating[0m
[amcl-12] [0m[INFO] [1790588683.980329265] [amcl]: initialPoseReceived[0m
[amcl-12] [0m[INFO] [1790588683.980385138] [amcl]: Setting pose (0.568000): -0.500 -0.500 0.000[0m
[amcl-12] [0m[INFO] [1790588683.980929788] [amcl]: Creating bond (amcl) to lifecycle manager.[0m
[amcl-12] [0m[INFO] [1790588684.063788740] [amcl]: createLaserObject[0m
[lifecycle_manager-13] [INFO] [1790588684.086079291] [lifecycle_manager_localization]: Server amcl connected with bond.
[lifecycle_manager-13] [INFO] [1790588684.086169308] [lifecycle_manager_localization]: [34m[1mManaged nodes are active[0m[0m
[lifecycle_manager-13] [INFO] [1790588684.086193565] [lifecycle_manager_localization]: [34m[1mCreating bond timer...[0m[0m
[wheel_imu_fusion-16] [INFO] [1790588684.398597407] [sensor_fusion_wheel_imu_fusion]: wheel_imu_fusion ready
[go2-stance-gait-controller-1] [INFO] [1790588684.505996197] [go2_stance_gait_controller]: Go2 recovery unrecoverable:roll
[lifecycle_manager-13] [INFO] [1790588706.857704295] [rclcpp]: signal_handler(SIGINT/SIGTERM)
[lifecycle_manager-13] [INFO] [1790588706.857863465] [lifecycle_manager_localization]: Running Nav2 LifecycleManager rcl preshutdown (lifecycle_manager_localization)
[lifecycle_manager-13] [INFO] [1790588706.857936523] [lifecycle_manager_localization]: [34m[1mTerminating bond timer...[0m[0m
[twist_relay-9] [INFO] [1790588706.857745703] [rclcpp]: signal_handler(SIGINT/SIGTERM)
[map_server-11] [INFO] [1790588706.857773992] [rclcpp]: signal_handler(SIGINT/SIGTERM)
[map_server-11] [INFO] [1790588706.858004812] [map_server]: Running Nav2 LifecycleNode rcl preshutdown (map_server)
[map_server-11] [INFO] [1790588706.858177647] [map_server]: Deactivating
[robot_state_publisher-2] [INFO] [1790588706.857775720] [rclcpp]: signal_handler(SIGINT/SIGTERM)
[ekf_node-14] [INFO] [1790588706.857746535] [rclcpp]: signal_handler(SIGINT/SIGTERM)
[amcl-12] [0m[INFO] [1790588706.858010636] [rclcpp]: signal_handler(SIGINT/SIGTERM)[0m
[amcl-12] [0m[INFO] [1790588706.858164047] [amcl]: Running Nav2 LifecycleNode rcl preshutdown (amcl)[0m
[amcl-12] [0m[INFO] [1790588706.858269265] [amcl]: Deactivating[0m
[amcl-12] [0m[INFO] [1790588706.858306193] [amcl]: Destroying bond (amcl) to lifecycle manager.[0m
[map_server-11] [INFO] [1790588706.858226544] [map_server]: Destroying bond (map_server) to lifecycle manager.
[twist_mux-6] [INFO] [1790588706.858108046] [rclcpp]: signal_handler(SIGINT/SIGTERM)
[joy_node-5] [INFO] [1790588706.858014028] [rclcpp]: signal_handler(SIGINT/SIGTERM)
[twist_marker-7] [INFO] [1790588706.858492980] [rclcpp]: signal_handler(SIGINT/SIGTERM)
[amcl-12] [0m[INFO] [1790588706.868688361] [amcl]: Cleaning up[0m
[map_server-11] [INFO] [1790588706.868893837] [map_server]: Cleaning up
[map_server-11] [INFO] [1790588706.869063376] [map_server]: Destroying bond (map_server) to lifecycle manager.
[map_server-11] [INFO] [1790588706.877062109] [map_server]: Destroying
[amcl-12] [0m[INFO] [1790588706.894864377] [amcl]: Destroying bond (amcl) to lifecycle manager.[0m
[amcl-12] [0m[INFO] [1790588706.960705383] [amcl]: Destroying[0m
[lifecycle_manager-13] [INFO] [1790588706.961833691] [lifecycle_manager_localization]: Destroying lifecycle_manager_localization
[joy_teleop-4] Traceback (most recent call last):
[joy_teleop-4]   File "/opt/ros/humble/lib/joy_teleop/joy_teleop", line 33, in <module>
[joy_teleop-4]     sys.exit(load_entry_point('joy-teleop==1.6.0', 'console_scripts', 'joy_teleop')())
[joy_teleop-4]   File "/opt/ros/humble/lib/python3.10/site-packages/joy_teleop/joy_teleop.py", line 435, in main
[joy_teleop-4]     rclpy.spin(node)
[joy_teleop-4]   File "/opt/ros/humble/local/lib/python3.10/dist-packages/rclpy/__init__.py", line 229, in spin
[joy_teleop-4]     executor.spin_once()
[joy_teleop-4]   File "/opt/ros/humble/local/lib/python3.10/dist-packages/rclpy/executors.py", line 812, in spin_once
[joy_teleop-4]     self._spin_once_impl(timeout_sec)
[joy_teleop-4]   File "/opt/ros/humble/local/lib/python3.10/dist-packages/rclpy/executors.py", line 801, in _spin_once_impl
[joy_teleop-4]     handler, entity, node = self.wait_for_ready_callbacks(timeout_sec=timeout_sec)
[joy_teleop-4]   File "/opt/ros/humble/local/lib/python3.10/dist-packages/rclpy/executors.py", line 784, in wait_for_ready_callbacks
[joy_teleop-4]     return next(self._cb_iter)
[joy_teleop-4]   File "/opt/ros/humble/local/lib/python3.10/dist-packages/rclpy/executors.py", line 685, in _wait_for_ready_callbacks
[joy_teleop-4]     raise ExternalShutdownException()
[joy_teleop-4] rclpy.executors.ExternalShutdownException
[joystick_relay.py-8] Traceback (most recent call last):
[joystick_relay.py-8]   File "/opt/ros/humble/lib/twist_mux/joystick_relay.py", line 302, in <module>
[joystick_relay.py-8]     main()
[joystick_relay.py-8]   File "/opt/ros/humble/lib/twist_mux/joystick_relay.py", line 293, in main
[joystick_relay.py-8]     rclpy.spin(node)
[joystick_relay.py-8]   File "/opt/ros/humble/local/lib/python3.10/dist-packages/rclpy/__init__.py", line 229, in spin
[joystick_relay.py-8]     executor.spin_once()
[joystick_relay.py-8]   File "/opt/ros/humble/local/lib/python3.10/dist-packages/rclpy/executors.py", line 812, in spin_once
[joystick_relay.py-8]     self._spin_once_impl(timeout_sec)
[joystick_relay.py-8]   File "/opt/ros/humble/local/lib/python3.10/dist-packages/rclpy/executors.py", line 801, in _spin_once_impl
[joystick_relay.py-8]     handler, entity, node = self.wait_for_ready_callbacks(timeout_sec=timeout_sec)
[joystick_relay.py-8]   File "/opt/ros/humble/local/lib/python3.10/dist-packages/rclpy/executors.py", line 784, in wait_for_ready_callbacks
[joystick_relay.py-8]     return next(self._cb_iter)
[joystick_relay.py-8]   File "/opt/ros/humble/local/lib/python3.10/dist-packages/rclpy/executors.py", line 657, in _wait_for_ready_callbacks
[joystick_relay.py-8]     wait_set = _rclpy.WaitSet(
[joystick_relay.py-8] rclpy._rclpy_pybind11.RCLError: failed to initialize wait set: the given context is not valid, either rcl_init() was not called or rcl_shutdown() was called., at ./src/rcl/wait.c:130
[INFO] [robot_state_publisher-2]: process has finished cleanly [pid 125737]
[INFO] [twist_marker-7]: process has finished cleanly [pid 125747]
[INFO] [twist_mux-6]: process has finished cleanly [pid 125745]
[INFO] [twist_relay-9]: process has finished cleanly [pid 125751]
[INFO] [joy_node-5]: process has finished cleanly [pid 125743]
[INFO] [ekf_node-14]: process has finished cleanly [pid 125984]
[INFO] [map_server-11]: process has finished cleanly [pid 125978]
[imu_republisher.py-15] Traceback (most recent call last):
[imu_republisher.py-15]   File "/home/molar1/bumperbot_ws/install/robot_lab_localization/lib/robot_lab_localization/imu_republisher.py", line 54, in <module>
[imu_republisher.py-15]     main()
[imu_republisher.py-15]   File "/home/molar1/bumperbot_ws/install/robot_lab_localization/lib/robot_lab_localization/imu_republisher.py", line 45, in main
[imu_republisher.py-15]     rclpy.spin(node)
[imu_republisher.py-15]   File "/opt/ros/humble/local/lib/python3.10/dist-packages/rclpy/__init__.py", line 229, in spin
[imu_republisher.py-15]     executor.spin_once()
[imu_republisher.py-15]   File "/opt/ros/humble/local/lib/python3.10/dist-packages/rclpy/executors.py", line 812, in spin_once
[imu_republisher.py-15]     self._spin_once_impl(timeout_sec)
[imu_republisher.py-15]   File "/opt/ros/humble/local/lib/python3.10/dist-packages/rclpy/executors.py", line 801, in _spin_once_impl
[imu_republisher.py-15]     handler, entity, node = self.wait_for_ready_callbacks(timeout_sec=timeout_sec)
[imu_republisher.py-15]   File "/opt/ros/humble/local/lib/python3.10/dist-packages/rclpy/executors.py", line 784, in wait_for_ready_callbacks
[imu_republisher.py-15]     return next(self._cb_iter)
[imu_republisher.py-15]   File "/opt/ros/humble/local/lib/python3.10/dist-packages/rclpy/executors.py", line 685, in _wait_for_ready_callbacks
[imu_republisher.py-15]     raise ExternalShutdownException()
[imu_republisher.py-15] rclpy.executors.ExternalShutdownException
[INFO] [wheel_imu_fusion-16]: process has finished cleanly [pid 125988]
[INFO] [lifecycle_manager-13]: process has finished cleanly [pid 125982]
[INFO] [amcl-12]: process has finished cleanly [pid 125980]
[INFO] [go2-stance-gait-controller-1]: process has finished cleanly [pid 125735]
[INFO] [mujoco_spawner-3]: process has finished cleanly [pid 125739]
[ERROR] [imu_republisher.py-15]: process has died [pid 125986, exit code 1, cmd '/home/molar1/bumperbot_ws/install/robot_lab_localization/lib/robot_lab_localization/imu_republisher.py --ros-args --params-file /workspace/molar/.tmp/launch_params_yz8s51z7'].
[ERROR] [joy_teleop-4]: process has died [pid 125741, exit code 1, cmd '/opt/ros/humble/lib/joy_teleop/joy_teleop --ros-args --params-file /home/molar1/bumperbot_ws/install/robot_lab_controller/share/robot_lab_controller/config/joy_teleop.yaml --params-file /workspace/molar/.tmp/launch_params_5uc3vmc5'].
[ERROR] [joystick_relay.py-8]: process has died [pid 125749, exit code 1, cmd '/opt/ros/humble/lib/twist_mux/joystick_relay.py --ros-args --params-file /workspace/molar/.tmp/launch_params_d_oz1g8d --params-file /home/molar1/bumperbot_ws/install/robot_lab_controller/share/robot_lab_controller/config/twist_mux_joy.yaml -r joy_vel_out:=joy_vel -r joy_vel_in:=input_joy/cmd_vel'].
