[INFO] [launch]: All log files can be found below /home/molar1/.ros/log/2026-09-25-16-54-40-252713-molar1-1505418
[INFO] [launch]: Default logging verbosity is set to INFO
[robot_lab] algorithm localization=amcl -> global_localization stack
[robot_lab] algorithm state_estimation=ekf_localization_node -> local_localization stack
[robot_lab] algorithm sensor_fusion=wheel_imu_fusion -> node robot_lab_algorithms/wheel_imu_fusion
[INFO] [go2-stance-gait-controller-1]: process started with pid [1505457]
[INFO] [robot_state_publisher-2]: process started with pid [1505459]
[INFO] [mujoco_spawner-3]: process started with pid [1505461]
[INFO] [joy_teleop-4]: process started with pid [1505463]
[INFO] [joy_node-5]: process started with pid [1505465]
[INFO] [twist_mux-6]: process started with pid [1505467]
[INFO] [twist_marker-7]: process started with pid [1505469]
[INFO] [joystick_relay.py-8]: process started with pid [1505471]
[INFO] [twist_relay-9]: process started with pid [1505473]
[INFO] [simulator_ready_gate-10]: process started with pid [1505477]
[robot_state_publisher-2] [INFO] [1790348081.188660908] [robot_state_publisher]: got segment FL_calf
[robot_state_publisher-2] [INFO] [1790348081.190451849] [robot_state_publisher]: got segment FL_calf_rotor
[robot_state_publisher-2] [INFO] [1790348081.190478760] [robot_state_publisher]: got segment FL_foot
[robot_state_publisher-2] [INFO] [1790348081.190490440] [robot_state_publisher]: got segment FL_hip
[robot_state_publisher-2] [INFO] [1790348081.190499240] [robot_state_publisher]: got segment FL_hip_rotor
[robot_state_publisher-2] [INFO] [1790348081.190506887] [robot_state_publisher]: got segment FL_thigh
[robot_state_publisher-2] [INFO] [1790348081.190515015] [robot_state_publisher]: got segment FL_thigh_rotor
[robot_state_publisher-2] [INFO] [1790348081.190522983] [robot_state_publisher]: got segment FR_calf
[robot_state_publisher-2] [INFO] [1790348081.190530983] [robot_state_publisher]: got segment FR_calf_rotor
[robot_state_publisher-2] [INFO] [1790348081.190538406] [robot_state_publisher]: got segment FR_foot
[robot_state_publisher-2] [INFO] [1790348081.190545702] [robot_state_publisher]: got segment FR_hip
[robot_state_publisher-2] [INFO] [1790348081.190553574] [robot_state_publisher]: got segment FR_hip_rotor
[robot_state_publisher-2] [INFO] [1790348081.190560997] [robot_state_publisher]: got segment FR_thigh
[robot_state_publisher-2] [INFO] [1790348081.190568453] [robot_state_publisher]: got segment FR_thigh_rotor
[robot_state_publisher-2] [INFO] [1790348081.190575301] [robot_state_publisher]: got segment RL_calf
[robot_state_publisher-2] [INFO] [1790348081.190582981] [robot_state_publisher]: got segment RL_calf_rotor
[robot_state_publisher-2] [INFO] [1790348081.190589956] [robot_state_publisher]: got segment RL_foot
[robot_state_publisher-2] [INFO] [1790348081.190596836] [robot_state_publisher]: got segment RL_hip
[robot_state_publisher-2] [INFO] [1790348081.190604228] [robot_state_publisher]: got segment RL_hip_rotor
[robot_state_publisher-2] [INFO] [1790348081.190611492] [robot_state_publisher]: got segment RL_thigh
[robot_state_publisher-2] [INFO] [1790348081.190618371] [robot_state_publisher]: got segment RL_thigh_rotor
[robot_state_publisher-2] [INFO] [1790348081.190625443] [robot_state_publisher]: got segment RR_calf
[robot_state_publisher-2] [INFO] [1790348081.190632899] [robot_state_publisher]: got segment RR_calf_rotor
[robot_state_publisher-2] [INFO] [1790348081.190639939] [robot_state_publisher]: got segment RR_foot
[robot_state_publisher-2] [INFO] [1790348081.190646914] [robot_state_publisher]: got segment RR_hip
[robot_state_publisher-2] [INFO] [1790348081.190654594] [robot_state_publisher]: got segment RR_hip_rotor
[robot_state_publisher-2] [INFO] [1790348081.190662050] [robot_state_publisher]: got segment RR_thigh
[robot_state_publisher-2] [INFO] [1790348081.190669345] [robot_state_publisher]: got segment RR_thigh_rotor
[robot_state_publisher-2] [INFO] [1790348081.190676513] [robot_state_publisher]: got segment base
[robot_state_publisher-2] [INFO] [1790348081.190684225] [robot_state_publisher]: got segment front_camera
[robot_state_publisher-2] [INFO] [1790348081.190691073] [robot_state_publisher]: got segment imu_link
[robot_state_publisher-2] [INFO] [1790348081.190698144] [robot_state_publisher]: got segment trunk
[twist_mux-6] [INFO] [1790348081.209484779] [twist_mux]: Topic handler 'topics.joystick' subscribed to topic 'joy_vel': timeout = 0.500000s , priority = 99.
[twist_mux-6] [INFO] [1790348081.210404169] [twist_mux]: Topic handler 'topics.keyboard' subscribed to topic 'key_vel': timeout = 0.500000s , priority = 90.
[twist_mux-6] [INFO] [1790348081.210581730] [twist_mux]: Topic handler 'topics.navigation' subscribed to topic 'cmd_vel': timeout = 0.500000s , priority = 80.
[twist_mux-6] [INFO] [1790348081.210717501] [twist_mux]: Topic handler 'locks.safety_stop' subscribed to topic 'safety_stop': timeout = None , priority = 255.
[go2-stance-gait-controller-1] [0;93m2026-09-25 16:54:41.888489923 [W:onnxruntime:Default, device_discovery.cc:164 DiscoverDevicesForPlatform] GPU device discovery failed: device_discovery.cc:89 ReadFileContents Failed to open file: "/sys/class/drm/card1/device/vendor"[m
[go2-stance-gait-controller-1] [INFO] [1790348081.957495280] [go2_stance_gait_controller]: Go2 closed-loop stance: 12 effort joints at 250.0 Hz; controller ONNX velocity policy
[mujoco_spawner-3] [INFO] [1790348083.139167712] [mujoco_spawner]: MuJoCo: 18 collision proxy geom(s) moved to group 3 (viewer Rendering tab to show them).
[mujoco_spawner-3] [INFO] [1790348083.190350048] [mujoco_spawner]: MuJoCo URDF import OK (all meshes staged).
[mujoco_spawner-3] [WARN] [1790348083.200753856] [mujoco_spawner]: MuJoCo effort plant: no MJCF beside /home/molar1/bumperbot_ws/install/robot_lab_robots/share/robot_lab_robots/unitree/go2_description/xacro/go2_sim.xacro names every effort joint; keeping the URDF <dynamics> (damping=5.0 is a Gazebo stabiliser the robot does not have).
[mujoco_spawner-3] [INFO] [1790348083.249381631] [mujoco_spawner]: MuJoCo physics timestep: 0.0010 s
[mujoco_spawner-3] [INFO] [1790348083.251618156] [mujoco_spawner]: Robot has no 'oakd_rgb_camera_frame' link; no RGB-D camera is published.
[mujoco_spawner-3] [INFO] [1790348083.252427406] [mujoco_spawner]: Joints: ['FR_hip_joint', 'FR_thigh_joint', 'FR_calf_joint', 'FL_hip_joint', 'FL_thigh_joint', 'FL_calf_joint', 'RR_hip_joint', 'RR_thigh_joint', 'RR_calf_joint', 'RL_hip_joint', 'RL_thigh_joint', 'RL_calf_joint']   lw= rw=
[mujoco_spawner-3] [INFO] [1790348083.254860116] [mujoco_spawner]: MuJoCo effort joint armature: 0.0100 kg m^2
[mujoco_spawner-3] [INFO] [1790348083.256660754] [mujoco_spawner]: Joint effort input: /go2_group_effort_controller/commands (12 joints, URDF limits)
[mujoco_spawner-3] [INFO] [1790348083.258742085] [mujoco_spawner]: Spawn ground clearance: raised root by 0.2050 m
[mujoco_spawner-3] [INFO] [1790348083.259873852] [mujoco_spawner]: MuJoCo model loaded: 14 bodies, 13 joints
[mujoco_spawner-3] [INFO] [1790348083.260674494] [mujoco_spawner]: MuJoCo gui param=False (resolved=False), DISPLAY=:1 -> mode=DIRECT
[mujoco_spawner-3] [INFO] [1790348083.261430594] [mujoco_spawner]: MuJoCo running headless (gui=False, viewer=True).
[mujoco_spawner-3] [INFO] [1790348083.265755299] [mujoco_spawner]: MuJoCo spawner running.
[INFO] [simulator_ready_gate-10]: process has finished cleanly [pid 1505477]
[INFO] [amcl-12]: process started with pid [1505737]
[INFO] [map_server-11]: process started with pid [1505735]
[INFO] [lifecycle_manager-13]: process started with pid [1505739]
[INFO] [ekf_node-14]: process started with pid [1505741]
[INFO] [imu_republisher.py-15]: process started with pid [1505743]
[INFO] [wheel_imu_fusion-16]: process started with pid [1505745]
[lifecycle_manager-13] [INFO] [1790348083.689599889] [lifecycle_manager_localization]: Creating
[map_server-11] [INFO] [1790348083.691130137] [map_server]: 
[map_server-11] 	map_server lifecycle node launched. 
[map_server-11] 	Waiting on external lifecycle transitions to activate
[map_server-11] 	See https://design.ros2.org/articles/node_lifecycle.html for more information.
[map_server-11] [INFO] [1790348083.691282419] [map_server]: Creating
[lifecycle_manager-13] [INFO] [1790348083.694502109] [lifecycle_manager_localization]: [34m[1mCreating and initializing lifecycle service clients[0m[0m
[amcl-12] [0m[INFO] [1790348083.711437132] [amcl]: 
[amcl-12] 	amcl lifecycle node launched. 
[amcl-12] 	Waiting on external lifecycle transitions to activate
[amcl-12] 	See https://design.ros2.org/articles/node_lifecycle.html for more information.[0m
[amcl-12] [0m[INFO] [1790348083.713190603] [amcl]: Creating[0m
[lifecycle_manager-13] [INFO] [1790348083.848953532] [lifecycle_manager_localization]: [34m[1mStarting managed nodes bringup...[0m[0m
[lifecycle_manager-13] [INFO] [1790348083.850288202] [lifecycle_manager_localization]: [34m[1mConfiguring map_server[0m[0m
[map_server-11] [INFO] [1790348083.851611802] [map_server]: Configuring
[map_server-11] [INFO] [1790348083.851753812] [map_io]: Loading yaml file: /home/molar1/bumperbot_ws/install/robot_lab_maps/share/robot_lab_maps/maps/nav_empty/maps/map.yaml
[map_server-11] [INFO] [1790348083.852190148] [map_io]: resolution: 0.05
[map_server-11] [INFO] [1790348083.852211843] [map_io]: origin[0]: -7
[map_server-11] [INFO] [1790348083.852217283] [map_io]: origin[1]: -7
[map_server-11] [INFO] [1790348083.852221603] [map_io]: origin[2]: 0
[map_server-11] [INFO] [1790348083.852226435] [map_io]: free_thresh: 0.196
[map_server-11] [INFO] [1790348083.852231267] [map_io]: occupied_thresh: 0.65
[map_server-11] [INFO] [1790348083.852236995] [map_io]: mode: trinary
[map_server-11] [INFO] [1790348083.852243650] [map_io]: negate: 0
[map_server-11] [INFO] [1790348083.852543063] [map_io]: Loading image_file: /home/molar1/bumperbot_ws/install/robot_lab_maps/share/robot_lab_maps/maps/nav_empty/maps/map.pgm
[map_server-11] [INFO] [1790348083.863088146] [map_io]: Read map /home/molar1/bumperbot_ws/install/robot_lab_maps/share/robot_lab_maps/maps/nav_empty/maps/map.pgm: 280 X 280 map @ 0.05 m/cell
[lifecycle_manager-13] [INFO] [1790348083.872305566] [lifecycle_manager_localization]: [34m[1mConfiguring amcl[0m[0m
[amcl-12] [0m[INFO] [1790348083.872678161] [amcl]: Configuring[0m
[amcl-12] [0m[INFO] [1790348083.872844330] [amcl]: initTransforms[0m
[amcl-12] [0m[INFO] [1790348083.887924926] [amcl]: initPubSub[0m
[amcl-12] [0m[INFO] [1790348083.895124853] [amcl]: Subscribed to map topic.[0m
[lifecycle_manager-13] [INFO] [1790348083.902558434] [lifecycle_manager_localization]: [34m[1mActivating map_server[0m[0m
[map_server-11] [INFO] [1790348083.903049872] [map_server]: Activating
[map_server-11] [INFO] [1790348083.903687001] [map_server]: Creating bond (map_server) to lifecycle manager.
[amcl-12] [0m[INFO] [1790348083.903825140] [amcl]: Received a 280 X 280 map @ 0.050 m/pix[0m
[lifecycle_manager-13] [INFO] [1790348084.011337366] [lifecycle_manager_localization]: Server map_server connected with bond.
[lifecycle_manager-13] [INFO] [1790348084.011437107] [lifecycle_manager_localization]: [34m[1mActivating amcl[0m[0m
[amcl-12] [0m[INFO] [1790348084.013103573] [amcl]: Activating[0m
[amcl-12] [0m[INFO] [1790348084.013236688] [amcl]: initialPoseReceived[0m
[amcl-12] [0m[INFO] [1790348084.013496871] [amcl]: Setting pose (0.592000): -0.500 -0.500 0.000[0m
[amcl-12] [0m[INFO] [1790348084.014079249] [amcl]: Creating bond (amcl) to lifecycle manager.[0m
[amcl-12] [0m[INFO] [1790348084.086554241] [amcl]: createLaserObject[0m
[lifecycle_manager-13] [INFO] [1790348084.127192551] [lifecycle_manager_localization]: Server amcl connected with bond.
[lifecycle_manager-13] [INFO] [1790348084.127340865] [lifecycle_manager_localization]: [34m[1mManaged nodes are active[0m[0m
[lifecycle_manager-13] [INFO] [1790348084.127361824] [lifecycle_manager_localization]: [34m[1mCreating bond timer...[0m[0m
[wheel_imu_fusion-16] [INFO] [1790348084.445239480] [sensor_fusion_wheel_imu_fusion]: wheel_imu_fusion ready
[map_server-11] [INFO] [1790348091.740851325] [rclcpp]: signal_handler(SIGINT/SIGTERM)
[map_server-11] [INFO] [1790348091.741016247] [map_server]: Running Nav2 LifecycleNode rcl preshutdown (map_server)
[map_server-11] [INFO] [1790348091.741120531] [map_server]: Deactivating
[map_server-11] [INFO] [1790348091.741143730] [map_server]: Destroying bond (map_server) to lifecycle manager.
[lifecycle_manager-13] [INFO] [1790348091.740849405] [rclcpp]: signal_handler(SIGINT/SIGTERM)
[lifecycle_manager-13] [INFO] [1790348091.741274734] [lifecycle_manager_localization]: Running Nav2 LifecycleManager rcl preshutdown (lifecycle_manager_localization)
[lifecycle_manager-13] [INFO] [1790348091.741347883] [lifecycle_manager_localization]: [34m[1mTerminating bond timer...[0m[0m
[ekf_node-14] [INFO] [1790348091.740821630] [rclcpp]: signal_handler(SIGINT/SIGTERM)
[twist_relay-9] [INFO] [1790348091.740836030] [rclcpp]: signal_handler(SIGINT/SIGTERM)
[twist_marker-7] [INFO] [1790348091.740849661] [rclcpp]: signal_handler(SIGINT/SIGTERM)
[joy_node-5] [INFO] [1790348091.740855965] [rclcpp]: signal_handler(SIGINT/SIGTERM)
[amcl-12] [0m[INFO] [1790348091.740855101] [rclcpp]: signal_handler(SIGINT/SIGTERM)[0m
[amcl-12] [0m[INFO] [1790348091.741002648] [amcl]: Running Nav2 LifecycleNode rcl preshutdown (amcl)[0m
[amcl-12] [0m[INFO] [1790348091.741121171] [amcl]: Deactivating[0m
[amcl-12] [0m[INFO] [1790348091.741171441] [amcl]: Destroying bond (amcl) to lifecycle manager.[0m
[twist_mux-6] [INFO] [1790348091.741358474] [rclcpp]: signal_handler(SIGINT/SIGTERM)
[robot_state_publisher-2] [INFO] [1790348091.741719421] [rclcpp]: signal_handler(SIGINT/SIGTERM)
[amcl-12] [0m[INFO] [1790348091.753887550] [amcl]: Cleaning up[0m
[map_server-11] [INFO] [1790348091.751601074] [map_server]: Cleaning up
[map_server-11] [INFO] [1790348091.751728909] [map_server]: Destroying bond (map_server) to lifecycle manager.
[amcl-12] [0m[INFO] [1790348091.773443791] [amcl]: Destroying bond (amcl) to lifecycle manager.[0m
[joy_teleop-4] Traceback (most recent call last):
[joy_teleop-4]   File "/opt/ros/humble/lib/joy_teleop/joy_teleop", line 33, in <module>
[joy_teleop-4]     sys.exit(load_entry_point('joy-teleop==1.6.0', 'console_scripts', 'joy_teleop')())
[joy_teleop-4]   File "/opt/ros/humble/lib/python3.10/site-packages/joy_teleop/joy_teleop.py", line 435, in main
[joy_teleop-4]     rclpy.spin(node)
[joy_teleop-4]   File "/opt/ros/humble/local/lib/python3.10/dist-packages/rclpy/__init__.py", line 229, in spin
[joy_teleop-4]     executor.spin_once()
[joy_teleop-4]   File "/opt/ros/humble/local/lib/python3.10/dist-packages/rclpy/executors.py", line 812, in spin_once
[joy_teleop-4]     self._spin_once_impl(timeout_sec)
[joy_teleop-4]   File "/opt/ros/humble/local/lib/python3.10/dist-packages/rclpy/executors.py", line 801, in _spin_once_impl
[joy_teleop-4]     handler, entity, node = self.wait_for_ready_callbacks(timeout_sec=timeout_sec)
[joy_teleop-4]   File "/opt/ros/humble/local/lib/python3.10/dist-packages/rclpy/executors.py", line 784, in wait_for_ready_callbacks
[joy_teleop-4]     return next(self._cb_iter)
[joy_teleop-4]   File "/opt/ros/humble/local/lib/python3.10/dist-packages/rclpy/executors.py", line 685, in _wait_for_ready_callbacks
[joy_teleop-4]     raise ExternalShutdownException()
[joy_teleop-4] rclpy.executors.ExternalShutdownException
[map_server-11] [INFO] [1790348091.910498494] [map_server]: Destroying
[amcl-12] [0m[INFO] [1790348091.917991435] [amcl]: Destroying[0m
[lifecycle_manager-13] [INFO] [1790348091.918776686] [lifecycle_manager_localization]: Destroying lifecycle_manager_localization
[INFO] [twist_relay-9]: process has finished cleanly [pid 1505473]
[INFO] [twist_marker-7]: process has finished cleanly [pid 1505469]
[INFO] [joy_node-5]: process has finished cleanly [pid 1505465]
[INFO] [twist_mux-6]: process has finished cleanly [pid 1505467]
[INFO] [ekf_node-14]: process has finished cleanly [pid 1505741]
[INFO] [robot_state_publisher-2]: process has finished cleanly [pid 1505459]
[imu_republisher.py-15] Traceback (most recent call last):
[imu_republisher.py-15]   File "/home/molar1/bumperbot_ws/install/robot_lab_localization/lib/robot_lab_localization/imu_republisher.py", line 54, in <module>
[imu_republisher.py-15]     main()
[imu_republisher.py-15]   File "/home/molar1/bumperbot_ws/install/robot_lab_localization/lib/robot_lab_localization/imu_republisher.py", line 45, in main
[imu_republisher.py-15]     rclpy.spin(node)
[imu_republisher.py-15]   File "/opt/ros/humble/local/lib/python3.10/dist-packages/rclpy/__init__.py", line 229, in spin
[imu_republisher.py-15]     executor.spin_once()
[imu_republisher.py-15]   File "/opt/ros/humble/local/lib/python3.10/dist-packages/rclpy/executors.py", line 812, in spin_once
[imu_republisher.py-15]     self._spin_once_impl(timeout_sec)
[imu_republisher.py-15]   File "/opt/ros/humble/local/lib/python3.10/dist-packages/rclpy/executors.py", line 801, in _spin_once_impl
[imu_republisher.py-15]     handler, entity, node = self.wait_for_ready_callbacks(timeout_sec=timeout_sec)
[imu_republisher.py-15]   File "/opt/ros/humble/local/lib/python3.10/dist-packages/rclpy/executors.py", line 784, in wait_for_ready_callbacks
[imu_republisher.py-15]     return next(self._cb_iter)
[imu_republisher.py-15]   File "/opt/ros/humble/local/lib/python3.10/dist-packages/rclpy/executors.py", line 685, in _wait_for_ready_callbacks
[imu_republisher.py-15]     raise ExternalShutdownException()
[imu_republisher.py-15] rclpy.executors.ExternalShutdownException
[INFO] [lifecycle_manager-13]: process has finished cleanly [pid 1505739]
[INFO] [wheel_imu_fusion-16]: process has finished cleanly [pid 1505745]
[INFO] [map_server-11]: process has finished cleanly [pid 1505735]
[INFO] [amcl-12]: process has finished cleanly [pid 1505737]
[INFO] [go2-stance-gait-controller-1]: process has finished cleanly [pid 1505457]
[INFO] [mujoco_spawner-3]: process has finished cleanly [pid 1505461]
[INFO] [joystick_relay.py-8]: process has finished cleanly [pid 1505471]
[ERROR] [imu_republisher.py-15]: process has died [pid 1505743, exit code 1, cmd '/home/molar1/bumperbot_ws/install/robot_lab_localization/lib/robot_lab_localization/imu_republisher.py --ros-args --params-file /workspace/molar/.tmp/launch_params_plzw93k5'].
[ERROR] [joy_teleop-4]: process has died [pid 1505463, exit code 1, cmd '/opt/ros/humble/lib/joy_teleop/joy_teleop --ros-args --params-file /home/molar1/bumperbot_ws/install/robot_lab_controller/share/robot_lab_controller/config/joy_teleop.yaml --params-file /workspace/molar/.tmp/launch_params_z0hl7ugu'].
