[INFO] [launch]: All log files can be found below /home/molar1/.ros/log/2026-09-25-16-54-53-987688-molar1-1506025
[INFO] [launch]: Default logging verbosity is set to INFO
[robot_lab] algorithm localization=amcl -> global_localization stack
[robot_lab] algorithm state_estimation=ekf_localization_node -> local_localization stack
[robot_lab] algorithm sensor_fusion=wheel_imu_fusion -> node robot_lab_algorithms/wheel_imu_fusion
[INFO] [go2-stance-gait-controller-1]: process started with pid [1506068]
[INFO] [robot_state_publisher-2]: process started with pid [1506070]
[INFO] [mujoco_spawner-3]: process started with pid [1506072]
[INFO] [joy_teleop-4]: process started with pid [1506074]
[INFO] [joy_node-5]: process started with pid [1506076]
[INFO] [twist_mux-6]: process started with pid [1506078]
[INFO] [twist_marker-7]: process started with pid [1506080]
[INFO] [joystick_relay.py-8]: process started with pid [1506082]
[INFO] [twist_relay-9]: process started with pid [1506084]
[INFO] [simulator_ready_gate-10]: process started with pid [1506086]
[twist_mux-6] [INFO] [1790348094.931669038] [twist_mux]: Topic handler 'topics.joystick' subscribed to topic 'joy_vel': timeout = 0.500000s , priority = 99.
[twist_mux-6] [INFO] [1790348094.932768518] [twist_mux]: Topic handler 'topics.keyboard' subscribed to topic 'key_vel': timeout = 0.500000s , priority = 90.
[twist_mux-6] [INFO] [1790348094.932974974] [twist_mux]: Topic handler 'topics.navigation' subscribed to topic 'cmd_vel': timeout = 0.500000s , priority = 80.
[twist_mux-6] [INFO] [1790348094.933152696] [twist_mux]: Topic handler 'locks.safety_stop' subscribed to topic 'safety_stop': timeout = None , priority = 255.
[robot_state_publisher-2] [INFO] [1790348094.951152322] [robot_state_publisher]: got segment FL_calf
[robot_state_publisher-2] [INFO] [1790348094.951355835] [robot_state_publisher]: got segment FL_calf_rotor
[robot_state_publisher-2] [INFO] [1790348094.951378106] [robot_state_publisher]: got segment FL_foot
[robot_state_publisher-2] [INFO] [1790348094.951388122] [robot_state_publisher]: got segment FL_hip
[robot_state_publisher-2] [INFO] [1790348094.951396121] [robot_state_publisher]: got segment FL_hip_rotor
[robot_state_publisher-2] [INFO] [1790348094.951403961] [robot_state_publisher]: got segment FL_thigh
[robot_state_publisher-2] [INFO] [1790348094.951412249] [robot_state_publisher]: got segment FL_thigh_rotor
[robot_state_publisher-2] [INFO] [1790348094.951420121] [robot_state_publisher]: got segment FR_calf
[robot_state_publisher-2] [INFO] [1790348094.951427544] [robot_state_publisher]: got segment FR_calf_rotor
[robot_state_publisher-2] [INFO] [1790348094.951435256] [robot_state_publisher]: got segment FR_foot
[robot_state_publisher-2] [INFO] [1790348094.951442648] [robot_state_publisher]: got segment FR_hip
[robot_state_publisher-2] [INFO] [1790348094.951450072] [robot_state_publisher]: got segment FR_hip_rotor
[robot_state_publisher-2] [INFO] [1790348094.951457495] [robot_state_publisher]: got segment FR_thigh
[robot_state_publisher-2] [INFO] [1790348094.951465175] [robot_state_publisher]: got segment FR_thigh_rotor
[robot_state_publisher-2] [INFO] [1790348094.951472311] [robot_state_publisher]: got segment RL_calf
[robot_state_publisher-2] [INFO] [1790348094.951479542] [robot_state_publisher]: got segment RL_calf_rotor
[robot_state_publisher-2] [INFO] [1790348094.951486806] [robot_state_publisher]: got segment RL_foot
[robot_state_publisher-2] [INFO] [1790348094.951493686] [robot_state_publisher]: got segment RL_hip
[robot_state_publisher-2] [INFO] [1790348094.951501014] [robot_state_publisher]: got segment RL_hip_rotor
[robot_state_publisher-2] [INFO] [1790348094.951508213] [robot_state_publisher]: got segment RL_thigh
[robot_state_publisher-2] [INFO] [1790348094.951515445] [robot_state_publisher]: got segment RL_thigh_rotor
[robot_state_publisher-2] [INFO] [1790348094.951522741] [robot_state_publisher]: got segment RR_calf
[robot_state_publisher-2] [INFO] [1790348094.951529813] [robot_state_publisher]: got segment RR_calf_rotor
[robot_state_publisher-2] [INFO] [1790348094.951537012] [robot_state_publisher]: got segment RR_foot
[robot_state_publisher-2] [INFO] [1790348094.951544116] [robot_state_publisher]: got segment RR_hip
[robot_state_publisher-2] [INFO] [1790348094.951551444] [robot_state_publisher]: got segment RR_hip_rotor
[robot_state_publisher-2] [INFO] [1790348094.951558452] [robot_state_publisher]: got segment RR_thigh
[robot_state_publisher-2] [INFO] [1790348094.951565811] [robot_state_publisher]: got segment RR_thigh_rotor
[robot_state_publisher-2] [INFO] [1790348094.951572915] [robot_state_publisher]: got segment base
[robot_state_publisher-2] [INFO] [1790348094.951579923] [robot_state_publisher]: got segment front_camera
[robot_state_publisher-2] [INFO] [1790348094.951587282] [robot_state_publisher]: got segment imu_link
[robot_state_publisher-2] [INFO] [1790348094.951594322] [robot_state_publisher]: got segment trunk
[go2-stance-gait-controller-1] [0;93m2026-09-25 16:54:55.630782661 [W:onnxruntime:Default, device_discovery.cc:164 DiscoverDevicesForPlatform] GPU device discovery failed: device_discovery.cc:89 ReadFileContents Failed to open file: "/sys/class/drm/card1/device/vendor"[m
[go2-stance-gait-controller-1] [INFO] [1790348095.703435546] [go2_stance_gait_controller]: Go2 closed-loop stance: 12 effort joints at 250.0 Hz; controller ONNX velocity policy
[mujoco_spawner-3] [INFO] [1790348096.967260094] [mujoco_spawner]: MuJoCo: 18 collision proxy geom(s) moved to group 3 (viewer Rendering tab to show them).
[mujoco_spawner-3] [INFO] [1790348097.020567130] [mujoco_spawner]: MuJoCo URDF import OK (all meshes staged).
[mujoco_spawner-3] [WARN] [1790348097.038526503] [mujoco_spawner]: MuJoCo effort plant: no MJCF beside /home/molar1/bumperbot_ws/install/robot_lab_robots/share/robot_lab_robots/unitree/go2_description/xacro/go2_sim.xacro names every effort joint; keeping the URDF <dynamics> (damping=5.0 is a Gazebo stabiliser the robot does not have).
[mujoco_spawner-3] [INFO] [1790348097.098991900] [mujoco_spawner]: MuJoCo physics timestep: 0.0010 s
[mujoco_spawner-3] [INFO] [1790348097.101640411] [mujoco_spawner]: Robot has no 'oakd_rgb_camera_frame' link; no RGB-D camera is published.
[mujoco_spawner-3] [INFO] [1790348097.103073222] [mujoco_spawner]: Joints: ['FR_hip_joint', 'FR_thigh_joint', 'FR_calf_joint', 'FL_hip_joint', 'FL_thigh_joint', 'FL_calf_joint', 'RR_hip_joint', 'RR_thigh_joint', 'RR_calf_joint', 'RL_hip_joint', 'RL_thigh_joint', 'RL_calf_joint']   lw= rw=
[mujoco_spawner-3] [INFO] [1790348097.105888063] [mujoco_spawner]: MuJoCo effort joint armature: 0.0100 kg m^2
[mujoco_spawner-3] [INFO] [1790348097.107746843] [mujoco_spawner]: Joint effort input: /go2_group_effort_controller/commands (12 joints, URDF limits)
[mujoco_spawner-3] [INFO] [1790348097.110038023] [mujoco_spawner]: Spawn ground clearance: raised root by 0.2050 m
[mujoco_spawner-3] [INFO] [1790348097.111283033] [mujoco_spawner]: MuJoCo model loaded: 14 bodies, 13 joints
[mujoco_spawner-3] [INFO] [1790348097.112199063] [mujoco_spawner]: MuJoCo gui param=False (resolved=False), DISPLAY=:1 -> mode=DIRECT
[mujoco_spawner-3] [INFO] [1790348097.113042457] [mujoco_spawner]: MuJoCo running headless (gui=False, viewer=True).
[mujoco_spawner-3] [INFO] [1790348097.124758155] [mujoco_spawner]: MuJoCo spawner running.
[INFO] [simulator_ready_gate-10]: process has finished cleanly [pid 1506086]
[INFO] [amcl-12]: process started with pid [1506317]
[INFO] [map_server-11]: process started with pid [1506315]
[INFO] [lifecycle_manager-13]: process started with pid [1506319]
[INFO] [ekf_node-14]: process started with pid [1506321]
[INFO] [imu_republisher.py-15]: process started with pid [1506323]
[INFO] [wheel_imu_fusion-16]: process started with pid [1506325]
[lifecycle_manager-13] [INFO] [1790348097.540274236] [lifecycle_manager_localization]: Creating
[lifecycle_manager-13] [INFO] [1790348097.546849195] [lifecycle_manager_localization]: [34m[1mCreating and initializing lifecycle service clients[0m[0m
[map_server-11] [INFO] [1790348097.554609070] [map_server]: 
[map_server-11] 	map_server lifecycle node launched. 
[map_server-11] 	Waiting on external lifecycle transitions to activate
[map_server-11] 	See https://design.ros2.org/articles/node_lifecycle.html for more information.
[map_server-11] [INFO] [1790348097.556107031] [map_server]: Creating
[amcl-12] [0m[INFO] [1790348097.588694539] [amcl]: 
[amcl-12] 	amcl lifecycle node launched. 
[amcl-12] 	Waiting on external lifecycle transitions to activate
[amcl-12] 	See https://design.ros2.org/articles/node_lifecycle.html for more information.[0m
[amcl-12] [0m[INFO] [1790348097.590120791] [amcl]: Creating[0m
[lifecycle_manager-13] [INFO] [1790348097.676129219] [lifecycle_manager_localization]: [34m[1mStarting managed nodes bringup...[0m[0m
[lifecycle_manager-13] [INFO] [1790348097.676234879] [lifecycle_manager_localization]: [34m[1mConfiguring map_server[0m[0m
[map_server-11] [INFO] [1790348097.676613969] [map_server]: Configuring
[map_server-11] [INFO] [1790348097.676734413] [map_io]: Loading yaml file: /home/molar1/bumperbot_ws/install/robot_lab_maps/share/robot_lab_maps/maps/nav_empty/maps/map.yaml
[map_server-11] [INFO] [1790348097.677162461] [map_io]: resolution: 0.05
[map_server-11] [INFO] [1790348097.677185436] [map_io]: origin[0]: -7
[map_server-11] [INFO] [1790348097.677190812] [map_io]: origin[1]: -7
[map_server-11] [INFO] [1790348097.677195420] [map_io]: origin[2]: 0
[map_server-11] [INFO] [1790348097.677200476] [map_io]: free_thresh: 0.196
[map_server-11] [INFO] [1790348097.677205211] [map_io]: occupied_thresh: 0.65
[map_server-11] [INFO] [1790348097.677211483] [map_io]: mode: trinary
[map_server-11] [INFO] [1790348097.677218203] [map_io]: negate: 0
[map_server-11] [INFO] [1790348097.677547087] [map_io]: Loading image_file: /home/molar1/bumperbot_ws/install/robot_lab_maps/share/robot_lab_maps/maps/nav_empty/maps/map.pgm
[map_server-11] [INFO] [1790348097.688620025] [map_io]: Read map /home/molar1/bumperbot_ws/install/robot_lab_maps/share/robot_lab_maps/maps/nav_empty/maps/map.pgm: 280 X 280 map @ 0.05 m/cell
[lifecycle_manager-13] [INFO] [1790348097.708567197] [lifecycle_manager_localization]: [34m[1mConfiguring amcl[0m[0m
[amcl-12] [0m[INFO] [1790348097.708950191] [amcl]: Configuring[0m
[amcl-12] [0m[INFO] [1790348097.709117192] [amcl]: initTransforms[0m
[amcl-12] [0m[INFO] [1790348097.717873095] [amcl]: initPubSub[0m
[amcl-12] [0m[INFO] [1790348097.721477795] [amcl]: Subscribed to map topic.[0m
[lifecycle_manager-13] [INFO] [1790348097.725673801] [lifecycle_manager_localization]: [34m[1mActivating map_server[0m[0m
[map_server-11] [INFO] [1790348097.725987965] [map_server]: Activating
[map_server-11] [INFO] [1790348097.726309586] [map_server]: Creating bond (map_server) to lifecycle manager.
[amcl-12] [0m[INFO] [1790348097.726611495] [amcl]: Received a 280 X 280 map @ 0.050 m/pix[0m
[lifecycle_manager-13] [INFO] [1790348097.834925792] [lifecycle_manager_localization]: Server map_server connected with bond.
[lifecycle_manager-13] [INFO] [1790348097.835026076] [lifecycle_manager_localization]: [34m[1mActivating amcl[0m[0m
[amcl-12] [0m[INFO] [1790348097.835695524] [amcl]: Activating[0m
[amcl-12] [0m[INFO] [1790348097.835808800] [amcl]: initialPoseReceived[0m
[amcl-12] [0m[INFO] [1790348097.836039383] [amcl]: Setting pose (0.588000): -0.500 -0.500 0.000[0m
[amcl-12] [0m[INFO] [1790348097.836643713] [amcl]: Creating bond (amcl) to lifecycle manager.[0m
[amcl-12] [0m[INFO] [1790348097.911901784] [amcl]: createLaserObject[0m
[lifecycle_manager-13] [INFO] [1790348097.941189829] [lifecycle_manager_localization]: Server amcl connected with bond.
[lifecycle_manager-13] [INFO] [1790348097.941270306] [lifecycle_manager_localization]: [34m[1mManaged nodes are active[0m[0m
[lifecycle_manager-13] [INFO] [1790348097.941291009] [lifecycle_manager_localization]: [34m[1mCreating bond timer...[0m[0m
[wheel_imu_fusion-16] [INFO] [1790348098.242332350] [sensor_fusion_wheel_imu_fusion]: wheel_imu_fusion ready
[amcl-12] [0m[INFO] [1790348105.586168465] [rclcpp]: signal_handler(SIGINT/SIGTERM)[0m
[amcl-12] [0m[INFO] [1790348105.586323307] [amcl]: Running Nav2 LifecycleNode rcl preshutdown (amcl)[0m
[amcl-12] [0m[INFO] [1790348105.586443143] [amcl]: Deactivating[0m
[amcl-12] [0m[INFO] [1790348105.586477766] [amcl]: Destroying bond (amcl) to lifecycle manager.[0m
[map_server-11] [INFO] [1790348105.586150801] [rclcpp]: signal_handler(SIGINT/SIGTERM)
[map_server-11] [INFO] [1790348105.586358250] [map_server]: Running Nav2 LifecycleNode rcl preshutdown (map_server)
[map_server-11] [INFO] [1790348105.586476646] [map_server]: Deactivating
[map_server-11] [INFO] [1790348105.586507940] [map_server]: Destroying bond (map_server) to lifecycle manager.
[twist_relay-9] [INFO] [1790348105.586143442] [rclcpp]: signal_handler(SIGINT/SIGTERM)
[twist_marker-7] [INFO] [1790348105.586120115] [rclcpp]: signal_handler(SIGINT/SIGTERM)
[ekf_node-14] [INFO] [1790348105.586444647] [rclcpp]: signal_handler(SIGINT/SIGTERM)
[joy_node-5] [INFO] [1790348105.586442791] [rclcpp]: signal_handler(SIGINT/SIGTERM)
[twist_mux-6] [INFO] [1790348105.586713309] [rclcpp]: signal_handler(SIGINT/SIGTERM)
[lifecycle_manager-13] [INFO] [1790348105.586908822] [rclcpp]: signal_handler(SIGINT/SIGTERM)
[lifecycle_manager-13] [INFO] [1790348105.587009074] [lifecycle_manager_localization]: Running Nav2 LifecycleManager rcl preshutdown (lifecycle_manager_localization)
[lifecycle_manager-13] [INFO] [1790348105.587064400] [lifecycle_manager_localization]: [34m[1mTerminating bond timer...[0m[0m
[robot_state_publisher-2] [INFO] [1790348105.590096001] [rclcpp]: signal_handler(SIGINT/SIGTERM)
[amcl-12] [0m[INFO] [1790348105.596876041] [amcl]: Cleaning up[0m
[map_server-11] [INFO] [1790348105.596873545] [map_server]: Cleaning up
[map_server-11] [INFO] [1790348105.596984293] [map_server]: Destroying bond (map_server) to lifecycle manager.
[amcl-12] [0m[INFO] [1790348105.612540172] [amcl]: Destroying bond (amcl) to lifecycle manager.[0m
[joy_teleop-4] Traceback (most recent call last):
[joy_teleop-4]   File "/opt/ros/humble/lib/joy_teleop/joy_teleop", line 33, in <module>
[joy_teleop-4]     sys.exit(load_entry_point('joy-teleop==1.6.0', 'console_scripts', 'joy_teleop')())
[joy_teleop-4]   File "/opt/ros/humble/lib/python3.10/site-packages/joy_teleop/joy_teleop.py", line 435, in main
[joy_teleop-4]     rclpy.spin(node)
[joy_teleop-4]   File "/opt/ros/humble/local/lib/python3.10/dist-packages/rclpy/__init__.py", line 229, in spin
[joy_teleop-4]     executor.spin_once()
[joy_teleop-4]   File "/opt/ros/humble/local/lib/python3.10/dist-packages/rclpy/executors.py", line 812, in spin_once
[joy_teleop-4]     self._spin_once_impl(timeout_sec)
[joy_teleop-4]   File "/opt/ros/humble/local/lib/python3.10/dist-packages/rclpy/executors.py", line 801, in _spin_once_impl
[joy_teleop-4]     handler, entity, node = self.wait_for_ready_callbacks(timeout_sec=timeout_sec)
[joy_teleop-4]   File "/opt/ros/humble/local/lib/python3.10/dist-packages/rclpy/executors.py", line 784, in wait_for_ready_callbacks
[joy_teleop-4]     return next(self._cb_iter)
[joy_teleop-4]   File "/opt/ros/humble/local/lib/python3.10/dist-packages/rclpy/executors.py", line 685, in _wait_for_ready_callbacks
[joy_teleop-4]     raise ExternalShutdownException()
[joy_teleop-4] rclpy.executors.ExternalShutdownException
[map_server-11] [INFO] [1790348105.729478230] [map_server]: Destroying
[lifecycle_manager-13] [INFO] [1790348105.741060014] [lifecycle_manager_localization]: Destroying lifecycle_manager_localization
[amcl-12] [0m[INFO] [1790348105.742581942] [amcl]: Destroying[0m
[INFO] [twist_marker-7]: process has finished cleanly [pid 1506080]
[INFO] [twist_mux-6]: process has finished cleanly [pid 1506078]
[INFO] [ekf_node-14]: process has finished cleanly [pid 1506321]
[INFO] [joy_node-5]: process has finished cleanly [pid 1506076]
[INFO] [robot_state_publisher-2]: process has finished cleanly [pid 1506070]
[INFO] [twist_relay-9]: process has finished cleanly [pid 1506084]
[imu_republisher.py-15] Traceback (most recent call last):
[imu_republisher.py-15]   File "/home/molar1/bumperbot_ws/install/robot_lab_localization/lib/robot_lab_localization/imu_republisher.py", line 54, in <module>
[imu_republisher.py-15]     main()
[imu_republisher.py-15]   File "/home/molar1/bumperbot_ws/install/robot_lab_localization/lib/robot_lab_localization/imu_republisher.py", line 45, in main
[imu_republisher.py-15]     rclpy.spin(node)
[imu_republisher.py-15]   File "/opt/ros/humble/local/lib/python3.10/dist-packages/rclpy/__init__.py", line 229, in spin
[imu_republisher.py-15]     executor.spin_once()
[imu_republisher.py-15]   File "/opt/ros/humble/local/lib/python3.10/dist-packages/rclpy/executors.py", line 812, in spin_once
[imu_republisher.py-15]     self._spin_once_impl(timeout_sec)
[imu_republisher.py-15]   File "/opt/ros/humble/local/lib/python3.10/dist-packages/rclpy/executors.py", line 801, in _spin_once_impl
[imu_republisher.py-15]     handler, entity, node = self.wait_for_ready_callbacks(timeout_sec=timeout_sec)
[imu_republisher.py-15]   File "/opt/ros/humble/local/lib/python3.10/dist-packages/rclpy/executors.py", line 784, in wait_for_ready_callbacks
[imu_republisher.py-15]     return next(self._cb_iter)
[imu_republisher.py-15]   File "/opt/ros/humble/local/lib/python3.10/dist-packages/rclpy/executors.py", line 685, in _wait_for_ready_callbacks
[imu_republisher.py-15]     raise ExternalShutdownException()
[imu_republisher.py-15] rclpy.executors.ExternalShutdownException
[INFO] [lifecycle_manager-13]: process has finished cleanly [pid 1506319]
[INFO] [wheel_imu_fusion-16]: process has finished cleanly [pid 1506325]
[INFO] [map_server-11]: process has finished cleanly [pid 1506315]
[INFO] [amcl-12]: process has finished cleanly [pid 1506317]
[INFO] [go2-stance-gait-controller-1]: process has finished cleanly [pid 1506068]
[INFO] [joystick_relay.py-8]: process has finished cleanly [pid 1506082]
[ERROR] [joy_teleop-4]: process has died [pid 1506074, exit code 1, cmd '/opt/ros/humble/lib/joy_teleop/joy_teleop --ros-args --params-file /home/molar1/bumperbot_ws/install/robot_lab_controller/share/robot_lab_controller/config/joy_teleop.yaml --params-file /workspace/molar/.tmp/launch_params_u13sj19s'].
[ERROR] [imu_republisher.py-15]: process has died [pid 1506323, exit code 1, cmd '/home/molar1/bumperbot_ws/install/robot_lab_localization/lib/robot_lab_localization/imu_republisher.py --ros-args --params-file /workspace/molar/.tmp/launch_params_vo_s0ai6'].
[INFO] [mujoco_spawner-3]: process has finished cleanly [pid 1506072]
