[INFO] [launch]: All log files can be found below /home/molar1/.ros/log/2026-09-28-12-27-58-275942-molar1-158587
[INFO] [launch]: Default logging verbosity is set to INFO
[robot_lab] algorithm localization=amcl -> global_localization stack
[robot_lab] algorithm state_estimation=ekf_localization_node -> local_localization stack
[robot_lab] algorithm sensor_fusion=wheel_imu_fusion -> node robot_lab_algorithms/wheel_imu_fusion
[INFO] [go2-stance-gait-controller-1]: process started with pid [158634]
[INFO] [robot_state_publisher-2]: process started with pid [158636]
[INFO] [mujoco_spawner-3]: process started with pid [158638]
[INFO] [joy_teleop-4]: process started with pid [158640]
[INFO] [joy_node-5]: process started with pid [158642]
[INFO] [twist_mux-6]: process started with pid [158644]
[INFO] [twist_marker-7]: process started with pid [158646]
[INFO] [joystick_relay.py-8]: process started with pid [158648]
[INFO] [twist_relay-9]: process started with pid [158658]
[INFO] [simulator_ready_gate-10]: process started with pid [158660]
[twist_mux-6] [INFO] [1790591279.193754687] [twist_mux]: Topic handler 'topics.joystick' subscribed to topic 'joy_vel': timeout = 0.500000s , priority = 99.
[twist_mux-6] [INFO] [1790591279.195790550] [twist_mux]: Topic handler 'topics.keyboard' subscribed to topic 'key_vel': timeout = 0.500000s , priority = 90.
[twist_mux-6] [INFO] [1790591279.196918674] [twist_mux]: Topic handler 'topics.navigation' subscribed to topic 'cmd_vel': timeout = 0.500000s , priority = 80.
[twist_mux-6] [INFO] [1790591279.197734927] [twist_mux]: Topic handler 'locks.safety_stop' subscribed to topic 'safety_stop': timeout = None , priority = 255.
[robot_state_publisher-2] [INFO] [1790591279.215613287] [robot_state_publisher]: got segment FL_calf
[robot_state_publisher-2] [INFO] [1790591279.215759558] [robot_state_publisher]: got segment FL_calf_rotor
[robot_state_publisher-2] [INFO] [1790591279.215778822] [robot_state_publisher]: got segment FL_foot
[robot_state_publisher-2] [INFO] [1790591279.215788678] [robot_state_publisher]: got segment FL_hip
[robot_state_publisher-2] [INFO] [1790591279.215796070] [robot_state_publisher]: got segment FL_hip_rotor
[robot_state_publisher-2] [INFO] [1790591279.215803174] [robot_state_publisher]: got segment FL_thigh
[robot_state_publisher-2] [INFO] [1790591279.215810502] [robot_state_publisher]: got segment FL_thigh_rotor
[robot_state_publisher-2] [INFO] [1790591279.215818214] [robot_state_publisher]: got segment FR_calf
[robot_state_publisher-2] [INFO] [1790591279.215825734] [robot_state_publisher]: got segment FR_calf_rotor
[robot_state_publisher-2] [INFO] [1790591279.215832774] [robot_state_publisher]: got segment FR_foot
[robot_state_publisher-2] [INFO] [1790591279.215839846] [robot_state_publisher]: got segment FR_hip
[robot_state_publisher-2] [INFO] [1790591279.215847078] [robot_state_publisher]: got segment FR_hip_rotor
[robot_state_publisher-2] [INFO] [1790591279.215854694] [robot_state_publisher]: got segment FR_thigh
[robot_state_publisher-2] [INFO] [1790591279.215861958] [robot_state_publisher]: got segment FR_thigh_rotor
[robot_state_publisher-2] [INFO] [1790591279.215868998] [robot_state_publisher]: got segment RL_calf
[robot_state_publisher-2] [INFO] [1790591279.215876774] [robot_state_publisher]: got segment RL_calf_rotor
[robot_state_publisher-2] [INFO] [1790591279.215883782] [robot_state_publisher]: got segment RL_foot
[robot_state_publisher-2] [INFO] [1790591279.215890790] [robot_state_publisher]: got segment RL_hip
[robot_state_publisher-2] [INFO] [1790591279.215897702] [robot_state_publisher]: got segment RL_hip_rotor
[robot_state_publisher-2] [INFO] [1790591279.215904966] [robot_state_publisher]: got segment RL_thigh
[robot_state_publisher-2] [INFO] [1790591279.215911974] [robot_state_publisher]: got segment RL_thigh_rotor
[robot_state_publisher-2] [INFO] [1790591279.215919270] [robot_state_publisher]: got segment RR_calf
[robot_state_publisher-2] [INFO] [1790591279.215926501] [robot_state_publisher]: got segment RR_calf_rotor
[robot_state_publisher-2] [INFO] [1790591279.215933797] [robot_state_publisher]: got segment RR_foot
[robot_state_publisher-2] [INFO] [1790591279.215941125] [robot_state_publisher]: got segment RR_hip
[robot_state_publisher-2] [INFO] [1790591279.215948197] [robot_state_publisher]: got segment RR_hip_rotor
[robot_state_publisher-2] [INFO] [1790591279.215955205] [robot_state_publisher]: got segment RR_thigh
[robot_state_publisher-2] [INFO] [1790591279.215962309] [robot_state_publisher]: got segment RR_thigh_rotor
[robot_state_publisher-2] [INFO] [1790591279.215969349] [robot_state_publisher]: got segment base
[robot_state_publisher-2] [INFO] [1790591279.215976325] [robot_state_publisher]: got segment front_camera
[robot_state_publisher-2] [INFO] [1790591279.215983493] [robot_state_publisher]: got segment imu_link
[robot_state_publisher-2] [INFO] [1790591279.215990629] [robot_state_publisher]: got segment trunk
[go2-stance-gait-controller-1] [0;93m2026-09-28 12:27:59.887945239 [W:onnxruntime:Default, device_discovery.cc:164 DiscoverDevicesForPlatform] GPU device discovery failed: device_discovery.cc:89 ReadFileContents Failed to open file: "/sys/class/drm/card1/device/vendor"[m
[go2-stance-gait-controller-1] [INFO] [1790591279.959938229] [go2_stance_gait_controller]: Go2 closed-loop stance: 12 effort joints at 250.0 Hz; controller ONNX velocity policy
[mujoco_spawner-3] [INFO] [1790591281.081327580] [mujoco_spawner]: MuJoCo: 18 collision proxy geom(s) moved to group 3 (viewer Rendering tab to show them).
[mujoco_spawner-3] [INFO] [1790591281.131222740] [mujoco_spawner]: MuJoCo URDF import OK (all meshes staged).
[mujoco_spawner-3] [WARN] [1790591281.141039244] [mujoco_spawner]: MuJoCo effort plant: no MJCF beside /home/molar1/bumperbot_ws/install/robot_lab_robots/share/robot_lab_robots/unitree/go2_description/xacro/go2_sim.xacro names every effort joint; keeping the URDF <dynamics> (damping=5.0 is a Gazebo stabiliser the robot does not have).
[mujoco_spawner-3] [INFO] [1790591281.184648477] [mujoco_spawner]: MuJoCo physics timestep: 0.0010 s
[mujoco_spawner-3] [INFO] [1790591281.186099992] [mujoco_spawner]: Robot has no 'oakd_rgb_camera_frame' link; no RGB-D camera is published.
[mujoco_spawner-3] [INFO] [1790591281.186942388] [mujoco_spawner]: Joints: ['FR_hip_joint', 'FR_thigh_joint', 'FR_calf_joint', 'FL_hip_joint', 'FL_thigh_joint', 'FL_calf_joint', 'RR_hip_joint', 'RR_thigh_joint', 'RR_calf_joint', 'RL_hip_joint', 'RL_thigh_joint', 'RL_calf_joint']   lw= rw=
[mujoco_spawner-3] [INFO] [1790591281.188926380] [mujoco_spawner]: MuJoCo effort joint armature: 0.0100 kg m^2
[mujoco_spawner-3] [INFO] [1790591281.190364166] [mujoco_spawner]: Joint effort input: /go2_group_effort_controller/commands (12 joints, URDF limits)
[mujoco_spawner-3] [INFO] [1790591281.191991008] [mujoco_spawner]: Spawn ground clearance: raised root by 0.0838 m
[mujoco_spawner-3] [INFO] [1790591281.192769181] [mujoco_spawner]: MuJoCo model loaded: 14 bodies, 13 joints
[mujoco_spawner-3] [INFO] [1790591281.193291899] [mujoco_spawner]: MuJoCo gui param=False (resolved=False), DISPLAY=:1 -> mode=DIRECT
[mujoco_spawner-3] [INFO] [1790591281.193770105] [mujoco_spawner]: MuJoCo running headless (gui=False, viewer=True).
[mujoco_spawner-3] [INFO] [1790591281.197164587] [mujoco_spawner]: MuJoCo spawner running.
[go2-stance-gait-controller-1] [WARN] [1790591281.200589501] [go2_stance_gait_controller]: Go2 safety safe_stop: tilt 1.40 rad exceeds fall threshold
[go2-stance-gait-controller-1] [INFO] [1790591281.201648089] [go2_stance_gait_controller]: Go2 recovery idle
[go2-stance-gait-controller-1] [INFO] [1790591281.323759503] [go2_stance_gait_controller]: Go2 recovery attempting:tuck
[INFO] [simulator_ready_gate-10]: process has finished cleanly [pid 158660]
[INFO] [amcl-12]: process started with pid [158886]
[INFO] [map_server-11]: process started with pid [158884]
[INFO] [lifecycle_manager-13]: process started with pid [158888]
[INFO] [ekf_node-14]: process started with pid [158890]
[INFO] [imu_republisher.py-15]: process started with pid [158892]
[INFO] [wheel_imu_fusion-16]: process started with pid [158894]
[lifecycle_manager-13] [INFO] [1790591281.601881427] [lifecycle_manager_localization]: Creating
[map_server-11] [INFO] [1790591281.606294433] [map_server]: 
[map_server-11] 	map_server lifecycle node launched. 
[map_server-11] 	Waiting on external lifecycle transitions to activate
[map_server-11] 	See https://design.ros2.org/articles/node_lifecycle.html for more information.
[map_server-11] [INFO] [1790591281.609849171] [map_server]: Creating
[amcl-12] [0m[INFO] [1790591281.612675240] [amcl]: 
[amcl-12] 	amcl lifecycle node launched. 
[amcl-12] 	Waiting on external lifecycle transitions to activate
[amcl-12] 	See https://design.ros2.org/articles/node_lifecycle.html for more information.[0m
[amcl-12] [0m[INFO] [1790591281.614452352] [amcl]: Creating[0m
[lifecycle_manager-13] [INFO] [1790591281.620478120] [lifecycle_manager_localization]: [34m[1mCreating and initializing lifecycle service clients[0m[0m
[lifecycle_manager-13] [INFO] [1790591281.656728375] [lifecycle_manager_localization]: [34m[1mStarting managed nodes bringup...[0m[0m
[lifecycle_manager-13] [INFO] [1790591281.656843094] [lifecycle_manager_localization]: [34m[1mConfiguring map_server[0m[0m
[map_server-11] [INFO] [1790591281.657220373] [map_server]: Configuring
[map_server-11] [INFO] [1790591281.657349364] [map_io]: Loading yaml file: /home/molar1/bumperbot_ws/install/robot_lab_maps/share/robot_lab_maps/maps/nav_empty/maps/map.yaml
[map_server-11] [INFO] [1790591281.657777171] [map_io]: resolution: 0.05
[map_server-11] [INFO] [1790591281.657799250] [map_io]: origin[0]: -7
[map_server-11] [INFO] [1790591281.657804882] [map_io]: origin[1]: -7
[map_server-11] [INFO] [1790591281.657809394] [map_io]: origin[2]: 0
[map_server-11] [INFO] [1790591281.657814386] [map_io]: free_thresh: 0.196
[map_server-11] [INFO] [1790591281.657819026] [map_io]: occupied_thresh: 0.65
[map_server-11] [INFO] [1790591281.657825010] [map_io]: mode: trinary
[map_server-11] [INFO] [1790591281.657831378] [map_io]: negate: 0
[map_server-11] [INFO] [1790591281.658158545] [map_io]: Loading image_file: /home/molar1/bumperbot_ws/install/robot_lab_maps/share/robot_lab_maps/maps/nav_empty/maps/map.pgm
[map_server-11] [INFO] [1790591281.669635619] [map_io]: Read map /home/molar1/bumperbot_ws/install/robot_lab_maps/share/robot_lab_maps/maps/nav_empty/maps/map.pgm: 280 X 280 map @ 0.05 m/cell
[lifecycle_manager-13] [INFO] [1790591281.679469819] [lifecycle_manager_localization]: [34m[1mConfiguring amcl[0m[0m
[amcl-12] [0m[INFO] [1790591281.681113237] [amcl]: Configuring[0m
[amcl-12] [0m[INFO] [1790591281.681291252] [amcl]: initTransforms[0m
[amcl-12] [0m[INFO] [1790591281.697966353] [amcl]: initPubSub[0m
[amcl-12] [0m[INFO] [1790591281.705853458] [amcl]: Subscribed to map topic.[0m
[lifecycle_manager-13] [INFO] [1790591281.712322648] [lifecycle_manager_localization]: [34m[1mActivating map_server[0m[0m
[amcl-12] [0m[INFO] [1790591281.713178228] [amcl]: Received a 280 X 280 map @ 0.050 m/pix[0m
[map_server-11] [INFO] [1790591281.712621910] [map_server]: Activating
[map_server-11] [INFO] [1790591281.712944341] [map_server]: Creating bond (map_server) to lifecycle manager.
[go2-stance-gait-controller-1] [INFO] [1790591281.727165692] [go2_stance_gait_controller]: Go2 recovery attempting:roll
[lifecycle_manager-13] [INFO] [1790591281.818458894] [lifecycle_manager_localization]: Server map_server connected with bond.
[lifecycle_manager-13] [INFO] [1790591281.818546509] [lifecycle_manager_localization]: [34m[1mActivating amcl[0m[0m
[amcl-12] [0m[INFO] [1790591281.818954252] [amcl]: Activating[0m
[amcl-12] [0m[INFO] [1790591281.819050987] [amcl]: initialPoseReceived[0m
[amcl-12] [0m[INFO] [1790591281.819261194] [amcl]: Setting pose (0.488000): -0.500 -0.500 0.000[0m
[amcl-12] [0m[INFO] [1790591281.819832968] [amcl]: Creating bond (amcl) to lifecycle manager.[0m
[lifecycle_manager-13] [INFO] [1790591281.925208225] [lifecycle_manager_localization]: Server amcl connected with bond.
[lifecycle_manager-13] [INFO] [1790591281.925293217] [lifecycle_manager_localization]: [34m[1mManaged nodes are active[0m[0m
[lifecycle_manager-13] [INFO] [1790591281.925314817] [lifecycle_manager_localization]: [34m[1mCreating bond timer...[0m[0m
[amcl-12] [0m[INFO] [1790591282.020092964] [amcl]: createLaserObject[0m
[wheel_imu_fusion-16] [INFO] [1790591282.351058070] [sensor_fusion_wheel_imu_fusion]: wheel_imu_fusion ready
[go2-stance-gait-controller-1] [INFO] [1790591282.430509911] [go2_stance_gait_controller]: Go2 recovery attempting:crouch
[go2-stance-gait-controller-1] [INFO] [1790591283.034069795] [go2_stance_gait_controller]: Go2 recovery attempting:stand
[go2-stance-gait-controller-1] [INFO] [1790591289.326347960] [go2_stance_gait_controller]: Go2 recovery failed:stand
[amcl-12] [0m[INFO] [1790591304.762166963] [rclcpp]: signal_handler(SIGINT/SIGTERM)[0m
[amcl-12] [0m[INFO] [1790591304.762295954] [amcl]: Running Nav2 LifecycleNode rcl preshutdown (amcl)[0m
[amcl-12] [0m[INFO] [1790591304.762399442] [amcl]: Deactivating[0m
[amcl-12] [0m[INFO] [1790591304.762438418] [amcl]: Destroying bond (amcl) to lifecycle manager.[0m
[map_server-11] [INFO] [1790591304.761763797] [rclcpp]: signal_handler(SIGINT/SIGTERM)
[map_server-11] [INFO] [1790591304.761940404] [map_server]: Running Nav2 LifecycleNode rcl preshutdown (map_server)
[map_server-11] [INFO] [1790591304.762068307] [map_server]: Deactivating
[map_server-11] [INFO] [1790591304.762102131] [map_server]: Destroying bond (map_server) to lifecycle manager.
[ekf_node-14] [INFO] [1790591304.761736469] [rclcpp]: signal_handler(SIGINT/SIGTERM)
[lifecycle_manager-13] [INFO] [1790591304.761809268] [rclcpp]: signal_handler(SIGINT/SIGTERM)
[lifecycle_manager-13] [INFO] [1790591304.761934420] [lifecycle_manager_localization]: Running Nav2 LifecycleManager rcl preshutdown (lifecycle_manager_localization)
[lifecycle_manager-13] [INFO] [1790591304.762005748] [lifecycle_manager_localization]: [34m[1mTerminating bond timer...[0m[0m
[twist_marker-7] [INFO] [1790591304.761786676] [rclcpp]: signal_handler(SIGINT/SIGTERM)
[joy_node-5] [INFO] [1790591304.761853140] [rclcpp]: signal_handler(SIGINT/SIGTERM)
[twist_mux-6] [INFO] [1790591304.762085683] [rclcpp]: signal_handler(SIGINT/SIGTERM)
[twist_relay-9] [INFO] [1790591304.762404338] [rclcpp]: signal_handler(SIGINT/SIGTERM)
[robot_state_publisher-2] [INFO] [1790591304.762649841] [rclcpp]: signal_handler(SIGINT/SIGTERM)
[amcl-12] [0m[INFO] [1790591304.772771689] [amcl]: Cleaning up[0m
[map_server-11] [INFO] [1790591304.772697770] [map_server]: Cleaning up
[map_server-11] [INFO] [1790591304.772812201] [map_server]: Destroying bond (map_server) to lifecycle manager.
[amcl-12] [0m[INFO] [1790591304.796842891] [amcl]: Destroying bond (amcl) to lifecycle manager.[0m
[joy_teleop-4] Traceback (most recent call last):
[joy_teleop-4]   File "/opt/ros/humble/lib/joy_teleop/joy_teleop", line 33, in <module>
[joy_teleop-4]     sys.exit(load_entry_point('joy-teleop==1.6.0', 'console_scripts', 'joy_teleop')())
[joy_teleop-4]   File "/opt/ros/humble/lib/python3.10/site-packages/joy_teleop/joy_teleop.py", line 435, in main
[joy_teleop-4]     rclpy.spin(node)
[joy_teleop-4]   File "/opt/ros/humble/local/lib/python3.10/dist-packages/rclpy/__init__.py", line 229, in spin
[joy_teleop-4]     executor.spin_once()
[joy_teleop-4]   File "/opt/ros/humble/local/lib/python3.10/dist-packages/rclpy/executors.py", line 812, in spin_once
[joy_teleop-4]     self._spin_once_impl(timeout_sec)
[joy_teleop-4]   File "/opt/ros/humble/local/lib/python3.10/dist-packages/rclpy/executors.py", line 801, in _spin_once_impl
[joy_teleop-4]     handler, entity, node = self.wait_for_ready_callbacks(timeout_sec=timeout_sec)
[joy_teleop-4]   File "/opt/ros/humble/local/lib/python3.10/dist-packages/rclpy/executors.py", line 784, in wait_for_ready_callbacks
[joy_teleop-4]     return next(self._cb_iter)
[joy_teleop-4]   File "/opt/ros/humble/local/lib/python3.10/dist-packages/rclpy/executors.py", line 685, in _wait_for_ready_callbacks
[joy_teleop-4]     raise ExternalShutdownException()
[joy_teleop-4] rclpy.executors.ExternalShutdownException
[joystick_relay.py-8] Traceback (most recent call last):
[joystick_relay.py-8]   File "/opt/ros/humble/lib/twist_mux/joystick_relay.py", line 302, in <module>
[joystick_relay.py-8]     main()
[joystick_relay.py-8]   File "/opt/ros/humble/lib/twist_mux/joystick_relay.py", line 293, in main
[joystick_relay.py-8]     rclpy.spin(node)
[joystick_relay.py-8]   File "/opt/ros/humble/local/lib/python3.10/dist-packages/rclpy/__init__.py", line 229, in spin
[joystick_relay.py-8]     executor.spin_once()
[joystick_relay.py-8]   File "/opt/ros/humble/local/lib/python3.10/dist-packages/rclpy/executors.py", line 812, in spin_once
[joystick_relay.py-8]     self._spin_once_impl(timeout_sec)
[joystick_relay.py-8]   File "/opt/ros/humble/local/lib/python3.10/dist-packages/rclpy/executors.py", line 801, in _spin_once_impl
[joystick_relay.py-8]     handler, entity, node = self.wait_for_ready_callbacks(timeout_sec=timeout_sec)
[joystick_relay.py-8]   File "/opt/ros/humble/local/lib/python3.10/dist-packages/rclpy/executors.py", line 784, in wait_for_ready_callbacks
[joystick_relay.py-8]     return next(self._cb_iter)
[joystick_relay.py-8]   File "/opt/ros/humble/local/lib/python3.10/dist-packages/rclpy/executors.py", line 657, in _wait_for_ready_callbacks
[joystick_relay.py-8]     wait_set = _rclpy.WaitSet(
[joystick_relay.py-8] rclpy._rclpy_pybind11.RCLError: failed to initialize wait set: the given context is not valid, either rcl_init() was not called or rcl_shutdown() was called., at ./src/rcl/wait.c:130
[map_server-11] [INFO] [1790591304.918076720] [map_server]: Destroying
[amcl-12] [0m[INFO] [1790591304.925056629] [amcl]: Destroying[0m
[lifecycle_manager-13] [INFO] [1790591304.926326128] [lifecycle_manager_localization]: Destroying lifecycle_manager_localization
[INFO] [twist_mux-6]: process has finished cleanly [pid 158644]
[INFO] [twist_marker-7]: process has finished cleanly [pid 158646]
[INFO] [twist_relay-9]: process has finished cleanly [pid 158658]
[INFO] [ekf_node-14]: process has finished cleanly [pid 158890]
[INFO] [robot_state_publisher-2]: process has finished cleanly [pid 158636]
[INFO] [joy_node-5]: process has finished cleanly [pid 158642]
[INFO] [wheel_imu_fusion-16]: process has finished cleanly [pid 158894]
[INFO] [imu_republisher.py-15]: process has finished cleanly [pid 158892]
[INFO] [lifecycle_manager-13]: process has finished cleanly [pid 158888]
[INFO] [amcl-12]: process has finished cleanly [pid 158886]
[INFO] [map_server-11]: process has finished cleanly [pid 158884]
[INFO] [go2-stance-gait-controller-1]: process has finished cleanly [pid 158634]
[ERROR] [joy_teleop-4]: process has died [pid 158640, exit code 1, cmd '/opt/ros/humble/lib/joy_teleop/joy_teleop --ros-args --params-file /home/molar1/bumperbot_ws/install/robot_lab_controller/share/robot_lab_controller/config/joy_teleop.yaml --params-file /workspace/molar/.tmp/launch_params_jfk70rpy'].
[INFO] [mujoco_spawner-3]: process has finished cleanly [pid 158638]
[ERROR] [joystick_relay.py-8]: process has died [pid 158648, exit code 1, cmd '/opt/ros/humble/lib/twist_mux/joystick_relay.py --ros-args --params-file /workspace/molar/.tmp/launch_params_9cjorpmx --params-file /home/molar1/bumperbot_ws/install/robot_lab_controller/share/robot_lab_controller/config/twist_mux_joy.yaml -r joy_vel_out:=joy_vel -r joy_vel_in:=input_joy/cmd_vel'].
