RETAIN previous real proof asset_turtlebot3_burger-pybullet-loc-nav_empty
RETAIN previous real proof asset_turtlebot3_burger-pybullet-slam-nav_empty
RETAIN previous real proof asset_turtlebot3_burger-pybullet-nav-nav_empty
RETAIN previous real proof asset_turtlebot3_burger-pybullet-nav-nav_obstacle
10:09:47 START asset_turtlebot3_burger-mujoco-loc-nav_empty
10:10:41 END asset_turtlebot3_burger-mujoco-loc-nav_empty 0 True
10:10:41 START asset_turtlebot3_burger-mujoco-slam-nav_empty
10:11:36 END asset_turtlebot3_burger-mujoco-slam-nav_empty 0 True
10:11:36 START asset_turtlebot3_burger-mujoco-nav-nav_empty
10:12:31 END asset_turtlebot3_burger-mujoco-nav-nav_empty 0 True
10:12:31 START asset_turtlebot3_burger-mujoco-nav-nav_obstacle
10:14:21 END asset_turtlebot3_burger-mujoco-nav-nav_obstacle 0 True
10:14:21 START asset_turtlebot3_burger-gazebo-loc-nav_empty
10:15:10 END asset_turtlebot3_burger-gazebo-loc-nav_empty 0 True
10:15:10 START asset_turtlebot3_burger-gazebo-slam-nav_empty
10:15:59 END asset_turtlebot3_burger-gazebo-slam-nav_empty 0 True
10:15:59 START asset_turtlebot3_burger-gazebo-nav-nav_empty
10:16:49 END asset_turtlebot3_burger-gazebo-nav-nav_empty 0 True
10:16:49 START asset_turtlebot3_burger-gazebo-nav-nav_obstacle
10:18:14 END asset_turtlebot3_burger-gazebo-nav-nav_obstacle 0 True
10:18:14 START asset_turtlebot3_burger-isaac-loc-nav_empty
10:19:18 END asset_turtlebot3_burger-isaac-loc-nav_empty 0 True
10:19:18 START asset_turtlebot3_burger-isaac-slam-nav_empty
10:20:28 END asset_turtlebot3_burger-isaac-slam-nav_empty 0 True
10:20:28 START asset_turtlebot3_burger-isaac-nav-nav_empty
10:21:35 END asset_turtlebot3_burger-isaac-nav-nav_empty 0 True
10:21:35 START asset_turtlebot3_burger-isaac-nav-nav_obstacle
10:23:40 END asset_turtlebot3_burger-isaac-nav-nav_obstacle 0 True
10:23:40 START asset_turtlebot3_waffle-pybullet-loc-nav_empty
10:24:24 END asset_turtlebot3_waffle-pybullet-loc-nav_empty 0 True
10:24:24 START asset_turtlebot3_waffle-pybullet-slam-nav_empty
10:25:09 END asset_turtlebot3_waffle-pybullet-slam-nav_empty 0 True
10:25:09 START asset_turtlebot3_waffle-pybullet-nav-nav_empty
10:25:53 END asset_turtlebot3_waffle-pybullet-nav-nav_empty 0 True
10:25:53 START asset_turtlebot3_waffle-pybullet-nav-nav_obstacle
10:27:22 END asset_turtlebot3_waffle-pybullet-nav-nav_obstacle 0 True
10:27:22 START asset_turtlebot3_waffle-mujoco-loc-nav_empty
10:28:19 END asset_turtlebot3_waffle-mujoco-loc-nav_empty 0 True
10:28:19 START asset_turtlebot3_waffle-mujoco-slam-nav_empty
10:29:14 END asset_turtlebot3_waffle-mujoco-slam-nav_empty 0 True
10:29:14 START asset_turtlebot3_waffle-mujoco-nav-nav_empty
10:30:05 END asset_turtlebot3_waffle-mujoco-nav-nav_empty 0 True
10:30:05 START asset_turtlebot3_waffle-mujoco-nav-nav_obstacle
10:32:05 END asset_turtlebot3_waffle-mujoco-nav-nav_obstacle 0 True
10:32:05 START asset_turtlebot3_waffle-gazebo-loc-nav_empty
10:32:54 END asset_turtlebot3_waffle-gazebo-loc-nav_empty 0 True
10:32:54 START asset_turtlebot3_waffle-gazebo-slam-nav_empty
10:33:45 END asset_turtlebot3_waffle-gazebo-slam-nav_empty 0 True
10:33:45 START asset_turtlebot3_waffle-gazebo-nav-nav_empty
10:34:36 END asset_turtlebot3_waffle-gazebo-nav-nav_empty 0 True
10:34:36 START asset_turtlebot3_waffle-gazebo-nav-nav_obstacle
10:36:01 END asset_turtlebot3_waffle-gazebo-nav-nav_obstacle 0 True
10:36:01 START asset_turtlebot3_waffle-isaac-loc-nav_empty
10:37:07 END asset_turtlebot3_waffle-isaac-loc-nav_empty 0 True
10:37:07 START asset_turtlebot3_waffle-isaac-slam-nav_empty
10:38:17 END asset_turtlebot3_waffle-isaac-slam-nav_empty 0 True
10:38:17 START asset_turtlebot3_waffle-isaac-nav-nav_empty
10:39:30 END asset_turtlebot3_waffle-isaac-nav-nav_empty 0 True
10:39:30 START asset_turtlebot3_waffle-isaac-nav-nav_obstacle
10:42:02 END asset_turtlebot3_waffle-isaac-nav-nav_obstacle 0 True
10:42:02 START asset_turtlebot3_waffle_pi-pybullet-loc-nav_empty
10:42:46 END asset_turtlebot3_waffle_pi-pybullet-loc-nav_empty 0 True
10:42:46 START asset_turtlebot3_waffle_pi-pybullet-slam-nav_empty
10:43:32 END asset_turtlebot3_waffle_pi-pybullet-slam-nav_empty 0 True
10:43:32 START asset_turtlebot3_waffle_pi-pybullet-nav-nav_empty
10:44:15 END asset_turtlebot3_waffle_pi-pybullet-nav-nav_empty 0 True
10:44:15 START asset_turtlebot3_waffle_pi-pybullet-nav-nav_obstacle
10:45:48 END asset_turtlebot3_waffle_pi-pybullet-nav-nav_obstacle 0 True
10:45:48 START asset_turtlebot3_waffle_pi-mujoco-loc-nav_empty
10:46:41 END asset_turtlebot3_waffle_pi-mujoco-loc-nav_empty 0 True
10:46:41 START asset_turtlebot3_waffle_pi-mujoco-slam-nav_empty
10:47:33 END asset_turtlebot3_waffle_pi-mujoco-slam-nav_empty 0 True
10:47:33 START asset_turtlebot3_waffle_pi-mujoco-nav-nav_empty
10:48:24 END asset_turtlebot3_waffle_pi-mujoco-nav-nav_empty 0 True
10:48:24 START asset_turtlebot3_waffle_pi-mujoco-nav-nav_obstacle
10:49:29 END asset_turtlebot3_waffle_pi-mujoco-nav-nav_obstacle 1 False
Traceback (most recent call last):
  File "/workspace/molar/robot_lab_runtime/extensions-2026-10-07/turtlebot3/run_workflows.py", line 31, in <module>
    if rc!=0 or not report['passed']:raise RuntimeError('Mode qualification failed: '+key)
RuntimeError: Mode qualification failed: asset_turtlebot3_waffle_pi-mujoco-nav-nav_obstacle
