$ ros2 launch robot_lab_bringup simulated_robot.launch.py robot_model:=asset_turtlebot4_standard simulator:=isaac use_sim_time:=true map_name:=nav_empty world_package:=robot_lab_maps world_name:=nav_empty world_path:=maps/nav_empty/worlds/nav_empty.world map_yaml:=maps/nav_empty/maps/map.yaml mode:=display gui:=false perception:=none
[INFO] [launch]: All log files can be found below /workspace/molar/robot_lab_runtime/ros/log/2026-10-05-20-59-55-681034-molar1-291407
[INFO] [launch]: Default logging verbosity is set to INFO
[INFO] [twist_mux-1]: process started with pid [291424]
[INFO] [robot_state_publisher-2]: process started with pid [291426]
[INFO] [isaac_spawner-3]: process started with pid [291428]
[INFO] [sensor_bridge-4]: process started with pid [291430]
[INFO] [rviz2-5]: process started with pid [291432]
[twist_mux-1] [INFO] [1791226796.649297548] [twist_mux]: Topic handler 'topics.joystick' subscribed to topic 'joy_vel': timeout = 0.500000s , priority = 99.
[twist_mux-1] [INFO] [1791226796.650256653] [twist_mux]: Topic handler 'topics.keyboard' subscribed to topic 'key_vel': timeout = 0.500000s , priority = 90.
[twist_mux-1] [INFO] [1791226796.650478054] [twist_mux]: Topic handler 'topics.navigation' subscribed to topic 'cmd_vel': timeout = 0.500000s , priority = 80.
[robot_state_publisher-2] [WARN] [1791226796.659631458] [kdl_parser]: The root link base_link has an inertia specified in the URDF, but KDL does not support a root link with an inertia.  As a workaround, you can add an extra dummy link to your URDF.
[robot_state_publisher-2] [INFO] [1791226796.660602243] [robot_state_publisher]: got segment base_link
[robot_state_publisher-2] [INFO] [1791226796.660687745] [robot_state_publisher]: got segment bump_front_center
[robot_state_publisher-2] [INFO] [1791226796.660703264] [robot_state_publisher]: got segment bump_front_left
[robot_state_publisher-2] [INFO] [1791226796.660713824] [robot_state_publisher]: got segment bump_front_right
[robot_state_publisher-2] [INFO] [1791226796.660721823] [robot_state_publisher]: got segment bump_left
[robot_state_publisher-2] [INFO] [1791226796.660729055] [robot_state_publisher]: got segment bump_right
[robot_state_publisher-2] [INFO] [1791226796.660736255] [robot_state_publisher]: got segment bumper
[robot_state_publisher-2] [INFO] [1791226796.660743391] [robot_state_publisher]: got segment button_1
[robot_state_publisher-2] [INFO] [1791226796.660751071] [robot_state_publisher]: got segment button_2
[robot_state_publisher-2] [INFO] [1791226796.660758110] [robot_state_publisher]: got segment button_power
[robot_state_publisher-2] [INFO] [1791226796.660765950] [robot_state_publisher]: got segment cliff_front_left
[robot_state_publisher-2] [INFO] [1791226796.660772958] [robot_state_publisher]: got segment cliff_front_right
[robot_state_publisher-2] [INFO] [1791226796.660779934] [robot_state_publisher]: got segment cliff_side_left
[robot_state_publisher-2] [INFO] [1791226796.660787069] [robot_state_publisher]: got segment cliff_side_right
[robot_state_publisher-2] [INFO] [1791226796.660794237] [robot_state_publisher]: got segment front_caster_link
[robot_state_publisher-2] [INFO] [1791226796.660801533] [robot_state_publisher]: got segment front_left_bottom_weight_block
[robot_state_publisher-2] [INFO] [1791226796.660809469] [robot_state_publisher]: got segment front_left_top_weight_block
[robot_state_publisher-2] [INFO] [1791226796.660816924] [robot_state_publisher]: got segment front_left_tower_standoff
[robot_state_publisher-2] [INFO] [1791226796.660824028] [robot_state_publisher]: got segment front_right_bottom_weight_block
[robot_state_publisher-2] [INFO] [1791226796.660831292] [robot_state_publisher]: got segment front_right_top_weight_block
[robot_state_publisher-2] [INFO] [1791226796.660838428] [robot_state_publisher]: got segment front_right_tower_standoff
[robot_state_publisher-2] [INFO] [1791226796.660845852] [robot_state_publisher]: got segment imu_link
[robot_state_publisher-2] [INFO] [1791226796.660853243] [robot_state_publisher]: got segment ir_intensity_front_center_left
[robot_state_publisher-2] [INFO] [1791226796.660860763] [robot_state_publisher]: got segment ir_intensity_front_center_right
[robot_state_publisher-2] [INFO] [1791226796.660868219] [robot_state_publisher]: got segment ir_intensity_front_left
[robot_state_publisher-2] [INFO] [1791226796.660875483] [robot_state_publisher]: got segment ir_intensity_front_right
[robot_state_publisher-2] [INFO] [1791226796.660882842] [robot_state_publisher]: got segment ir_intensity_left
[robot_state_publisher-2] [INFO] [1791226796.660890042] [robot_state_publisher]: got segment ir_intensity_right
[robot_state_publisher-2] [INFO] [1791226796.660897530] [robot_state_publisher]: got segment ir_intensity_side_left
[robot_state_publisher-2] [INFO] [1791226796.660904794] [robot_state_publisher]: got segment ir_omni
[robot_state_publisher-2] [INFO] [1791226796.660912409] [robot_state_publisher]: got segment left_wheel
[robot_state_publisher-2] [INFO] [1791226796.660919993] [robot_state_publisher]: got segment mouse
[robot_state_publisher-2] [INFO] [1791226796.660927801] [robot_state_publisher]: got segment oakd_camera_bracket
[robot_state_publisher-2] [INFO] [1791226796.660936377] [robot_state_publisher]: got segment oakd_imu_frame
[robot_state_publisher-2] [INFO] [1791226796.660954232] [robot_state_publisher]: got segment oakd_left_camera_frame
[robot_state_publisher-2] [INFO] [1791226796.660961624] [robot_state_publisher]: got segment oakd_left_camera_optical_frame
[robot_state_publisher-2] [INFO] [1791226796.660969112] [robot_state_publisher]: got segment oakd_link
[robot_state_publisher-2] [INFO] [1791226796.660976631] [robot_state_publisher]: got segment oakd_rgb_camera_frame
[robot_state_publisher-2] [INFO] [1791226796.660983959] [robot_state_publisher]: got segment oakd_rgb_camera_optical_frame
[robot_state_publisher-2] [INFO] [1791226796.660991351] [robot_state_publisher]: got segment oakd_right_camera_frame
[robot_state_publisher-2] [INFO] [1791226796.660998743] [robot_state_publisher]: got segment oakd_right_camera_optical_frame
[robot_state_publisher-2] [INFO] [1791226796.661006134] [robot_state_publisher]: got segment rear_left_tower_standoff
[robot_state_publisher-2] [INFO] [1791226796.661013558] [robot_state_publisher]: got segment rear_right_tower_standoff
[robot_state_publisher-2] [INFO] [1791226796.661021142] [robot_state_publisher]: got segment right_wheel
[robot_state_publisher-2] [INFO] [1791226796.661028374] [robot_state_publisher]: got segment rplidar_link
[robot_state_publisher-2] [INFO] [1791226796.661113235] [robot_state_publisher]: got segment shell_link
[robot_state_publisher-2] [INFO] [1791226796.661128147] [robot_state_publisher]: got segment tower_sensor_plate
[robot_state_publisher-2] [INFO] [1791226796.661136466] [robot_state_publisher]: got segment wheel_drop_left
[robot_state_publisher-2] [INFO] [1791226796.661144082] [robot_state_publisher]: got segment wheel_drop_right
[sensor_bridge-4] [WARN] [1791226797.061782371] [isaac_sensor_bridge]: Isaac Sim Python API not available. Sensor bridge running in offline mode.
[rviz2-5] [INFO] [1791226797.685505225] [rviz2]: Stereo is NOT SUPPORTED
[rviz2-5] [INFO] [1791226797.685648325] [rviz2]: OpenGl version: 4.5 (GLSL 4.5)
[isaac_spawner-3] [INFO] [1791226798.092212667] [isaac_spawner]: URDF written to /workspace/molar/robot_lab_runtime/tmp/tmpg0sjeuql.urdf
[isaac_spawner-3] [WARN] [1791226798.101278745] [isaac_spawner]: Robot has no 'laser_link' link; /scan originates 0.12 m above the base, as in the PyBullet and MuJoCo bridges.
[isaac_spawner-3] [INFO] [1791226798.111841705] [isaac_spawner]: World 'nav_empty.world': 9 static shape(s) for Isaac, 0 skipped
[isaac_spawner-3] [INFO] [1791226798.112435542] [isaac_spawner]: Launching Isaac runtime: /workspace/molar/installs/IsaacSim-6.0.1/_build/linux-aarch64/release/python.sh /workspace/molar/ros_ws/bumperbot_ws/install/robot_lab_isaac/lib/python3.10/site-packages/robot_lab_isaac/isaac_runtime.py (gui=False)
[isaac_spawner-3] [INFO] [1791226798.113213725] [isaac_spawner]: Isaac runtime LD_PRELOAD: /workspace/molar/installs/IsaacSim-6.0.1/_build/linux-aarch64/release/extsDeprecated/omni.isaac.ml_archive/pip_prebundle/nvidia/nvjitlink/lib/libnvJitLink.so.12 /lib/aarch64-linux-gnu/libgomp.so.1
[rviz2-5] [INFO] [1791226798.329791968] [rviz2]: Stereo is NOT SUPPORTED
[isaac_spawner-3] [INFO] [1791226816.695490064] [isaac_spawner]: Isaac runtime: World shapes created: 9 box
[isaac_spawner-3] [INFO] [1791226816.877693736] [isaac_spawner]: Isaac runtime: Default lighting added: ['/World/robot_lab_lights/dome', '/World/robot_lab_lights/sun']
[isaac_spawner-3] [INFO] [1791226820.235495864] [isaac_spawner]: Isaac runtime: Wheel velocity drives: ['/World/Physics/left_wheel_joint', '/World/Physics/right_wheel_joint']
[isaac_spawner-3] [INFO] [1791226821.516263145] [isaac_spawner]: Isaac runtime: Initial articulation pose (array([-0.5, -0.5,  0.1], dtype=float32), array([1., 0., 0., 0.], dtype=float32)); root body base_link; URDF offset [[0.0, 0.0, 0.0], [1.0, 0.0, 0.0, 0.0]]
[isaac_spawner-3] [INFO] [1791226821.518776537] [isaac_spawner]: Isaac runtime ready (dofs=['wheel_drop_left_joint', 'wheel_drop_right_joint', 'left_wheel_joint', 'right_wheel_joint'])
[isaac_spawner-3] [INFO] [1791226821.519297513] [isaac_spawner]: Isaac runtime: Scan: 360 rays every 12 steps from offset [0.0, 0.0, 0.12] of 'base_link' (root body 'base_link'); 41 robot bodies ignored
[isaac_spawner-3] [INFO] [1791226821.646853870] [isaac_spawner]: Isaac runtime: RGB-D camera /World/Geometry/base_link/shell_link/oakd_camera_bracket/oakd_link/oakd_rgb_camera_frame/robot_lab_rgbd: 320x240 every 12 steps
[WARNING] [launch]: user interrupted with ctrl-c (SIGINT)
[INFO] [rviz2-5]: sending signal 'SIGINT' to process[rviz2-5]
[INFO] [sensor_bridge-4]: sending signal 'SIGINT' to process[sensor_bridge-4]
[INFO] [isaac_spawner-3]: sending signal 'SIGINT' to process[isaac_spawner-3]
[INFO] [robot_state_publisher-2]: sending signal 'SIGINT' to process[robot_state_publisher-2]
[INFO] [twist_mux-1]: sending signal 'SIGINT' to process[twist_mux-1]
[rviz2-5] [INFO] [1791227008.440792189] [rclcpp]: signal_handler(SIGINT/SIGTERM)
[twist_mux-1] [INFO] [1791227008.440786525] [rclcpp]: signal_handler(SIGINT/SIGTERM)
[robot_state_publisher-2] [INFO] [1791227008.440778846] [rclcpp]: signal_handler(SIGINT/SIGTERM)
[isaac_spawner-3] [ERROR] [1791227008.442716705] [isaac_spawner]: FIFO read failed: Failed to publish: publisher's context is invalid, at ./src/rcl/publisher.c:389
[isaac_spawner-3] Failed to publish log message to rosout: publisher's context is invalid, at ./src/rcl/publisher.c:389
[rviz2-5] [INFO] [1791227008.445745794] [rclcpp]: signal_handler(SIGINT/SIGTERM)
[isaac_spawner-3] Traceback (most recent call last):
[isaac_spawner-3]   File "/workspace/molar/ros_ws/bumperbot_ws/install/robot_lab_isaac/lib/python3.10/site-packages/robot_lab_isaac/isaac_spawner.py", line 981, in main
[sensor_bridge-4] Traceback (most recent call last):
[sensor_bridge-4]   File "/workspace/molar/ros_ws/bumperbot_ws/install/robot_lab_isaac/lib/robot_lab_isaac/sensor_bridge", line 33, in <module>
[sensor_bridge-4]     sys.exit(load_entry_point('robot_lab_isaac==0.1.0', 'console_scripts', 'sensor_bridge')())
[sensor_bridge-4]   File "/workspace/molar/ros_ws/bumperbot_ws/install/robot_lab_isaac/lib/python3.10/site-packages/robot_lab_isaac/sensor_bridge.py", line 39, in main
[isaac_spawner-3]     rclpy.spin(node)
[isaac_spawner-3]   File "/opt/ros/humble/local/lib/python3.10/dist-packages/rclpy/__init__.py", line 229, in spin
[isaac_spawner-3]     executor.spin_once()
[isaac_spawner-3]   File "/opt/ros/humble/local/lib/python3.10/dist-packages/rclpy/executors.py", line 812, in spin_once
[robot_state_publisher-2] [INFO] [1791227008.448416943] [rclcpp]: signal_handler(SIGINT/SIGTERM)
[ERROR] [twist_mux-1]: process has died [pid 291424, exit code -2, cmd '/opt/ros/humble/lib/twist_mux/twist_mux --ros-args --params-file /workspace/molar/ros_ws/bumperbot_ws/install/robot_lab_controller/share/robot_lab_controller/config/twist_mux_topics.yaml --params-file /workspace/molar/robot_lab_runtime/tmp/launch_params_9rpe535b -r cmd_vel_out:=/robot_lab_controller/cmd_vel_unstamped'].
[isaac_spawner-3]     self._spin_once_impl(timeout_sec)
[isaac_spawner-3]   File "/opt/ros/humble/local/lib/python3.10/dist-packages/rclpy/executors.py", line 809, in _spin_once_impl
[isaac_spawner-3]     raise handler.exception()
[isaac_spawner-3]   File "/opt/ros/humble/local/lib/python3.10/dist-packages/rclpy/task.py", line 309, in _execute_coroutine_step
[isaac_spawner-3]     result = coro.send(None)
[isaac_spawner-3]   File "/opt/ros/humble/local/lib/python3.10/dist-packages/rclpy/executors.py", line 478, in handler
[isaac_spawner-3]     arg = take_from_wait_list(entity)
[isaac_spawner-3]   File "/opt/ros/humble/local/lib/python3.10/dist-packages/rclpy/executors.py", line 400, in _take_subscription
[isaac_spawner-3]     msg_info = sub.handle.take_message(sub.msg_type, sub.raw)
[isaac_spawner-3] RuntimeError: Unable to convert call argument to Python object (compile in debug mode for details)
[isaac_spawner-3] 
[isaac_spawner-3] During handling of the above exception, another exception occurred:
[isaac_spawner-3] 
[isaac_spawner-3] Traceback (most recent call last):
[isaac_spawner-3]   File "/workspace/molar/ros_ws/bumperbot_ws/install/robot_lab_isaac/lib/robot_lab_isaac/isaac_spawner", line 33, in <module>
[isaac_spawner-3]     sys.exit(load_entry_point('robot_lab_isaac==0.1.0', 'console_scripts', 'isaac_spawner')())
[isaac_spawner-3]   File "/workspace/molar/ros_ws/bumperbot_ws/install/robot_lab_isaac/lib/python3.10/site-packages/robot_lab_isaac/isaac_spawner.py", line 988, in main
[sensor_bridge-4]     node.destroy_node()
[sensor_bridge-4]   File "/opt/ros/humble/local/lib/python3.10/dist-packages/rclpy/node.py", line 1691, in destroy_node
[isaac_spawner-3]     node.shutdown()
[isaac_spawner-3]   File "/workspace/molar/ros_ws/bumperbot_ws/install/robot_lab_isaac/lib/python3.10/site-packages/robot_lab_isaac/isaac_spawner.py", line 955, in shutdown
[isaac_spawner-3]     outcome = _terminate_runtime(proc)
[isaac_spawner-3]   File "/workspace/molar/ros_ws/bumperbot_ws/install/robot_lab_isaac/lib/python3.10/site-packages/robot_lab_isaac/isaac_spawner.py", line 190, in _terminate_runtime
[sensor_bridge-4]     self.destroy_service(self._services[0])
[sensor_bridge-4]   File "/opt/ros/humble/local/lib/python3.10/dist-packages/rclpy/node.py", line 1615, in destroy_service
[isaac_spawner-3]     if wait_for_group(graceful_timeout):
[isaac_spawner-3]   File "/workspace/molar/ros_ws/bumperbot_ws/install/robot_lab_isaac/lib/python3.10/site-packages/robot_lab_isaac/isaac_spawner.py", line 183, in wait_for_group
[sensor_bridge-4]     service.destroy()
[sensor_bridge-4]   File "/opt/ros/humble/local/lib/python3.10/dist-packages/rclpy/service.py", line 93, in destroy
[sensor_bridge-4]     self.__service.destroy_when_not_in_use()
[sensor_bridge-4] KeyboardInterrupt
[isaac_spawner-3]     time.sleep(0.05)
[isaac_spawner-3] KeyboardInterrupt
[ERROR] [isaac_spawner-3]: process has died [pid 291428, exit code -2, cmd '/workspace/molar/ros_ws/bumperbot_ws/install/robot_lab_isaac/lib/robot_lab_isaac/isaac_spawner --ros-args -r __node:=isaac_spawner --params-file /workspace/molar/robot_lab_runtime/tmp/launch_params_amqgpuen'].
[INFO] [robot_state_publisher-2]: process has finished cleanly [pid 291426]
[ERROR] [sensor_bridge-4]: process has died [pid 291430, exit code -2, cmd '/workspace/molar/ros_ws/bumperbot_ws/install/robot_lab_isaac/lib/robot_lab_isaac/sensor_bridge --ros-args -r __node:=isaac_sensor_bridge --params-file /workspace/molar/robot_lab_runtime/tmp/launch_params_xtp774x2'].
[INFO] [rviz2-5]: process has finished cleanly [pid 291432]

[launch exited with code 0]

