[INFO] [launch]: All log files can be found below /home/molar1/.ros/log/2026-09-28-14-25-00-104733-molar1-243767
[INFO] [launch]: Default logging verbosity is set to INFO
[robot_lab] algorithm localization=amcl -> global_localization stack
[robot_lab] algorithm state_estimation=ekf_localization_node -> local_localization stack
[robot_lab] algorithm sensor_fusion=wheel_imu_fusion -> node robot_lab_algorithms/wheel_imu_fusion
[INFO] [go2-stance-gait-controller-1]: process started with pid [243811]
[INFO] [robot_state_publisher-2]: process started with pid [243813]
[INFO] [mujoco_spawner-3]: process started with pid [243815]
[INFO] [joy_teleop-4]: process started with pid [243817]
[INFO] [joy_node-5]: process started with pid [243819]
[INFO] [twist_mux-6]: process started with pid [243821]
[INFO] [twist_marker-7]: process started with pid [243823]
[INFO] [joystick_relay.py-8]: process started with pid [243825]
[INFO] [twist_relay-9]: process started with pid [243827]
[INFO] [simulator_ready_gate-10]: process started with pid [243829]
[twist_mux-6] [INFO] [1790598301.052917582] [twist_mux]: Topic handler 'topics.joystick' subscribed to topic 'joy_vel': timeout = 0.500000s , priority = 99.
[twist_mux-6] [INFO] [1790598301.054559810] [twist_mux]: Topic handler 'topics.keyboard' subscribed to topic 'key_vel': timeout = 0.500000s , priority = 90.
[twist_mux-6] [INFO] [1790598301.054981847] [twist_mux]: Topic handler 'topics.navigation' subscribed to topic 'cmd_vel': timeout = 0.500000s , priority = 80.
[twist_mux-6] [INFO] [1790598301.055232580] [twist_mux]: Topic handler 'locks.safety_stop' subscribed to topic 'safety_stop': timeout = None , priority = 255.
[robot_state_publisher-2] [INFO] [1790598301.086601928] [robot_state_publisher]: got segment FL_calf
[robot_state_publisher-2] [INFO] [1790598301.090941350] [robot_state_publisher]: got segment FL_calf_rotor
[robot_state_publisher-2] [INFO] [1790598301.092592858] [robot_state_publisher]: got segment FL_foot
[robot_state_publisher-2] [INFO] [1790598301.093895517] [robot_state_publisher]: got segment FL_hip
[robot_state_publisher-2] [INFO] [1790598301.094937586] [robot_state_publisher]: got segment FL_hip_rotor
[robot_state_publisher-2] [INFO] [1790598301.095732027] [robot_state_publisher]: got segment FL_thigh
[robot_state_publisher-2] [INFO] [1790598301.096948473] [robot_state_publisher]: got segment FL_thigh_rotor
[robot_state_publisher-2] [INFO] [1790598301.098432069] [robot_state_publisher]: got segment FR_calf
[robot_state_publisher-2] [INFO] [1790598301.099469978] [robot_state_publisher]: got segment FR_calf_rotor
[robot_state_publisher-2] [INFO] [1790598301.100126651] [robot_state_publisher]: got segment FR_foot
[robot_state_publisher-2] [INFO] [1790598301.100764252] [robot_state_publisher]: got segment FR_hip
[robot_state_publisher-2] [INFO] [1790598301.101822290] [robot_state_publisher]: got segment FR_hip_rotor
[robot_state_publisher-2] [INFO] [1790598301.102375150] [robot_state_publisher]: got segment FR_thigh
[robot_state_publisher-2] [INFO] [1790598301.103759093] [robot_state_publisher]: got segment FR_thigh_rotor
[robot_state_publisher-2] [INFO] [1790598301.104381013] [robot_state_publisher]: got segment RL_calf
[robot_state_publisher-2] [INFO] [1790598301.104982035] [robot_state_publisher]: got segment RL_calf_rotor
[robot_state_publisher-2] [INFO] [1790598301.105547600] [robot_state_publisher]: got segment RL_foot
[robot_state_publisher-2] [INFO] [1790598301.106139791] [robot_state_publisher]: got segment RL_hip
[robot_state_publisher-2] [INFO] [1790598301.106733517] [robot_state_publisher]: got segment RL_hip_rotor
[robot_state_publisher-2] [INFO] [1790598301.106755726] [robot_state_publisher]: got segment RL_thigh
[robot_state_publisher-2] [INFO] [1790598301.106767183] [robot_state_publisher]: got segment RL_thigh_rotor
[robot_state_publisher-2] [INFO] [1790598301.106776911] [robot_state_publisher]: got segment RR_calf
[robot_state_publisher-2] [INFO] [1790598301.106786000] [robot_state_publisher]: got segment RR_calf_rotor
[robot_state_publisher-2] [INFO] [1790598301.106796240] [robot_state_publisher]: got segment RR_foot
[robot_state_publisher-2] [INFO] [1790598301.106804209] [robot_state_publisher]: got segment RR_hip
[robot_state_publisher-2] [INFO] [1790598301.106812273] [robot_state_publisher]: got segment RR_hip_rotor
[robot_state_publisher-2] [INFO] [1790598301.106819569] [robot_state_publisher]: got segment RR_thigh
[robot_state_publisher-2] [INFO] [1790598301.106827186] [robot_state_publisher]: got segment RR_thigh_rotor
[robot_state_publisher-2] [INFO] [1790598301.106835314] [robot_state_publisher]: got segment base
[robot_state_publisher-2] [INFO] [1790598301.106842771] [robot_state_publisher]: got segment front_camera
[robot_state_publisher-2] [INFO] [1790598301.106850419] [robot_state_publisher]: got segment imu_link
[robot_state_publisher-2] [INFO] [1790598301.106859507] [robot_state_publisher]: got segment trunk
[go2-stance-gait-controller-1] [0;93m2026-09-28 14:25:01.828086587 [W:onnxruntime:Default, device_discovery.cc:164 DiscoverDevicesForPlatform] GPU device discovery failed: device_discovery.cc:89 ReadFileContents Failed to open file: "/sys/class/drm/card1/device/vendor"[m
[go2-stance-gait-controller-1] [INFO] [1790598301.907531577] [go2_stance_gait_controller]: Go2 closed-loop stance: 12 effort joints at 250.0 Hz; controller ONNX velocity policy
[mujoco_spawner-3] [INFO] [1790598303.077129041] [mujoco_spawner]: MuJoCo: 18 collision proxy geom(s) moved to group 3 (viewer Rendering tab to show them).
[mujoco_spawner-3] [INFO] [1790598303.124124778] [mujoco_spawner]: MuJoCo URDF import OK (all meshes staged).
[mujoco_spawner-3] [WARN] [1790598303.134957106] [mujoco_spawner]: MuJoCo effort plant: no MJCF beside /home/molar1/bumperbot_ws/install/robot_lab_robots/share/robot_lab_robots/unitree/go2_description/xacro/go2_sim.xacro names every effort joint; keeping the URDF <dynamics> (damping=5.0 is a Gazebo stabiliser the robot does not have).
[mujoco_spawner-3] [INFO] [1790598303.179613715] [mujoco_spawner]: MuJoCo physics timestep: 0.0010 s
[mujoco_spawner-3] [INFO] [1790598303.181623162] [mujoco_spawner]: Robot has no 'oakd_rgb_camera_frame' link; no RGB-D camera is published.
[mujoco_spawner-3] [INFO] [1790598303.182793909] [mujoco_spawner]: Joints: ['FR_hip_joint', 'FR_thigh_joint', 'FR_calf_joint', 'FL_hip_joint', 'FL_thigh_joint', 'FL_calf_joint', 'RR_hip_joint', 'RR_thigh_joint', 'RR_calf_joint', 'RL_hip_joint', 'RL_thigh_joint', 'RL_calf_joint']   lw= rw=
[mujoco_spawner-3] [INFO] [1790598303.185189167] [mujoco_spawner]: MuJoCo effort joint armature: 0.0100 kg m^2
[mujoco_spawner-3] [INFO] [1790598303.186749599] [mujoco_spawner]: Joint effort input: /go2_group_effort_controller/commands (12 joints, URDF limits)
[mujoco_spawner-3] [INFO] [1790598303.188436852] [mujoco_spawner]: Spawn ground clearance: raised root by 0.1665 m
[mujoco_spawner-3] [INFO] [1790598303.189212892] [mujoco_spawner]: MuJoCo model loaded: 14 bodies, 13 joints
[mujoco_spawner-3] [INFO] [1790598303.189727894] [mujoco_spawner]: MuJoCo gui param=False (resolved=False), DISPLAY=:1 -> mode=DIRECT
[mujoco_spawner-3] [INFO] [1790598303.190462172] [mujoco_spawner]: MuJoCo running headless (gui=False, viewer=True).
[mujoco_spawner-3] [INFO] [1790598303.194444614] [mujoco_spawner]: MuJoCo spawner running.
[go2-stance-gait-controller-1] [WARN] [1790598303.199902620] [go2_stance_gait_controller]: Go2 safety safe_stop: tilt 1.40 rad exceeds fall threshold
[go2-stance-gait-controller-1] [INFO] [1790598303.201239360] [go2_stance_gait_controller]: Go2 recovery idle
[go2-stance-gait-controller-1] [INFO] [1790598303.321202684] [go2_stance_gait_controller]: Go2 recovery attempting:tuck
[INFO] [simulator_ready_gate-10]: process has finished cleanly [pid 243829]
[INFO] [amcl-12]: process started with pid [244103]
[INFO] [map_server-11]: process started with pid [244100]
[INFO] [lifecycle_manager-13]: process started with pid [244105]
[INFO] [ekf_node-14]: process started with pid [244108]
[INFO] [imu_republisher.py-15]: process started with pid [244111]
[INFO] [wheel_imu_fusion-16]: process started with pid [244113]
[lifecycle_manager-13] [INFO] [1790598303.591987094] [lifecycle_manager_localization]: Creating
[lifecycle_manager-13] [INFO] [1790598303.603599206] [lifecycle_manager_localization]: [34m[1mCreating and initializing lifecycle service clients[0m[0m
[map_server-11] [INFO] [1790598303.617987874] [map_server]: 
[map_server-11] 	map_server lifecycle node launched. 
[map_server-11] 	Waiting on external lifecycle transitions to activate
[map_server-11] 	See https://design.ros2.org/articles/node_lifecycle.html for more information.
[map_server-11] [INFO] [1790598303.618448314] [map_server]: Creating
[lifecycle_manager-13] [INFO] [1790598303.633997073] [lifecycle_manager_localization]: [34m[1mStarting managed nodes bringup...[0m[0m
[lifecycle_manager-13] [INFO] [1790598303.634139960] [lifecycle_manager_localization]: [34m[1mConfiguring map_server[0m[0m
[amcl-12] [0m[INFO] [1790598303.646222176] [amcl]: 
[amcl-12] 	amcl lifecycle node launched. 
[amcl-12] 	Waiting on external lifecycle transitions to activate
[amcl-12] 	See https://design.ros2.org/articles/node_lifecycle.html for more information.[0m
[amcl-12] [0m[INFO] [1790598303.647672969] [amcl]: Creating[0m
[map_server-11] [INFO] [1790598303.657752075] [map_server]: Configuring
[map_server-11] [INFO] [1790598303.657892850] [map_io]: Loading yaml file: /home/molar1/bumperbot_ws/install/robot_lab_maps/share/robot_lab_maps/maps/nav_empty/maps/map.yaml
[map_server-11] [INFO] [1790598303.658333640] [map_io]: resolution: 0.05
[map_server-11] [INFO] [1790598303.658356169] [map_io]: origin[0]: -7
[map_server-11] [INFO] [1790598303.658363018] [map_io]: origin[1]: -7
[map_server-11] [INFO] [1790598303.658367626] [map_io]: origin[2]: 0
[map_server-11] [INFO] [1790598303.658372618] [map_io]: free_thresh: 0.196
[map_server-11] [INFO] [1790598303.658377546] [map_io]: occupied_thresh: 0.65
[map_server-11] [INFO] [1790598303.658383595] [map_io]: mode: trinary
[map_server-11] [INFO] [1790598303.658390027] [map_io]: negate: 0
[map_server-11] [INFO] [1790598303.658704443] [map_io]: Loading image_file: /home/molar1/bumperbot_ws/install/robot_lab_maps/share/robot_lab_maps/maps/nav_empty/maps/map.pgm
[map_server-11] [INFO] [1790598303.669474591] [map_io]: Read map /home/molar1/bumperbot_ws/install/robot_lab_maps/share/robot_lab_maps/maps/nav_empty/maps/map.pgm: 280 X 280 map @ 0.05 m/cell
[lifecycle_manager-13] [INFO] [1790598303.680104733] [lifecycle_manager_localization]: [34m[1mConfiguring amcl[0m[0m
[amcl-12] [0m[INFO] [1790598303.680430413] [amcl]: Configuring[0m
[amcl-12] [0m[INFO] [1790598303.680601782] [amcl]: initTransforms[0m
[amcl-12] [0m[INFO] [1790598303.696452509] [amcl]: initPubSub[0m
[amcl-12] [0m[INFO] [1790598303.701636933] [amcl]: Subscribed to map topic.[0m
[lifecycle_manager-13] [INFO] [1790598303.708144720] [lifecycle_manager_localization]: [34m[1mActivating map_server[0m[0m
[map_server-11] [INFO] [1790598303.709308044] [map_server]: Activating
[map_server-11] [INFO] [1790598303.709607195] [map_server]: Creating bond (map_server) to lifecycle manager.
[amcl-12] [0m[INFO] [1790598303.714618298] [amcl]: Received a 280 X 280 map @ 0.050 m/pix[0m
[go2-stance-gait-controller-1] [INFO] [1790598303.721890828] [go2_stance_gait_controller]: Go2 recovery attempting:roll
[lifecycle_manager-13] [INFO] [1790598303.813251096] [lifecycle_manager_localization]: Server map_server connected with bond.
[lifecycle_manager-13] [INFO] [1790598303.813340732] [lifecycle_manager_localization]: [34m[1mActivating amcl[0m[0m
[amcl-12] [0m[INFO] [1790598303.813660300] [amcl]: Activating[0m
[amcl-12] [0m[INFO] [1790598303.813748881] [amcl]: initialPoseReceived[0m
[amcl-12] [0m[INFO] [1790598303.813952859] [amcl]: Setting pose (0.416000): -0.500 -0.500 0.000[0m
[amcl-12] [0m[INFO] [1790598303.814546041] [amcl]: Creating bond (amcl) to lifecycle manager.[0m
[amcl-12] [0m[INFO] [1790598303.836873098] [amcl]: createLaserObject[0m
[lifecycle_manager-13] [INFO] [1790598303.917761024] [lifecycle_manager_localization]: Server amcl connected with bond.
[lifecycle_manager-13] [INFO] [1790598303.917838084] [lifecycle_manager_localization]: [34m[1mManaged nodes are active[0m[0m
[lifecycle_manager-13] [INFO] [1790598303.917859429] [lifecycle_manager_localization]: [34m[1mCreating bond timer...[0m[0m
[wheel_imu_fusion-16] [INFO] [1790598304.256462626] [sensor_fusion_wheel_imu_fusion]: wheel_imu_fusion ready
[go2-stance-gait-controller-1] [INFO] [1790598304.436517118] [go2_stance_gait_controller]: Go2 recovery attempting:tuck
[go2-stance-gait-controller-1] [INFO] [1790598304.838079665] [go2_stance_gait_controller]: Go2 recovery attempting:crouch
[go2-stance-gait-controller-1] [INFO] [1790598305.438248800] [go2_stance_gait_controller]: Go2 recovery attempting:stand
[go2-stance-gait-controller-1] [INFO] [1790598306.235362856] [go2_stance_gait_controller]: Go2 recovery succeeded:stand
[lifecycle_manager-13] [INFO] [1790598326.736986805] [rclcpp]: signal_handler(SIGINT/SIGTERM)
[lifecycle_manager-13] [INFO] [1790598326.737166526] [lifecycle_manager_localization]: Running Nav2 LifecycleManager rcl preshutdown (lifecycle_manager_localization)
[lifecycle_manager-13] [INFO] [1790598326.737255490] [lifecycle_manager_localization]: [34m[1mTerminating bond timer...[0m[0m
[map_server-11] [INFO] [1790598326.737542224] [rclcpp]: signal_handler(SIGINT/SIGTERM)
[twist_mux-6] [INFO] [1790598326.737542640] [rclcpp]: signal_handler(SIGINT/SIGTERM)
[joy_node-5] [INFO] [1790598326.737538448] [rclcpp]: signal_handler(SIGINT/SIGTERM)
[amcl-12] [0m[INFO] [1790598326.738104651] [rclcpp]: signal_handler(SIGINT/SIGTERM)[0m
[amcl-12] [0m[INFO] [1790598326.738244914] [amcl]: Running Nav2 LifecycleNode rcl preshutdown (amcl)[0m
[amcl-12] [0m[INFO] [1790598326.738361208] [amcl]: Deactivating[0m
[amcl-12] [0m[INFO] [1790598326.738407834] [amcl]: Destroying bond (amcl) to lifecycle manager.[0m
[twist_relay-9] [INFO] [1790598326.737660566] [rclcpp]: signal_handler(SIGINT/SIGTERM)
[twist_marker-7] [INFO] [1790598326.738211889] [rclcpp]: signal_handler(SIGINT/SIGTERM)
[ekf_node-14] [INFO] [1790598326.738983574] [rclcpp]: signal_handler(SIGINT/SIGTERM)
[map_server-11] [INFO] [1790598326.739631670] [map_server]: Running Nav2 LifecycleNode rcl preshutdown (map_server)
[map_server-11] [INFO] [1790598326.740116653] [map_server]: Deactivating
[map_server-11] [INFO] [1790598326.740159119] [map_server]: Destroying bond (map_server) to lifecycle manager.
[robot_state_publisher-2] [INFO] [1790598326.742497249] [rclcpp]: signal_handler(SIGINT/SIGTERM)
[amcl-12] [0m[INFO] [1790598326.748975003] [amcl]: Cleaning up[0m
[map_server-11] [INFO] [1790598326.750550760] [map_server]: Cleaning up
[map_server-11] [INFO] [1790598326.750869527] [map_server]: Destroying bond (map_server) to lifecycle manager.
[amcl-12] [0m[INFO] [1790598326.764797403] [amcl]: Destroying bond (amcl) to lifecycle manager.[0m
[joy_teleop-4] Traceback (most recent call last):
[joy_teleop-4]   File "/opt/ros/humble/lib/joy_teleop/joy_teleop", line 33, in <module>
[joy_teleop-4]     sys.exit(load_entry_point('joy-teleop==1.6.0', 'console_scripts', 'joy_teleop')())
[joy_teleop-4]   File "/opt/ros/humble/lib/python3.10/site-packages/joy_teleop/joy_teleop.py", line 435, in main
[joy_teleop-4]     rclpy.spin(node)
[joy_teleop-4]   File "/opt/ros/humble/local/lib/python3.10/dist-packages/rclpy/__init__.py", line 229, in spin
[joy_teleop-4]     executor.spin_once()
[joy_teleop-4]   File "/opt/ros/humble/local/lib/python3.10/dist-packages/rclpy/executors.py", line 812, in spin_once
[joy_teleop-4]     self._spin_once_impl(timeout_sec)
[joy_teleop-4]   File "/opt/ros/humble/local/lib/python3.10/dist-packages/rclpy/executors.py", line 801, in _spin_once_impl
[joy_teleop-4]     handler, entity, node = self.wait_for_ready_callbacks(timeout_sec=timeout_sec)
[joy_teleop-4]   File "/opt/ros/humble/local/lib/python3.10/dist-packages/rclpy/executors.py", line 784, in wait_for_ready_callbacks
[joy_teleop-4]     return next(self._cb_iter)
[joy_teleop-4]   File "/opt/ros/humble/local/lib/python3.10/dist-packages/rclpy/executors.py", line 685, in _wait_for_ready_callbacks
[joy_teleop-4]     raise ExternalShutdownException()
[joy_teleop-4] rclpy.executors.ExternalShutdownException
[joystick_relay.py-8] Traceback (most recent call last):
[joystick_relay.py-8]   File "/opt/ros/humble/lib/twist_mux/joystick_relay.py", line 302, in <module>
[joystick_relay.py-8]     main()
[joystick_relay.py-8]   File "/opt/ros/humble/lib/twist_mux/joystick_relay.py", line 293, in main
[joystick_relay.py-8]     rclpy.spin(node)
[joystick_relay.py-8]   File "/opt/ros/humble/local/lib/python3.10/dist-packages/rclpy/__init__.py", line 229, in spin
[joystick_relay.py-8]     executor.spin_once()
[joystick_relay.py-8]   File "/opt/ros/humble/local/lib/python3.10/dist-packages/rclpy/executors.py", line 812, in spin_once
[joystick_relay.py-8]     self._spin_once_impl(timeout_sec)
[joystick_relay.py-8]   File "/opt/ros/humble/local/lib/python3.10/dist-packages/rclpy/executors.py", line 801, in _spin_once_impl
[joystick_relay.py-8]     handler, entity, node = self.wait_for_ready_callbacks(timeout_sec=timeout_sec)
[joystick_relay.py-8]   File "/opt/ros/humble/local/lib/python3.10/dist-packages/rclpy/executors.py", line 784, in wait_for_ready_callbacks
[joystick_relay.py-8]     return next(self._cb_iter)
[joystick_relay.py-8]   File "/opt/ros/humble/local/lib/python3.10/dist-packages/rclpy/executors.py", line 657, in _wait_for_ready_callbacks
[joystick_relay.py-8]     wait_set = _rclpy.WaitSet(
[joystick_relay.py-8] rclpy._rclpy_pybind11.RCLError: failed to initialize wait set: the given context is not valid, either rcl_init() was not called or rcl_shutdown() was called., at ./src/rcl/wait.c:130
[map_server-11] [INFO] [1790598326.914503455] [map_server]: Destroying
[amcl-12] [0m[INFO] [1790598326.919488017] [amcl]: Destroying[0m
[lifecycle_manager-13] [INFO] [1790598326.920149137] [lifecycle_manager_localization]: Destroying lifecycle_manager_localization
[INFO] [twist_marker-7]: process has finished cleanly [pid 243823]
[INFO] [joy_node-5]: process has finished cleanly [pid 243819]
[INFO] [twist_relay-9]: process has finished cleanly [pid 243827]
[INFO] [twist_mux-6]: process has finished cleanly [pid 243821]
[INFO] [ekf_node-14]: process has finished cleanly [pid 244108]
[INFO] [robot_state_publisher-2]: process has finished cleanly [pid 243813]
[INFO] [wheel_imu_fusion-16]: process has finished cleanly [pid 244113]
[INFO] [imu_republisher.py-15]: process has finished cleanly [pid 244111]
[INFO] [amcl-12]: process has finished cleanly [pid 244103]
[INFO] [map_server-11]: process has finished cleanly [pid 244100]
[INFO] [go2-stance-gait-controller-1]: process has finished cleanly [pid 243811]
[ERROR] [joy_teleop-4]: process has died [pid 243817, exit code 1, cmd '/opt/ros/humble/lib/joy_teleop/joy_teleop --ros-args --params-file /home/molar1/bumperbot_ws/install/robot_lab_controller/share/robot_lab_controller/config/joy_teleop.yaml --params-file /workspace/molar/.tmp/launch_params_6vio1swy'].
[INFO] [mujoco_spawner-3]: process has finished cleanly [pid 243815]
[INFO] [lifecycle_manager-13]: process has finished cleanly [pid 244105]
[ERROR] [joystick_relay.py-8]: process has died [pid 243825, exit code 1, cmd '/opt/ros/humble/lib/twist_mux/joystick_relay.py --ros-args --params-file /workspace/molar/.tmp/launch_params_afprfcpq --params-file /home/molar1/bumperbot_ws/install/robot_lab_controller/share/robot_lab_controller/config/twist_mux_joy.yaml -r joy_vel_out:=joy_vel -r joy_vel_in:=input_joy/cmd_vel'].
