[INFO] [launch]: All log files can be found below /home/molar1/.ros/log/2026-09-25-19-25-02-993112-molar1-1621573
[INFO] [launch]: Default logging verbosity is set to INFO
[robot_lab] algorithm localization=amcl -> global_localization stack
[robot_lab] algorithm state_estimation=ekf_localization_node -> local_localization stack
[robot_lab] algorithm sensor_fusion=wheel_imu_fusion -> node robot_lab_algorithms/wheel_imu_fusion
[INFO] [go2-stance-gait-controller-1]: process started with pid [1621631]
[INFO] [robot_state_publisher-2]: process started with pid [1621633]
[INFO] [mujoco_spawner-3]: process started with pid [1621635]
[INFO] [joy_teleop-4]: process started with pid [1621637]
[INFO] [joy_node-5]: process started with pid [1621639]
[INFO] [twist_mux-6]: process started with pid [1621641]
[INFO] [twist_marker-7]: process started with pid [1621643]
[INFO] [joystick_relay.py-8]: process started with pid [1621645]
[INFO] [twist_relay-9]: process started with pid [1621647]
[INFO] [simulator_ready_gate-10]: process started with pid [1621649]
[twist_mux-6] [INFO] [1790357103.895316029] [twist_mux]: Topic handler 'topics.joystick' subscribed to topic 'joy_vel': timeout = 0.500000s , priority = 99.
[twist_mux-6] [INFO] [1790357103.896713963] [twist_mux]: Topic handler 'topics.keyboard' subscribed to topic 'key_vel': timeout = 0.500000s , priority = 90.
[twist_mux-6] [INFO] [1790357103.897021952] [twist_mux]: Topic handler 'topics.navigation' subscribed to topic 'cmd_vel': timeout = 0.500000s , priority = 80.
[twist_mux-6] [INFO] [1790357103.897365140] [twist_mux]: Topic handler 'locks.safety_stop' subscribed to topic 'safety_stop': timeout = None , priority = 255.
[robot_state_publisher-2] [INFO] [1790357103.907642566] [robot_state_publisher]: got segment FL_calf
[robot_state_publisher-2] [INFO] [1790357103.908901657] [robot_state_publisher]: got segment FL_calf_rotor
[robot_state_publisher-2] [INFO] [1790357103.909715068] [robot_state_publisher]: got segment FL_foot
[robot_state_publisher-2] [INFO] [1790357103.910307623] [robot_state_publisher]: got segment FL_hip
[robot_state_publisher-2] [INFO] [1790357103.910332582] [robot_state_publisher]: got segment FL_hip_rotor
[robot_state_publisher-2] [INFO] [1790357103.910344486] [robot_state_publisher]: got segment FL_thigh
[robot_state_publisher-2] [INFO] [1790357103.910354470] [robot_state_publisher]: got segment FL_thigh_rotor
[robot_state_publisher-2] [INFO] [1790357103.910363653] [robot_state_publisher]: got segment FR_calf
[robot_state_publisher-2] [INFO] [1790357103.910372101] [robot_state_publisher]: got segment FR_calf_rotor
[robot_state_publisher-2] [INFO] [1790357103.910380197] [robot_state_publisher]: got segment FR_foot
[robot_state_publisher-2] [INFO] [1790357103.910387748] [robot_state_publisher]: got segment FR_hip
[robot_state_publisher-2] [INFO] [1790357103.910395652] [robot_state_publisher]: got segment FR_hip_rotor
[robot_state_publisher-2] [INFO] [1790357103.910406052] [robot_state_publisher]: got segment FR_thigh
[robot_state_publisher-2] [INFO] [1790357103.910415011] [robot_state_publisher]: got segment FR_thigh_rotor
[robot_state_publisher-2] [INFO] [1790357103.910422595] [robot_state_publisher]: got segment RL_calf
[robot_state_publisher-2] [INFO] [1790357103.910430883] [robot_state_publisher]: got segment RL_calf_rotor
[robot_state_publisher-2] [INFO] [1790357103.910456386] [robot_state_publisher]: got segment RL_foot
[robot_state_publisher-2] [INFO] [1790357103.910467330] [robot_state_publisher]: got segment RL_hip
[robot_state_publisher-2] [INFO] [1790357103.910475009] [robot_state_publisher]: got segment RL_hip_rotor
[robot_state_publisher-2] [INFO] [1790357103.910482209] [robot_state_publisher]: got segment RL_thigh
[robot_state_publisher-2] [INFO] [1790357103.910489953] [robot_state_publisher]: got segment RL_thigh_rotor
[robot_state_publisher-2] [INFO] [1790357103.910497441] [robot_state_publisher]: got segment RR_calf
[robot_state_publisher-2] [INFO] [1790357103.910527071] [robot_state_publisher]: got segment RR_calf_rotor
[robot_state_publisher-2] [INFO] [1790357103.910538399] [robot_state_publisher]: got segment RR_foot
[robot_state_publisher-2] [INFO] [1790357103.910546175] [robot_state_publisher]: got segment RR_hip
[robot_state_publisher-2] [INFO] [1790357103.910553727] [robot_state_publisher]: got segment RR_hip_rotor
[robot_state_publisher-2] [INFO] [1790357103.910561310] [robot_state_publisher]: got segment RR_thigh
[robot_state_publisher-2] [INFO] [1790357103.910579230] [robot_state_publisher]: got segment RR_thigh_rotor
[robot_state_publisher-2] [INFO] [1790357103.910588541] [robot_state_publisher]: got segment base
[robot_state_publisher-2] [INFO] [1790357103.910596765] [robot_state_publisher]: got segment front_camera
[robot_state_publisher-2] [INFO] [1790357103.910603709] [robot_state_publisher]: got segment imu_link
[robot_state_publisher-2] [INFO] [1790357103.910612124] [robot_state_publisher]: got segment trunk
[go2-stance-gait-controller-1] [0;93m2026-09-25 19:25:04.602826902 [W:onnxruntime:Default, device_discovery.cc:164 DiscoverDevicesForPlatform] GPU device discovery failed: device_discovery.cc:89 ReadFileContents Failed to open file: "/sys/class/drm/card1/device/vendor"[m
[go2-stance-gait-controller-1] [INFO] [1790357104.696301626] [go2_stance_gait_controller]: Go2 closed-loop stance: 12 effort joints at 250.0 Hz; controller ONNX velocity policy
[mujoco_spawner-3] [INFO] [1790357105.909072471] [mujoco_spawner]: MuJoCo: 18 collision proxy geom(s) moved to group 3 (viewer Rendering tab to show them).
[mujoco_spawner-3] [INFO] [1790357105.958905580] [mujoco_spawner]: MuJoCo URDF import OK (all meshes staged).
[mujoco_spawner-3] [WARN] [1790357105.967545304] [mujoco_spawner]: MuJoCo effort plant: no MJCF beside /home/molar1/bumperbot_ws/install/robot_lab_robots/share/robot_lab_robots/unitree/go2_description/xacro/go2_sim.xacro names every effort joint; keeping the URDF <dynamics> (damping=5.0 is a Gazebo stabiliser the robot does not have).
[mujoco_spawner-3] [INFO] [1790357106.009964725] [mujoco_spawner]: MuJoCo physics timestep: 0.0010 s
[mujoco_spawner-3] [INFO] [1790357106.011536701] [mujoco_spawner]: Robot has no 'oakd_rgb_camera_frame' link; no RGB-D camera is published.
[mujoco_spawner-3] [INFO] [1790357106.012402526] [mujoco_spawner]: Joints: ['FR_hip_joint', 'FR_thigh_joint', 'FR_calf_joint', 'FL_hip_joint', 'FL_thigh_joint', 'FL_calf_joint', 'RR_hip_joint', 'RR_thigh_joint', 'RR_calf_joint', 'RL_hip_joint', 'RL_thigh_joint', 'RL_calf_joint']   lw= rw=
[mujoco_spawner-3] [INFO] [1790357106.014371960] [mujoco_spawner]: MuJoCo effort joint armature: 0.0100 kg m^2
[mujoco_spawner-3] [INFO] [1790357106.015667402] [mujoco_spawner]: Joint effort input: /go2_group_effort_controller/commands (12 joints, URDF limits)
[mujoco_spawner-3] [INFO] [1790357106.017102519] [mujoco_spawner]: Spawn ground clearance: raised root by 0.2050 m
[mujoco_spawner-3] [INFO] [1790357106.017896923] [mujoco_spawner]: MuJoCo model loaded: 14 bodies, 13 joints
[mujoco_spawner-3] [INFO] [1790357106.018439528] [mujoco_spawner]: MuJoCo gui param=False (resolved=False), DISPLAY=:1 -> mode=DIRECT
[mujoco_spawner-3] [INFO] [1790357106.018943990] [mujoco_spawner]: MuJoCo running headless (gui=False, viewer=True).
[mujoco_spawner-3] [INFO] [1790357106.023499796] [mujoco_spawner]: MuJoCo spawner running.
[INFO] [simulator_ready_gate-10]: process has finished cleanly [pid 1621649]
[INFO] [amcl-12]: process started with pid [1621897]
[INFO] [map_server-11]: process started with pid [1621895]
[INFO] [lifecycle_manager-13]: process started with pid [1621899]
[INFO] [ekf_node-14]: process started with pid [1621901]
[INFO] [imu_republisher.py-15]: process started with pid [1621903]
[INFO] [wheel_imu_fusion-16]: process started with pid [1621905]
[lifecycle_manager-13] [INFO] [1790357106.434329074] [lifecycle_manager_localization]: Creating
[amcl-12] [0m[INFO] [1790357106.440838603] [amcl]: 
[amcl-12] 	amcl lifecycle node launched. 
[amcl-12] 	Waiting on external lifecycle transitions to activate
[amcl-12] 	See https://design.ros2.org/articles/node_lifecycle.html for more information.[0m
[lifecycle_manager-13] [INFO] [1790357106.441831271] [lifecycle_manager_localization]: [34m[1mCreating and initializing lifecycle service clients[0m[0m
[amcl-12] [0m[INFO] [1790357106.442479184] [amcl]: Creating[0m
[map_server-11] [INFO] [1790357106.449681936] [map_server]: 
[map_server-11] 	map_server lifecycle node launched. 
[map_server-11] 	Waiting on external lifecycle transitions to activate
[map_server-11] 	See https://design.ros2.org/articles/node_lifecycle.html for more information.
[map_server-11] [INFO] [1790357106.449965190] [map_server]: Creating
[lifecycle_manager-13] [INFO] [1790357106.499314669] [lifecycle_manager_localization]: [34m[1mStarting managed nodes bringup...[0m[0m
[lifecycle_manager-13] [INFO] [1790357106.499553669] [lifecycle_manager_localization]: [34m[1mConfiguring map_server[0m[0m
[map_server-11] [INFO] [1790357106.500665053] [map_server]: Configuring
[map_server-11] [INFO] [1790357106.500813624] [map_io]: Loading yaml file: /home/molar1/bumperbot_ws/install/robot_lab_maps/share/robot_lab_maps/maps/nav_empty/maps/map.yaml
[map_server-11] [INFO] [1790357106.501647386] [map_io]: resolution: 0.05
[map_server-11] [INFO] [1790357106.501687129] [map_io]: origin[0]: -7
[map_server-11] [INFO] [1790357106.501696249] [map_io]: origin[1]: -7
[map_server-11] [INFO] [1790357106.501701113] [map_io]: origin[2]: 0
[map_server-11] [INFO] [1790357106.501706424] [map_io]: free_thresh: 0.196
[map_server-11] [INFO] [1790357106.501711288] [map_io]: occupied_thresh: 0.65
[map_server-11] [INFO] [1790357106.501717784] [map_io]: mode: trinary
[map_server-11] [INFO] [1790357106.501725048] [map_io]: negate: 0
[map_server-11] [INFO] [1790357106.502159848] [map_io]: Loading image_file: /home/molar1/bumperbot_ws/install/robot_lab_maps/share/robot_lab_maps/maps/nav_empty/maps/map.pgm
[map_server-11] [INFO] [1790357106.514074753] [map_io]: Read map /home/molar1/bumperbot_ws/install/robot_lab_maps/share/robot_lab_maps/maps/nav_empty/maps/map.pgm: 280 X 280 map @ 0.05 m/cell
[lifecycle_manager-13] [INFO] [1790357106.529818770] [lifecycle_manager_localization]: [34m[1mConfiguring amcl[0m[0m
[amcl-12] [0m[INFO] [1790357106.530237347] [amcl]: Configuring[0m
[amcl-12] [0m[INFO] [1790357106.530410749] [amcl]: initTransforms[0m
[amcl-12] [0m[INFO] [1790357106.548708563] [amcl]: initPubSub[0m
[amcl-12] [0m[INFO] [1790357106.558142404] [amcl]: Subscribed to map topic.[0m
[lifecycle_manager-13] [INFO] [1790357106.565976269] [lifecycle_manager_localization]: [34m[1mActivating map_server[0m[0m
[map_server-11] [INFO] [1790357106.566317889] [map_server]: Activating
[map_server-11] [INFO] [1790357106.566623446] [map_server]: Creating bond (map_server) to lifecycle manager.
[amcl-12] [0m[INFO] [1790357106.593390271] [amcl]: Received a 280 X 280 map @ 0.050 m/pix[0m
[lifecycle_manager-13] [INFO] [1790357106.677374328] [lifecycle_manager_localization]: Server map_server connected with bond.
[lifecycle_manager-13] [INFO] [1790357106.677484692] [lifecycle_manager_localization]: [34m[1mActivating amcl[0m[0m
[amcl-12] [0m[INFO] [1790357106.677774218] [amcl]: Activating[0m
[amcl-12] [0m[INFO] [1790357106.677874342] [amcl]: initialPoseReceived[0m
[amcl-12] [0m[INFO] [1790357106.678106366] [amcl]: Setting pose (0.552000): -0.500 -0.500 0.000[0m
[amcl-12] [0m[INFO] [1790357106.678691913] [amcl]: Creating bond (amcl) to lifecycle manager.[0m
[lifecycle_manager-13] [INFO] [1790357106.791706618] [lifecycle_manager_localization]: Server amcl connected with bond.
[lifecycle_manager-13] [INFO] [1790357106.791823926] [lifecycle_manager_localization]: [34m[1mManaged nodes are active[0m[0m
[lifecycle_manager-13] [INFO] [1790357106.791848053] [lifecycle_manager_localization]: [34m[1mCreating bond timer...[0m[0m
[amcl-12] [0m[INFO] [1790357106.800935571] [amcl]: createLaserObject[0m
[wheel_imu_fusion-16] [INFO] [1790357107.182759674] [sensor_fusion_wheel_imu_fusion]: wheel_imu_fusion ready
[go2-stance-gait-controller-1] [WARN] [1790357110.132965215] [go2_stance_gait_controller]: Go2 safety warn: tilt 0.36 rad exceeds warn threshold
[go2-stance-gait-controller-1] [WARN] [1790357110.276591162] [go2_stance_gait_controller]: Go2 safety safe_stop: tilt 0.70 rad exceeds fall threshold
[twist_marker-7] [INFO] [1790357127.026152806] [rclcpp]: signal_handler(SIGINT/SIGTERM)
[lifecycle_manager-13] [INFO] [1790357127.026151910] [rclcpp]: signal_handler(SIGINT/SIGTERM)
[lifecycle_manager-13] [INFO] [1790357127.026324544] [lifecycle_manager_localization]: Running Nav2 LifecycleManager rcl preshutdown (lifecycle_manager_localization)
[twist_relay-9] [INFO] [1790357127.026184037] [rclcpp]: signal_handler(SIGINT/SIGTERM)
[ekf_node-14] [INFO] [1790357127.026186276] [rclcpp]: signal_handler(SIGINT/SIGTERM)
[lifecycle_manager-13] [INFO] [1790357127.026421628] [lifecycle_manager_localization]: [34m[1mTerminating bond timer...[0m[0m
[twist_mux-6] [INFO] [1790357127.026488058] [rclcpp]: signal_handler(SIGINT/SIGTERM)
[map_server-11] [INFO] [1790357127.026526456] [rclcpp]: signal_handler(SIGINT/SIGTERM)
[map_server-11] [INFO] [1790357127.026645684] [map_server]: Running Nav2 LifecycleNode rcl preshutdown (map_server)
[map_server-11] [INFO] [1790357127.026754896] [map_server]: Deactivating
[map_server-11] [INFO] [1790357127.026778128] [map_server]: Destroying bond (map_server) to lifecycle manager.
[amcl-12] [0m[INFO] [1790357127.026563671] [rclcpp]: signal_handler(SIGINT/SIGTERM)[0m
[amcl-12] [0m[INFO] [1790357127.026863629] [amcl]: Running Nav2 LifecycleNode rcl preshutdown (amcl)[0m
[joy_node-5] [INFO] [1790357127.026728913] [rclcpp]: signal_handler(SIGINT/SIGTERM)
[robot_state_publisher-2] [INFO] [1790357127.027218496] [rclcpp]: signal_handler(SIGINT/SIGTERM)
[amcl-12] [0m[INFO] [1790357127.028502515] [amcl]: Deactivating[0m
[amcl-12] [0m[INFO] [1790357127.030062012] [amcl]: Destroying bond (amcl) to lifecycle manager.[0m
[map_server-11] [INFO] [1790357127.037132867] [map_server]: Cleaning up
[map_server-11] [INFO] [1790357127.037244159] [map_server]: Destroying bond (map_server) to lifecycle manager.
[amcl-12] [0m[INFO] [1790357127.041715170] [amcl]: Cleaning up[0m
[amcl-12] [0m[INFO] [1790357127.063750011] [amcl]: Destroying bond (amcl) to lifecycle manager.[0m
[joy_teleop-4] Traceback (most recent call last):
[joy_teleop-4]   File "/opt/ros/humble/lib/joy_teleop/joy_teleop", line 33, in <module>
[joy_teleop-4]     sys.exit(load_entry_point('joy-teleop==1.6.0', 'console_scripts', 'joy_teleop')())
[joy_teleop-4]   File "/opt/ros/humble/lib/python3.10/site-packages/joy_teleop/joy_teleop.py", line 435, in main
[joy_teleop-4]     rclpy.spin(node)
[joy_teleop-4]   File "/opt/ros/humble/local/lib/python3.10/dist-packages/rclpy/__init__.py", line 229, in spin
[joy_teleop-4]     executor.spin_once()
[joy_teleop-4]   File "/opt/ros/humble/local/lib/python3.10/dist-packages/rclpy/executors.py", line 812, in spin_once
[joy_teleop-4]     self._spin_once_impl(timeout_sec)
[joy_teleop-4]   File "/opt/ros/humble/local/lib/python3.10/dist-packages/rclpy/executors.py", line 801, in _spin_once_impl
[joy_teleop-4]     handler, entity, node = self.wait_for_ready_callbacks(timeout_sec=timeout_sec)
[joy_teleop-4]   File "/opt/ros/humble/local/lib/python3.10/dist-packages/rclpy/executors.py", line 784, in wait_for_ready_callbacks
[joy_teleop-4]     return next(self._cb_iter)
[joy_teleop-4]   File "/opt/ros/humble/local/lib/python3.10/dist-packages/rclpy/executors.py", line 685, in _wait_for_ready_callbacks
[joy_teleop-4]     raise ExternalShutdownException()
[joy_teleop-4] rclpy.executors.ExternalShutdownException
[map_server-11] [INFO] [1790357127.170632298] [map_server]: Destroying
[lifecycle_manager-13] [INFO] [1790357127.180831715] [lifecycle_manager_localization]: Destroying lifecycle_manager_localization
[amcl-12] [0m[INFO] [1790357127.182808382] [amcl]: Destroying[0m
[INFO] [twist_mux-6]: process has finished cleanly [pid 1621641]
[INFO] [joy_node-5]: process has finished cleanly [pid 1621639]
[INFO] [twist_relay-9]: process has finished cleanly [pid 1621647]
[INFO] [robot_state_publisher-2]: process has finished cleanly [pid 1621633]
[INFO] [twist_marker-7]: process has finished cleanly [pid 1621643]
[INFO] [ekf_node-14]: process has finished cleanly [pid 1621901]
[go2-stance-gait-controller-1] Traceback (most recent call last):
[go2-stance-gait-controller-1]   File "/home/molar1/bumperbot_ws/install/robot_lab_adapter/lib/robot_lab_adapter/go2-stance-gait-controller", line 33, in <module>
[go2-stance-gait-controller-1]     sys.exit(load_entry_point('robot_lab_adapter==0.1.0', 'console_scripts', 'go2-stance-gait-controller')())
[go2-stance-gait-controller-1]   File "/home/molar1/bumperbot_ws/install/robot_lab_adapter/lib/python3.10/site-packages/robot_lab_adapter/go2_stance_gait_controller.py", line 286, in main
[go2-stance-gait-controller-1]     rclpy.spin(node)
[go2-stance-gait-controller-1]   File "/opt/ros/humble/local/lib/python3.10/dist-packages/rclpy/__init__.py", line 229, in spin
[go2-stance-gait-controller-1]     executor.spin_once()
[go2-stance-gait-controller-1]   File "/opt/ros/humble/local/lib/python3.10/dist-packages/rclpy/executors.py", line 812, in spin_once
[go2-stance-gait-controller-1]     self._spin_once_impl(timeout_sec)
[go2-stance-gait-controller-1]   File "/opt/ros/humble/local/lib/python3.10/dist-packages/rclpy/executors.py", line 801, in _spin_once_impl
[go2-stance-gait-controller-1]     handler, entity, node = self.wait_for_ready_callbacks(timeout_sec=timeout_sec)
[go2-stance-gait-controller-1]   File "/opt/ros/humble/local/lib/python3.10/dist-packages/rclpy/executors.py", line 784, in wait_for_ready_callbacks
[go2-stance-gait-controller-1]     return next(self._cb_iter)
[go2-stance-gait-controller-1]   File "/opt/ros/humble/local/lib/python3.10/dist-packages/rclpy/executors.py", line 657, in _wait_for_ready_callbacks
[go2-stance-gait-controller-1]     wait_set = _rclpy.WaitSet(
[go2-stance-gait-controller-1] rclpy._rclpy_pybind11.RCLError: failed to initialize wait set: the given context is not valid, either rcl_init() was not called or rcl_shutdown() was called., at ./src/rcl/wait.c:130
[imu_republisher.py-15] Traceback (most recent call last):
[imu_republisher.py-15]   File "/home/molar1/bumperbot_ws/install/robot_lab_localization/lib/robot_lab_localization/imu_republisher.py", line 54, in <module>
[imu_republisher.py-15]     main()
[imu_republisher.py-15]   File "/home/molar1/bumperbot_ws/install/robot_lab_localization/lib/robot_lab_localization/imu_republisher.py", line 45, in main
[imu_republisher.py-15]     rclpy.spin(node)
[imu_republisher.py-15]   File "/opt/ros/humble/local/lib/python3.10/dist-packages/rclpy/__init__.py", line 229, in spin
[imu_republisher.py-15]     executor.spin_once()
[imu_republisher.py-15]   File "/opt/ros/humble/local/lib/python3.10/dist-packages/rclpy/executors.py", line 812, in spin_once
[imu_republisher.py-15]     self._spin_once_impl(timeout_sec)
[imu_republisher.py-15]   File "/opt/ros/humble/local/lib/python3.10/dist-packages/rclpy/executors.py", line 801, in _spin_once_impl
[imu_republisher.py-15]     handler, entity, node = self.wait_for_ready_callbacks(timeout_sec=timeout_sec)
[imu_republisher.py-15]   File "/opt/ros/humble/local/lib/python3.10/dist-packages/rclpy/executors.py", line 784, in wait_for_ready_callbacks
[imu_republisher.py-15]     return next(self._cb_iter)
[imu_republisher.py-15]   File "/opt/ros/humble/local/lib/python3.10/dist-packages/rclpy/executors.py", line 685, in _wait_for_ready_callbacks
[imu_republisher.py-15]     raise ExternalShutdownException()
[imu_republisher.py-15] rclpy.executors.ExternalShutdownException
[INFO] [wheel_imu_fusion-16]: process has finished cleanly [pid 1621905]
[INFO] [map_server-11]: process has finished cleanly [pid 1621895]
[INFO] [lifecycle_manager-13]: process has finished cleanly [pid 1621899]
[INFO] [amcl-12]: process has finished cleanly [pid 1621897]
[INFO] [mujoco_spawner-3]: process has finished cleanly [pid 1621635]
[INFO] [joystick_relay.py-8]: process has finished cleanly [pid 1621645]
[ERROR] [joy_teleop-4]: process has died [pid 1621637, exit code 1, cmd '/opt/ros/humble/lib/joy_teleop/joy_teleop --ros-args --params-file /home/molar1/bumperbot_ws/install/robot_lab_controller/share/robot_lab_controller/config/joy_teleop.yaml --params-file /workspace/molar/.tmp/launch_params_9_8d183u'].
[ERROR] [imu_republisher.py-15]: process has died [pid 1621903, exit code 1, cmd '/home/molar1/bumperbot_ws/install/robot_lab_localization/lib/robot_lab_localization/imu_republisher.py --ros-args --params-file /workspace/molar/.tmp/launch_params_r48pha2x'].
[ERROR] [go2-stance-gait-controller-1]: process has died [pid 1621631, exit code 1, cmd '/home/molar1/bumperbot_ws/install/robot_lab_adapter/lib/robot_lab_adapter/go2-stance-gait-controller --ros-args --params-file /workspace/molar/.tmp/launch_params_jzesisl4'].
