[INFO] [launch]: All log files can be found below /home/molar1/.ros/log/2026-09-25-15-44-39-011147-molar1-1448830
[INFO] [launch]: Default logging verbosity is set to INFO
[robot_lab] algorithm localization=amcl -> global_localization stack
[robot_lab] algorithm state_estimation=ekf_localization_node -> local_localization stack
[robot_lab] algorithm sensor_fusion=wheel_imu_fusion -> node robot_lab_algorithms/wheel_imu_fusion
[INFO] [go2-stance-gait-controller-1]: process started with pid [1448873]
[INFO] [robot_state_publisher-2]: process started with pid [1448875]
[INFO] [mujoco_spawner-3]: process started with pid [1448877]
[INFO] [joy_teleop-4]: process started with pid [1448879]
[INFO] [joy_node-5]: process started with pid [1448881]
[INFO] [twist_mux-6]: process started with pid [1448883]
[INFO] [twist_marker-7]: process started with pid [1448885]
[INFO] [joystick_relay.py-8]: process started with pid [1448887]
[INFO] [twist_relay-9]: process started with pid [1448889]
[INFO] [simulator_ready_gate-10]: process started with pid [1448891]
[twist_mux-6] [INFO] [1790343879.936612547] [twist_mux]: Topic handler 'topics.joystick' subscribed to topic 'joy_vel': timeout = 0.500000s , priority = 99.
[twist_mux-6] [INFO] [1790343879.938554020] [twist_mux]: Topic handler 'topics.keyboard' subscribed to topic 'key_vel': timeout = 0.500000s , priority = 90.
[twist_mux-6] [INFO] [1790343879.938780213] [twist_mux]: Topic handler 'topics.navigation' subscribed to topic 'cmd_vel': timeout = 0.500000s , priority = 80.
[twist_mux-6] [INFO] [1790343879.938943146] [twist_mux]: Topic handler 'locks.safety_stop' subscribed to topic 'safety_stop': timeout = None , priority = 255.
[robot_state_publisher-2] [INFO] [1790343879.947789220] [robot_state_publisher]: got segment FL_calf
[robot_state_publisher-2] [INFO] [1790343879.948130286] [robot_state_publisher]: got segment FL_calf_rotor
[robot_state_publisher-2] [INFO] [1790343879.948161708] [robot_state_publisher]: got segment FL_foot
[robot_state_publisher-2] [INFO] [1790343879.948172619] [robot_state_publisher]: got segment FL_hip
[robot_state_publisher-2] [INFO] [1790343879.948180619] [robot_state_publisher]: got segment FL_hip_rotor
[robot_state_publisher-2] [INFO] [1790343879.948188202] [robot_state_publisher]: got segment FL_thigh
[robot_state_publisher-2] [INFO] [1790343879.948195594] [robot_state_publisher]: got segment FL_thigh_rotor
[robot_state_publisher-2] [INFO] [1790343879.948256966] [robot_state_publisher]: got segment FR_calf
[robot_state_publisher-2] [INFO] [1790343879.948270565] [robot_state_publisher]: got segment FR_calf_rotor
[robot_state_publisher-2] [INFO] [1790343879.948279684] [robot_state_publisher]: got segment FR_foot
[robot_state_publisher-2] [INFO] [1790343879.948287108] [robot_state_publisher]: got segment FR_hip
[robot_state_publisher-2] [INFO] [1790343879.948294435] [robot_state_publisher]: got segment FR_hip_rotor
[robot_state_publisher-2] [INFO] [1790343879.948301923] [robot_state_publisher]: got segment FR_thigh
[robot_state_publisher-2] [INFO] [1790343879.948309026] [robot_state_publisher]: got segment FR_thigh_rotor
[robot_state_publisher-2] [INFO] [1790343879.948316418] [robot_state_publisher]: got segment RL_calf
[robot_state_publisher-2] [INFO] [1790343879.948323553] [robot_state_publisher]: got segment RL_calf_rotor
[robot_state_publisher-2] [INFO] [1790343879.948330433] [robot_state_publisher]: got segment RL_foot
[robot_state_publisher-2] [INFO] [1790343879.948337312] [robot_state_publisher]: got segment RL_hip
[robot_state_publisher-2] [INFO] [1790343879.948344608] [robot_state_publisher]: got segment RL_hip_rotor
[robot_state_publisher-2] [INFO] [1790343879.948351519] [robot_state_publisher]: got segment RL_thigh
[robot_state_publisher-2] [INFO] [1790343879.948358591] [robot_state_publisher]: got segment RL_thigh_rotor
[robot_state_publisher-2] [INFO] [1790343879.948365342] [robot_state_publisher]: got segment RR_calf
[robot_state_publisher-2] [INFO] [1790343879.948372638] [robot_state_publisher]: got segment RR_calf_rotor
[robot_state_publisher-2] [INFO] [1790343879.948379997] [robot_state_publisher]: got segment RR_foot
[robot_state_publisher-2] [INFO] [1790343879.948386557] [robot_state_publisher]: got segment RR_hip
[robot_state_publisher-2] [INFO] [1790343879.948393565] [robot_state_publisher]: got segment RR_hip_rotor
[robot_state_publisher-2] [INFO] [1790343879.948400412] [robot_state_publisher]: got segment RR_thigh
[robot_state_publisher-2] [INFO] [1790343879.948407452] [robot_state_publisher]: got segment RR_thigh_rotor
[robot_state_publisher-2] [INFO] [1790343879.948414267] [robot_state_publisher]: got segment base
[robot_state_publisher-2] [INFO] [1790343879.948421083] [robot_state_publisher]: got segment front_camera
[robot_state_publisher-2] [INFO] [1790343879.948428026] [robot_state_publisher]: got segment imu_link
[robot_state_publisher-2] [INFO] [1790343879.948434938] [robot_state_publisher]: got segment trunk
[go2-stance-gait-controller-1] [0;93m2026-09-25 15:44:40.589198706 [W:onnxruntime:Default, device_discovery.cc:164 DiscoverDevicesForPlatform] GPU device discovery failed: device_discovery.cc:89 ReadFileContents Failed to open file: "/sys/class/drm/card1/device/vendor"[m
[go2-stance-gait-controller-1] [INFO] [1790343880.663736655] [go2_stance_gait_controller]: Go2 closed-loop stance: 12 effort joints at 250.0 Hz; controller ONNX velocity policy
[mujoco_spawner-3] [INFO] [1790343881.850837741] [mujoco_spawner]: MuJoCo: 18 collision proxy geom(s) moved to group 3 (viewer Rendering tab to show them).
[mujoco_spawner-3] [INFO] [1790343881.897620909] [mujoco_spawner]: MuJoCo URDF import OK (all meshes staged).
[mujoco_spawner-3] [WARN] [1790343881.907312496] [mujoco_spawner]: MuJoCo effort plant: no MJCF beside /home/molar1/bumperbot_ws/install/robot_lab_robots/share/robot_lab_robots/unitree/go2_description/xacro/go2_sim.xacro names every effort joint; keeping the URDF <dynamics> (damping=5.0 is a Gazebo stabiliser the robot does not have).
[mujoco_spawner-3] [INFO] [1790343881.954898939] [mujoco_spawner]: MuJoCo physics timestep: 0.0010 s
[mujoco_spawner-3] [INFO] [1790343881.956404792] [mujoco_spawner]: Robot has no 'oakd_rgb_camera_frame' link; no RGB-D camera is published.
[mujoco_spawner-3] [INFO] [1790343881.957253504] [mujoco_spawner]: Joints: ['FR_hip_joint', 'FR_thigh_joint', 'FR_calf_joint', 'FL_hip_joint', 'FL_thigh_joint', 'FL_calf_joint', 'RR_hip_joint', 'RR_thigh_joint', 'RR_calf_joint', 'RL_hip_joint', 'RL_thigh_joint', 'RL_calf_joint']   lw= rw=
[mujoco_spawner-3] [INFO] [1790343881.959192353] [mujoco_spawner]: MuJoCo effort joint armature: 0.0100 kg m^2
[mujoco_spawner-3] [INFO] [1790343881.960462605] [mujoco_spawner]: Joint effort input: /go2_group_effort_controller/commands (12 joints, URDF limits)
[mujoco_spawner-3] [INFO] [1790343881.961916590] [mujoco_spawner]: Spawn ground clearance: raised root by 0.2050 m
[mujoco_spawner-3] [INFO] [1790343881.962750103] [mujoco_spawner]: MuJoCo model loaded: 14 bodies, 13 joints
[mujoco_spawner-3] [INFO] [1790343881.963290068] [mujoco_spawner]: MuJoCo gui param=False (resolved=False), DISPLAY=:1 -> mode=DIRECT
[mujoco_spawner-3] [INFO] [1790343881.963772084] [mujoco_spawner]: MuJoCo running headless (gui=False, viewer=True).
[mujoco_spawner-3] [INFO] [1790343881.973222599] [mujoco_spawner]: MuJoCo spawner running.
[INFO] [simulator_ready_gate-10]: process has finished cleanly [pid 1448891]
[INFO] [amcl-12]: process started with pid [1449138]
[INFO] [map_server-11]: process started with pid [1449136]
[INFO] [lifecycle_manager-13]: process started with pid [1449140]
[INFO] [ekf_node-14]: process started with pid [1449142]
[INFO] [imu_republisher.py-15]: process started with pid [1449144]
[INFO] [wheel_imu_fusion-16]: process started with pid [1449146]
[lifecycle_manager-13] [INFO] [1790343882.389128134] [lifecycle_manager_localization]: Creating
[map_server-11] [INFO] [1790343882.401020761] [map_server]: 
[map_server-11] 	map_server lifecycle node launched. 
[map_server-11] 	Waiting on external lifecycle transitions to activate
[map_server-11] 	See https://design.ros2.org/articles/node_lifecycle.html for more information.
[map_server-11] [INFO] [1790343882.402560436] [map_server]: Creating
[amcl-12] [0m[INFO] [1790343882.405554192] [amcl]: 
[amcl-12] 	amcl lifecycle node launched. 
[amcl-12] 	Waiting on external lifecycle transitions to activate
[amcl-12] 	See https://design.ros2.org/articles/node_lifecycle.html for more information.[0m
[amcl-12] [0m[INFO] [1790343882.411184094] [amcl]: Creating[0m
[lifecycle_manager-13] [INFO] [1790343882.421568373] [lifecycle_manager_localization]: [34m[1mCreating and initializing lifecycle service clients[0m[0m
[lifecycle_manager-13] [INFO] [1790343882.554703603] [lifecycle_manager_localization]: [34m[1mStarting managed nodes bringup...[0m[0m
[lifecycle_manager-13] [INFO] [1790343882.555483744] [lifecycle_manager_localization]: [34m[1mConfiguring map_server[0m[0m
[map_server-11] [INFO] [1790343882.556163667] [map_server]: Configuring
[map_server-11] [INFO] [1790343882.556283372] [map_io]: Loading yaml file: /home/molar1/bumperbot_ws/install/robot_lab_maps/share/robot_lab_maps/maps/nav_empty/maps/map.yaml
[map_server-11] [INFO] [1790343882.556697584] [map_io]: resolution: 0.05
[map_server-11] [INFO] [1790343882.556714799] [map_io]: origin[0]: -7
[map_server-11] [INFO] [1790343882.556720335] [map_io]: origin[1]: -7
[map_server-11] [INFO] [1790343882.556724655] [map_io]: origin[2]: 0
[map_server-11] [INFO] [1790343882.556729710] [map_io]: free_thresh: 0.196
[map_server-11] [INFO] [1790343882.556734606] [map_io]: occupied_thresh: 0.65
[map_server-11] [INFO] [1790343882.556740494] [map_io]: mode: trinary
[map_server-11] [INFO] [1790343882.556747341] [map_io]: negate: 0
[map_server-11] [INFO] [1790343882.557026779] [map_io]: Loading image_file: /home/molar1/bumperbot_ws/install/robot_lab_maps/share/robot_lab_maps/maps/nav_empty/maps/map.pgm
[map_server-11] [INFO] [1790343882.567489228] [map_io]: Read map /home/molar1/bumperbot_ws/install/robot_lab_maps/share/robot_lab_maps/maps/nav_empty/maps/map.pgm: 280 X 280 map @ 0.05 m/cell
[lifecycle_manager-13] [INFO] [1790343882.576525563] [lifecycle_manager_localization]: [34m[1mConfiguring amcl[0m[0m
[amcl-12] [0m[INFO] [1790343882.576857477] [amcl]: Configuring[0m
[amcl-12] [0m[INFO] [1790343882.577040121] [amcl]: initTransforms[0m
[amcl-12] [0m[INFO] [1790343882.591222870] [amcl]: initPubSub[0m
[amcl-12] [0m[INFO] [1790343882.606405170] [amcl]: Subscribed to map topic.[0m
[lifecycle_manager-13] [INFO] [1790343882.620460760] [lifecycle_manager_localization]: [34m[1mActivating map_server[0m[0m
[map_server-11] [INFO] [1790343882.620807905] [map_server]: Activating
[map_server-11] [INFO] [1790343882.621141387] [map_server]: Creating bond (map_server) to lifecycle manager.
[amcl-12] [0m[INFO] [1790343882.621595405] [amcl]: Received a 280 X 280 map @ 0.050 m/pix[0m
[lifecycle_manager-13] [INFO] [1790343882.726267800] [lifecycle_manager_localization]: Server map_server connected with bond.
[lifecycle_manager-13] [INFO] [1790343882.726360625] [lifecycle_manager_localization]: [34m[1mActivating amcl[0m[0m
[amcl-12] [0m[INFO] [1790343882.726742040] [amcl]: Activating[0m
[amcl-12] [0m[INFO] [1790343882.726879823] [amcl]: initialPoseReceived[0m
[amcl-12] [0m[INFO] [1790343882.728361966] [amcl]: Setting pose (0.620000): -0.500 -0.500 0.000[0m
[amcl-12] [0m[INFO] [1790343882.729871563] [amcl]: Creating bond (amcl) to lifecycle manager.[0m
[amcl-12] [0m[INFO] [1790343882.748838382] [amcl]: createLaserObject[0m
[lifecycle_manager-13] [INFO] [1790343882.834947099] [lifecycle_manager_localization]: Server amcl connected with bond.
[lifecycle_manager-13] [INFO] [1790343882.835040021] [lifecycle_manager_localization]: [34m[1mManaged nodes are active[0m[0m
[lifecycle_manager-13] [INFO] [1790343882.835067699] [lifecycle_manager_localization]: [34m[1mCreating bond timer...[0m[0m
[wheel_imu_fusion-16] [INFO] [1790343883.080879218] [sensor_fusion_wheel_imu_fusion]: wheel_imu_fusion ready
[lifecycle_manager-13] [INFO] [1790343890.399402338] [rclcpp]: signal_handler(SIGINT/SIGTERM)
[amcl-12] [0m[INFO] [1790343890.399417889] [rclcpp]: signal_handler(SIGINT/SIGTERM)[0m
[lifecycle_manager-13] [INFO] [1790343890.399572151] [lifecycle_manager_localization]: Running Nav2 LifecycleManager rcl preshutdown (lifecycle_manager_localization)
[lifecycle_manager-13] [INFO] [1790343890.399647218] [lifecycle_manager_localization]: [34m[1mTerminating bond timer...[0m[0m
[map_server-11] [INFO] [1790343890.399444287] [rclcpp]: signal_handler(SIGINT/SIGTERM)
[map_server-11] [INFO] [1790343890.399648114] [map_server]: Running Nav2 LifecycleNode rcl preshutdown (map_server)
[robot_state_publisher-2] [INFO] [1790343890.399434112] [rclcpp]: signal_handler(SIGINT/SIGTERM)
[joy_node-5] [INFO] [1790343890.399464734] [rclcpp]: signal_handler(SIGINT/SIGTERM)
[twist_marker-7] [INFO] [1790343890.399496540] [rclcpp]: signal_handler(SIGINT/SIGTERM)
[ekf_node-14] [INFO] [1790343890.399472701] [rclcpp]: signal_handler(SIGINT/SIGTERM)
[twist_relay-9] [INFO] [1790343890.399572119] [rclcpp]: signal_handler(SIGINT/SIGTERM)
[map_server-11] [INFO] [1790343890.399786377] [map_server]: Deactivating
[map_server-11] [INFO] [1790343890.399824774] [map_server]: Destroying bond (map_server) to lifecycle manager.
[twist_mux-6] [INFO] [1790343890.399995259] [rclcpp]: signal_handler(SIGINT/SIGTERM)
[amcl-12] [0m[INFO] [1790343890.403016758] [amcl]: Running Nav2 LifecycleNode rcl preshutdown (amcl)[0m
[amcl-12] [0m[INFO] [1790343890.409912980] [amcl]: Deactivating[0m
[amcl-12] [0m[INFO] [1790343890.409966513] [amcl]: Destroying bond (amcl) to lifecycle manager.[0m
[map_server-11] [INFO] [1790343890.410237215] [map_server]: Cleaning up
[map_server-11] [INFO] [1790343890.419736787] [map_server]: Destroying bond (map_server) to lifecycle manager.
[amcl-12] [0m[INFO] [1790343890.420326541] [amcl]: Cleaning up[0m
[amcl-12] [0m[INFO] [1790343890.431010772] [amcl]: Destroying bond (amcl) to lifecycle manager.[0m
[joy_teleop-4] Traceback (most recent call last):
[joy_teleop-4]   File "/opt/ros/humble/lib/joy_teleop/joy_teleop", line 33, in <module>
[joy_teleop-4]     sys.exit(load_entry_point('joy-teleop==1.6.0', 'console_scripts', 'joy_teleop')())
[joy_teleop-4]   File "/opt/ros/humble/lib/python3.10/site-packages/joy_teleop/joy_teleop.py", line 435, in main
[joy_teleop-4]     rclpy.spin(node)
[joy_teleop-4]   File "/opt/ros/humble/local/lib/python3.10/dist-packages/rclpy/__init__.py", line 229, in spin
[joy_teleop-4]     executor.spin_once()
[joy_teleop-4]   File "/opt/ros/humble/local/lib/python3.10/dist-packages/rclpy/executors.py", line 812, in spin_once
[joy_teleop-4]     self._spin_once_impl(timeout_sec)
[joy_teleop-4]   File "/opt/ros/humble/local/lib/python3.10/dist-packages/rclpy/executors.py", line 801, in _spin_once_impl
[joy_teleop-4]     handler, entity, node = self.wait_for_ready_callbacks(timeout_sec=timeout_sec)
[joy_teleop-4]   File "/opt/ros/humble/local/lib/python3.10/dist-packages/rclpy/executors.py", line 784, in wait_for_ready_callbacks
[joy_teleop-4]     return next(self._cb_iter)
[joy_teleop-4]   File "/opt/ros/humble/local/lib/python3.10/dist-packages/rclpy/executors.py", line 685, in _wait_for_ready_callbacks
[joy_teleop-4]     raise ExternalShutdownException()
[joy_teleop-4] rclpy.executors.ExternalShutdownException
[map_server-11] [INFO] [1790343890.525095514] [map_server]: Destroying
[lifecycle_manager-13] [INFO] [1790343890.536084493] [lifecycle_manager_localization]: Destroying lifecycle_manager_localization
[amcl-12] [0m[INFO] [1790343890.536714148] [amcl]: Destroying[0m
[INFO] [twist_mux-6]: process has finished cleanly [pid 1448883]
[INFO] [twist_relay-9]: process has finished cleanly [pid 1448889]
[INFO] [ekf_node-14]: process has finished cleanly [pid 1449142]
[INFO] [robot_state_publisher-2]: process has finished cleanly [pid 1448875]
[INFO] [joy_node-5]: process has finished cleanly [pid 1448881]
[INFO] [twist_marker-7]: process has finished cleanly [pid 1448885]
[imu_republisher.py-15] Traceback (most recent call last):
[imu_republisher.py-15]   File "/home/molar1/bumperbot_ws/install/robot_lab_localization/lib/robot_lab_localization/imu_republisher.py", line 54, in <module>
[imu_republisher.py-15]     main()
[imu_republisher.py-15]   File "/home/molar1/bumperbot_ws/install/robot_lab_localization/lib/robot_lab_localization/imu_republisher.py", line 45, in main
[imu_republisher.py-15]     rclpy.spin(node)
[imu_republisher.py-15]   File "/opt/ros/humble/local/lib/python3.10/dist-packages/rclpy/__init__.py", line 229, in spin
[imu_republisher.py-15]     executor.spin_once()
[imu_republisher.py-15]   File "/opt/ros/humble/local/lib/python3.10/dist-packages/rclpy/executors.py", line 812, in spin_once
[imu_republisher.py-15]     self._spin_once_impl(timeout_sec)
[imu_republisher.py-15]   File "/opt/ros/humble/local/lib/python3.10/dist-packages/rclpy/executors.py", line 801, in _spin_once_impl
[imu_republisher.py-15]     handler, entity, node = self.wait_for_ready_callbacks(timeout_sec=timeout_sec)
[imu_republisher.py-15]   File "/opt/ros/humble/local/lib/python3.10/dist-packages/rclpy/executors.py", line 784, in wait_for_ready_callbacks
[imu_republisher.py-15]     return next(self._cb_iter)
[imu_republisher.py-15]   File "/opt/ros/humble/local/lib/python3.10/dist-packages/rclpy/executors.py", line 685, in _wait_for_ready_callbacks
[imu_republisher.py-15]     raise ExternalShutdownException()
[imu_republisher.py-15] rclpy.executors.ExternalShutdownException
[INFO] [lifecycle_manager-13]: process has finished cleanly [pid 1449140]
[INFO] [wheel_imu_fusion-16]: process has finished cleanly [pid 1449146]
[INFO] [map_server-11]: process has finished cleanly [pid 1449136]
[INFO] [amcl-12]: process has finished cleanly [pid 1449138]
[INFO] [go2-stance-gait-controller-1]: process has finished cleanly [pid 1448873]
[INFO] [mujoco_spawner-3]: process has finished cleanly [pid 1448877]
[INFO] [joystick_relay.py-8]: process has finished cleanly [pid 1448887]
[ERROR] [joy_teleop-4]: process has died [pid 1448879, exit code 1, cmd '/opt/ros/humble/lib/joy_teleop/joy_teleop --ros-args --params-file /home/molar1/bumperbot_ws/install/robot_lab_controller/share/robot_lab_controller/config/joy_teleop.yaml --params-file /workspace/molar/.tmp/launch_params_oqehps0p'].
[ERROR] [imu_republisher.py-15]: process has died [pid 1449144, exit code 1, cmd '/home/molar1/bumperbot_ws/install/robot_lab_localization/lib/robot_lab_localization/imu_republisher.py --ros-args --params-file /workspace/molar/.tmp/launch_params_amp4awuj'].
