[INFO] [launch]: All log files can be found below /home/molar1/.ros/log/2026-09-25-15-44-52-659267-molar1-1449429
[INFO] [launch]: Default logging verbosity is set to INFO
[robot_lab] algorithm localization=amcl -> global_localization stack
[robot_lab] algorithm state_estimation=ekf_localization_node -> local_localization stack
[robot_lab] algorithm sensor_fusion=wheel_imu_fusion -> node robot_lab_algorithms/wheel_imu_fusion
[INFO] [go2-stance-gait-controller-1]: process started with pid [1449479]
[INFO] [robot_state_publisher-2]: process started with pid [1449481]
[INFO] [mujoco_spawner-3]: process started with pid [1449483]
[INFO] [joy_teleop-4]: process started with pid [1449485]
[INFO] [joy_node-5]: process started with pid [1449487]
[INFO] [twist_mux-6]: process started with pid [1449489]
[INFO] [twist_marker-7]: process started with pid [1449491]
[INFO] [joystick_relay.py-8]: process started with pid [1449493]
[INFO] [twist_relay-9]: process started with pid [1449497]
[INFO] [simulator_ready_gate-10]: process started with pid [1449499]
[twist_mux-6] [INFO] [1790343893.596920642] [twist_mux]: Topic handler 'topics.joystick' subscribed to topic 'joy_vel': timeout = 0.500000s , priority = 99.
[twist_mux-6] [INFO] [1790343893.597960895] [twist_mux]: Topic handler 'topics.keyboard' subscribed to topic 'key_vel': timeout = 0.500000s , priority = 90.
[twist_mux-6] [INFO] [1790343893.599153457] [twist_mux]: Topic handler 'topics.navigation' subscribed to topic 'cmd_vel': timeout = 0.500000s , priority = 80.
[twist_mux-6] [INFO] [1790343893.600314725] [twist_mux]: Topic handler 'locks.safety_stop' subscribed to topic 'safety_stop': timeout = None , priority = 255.
[robot_state_publisher-2] [INFO] [1790343893.619580480] [robot_state_publisher]: got segment FL_calf
[robot_state_publisher-2] [INFO] [1790343893.619795985] [robot_state_publisher]: got segment FL_calf_rotor
[robot_state_publisher-2] [INFO] [1790343893.619817776] [robot_state_publisher]: got segment FL_foot
[robot_state_publisher-2] [INFO] [1790343893.619827311] [robot_state_publisher]: got segment FL_hip
[robot_state_publisher-2] [INFO] [1790343893.619835343] [robot_state_publisher]: got segment FL_hip_rotor
[robot_state_publisher-2] [INFO] [1790343893.619843694] [robot_state_publisher]: got segment FL_thigh
[robot_state_publisher-2] [INFO] [1790343893.619851470] [robot_state_publisher]: got segment FL_thigh_rotor
[robot_state_publisher-2] [INFO] [1790343893.619859213] [robot_state_publisher]: got segment FR_calf
[robot_state_publisher-2] [INFO] [1790343893.619866861] [robot_state_publisher]: got segment FR_calf_rotor
[robot_state_publisher-2] [INFO] [1790343893.619874348] [robot_state_publisher]: got segment FR_foot
[robot_state_publisher-2] [INFO] [1790343893.619881804] [robot_state_publisher]: got segment FR_hip
[robot_state_publisher-2] [INFO] [1790343893.619889483] [robot_state_publisher]: got segment FR_hip_rotor
[robot_state_publisher-2] [INFO] [1790343893.619896683] [robot_state_publisher]: got segment FR_thigh
[robot_state_publisher-2] [INFO] [1790343893.619903690] [robot_state_publisher]: got segment FR_thigh_rotor
[robot_state_publisher-2] [INFO] [1790343893.619910922] [robot_state_publisher]: got segment RL_calf
[robot_state_publisher-2] [INFO] [1790343893.619918410] [robot_state_publisher]: got segment RL_calf_rotor
[robot_state_publisher-2] [INFO] [1790343893.619925481] [robot_state_publisher]: got segment RL_foot
[robot_state_publisher-2] [INFO] [1790343893.619932617] [robot_state_publisher]: got segment RL_hip
[robot_state_publisher-2] [INFO] [1790343893.619939816] [robot_state_publisher]: got segment RL_hip_rotor
[robot_state_publisher-2] [INFO] [1790343893.619946632] [robot_state_publisher]: got segment RL_thigh
[robot_state_publisher-2] [INFO] [1790343893.619953447] [robot_state_publisher]: got segment RL_thigh_rotor
[robot_state_publisher-2] [INFO] [1790343893.619960615] [robot_state_publisher]: got segment RR_calf
[robot_state_publisher-2] [INFO] [1790343893.619967718] [robot_state_publisher]: got segment RR_calf_rotor
[robot_state_publisher-2] [INFO] [1790343893.619975014] [robot_state_publisher]: got segment RR_foot
[robot_state_publisher-2] [INFO] [1790343893.619981989] [robot_state_publisher]: got segment RR_hip
[robot_state_publisher-2] [INFO] [1790343893.619988933] [robot_state_publisher]: got segment RR_hip_rotor
[robot_state_publisher-2] [INFO] [1790343893.619996260] [robot_state_publisher]: got segment RR_thigh
[robot_state_publisher-2] [INFO] [1790343893.620003108] [robot_state_publisher]: got segment RR_thigh_rotor
[robot_state_publisher-2] [INFO] [1790343893.620010052] [robot_state_publisher]: got segment base
[robot_state_publisher-2] [INFO] [1790343893.620017027] [robot_state_publisher]: got segment front_camera
[robot_state_publisher-2] [INFO] [1790343893.620024131] [robot_state_publisher]: got segment imu_link
[robot_state_publisher-2] [INFO] [1790343893.620031330] [robot_state_publisher]: got segment trunk
[go2-stance-gait-controller-1] [0;93m2026-09-25 15:44:54.245427501 [W:onnxruntime:Default, device_discovery.cc:164 DiscoverDevicesForPlatform] GPU device discovery failed: device_discovery.cc:89 ReadFileContents Failed to open file: "/sys/class/drm/card1/device/vendor"[m
[go2-stance-gait-controller-1] [INFO] [1790343894.308954921] [go2_stance_gait_controller]: Go2 closed-loop stance: 12 effort joints at 250.0 Hz; controller ONNX velocity policy
[mujoco_spawner-3] [INFO] [1790343895.552257542] [mujoco_spawner]: MuJoCo: 18 collision proxy geom(s) moved to group 3 (viewer Rendering tab to show them).
[mujoco_spawner-3] [INFO] [1790343895.611338791] [mujoco_spawner]: MuJoCo URDF import OK (all meshes staged).
[mujoco_spawner-3] [WARN] [1790343895.631050022] [mujoco_spawner]: MuJoCo effort plant: no MJCF beside /home/molar1/bumperbot_ws/install/robot_lab_robots/share/robot_lab_robots/unitree/go2_description/xacro/go2_sim.xacro names every effort joint; keeping the URDF <dynamics> (damping=5.0 is a Gazebo stabiliser the robot does not have).
[mujoco_spawner-3] [INFO] [1790343895.688858873] [mujoco_spawner]: MuJoCo physics timestep: 0.0010 s
[mujoco_spawner-3] [INFO] [1790343895.691974702] [mujoco_spawner]: Robot has no 'oakd_rgb_camera_frame' link; no RGB-D camera is published.
[mujoco_spawner-3] [INFO] [1790343895.693791608] [mujoco_spawner]: Joints: ['FR_hip_joint', 'FR_thigh_joint', 'FR_calf_joint', 'FL_hip_joint', 'FL_thigh_joint', 'FL_calf_joint', 'RR_hip_joint', 'RR_thigh_joint', 'RR_calf_joint', 'RL_hip_joint', 'RL_thigh_joint', 'RL_calf_joint']   lw= rw=
[mujoco_spawner-3] [INFO] [1790343895.697055364] [mujoco_spawner]: MuJoCo effort joint armature: 0.0100 kg m^2
[mujoco_spawner-3] [INFO] [1790343895.699859566] [mujoco_spawner]: Joint effort input: /go2_group_effort_controller/commands (12 joints, URDF limits)
[mujoco_spawner-3] [INFO] [1790343895.702768913] [mujoco_spawner]: Spawn ground clearance: raised root by 0.2050 m
[mujoco_spawner-3] [INFO] [1790343895.704341098] [mujoco_spawner]: MuJoCo model loaded: 14 bodies, 13 joints
[mujoco_spawner-3] [INFO] [1790343895.705507423] [mujoco_spawner]: MuJoCo gui param=False (resolved=False), DISPLAY=:1 -> mode=DIRECT
[mujoco_spawner-3] [INFO] [1790343895.706508126] [mujoco_spawner]: MuJoCo running headless (gui=False, viewer=True).
[mujoco_spawner-3] [INFO] [1790343895.717881946] [mujoco_spawner]: MuJoCo spawner running.
[INFO] [simulator_ready_gate-10]: process has finished cleanly [pid 1449499]
[INFO] [amcl-12]: process started with pid [1449729]
[INFO] [map_server-11]: process started with pid [1449727]
[INFO] [lifecycle_manager-13]: process started with pid [1449731]
[INFO] [ekf_node-14]: process started with pid [1449733]
[INFO] [imu_republisher.py-15]: process started with pid [1449735]
[INFO] [wheel_imu_fusion-16]: process started with pid [1449737]
[lifecycle_manager-13] [INFO] [1790343896.102559255] [lifecycle_manager_localization]: Creating
[lifecycle_manager-13] [INFO] [1790343896.105153935] [lifecycle_manager_localization]: [34m[1mCreating and initializing lifecycle service clients[0m[0m
[map_server-11] [INFO] [1790343896.121894480] [map_server]: 
[map_server-11] 	map_server lifecycle node launched. 
[map_server-11] 	Waiting on external lifecycle transitions to activate
[map_server-11] 	See https://design.ros2.org/articles/node_lifecycle.html for more information.
[amcl-12] [0m[INFO] [1790343896.123296789] [amcl]: 
[amcl-12] 	amcl lifecycle node launched. 
[amcl-12] 	Waiting on external lifecycle transitions to activate
[amcl-12] 	See https://design.ros2.org/articles/node_lifecycle.html for more information.[0m
[map_server-11] [INFO] [1790343896.124328530] [map_server]: Creating
[amcl-12] [0m[INFO] [1790343896.124921419] [amcl]: Creating[0m
[lifecycle_manager-13] [INFO] [1790343896.255339862] [lifecycle_manager_localization]: [34m[1mStarting managed nodes bringup...[0m[0m
[lifecycle_manager-13] [INFO] [1790343896.256341429] [lifecycle_manager_localization]: [34m[1mConfiguring map_server[0m[0m
[map_server-11] [INFO] [1790343896.256714748] [map_server]: Configuring
[map_server-11] [INFO] [1790343896.256835637] [map_io]: Loading yaml file: /home/molar1/bumperbot_ws/install/robot_lab_maps/share/robot_lab_maps/maps/nav_empty/maps/map.yaml
[map_server-11] [INFO] [1790343896.257254649] [map_io]: resolution: 0.05
[map_server-11] [INFO] [1790343896.257272952] [map_io]: origin[0]: -7
[map_server-11] [INFO] [1790343896.257278616] [map_io]: origin[1]: -7
[map_server-11] [INFO] [1790343896.257283191] [map_io]: origin[2]: 0
[map_server-11] [INFO] [1790343896.257288183] [map_io]: free_thresh: 0.196
[map_server-11] [INFO] [1790343896.257292983] [map_io]: occupied_thresh: 0.65
[map_server-11] [INFO] [1790343896.257298710] [map_io]: mode: trinary
[map_server-11] [INFO] [1790343896.257305334] [map_io]: negate: 0
[map_server-11] [INFO] [1790343896.257634241] [map_io]: Loading image_file: /home/molar1/bumperbot_ws/install/robot_lab_maps/share/robot_lab_maps/maps/nav_empty/maps/map.pgm
[map_server-11] [INFO] [1790343896.267976161] [map_io]: Read map /home/molar1/bumperbot_ws/install/robot_lab_maps/share/robot_lab_maps/maps/nav_empty/maps/map.pgm: 280 X 280 map @ 0.05 m/cell
[lifecycle_manager-13] [INFO] [1790343896.277560147] [lifecycle_manager_localization]: [34m[1mConfiguring amcl[0m[0m
[amcl-12] [0m[INFO] [1790343896.279089903] [amcl]: Configuring[0m
[amcl-12] [0m[INFO] [1790343896.279520275] [amcl]: initTransforms[0m
[amcl-12] [0m[INFO] [1790343896.296491525] [amcl]: initPubSub[0m
[amcl-12] [0m[INFO] [1790343896.303758029] [amcl]: Subscribed to map topic.[0m
[lifecycle_manager-13] [INFO] [1790343896.311381022] [lifecycle_manager_localization]: [34m[1mActivating map_server[0m[0m
[map_server-11] [INFO] [1790343896.311758182] [map_server]: Activating
[amcl-12] [0m[INFO] [1790343896.313025140] [amcl]: Received a 280 X 280 map @ 0.050 m/pix[0m
[map_server-11] [INFO] [1790343896.314286754] [map_server]: Creating bond (map_server) to lifecycle manager.
[lifecycle_manager-13] [INFO] [1790343896.422841240] [lifecycle_manager_localization]: Server map_server connected with bond.
[lifecycle_manager-13] [INFO] [1790343896.422925075] [lifecycle_manager_localization]: [34m[1mActivating amcl[0m[0m
[amcl-12] [0m[INFO] [1790343896.424306329] [amcl]: Activating[0m
[amcl-12] [0m[INFO] [1790343896.424402675] [amcl]: initialPoseReceived[0m
[amcl-12] [0m[INFO] [1790343896.424630148] [amcl]: Setting pose (0.596000): -0.500 -0.500 0.000[0m
[amcl-12] [0m[INFO] [1790343896.425211134] [amcl]: Creating bond (amcl) to lifecycle manager.[0m
[amcl-12] [0m[INFO] [1790343896.473857927] [amcl]: createLaserObject[0m
[lifecycle_manager-13] [INFO] [1790343896.539667221] [lifecycle_manager_localization]: Server amcl connected with bond.
[lifecycle_manager-13] [INFO] [1790343896.539752848] [lifecycle_manager_localization]: [34m[1mManaged nodes are active[0m[0m
[lifecycle_manager-13] [INFO] [1790343896.539774414] [lifecycle_manager_localization]: [34m[1mCreating bond timer...[0m[0m
[wheel_imu_fusion-16] [INFO] [1790343896.786924380] [sensor_fusion_wheel_imu_fusion]: wheel_imu_fusion ready
[amcl-12] [0m[INFO] [1790343904.012252168] [rclcpp]: signal_handler(SIGINT/SIGTERM)[0m
[amcl-12] [0m[INFO] [1790343904.012460666] [amcl]: Running Nav2 LifecycleNode rcl preshutdown (amcl)[0m
[amcl-12] [0m[INFO] [1790343904.012595858] [amcl]: Deactivating[0m
[amcl-12] [0m[INFO] [1790343904.012642735] [amcl]: Destroying bond (amcl) to lifecycle manager.[0m
[lifecycle_manager-13] [INFO] [1790343904.012239241] [rclcpp]: signal_handler(SIGINT/SIGTERM)
[lifecycle_manager-13] [INFO] [1790343904.012427325] [lifecycle_manager_localization]: Running Nav2 LifecycleManager rcl preshutdown (lifecycle_manager_localization)
[lifecycle_manager-13] [INFO] [1790343904.012508919] [lifecycle_manager_localization]: [34m[1mTerminating bond timer...[0m[0m
[robot_state_publisher-2] [INFO] [1790343904.012274534] [rclcpp]: signal_handler(SIGINT/SIGTERM)
[twist_relay-9] [INFO] [1790343904.012264391] [rclcpp]: signal_handler(SIGINT/SIGTERM)
[ekf_node-14] [INFO] [1790343904.012288070] [rclcpp]: signal_handler(SIGINT/SIGTERM)
[twist_marker-7] [INFO] [1790343904.012298021] [rclcpp]: signal_handler(SIGINT/SIGTERM)
[map_server-11] [INFO] [1790343904.012357121] [rclcpp]: signal_handler(SIGINT/SIGTERM)
[map_server-11] [INFO] [1790343904.012501176] [map_server]: Running Nav2 LifecycleNode rcl preshutdown (map_server)
[map_server-11] [INFO] [1790343904.012605105] [map_server]: Deactivating
[map_server-11] [INFO] [1790343904.012634191] [map_server]: Destroying bond (map_server) to lifecycle manager.
[joy_node-5] [INFO] [1790343904.012337314] [rclcpp]: signal_handler(SIGINT/SIGTERM)
[twist_mux-6] [INFO] [1790343904.012824323] [rclcpp]: signal_handler(SIGINT/SIGTERM)
[map_server-11] [INFO] [1790343904.023045679] [map_server]: Cleaning up
[map_server-11] [INFO] [1790343904.023167399] [map_server]: Destroying bond (map_server) to lifecycle manager.
[amcl-12] [0m[INFO] [1790343904.024514736] [amcl]: Cleaning up[0m
[map_server-11] [INFO] [1790343904.031019308] [map_server]: Destroying
[amcl-12] [0m[INFO] [1790343904.059281836] [amcl]: Destroying bond (amcl) to lifecycle manager.[0m
[joy_teleop-4] Traceback (most recent call last):
[joy_teleop-4]   File "/opt/ros/humble/lib/joy_teleop/joy_teleop", line 33, in <module>
[joy_teleop-4]     sys.exit(load_entry_point('joy-teleop==1.6.0', 'console_scripts', 'joy_teleop')())
[joy_teleop-4]   File "/opt/ros/humble/lib/python3.10/site-packages/joy_teleop/joy_teleop.py", line 435, in main
[joy_teleop-4]     rclpy.spin(node)
[joy_teleop-4]   File "/opt/ros/humble/local/lib/python3.10/dist-packages/rclpy/__init__.py", line 229, in spin
[joy_teleop-4]     executor.spin_once()
[joy_teleop-4]   File "/opt/ros/humble/local/lib/python3.10/dist-packages/rclpy/executors.py", line 812, in spin_once
[joy_teleop-4]     self._spin_once_impl(timeout_sec)
[joy_teleop-4]   File "/opt/ros/humble/local/lib/python3.10/dist-packages/rclpy/executors.py", line 801, in _spin_once_impl
[joy_teleop-4]     handler, entity, node = self.wait_for_ready_callbacks(timeout_sec=timeout_sec)
[joy_teleop-4]   File "/opt/ros/humble/local/lib/python3.10/dist-packages/rclpy/executors.py", line 784, in wait_for_ready_callbacks
[joy_teleop-4]     return next(self._cb_iter)
[joy_teleop-4]   File "/opt/ros/humble/local/lib/python3.10/dist-packages/rclpy/executors.py", line 685, in _wait_for_ready_callbacks
[joy_teleop-4]     raise ExternalShutdownException()
[joy_teleop-4] rclpy.executors.ExternalShutdownException
[amcl-12] [0m[INFO] [1790343904.141652262] [amcl]: Destroying[0m
[lifecycle_manager-13] [INFO] [1790343904.141966226] [lifecycle_manager_localization]: Destroying lifecycle_manager_localization
[INFO] [joy_node-5]: process has finished cleanly [pid 1449487]
[INFO] [twist_marker-7]: process has finished cleanly [pid 1449491]
[INFO] [twist_relay-9]: process has finished cleanly [pid 1449497]
[INFO] [twist_mux-6]: process has finished cleanly [pid 1449489]
[INFO] [robot_state_publisher-2]: process has finished cleanly [pid 1449481]
[INFO] [ekf_node-14]: process has finished cleanly [pid 1449733]
[INFO] [map_server-11]: process has finished cleanly [pid 1449727]
[imu_republisher.py-15] Traceback (most recent call last):
[imu_republisher.py-15]   File "/home/molar1/bumperbot_ws/install/robot_lab_localization/lib/robot_lab_localization/imu_republisher.py", line 54, in <module>
[imu_republisher.py-15]     main()
[imu_republisher.py-15]   File "/home/molar1/bumperbot_ws/install/robot_lab_localization/lib/robot_lab_localization/imu_republisher.py", line 45, in main
[imu_republisher.py-15]     rclpy.spin(node)
[imu_republisher.py-15]   File "/opt/ros/humble/local/lib/python3.10/dist-packages/rclpy/__init__.py", line 229, in spin
[imu_republisher.py-15]     executor.spin_once()
[imu_republisher.py-15]   File "/opt/ros/humble/local/lib/python3.10/dist-packages/rclpy/executors.py", line 812, in spin_once
[imu_republisher.py-15]     self._spin_once_impl(timeout_sec)
[imu_republisher.py-15]   File "/opt/ros/humble/local/lib/python3.10/dist-packages/rclpy/executors.py", line 801, in _spin_once_impl
[imu_republisher.py-15]     handler, entity, node = self.wait_for_ready_callbacks(timeout_sec=timeout_sec)
[imu_republisher.py-15]   File "/opt/ros/humble/local/lib/python3.10/dist-packages/rclpy/executors.py", line 784, in wait_for_ready_callbacks
[imu_republisher.py-15]     return next(self._cb_iter)
[imu_republisher.py-15]   File "/opt/ros/humble/local/lib/python3.10/dist-packages/rclpy/executors.py", line 685, in _wait_for_ready_callbacks
[imu_republisher.py-15]     raise ExternalShutdownException()
[imu_republisher.py-15] rclpy.executors.ExternalShutdownException
[INFO] [lifecycle_manager-13]: process has finished cleanly [pid 1449731]
[INFO] [wheel_imu_fusion-16]: process has finished cleanly [pid 1449737]
[INFO] [amcl-12]: process has finished cleanly [pid 1449729]
[INFO] [go2-stance-gait-controller-1]: process has finished cleanly [pid 1449479]
[INFO] [joystick_relay.py-8]: process has finished cleanly [pid 1449493]
[INFO] [mujoco_spawner-3]: process has finished cleanly [pid 1449483]
[ERROR] [imu_republisher.py-15]: process has died [pid 1449735, exit code 1, cmd '/home/molar1/bumperbot_ws/install/robot_lab_localization/lib/robot_lab_localization/imu_republisher.py --ros-args --params-file /workspace/molar/.tmp/launch_params_tlfvq81x'].
[ERROR] [joy_teleop-4]: process has died [pid 1449485, exit code 1, cmd '/opt/ros/humble/lib/joy_teleop/joy_teleop --ros-args --params-file /home/molar1/bumperbot_ws/install/robot_lab_controller/share/robot_lab_controller/config/joy_teleop.yaml --params-file /workspace/molar/.tmp/launch_params_mzujk4je'].
