[INFO] [launch]: All log files can be found below /home/molar1/.ros/log/2026-09-25-15-45-20-230070-molar1-1450714
[INFO] [launch]: Default logging verbosity is set to INFO
[robot_lab] algorithm localization=amcl -> global_localization stack
[robot_lab] algorithm state_estimation=ekf_localization_node -> local_localization stack
[robot_lab] algorithm sensor_fusion=wheel_imu_fusion -> node robot_lab_algorithms/wheel_imu_fusion
[INFO] [go2-stance-gait-controller-1]: process started with pid [1450746]
[INFO] [robot_state_publisher-2]: process started with pid [1450748]
[INFO] [mujoco_spawner-3]: process started with pid [1450750]
[INFO] [joy_teleop-4]: process started with pid [1450752]
[INFO] [joy_node-5]: process started with pid [1450754]
[INFO] [twist_mux-6]: process started with pid [1450756]
[INFO] [twist_marker-7]: process started with pid [1450758]
[INFO] [joystick_relay.py-8]: process started with pid [1450760]
[INFO] [twist_relay-9]: process started with pid [1450762]
[INFO] [simulator_ready_gate-10]: process started with pid [1450764]
[twist_mux-6] [INFO] [1790343921.196864469] [twist_mux]: Topic handler 'topics.joystick' subscribed to topic 'joy_vel': timeout = 0.500000s , priority = 99.
[twist_mux-6] [INFO] [1790343921.197974990] [twist_mux]: Topic handler 'topics.keyboard' subscribed to topic 'key_vel': timeout = 0.500000s , priority = 90.
[twist_mux-6] [INFO] [1790343921.198382708] [twist_mux]: Topic handler 'topics.navigation' subscribed to topic 'cmd_vel': timeout = 0.500000s , priority = 80.
[twist_mux-6] [INFO] [1790343921.198758076] [twist_mux]: Topic handler 'locks.safety_stop' subscribed to topic 'safety_stop': timeout = None , priority = 255.
[robot_state_publisher-2] [INFO] [1790343921.205796540] [robot_state_publisher]: got segment FL_calf
[robot_state_publisher-2] [INFO] [1790343921.207610312] [robot_state_publisher]: got segment FL_calf_rotor
[robot_state_publisher-2] [INFO] [1790343921.209548717] [robot_state_publisher]: got segment FL_foot
[robot_state_publisher-2] [INFO] [1790343921.210779710] [robot_state_publisher]: got segment FL_hip
[robot_state_publisher-2] [INFO] [1790343921.212593354] [robot_state_publisher]: got segment FL_hip_rotor
[robot_state_publisher-2] [INFO] [1790343921.213855322] [robot_state_publisher]: got segment FL_thigh
[robot_state_publisher-2] [INFO] [1790343921.215916119] [robot_state_publisher]: got segment FL_thigh_rotor
[robot_state_publisher-2] [INFO] [1790343921.216989714] [robot_state_publisher]: got segment FR_calf
[robot_state_publisher-2] [INFO] [1790343921.217881721] [robot_state_publisher]: got segment FR_calf_rotor
[robot_state_publisher-2] [INFO] [1790343921.219311902] [robot_state_publisher]: got segment FR_foot
[robot_state_publisher-2] [INFO] [1790343921.219365691] [robot_state_publisher]: got segment FR_hip
[robot_state_publisher-2] [INFO] [1790343921.219379674] [robot_state_publisher]: got segment FR_hip_rotor
[robot_state_publisher-2] [INFO] [1790343921.219389753] [robot_state_publisher]: got segment FR_thigh
[robot_state_publisher-2] [INFO] [1790343921.219400728] [robot_state_publisher]: got segment FR_thigh_rotor
[robot_state_publisher-2] [INFO] [1790343921.219409528] [robot_state_publisher]: got segment RL_calf
[robot_state_publisher-2] [INFO] [1790343921.219420407] [robot_state_publisher]: got segment RL_calf_rotor
[robot_state_publisher-2] [INFO] [1790343921.219428247] [robot_state_publisher]: got segment RL_foot
[robot_state_publisher-2] [INFO] [1790343921.219436246] [robot_state_publisher]: got segment RL_hip
[robot_state_publisher-2] [INFO] [1790343921.219444150] [robot_state_publisher]: got segment RL_hip_rotor
[robot_state_publisher-2] [INFO] [1790343921.219451797] [robot_state_publisher]: got segment RL_thigh
[robot_state_publisher-2] [INFO] [1790343921.219459189] [robot_state_publisher]: got segment RL_thigh_rotor
[robot_state_publisher-2] [INFO] [1790343921.219466452] [robot_state_publisher]: got segment RR_calf
[robot_state_publisher-2] [INFO] [1790343921.219474324] [robot_state_publisher]: got segment RR_calf_rotor
[robot_state_publisher-2] [INFO] [1790343921.219483411] [robot_state_publisher]: got segment RR_foot
[robot_state_publisher-2] [INFO] [1790343921.219490515] [robot_state_publisher]: got segment RR_hip
[robot_state_publisher-2] [INFO] [1790343921.219498834] [robot_state_publisher]: got segment RR_hip_rotor
[robot_state_publisher-2] [INFO] [1790343921.219506226] [robot_state_publisher]: got segment RR_thigh
[robot_state_publisher-2] [INFO] [1790343921.219513681] [robot_state_publisher]: got segment RR_thigh_rotor
[robot_state_publisher-2] [INFO] [1790343921.219520881] [robot_state_publisher]: got segment base
[robot_state_publisher-2] [INFO] [1790343921.219529104] [robot_state_publisher]: got segment front_camera
[robot_state_publisher-2] [INFO] [1790343921.219536304] [robot_state_publisher]: got segment imu_link
[robot_state_publisher-2] [INFO] [1790343921.219545583] [robot_state_publisher]: got segment trunk
[go2-stance-gait-controller-1] [0;93m2026-09-25 15:45:21.866170917 [W:onnxruntime:Default, device_discovery.cc:164 DiscoverDevicesForPlatform] GPU device discovery failed: device_discovery.cc:89 ReadFileContents Failed to open file: "/sys/class/drm/card1/device/vendor"[m
[go2-stance-gait-controller-1] [INFO] [1790343921.927449794] [go2_stance_gait_controller]: Go2 closed-loop stance: 12 effort joints at 250.0 Hz; controller ONNX velocity policy
[mujoco_spawner-3] [INFO] [1790343923.138834795] [mujoco_spawner]: MuJoCo: 18 collision proxy geom(s) moved to group 3 (viewer Rendering tab to show them).
[mujoco_spawner-3] [INFO] [1790343923.188982354] [mujoco_spawner]: MuJoCo URDF import OK (all meshes staged).
[mujoco_spawner-3] [WARN] [1790343923.201562866] [mujoco_spawner]: MuJoCo effort plant: no MJCF beside /home/molar1/bumperbot_ws/install/robot_lab_robots/share/robot_lab_robots/unitree/go2_description/xacro/go2_sim.xacro names every effort joint; keeping the URDF <dynamics> (damping=5.0 is a Gazebo stabiliser the robot does not have).
[mujoco_spawner-3] [INFO] [1790343923.247181753] [mujoco_spawner]: MuJoCo physics timestep: 0.0010 s
[mujoco_spawner-3] [INFO] [1790343923.249029796] [mujoco_spawner]: Robot has no 'oakd_rgb_camera_frame' link; no RGB-D camera is published.
[mujoco_spawner-3] [INFO] [1790343923.250121822] [mujoco_spawner]: Joints: ['FR_hip_joint', 'FR_thigh_joint', 'FR_calf_joint', 'FL_hip_joint', 'FL_thigh_joint', 'FL_calf_joint', 'RR_hip_joint', 'RR_thigh_joint', 'RR_calf_joint', 'RL_hip_joint', 'RL_thigh_joint', 'RL_calf_joint']   lw= rw=
[mujoco_spawner-3] [INFO] [1790343923.252406637] [mujoco_spawner]: MuJoCo effort joint armature: 0.0100 kg m^2
[mujoco_spawner-3] [INFO] [1790343923.254184411] [mujoco_spawner]: Joint effort input: /go2_group_effort_controller/commands (12 joints, URDF limits)
[mujoco_spawner-3] [INFO] [1790343923.255977417] [mujoco_spawner]: Spawn ground clearance: raised root by 0.2050 m
[mujoco_spawner-3] [INFO] [1790343923.256933356] [mujoco_spawner]: MuJoCo model loaded: 14 bodies, 13 joints
[mujoco_spawner-3] [INFO] [1790343923.257646719] [mujoco_spawner]: MuJoCo gui param=False (resolved=False), DISPLAY=:1 -> mode=DIRECT
[mujoco_spawner-3] [INFO] [1790343923.258269655] [mujoco_spawner]: MuJoCo running headless (gui=False, viewer=True).
[mujoco_spawner-3] [INFO] [1790343923.266824663] [mujoco_spawner]: MuJoCo spawner running.
[INFO] [simulator_ready_gate-10]: process has finished cleanly [pid 1450764]
[INFO] [amcl-12]: process started with pid [1451011]
[INFO] [map_server-11]: process started with pid [1451009]
[INFO] [lifecycle_manager-13]: process started with pid [1451013]
[INFO] [ekf_node-14]: process started with pid [1451015]
[INFO] [imu_republisher.py-15]: process started with pid [1451017]
[INFO] [wheel_imu_fusion-16]: process started with pid [1451019]
[amcl-12] [0m[INFO] [1790343923.670459958] [amcl]: 
[amcl-12] 	amcl lifecycle node launched. 
[amcl-12] 	Waiting on external lifecycle transitions to activate
[amcl-12] 	See https://design.ros2.org/articles/node_lifecycle.html for more information.[0m
[amcl-12] [0m[INFO] [1790343923.671783777] [amcl]: Creating[0m
[lifecycle_manager-13] [INFO] [1790343923.669956310] [lifecycle_manager_localization]: Creating
[lifecycle_manager-13] [INFO] [1790343923.672370556] [lifecycle_manager_localization]: [34m[1mCreating and initializing lifecycle service clients[0m[0m
[map_server-11] [INFO] [1790343923.700180338] [map_server]: 
[map_server-11] 	map_server lifecycle node launched. 
[map_server-11] 	Waiting on external lifecycle transitions to activate
[map_server-11] 	See https://design.ros2.org/articles/node_lifecycle.html for more information.
[map_server-11] [INFO] [1790343923.702236431] [map_server]: Creating
[lifecycle_manager-13] [INFO] [1790343923.823620479] [lifecycle_manager_localization]: [34m[1mStarting managed nodes bringup...[0m[0m
[lifecycle_manager-13] [INFO] [1790343923.824938667] [lifecycle_manager_localization]: [34m[1mConfiguring map_server[0m[0m
[map_server-11] [INFO] [1790343923.825967881] [map_server]: Configuring
[map_server-11] [INFO] [1790343923.826199483] [map_io]: Loading yaml file: /home/molar1/bumperbot_ws/install/robot_lab_maps/share/robot_lab_maps/maps/nav_empty/maps/map.yaml
[map_server-11] [INFO] [1790343923.826799509] [map_io]: resolution: 0.05
[map_server-11] [INFO] [1790343923.826821587] [map_io]: origin[0]: -7
[map_server-11] [INFO] [1790343923.826828403] [map_io]: origin[1]: -7
[map_server-11] [INFO] [1790343923.826833586] [map_io]: origin[2]: 0
[map_server-11] [INFO] [1790343923.826839058] [map_io]: free_thresh: 0.196
[map_server-11] [INFO] [1790343923.826844018] [map_io]: occupied_thresh: 0.65
[map_server-11] [INFO] [1790343923.826850065] [map_io]: mode: trinary
[map_server-11] [INFO] [1790343923.826857329] [map_io]: negate: 0
[map_server-11] [INFO] [1790343923.827151070] [map_io]: Loading image_file: /home/molar1/bumperbot_ws/install/robot_lab_maps/share/robot_lab_maps/maps/nav_empty/maps/map.pgm
[map_server-11] [INFO] [1790343923.839169249] [map_io]: Read map /home/molar1/bumperbot_ws/install/robot_lab_maps/share/robot_lab_maps/maps/nav_empty/maps/map.pgm: 280 X 280 map @ 0.05 m/cell
[lifecycle_manager-13] [INFO] [1790343923.853459027] [lifecycle_manager_localization]: [34m[1mConfiguring amcl[0m[0m
[amcl-12] [0m[INFO] [1790343923.853851354] [amcl]: Configuring[0m
[amcl-12] [0m[INFO] [1790343923.854016464] [amcl]: initTransforms[0m
[amcl-12] [0m[INFO] [1790343923.869337536] [amcl]: initPubSub[0m
[amcl-12] [0m[INFO] [1790343923.876496601] [amcl]: Subscribed to map topic.[0m
[lifecycle_manager-13] [INFO] [1790343923.884570967] [lifecycle_manager_localization]: [34m[1mActivating map_server[0m[0m
[amcl-12] [0m[INFO] [1790343923.894138965] [amcl]: Received a 280 X 280 map @ 0.050 m/pix[0m
[map_server-11] [INFO] [1790343923.893428131] [map_server]: Activating
[map_server-11] [INFO] [1790343923.893807115] [map_server]: Creating bond (map_server) to lifecycle manager.
[lifecycle_manager-13] [INFO] [1790343924.008667930] [lifecycle_manager_localization]: Server map_server connected with bond.
[lifecycle_manager-13] [INFO] [1790343924.008767412] [lifecycle_manager_localization]: [34m[1mActivating amcl[0m[0m
[amcl-12] [0m[INFO] [1790343924.009073696] [amcl]: Activating[0m
[amcl-12] [0m[INFO] [1790343924.009166395] [amcl]: initialPoseReceived[0m
[amcl-12] [0m[INFO] [1790343924.009373517] [amcl]: Setting pose (0.620000): -0.500 -0.500 0.000[0m
[amcl-12] [0m[INFO] [1790343924.009973383] [amcl]: Creating bond (amcl) to lifecycle manager.[0m
[amcl-12] [0m[INFO] [1790343924.049884092] [amcl]: createLaserObject[0m
[lifecycle_manager-13] [INFO] [1790343924.114345943] [lifecycle_manager_localization]: Server amcl connected with bond.
[lifecycle_manager-13] [INFO] [1790343924.114450129] [lifecycle_manager_localization]: [34m[1mManaged nodes are active[0m[0m
[lifecycle_manager-13] [INFO] [1790343924.114472271] [lifecycle_manager_localization]: [34m[1mCreating bond timer...[0m[0m
[wheel_imu_fusion-16] [INFO] [1790343924.434936652] [sensor_fusion_wheel_imu_fusion]: wheel_imu_fusion ready
[amcl-12] [0m[INFO] [1790343931.571548577] [rclcpp]: signal_handler(SIGINT/SIGTERM)[0m
[amcl-12] [0m[INFO] [1790343931.571699448] [amcl]: Running Nav2 LifecycleNode rcl preshutdown (amcl)[0m
[amcl-12] [0m[INFO] [1790343931.571812369] [amcl]: Deactivating[0m
[amcl-12] [0m[INFO] [1790343931.571851918] [amcl]: Destroying bond (amcl) to lifecycle manager.[0m
[lifecycle_manager-13] [INFO] [1790343931.571544226] [rclcpp]: signal_handler(SIGINT/SIGTERM)
[lifecycle_manager-13] [INFO] [1790343931.571698168] [lifecycle_manager_localization]: Running Nav2 LifecycleManager rcl preshutdown (lifecycle_manager_localization)
[lifecycle_manager-13] [INFO] [1790343931.571765012] [lifecycle_manager_localization]: [34m[1mTerminating bond timer...[0m[0m
[ekf_node-14] [INFO] [1790343931.571558529] [rclcpp]: signal_handler(SIGINT/SIGTERM)
[map_server-11] [INFO] [1790343931.571630556] [rclcpp]: signal_handler(SIGINT/SIGTERM)
[map_server-11] [INFO] [1790343931.571780307] [map_server]: Running Nav2 LifecycleNode rcl preshutdown (map_server)
[map_server-11] [INFO] [1790343931.571873421] [map_server]: Deactivating
[map_server-11] [INFO] [1790343931.571895563] [map_server]: Destroying bond (map_server) to lifecycle manager.
[twist_relay-9] [INFO] [1790343931.571590271] [rclcpp]: signal_handler(SIGINT/SIGTERM)
[joy_node-5] [INFO] [1790343931.571625853] [rclcpp]: signal_handler(SIGINT/SIGTERM)
[twist_marker-7] [INFO] [1790343931.571682617] [rclcpp]: signal_handler(SIGINT/SIGTERM)
[twist_mux-6] [INFO] [1790343931.571827280] [rclcpp]: signal_handler(SIGINT/SIGTERM)
[robot_state_publisher-2] [INFO] [1790343931.576922157] [rclcpp]: signal_handler(SIGINT/SIGTERM)
[amcl-12] [0m[INFO] [1790343931.582227133] [amcl]: Cleaning up[0m
[map_server-11] [INFO] [1790343931.582224062] [map_server]: Cleaning up
[map_server-11] [INFO] [1790343931.582324311] [map_server]: Destroying bond (map_server) to lifecycle manager.
[amcl-12] [0m[INFO] [1790343931.594489621] [amcl]: Destroying bond (amcl) to lifecycle manager.[0m
[joy_teleop-4] Traceback (most recent call last):
[joy_teleop-4]   File "/opt/ros/humble/lib/joy_teleop/joy_teleop", line 33, in <module>
[joy_teleop-4]     sys.exit(load_entry_point('joy-teleop==1.6.0', 'console_scripts', 'joy_teleop')())
[joy_teleop-4]   File "/opt/ros/humble/lib/python3.10/site-packages/joy_teleop/joy_teleop.py", line 435, in main
[joy_teleop-4]     rclpy.spin(node)
[joy_teleop-4]   File "/opt/ros/humble/local/lib/python3.10/dist-packages/rclpy/__init__.py", line 229, in spin
[joy_teleop-4]     executor.spin_once()
[joy_teleop-4]   File "/opt/ros/humble/local/lib/python3.10/dist-packages/rclpy/executors.py", line 812, in spin_once
[joy_teleop-4]     self._spin_once_impl(timeout_sec)
[joy_teleop-4]   File "/opt/ros/humble/local/lib/python3.10/dist-packages/rclpy/executors.py", line 801, in _spin_once_impl
[joy_teleop-4]     handler, entity, node = self.wait_for_ready_callbacks(timeout_sec=timeout_sec)
[joy_teleop-4]   File "/opt/ros/humble/local/lib/python3.10/dist-packages/rclpy/executors.py", line 784, in wait_for_ready_callbacks
[joy_teleop-4]     return next(self._cb_iter)
[joy_teleop-4]   File "/opt/ros/humble/local/lib/python3.10/dist-packages/rclpy/executors.py", line 685, in _wait_for_ready_callbacks
[joy_teleop-4]     raise ExternalShutdownException()
[joy_teleop-4] rclpy.executors.ExternalShutdownException
[map_server-11] [INFO] [1790343931.697701936] [map_server]: Destroying
[amcl-12] [0m[INFO] [1790343931.712952331] [amcl]: Destroying[0m
[lifecycle_manager-13] [INFO] [1790343931.715827925] [lifecycle_manager_localization]: Destroying lifecycle_manager_localization
[INFO] [twist_marker-7]: process has finished cleanly [pid 1450758]
[INFO] [joy_node-5]: process has finished cleanly [pid 1450754]
[INFO] [twist_mux-6]: process has finished cleanly [pid 1450756]
[INFO] [twist_relay-9]: process has finished cleanly [pid 1450762]
[INFO] [ekf_node-14]: process has finished cleanly [pid 1451015]
[INFO] [robot_state_publisher-2]: process has finished cleanly [pid 1450748]
[go2-stance-gait-controller-1] Traceback (most recent call last):
[go2-stance-gait-controller-1]   File "/home/molar1/bumperbot_ws/install/robot_lab_adapter/lib/robot_lab_adapter/go2-stance-gait-controller", line 33, in <module>
[go2-stance-gait-controller-1]     sys.exit(load_entry_point('robot_lab_adapter==0.1.0', 'console_scripts', 'go2-stance-gait-controller')())
[go2-stance-gait-controller-1]   File "/home/molar1/bumperbot_ws/install/robot_lab_adapter/lib/python3.10/site-packages/robot_lab_adapter/go2_stance_gait_controller.py", line 172, in main
[go2-stance-gait-controller-1]     rclpy.spin(node)
[go2-stance-gait-controller-1]   File "/opt/ros/humble/local/lib/python3.10/dist-packages/rclpy/__init__.py", line 229, in spin
[go2-stance-gait-controller-1]     executor.spin_once()
[go2-stance-gait-controller-1]   File "/opt/ros/humble/local/lib/python3.10/dist-packages/rclpy/executors.py", line 812, in spin_once
[go2-stance-gait-controller-1]     self._spin_once_impl(timeout_sec)
[go2-stance-gait-controller-1]   File "/opt/ros/humble/local/lib/python3.10/dist-packages/rclpy/executors.py", line 801, in _spin_once_impl
[go2-stance-gait-controller-1]     handler, entity, node = self.wait_for_ready_callbacks(timeout_sec=timeout_sec)
[go2-stance-gait-controller-1]   File "/opt/ros/humble/local/lib/python3.10/dist-packages/rclpy/executors.py", line 784, in wait_for_ready_callbacks
[go2-stance-gait-controller-1]     return next(self._cb_iter)
[go2-stance-gait-controller-1]   File "/opt/ros/humble/local/lib/python3.10/dist-packages/rclpy/executors.py", line 657, in _wait_for_ready_callbacks
[go2-stance-gait-controller-1]     wait_set = _rclpy.WaitSet(
[go2-stance-gait-controller-1] rclpy._rclpy_pybind11.RCLError: failed to initialize wait set: the given context is not valid, either rcl_init() was not called or rcl_shutdown() was called., at ./src/rcl/wait.c:130
[imu_republisher.py-15] Traceback (most recent call last):
[imu_republisher.py-15]   File "/home/molar1/bumperbot_ws/install/robot_lab_localization/lib/robot_lab_localization/imu_republisher.py", line 54, in <module>
[imu_republisher.py-15]     main()
[imu_republisher.py-15]   File "/home/molar1/bumperbot_ws/install/robot_lab_localization/lib/robot_lab_localization/imu_republisher.py", line 45, in main
[imu_republisher.py-15]     rclpy.spin(node)
[imu_republisher.py-15]   File "/opt/ros/humble/local/lib/python3.10/dist-packages/rclpy/__init__.py", line 229, in spin
[imu_republisher.py-15]     executor.spin_once()
[imu_republisher.py-15]   File "/opt/ros/humble/local/lib/python3.10/dist-packages/rclpy/executors.py", line 812, in spin_once
[imu_republisher.py-15]     self._spin_once_impl(timeout_sec)
[imu_republisher.py-15]   File "/opt/ros/humble/local/lib/python3.10/dist-packages/rclpy/executors.py", line 801, in _spin_once_impl
[imu_republisher.py-15]     handler, entity, node = self.wait_for_ready_callbacks(timeout_sec=timeout_sec)
[imu_republisher.py-15]   File "/opt/ros/humble/local/lib/python3.10/dist-packages/rclpy/executors.py", line 784, in wait_for_ready_callbacks
[imu_republisher.py-15]     return next(self._cb_iter)
[imu_republisher.py-15]   File "/opt/ros/humble/local/lib/python3.10/dist-packages/rclpy/executors.py", line 685, in _wait_for_ready_callbacks
[imu_republisher.py-15]     raise ExternalShutdownException()
[imu_republisher.py-15] rclpy.executors.ExternalShutdownException
[INFO] [lifecycle_manager-13]: process has finished cleanly [pid 1451013]
[INFO] [wheel_imu_fusion-16]: process has finished cleanly [pid 1451019]
[INFO] [map_server-11]: process has finished cleanly [pid 1451009]
[INFO] [amcl-12]: process has finished cleanly [pid 1451011]
[ERROR] [joy_teleop-4]: process has died [pid 1450752, exit code 1, cmd '/opt/ros/humble/lib/joy_teleop/joy_teleop --ros-args --params-file /home/molar1/bumperbot_ws/install/robot_lab_controller/share/robot_lab_controller/config/joy_teleop.yaml --params-file /workspace/molar/.tmp/launch_params_nq5e_n4f'].
[INFO] [mujoco_spawner-3]: process has finished cleanly [pid 1450750]
[INFO] [joystick_relay.py-8]: process has finished cleanly [pid 1450760]
[ERROR] [go2-stance-gait-controller-1]: process has died [pid 1450746, exit code 1, cmd '/home/molar1/bumperbot_ws/install/robot_lab_adapter/lib/robot_lab_adapter/go2-stance-gait-controller --ros-args --params-file /workspace/molar/.tmp/launch_params__w21nnxs'].
[ERROR] [imu_republisher.py-15]: process has died [pid 1451017, exit code 1, cmd '/home/molar1/bumperbot_ws/install/robot_lab_localization/lib/robot_lab_localization/imu_republisher.py --ros-args --params-file /workspace/molar/.tmp/launch_params_8aua0g3r'].
