=== Tier: fast (41 test files) ===
........................................................................ [  9%]
........................................................................ [ 18%]
........................................................................ [ 27%]
.........................................s.............................. [ 36%]
........................................................................ [ 45%]
........................................................................ [ 54%]
........................................................................ [ 63%]
........................................................................ [ 72%]
........................................................................ [ 81%]
........................................................................ [ 90%]
........................................................................ [ 99%]
..                                                                       [100%]
793 passed, 1 skipped, 1 deselected in 154.33s (0:02:34)
=== Tier: fast PASS ===
=== Tier: physics (2 test files) ===
.......                                                                  [100%]
7 passed in 2.15s
=== Tier: physics PASS ===
=== Tier: integration (9 test files) ===
........................................................................ [ 57%]
.....................................................                    [100%]
125 passed in 38.72s
=== Tier: integration PASS ===
