[INFO] [launch]: All log files can be found below /home/molar1/.ros/log/2026-09-28-10-49-52-726871-molar1-78612
[INFO] [launch]: Default logging verbosity is set to INFO
[robot_lab] algorithm localization=amcl -> global_localization stack
[robot_lab] algorithm state_estimation=ekf_localization_node -> local_localization stack
[robot_lab] algorithm sensor_fusion=wheel_imu_fusion -> node robot_lab_algorithms/wheel_imu_fusion
[INFO] [go2-stance-gait-controller-1]: process started with pid [78654]
[INFO] [robot_state_publisher-2]: process started with pid [78656]
[INFO] [mujoco_spawner-3]: process started with pid [78658]
[INFO] [joy_teleop-4]: process started with pid [78660]
[INFO] [joy_node-5]: process started with pid [78662]
[INFO] [twist_mux-6]: process started with pid [78664]
[INFO] [twist_marker-7]: process started with pid [78666]
[INFO] [joystick_relay.py-8]: process started with pid [78668]
[INFO] [twist_relay-9]: process started with pid [78674]
[INFO] [simulator_ready_gate-10]: process started with pid [78680]
[robot_state_publisher-2] [INFO] [1790585393.683142195] [robot_state_publisher]: got segment FL_calf
[twist_mux-6] [INFO] [1790585393.684240805] [twist_mux]: Topic handler 'topics.joystick' subscribed to topic 'joy_vel': timeout = 0.500000s , priority = 99.
[twist_mux-6] [INFO] [1790585393.685113177] [twist_mux]: Topic handler 'topics.keyboard' subscribed to topic 'key_vel': timeout = 0.500000s , priority = 90.
[twist_mux-6] [INFO] [1790585393.685269111] [twist_mux]: Topic handler 'topics.navigation' subscribed to topic 'cmd_vel': timeout = 0.500000s , priority = 80.
[twist_mux-6] [INFO] [1790585393.685393493] [twist_mux]: Topic handler 'locks.safety_stop' subscribed to topic 'safety_stop': timeout = None , priority = 255.
[robot_state_publisher-2] [INFO] [1790585393.686733220] [robot_state_publisher]: got segment FL_calf_rotor
[robot_state_publisher-2] [INFO] [1790585393.686774051] [robot_state_publisher]: got segment FL_foot
[robot_state_publisher-2] [INFO] [1790585393.686785795] [robot_state_publisher]: got segment FL_hip
[robot_state_publisher-2] [INFO] [1790585393.686795747] [robot_state_publisher]: got segment FL_hip_rotor
[robot_state_publisher-2] [INFO] [1790585393.686805507] [robot_state_publisher]: got segment FL_thigh
[robot_state_publisher-2] [INFO] [1790585393.686813315] [robot_state_publisher]: got segment FL_thigh_rotor
[robot_state_publisher-2] [INFO] [1790585393.686821219] [robot_state_publisher]: got segment FR_calf
[robot_state_publisher-2] [INFO] [1790585393.686828771] [robot_state_publisher]: got segment FR_calf_rotor
[robot_state_publisher-2] [INFO] [1790585393.686835938] [robot_state_publisher]: got segment FR_foot
[robot_state_publisher-2] [INFO] [1790585393.686843330] [robot_state_publisher]: got segment FR_hip
[robot_state_publisher-2] [INFO] [1790585393.686851394] [robot_state_publisher]: got segment FR_hip_rotor
[robot_state_publisher-2] [INFO] [1790585393.686858722] [robot_state_publisher]: got segment FR_thigh
[robot_state_publisher-2] [INFO] [1790585393.686865794] [robot_state_publisher]: got segment FR_thigh_rotor
[robot_state_publisher-2] [INFO] [1790585393.686873154] [robot_state_publisher]: got segment RL_calf
[robot_state_publisher-2] [INFO] [1790585393.686881122] [robot_state_publisher]: got segment RL_calf_rotor
[robot_state_publisher-2] [INFO] [1790585393.686888226] [robot_state_publisher]: got segment RL_foot
[robot_state_publisher-2] [INFO] [1790585393.686895490] [robot_state_publisher]: got segment RL_hip
[robot_state_publisher-2] [INFO] [1790585393.686903234] [robot_state_publisher]: got segment RL_hip_rotor
[robot_state_publisher-2] [INFO] [1790585393.686910465] [robot_state_publisher]: got segment RL_thigh
[robot_state_publisher-2] [INFO] [1790585393.686918049] [robot_state_publisher]: got segment RL_thigh_rotor
[robot_state_publisher-2] [INFO] [1790585393.686925537] [robot_state_publisher]: got segment RR_calf
[robot_state_publisher-2] [INFO] [1790585393.686933249] [robot_state_publisher]: got segment RR_calf_rotor
[robot_state_publisher-2] [INFO] [1790585393.686940481] [robot_state_publisher]: got segment RR_foot
[robot_state_publisher-2] [INFO] [1790585393.686947489] [robot_state_publisher]: got segment RR_hip
[robot_state_publisher-2] [INFO] [1790585393.686954849] [robot_state_publisher]: got segment RR_hip_rotor
[robot_state_publisher-2] [INFO] [1790585393.686961761] [robot_state_publisher]: got segment RR_thigh
[robot_state_publisher-2] [INFO] [1790585393.686968801] [robot_state_publisher]: got segment RR_thigh_rotor
[robot_state_publisher-2] [INFO] [1790585393.686975809] [robot_state_publisher]: got segment base
[robot_state_publisher-2] [INFO] [1790585393.686983105] [robot_state_publisher]: got segment front_camera
[robot_state_publisher-2] [INFO] [1790585393.686990144] [robot_state_publisher]: got segment imu_link
[robot_state_publisher-2] [INFO] [1790585393.686997248] [robot_state_publisher]: got segment trunk
[go2-stance-gait-controller-1] [0;93m2026-09-28 10:49:54.440786485 [W:onnxruntime:Default, device_discovery.cc:164 DiscoverDevicesForPlatform] GPU device discovery failed: device_discovery.cc:89 ReadFileContents Failed to open file: "/sys/class/drm/card1/device/vendor"[m
[go2-stance-gait-controller-1] [INFO] [1790585394.519597766] [go2_stance_gait_controller]: Go2 closed-loop stance: 12 effort joints at 250.0 Hz; controller ONNX velocity policy
[mujoco_spawner-3] [INFO] [1790585395.765030738] [mujoco_spawner]: MuJoCo: 18 collision proxy geom(s) moved to group 3 (viewer Rendering tab to show them).
[mujoco_spawner-3] [INFO] [1790585395.808029371] [mujoco_spawner]: MuJoCo URDF import OK (all meshes staged).
[mujoco_spawner-3] [WARN] [1790585395.817130499] [mujoco_spawner]: MuJoCo effort plant: no MJCF beside /home/molar1/bumperbot_ws/install/robot_lab_robots/share/robot_lab_robots/unitree/go2_description/xacro/go2_sim.xacro names every effort joint; keeping the URDF <dynamics> (damping=5.0 is a Gazebo stabiliser the robot does not have).
[mujoco_spawner-3] [INFO] [1790585395.859972911] [mujoco_spawner]: MuJoCo physics timestep: 0.0010 s
[mujoco_spawner-3] [INFO] [1790585395.861403612] [mujoco_spawner]: Robot has no 'oakd_rgb_camera_frame' link; no RGB-D camera is published.
[mujoco_spawner-3] [INFO] [1790585395.862253233] [mujoco_spawner]: Joints: ['FR_hip_joint', 'FR_thigh_joint', 'FR_calf_joint', 'FL_hip_joint', 'FL_thigh_joint', 'FL_calf_joint', 'RR_hip_joint', 'RR_thigh_joint', 'RR_calf_joint', 'RL_hip_joint', 'RL_thigh_joint', 'RL_calf_joint']   lw= rw=
[mujoco_spawner-3] [INFO] [1790585395.864214519] [mujoco_spawner]: MuJoCo effort joint armature: 0.0100 kg m^2
[mujoco_spawner-3] [INFO] [1790585395.865447879] [mujoco_spawner]: Joint effort input: /go2_group_effort_controller/commands (12 joints, URDF limits)
[mujoco_spawner-3] [INFO] [1790585395.866942963] [mujoco_spawner]: Spawn ground clearance: raised root by 0.2050 m
[mujoco_spawner-3] [INFO] [1790585395.867742601] [mujoco_spawner]: MuJoCo model loaded: 14 bodies, 13 joints
[mujoco_spawner-3] [INFO] [1790585395.868286114] [mujoco_spawner]: MuJoCo gui param=False (resolved=False), DISPLAY=:1 -> mode=DIRECT
[mujoco_spawner-3] [INFO] [1790585395.868765435] [mujoco_spawner]: MuJoCo running headless (gui=False, viewer=True).
[mujoco_spawner-3] [INFO] [1790585395.873244192] [mujoco_spawner]: MuJoCo spawner running.
[go2-stance-gait-controller-1] [INFO] [1790585395.876529973] [go2_stance_gait_controller]: Go2 recovery idle
[INFO] [simulator_ready_gate-10]: process has finished cleanly [pid 78680]
[INFO] [amcl-12]: process started with pid [78953]
[INFO] [map_server-11]: process started with pid [78951]
[INFO] [lifecycle_manager-13]: process started with pid [78955]
[INFO] [ekf_node-14]: process started with pid [78957]
[INFO] [imu_republisher.py-15]: process started with pid [78959]
[INFO] [wheel_imu_fusion-16]: process started with pid [78961]
[lifecycle_manager-13] [INFO] [1790585396.263674635] [lifecycle_manager_localization]: Creating
[lifecycle_manager-13] [INFO] [1790585396.270275252] [lifecycle_manager_localization]: [34m[1mCreating and initializing lifecycle service clients[0m[0m
[map_server-11] [INFO] [1790585396.286936153] [map_server]: 
[map_server-11] 	map_server lifecycle node launched. 
[map_server-11] 	Waiting on external lifecycle transitions to activate
[map_server-11] 	See https://design.ros2.org/articles/node_lifecycle.html for more information.
[map_server-11] [INFO] [1790585396.288667138] [map_server]: Creating
[amcl-12] [0m[INFO] [1790585396.304159062] [amcl]: 
[amcl-12] 	amcl lifecycle node launched. 
[amcl-12] 	Waiting on external lifecycle transitions to activate
[amcl-12] 	See https://design.ros2.org/articles/node_lifecycle.html for more information.[0m
[amcl-12] [0m[INFO] [1790585396.306688757] [amcl]: Creating[0m
[lifecycle_manager-13] [INFO] [1790585396.325470941] [lifecycle_manager_localization]: [34m[1mStarting managed nodes bringup...[0m[0m
[lifecycle_manager-13] [INFO] [1790585396.326717997] [lifecycle_manager_localization]: [34m[1mConfiguring map_server[0m[0m
[map_server-11] [INFO] [1790585396.328067995] [map_server]: Configuring
[map_server-11] [INFO] [1790585396.329267851] [map_io]: Loading yaml file: /home/molar1/bumperbot_ws/install/robot_lab_maps/share/robot_lab_maps/maps/nav_empty/maps/map.yaml
[map_server-11] [INFO] [1790585396.330725240] [map_io]: resolution: 0.05
[map_server-11] [INFO] [1790585396.330767224] [map_io]: origin[0]: -7
[map_server-11] [INFO] [1790585396.330774936] [map_io]: origin[1]: -7
[map_server-11] [INFO] [1790585396.330779960] [map_io]: origin[2]: 0
[map_server-11] [INFO] [1790585396.330785143] [map_io]: free_thresh: 0.196
[map_server-11] [INFO] [1790585396.330790071] [map_io]: occupied_thresh: 0.65
[map_server-11] [INFO] [1790585396.330797783] [map_io]: mode: trinary
[map_server-11] [INFO] [1790585396.330805015] [map_io]: negate: 0
[map_server-11] [INFO] [1790585396.332928795] [map_io]: Loading image_file: /home/molar1/bumperbot_ws/install/robot_lab_maps/share/robot_lab_maps/maps/nav_empty/maps/map.pgm
[map_server-11] [INFO] [1790585396.347142464] [map_io]: Read map /home/molar1/bumperbot_ws/install/robot_lab_maps/share/robot_lab_maps/maps/nav_empty/maps/map.pgm: 280 X 280 map @ 0.05 m/cell
[lifecycle_manager-13] [INFO] [1790585396.357317242] [lifecycle_manager_localization]: [34m[1mConfiguring amcl[0m[0m
[amcl-12] [0m[INFO] [1790585396.357684821] [amcl]: Configuring[0m
[amcl-12] [0m[INFO] [1790585396.357846931] [amcl]: initTransforms[0m
[amcl-12] [0m[INFO] [1790585396.369554905] [amcl]: initPubSub[0m
[amcl-12] [0m[INFO] [1790585396.376927288] [amcl]: Subscribed to map topic.[0m
[lifecycle_manager-13] [INFO] [1790585396.389402164] [lifecycle_manager_localization]: [34m[1mActivating map_server[0m[0m
[map_server-11] [INFO] [1790585396.389709392] [map_server]: Activating
[map_server-11] [INFO] [1790585396.390050699] [map_server]: Creating bond (map_server) to lifecycle manager.
[amcl-12] [0m[INFO] [1790585396.391633942] [amcl]: Received a 280 X 280 map @ 0.050 m/pix[0m
[lifecycle_manager-13] [INFO] [1790585396.494231279] [lifecycle_manager_localization]: Server map_server connected with bond.
[lifecycle_manager-13] [INFO] [1790585396.494320142] [lifecycle_manager_localization]: [34m[1mActivating amcl[0m[0m
[amcl-12] [0m[INFO] [1790585396.494663946] [amcl]: Activating[0m
[amcl-12] [0m[INFO] [1790585396.494759720] [amcl]: initialPoseReceived[0m
[amcl-12] [0m[INFO] [1790585396.494988933] [amcl]: Setting pose (0.508000): -0.500 -0.500 0.000[0m
[amcl-12] [0m[INFO] [1790585396.495651549] [amcl]: Creating bond (amcl) to lifecycle manager.[0m
[lifecycle_manager-13] [INFO] [1790585396.599521221] [lifecycle_manager_localization]: Server amcl connected with bond.
[lifecycle_manager-13] [INFO] [1790585396.599610052] [lifecycle_manager_localization]: [34m[1mManaged nodes are active[0m[0m
[lifecycle_manager-13] [INFO] [1790585396.599632580] [lifecycle_manager_localization]: [34m[1mCreating bond timer...[0m[0m
[amcl-12] [0m[INFO] [1790585396.671359379] [amcl]: createLaserObject[0m
[wheel_imu_fusion-16] [INFO] [1790585397.018237244] [sensor_fusion_wheel_imu_fusion]: wheel_imu_fusion ready
[amcl-12] [0m[INFO] [1790585420.924296137] [rclcpp]: signal_handler(SIGINT/SIGTERM)[0m
[amcl-12] [0m[INFO] [1790585420.924443495] [amcl]: Running Nav2 LifecycleNode rcl preshutdown (amcl)[0m
[amcl-12] [0m[INFO] [1790585420.924551366] [amcl]: Deactivating[0m
[amcl-12] [0m[INFO] [1790585420.924603781] [amcl]: Destroying bond (amcl) to lifecycle manager.[0m
[ekf_node-14] [INFO] [1790585420.924242442] [rclcpp]: signal_handler(SIGINT/SIGTERM)
[twist_mux-6] [INFO] [1790585420.924275786] [rclcpp]: signal_handler(SIGINT/SIGTERM)
[map_server-11] [INFO] [1790585420.924311657] [rclcpp]: signal_handler(SIGINT/SIGTERM)
[map_server-11] [INFO] [1790585420.924462535] [map_server]: Running Nav2 LifecycleNode rcl preshutdown (map_server)
[map_server-11] [INFO] [1790585420.924555270] [map_server]: Deactivating
[map_server-11] [INFO] [1790585420.924576678] [map_server]: Destroying bond (map_server) to lifecycle manager.
[twist_relay-9] [INFO] [1790585420.924342473] [rclcpp]: signal_handler(SIGINT/SIGTERM)
[robot_state_publisher-2] [INFO] [1790585420.924437448] [rclcpp]: signal_handler(SIGINT/SIGTERM)
[twist_marker-7] [INFO] [1790585420.924776419] [rclcpp]: signal_handler(SIGINT/SIGTERM)
[lifecycle_manager-13] [INFO] [1790585420.924760163] [rclcpp]: signal_handler(SIGINT/SIGTERM)
[lifecycle_manager-13] [INFO] [1790585420.924944065] [lifecycle_manager_localization]: Running Nav2 LifecycleManager rcl preshutdown (lifecycle_manager_localization)
[lifecycle_manager-13] [INFO] [1790585420.925002016] [lifecycle_manager_localization]: [34m[1mTerminating bond timer...[0m[0m
[joy_node-5] [INFO] [1790585420.925178750] [rclcpp]: signal_handler(SIGINT/SIGTERM)
[amcl-12] [0m[INFO] [1790585420.934939486] [amcl]: Cleaning up[0m
[map_server-11] [INFO] [1790585420.934939230] [map_server]: Cleaning up
[map_server-11] [INFO] [1790585420.935059325] [map_server]: Destroying bond (map_server) to lifecycle manager.
[amcl-12] [0m[INFO] [1790585420.964144704] [amcl]: Destroying bond (amcl) to lifecycle manager.[0m
[joy_teleop-4] Traceback (most recent call last):
[joy_teleop-4]   File "/opt/ros/humble/lib/joy_teleop/joy_teleop", line 33, in <module>
[joy_teleop-4]     sys.exit(load_entry_point('joy-teleop==1.6.0', 'console_scripts', 'joy_teleop')())
[joy_teleop-4]   File "/opt/ros/humble/lib/python3.10/site-packages/joy_teleop/joy_teleop.py", line 435, in main
[joy_teleop-4]     rclpy.spin(node)
[joy_teleop-4]   File "/opt/ros/humble/local/lib/python3.10/dist-packages/rclpy/__init__.py", line 229, in spin
[joy_teleop-4]     executor.spin_once()
[joy_teleop-4]   File "/opt/ros/humble/local/lib/python3.10/dist-packages/rclpy/executors.py", line 812, in spin_once
[joy_teleop-4]     self._spin_once_impl(timeout_sec)
[joy_teleop-4]   File "/opt/ros/humble/local/lib/python3.10/dist-packages/rclpy/executors.py", line 801, in _spin_once_impl
[joy_teleop-4]     handler, entity, node = self.wait_for_ready_callbacks(timeout_sec=timeout_sec)
[joy_teleop-4]   File "/opt/ros/humble/local/lib/python3.10/dist-packages/rclpy/executors.py", line 784, in wait_for_ready_callbacks
[joy_teleop-4]     return next(self._cb_iter)
[joy_teleop-4]   File "/opt/ros/humble/local/lib/python3.10/dist-packages/rclpy/executors.py", line 685, in _wait_for_ready_callbacks
[joy_teleop-4]     raise ExternalShutdownException()
[joy_teleop-4] rclpy.executors.ExternalShutdownException
[map_server-11] [INFO] [1790585421.093229799] [map_server]: Destroying
[amcl-12] [0m[INFO] [1790585421.099031387] [amcl]: Destroying[0m
[lifecycle_manager-13] [INFO] [1790585421.099693971] [lifecycle_manager_localization]: Destroying lifecycle_manager_localization
[INFO] [ekf_node-14]: process has finished cleanly [pid 78957]
[INFO] [twist_marker-7]: process has finished cleanly [pid 78666]
[INFO] [twist_mux-6]: process has finished cleanly [pid 78664]
[INFO] [robot_state_publisher-2]: process has finished cleanly [pid 78656]
[INFO] [joy_node-5]: process has finished cleanly [pid 78662]
[INFO] [twist_relay-9]: process has finished cleanly [pid 78674]
[imu_republisher.py-15] Traceback (most recent call last):
[imu_republisher.py-15]   File "/home/molar1/bumperbot_ws/install/robot_lab_localization/lib/robot_lab_localization/imu_republisher.py", line 54, in <module>
[imu_republisher.py-15]     main()
[imu_republisher.py-15]   File "/home/molar1/bumperbot_ws/install/robot_lab_localization/lib/robot_lab_localization/imu_republisher.py", line 45, in main
[imu_republisher.py-15]     rclpy.spin(node)
[imu_republisher.py-15]   File "/opt/ros/humble/local/lib/python3.10/dist-packages/rclpy/__init__.py", line 229, in spin
[imu_republisher.py-15]     executor.spin_once()
[imu_republisher.py-15]   File "/opt/ros/humble/local/lib/python3.10/dist-packages/rclpy/executors.py", line 812, in spin_once
[imu_republisher.py-15]     self._spin_once_impl(timeout_sec)
[imu_republisher.py-15]   File "/opt/ros/humble/local/lib/python3.10/dist-packages/rclpy/executors.py", line 801, in _spin_once_impl
[imu_republisher.py-15]     handler, entity, node = self.wait_for_ready_callbacks(timeout_sec=timeout_sec)
[imu_republisher.py-15]   File "/opt/ros/humble/local/lib/python3.10/dist-packages/rclpy/executors.py", line 784, in wait_for_ready_callbacks
[imu_republisher.py-15]     return next(self._cb_iter)
[imu_republisher.py-15]   File "/opt/ros/humble/local/lib/python3.10/dist-packages/rclpy/executors.py", line 685, in _wait_for_ready_callbacks
[imu_republisher.py-15]     raise ExternalShutdownException()
[imu_republisher.py-15] rclpy.executors.ExternalShutdownException
[INFO] [lifecycle_manager-13]: process has finished cleanly [pid 78955]
[INFO] [map_server-11]: process has finished cleanly [pid 78951]
[INFO] [amcl-12]: process has finished cleanly [pid 78953]
[INFO] [wheel_imu_fusion-16]: process has finished cleanly [pid 78961]
[INFO] [go2-stance-gait-controller-1]: process has finished cleanly [pid 78654]
[INFO] [mujoco_spawner-3]: process has finished cleanly [pid 78658]
[ERROR] [joy_teleop-4]: process has died [pid 78660, exit code 1, cmd '/opt/ros/humble/lib/joy_teleop/joy_teleop --ros-args --params-file /home/molar1/bumperbot_ws/install/robot_lab_controller/share/robot_lab_controller/config/joy_teleop.yaml --params-file /workspace/molar/.tmp/launch_params_5g0mlejl'].
[INFO] [joystick_relay.py-8]: process has finished cleanly [pid 78668]
[ERROR] [imu_republisher.py-15]: process has died [pid 78959, exit code 1, cmd '/home/molar1/bumperbot_ws/install/robot_lab_localization/lib/robot_lab_localization/imu_republisher.py --ros-args --params-file /workspace/molar/.tmp/launch_params_ivx397_m'].
