[INFO] [launch]: All log files can be found below /home/molar1/.ros/log/2026-09-28-11-27-16-576898-molar1-108062
[INFO] [launch]: Default logging verbosity is set to INFO
[robot_lab] algorithm localization=amcl -> global_localization stack
[robot_lab] algorithm state_estimation=ekf_localization_node -> local_localization stack
[robot_lab] algorithm sensor_fusion=wheel_imu_fusion -> node robot_lab_algorithms/wheel_imu_fusion
[INFO] [go2-stance-gait-controller-1]: process started with pid [108092]
[INFO] [robot_state_publisher-2]: process started with pid [108094]
[INFO] [mujoco_spawner-3]: process started with pid [108096]
[INFO] [joy_teleop-4]: process started with pid [108098]
[INFO] [joy_node-5]: process started with pid [108100]
[INFO] [twist_mux-6]: process started with pid [108102]
[INFO] [twist_marker-7]: process started with pid [108104]
[INFO] [joystick_relay.py-8]: process started with pid [108106]
[INFO] [twist_relay-9]: process started with pid [108108]
[INFO] [simulator_ready_gate-10]: process started with pid [108112]
[twist_mux-6] [INFO] [1790587637.509989152] [twist_mux]: Topic handler 'topics.joystick' subscribed to topic 'joy_vel': timeout = 0.500000s , priority = 99.
[twist_mux-6] [INFO] [1790587637.511081072] [twist_mux]: Topic handler 'topics.keyboard' subscribed to topic 'key_vel': timeout = 0.500000s , priority = 90.
[twist_mux-6] [INFO] [1790587637.511409169] [twist_mux]: Topic handler 'topics.navigation' subscribed to topic 'cmd_vel': timeout = 0.500000s , priority = 80.
[twist_mux-6] [INFO] [1790587637.511642953] [twist_mux]: Topic handler 'locks.safety_stop' subscribed to topic 'safety_stop': timeout = None , priority = 255.
[robot_state_publisher-2] [INFO] [1790587637.526843389] [robot_state_publisher]: got segment FL_calf
[robot_state_publisher-2] [INFO] [1790587637.527753626] [robot_state_publisher]: got segment FL_calf_rotor
[robot_state_publisher-2] [INFO] [1790587637.527827938] [robot_state_publisher]: got segment FL_foot
[robot_state_publisher-2] [INFO] [1790587637.527845380] [robot_state_publisher]: got segment FL_hip
[robot_state_publisher-2] [INFO] [1790587637.527855909] [robot_state_publisher]: got segment FL_hip_rotor
[robot_state_publisher-2] [INFO] [1790587637.527967280] [robot_state_publisher]: got segment FL_thigh
[robot_state_publisher-2] [INFO] [1790587637.527992179] [robot_state_publisher]: got segment FL_thigh_rotor
[robot_state_publisher-2] [INFO] [1790587637.528004436] [robot_state_publisher]: got segment FR_calf
[robot_state_publisher-2] [INFO] [1790587637.528012917] [robot_state_publisher]: got segment FR_calf_rotor
[robot_state_publisher-2] [INFO] [1790587637.528020597] [robot_state_publisher]: got segment FR_foot
[robot_state_publisher-2] [INFO] [1790587637.528028214] [robot_state_publisher]: got segment FR_hip
[robot_state_publisher-2] [INFO] [1790587637.528036247] [robot_state_publisher]: got segment FR_hip_rotor
[robot_state_publisher-2] [INFO] [1790587637.528043992] [robot_state_publisher]: got segment FR_thigh
[robot_state_publisher-2] [INFO] [1790587637.528051673] [robot_state_publisher]: got segment FR_thigh_rotor
[robot_state_publisher-2] [INFO] [1790587637.528059321] [robot_state_publisher]: got segment RL_calf
[robot_state_publisher-2] [INFO] [1790587637.528067034] [robot_state_publisher]: got segment RL_calf_rotor
[robot_state_publisher-2] [INFO] [1790587637.528074075] [robot_state_publisher]: got segment RL_foot
[robot_state_publisher-2] [INFO] [1790587637.528081116] [robot_state_publisher]: got segment RL_hip
[robot_state_publisher-2] [INFO] [1790587637.528088636] [robot_state_publisher]: got segment RL_hip_rotor
[robot_state_publisher-2] [INFO] [1790587637.528095933] [robot_state_publisher]: got segment RL_thigh
[robot_state_publisher-2] [INFO] [1790587637.528102718] [robot_state_publisher]: got segment RL_thigh_rotor
[robot_state_publisher-2] [INFO] [1790587637.528109855] [robot_state_publisher]: got segment RR_calf
[robot_state_publisher-2] [INFO] [1790587637.528116895] [robot_state_publisher]: got segment RR_calf_rotor
[robot_state_publisher-2] [INFO] [1790587637.528124320] [robot_state_publisher]: got segment RR_foot
[robot_state_publisher-2] [INFO] [1790587637.528131841] [robot_state_publisher]: got segment RR_hip
[robot_state_publisher-2] [INFO] [1790587637.528139170] [robot_state_publisher]: got segment RR_hip_rotor
[robot_state_publisher-2] [INFO] [1790587637.528146114] [robot_state_publisher]: got segment RR_thigh
[robot_state_publisher-2] [INFO] [1790587637.528153347] [robot_state_publisher]: got segment RR_thigh_rotor
[robot_state_publisher-2] [INFO] [1790587637.528160516] [robot_state_publisher]: got segment base
[robot_state_publisher-2] [INFO] [1790587637.528167525] [robot_state_publisher]: got segment front_camera
[robot_state_publisher-2] [INFO] [1790587637.528174309] [robot_state_publisher]: got segment imu_link
[robot_state_publisher-2] [INFO] [1790587637.528181510] [robot_state_publisher]: got segment trunk
[go2-stance-gait-controller-1] [0;93m2026-09-28 11:27:18.199696538 [W:onnxruntime:Default, device_discovery.cc:164 DiscoverDevicesForPlatform] GPU device discovery failed: device_discovery.cc:89 ReadFileContents Failed to open file: "/sys/class/drm/card1/device/vendor"[m
[go2-stance-gait-controller-1] [INFO] [1790587638.271359475] [go2_stance_gait_controller]: Go2 closed-loop stance: 12 effort joints at 250.0 Hz; controller ONNX velocity policy
[mujoco_spawner-3] [INFO] [1790587639.431337259] [mujoco_spawner]: MuJoCo: 18 collision proxy geom(s) moved to group 3 (viewer Rendering tab to show them).
[mujoco_spawner-3] [INFO] [1790587639.486917839] [mujoco_spawner]: MuJoCo URDF import OK (all meshes staged).
[mujoco_spawner-3] [WARN] [1790587639.504630525] [mujoco_spawner]: MuJoCo effort plant: no MJCF beside /home/molar1/bumperbot_ws/install/robot_lab_robots/share/robot_lab_robots/unitree/go2_description/xacro/go2_sim.xacro names every effort joint; keeping the URDF <dynamics> (damping=5.0 is a Gazebo stabiliser the robot does not have).
[mujoco_spawner-3] [INFO] [1790587639.562554160] [mujoco_spawner]: MuJoCo physics timestep: 0.0010 s
[mujoco_spawner-3] [INFO] [1790587639.565572740] [mujoco_spawner]: Robot has no 'oakd_rgb_camera_frame' link; no RGB-D camera is published.
[mujoco_spawner-3] [INFO] [1790587639.567365691] [mujoco_spawner]: Joints: ['FR_hip_joint', 'FR_thigh_joint', 'FR_calf_joint', 'FL_hip_joint', 'FL_thigh_joint', 'FL_calf_joint', 'RR_hip_joint', 'RR_thigh_joint', 'RR_calf_joint', 'RL_hip_joint', 'RL_thigh_joint', 'RL_calf_joint']   lw= rw=
[mujoco_spawner-3] [INFO] [1790587639.570502746] [mujoco_spawner]: MuJoCo effort joint armature: 0.0100 kg m^2
[mujoco_spawner-3] [INFO] [1790587639.572717596] [mujoco_spawner]: Joint effort input: /go2_group_effort_controller/commands (12 joints, URDF limits)
[mujoco_spawner-3] [INFO] [1790587639.575522586] [mujoco_spawner]: Spawn ground clearance: raised root by 0.2631 m
[mujoco_spawner-3] [INFO] [1790587639.576876196] [mujoco_spawner]: MuJoCo model loaded: 14 bodies, 13 joints
[mujoco_spawner-3] [INFO] [1790587639.577841191] [mujoco_spawner]: MuJoCo gui param=False (resolved=False), DISPLAY=:1 -> mode=DIRECT
[mujoco_spawner-3] [INFO] [1790587639.578860047] [mujoco_spawner]: MuJoCo running headless (gui=False, viewer=True).
[mujoco_spawner-3] [INFO] [1790587639.584253877] [mujoco_spawner]: MuJoCo spawner running.
[go2-stance-gait-controller-1] [WARN] [1790587639.588046615] [go2_stance_gait_controller]: Go2 safety warn: tilt 0.60 rad exceeds warn threshold
[go2-stance-gait-controller-1] [INFO] [1790587639.589018587] [go2_stance_gait_controller]: Go2 recovery idle
[INFO] [simulator_ready_gate-10]: process has finished cleanly [pid 108112]
[go2-stance-gait-controller-1] [WARN] [1790587639.942199561] [go2_stance_gait_controller]: Go2 safety nominal: attitude recovered
[INFO] [amcl-12]: process started with pid [108346]
[INFO] [map_server-11]: process started with pid [108344]
[INFO] [lifecycle_manager-13]: process started with pid [108349]
[INFO] [ekf_node-14]: process started with pid [108351]
[INFO] [imu_republisher.py-15]: process started with pid [108353]
[INFO] [wheel_imu_fusion-16]: process started with pid [108360]
[amcl-12] [0m[INFO] [1790587639.996953977] [amcl]: 
[amcl-12] 	amcl lifecycle node launched. 
[amcl-12] 	Waiting on external lifecycle transitions to activate
[amcl-12] 	See https://design.ros2.org/articles/node_lifecycle.html for more information.[0m
[amcl-12] [0m[INFO] [1790587640.008149165] [amcl]: Creating[0m
[lifecycle_manager-13] [INFO] [1790587640.016678802] [lifecycle_manager_localization]: Creating
[lifecycle_manager-13] [INFO] [1790587640.027803038] [lifecycle_manager_localization]: [34m[1mCreating and initializing lifecycle service clients[0m[0m
[map_server-11] [INFO] [1790587640.031150803] [map_server]: 
[map_server-11] 	map_server lifecycle node launched. 
[map_server-11] 	Waiting on external lifecycle transitions to activate
[map_server-11] 	See https://design.ros2.org/articles/node_lifecycle.html for more information.
[map_server-11] [INFO] [1790587640.033786911] [map_server]: Creating
[lifecycle_manager-13] [INFO] [1790587640.166968979] [lifecycle_manager_localization]: [34m[1mStarting managed nodes bringup...[0m[0m
[lifecycle_manager-13] [INFO] [1790587640.167076414] [lifecycle_manager_localization]: [34m[1mConfiguring map_server[0m[0m
[map_server-11] [INFO] [1790587640.168278232] [map_server]: Configuring
[map_server-11] [INFO] [1790587640.168409958] [map_io]: Loading yaml file: /home/molar1/bumperbot_ws/install/robot_lab_maps/share/robot_lab_maps/maps/nav_empty/maps/map.yaml
[map_server-11] [INFO] [1790587640.168820751] [map_io]: resolution: 0.05
[map_server-11] [INFO] [1790587640.168839505] [map_io]: origin[0]: -7
[map_server-11] [INFO] [1790587640.168845490] [map_io]: origin[1]: -7
[map_server-11] [INFO] [1790587640.168849810] [map_io]: origin[2]: 0
[map_server-11] [INFO] [1790587640.168855059] [map_io]: free_thresh: 0.196
[map_server-11] [INFO] [1790587640.168860371] [map_io]: occupied_thresh: 0.65
[map_server-11] [INFO] [1790587640.168866612] [map_io]: mode: trinary
[map_server-11] [INFO] [1790587640.168873813] [map_io]: negate: 0
[map_server-11] [INFO] [1790587640.169193269] [map_io]: Loading image_file: /home/molar1/bumperbot_ws/install/robot_lab_maps/share/robot_lab_maps/maps/nav_empty/maps/map.pgm
[map_server-11] [INFO] [1790587640.182795998] [map_io]: Read map /home/molar1/bumperbot_ws/install/robot_lab_maps/share/robot_lab_maps/maps/nav_empty/maps/map.pgm: 280 X 280 map @ 0.05 m/cell
[lifecycle_manager-13] [INFO] [1790587640.194818918] [lifecycle_manager_localization]: [34m[1mConfiguring amcl[0m[0m
[amcl-12] [0m[INFO] [1790587640.195191211] [amcl]: Configuring[0m
[amcl-12] [0m[INFO] [1790587640.195396064] [amcl]: initTransforms[0m
[amcl-12] [0m[INFO] [1790587640.206131877] [amcl]: initPubSub[0m
[amcl-12] [0m[INFO] [1790587640.215472188] [amcl]: Subscribed to map topic.[0m
[lifecycle_manager-13] [INFO] [1790587640.223292760] [lifecycle_manager_localization]: [34m[1mActivating map_server[0m[0m
[amcl-12] [0m[INFO] [1790587640.224139342] [amcl]: Received a 280 X 280 map @ 0.050 m/pix[0m
[map_server-11] [INFO] [1790587640.223590230] [map_server]: Activating
[map_server-11] [INFO] [1790587640.223897781] [map_server]: Creating bond (map_server) to lifecycle manager.
[lifecycle_manager-13] [INFO] [1790587640.327892495] [lifecycle_manager_localization]: Server map_server connected with bond.
[lifecycle_manager-13] [INFO] [1790587640.327984344] [lifecycle_manager_localization]: [34m[1mActivating amcl[0m[0m
[amcl-12] [0m[INFO] [1790587640.328348221] [amcl]: Activating[0m
[amcl-12] [0m[INFO] [1790587640.328435622] [amcl]: initialPoseReceived[0m
[amcl-12] [0m[INFO] [1790587640.328666429] [amcl]: Setting pose (0.584000): -0.500 -0.500 0.000[0m
[amcl-12] [0m[INFO] [1790587640.329245016] [amcl]: Creating bond (amcl) to lifecycle manager.[0m
[amcl-12] [0m[INFO] [1790587640.395415559] [amcl]: createLaserObject[0m
[lifecycle_manager-13] [INFO] [1790587640.433064927] [lifecycle_manager_localization]: Server amcl connected with bond.
[lifecycle_manager-13] [INFO] [1790587640.433144520] [lifecycle_manager_localization]: [34m[1mManaged nodes are active[0m[0m
[lifecycle_manager-13] [INFO] [1790587640.433165578] [lifecycle_manager_localization]: [34m[1mCreating bond timer...[0m[0m
[wheel_imu_fusion-16] [INFO] [1790587640.755574330] [sensor_fusion_wheel_imu_fusion]: wheel_imu_fusion ready
[lifecycle_manager-13] [INFO] [1790587662.512890196] [rclcpp]: signal_handler(SIGINT/SIGTERM)
[lifecycle_manager-13] [INFO] [1790587662.513057060] [lifecycle_manager_localization]: Running Nav2 LifecycleManager rcl preshutdown (lifecycle_manager_localization)
[lifecycle_manager-13] [INFO] [1790587662.513124331] [lifecycle_manager_localization]: [34m[1mTerminating bond timer...[0m[0m
[map_server-11] [INFO] [1790587662.512952186] [rclcpp]: signal_handler(SIGINT/SIGTERM)
[map_server-11] [INFO] [1790587662.513101576] [map_server]: Running Nav2 LifecycleNode rcl preshutdown (map_server)
[map_server-11] [INFO] [1790587662.513208019] [map_server]: Deactivating
[map_server-11] [INFO] [1790587662.513240566] [map_server]: Destroying bond (map_server) to lifecycle manager.
[robot_state_publisher-2] [INFO] [1790587662.512945689] [rclcpp]: signal_handler(SIGINT/SIGTERM)
[twist_relay-9] [INFO] [1790587662.513034114] [rclcpp]: signal_handler(SIGINT/SIGTERM)
[ekf_node-14] [INFO] [1790587662.513273241] [rclcpp]: signal_handler(SIGINT/SIGTERM)
[amcl-12] [0m[INFO] [1790587662.513443882] [rclcpp]: signal_handler(SIGINT/SIGTERM)[0m
[amcl-12] [0m[INFO] [1790587662.513557333] [amcl]: Running Nav2 LifecycleNode rcl preshutdown (amcl)[0m
[amcl-12] [0m[INFO] [1790587662.513652350] [amcl]: Deactivating[0m
[amcl-12] [0m[INFO] [1790587662.513685089] [amcl]: Destroying bond (amcl) to lifecycle manager.[0m
[amcl-12] [0m[INFO] [1790587662.524103484] [amcl]: Cleaning up[0m
[twist_marker-7] [INFO] [1790587662.513452971] [rclcpp]: signal_handler(SIGINT/SIGTERM)
[joy_node-5] [INFO] [1790587662.513717893] [rclcpp]: signal_handler(SIGINT/SIGTERM)
[twist_mux-6] [INFO] [1790587662.514099466] [rclcpp]: signal_handler(SIGINT/SIGTERM)
[map_server-11] [INFO] [1790587662.523598762] [map_server]: Cleaning up
[map_server-11] [INFO] [1790587662.523700884] [map_server]: Destroying bond (map_server) to lifecycle manager.
[map_server-11] [INFO] [1790587662.532158927] [map_server]: Destroying
[amcl-12] [0m[INFO] [1790587662.532976159] [amcl]: Destroying bond (amcl) to lifecycle manager.[0m
[joy_teleop-4] Traceback (most recent call last):
[joy_teleop-4]   File "/opt/ros/humble/lib/joy_teleop/joy_teleop", line 33, in <module>
[joy_teleop-4]     sys.exit(load_entry_point('joy-teleop==1.6.0', 'console_scripts', 'joy_teleop')())
[joy_teleop-4]   File "/opt/ros/humble/lib/python3.10/site-packages/joy_teleop/joy_teleop.py", line 435, in main
[joy_teleop-4]     rclpy.spin(node)
[joy_teleop-4]   File "/opt/ros/humble/local/lib/python3.10/dist-packages/rclpy/__init__.py", line 229, in spin
[joy_teleop-4]     executor.spin_once()
[joy_teleop-4]   File "/opt/ros/humble/local/lib/python3.10/dist-packages/rclpy/executors.py", line 812, in spin_once
[joy_teleop-4]     self._spin_once_impl(timeout_sec)
[joy_teleop-4]   File "/opt/ros/humble/local/lib/python3.10/dist-packages/rclpy/executors.py", line 801, in _spin_once_impl
[joy_teleop-4]     handler, entity, node = self.wait_for_ready_callbacks(timeout_sec=timeout_sec)
[joy_teleop-4]   File "/opt/ros/humble/local/lib/python3.10/dist-packages/rclpy/executors.py", line 784, in wait_for_ready_callbacks
[joy_teleop-4]     return next(self._cb_iter)
[joy_teleop-4]   File "/opt/ros/humble/local/lib/python3.10/dist-packages/rclpy/executors.py", line 657, in _wait_for_ready_callbacks
[joy_teleop-4]     wait_set = _rclpy.WaitSet(
[joy_teleop-4] rclpy._rclpy_pybind11.RCLError: failed to initialize wait set: the given context is not valid, either rcl_init() was not called or rcl_shutdown() was called., at ./src/rcl/wait.c:130
[amcl-12] [0m[INFO] [1790587662.615720151] [amcl]: Destroying[0m
[lifecycle_manager-13] [INFO] [1790587662.617779616] [lifecycle_manager_localization]: Destroying lifecycle_manager_localization
[joystick_relay.py-8] Traceback (most recent call last):
[joystick_relay.py-8]   File "/opt/ros/humble/lib/twist_mux/joystick_relay.py", line 302, in <module>
[joystick_relay.py-8]     main()
[joystick_relay.py-8]   File "/opt/ros/humble/lib/twist_mux/joystick_relay.py", line 293, in main
[joystick_relay.py-8]     rclpy.spin(node)
[joystick_relay.py-8]   File "/opt/ros/humble/local/lib/python3.10/dist-packages/rclpy/__init__.py", line 229, in spin
[joystick_relay.py-8]     executor.spin_once()
[joystick_relay.py-8]   File "/opt/ros/humble/local/lib/python3.10/dist-packages/rclpy/executors.py", line 812, in spin_once
[joystick_relay.py-8]     self._spin_once_impl(timeout_sec)
[joystick_relay.py-8]   File "/opt/ros/humble/local/lib/python3.10/dist-packages/rclpy/executors.py", line 801, in _spin_once_impl
[joystick_relay.py-8]     handler, entity, node = self.wait_for_ready_callbacks(timeout_sec=timeout_sec)
[joystick_relay.py-8]   File "/opt/ros/humble/local/lib/python3.10/dist-packages/rclpy/executors.py", line 784, in wait_for_ready_callbacks
[joystick_relay.py-8]     return next(self._cb_iter)
[joystick_relay.py-8]   File "/opt/ros/humble/local/lib/python3.10/dist-packages/rclpy/executors.py", line 657, in _wait_for_ready_callbacks
[joystick_relay.py-8]     wait_set = _rclpy.WaitSet(
[joystick_relay.py-8] rclpy._rclpy_pybind11.RCLError: failed to initialize wait set: the given context is not valid, either rcl_init() was not called or rcl_shutdown() was called., at ./src/rcl/wait.c:130
[INFO] [robot_state_publisher-2]: process has finished cleanly [pid 108094]
[INFO] [joy_node-5]: process has finished cleanly [pid 108100]
[INFO] [twist_mux-6]: process has finished cleanly [pid 108102]
[INFO] [twist_relay-9]: process has finished cleanly [pid 108108]
[INFO] [twist_marker-7]: process has finished cleanly [pid 108104]
[INFO] [ekf_node-14]: process has finished cleanly [pid 108351]
[INFO] [map_server-11]: process has finished cleanly [pid 108344]
[INFO] [imu_republisher.py-15]: process has finished cleanly [pid 108353]
[mujoco_spawner-3] Traceback (most recent call last):
[mujoco_spawner-3]   File "/home/molar1/bumperbot_ws/install/robot_lab_mujoco/lib/robot_lab_mujoco/mujoco_spawner", line 33, in <module>
[mujoco_spawner-3]     sys.exit(load_entry_point('robot_lab_mujoco==0.1.0', 'console_scripts', 'mujoco_spawner')())
[mujoco_spawner-3]   File "/home/molar1/bumperbot_ws/install/robot_lab_mujoco/lib/python3.10/site-packages/robot_lab_mujoco/mujoco_spawner.py", line 2041, in main
[mujoco_spawner-3]     rclpy.spin(node)
[mujoco_spawner-3]   File "/opt/ros/humble/local/lib/python3.10/dist-packages/rclpy/__init__.py", line 229, in spin
[mujoco_spawner-3]     executor.spin_once()
[mujoco_spawner-3]   File "/opt/ros/humble/local/lib/python3.10/dist-packages/rclpy/executors.py", line 812, in spin_once
[mujoco_spawner-3]     self._spin_once_impl(timeout_sec)
[mujoco_spawner-3]   File "/opt/ros/humble/local/lib/python3.10/dist-packages/rclpy/executors.py", line 801, in _spin_once_impl
[mujoco_spawner-3]     handler, entity, node = self.wait_for_ready_callbacks(timeout_sec=timeout_sec)
[mujoco_spawner-3]   File "/opt/ros/humble/local/lib/python3.10/dist-packages/rclpy/executors.py", line 784, in wait_for_ready_callbacks
[mujoco_spawner-3]     return next(self._cb_iter)
[mujoco_spawner-3]   File "/opt/ros/humble/local/lib/python3.10/dist-packages/rclpy/executors.py", line 657, in _wait_for_ready_callbacks
[mujoco_spawner-3]     wait_set = _rclpy.WaitSet(
[mujoco_spawner-3] rclpy._rclpy_pybind11.RCLError: failed to initialize wait set: the given context is not valid, either rcl_init() was not called or rcl_shutdown() was called., at ./src/rcl/wait.c:130
[INFO] [lifecycle_manager-13]: process has finished cleanly [pid 108349]
[INFO] [amcl-12]: process has finished cleanly [pid 108346]
[INFO] [wheel_imu_fusion-16]: process has finished cleanly [pid 108360]
[INFO] [go2-stance-gait-controller-1]: process has finished cleanly [pid 108092]
[ERROR] [joy_teleop-4]: process has died [pid 108098, exit code 1, cmd '/opt/ros/humble/lib/joy_teleop/joy_teleop --ros-args --params-file /home/molar1/bumperbot_ws/install/robot_lab_controller/share/robot_lab_controller/config/joy_teleop.yaml --params-file /workspace/molar/.tmp/launch_params_8yij4b5f'].
[ERROR] [joystick_relay.py-8]: process has died [pid 108106, exit code 1, cmd '/opt/ros/humble/lib/twist_mux/joystick_relay.py --ros-args --params-file /workspace/molar/.tmp/launch_params_d10qcdef --params-file /home/molar1/bumperbot_ws/install/robot_lab_controller/share/robot_lab_controller/config/twist_mux_joy.yaml -r joy_vel_out:=joy_vel -r joy_vel_in:=input_joy/cmd_vel'].
[ERROR] [mujoco_spawner-3]: process has died [pid 108096, exit code 1, cmd '/home/molar1/bumperbot_ws/install/robot_lab_mujoco/lib/robot_lab_mujoco/mujoco_spawner --ros-args -r __node:=mujoco_spawner --params-file /workspace/molar/.tmp/launch_params_24xrqcb5'].
