[INFO] [launch]: All log files can be found below /home/molar1/.ros/log/2026-09-25-18-52-56-225265-molar1-1600844
[INFO] [launch]: Default logging verbosity is set to INFO
[robot_lab] algorithm localization=amcl -> global_localization stack
[robot_lab] algorithm state_estimation=ekf_localization_node -> local_localization stack
[robot_lab] algorithm sensor_fusion=wheel_imu_fusion -> node robot_lab_algorithms/wheel_imu_fusion
[INFO] [go2-stance-gait-controller-1]: process started with pid [1600873]
[INFO] [robot_state_publisher-2]: process started with pid [1600875]
[INFO] [mujoco_spawner-3]: process started with pid [1600877]
[INFO] [joy_teleop-4]: process started with pid [1600879]
[INFO] [joy_node-5]: process started with pid [1600881]
[INFO] [twist_mux-6]: process started with pid [1600883]
[INFO] [twist_marker-7]: process started with pid [1600885]
[INFO] [joystick_relay.py-8]: process started with pid [1600887]
[INFO] [twist_relay-9]: process started with pid [1600889]
[INFO] [simulator_ready_gate-10]: process started with pid [1600891]
[twist_mux-6] 1790355177.294536 [220]  twist_mux: selected interface "lo" is not multicast-capable: disabling multicast
[twist_relay-9] 1790355177.303227 [220] twist_rela: selected interface "lo" is not multicast-capable: disabling multicast
[twist_mux-6] [INFO] [1790355177.308658890] [twist_mux]: Topic handler 'topics.joystick' subscribed to topic 'joy_vel': timeout = 0.500000s , priority = 99.
[twist_mux-6] [INFO] [1790355177.309693350] [twist_mux]: Topic handler 'topics.keyboard' subscribed to topic 'key_vel': timeout = 0.500000s , priority = 90.
[twist_mux-6] [INFO] [1790355177.310040101] [twist_mux]: Topic handler 'topics.navigation' subscribed to topic 'cmd_vel': timeout = 0.500000s , priority = 80.
[twist_mux-6] [INFO] [1790355177.310314052] [twist_mux]: Topic handler 'locks.safety_stop' subscribed to topic 'safety_stop': timeout = None , priority = 255.
[twist_marker-7] 1790355177.314125 [220] twist_mark: selected interface "lo" is not multicast-capable: disabling multicast
[robot_state_publisher-2] 1790355177.314938 [220] robot_stat: selected interface "lo" is not multicast-capable: disabling multicast
[robot_state_publisher-2] [INFO] [1790355177.328491905] [robot_state_publisher]: got segment FL_calf
[robot_state_publisher-2] [INFO] [1790355177.330470361] [robot_state_publisher]: got segment FL_calf_rotor
[robot_state_publisher-2] [INFO] [1790355177.331296406] [robot_state_publisher]: got segment FL_foot
[robot_state_publisher-2] [INFO] [1790355177.331939988] [robot_state_publisher]: got segment FL_hip
[robot_state_publisher-2] [INFO] [1790355177.331964148] [robot_state_publisher]: got segment FL_hip_rotor
[robot_state_publisher-2] [INFO] [1790355177.331976948] [robot_state_publisher]: got segment FL_thigh
[robot_state_publisher-2] [INFO] [1790355177.331986132] [robot_state_publisher]: got segment FL_thigh_rotor
[robot_state_publisher-2] [INFO] [1790355177.331997044] [robot_state_publisher]: got segment FR_calf
[robot_state_publisher-2] [INFO] [1790355177.332004947] [robot_state_publisher]: got segment FR_calf_rotor
[robot_state_publisher-2] [INFO] [1790355177.332012851] [robot_state_publisher]: got segment FR_foot
[robot_state_publisher-2] [INFO] [1790355177.332020659] [robot_state_publisher]: got segment FR_hip
[robot_state_publisher-2] [INFO] [1790355177.332028627] [robot_state_publisher]: got segment FR_hip_rotor
[robot_state_publisher-2] [INFO] [1790355177.332036275] [robot_state_publisher]: got segment FR_thigh
[robot_state_publisher-2] [INFO] [1790355177.332044115] [robot_state_publisher]: got segment FR_thigh_rotor
[robot_state_publisher-2] [INFO] [1790355177.332051763] [robot_state_publisher]: got segment RL_calf
[robot_state_publisher-2] [INFO] [1790355177.332061843] [robot_state_publisher]: got segment RL_calf_rotor
[robot_state_publisher-2] [INFO] [1790355177.332068819] [robot_state_publisher]: got segment RL_foot
[robot_state_publisher-2] [INFO] [1790355177.332076179] [robot_state_publisher]: got segment RL_hip
[robot_state_publisher-2] [INFO] [1790355177.332084211] [robot_state_publisher]: got segment RL_hip_rotor
[robot_state_publisher-2] [INFO] [1790355177.332091411] [robot_state_publisher]: got segment RL_thigh
[robot_state_publisher-2] [INFO] [1790355177.332098707] [robot_state_publisher]: got segment RL_thigh_rotor
[robot_state_publisher-2] [INFO] [1790355177.332105843] [robot_state_publisher]: got segment RR_calf
[robot_state_publisher-2] [INFO] [1790355177.332113011] [robot_state_publisher]: got segment RR_calf_rotor
[robot_state_publisher-2] [INFO] [1790355177.332121587] [robot_state_publisher]: got segment RR_foot
[robot_state_publisher-2] [INFO] [1790355177.332128915] [robot_state_publisher]: got segment RR_hip
[robot_state_publisher-2] [INFO] [1790355177.332136627] [robot_state_publisher]: got segment RR_hip_rotor
[robot_state_publisher-2] [INFO] [1790355177.332143827] [robot_state_publisher]: got segment RR_thigh
[robot_state_publisher-2] [INFO] [1790355177.332151027] [robot_state_publisher]: got segment RR_thigh_rotor
[robot_state_publisher-2] [INFO] [1790355177.332158195] [robot_state_publisher]: got segment base
[robot_state_publisher-2] [INFO] [1790355177.332165299] [robot_state_publisher]: got segment front_camera
[robot_state_publisher-2] [INFO] [1790355177.332172403] [robot_state_publisher]: got segment imu_link
[robot_state_publisher-2] [INFO] [1790355177.332181427] [robot_state_publisher]: got segment trunk
[joy_node-5] 1790355177.336586 [220]   joy_node: selected interface "lo" is not multicast-capable: disabling multicast
[joy_teleop-4] 1790355177.795230 [220] joy_teleop: selected interface "lo" is not multicast-capable: disabling multicast
[joystick_relay.py-8] 1790355177.882939 [220] joystick_r: selected interface "lo" is not multicast-capable: disabling multicast
[go2-stance-gait-controller-1] 1790355177.897239 [220] go2-stance: selected interface "lo" is not multicast-capable: disabling multicast
[go2-stance-gait-controller-1] [0;93m2026-09-25 18:52:58.018626619 [W:onnxruntime:Default, device_discovery.cc:164 DiscoverDevicesForPlatform] GPU device discovery failed: device_discovery.cc:89 ReadFileContents Failed to open file: "/sys/class/drm/card1/device/vendor"[m
[go2-stance-gait-controller-1] [INFO] [1790355178.112079551] [go2_stance_gait_controller]: Go2 closed-loop stance: 12 effort joints at 250.0 Hz; controller ONNX velocity policy
[INFO] [simulator_ready_gate-10]: process has finished cleanly [pid 1600891]
[INFO] [amcl-12]: process started with pid [1601078]
[INFO] [map_server-11]: process started with pid [1601076]
[INFO] [lifecycle_manager-13]: process started with pid [1601080]
[INFO] [ekf_node-14]: process started with pid [1601082]
[INFO] [imu_republisher.py-15]: process started with pid [1601084]
[INFO] [wheel_imu_fusion-16]: process started with pid [1601086]
[lifecycle_manager-13] 1790355178.209760 [220] lifecycle_: selected interface "lo" is not multicast-capable: disabling multicast
[lifecycle_manager-13] [INFO] [1790355178.219702222] [lifecycle_manager_localization]: Creating
[amcl-12] 1790355178.221547 [220]       amcl: selected interface "lo" is not multicast-capable: disabling multicast
[ekf_node-14] 1790355178.221496 [220]   ekf_node: selected interface "lo" is not multicast-capable: disabling multicast
[lifecycle_manager-13] [INFO] [1790355178.223777663] [lifecycle_manager_localization]: [34m[1mCreating and initializing lifecycle service clients[0m[0m
[map_server-11] 1790355178.233614 [220] map_server: selected interface "lo" is not multicast-capable: disabling multicast
[map_server-11] [INFO] [1790355178.252504084] [map_server]: 
[map_server-11] 	map_server lifecycle node launched. 
[map_server-11] 	Waiting on external lifecycle transitions to activate
[map_server-11] 	See https://design.ros2.org/articles/node_lifecycle.html for more information.
[map_server-11] [INFO] [1790355178.253672624] [map_server]: Creating
[amcl-12] [0m[INFO] [1790355178.257981216] [amcl]: 
[amcl-12] 	amcl lifecycle node launched. 
[amcl-12] 	Waiting on external lifecycle transitions to activate
[amcl-12] 	See https://design.ros2.org/articles/node_lifecycle.html for more information.[0m
[amcl-12] [0m[INFO] [1790355178.260323767] [amcl]: Creating[0m
[lifecycle_manager-13] [INFO] [1790355178.261583634] [lifecycle_manager_localization]: [34m[1mStarting managed nodes bringup...[0m[0m
[lifecycle_manager-13] [INFO] [1790355178.262271888] [lifecycle_manager_localization]: [34m[1mConfiguring map_server[0m[0m
[mujoco_spawner-3] 1790355178.265325 [220] mujoco_spa: selected interface "lo" is not multicast-capable: disabling multicast
[map_server-11] [INFO] [1790355178.279331792] [map_server]: Configuring
[map_server-11] [INFO] [1790355178.279485648] [map_io]: Loading yaml file: /workspace/molar/ros_ws/bumperbot_ws/install/robot_lab_maps/share/robot_lab_maps/maps/nav_empty/maps/map.yaml
[map_server-11] [INFO] [1790355178.279919406] [map_io]: resolution: 0.05
[map_server-11] [INFO] [1790355178.279942062] [map_io]: origin[0]: -7
[map_server-11] [INFO] [1790355178.279947982] [map_io]: origin[1]: -7
[map_server-11] [INFO] [1790355178.279952846] [map_io]: origin[2]: 0
[map_server-11] [INFO] [1790355178.279958222] [map_io]: free_thresh: 0.196
[map_server-11] [INFO] [1790355178.279963278] [map_io]: occupied_thresh: 0.65
[map_server-11] [INFO] [1790355178.279969774] [map_io]: mode: trinary
[map_server-11] [INFO] [1790355178.279976910] [map_io]: negate: 0
[map_server-11] [INFO] [1790355178.280314285] [map_io]: Loading image_file: /workspace/molar/ros_ws/bumperbot_ws/install/robot_lab_maps/share/robot_lab_maps/maps/nav_empty/maps/map.pgm
[map_server-11] [INFO] [1790355178.290791878] [map_io]: Read map /workspace/molar/ros_ws/bumperbot_ws/install/robot_lab_maps/share/robot_lab_maps/maps/nav_empty/maps/map.pgm: 280 X 280 map @ 0.05 m/cell
[lifecycle_manager-13] [INFO] [1790355178.298077130] [lifecycle_manager_localization]: [34m[1mConfiguring amcl[0m[0m
[amcl-12] [0m[INFO] [1790355178.298536169] [amcl]: Configuring[0m
[amcl-12] [0m[INFO] [1790355178.298700488] [amcl]: initTransforms[0m
[amcl-12] [0m[INFO] [1790355178.308335108] [amcl]: initPubSub[0m
[amcl-12] [0m[INFO] [1790355178.312481301] [amcl]: Subscribed to map topic.[0m
[lifecycle_manager-13] [INFO] [1790355178.318518974] [lifecycle_manager_localization]: [34m[1mActivating map_server[0m[0m
[map_server-11] [INFO] [1790355178.318872701] [map_server]: Activating
[map_server-11] [INFO] [1790355178.319196284] [map_server]: Creating bond (map_server) to lifecycle manager.
[amcl-12] [0m[INFO] [1790355178.381919890] [amcl]: Received a 280 X 280 map @ 0.050 m/pix[0m
[lifecycle_manager-13] [INFO] [1790355178.422611579] [lifecycle_manager_localization]: Server map_server connected with bond.
[lifecycle_manager-13] [INFO] [1790355178.422694874] [lifecycle_manager_localization]: [34m[1mActivating amcl[0m[0m
[amcl-12] [0m[INFO] [1790355178.423013337] [amcl]: Activating[0m
[amcl-12] [0m[INFO] [1790355178.423117465] [amcl]: initialPoseReceived[0m
[amcl-12] [0m[INFO] [1790355178.423298424] [amcl]: Setting pose (0.000000): -0.500 -0.500 0.000[0m
[amcl-12] [0m[INFO] [1790355178.423871606] [amcl]: Creating bond (amcl) to lifecycle manager.[0m
[lifecycle_manager-13] [INFO] [1790355178.527234389] [lifecycle_manager_localization]: Server amcl connected with bond.
[lifecycle_manager-13] [INFO] [1790355178.527315093] [lifecycle_manager_localization]: [34m[1mManaged nodes are active[0m[0m
[lifecycle_manager-13] [INFO] [1790355178.527336917] [lifecycle_manager_localization]: [34m[1mCreating bond timer...[0m[0m
[wheel_imu_fusion-16] 1790355178.587729 [220] wheel_imu_: selected interface "lo" is not multicast-capable: disabling multicast
[imu_republisher.py-15] 1790355178.634236 [220]    python3: selected interface "lo" is not multicast-capable: disabling multicast
[wheel_imu_fusion-16] [INFO] [1790355178.839340460] [sensor_fusion_wheel_imu_fusion]: wheel_imu_fusion ready
[mujoco_spawner-3] [INFO] [1790355179.460479041] [mujoco_spawner]: MuJoCo: 18 collision proxy geom(s) moved to group 3 (viewer Rendering tab to show them).
[mujoco_spawner-3] [INFO] [1790355179.512388736] [mujoco_spawner]: MuJoCo URDF import OK (all meshes staged).
[mujoco_spawner-3] [WARN] [1790355179.527934374] [mujoco_spawner]: MuJoCo effort plant: no MJCF beside /workspace/molar/ros_ws/bumperbot_ws/install/robot_lab_robots/share/robot_lab_robots/unitree/go2_description/xacro/go2_sim.xacro names every effort joint; keeping the URDF <dynamics> (damping=5.0 is a Gazebo stabiliser the robot does not have).
[mujoco_spawner-3] [INFO] [1790355179.577636333] [mujoco_spawner]: MuJoCo physics timestep: 0.0010 s
[mujoco_spawner-3] [INFO] [1790355179.579883652] [mujoco_spawner]: Robot has no 'oakd_rgb_camera_frame' link; no RGB-D camera is published.
[mujoco_spawner-3] [INFO] [1790355179.581185247] [mujoco_spawner]: Joints: ['FR_hip_joint', 'FR_thigh_joint', 'FR_calf_joint', 'FL_hip_joint', 'FL_thigh_joint', 'FL_calf_joint', 'RR_hip_joint', 'RR_thigh_joint', 'RR_calf_joint', 'RL_hip_joint', 'RL_thigh_joint', 'RL_calf_joint']   lw= rw=
[mujoco_spawner-3] [INFO] [1790355179.584564691] [mujoco_spawner]: MuJoCo effort joint armature: 0.0100 kg m^2
[mujoco_spawner-3] [INFO] [1790355179.586855370] [mujoco_spawner]: Joint effort input: /go2_group_effort_controller/commands (12 joints, URDF limits)
[mujoco_spawner-3] [INFO] [1790355179.589256737] [mujoco_spawner]: Spawn ground clearance: raised root by 0.2050 m
[mujoco_spawner-3] [INFO] [1790355179.590530173] [mujoco_spawner]: MuJoCo model loaded: 14 bodies, 13 joints
[mujoco_spawner-3] [INFO] [1790355179.591387961] [mujoco_spawner]: MuJoCo gui param=False (resolved=False), DISPLAY=:1 -> mode=DIRECT
[mujoco_spawner-3] [INFO] [1790355179.592170262] [mujoco_spawner]: MuJoCo running headless (gui=False, viewer=True).
[mujoco_spawner-3] [INFO] [1790355179.601797523] [mujoco_spawner]: MuJoCo spawner running.
[amcl-12] [0m[INFO] [1790355179.866278041] [amcl]: createLaserObject[0m
[go2-stance-gait-controller-1] [WARN] [1790355183.614837438] [go2_stance_gait_controller]: Go2 safety warn: tilt 0.35 rad exceeds warn threshold
[go2-stance-gait-controller-1] [WARN] [1790355183.762132823] [go2_stance_gait_controller]: Go2 safety safe_stop: tilt 0.70 rad exceeds fall threshold
[twist_marker-7] [INFO] [1790355200.908913479] [rclcpp]: signal_handler(SIGINT/SIGTERM)
[ekf_node-14] [INFO] [1790355200.908871815] [rclcpp]: signal_handler(SIGINT/SIGTERM)
[joy_node-5] [INFO] [1790355200.908924007] [rclcpp]: signal_handler(SIGINT/SIGTERM)
[map_server-11] [INFO] [1790355200.908964103] [rclcpp]: signal_handler(SIGINT/SIGTERM)
[map_server-11] [INFO] [1790355200.909125766] [map_server]: Running Nav2 LifecycleNode rcl preshutdown (map_server)
[map_server-11] [INFO] [1790355200.909247942] [map_server]: Deactivating
[robot_state_publisher-2] [INFO] [1790355200.908975719] [rclcpp]: signal_handler(SIGINT/SIGTERM)
[map_server-11] [INFO] [1790355200.909277830] [map_server]: Destroying bond (map_server) to lifecycle manager.
[amcl-12] [0m[INFO] [1790355200.909752260] [rclcpp]: signal_handler(SIGINT/SIGTERM)[0m
[twist_mux-6] [INFO] [1790355200.909473413] [rclcpp]: signal_handler(SIGINT/SIGTERM)
[lifecycle_manager-13] [INFO] [1790355200.909508901] [rclcpp]: signal_handler(SIGINT/SIGTERM)
[lifecycle_manager-13] [INFO] [1790355200.909623172] [lifecycle_manager_localization]: Running Nav2 LifecycleManager rcl preshutdown (lifecycle_manager_localization)
[lifecycle_manager-13] [INFO] [1790355200.909684708] [lifecycle_manager_localization]: [34m[1mTerminating bond timer...[0m[0m
[twist_relay-9] [INFO] [1790355200.909993635] [rclcpp]: signal_handler(SIGINT/SIGTERM)
[amcl-12] [0m[INFO] [1790355200.911764828] [amcl]: Running Nav2 LifecycleNode rcl preshutdown (amcl)[0m
[amcl-12] [0m[INFO] [1790355200.915103663] [amcl]: Deactivating[0m
[amcl-12] [0m[INFO] [1790355200.917067176] [amcl]: Destroying bond (amcl) to lifecycle manager.[0m
[map_server-11] [INFO] [1790355200.921429047] [map_server]: Cleaning up
[map_server-11] [INFO] [1790355200.921566007] [map_server]: Destroying bond (map_server) to lifecycle manager.
[amcl-12] [0m[INFO] [1790355200.927643584] [amcl]: Cleaning up[0m
[map_server-11] [INFO] [1790355200.931783856] [map_server]: Destroying
[amcl-12] [0m[INFO] [1790355200.949535372] [amcl]: Destroying bond (amcl) to lifecycle manager.[0m
[amcl-12] [0m[INFO] [1790355200.954214490] [amcl]: Destroying[0m
[lifecycle_manager-13] [INFO] [1790355200.960879520] [lifecycle_manager_localization]: Destroying lifecycle_manager_localization
[joy_teleop-4] Traceback (most recent call last):
[joy_teleop-4]   File "/opt/ros/humble/lib/joy_teleop/joy_teleop", line 33, in <module>
[joy_teleop-4]     sys.exit(load_entry_point('joy-teleop==1.6.0', 'console_scripts', 'joy_teleop')())
[joy_teleop-4]   File "/opt/ros/humble/lib/python3.10/site-packages/joy_teleop/joy_teleop.py", line 435, in main
[joy_teleop-4]     rclpy.spin(node)
[joy_teleop-4]   File "/opt/ros/humble/local/lib/python3.10/dist-packages/rclpy/__init__.py", line 229, in spin
[joy_teleop-4]     executor.spin_once()
[joy_teleop-4]   File "/opt/ros/humble/local/lib/python3.10/dist-packages/rclpy/executors.py", line 812, in spin_once
[joy_teleop-4]     self._spin_once_impl(timeout_sec)
[joy_teleop-4]   File "/opt/ros/humble/local/lib/python3.10/dist-packages/rclpy/executors.py", line 801, in _spin_once_impl
[joy_teleop-4]     handler, entity, node = self.wait_for_ready_callbacks(timeout_sec=timeout_sec)
[joy_teleop-4]   File "/opt/ros/humble/local/lib/python3.10/dist-packages/rclpy/executors.py", line 784, in wait_for_ready_callbacks
[joy_teleop-4]     return next(self._cb_iter)
[joy_teleop-4]   File "/opt/ros/humble/local/lib/python3.10/dist-packages/rclpy/executors.py", line 685, in _wait_for_ready_callbacks
[joy_teleop-4]     raise ExternalShutdownException()
[joy_teleop-4] rclpy.executors.ExternalShutdownException
[INFO] [twist_mux-6]: process has finished cleanly [pid 1600883]
[INFO] [twist_relay-9]: process has finished cleanly [pid 1600889]
[INFO] [robot_state_publisher-2]: process has finished cleanly [pid 1600875]
[INFO] [joy_node-5]: process has finished cleanly [pid 1600881]
[INFO] [twist_marker-7]: process has finished cleanly [pid 1600885]
[INFO] [lifecycle_manager-13]: process has finished cleanly [pid 1601080]
[INFO] [ekf_node-14]: process has finished cleanly [pid 1601082]
[INFO] [map_server-11]: process has finished cleanly [pid 1601076]
[INFO] [amcl-12]: process has finished cleanly [pid 1601078]
[go2-stance-gait-controller-1] Traceback (most recent call last):
[go2-stance-gait-controller-1]   File "/workspace/molar/ros_ws/bumperbot_ws/install/robot_lab_adapter/lib/robot_lab_adapter/go2-stance-gait-controller", line 33, in <module>
[go2-stance-gait-controller-1]     sys.exit(load_entry_point('robot_lab_adapter==0.1.0', 'console_scripts', 'go2-stance-gait-controller')())
[go2-stance-gait-controller-1]   File "/workspace/molar/ros_ws/bumperbot_ws/install/robot_lab_adapter/lib/python3.10/site-packages/robot_lab_adapter/go2_stance_gait_controller.py", line 286, in main
[go2-stance-gait-controller-1]     rclpy.spin(node)
[go2-stance-gait-controller-1]   File "/opt/ros/humble/local/lib/python3.10/dist-packages/rclpy/__init__.py", line 229, in spin
[go2-stance-gait-controller-1]     executor.spin_once()
[go2-stance-gait-controller-1]   File "/opt/ros/humble/local/lib/python3.10/dist-packages/rclpy/executors.py", line 812, in spin_once
[go2-stance-gait-controller-1]     self._spin_once_impl(timeout_sec)
[go2-stance-gait-controller-1]   File "/opt/ros/humble/local/lib/python3.10/dist-packages/rclpy/executors.py", line 801, in _spin_once_impl
[go2-stance-gait-controller-1]     handler, entity, node = self.wait_for_ready_callbacks(timeout_sec=timeout_sec)
[go2-stance-gait-controller-1]   File "/opt/ros/humble/local/lib/python3.10/dist-packages/rclpy/executors.py", line 784, in wait_for_ready_callbacks
[go2-stance-gait-controller-1]     return next(self._cb_iter)
[go2-stance-gait-controller-1]   File "/opt/ros/humble/local/lib/python3.10/dist-packages/rclpy/executors.py", line 657, in _wait_for_ready_callbacks
[go2-stance-gait-controller-1]     wait_set = _rclpy.WaitSet(
[go2-stance-gait-controller-1] rclpy._rclpy_pybind11.RCLError: failed to initialize wait set: the given context is not valid, either rcl_init() was not called or rcl_shutdown() was called., at ./src/rcl/wait.c:130
[imu_republisher.py-15] Traceback (most recent call last):
[imu_republisher.py-15]   File "/workspace/molar/ros_ws/bumperbot_ws/install/robot_lab_localization/lib/robot_lab_localization/imu_republisher.py", line 54, in <module>
[imu_republisher.py-15]     main()
[imu_republisher.py-15]   File "/workspace/molar/ros_ws/bumperbot_ws/install/robot_lab_localization/lib/robot_lab_localization/imu_republisher.py", line 45, in main
[imu_republisher.py-15]     rclpy.spin(node)
[imu_republisher.py-15]   File "/opt/ros/humble/local/lib/python3.10/dist-packages/rclpy/__init__.py", line 229, in spin
[imu_republisher.py-15]     executor.spin_once()
[imu_republisher.py-15]   File "/opt/ros/humble/local/lib/python3.10/dist-packages/rclpy/executors.py", line 812, in spin_once
[imu_republisher.py-15]     self._spin_once_impl(timeout_sec)
[imu_republisher.py-15]   File "/opt/ros/humble/local/lib/python3.10/dist-packages/rclpy/executors.py", line 801, in _spin_once_impl
[imu_republisher.py-15]     handler, entity, node = self.wait_for_ready_callbacks(timeout_sec=timeout_sec)
[imu_republisher.py-15]   File "/opt/ros/humble/local/lib/python3.10/dist-packages/rclpy/executors.py", line 784, in wait_for_ready_callbacks
[imu_republisher.py-15]     return next(self._cb_iter)
[imu_republisher.py-15]   File "/opt/ros/humble/local/lib/python3.10/dist-packages/rclpy/executors.py", line 685, in _wait_for_ready_callbacks
[imu_republisher.py-15]     raise ExternalShutdownException()
[imu_republisher.py-15] rclpy.executors.ExternalShutdownException
[INFO] [wheel_imu_fusion-16]: process has finished cleanly [pid 1601086]
[ERROR] [joy_teleop-4]: process has died [pid 1600879, exit code 1, cmd '/opt/ros/humble/lib/joy_teleop/joy_teleop --ros-args --params-file /workspace/molar/ros_ws/bumperbot_ws/install/robot_lab_controller/share/robot_lab_controller/config/joy_teleop.yaml --params-file /workspace/molar/.tmp/launch_params_8abptf66'].
[INFO] [joystick_relay.py-8]: process has finished cleanly [pid 1600887]
[INFO] [mujoco_spawner-3]: process has finished cleanly [pid 1600877]
[ERROR] [imu_republisher.py-15]: process has died [pid 1601084, exit code 1, cmd '/workspace/molar/ros_ws/bumperbot_ws/install/robot_lab_localization/lib/robot_lab_localization/imu_republisher.py --ros-args --params-file /workspace/molar/.tmp/launch_params_5eblsb_a'].
[ERROR] [go2-stance-gait-controller-1]: process has died [pid 1600873, exit code 1, cmd '/workspace/molar/ros_ws/bumperbot_ws/install/robot_lab_adapter/lib/robot_lab_adapter/go2-stance-gait-controller --ros-args --params-file /workspace/molar/.tmp/launch_params_7ons_hs6'].
