[INFO] [launch]: All log files can be found below /home/molar1/.ros/log/2026-09-28-10-45-03-905751-molar1-72132
[INFO] [launch]: Default logging verbosity is set to INFO
[robot_lab] algorithm localization=amcl -> global_localization stack
[robot_lab] algorithm state_estimation=ekf_localization_node -> local_localization stack
[robot_lab] algorithm sensor_fusion=wheel_imu_fusion -> node robot_lab_algorithms/wheel_imu_fusion
[INFO] [go2-stance-gait-controller-1]: process started with pid [72184]
[INFO] [robot_state_publisher-2]: process started with pid [72186]
[INFO] [mujoco_spawner-3]: process started with pid [72188]
[INFO] [joy_teleop-4]: process started with pid [72190]
[INFO] [joy_node-5]: process started with pid [72192]
[INFO] [twist_mux-6]: process started with pid [72194]
[INFO] [twist_marker-7]: process started with pid [72196]
[INFO] [joystick_relay.py-8]: process started with pid [72198]
[INFO] [twist_relay-9]: process started with pid [72215]
[INFO] [simulator_ready_gate-10]: process started with pid [72237]
[robot_state_publisher-2] [INFO] [1790585104.869281705] [robot_state_publisher]: got segment FL_calf
[robot_state_publisher-2] [INFO] [1790585104.869446214] [robot_state_publisher]: got segment FL_calf_rotor
[robot_state_publisher-2] [INFO] [1790585104.869465030] [robot_state_publisher]: got segment FL_foot
[robot_state_publisher-2] [INFO] [1790585104.869473926] [robot_state_publisher]: got segment FL_hip
[robot_state_publisher-2] [INFO] [1790585104.869481894] [robot_state_publisher]: got segment FL_hip_rotor
[robot_state_publisher-2] [INFO] [1790585104.869489158] [robot_state_publisher]: got segment FL_thigh
[robot_state_publisher-2] [INFO] [1790585104.869496870] [robot_state_publisher]: got segment FL_thigh_rotor
[robot_state_publisher-2] [INFO] [1790585104.869504549] [robot_state_publisher]: got segment FR_calf
[robot_state_publisher-2] [INFO] [1790585104.869511557] [robot_state_publisher]: got segment FR_calf_rotor
[robot_state_publisher-2] [INFO] [1790585104.869518757] [robot_state_publisher]: got segment FR_foot
[robot_state_publisher-2] [INFO] [1790585104.869525797] [robot_state_publisher]: got segment FR_hip
[robot_state_publisher-2] [INFO] [1790585104.869532933] [robot_state_publisher]: got segment FR_hip_rotor
[robot_state_publisher-2] [INFO] [1790585104.869540005] [robot_state_publisher]: got segment FR_thigh
[robot_state_publisher-2] [INFO] [1790585104.869547237] [robot_state_publisher]: got segment FR_thigh_rotor
[robot_state_publisher-2] [INFO] [1790585104.869554277] [robot_state_publisher]: got segment RL_calf
[robot_state_publisher-2] [INFO] [1790585104.869561573] [robot_state_publisher]: got segment RL_calf_rotor
[robot_state_publisher-2] [INFO] [1790585104.869569124] [robot_state_publisher]: got segment RL_foot
[robot_state_publisher-2] [INFO] [1790585104.869576100] [robot_state_publisher]: got segment RL_hip
[robot_state_publisher-2] [INFO] [1790585104.869583236] [robot_state_publisher]: got segment RL_hip_rotor
[robot_state_publisher-2] [INFO] [1790585104.869590212] [robot_state_publisher]: got segment RL_thigh
[robot_state_publisher-2] [INFO] [1790585104.869597316] [robot_state_publisher]: got segment RL_thigh_rotor
[robot_state_publisher-2] [INFO] [1790585104.869604228] [robot_state_publisher]: got segment RR_calf
[robot_state_publisher-2] [INFO] [1790585104.869611012] [robot_state_publisher]: got segment RR_calf_rotor
[robot_state_publisher-2] [INFO] [1790585104.869618340] [robot_state_publisher]: got segment RR_foot
[robot_state_publisher-2] [INFO] [1790585104.869625124] [robot_state_publisher]: got segment RR_hip
[robot_state_publisher-2] [INFO] [1790585104.869631972] [robot_state_publisher]: got segment RR_hip_rotor
[robot_state_publisher-2] [INFO] [1790585104.869638851] [robot_state_publisher]: got segment RR_thigh
[robot_state_publisher-2] [INFO] [1790585104.869645987] [robot_state_publisher]: got segment RR_thigh_rotor
[robot_state_publisher-2] [INFO] [1790585104.869652803] [robot_state_publisher]: got segment base
[robot_state_publisher-2] [INFO] [1790585104.869659651] [robot_state_publisher]: got segment front_camera
[robot_state_publisher-2] [INFO] [1790585104.869666595] [robot_state_publisher]: got segment imu_link
[robot_state_publisher-2] [INFO] [1790585104.869673859] [robot_state_publisher]: got segment trunk
[twist_mux-6] [INFO] [1790585104.858544805] [twist_mux]: Topic handler 'topics.joystick' subscribed to topic 'joy_vel': timeout = 0.500000s , priority = 99.
[twist_mux-6] [INFO] [1790585104.859730708] [twist_mux]: Topic handler 'topics.keyboard' subscribed to topic 'key_vel': timeout = 0.500000s , priority = 90.
[twist_mux-6] [INFO] [1790585104.859988944] [twist_mux]: Topic handler 'topics.navigation' subscribed to topic 'cmd_vel': timeout = 0.500000s , priority = 80.
[twist_mux-6] [INFO] [1790585104.860316555] [twist_mux]: Topic handler 'locks.safety_stop' subscribed to topic 'safety_stop': timeout = None , priority = 255.
[go2-stance-gait-controller-1] [0;93m2026-09-28 10:45:05.583381145 [W:onnxruntime:Default, device_discovery.cc:164 DiscoverDevicesForPlatform] GPU device discovery failed: device_discovery.cc:89 ReadFileContents Failed to open file: "/sys/class/drm/card1/device/vendor"[m
[go2-stance-gait-controller-1] [INFO] [1790585105.649619510] [go2_stance_gait_controller]: Go2 closed-loop stance: 12 effort joints at 250.0 Hz; controller ONNX velocity policy
[mujoco_spawner-3] [INFO] [1790585106.849751858] [mujoco_spawner]: MuJoCo: 18 collision proxy geom(s) moved to group 3 (viewer Rendering tab to show them).
[mujoco_spawner-3] [INFO] [1790585106.896556970] [mujoco_spawner]: MuJoCo URDF import OK (all meshes staged).
[mujoco_spawner-3] [WARN] [1790585106.909664460] [mujoco_spawner]: MuJoCo effort plant: no MJCF beside /home/molar1/bumperbot_ws/install/robot_lab_robots/share/robot_lab_robots/unitree/go2_description/xacro/go2_sim.xacro names every effort joint; keeping the URDF <dynamics> (damping=5.0 is a Gazebo stabiliser the robot does not have).
[mujoco_spawner-3] [INFO] [1790585106.956905181] [mujoco_spawner]: MuJoCo physics timestep: 0.0010 s
[mujoco_spawner-3] [INFO] [1790585106.958246410] [mujoco_spawner]: Robot has no 'oakd_rgb_camera_frame' link; no RGB-D camera is published.
[mujoco_spawner-3] [INFO] [1790585106.959026974] [mujoco_spawner]: Joints: ['FR_hip_joint', 'FR_thigh_joint', 'FR_calf_joint', 'FL_hip_joint', 'FL_thigh_joint', 'FL_calf_joint', 'RR_hip_joint', 'RR_thigh_joint', 'RR_calf_joint', 'RL_hip_joint', 'RL_thigh_joint', 'RL_calf_joint']   lw= rw=
[mujoco_spawner-3] [INFO] [1790585106.961042369] [mujoco_spawner]: MuJoCo effort joint armature: 0.0100 kg m^2
[mujoco_spawner-3] [INFO] [1790585106.962350030] [mujoco_spawner]: Joint effort input: /go2_group_effort_controller/commands (12 joints, URDF limits)
[mujoco_spawner-3] [INFO] [1790585106.963718586] [mujoco_spawner]: Spawn ground clearance: raised root by 0.2050 m
[mujoco_spawner-3] [INFO] [1790585106.964438928] [mujoco_spawner]: MuJoCo model loaded: 14 bodies, 13 joints
[mujoco_spawner-3] [INFO] [1790585106.964938472] [mujoco_spawner]: MuJoCo gui param=False (resolved=False), DISPLAY=:1 -> mode=DIRECT
[mujoco_spawner-3] [INFO] [1790585106.965408641] [mujoco_spawner]: MuJoCo running headless (gui=False, viewer=True).
[mujoco_spawner-3] [INFO] [1790585106.969821281] [mujoco_spawner]: MuJoCo spawner running.
[go2-stance-gait-controller-1] [INFO] [1790585106.975360753] [go2_stance_gait_controller]: Go2 recovery idle
[INFO] [simulator_ready_gate-10]: process has finished cleanly [pid 72237]
[INFO] [amcl-12]: process started with pid [72622]
[INFO] [map_server-11]: process started with pid [72620]
[INFO] [lifecycle_manager-13]: process started with pid [72624]
[INFO] [ekf_node-14]: process started with pid [72627]
[INFO] [imu_republisher.py-15]: process started with pid [72631]
[INFO] [wheel_imu_fusion-16]: process started with pid [72635]
[lifecycle_manager-13] [INFO] [1790585107.360728978] [lifecycle_manager_localization]: Creating
[lifecycle_manager-13] [INFO] [1790585107.370027019] [lifecycle_manager_localization]: [34m[1mCreating and initializing lifecycle service clients[0m[0m
[map_server-11] [INFO] [1790585107.396079313] [map_server]: 
[map_server-11] 	map_server lifecycle node launched. 
[map_server-11] 	Waiting on external lifecycle transitions to activate
[map_server-11] 	See https://design.ros2.org/articles/node_lifecycle.html for more information.
[map_server-11] [INFO] [1790585107.396261838] [map_server]: Creating
[amcl-12] [0m[INFO] [1790585107.398968999] [amcl]: 
[amcl-12] 	amcl lifecycle node launched. 
[amcl-12] 	Waiting on external lifecycle transitions to activate
[amcl-12] 	See https://design.ros2.org/articles/node_lifecycle.html for more information.[0m
[amcl-12] [0m[INFO] [1790585107.417191678] [amcl]: Creating[0m
[lifecycle_manager-13] [INFO] [1790585107.440776200] [lifecycle_manager_localization]: [34m[1mStarting managed nodes bringup...[0m[0m
[lifecycle_manager-13] [INFO] [1790585107.440888166] [lifecycle_manager_localization]: [34m[1mConfiguring map_server[0m[0m
[map_server-11] [INFO] [1790585107.441379423] [map_server]: Configuring
[map_server-11] [INFO] [1790585107.441504573] [map_io]: Loading yaml file: /home/molar1/bumperbot_ws/install/robot_lab_maps/share/robot_lab_maps/maps/nav_empty/maps/map.yaml
[map_server-11] [INFO] [1790585107.441913879] [map_io]: resolution: 0.05
[map_server-11] [INFO] [1790585107.441933751] [map_io]: origin[0]: -7
[map_server-11] [INFO] [1790585107.441939959] [map_io]: origin[1]: -7
[map_server-11] [INFO] [1790585107.441944503] [map_io]: origin[2]: 0
[map_server-11] [INFO] [1790585107.441949366] [map_io]: free_thresh: 0.196
[map_server-11] [INFO] [1790585107.441954006] [map_io]: occupied_thresh: 0.65
[map_server-11] [INFO] [1790585107.441960182] [map_io]: mode: trinary
[map_server-11] [INFO] [1790585107.441966614] [map_io]: negate: 0
[map_server-11] [INFO] [1790585107.442300081] [map_io]: Loading image_file: /home/molar1/bumperbot_ws/install/robot_lab_maps/share/robot_lab_maps/maps/nav_empty/maps/map.pgm
[map_server-11] [INFO] [1790585107.455518033] [map_io]: Read map /home/molar1/bumperbot_ws/install/robot_lab_maps/share/robot_lab_maps/maps/nav_empty/maps/map.pgm: 280 X 280 map @ 0.05 m/cell
[lifecycle_manager-13] [INFO] [1790585107.472489915] [lifecycle_manager_localization]: [34m[1mConfiguring amcl[0m[0m
[amcl-12] [0m[INFO] [1790585107.472902197] [amcl]: Configuring[0m
[amcl-12] [0m[INFO] [1790585107.473064914] [amcl]: initTransforms[0m
[amcl-12] [0m[INFO] [1790585107.481614198] [amcl]: initPubSub[0m
[amcl-12] [0m[INFO] [1790585107.486654221] [amcl]: Subscribed to map topic.[0m
[lifecycle_manager-13] [INFO] [1790585107.490896591] [lifecycle_manager_localization]: [34m[1mActivating map_server[0m[0m
[map_server-11] [INFO] [1790585107.491210859] [map_server]: Activating
[map_server-11] [INFO] [1790585107.491493959] [map_server]: Creating bond (map_server) to lifecycle manager.
[amcl-12] [0m[INFO] [1790585107.541866507] [amcl]: Received a 280 X 280 map @ 0.050 m/pix[0m
[lifecycle_manager-13] [INFO] [1790585107.595258179] [lifecycle_manager_localization]: Server map_server connected with bond.
[lifecycle_manager-13] [INFO] [1790585107.595338914] [lifecycle_manager_localization]: [34m[1mActivating amcl[0m[0m
[amcl-12] [0m[INFO] [1790585107.595788060] [amcl]: Activating[0m
[amcl-12] [0m[INFO] [1790585107.595889466] [amcl]: initialPoseReceived[0m
[amcl-12] [0m[INFO] [1790585107.596136695] [amcl]: Setting pose (0.520000): -0.500 -0.500 0.000[0m
[amcl-12] [0m[INFO] [1790585107.596723054] [amcl]: Creating bond (amcl) to lifecycle manager.[0m
[lifecycle_manager-13] [INFO] [1790585107.701066274] [lifecycle_manager_localization]: Server amcl connected with bond.
[lifecycle_manager-13] [INFO] [1790585107.701154369] [lifecycle_manager_localization]: [34m[1mManaged nodes are active[0m[0m
[lifecycle_manager-13] [INFO] [1790585107.701176929] [lifecycle_manager_localization]: [34m[1mCreating bond timer...[0m[0m
[amcl-12] [0m[INFO] [1790585107.756512605] [amcl]: createLaserObject[0m
[wheel_imu_fusion-16] [INFO] [1790585108.245089221] [sensor_fusion_wheel_imu_fusion]: wheel_imu_fusion ready
[go2-stance-gait-controller-1] [WARN] [1790585111.208722432] [go2_stance_gait_controller]: Go2 safety warn: tilt 0.35 rad exceeds warn threshold
[go2-stance-gait-controller-1] [WARN] [1790585111.364234065] [go2_stance_gait_controller]: Go2 safety safe_stop: tilt 0.70 rad exceeds fall threshold
[go2-stance-gait-controller-1] [INFO] [1790585111.522380668] [go2_stance_gait_controller]: Go2 recovery attempting:tuck
[go2-stance-gait-controller-1] [INFO] [1790585119.525854617] [go2_stance_gait_controller]: Go2 recovery unrecoverable:tuck
[map_server-11] [INFO] [1790585131.113498604] [rclcpp]: signal_handler(SIGINT/SIGTERM)
[lifecycle_manager-13] [INFO] [1790585131.113500620] [rclcpp]: signal_handler(SIGINT/SIGTERM)
[lifecycle_manager-13] [INFO] [1790585131.113625482] [lifecycle_manager_localization]: Running Nav2 LifecycleManager rcl preshutdown (lifecycle_manager_localization)
[lifecycle_manager-13] [INFO] [1790585131.113692649] [lifecycle_manager_localization]: [34m[1mTerminating bond timer...[0m[0m
[map_server-11] [INFO] [1790585131.113703913] [map_server]: Running Nav2 LifecycleNode rcl preshutdown (map_server)
[map_server-11] [INFO] [1790585131.113821095] [map_server]: Deactivating
[map_server-11] [INFO] [1790585131.113850407] [map_server]: Destroying bond (map_server) to lifecycle manager.
[twist_marker-7] [INFO] [1790585131.113483788] [rclcpp]: signal_handler(SIGINT/SIGTERM)
[twist_relay-9] [INFO] [1790585131.113548235] [rclcpp]: signal_handler(SIGINT/SIGTERM)
[amcl-12] [0m[INFO] [1790585131.113754312] [rclcpp]: signal_handler(SIGINT/SIGTERM)[0m
[amcl-12] [0m[INFO] [1790585131.113886470] [amcl]: Running Nav2 LifecycleNode rcl preshutdown (amcl)[0m
[amcl-12] [0m[INFO] [1790585131.114195362] [amcl]: Deactivating[0m
[joy_node-5] [INFO] [1790585131.114123907] [rclcpp]: signal_handler(SIGINT/SIGTERM)
[twist_mux-6] [INFO] [1790585131.114342848] [rclcpp]: signal_handler(SIGINT/SIGTERM)
[amcl-12] [0m[INFO] [1790585131.115106517] [amcl]: Destroying bond (amcl) to lifecycle manager.[0m
[robot_state_publisher-2] [INFO] [1790585131.115021750] [rclcpp]: signal_handler(SIGINT/SIGTERM)
[ekf_node-14] [INFO] [1790585131.115701100] [rclcpp]: signal_handler(SIGINT/SIGTERM)
[map_server-11] [INFO] [1790585131.124258225] [map_server]: Cleaning up
[map_server-11] [INFO] [1790585131.124380047] [map_server]: Destroying bond (map_server) to lifecycle manager.
[amcl-12] [0m[INFO] [1790585131.125888730] [amcl]: Cleaning up[0m
[amcl-12] [0m[INFO] [1790585131.141633303] [amcl]: Destroying bond (amcl) to lifecycle manager.[0m
[joy_teleop-4] Traceback (most recent call last):
[joy_teleop-4]   File "/opt/ros/humble/lib/joy_teleop/joy_teleop", line 33, in <module>
[joy_teleop-4]     sys.exit(load_entry_point('joy-teleop==1.6.0', 'console_scripts', 'joy_teleop')())
[joy_teleop-4]   File "/opt/ros/humble/lib/python3.10/site-packages/joy_teleop/joy_teleop.py", line 435, in main
[joy_teleop-4]     rclpy.spin(node)
[joy_teleop-4]   File "/opt/ros/humble/local/lib/python3.10/dist-packages/rclpy/__init__.py", line 229, in spin
[joy_teleop-4]     executor.spin_once()
[joy_teleop-4]   File "/opt/ros/humble/local/lib/python3.10/dist-packages/rclpy/executors.py", line 812, in spin_once
[joy_teleop-4]     self._spin_once_impl(timeout_sec)
[joy_teleop-4]   File "/opt/ros/humble/local/lib/python3.10/dist-packages/rclpy/executors.py", line 801, in _spin_once_impl
[joy_teleop-4]     handler, entity, node = self.wait_for_ready_callbacks(timeout_sec=timeout_sec)
[joy_teleop-4]   File "/opt/ros/humble/local/lib/python3.10/dist-packages/rclpy/executors.py", line 784, in wait_for_ready_callbacks
[joy_teleop-4]     return next(self._cb_iter)
[joy_teleop-4]   File "/opt/ros/humble/local/lib/python3.10/dist-packages/rclpy/executors.py", line 685, in _wait_for_ready_callbacks
[joy_teleop-4]     raise ExternalShutdownException()
[joy_teleop-4] rclpy.executors.ExternalShutdownException
[map_server-11] [INFO] [1790585131.295406835] [map_server]: Destroying
[amcl-12] [0m[INFO] [1790585131.299262524] [amcl]: Destroying[0m
[lifecycle_manager-13] [INFO] [1790585131.301009411] [lifecycle_manager_localization]: Destroying lifecycle_manager_localization
[INFO] [joy_node-5]: process has finished cleanly [pid 72192]
[INFO] [robot_state_publisher-2]: process has finished cleanly [pid 72186]
[INFO] [ekf_node-14]: process has finished cleanly [pid 72627]
[INFO] [twist_marker-7]: process has finished cleanly [pid 72196]
[INFO] [twist_mux-6]: process has finished cleanly [pid 72194]
[INFO] [twist_relay-9]: process has finished cleanly [pid 72215]
[go2-stance-gait-controller-1] Traceback (most recent call last):
[go2-stance-gait-controller-1]   File "/home/molar1/bumperbot_ws/install/robot_lab_adapter/lib/robot_lab_adapter/go2-stance-gait-controller", line 33, in <module>
[go2-stance-gait-controller-1]     sys.exit(load_entry_point('robot_lab_adapter==0.1.0', 'console_scripts', 'go2-stance-gait-controller')())
[go2-stance-gait-controller-1]   File "/home/molar1/bumperbot_ws/install/robot_lab_adapter/lib/python3.10/site-packages/robot_lab_adapter/go2_stance_gait_controller.py", line 296, in main
[go2-stance-gait-controller-1]     rclpy.spin(node)
[go2-stance-gait-controller-1]   File "/opt/ros/humble/local/lib/python3.10/dist-packages/rclpy/__init__.py", line 229, in spin
[go2-stance-gait-controller-1]     executor.spin_once()
[go2-stance-gait-controller-1]   File "/opt/ros/humble/local/lib/python3.10/dist-packages/rclpy/executors.py", line 812, in spin_once
[go2-stance-gait-controller-1]     self._spin_once_impl(timeout_sec)
[go2-stance-gait-controller-1]   File "/opt/ros/humble/local/lib/python3.10/dist-packages/rclpy/executors.py", line 801, in _spin_once_impl
[go2-stance-gait-controller-1]     handler, entity, node = self.wait_for_ready_callbacks(timeout_sec=timeout_sec)
[go2-stance-gait-controller-1]   File "/opt/ros/humble/local/lib/python3.10/dist-packages/rclpy/executors.py", line 784, in wait_for_ready_callbacks
[go2-stance-gait-controller-1]     return next(self._cb_iter)
[go2-stance-gait-controller-1]   File "/opt/ros/humble/local/lib/python3.10/dist-packages/rclpy/executors.py", line 657, in _wait_for_ready_callbacks
[go2-stance-gait-controller-1]     wait_set = _rclpy.WaitSet(
[go2-stance-gait-controller-1] rclpy._rclpy_pybind11.RCLError: failed to initialize wait set: the given context is not valid, either rcl_init() was not called or rcl_shutdown() was called., at ./src/rcl/wait.c:130
[imu_republisher.py-15] Traceback (most recent call last):
[imu_republisher.py-15]   File "/home/molar1/bumperbot_ws/install/robot_lab_localization/lib/robot_lab_localization/imu_republisher.py", line 54, in <module>
[imu_republisher.py-15]     main()
[imu_republisher.py-15]   File "/home/molar1/bumperbot_ws/install/robot_lab_localization/lib/robot_lab_localization/imu_republisher.py", line 45, in main
[imu_republisher.py-15]     rclpy.spin(node)
[imu_republisher.py-15]   File "/opt/ros/humble/local/lib/python3.10/dist-packages/rclpy/__init__.py", line 229, in spin
[imu_republisher.py-15]     executor.spin_once()
[imu_republisher.py-15]   File "/opt/ros/humble/local/lib/python3.10/dist-packages/rclpy/executors.py", line 812, in spin_once
[imu_republisher.py-15]     self._spin_once_impl(timeout_sec)
[imu_republisher.py-15]   File "/opt/ros/humble/local/lib/python3.10/dist-packages/rclpy/executors.py", line 801, in _spin_once_impl
[imu_republisher.py-15]     handler, entity, node = self.wait_for_ready_callbacks(timeout_sec=timeout_sec)
[imu_republisher.py-15]   File "/opt/ros/humble/local/lib/python3.10/dist-packages/rclpy/executors.py", line 784, in wait_for_ready_callbacks
[imu_republisher.py-15]     return next(self._cb_iter)
[imu_republisher.py-15]   File "/opt/ros/humble/local/lib/python3.10/dist-packages/rclpy/executors.py", line 685, in _wait_for_ready_callbacks
[imu_republisher.py-15]     raise ExternalShutdownException()
[imu_republisher.py-15] rclpy.executors.ExternalShutdownException
[INFO] [wheel_imu_fusion-16]: process has finished cleanly [pid 72635]
[INFO] [map_server-11]: process has finished cleanly [pid 72620]
[INFO] [mujoco_spawner-3]: process has finished cleanly [pid 72188]
[ERROR] [imu_republisher.py-15]: process has died [pid 72631, exit code 1, cmd '/home/molar1/bumperbot_ws/install/robot_lab_localization/lib/robot_lab_localization/imu_republisher.py --ros-args --params-file /workspace/molar/.tmp/launch_params_ekne9zw3'].
[ERROR] [go2-stance-gait-controller-1]: process has died [pid 72184, exit code 1, cmd '/home/molar1/bumperbot_ws/install/robot_lab_adapter/lib/robot_lab_adapter/go2-stance-gait-controller --ros-args --params-file /workspace/molar/.tmp/launch_params_f0l29ike'].
[INFO] [joystick_relay.py-8]: process has finished cleanly [pid 72198]
[INFO] [lifecycle_manager-13]: process has finished cleanly [pid 72624]
[INFO] [amcl-12]: process has finished cleanly [pid 72622]
[ERROR] [joy_teleop-4]: process has died [pid 72190, exit code 1, cmd '/opt/ros/humble/lib/joy_teleop/joy_teleop --ros-args --params-file /home/molar1/bumperbot_ws/install/robot_lab_controller/share/robot_lab_controller/config/joy_teleop.yaml --params-file /workspace/molar/.tmp/launch_params_g4akpjo7'].
