[INFO] [launch]: All log files can be found below /home/molar1/.ros/log/2026-09-22-15-43-06-034199-molar1-190112
[INFO] [launch]: Default logging verbosity is set to INFO
[robot_lab] algorithm localization=amcl -> global_localization stack
[robot_lab] algorithm state_estimation=ekf_localization_node -> local_localization stack
[robot_lab] algorithm sensor_fusion=wheel_imu_fusion -> node robot_lab_algorithms/wheel_imu_fusion
[robot_lab] algorithm global_planning=a_star_planner -> plugin nav2_smac_planner/SmacPlanner2D
[robot_lab] algorithm local_planning=dwb_local_planner -> plugin dwb_core::DWBLocalPlanner
[robot_lab] algorithm control=simple_controller -> controller stack
[INFO] [amcl-10]: process started with pid [190356]
[INFO] [robot_state_publisher-1]: process started with pid [190250]
[INFO] [mujoco_spawner-2]: process started with pid [190257]
[INFO] [joy_teleop-3]: process started with pid [190269]
[INFO] [joy_node-4]: process started with pid [190291]
[INFO] [twist_mux-5]: process started with pid [190294]
[INFO] [twist_marker-6]: process started with pid [190298]
[INFO] [joystick_relay.py-7]: process started with pid [190314]
[INFO] [twist_relay-8]: process started with pid [190327]
[INFO] [map_server-9]: process started with pid [190343]
[INFO] [lifecycle_manager-11]: process started with pid [190367]
[INFO] [ekf_node-12]: process started with pid [190380]
[INFO] [imu_republisher.py-13]: process started with pid [190392]
[INFO] [controller_server-14]: process started with pid [190399]
[INFO] [planner_server-15]: process started with pid [190429]
[INFO] [smoother_server-16]: process started with pid [190439]
[INFO] [bt_navigator-17]: process started with pid [190497]
[INFO] [behavior_server-18]: process started with pid [190508]
[INFO] [lifecycle_manager-19]: process started with pid [190522]
[INFO] [wheel_imu_fusion-20]: process started with pid [190525]
[robot_state_publisher-1] 1790084586.663062 [73] robot_stat: selected interface "lo" is not multicast-capable: disabling multicast
[robot_state_publisher-1] Warning: link 'oakd_link' material 'dark_grey' undefined.
[robot_state_publisher-1]          at line 84 in ./urdf_parser/src/model.cpp
[robot_state_publisher-1] Warning: link 'oakd_link' material 'dark_grey' undefined.
[robot_state_publisher-1]          at line 84 in ./urdf_parser/src/model.cpp
[robot_state_publisher-1] [INFO] [1790084586.678636342] [robot_state_publisher]: got segment base_footprint
[robot_state_publisher-1] [INFO] [1790084586.678815634] [robot_state_publisher]: got segment base_link
[robot_state_publisher-1] [INFO] [1790084586.678835537] [robot_state_publisher]: got segment caster_rear_link
[robot_state_publisher-1] [INFO] [1790084586.678845073] [robot_state_publisher]: got segment imu_link
[robot_state_publisher-1] [INFO] [1790084586.678852881] [robot_state_publisher]: got segment laser_link
[robot_state_publisher-1] [INFO] [1790084586.678860464] [robot_state_publisher]: got segment oakd_imu_frame
[robot_state_publisher-1] [INFO] [1790084586.678868112] [robot_state_publisher]: got segment oakd_left_camera_frame
[robot_state_publisher-1] [INFO] [1790084586.678876016] [robot_state_publisher]: got segment oakd_left_camera_optical_frame
[robot_state_publisher-1] [INFO] [1790084586.678883856] [robot_state_publisher]: got segment oakd_link
[robot_state_publisher-1] [INFO] [1790084586.678891216] [robot_state_publisher]: got segment oakd_rgb_camera_frame
[robot_state_publisher-1] [INFO] [1790084586.678898575] [robot_state_publisher]: got segment oakd_rgb_camera_optical_frame
[robot_state_publisher-1] [INFO] [1790084586.678905743] [robot_state_publisher]: got segment oakd_right_camera_frame
[robot_state_publisher-1] [INFO] [1790084586.678912751] [robot_state_publisher]: got segment oakd_right_camera_optical_frame
[robot_state_publisher-1] [INFO] [1790084586.678919759] [robot_state_publisher]: got segment wheel_left_link
[robot_state_publisher-1] [INFO] [1790084586.678927055] [robot_state_publisher]: got segment wheel_right_link
[joy_node-4] 1790084586.737823 [73]   joy_node: selected interface "lo" is not multicast-capable: disabling multicast
[twist_mux-5] 1790084586.769131 [73]  twist_mux: selected interface "lo" is not multicast-capable: disabling multicast
[twist_mux-5] [INFO] [1790084586.775373921] [twist_mux]: Topic handler 'topics.joystick' subscribed to topic 'joy_vel': timeout = 0.500000s , priority = 99.
[twist_mux-5] [INFO] [1790084586.792885530] [twist_mux]: Topic handler 'topics.keyboard' subscribed to topic 'key_vel': timeout = 0.500000s , priority = 90.
[twist_mux-5] [INFO] [1790084586.796795284] [twist_mux]: Topic handler 'topics.navigation' subscribed to topic 'cmd_vel': timeout = 0.500000s , priority = 80.
[twist_mux-5] [INFO] [1790084586.797146187] [twist_mux]: Topic handler 'locks.safety_stop' subscribed to topic 'safety_stop': timeout = None , priority = 255.
[twist_marker-6] 1790084586.795795 [73] twist_mark: selected interface "lo" is not multicast-capable: disabling multicast
[twist_relay-8] 1790084586.820689 [73] twist_rela: selected interface "lo" is not multicast-capable: disabling multicast
[map_server-9] 1790084586.927877 [73] map_server: selected interface "lo" is not multicast-capable: disabling multicast
[map_server-9] [INFO] [1790084586.958657408] [map_server]: 
[map_server-9] 	map_server lifecycle node launched. 
[map_server-9] 	Waiting on external lifecycle transitions to activate
[map_server-9] 	See https://design.ros2.org/articles/node_lifecycle.html for more information.
[map_server-9] [INFO] [1790084586.958936057] [map_server]: Creating
[map_server-9] [INFO] [1790084586.998128893] [map_server]: Configuring
[map_server-9] [INFO] [1790084586.998254138] [map_io]: Loading yaml file: /workspace/molar/ros_ws/bumperbot_ws/install/robot_lab_maps/share/robot_lab_maps/maps/nav_obstacle/maps/map.yaml
[map_server-9] [INFO] [1790084586.998656208] [map_io]: resolution: 0.05
[map_server-9] [INFO] [1790084586.998673135] [map_io]: origin[0]: -9.5
[map_server-9] [INFO] [1790084586.998678735] [map_io]: origin[1]: -9.5
[map_server-9] [INFO] [1790084586.998682991] [map_io]: origin[2]: 0
[map_server-9] [INFO] [1790084586.998687695] [map_io]: free_thresh: 0.196
[map_server-9] [INFO] [1790084586.998692303] [map_io]: occupied_thresh: 0.65
[map_server-9] [INFO] [1790084586.998697486] [map_io]: mode: trinary
[map_server-9] [INFO] [1790084586.998703374] [map_io]: negate: 0
[map_server-9] [INFO] [1790084586.998991335] [map_io]: Loading image_file: /workspace/molar/ros_ws/bumperbot_ws/install/robot_lab_maps/share/robot_lab_maps/maps/nav_obstacle/maps/map.pgm
[map_server-9] [INFO] [1790084587.042455485] [map_io]: Read map /workspace/molar/ros_ws/bumperbot_ws/install/robot_lab_maps/share/robot_lab_maps/maps/nav_obstacle/maps/map.pgm: 380 X 380 map @ 0.05 m/cell
[map_server-9] [INFO] [1790084587.140810400] [map_server]: Activating
[map_server-9] [INFO] [1790084587.141200373] [map_server]: Creating bond (map_server) to lifecycle manager.
[lifecycle_manager-11] 1790084586.935473 [73] lifecycle_: selected interface "lo" is not multicast-capable: disabling multicast
[lifecycle_manager-11] [INFO] [1790084586.949086169] [lifecycle_manager_localization]: Creating
[lifecycle_manager-11] [INFO] [1790084586.951517594] [lifecycle_manager_localization]: [34m[1mCreating and initializing lifecycle service clients[0m[0m
[lifecycle_manager-11] [INFO] [1790084586.993985289] [lifecycle_manager_localization]: [34m[1mStarting managed nodes bringup...[0m[0m
[lifecycle_manager-11] [INFO] [1790084586.994090630] [lifecycle_manager_localization]: [34m[1mConfiguring map_server[0m[0m
[lifecycle_manager-11] [INFO] [1790084587.089901419] [lifecycle_manager_localization]: [34m[1mConfiguring amcl[0m[0m
[lifecycle_manager-11] [INFO] [1790084587.140444617] [lifecycle_manager_localization]: [34m[1mActivating map_server[0m[0m
[ekf_node-12] 1790084586.969336 [73]   ekf_node: selected interface "lo" is not multicast-capable: disabling multicast
[controller_server-14] 1790084587.072334 [73] controller: selected interface "lo" is not multicast-capable: disabling multicast
[controller_server-14] [INFO] [1790084587.084509303] [controller_server]: 
[controller_server-14] 	controller_server lifecycle node launched. 
[controller_server-14] 	Waiting on external lifecycle transitions to activate
[controller_server-14] 	See https://design.ros2.org/articles/node_lifecycle.html for more information.
[planner_server-15] 1790084587.105831 [73] planner_se: selected interface "lo" is not multicast-capable: disabling multicast
[smoother_server-16] 1790084587.070411 [73] smoother_s: selected interface "lo" is not multicast-capable: disabling multicast
[smoother_server-16] [INFO] [1790084587.102897369] [smoother_server]: 
[smoother_server-16] 	smoother_server lifecycle node launched. 
[smoother_server-16] 	Waiting on external lifecycle transitions to activate
[smoother_server-16] 	See https://design.ros2.org/articles/node_lifecycle.html for more information.
[smoother_server-16] [INFO] [1790084587.127057605] [smoother_server]: Creating smoother server
[lifecycle_manager-19] 1790084587.219769 [73] lifecycle_: selected interface "lo" is not multicast-capable: disabling multicast
[amcl-10] 1790084586.882957 [73]       amcl: selected interface "lo" is not multicast-capable: disabling multicast
[amcl-10] [0m[INFO] [1790084586.890319986] [amcl]: 
[amcl-10] 	amcl lifecycle node launched. 
[amcl-10] 	Waiting on external lifecycle transitions to activate
[amcl-10] 	See https://design.ros2.org/articles/node_lifecycle.html for more information.[0m
[amcl-10] [0m[INFO] [1790084586.912148954] [amcl]: Creating[0m
[amcl-10] [0m[INFO] [1790084587.090267298] [amcl]: Configuring[0m
[amcl-10] [0m[INFO] [1790084587.090430845] [amcl]: initTransforms[0m
[amcl-10] [0m[INFO] [1790084587.101843733] [amcl]: initPubSub[0m
[amcl-10] [0m[INFO] [1790084587.107342630] [amcl]: Subscribed to map topic.[0m
[amcl-10] [0m[INFO] [1790084587.143760211] [amcl]: Received a 380 X 380 map @ 0.050 m/pix[0m
[lifecycle_manager-19] [INFO] [1790084587.230901657] [lifecycle_manager_navigation]: Creating
[lifecycle_manager-19] [INFO] [1790084587.233649138] [lifecycle_manager_navigation]: [34m[1mCreating and initializing lifecycle service clients[0m[0m
[behavior_server-18] 1790084587.232450 [73] behavior_s: selected interface "lo" is not multicast-capable: disabling multicast
[bt_navigator-17] 1790084587.238679 [73] bt_navigat: selected interface "lo" is not multicast-capable: disabling multicast
[planner_server-15] [INFO] [1790084587.240382915] [planner_server]: 
[planner_server-15] 	planner_server lifecycle node launched. 
[planner_server-15] 	Waiting on external lifecycle transitions to activate
[planner_server-15] 	See https://design.ros2.org/articles/node_lifecycle.html for more information.
[amcl-10] [0m[INFO] [1790084587.245908115] [amcl]: Activating[0m
[amcl-10] [0m[INFO] [1790084587.246017904] [amcl]: initialPoseReceived[0m
[amcl-10] [0m[INFO] [1790084587.246193388] [amcl]: Setting pose (0.000000): -7.000 -7.000 0.000[0m
[amcl-10] [0m[INFO] [1790084587.246797724] [amcl]: Creating bond (amcl) to lifecycle manager.[0m
[lifecycle_manager-11] [INFO] [1790084587.245527549] [lifecycle_manager_localization]: Server map_server connected with bond.
[lifecycle_manager-11] [INFO] [1790084587.245604443] [lifecycle_manager_localization]: [34m[1mActivating amcl[0m[0m
[behavior_server-18] [INFO] [1790084587.251718428] [behavior_server]: 
[behavior_server-18] 	behavior_server lifecycle node launched. 
[behavior_server-18] 	Waiting on external lifecycle transitions to activate
[behavior_server-18] 	See https://design.ros2.org/articles/node_lifecycle.html for more information.
[bt_navigator-17] [INFO] [1790084587.254037120] [bt_navigator]: 
[bt_navigator-17] 	bt_navigator lifecycle node launched. 
[bt_navigator-17] 	Waiting on external lifecycle transitions to activate
[bt_navigator-17] 	See https://design.ros2.org/articles/node_lifecycle.html for more information.
[bt_navigator-17] [INFO] [1790084587.254242714] [bt_navigator]: Creating
[controller_server-14] [INFO] [1790084587.283242120] [controller_server]: Creating controller server
[planner_server-15] [INFO] [1790084587.290507660] [planner_server]: Creating
[lifecycle_manager-11] [INFO] [1790084587.351024838] [lifecycle_manager_localization]: Server amcl connected with bond.
[lifecycle_manager-11] [INFO] [1790084587.351114948] [lifecycle_manager_localization]: [34m[1mManaged nodes are active[0m[0m
[lifecycle_manager-11] [INFO] [1790084587.351136643] [lifecycle_manager_localization]: [34m[1mCreating bond timer...[0m[0m
[planner_server-15] [INFO] [1790084587.363749723] [global_costmap.global_costmap]: 
[planner_server-15] 	global_costmap lifecycle node launched. 
[planner_server-15] 	Waiting on external lifecycle transitions to activate
[planner_server-15] 	See https://design.ros2.org/articles/node_lifecycle.html for more information.
[planner_server-15] [INFO] [1790084587.375635782] [global_costmap.global_costmap]: Creating Costmap
[controller_server-14] [INFO] [1790084587.414798188] [local_costmap.local_costmap]: 
[controller_server-14] 	local_costmap lifecycle node launched. 
[controller_server-14] 	Waiting on external lifecycle transitions to activate
[controller_server-14] 	See https://design.ros2.org/articles/node_lifecycle.html for more information.
[controller_server-14] [INFO] [1790084587.416967412] [local_costmap.local_costmap]: Creating Costmap
[lifecycle_manager-19] [INFO] [1790084587.452250750] [lifecycle_manager_navigation]: [34m[1mStarting managed nodes bringup...[0m[0m
[lifecycle_manager-19] [INFO] [1790084587.452371451] [lifecycle_manager_navigation]: [34m[1mConfiguring controller_server[0m[0m
[controller_server-14] [INFO] [1790084587.452887438] [controller_server]: Configuring controller interface
[controller_server-14] [INFO] [1790084587.453685529] [controller_server]: getting goal checker plugins..
[controller_server-14] [INFO] [1790084587.455551497] [controller_server]: Controller frequency set to 20.0000Hz
[controller_server-14] [INFO] [1790084587.455687845] [local_costmap.local_costmap]: Configuring
[controller_server-14] [INFO] [1790084587.493270196] [local_costmap.local_costmap]: Using plugin "obstacle_layer"
[controller_server-14] [INFO] [1790084587.510877130] [local_costmap.local_costmap]: Subscribed to Topics: scan
[controller_server-14] [INFO] [1790084587.529215917] [local_costmap.local_costmap]: Initialized plugin "obstacle_layer"
[controller_server-14] [INFO] [1790084587.529307851] [local_costmap.local_costmap]: Using plugin "inflation_layer"
[controller_server-14] [INFO] [1790084587.530990975] [local_costmap.local_costmap]: Initialized plugin "inflation_layer"
[controller_server-14] [INFO] [1790084587.553393241] [controller_server]: Created progress_checker : progress_checker of type nav2_controller::SimpleProgressChecker
[controller_server-14] [INFO] [1790084587.562478860] [controller_server]: Created goal checker : general_goal_checker of type nav2_controller::SimpleGoalChecker
[controller_server-14] [INFO] [1790084587.563015679] [controller_server]: Controller Server has general_goal_checker  goal checkers available.
[controller_server-14] [INFO] [1790084587.568235703] [controller_server]: Created controller : FollowPath of type dwb_core::DWBLocalPlanner
[controller_server-14] [INFO] [1790084587.569738032] [controller_server]: Setting transform_tolerance to 0.200000
[controller_server-14] [INFO] [1790084587.617588564] [controller_server]: Using critic "RotateToGoal" (dwb_critics::RotateToGoalCritic)
[controller_server-14] [INFO] [1790084587.626447725] [controller_server]: Critic plugin initialized
[controller_server-14] [INFO] [1790084587.626794468] [controller_server]: Using critic "Oscillation" (dwb_critics::OscillationCritic)
[controller_server-14] [INFO] [1790084587.627718412] [controller_server]: Critic plugin initialized
[controller_server-14] [INFO] [1790084587.627974726] [controller_server]: Using critic "BaseObstacle" (dwb_critics::BaseObstacleCritic)
[controller_server-14] [INFO] [1790084587.628358812] [controller_server]: Critic plugin initialized
[controller_server-14] [INFO] [1790084587.628588822] [controller_server]: Using critic "GoalAlign" (dwb_critics::GoalAlignCritic)
[controller_server-14] [INFO] [1790084587.637346514] [controller_server]: Critic plugin initialized
[controller_server-14] [INFO] [1790084587.637803206] [controller_server]: Using critic "PathAlign" (dwb_critics::PathAlignCritic)
[controller_server-14] [INFO] [1790084587.638502708] [controller_server]: Critic plugin initialized
[controller_server-14] [INFO] [1790084587.638735662] [controller_server]: Using critic "PathDist" (dwb_critics::PathDistCritic)
[controller_server-14] [INFO] [1790084587.639167459] [controller_server]: Critic plugin initialized
[controller_server-14] [INFO] [1790084587.639395037] [controller_server]: Using critic "GoalDist" (dwb_critics::GoalDistCritic)
[controller_server-14] [INFO] [1790084587.639952078] [controller_server]: Critic plugin initialized
[controller_server-14] [INFO] [1790084587.639994541] [controller_server]: Controller Server has FollowPath  controllers available.
[lifecycle_manager-19] [INFO] [1790084587.661364898] [lifecycle_manager_navigation]: [34m[1mConfiguring planner_server[0m[0m
[planner_server-15] [INFO] [1790084587.661863349] [planner_server]: Configuring
[planner_server-15] [INFO] [1790084587.661939283] [global_costmap.global_costmap]: Configuring
[planner_server-15] [INFO] [1790084587.669046522] [global_costmap.global_costmap]: Using plugin "static_layer"
[planner_server-15] [INFO] [1790084587.677891412] [global_costmap.global_costmap]: Subscribing to the map topic (/map) with transient local durability
[planner_server-15] [INFO] [1790084587.679489866] [global_costmap.global_costmap]: Initialized plugin "static_layer"
[planner_server-15] [INFO] [1790084587.679560328] [global_costmap.global_costmap]: Using plugin "obstacle_layer"
[planner_server-15] [INFO] [1790084587.688366404] [global_costmap.global_costmap]: Subscribed to Topics: scan
[planner_server-15] [INFO] [1790084587.723457843] [global_costmap.global_costmap]: Initialized plugin "obstacle_layer"
[planner_server-15] [INFO] [1790084587.723546289] [global_costmap.global_costmap]: Using plugin "inflation_layer"
[planner_server-15] [INFO] [1790084587.740009285] [global_costmap.global_costmap]: Initialized plugin "inflation_layer"
[planner_server-15] [INFO] [1790084587.787585232] [global_costmap.global_costmap]: StaticLayer: Resizing costmap to 380 X 380 at 0.050000 m/pix
[planner_server-15] [INFO] [1790084587.807565000] [planner_server]: Created global planner plugin GridBased of type nav2_smac_planner/SmacPlanner2D
[planner_server-15] [INFO] [1790084587.829211510] [planner_server]: Configuring GridBased of type SmacPlanner2D
[planner_server-15] [INFO] [1790084587.845261460] [planner_server]: Configured plugin GridBased of type SmacPlanner2D with tolerance 0.12, maximum iterations 1000000, max on approach iterations 1000, and allowing unknown traversal.
[planner_server-15] [INFO] [1790084587.845360082] [planner_server]: Planner Server has GridBased  planners available.
[lifecycle_manager-19] [INFO] [1790084587.870390055] [lifecycle_manager_navigation]: [34m[1mConfiguring smoother_server[0m[0m
[smoother_server-16] [INFO] [1790084587.870765853] [smoother_server]: Configuring smoother server
[smoother_server-16] [INFO] [1790084587.880215336] [smoother_server]: Created smoother : simple_smoother of type nav2_smoother::SimpleSmoother
[wheel_imu_fusion-20] 1790084587.883409 [73] wheel_imu_: selected interface "lo" is not multicast-capable: disabling multicast
[smoother_server-16] [INFO] [1790084587.886865563] [smoother_server]: Smoother Server has simple_smoother  smoothers available.
[lifecycle_manager-19] [INFO] [1790084587.904723210] [lifecycle_manager_navigation]: [34m[1mConfiguring bt_navigator[0m[0m
[bt_navigator-17] [INFO] [1790084587.905101089] [bt_navigator]: Configuring
[joy_teleop-3] 1790084588.029701 [73] joy_teleop: selected interface "lo" is not multicast-capable: disabling multicast
[imu_republisher.py-13] 1790084588.086240 [73]    python3: selected interface "lo" is not multicast-capable: disabling multicast
[lifecycle_manager-19] [INFO] [1790084588.105399435] [lifecycle_manager_navigation]: [34m[1mConfiguring behavior_server[0m[0m
[behavior_server-18] [INFO] [1790084588.105863711] [behavior_server]: Configuring
[behavior_server-18] [INFO] [1790084588.119761430] [behavior_server]: Creating behavior plugin spin of type nav2_behaviors/Spin
[behavior_server-18] [INFO] [1790084588.122730889] [behavior_server]: Configuring spin
[behavior_server-18] [INFO] [1790084588.143833125] [behavior_server]: Creating behavior plugin backup of type nav2_behaviors/BackUp
[behavior_server-18] [INFO] [1790084588.147081072] [behavior_server]: Configuring backup
[behavior_server-18] [INFO] [1790084588.163282187] [behavior_server]: Creating behavior plugin wait of type nav2_behaviors/Wait
[behavior_server-18] [INFO] [1790084588.165920135] [behavior_server]: Configuring wait
[lifecycle_manager-19] [INFO] [1790084588.184145773] [lifecycle_manager_navigation]: [34m[1mActivating controller_server[0m[0m
[controller_server-14] [INFO] [1790084588.185838369] [controller_server]: Activating
[controller_server-14] [INFO] [1790084588.185943871] [local_costmap.local_costmap]: Activating
[controller_server-14] [INFO] [1790084588.185972670] [local_costmap.local_costmap]: Checking transform
[controller_server-14] [INFO] [1790084588.186016381] [local_costmap.local_costmap]: Timed out waiting for transform from base_footprint to odom to become available, tf error: Invalid frame ID "odom" passed to canTransform argument target_frame - frame does not exist
[wheel_imu_fusion-20] [INFO] [1790084588.478327187] [sensor_fusion_wheel_imu_fusion]: wheel_imu_fusion ready
[controller_server-14] [INFO] [1790084588.686086685] [local_costmap.local_costmap]: Timed out waiting for transform from base_footprint to odom to become available, tf error: Invalid frame ID "odom" passed to canTransform argument target_frame - frame does not exist
[joystick_relay.py-7] 1790084588.734251 [73] joystick_r: selected interface "lo" is not multicast-capable: disabling multicast
[mujoco_spawner-2] 1790084589.007380 [73] mujoco_spa: selected interface "lo" is not multicast-capable: disabling multicast
[controller_server-14] [INFO] [1790084589.186085923] [local_costmap.local_costmap]: Timed out waiting for transform from base_footprint to odom to become available, tf error: Invalid frame ID "odom" passed to canTransform argument target_frame - frame does not exist
[controller_server-14] [INFO] [1790084589.686075664] [local_costmap.local_costmap]: Timed out waiting for transform from base_footprint to odom to become available, tf error: Invalid frame ID "odom" passed to canTransform argument target_frame - frame does not exist
[mujoco_spawner-2] [INFO] [1790084590.150789459] [mujoco_spawner]: MuJoCo URDF import OK (all meshes staged).
[mujoco_spawner-2] [INFO] [1790084590.183891545] [mujoco_spawner]: RGB-D camera on 'oakd_rgb_camera_frame': 320x240 at 5.0 Hz
[mujoco_spawner-2] [INFO] [1790084590.186182749] [mujoco_spawner]: Joints: ['labbot_left_wheel_joint', 'labbot_right_wheel_joint']   lw=labbot_left_wheel_joint rw=labbot_right_wheel_joint
[controller_server-14] [INFO] [1790084590.186077760] [local_costmap.local_costmap]: Timed out waiting for transform from base_footprint to odom to become available, tf error: Invalid frame ID "odom" passed to canTransform argument target_frame - frame does not exist
[mujoco_spawner-2] [INFO] [1790084590.188806585] [mujoco_spawner]: MuJoCo model loaded: 4 bodies, 3 joints
[mujoco_spawner-2] [INFO] [1790084590.190348081] [mujoco_spawner]: MuJoCo gui param=False (resolved=False), DISPLAY=:1 -> mode=DIRECT
[mujoco_spawner-2] [INFO] [1790084590.191707630] [mujoco_spawner]: MuJoCo running headless (gui=False, viewer=True).
[mujoco_spawner-2] [INFO] [1790084590.202786511] [mujoco_spawner]: MuJoCo spawner running.
[controller_server-14] [INFO] [1790084590.686073623] [local_costmap.local_costmap]: Timed out waiting for transform from base_footprint to odom to become available, tf error: Invalid frame ID "odom" passed to canTransform argument target_frame - frame does not exist
[amcl-10] [0m[INFO] [1790084591.003721639] [amcl]: createLaserObject[0m
[controller_server-14] [INFO] [1790084591.186622786] [local_costmap.local_costmap]: start
[controller_server-14] [INFO] [1790084591.387505868] [controller_server]: Creating bond (controller_server) to lifecycle manager.
[lifecycle_manager-19] [INFO] [1790084591.491861339] [lifecycle_manager_navigation]: Server controller_server connected with bond.
[lifecycle_manager-19] [INFO] [1790084591.491967256] [lifecycle_manager_navigation]: [34m[1mActivating planner_server[0m[0m
[planner_server-15] [INFO] [1790084591.492364526] [planner_server]: Activating
[planner_server-15] [INFO] [1790084591.492452236] [global_costmap.global_costmap]: Activating
[planner_server-15] [INFO] [1790084591.492477739] [global_costmap.global_costmap]: Checking transform
[planner_server-15] [INFO] [1790084591.492582024] [global_costmap.global_costmap]: Timed out waiting for transform from base_footprint to map to become available, tf error: Lookup would require extrapolation into the past.  Requested time 0.404000 but the earliest data is at time 1.204000, when looking up transform from frame [base_footprint] to frame [map]
[planner_server-15] [INFO] [1790084591.992614440] [global_costmap.global_costmap]: Timed out waiting for transform from base_footprint to map to become available, tf error: Lookup would require extrapolation into the past.  Requested time 0.684000 but the earliest data is at time 1.204000, when looking up transform from frame [base_footprint] to frame [map]
[planner_server-15] [INFO] [1790084592.492593682] [global_costmap.global_costmap]: Timed out waiting for transform from base_footprint to map to become available, tf error: Lookup would require extrapolation into the past.  Requested time 0.944000 but the earliest data is at time 1.204000, when looking up transform from frame [base_footprint] to frame [map]
[planner_server-15] [INFO] [1790084592.992729369] [global_costmap.global_costmap]: start
[planner_server-15] [INFO] [1790084593.043602964] [planner_server]: Activating plugin GridBased of type SmacPlanner2D
[planner_server-15] [INFO] [1790084593.044446014] [planner_server]: Creating bond (planner_server) to lifecycle manager.
[lifecycle_manager-19] [INFO] [1790084593.149017484] [lifecycle_manager_navigation]: Server planner_server connected with bond.
[lifecycle_manager-19] [INFO] [1790084593.149141001] [lifecycle_manager_navigation]: [34m[1mActivating smoother_server[0m[0m
[smoother_server-16] [INFO] [1790084593.149542975] [smoother_server]: Activating
[smoother_server-16] [INFO] [1790084593.149621309] [smoother_server]: Creating bond (smoother_server) to lifecycle manager.
[lifecycle_manager-19] [INFO] [1790084593.254968086] [lifecycle_manager_navigation]: Server smoother_server connected with bond.
[lifecycle_manager-19] [INFO] [1790084593.255057876] [lifecycle_manager_navigation]: [34m[1mActivating bt_navigator[0m[0m
[bt_navigator-17] [INFO] [1790084593.255418763] [bt_navigator]: Activating
[bt_navigator-17] [INFO] [1790084593.354469703] [bt_navigator]: Creating bond (bt_navigator) to lifecycle manager.
[lifecycle_manager-19] [INFO] [1790084593.462198115] [lifecycle_manager_navigation]: Server bt_navigator connected with bond.
[lifecycle_manager-19] [INFO] [1790084593.462285217] [lifecycle_manager_navigation]: [34m[1mActivating behavior_server[0m[0m
[behavior_server-18] [INFO] [1790084593.462641144] [behavior_server]: Activating
[behavior_server-18] [INFO] [1790084593.462695350] [behavior_server]: Activating spin
[behavior_server-18] [INFO] [1790084593.462720182] [behavior_server]: Activating backup
[behavior_server-18] [INFO] [1790084593.462736245] [behavior_server]: Activating wait
[behavior_server-18] [INFO] [1790084593.462756629] [behavior_server]: Creating bond (behavior_server) to lifecycle manager.
[lifecycle_manager-19] [INFO] [1790084593.567845397] [lifecycle_manager_navigation]: Server behavior_server connected with bond.
[lifecycle_manager-19] [INFO] [1790084593.567939827] [lifecycle_manager_navigation]: [34m[1mManaged nodes are active[0m[0m
[lifecycle_manager-19] [INFO] [1790084593.567963218] [lifecycle_manager_navigation]: [34m[1mCreating bond timer...[0m[0m
[joy_node-4] [INFO] [1790084615.525318846] [rclcpp]: signal_handler(SIGINT/SIGTERM)
[twist_marker-6] [INFO] [1790084615.525351198] [rclcpp]: signal_handler(SIGINT/SIGTERM)
[twist_mux-5] [INFO] [1790084615.525811442] [rclcpp]: signal_handler(SIGINT/SIGTERM)
[robot_state_publisher-1] [INFO] [1790084615.525946446] [rclcpp]: signal_handler(SIGINT/SIGTERM)
[lifecycle_manager-19] [INFO] [1790084615.525964398] [rclcpp]: signal_handler(SIGINT/SIGTERM)
[lifecycle_manager-19] [INFO] [1790084615.526060427] [lifecycle_manager_navigation]: Running Nav2 LifecycleManager rcl preshutdown (lifecycle_manager_navigation)
[lifecycle_manager-19] [INFO] [1790084615.526117802] [lifecycle_manager_navigation]: [34m[1mTerminating bond timer...[0m[0m
[twist_relay-8] [INFO] [1790084615.525984749] [rclcpp]: signal_handler(SIGINT/SIGTERM)
[map_server-9] [INFO] [1790084615.526007853] [rclcpp]: signal_handler(SIGINT/SIGTERM)
[map_server-9] [INFO] [1790084615.526138634] [map_server]: Running Nav2 LifecycleNode rcl preshutdown (map_server)
[map_server-9] [INFO] [1790084615.526252999] [map_server]: Deactivating
[map_server-9] [INFO] [1790084615.526277830] [map_server]: Destroying bond (map_server) to lifecycle manager.
[behavior_server-18] [INFO] [1790084615.526097387] [rclcpp]: signal_handler(SIGINT/SIGTERM)
[behavior_server-18] [INFO] [1790084615.526194472] [behavior_server]: Running Nav2 LifecycleNode rcl preshutdown (behavior_server)
[behavior_server-18] [INFO] [1790084615.526287270] [behavior_server]: Deactivating
[behavior_server-18] [INFO] [1790084615.526322629] [behavior_server]: Destroying bond (behavior_server) to lifecycle manager.
[lifecycle_manager-11] [INFO] [1790084615.526343492] [rclcpp]: signal_handler(SIGINT/SIGTERM)
[lifecycle_manager-11] [INFO] [1790084615.526445410] [lifecycle_manager_localization]: Running Nav2 LifecycleManager rcl preshutdown (lifecycle_manager_localization)
[lifecycle_manager-11] [INFO] [1790084615.526503424] [lifecycle_manager_localization]: [34m[1mTerminating bond timer...[0m[0m
[ekf_node-12] [INFO] [1790084615.526426690] [rclcpp]: signal_handler(SIGINT/SIGTERM)
[bt_navigator-17] [INFO] [1790084615.526721051] [rclcpp]: signal_handler(SIGINT/SIGTERM)
[bt_navigator-17] [INFO] [1790084615.526825624] [bt_navigator]: Running Nav2 LifecycleNode rcl preshutdown (bt_navigator)
[bt_navigator-17] [INFO] [1790084615.526930229] [bt_navigator]: Deactivating
[bt_navigator-17] [INFO] [1790084615.526958293] [bt_navigator]: Destroying bond (bt_navigator) to lifecycle manager.
[smoother_server-16] [INFO] [1790084615.529412822] [rclcpp]: signal_handler(SIGINT/SIGTERM)
[smoother_server-16] [INFO] [1790084615.529564466] [smoother_server]: Running Nav2 LifecycleNode rcl preshutdown (smoother_server)
[smoother_server-16] [INFO] [1790084615.529673328] [smoother_server]: Deactivating
[smoother_server-16] [INFO] [1790084615.529708303] [smoother_server]: Destroying bond (smoother_server) to lifecycle manager.
[planner_server-15] [INFO] [1790084615.530094853] [rclcpp]: signal_handler(SIGINT/SIGTERM)
[planner_server-15] [INFO] [1790084615.530206594] [planner_server]: Running Nav2 LifecycleNode rcl preshutdown (planner_server)
[planner_server-15] [INFO] [1790084615.530297504] [planner_server]: Deactivating
[planner_server-15] [INFO] [1790084615.530345118] [global_costmap.global_costmap]: Deactivating
[controller_server-14] [INFO] [1790084615.530414749] [rclcpp]: signal_handler(SIGINT/SIGTERM)
[controller_server-14] [INFO] [1790084615.530509786] [controller_server]: Running Nav2 LifecycleNode rcl preshutdown (controller_server)
[controller_server-14] [INFO] [1790084615.530587992] [controller_server]: Deactivating
[amcl-10] [0m[INFO] [1790084615.535654423] [rclcpp]: signal_handler(SIGINT/SIGTERM)[0m
[amcl-10] [0m[INFO] [1790084615.539477782] [amcl]: Running Nav2 LifecycleNode rcl preshutdown (amcl)[0m
[amcl-10] [0m[INFO] [1790084615.539629938] [amcl]: Deactivating[0m
[amcl-10] [0m[INFO] [1790084615.539669137] [amcl]: Destroying bond (amcl) to lifecycle manager.[0m
[amcl-10] [0m[INFO] [1790084615.550117959] [amcl]: Cleaning up[0m
[amcl-10] [0m[INFO] [1790084615.562442573] [amcl]: Destroying bond (amcl) to lifecycle manager.[0m
[amcl-10] [0m[INFO] [1790084615.574713749] [amcl]: Destroying[0m
[behavior_server-18] [INFO] [1790084615.536762331] [behavior_server]: Cleaning up
[behavior_server-18] [INFO] [1790084615.576712354] [behavior_server]: Destroying bond (behavior_server) to lifecycle manager.
[controller_server-14] [INFO] [1790084615.538828199] [local_costmap.local_costmap]: Deactivating
[controller_server-14] [INFO] [1790084615.593228350] [controller_server]: Destroying bond (controller_server) to lifecycle manager.
[controller_server-14] [INFO] [1790084615.603682772] [controller_server]: Cleaning up
[controller_server-14] [INFO] [1790084615.603904110] [local_costmap.local_costmap]: Cleaning up
[smoother_server-16] [INFO] [1790084615.540727862] [smoother_server]: Cleaning up
[smoother_server-16] [INFO] [1790084615.606119766] [smoother_server]: Destroying bond (smoother_server) to lifecycle manager.
[bt_navigator-17] [INFO] [1790084615.541977846] [bt_navigator]: Cleaning up
[map_server-9] [INFO] [1790084615.543818791] [map_server]: Cleaning up
[map_server-9] [INFO] [1790084615.543980451] [map_server]: Destroying bond (map_server) to lifecycle manager.
[map_server-9] [INFO] [1790084615.566978010] [map_server]: Destroying
[lifecycle_manager-11] [INFO] [1790084615.589491389] [lifecycle_manager_localization]: Destroying lifecycle_manager_localization
[controller_server-14] [INFO] [1790084615.649964762] [controller_server]: Destroying bond (controller_server) to lifecycle manager.
[smoother_server-16] [INFO] [1790084615.662434396] [smoother_server]: Destroying
[behavior_server-18] [INFO] [1790084615.675691115] [behavior_server]: Destroying
[INFO] [lifecycle_manager-11]: process has finished cleanly [pid 190367]
[INFO] [joy_node-4]: process has finished cleanly [pid 190291]
[INFO] [twist_mux-5]: process has finished cleanly [pid 190294]
[INFO] [twist_relay-8]: process has finished cleanly [pid 190327]
[INFO] [twist_marker-6]: process has finished cleanly [pid 190298]
[INFO] [amcl-10]: process has finished cleanly [pid 190356]
[bt_navigator-17] [INFO] [1790084615.771423846] [bt_navigator]: Completed Cleaning up
[bt_navigator-17] [INFO] [1790084615.771538723] [bt_navigator]: Destroying bond (bt_navigator) to lifecycle manager.
[INFO] [map_server-9]: process has finished cleanly [pid 190343]
[bt_navigator-17] [INFO] [1790084615.781790782] [bt_navigator]: Destroying
[controller_server-14] [INFO] [1790084615.792289043] [local_costmap.local_costmap]: Destroying
[controller_server-14] [INFO] [1790084615.802756617] [controller_server]: Destroying
[lifecycle_manager-19] [INFO] [1790084615.854831675] [lifecycle_manager_navigation]: Destroying lifecycle_manager_navigation
[INFO] [behavior_server-18]: process has finished cleanly [pid 190508]
[INFO] [ekf_node-12]: process has finished cleanly [pid 190380]
[INFO] [robot_state_publisher-1]: process has finished cleanly [pid 190250]
[INFO] [smoother_server-16]: process has finished cleanly [pid 190439]
[joy_teleop-3] Traceback (most recent call last):
[joy_teleop-3]   File "/opt/ros/humble/lib/joy_teleop/joy_teleop", line 33, in <module>
[joy_teleop-3]     sys.exit(load_entry_point('joy-teleop==1.6.0', 'console_scripts', 'joy_teleop')())
[joy_teleop-3]   File "/opt/ros/humble/lib/python3.10/site-packages/joy_teleop/joy_teleop.py", line 435, in main
[joy_teleop-3]     rclpy.spin(node)
[joy_teleop-3]   File "/opt/ros/humble/local/lib/python3.10/dist-packages/rclpy/__init__.py", line 229, in spin
[joy_teleop-3]     executor.spin_once()
[joy_teleop-3]   File "/opt/ros/humble/local/lib/python3.10/dist-packages/rclpy/executors.py", line 812, in spin_once
[joy_teleop-3]     self._spin_once_impl(timeout_sec)
[joy_teleop-3]   File "/opt/ros/humble/local/lib/python3.10/dist-packages/rclpy/executors.py", line 801, in _spin_once_impl
[joy_teleop-3]     handler, entity, node = self.wait_for_ready_callbacks(timeout_sec=timeout_sec)
[joy_teleop-3]   File "/opt/ros/humble/local/lib/python3.10/dist-packages/rclpy/executors.py", line 784, in wait_for_ready_callbacks
[joy_teleop-3]     return next(self._cb_iter)
[joy_teleop-3]   File "/opt/ros/humble/local/lib/python3.10/dist-packages/rclpy/executors.py", line 685, in _wait_for_ready_callbacks
[joy_teleop-3]     raise ExternalShutdownException()
[joy_teleop-3] rclpy.executors.ExternalShutdownException
[imu_republisher.py-13] Traceback (most recent call last):
[imu_republisher.py-13]   File "/workspace/molar/ros_ws/bumperbot_ws/install/robot_lab_localization/lib/robot_lab_localization/imu_republisher.py", line 54, in <module>
[imu_republisher.py-13]     main()
[imu_republisher.py-13]   File "/workspace/molar/ros_ws/bumperbot_ws/install/robot_lab_localization/lib/robot_lab_localization/imu_republisher.py", line 45, in main
[imu_republisher.py-13]     rclpy.spin(node)
[imu_republisher.py-13]   File "/opt/ros/humble/local/lib/python3.10/dist-packages/rclpy/__init__.py", line 229, in spin
[imu_republisher.py-13]     executor.spin_once()
[imu_republisher.py-13]   File "/opt/ros/humble/local/lib/python3.10/dist-packages/rclpy/executors.py", line 812, in spin_once
[imu_republisher.py-13]     self._spin_once_impl(timeout_sec)
[imu_republisher.py-13]   File "/opt/ros/humble/local/lib/python3.10/dist-packages/rclpy/executors.py", line 801, in _spin_once_impl
[imu_republisher.py-13]     handler, entity, node = self.wait_for_ready_callbacks(timeout_sec=timeout_sec)
[imu_republisher.py-13]   File "/opt/ros/humble/local/lib/python3.10/dist-packages/rclpy/executors.py", line 784, in wait_for_ready_callbacks
[imu_republisher.py-13]     return next(self._cb_iter)
[imu_republisher.py-13]   File "/opt/ros/humble/local/lib/python3.10/dist-packages/rclpy/executors.py", line 685, in _wait_for_ready_callbacks
[imu_republisher.py-13]     raise ExternalShutdownException()
[imu_republisher.py-13] rclpy.executors.ExternalShutdownException
[INFO] [controller_server-14]: process has finished cleanly [pid 190399]
[INFO] [bt_navigator-17]: process has finished cleanly [pid 190497]
[mujoco_spawner-2] Exception ignored in: <function Renderer.__del__ at 0xffff856a28c0>
[mujoco_spawner-2] Traceback (most recent call last):
[mujoco_spawner-2]   File "/workspace/molar/ros_ws/bumperbot_ws/.venv/lib/python3.10/site-packages/mujoco/rendering/classic/renderer.py", line 343, in __del__
[mujoco_spawner-2]     self.close()
[mujoco_spawner-2]   File "/workspace/molar/ros_ws/bumperbot_ws/.venv/lib/python3.10/site-packages/mujoco/rendering/classic/renderer.py", line 329, in close
[mujoco_spawner-2]     self._gl_context.free()
[mujoco_spawner-2]   File "/workspace/molar/ros_ws/bumperbot_ws/.venv/lib/python3.10/site-packages/mujoco/egl/__init__.py", line 133, in free
[mujoco_spawner-2]     EGL.eglDestroyContext(EGL_DISPLAY, self._context)
[mujoco_spawner-2]   File "/usr/lib/python3/dist-packages/OpenGL/platform/baseplatform.py", line 415, in __call__
[mujoco_spawner-2]     return self( *args, **named )
[mujoco_spawner-2]   File "/usr/lib/python3/dist-packages/OpenGL/error.py", line 230, in glCheckError
[mujoco_spawner-2]     raise self._errorClass(
[planner_server-15] [INFO] [1790084615.995837206] [planner_server]: Deactivating plugin GridBased of type SmacPlanner2D
[planner_server-15] [INFO] [1790084615.995955315] [planner_server]: Destroying bond (planner_server) to lifecycle manager.
[planner_server-15] [INFO] [1790084616.006277677] [planner_server]: Cleaning up
[planner_server-15] [INFO] [1790084616.012343314] [global_costmap.global_costmap]: Cleaning up
[planner_server-15] [INFO] [1790084616.016612198] [planner_server]: Cleaning up plugin GridBased of type SmacPlanner2D
[planner_server-15] [INFO] [1790084616.016888383] [planner_server]: Destroying plugin GridBased of type SmacPlanner2D
[planner_server-15] [INFO] [1790084616.020132140] [planner_server]: Destroying bond (planner_server) to lifecycle manager.
[planner_server-15] [INFO] [1790084616.026144019] [global_costmap.global_costmap]: Destroying
[planner_server-15] [INFO] [1790084616.032807722] [planner_server]: Destroying
[INFO] [lifecycle_manager-19]: process has finished cleanly [pid 190522]
[INFO] [joystick_relay.py-7]: process has finished cleanly [pid 190314]
[INFO] [wheel_imu_fusion-20]: process has finished cleanly [pid 190525]
[ERROR] [imu_republisher.py-13]: process has died [pid 190392, exit code 1, cmd '/workspace/molar/ros_ws/bumperbot_ws/install/robot_lab_localization/lib/robot_lab_localization/imu_republisher.py --ros-args --params-file /workspace/molar/.tmp/launch_params_jiwsqaci'].
[mujoco_spawner-2] OpenGL.raw.EGL._errors.EGLError: EGLError(
[mujoco_spawner-2] 	err = EGL_NOT_INITIALIZED,
[mujoco_spawner-2] 	baseOperation = eglDestroyContext,
[mujoco_spawner-2] 	cArguments = (
[mujoco_spawner-2] 		<OpenGL._opaque.EGLDisplay_pointer object at 0xffff6768e640>,
[mujoco_spawner-2] 		<OpenGL._opaque.EGLContext_pointer object at 0xffff6768edc0>,
[mujoco_spawner-2] 	),
[mujoco_spawner-2] 	result = 0
[mujoco_spawner-2] )
[mujoco_spawner-2] Exception ignored in: <function GLContext.__del__ at 0xffff856a2170>
[mujoco_spawner-2] Traceback (most recent call last):
[mujoco_spawner-2]   File "/workspace/molar/ros_ws/bumperbot_ws/.venv/lib/python3.10/site-packages/mujoco/egl/__init__.py", line 138, in __del__
[mujoco_spawner-2]     self.free()
[mujoco_spawner-2]   File "/workspace/molar/ros_ws/bumperbot_ws/.venv/lib/python3.10/site-packages/mujoco/egl/__init__.py", line 133, in free
[mujoco_spawner-2]     EGL.eglDestroyContext(EGL_DISPLAY, self._context)
[mujoco_spawner-2]   File "/usr/lib/python3/dist-packages/OpenGL/error.py", line 230, in glCheckError
[mujoco_spawner-2]     raise self._errorClass(
[mujoco_spawner-2] OpenGL.raw.EGL._errors.EGLError: EGLError(
[mujoco_spawner-2] 	err = EGL_NOT_INITIALIZED,
[mujoco_spawner-2] 	baseOperation = eglDestroyContext,
[mujoco_spawner-2] 	cArguments = (
[mujoco_spawner-2] 		<OpenGL._opaque.EGLDisplay_pointer object at 0xffff6768e640>,
[mujoco_spawner-2] 		<OpenGL._opaque.EGLContext_pointer object at 0xffff6768edc0>,
[mujoco_spawner-2] 	),
[mujoco_spawner-2] 	result = 0
[mujoco_spawner-2] )
[INFO] [planner_server-15]: process has finished cleanly [pid 190429]
[ERROR] [joy_teleop-3]: process has died [pid 190269, exit code 1, cmd '/opt/ros/humble/lib/joy_teleop/joy_teleop --ros-args --params-file /workspace/molar/ros_ws/bumperbot_ws/install/robot_lab_controller/share/robot_lab_controller/config/joy_teleop.yaml --params-file /workspace/molar/.tmp/launch_params_ho6_74r3'].
[INFO] [mujoco_spawner-2]: process has finished cleanly [pid 190257]
