[INFO] [launch]: All log files can be found below /home/molar1/.ros/log/2026-10-01-16-51-44-884220-molar1-574051
[INFO] [launch]: Default logging verbosity is set to INFO
[INFO] [robot_state_publisher-1]: process started with pid [574101]
[INFO] [mujoco_spawner-2]: process started with pid [574103]
[robot_state_publisher-1] [INFO] [1790866305.658932980] [robot_state_publisher]: got segment base_footprint
[robot_state_publisher-1] [INFO] [1790866305.660030610] [robot_state_publisher]: got segment base_link
[robot_state_publisher-1] [INFO] [1790866305.660466182] [robot_state_publisher]: got segment front_left_knuckle_link
[robot_state_publisher-1] [INFO] [1790866305.660827174] [robot_state_publisher]: got segment front_left_wheel_link
[robot_state_publisher-1] [INFO] [1790866305.661170314] [robot_state_publisher]: got segment front_right_knuckle_link
[robot_state_publisher-1] [INFO] [1790866305.661516173] [robot_state_publisher]: got segment front_right_wheel_link
[robot_state_publisher-1] [INFO] [1790866305.661884236] [robot_state_publisher]: got segment imu_link
[robot_state_publisher-1] [INFO] [1790866305.662292836] [robot_state_publisher]: got segment laser_link
[robot_state_publisher-1] [INFO] [1790866305.662665091] [robot_state_publisher]: got segment laser_mast_link
[robot_state_publisher-1] [INFO] [1790866305.663037185] [robot_state_publisher]: got segment oakd_imu_frame
[robot_state_publisher-1] [INFO] [1790866305.663420926] [robot_state_publisher]: got segment oakd_left_camera_frame
[robot_state_publisher-1] [INFO] [1790866305.663757762] [robot_state_publisher]: got segment oakd_left_camera_optical_frame
[robot_state_publisher-1] [INFO] [1790866305.664088104] [robot_state_publisher]: got segment oakd_link
[robot_state_publisher-1] [INFO] [1790866305.664391667] [robot_state_publisher]: got segment oakd_rgb_camera_frame
[robot_state_publisher-1] [INFO] [1790866305.664695421] [robot_state_publisher]: got segment oakd_rgb_camera_optical_frame
[robot_state_publisher-1] [INFO] [1790866305.665002791] [robot_state_publisher]: got segment oakd_right_camera_frame
[robot_state_publisher-1] [INFO] [1790866305.665327310] [robot_state_publisher]: got segment oakd_right_camera_optical_frame
[robot_state_publisher-1] [INFO] [1790866305.665668722] [robot_state_publisher]: got segment rear_left_wheel_link
[robot_state_publisher-1] [INFO] [1790866305.665990170] [robot_state_publisher]: got segment rear_right_wheel_link
[mujoco_spawner-2] [INFO] [1790866306.527500732] [mujoco_spawner]: Drive: ackermann, wheels ['rear_left_wheel_joint', 'rear_right_wheel_joint', 'front_left_wheel_joint', 'front_right_wheel_joint'], steering ['front_left_steer_joint', 'front_right_steer_joint']
[mujoco_spawner-2] [INFO] [1790866307.223438375] [mujoco_spawner]: MuJoCo: 7 collision proxy geom(s) moved to group 3 (viewer Rendering tab to show them).
[mujoco_spawner-2] [INFO] [1790866307.229076170] [mujoco_spawner]: MuJoCo URDF import OK (all meshes staged).
[mujoco_spawner-2] [INFO] [1790866307.240535856] [mujoco_spawner]: RGB-D camera on 'oakd_rgb_camera_frame': 320x240 at 5.0 Hz
[mujoco_spawner-2] [INFO] [1790866307.241553981] [mujoco_spawner]: Joints: ['rear_left_wheel_joint', 'rear_right_wheel_joint', 'front_left_steer_joint', 'front_left_wheel_joint', 'front_right_steer_joint', 'front_right_wheel_joint']   lw=rear_left_wheel_joint rw=rear_right_wheel_joint
[mujoco_spawner-2] [INFO] [1790866307.242945833] [mujoco_spawner]: MuJoCo model loaded: 8 bodies, 7 joints
[mujoco_spawner-2] [INFO] [1790866307.243647022] [mujoco_spawner]: MuJoCo gui param=False (resolved=False), DISPLAY=:1 -> mode=DIRECT
[mujoco_spawner-2] [INFO] [1790866307.244328534] [mujoco_spawner]: MuJoCo running headless (gui=False, viewer=True).
[mujoco_spawner-2] [INFO] [1790866307.283153851] [mujoco_spawner]: MuJoCo spawner running.
[WARNING] [launch]: user interrupted with ctrl-c (SIGINT)
[INFO] [mujoco_spawner-2]: sending signal 'SIGINT' to process[mujoco_spawner-2]
[INFO] [robot_state_publisher-1]: sending signal 'SIGINT' to process[robot_state_publisher-1]
[robot_state_publisher-1] [INFO] [1790866334.720565412] [rclcpp]: signal_handler(SIGINT/SIGTERM)
[INFO] [robot_state_publisher-1]: process has finished cleanly [pid 574101]
[INFO] [mujoco_spawner-2]: process has finished cleanly [pid 574103]
