[INFO] [launch]: All log files can be found below /home/molar1/.ros/log/2026-09-28-14-25-34-043969-molar1-244561
[INFO] [launch]: Default logging verbosity is set to INFO
[robot_lab] algorithm localization=amcl -> global_localization stack
[robot_lab] algorithm state_estimation=ekf_localization_node -> local_localization stack
[robot_lab] algorithm sensor_fusion=wheel_imu_fusion -> node robot_lab_algorithms/wheel_imu_fusion
[INFO] [go2-stance-gait-controller-1]: process started with pid [244608]
[INFO] [robot_state_publisher-2]: process started with pid [244610]
[INFO] [mujoco_spawner-3]: process started with pid [244612]
[INFO] [joy_teleop-4]: process started with pid [244614]
[INFO] [joy_node-5]: process started with pid [244616]
[INFO] [twist_mux-6]: process started with pid [244618]
[INFO] [twist_marker-7]: process started with pid [244620]
[INFO] [joystick_relay.py-8]: process started with pid [244622]
[INFO] [twist_relay-9]: process started with pid [244624]
[INFO] [simulator_ready_gate-10]: process started with pid [244626]
[robot_state_publisher-2] [INFO] [1790598334.977831277] [robot_state_publisher]: got segment FL_calf
[robot_state_publisher-2] [INFO] [1790598334.978022711] [robot_state_publisher]: got segment FL_calf_rotor
[robot_state_publisher-2] [INFO] [1790598334.978076825] [robot_state_publisher]: got segment FL_foot
[robot_state_publisher-2] [INFO] [1790598334.978090458] [robot_state_publisher]: got segment FL_hip
[robot_state_publisher-2] [INFO] [1790598334.978098554] [robot_state_publisher]: got segment FL_hip_rotor
[robot_state_publisher-2] [INFO] [1790598334.978106811] [robot_state_publisher]: got segment FL_thigh
[robot_state_publisher-2] [INFO] [1790598334.978114363] [robot_state_publisher]: got segment FL_thigh_rotor
[robot_state_publisher-2] [INFO] [1790598334.978122075] [robot_state_publisher]: got segment FR_calf
[robot_state_publisher-2] [INFO] [1790598334.978129308] [robot_state_publisher]: got segment FR_calf_rotor
[robot_state_publisher-2] [INFO] [1790598334.978136412] [robot_state_publisher]: got segment FR_foot
[robot_state_publisher-2] [INFO] [1790598334.978143516] [robot_state_publisher]: got segment FR_hip
[robot_state_publisher-2] [INFO] [1790598334.978150749] [robot_state_publisher]: got segment FR_hip_rotor
[robot_state_publisher-2] [INFO] [1790598334.978237569] [robot_state_publisher]: got segment FR_thigh
[robot_state_publisher-2] [INFO] [1790598334.978257314] [robot_state_publisher]: got segment FR_thigh_rotor
[robot_state_publisher-2] [INFO] [1790598334.978267714] [robot_state_publisher]: got segment RL_calf
[robot_state_publisher-2] [INFO] [1790598334.978275939] [robot_state_publisher]: got segment RL_calf_rotor
[robot_state_publisher-2] [INFO] [1790598334.978285987] [robot_state_publisher]: got segment RL_foot
[robot_state_publisher-2] [INFO] [1790598334.978293604] [robot_state_publisher]: got segment RL_hip
[robot_state_publisher-2] [INFO] [1790598334.978300772] [robot_state_publisher]: got segment RL_hip_rotor
[robot_state_publisher-2] [INFO] [1790598334.978307908] [robot_state_publisher]: got segment RL_thigh
[robot_state_publisher-2] [INFO] [1790598334.978315013] [robot_state_publisher]: got segment RL_thigh_rotor
[robot_state_publisher-2] [INFO] [1790598334.978321861] [robot_state_publisher]: got segment RR_calf
[robot_state_publisher-2] [INFO] [1790598334.978328773] [robot_state_publisher]: got segment RR_calf_rotor
[robot_state_publisher-2] [INFO] [1790598334.978335910] [robot_state_publisher]: got segment RR_foot
[robot_state_publisher-2] [INFO] [1790598334.978342726] [robot_state_publisher]: got segment RR_hip
[robot_state_publisher-2] [INFO] [1790598334.978349702] [robot_state_publisher]: got segment RR_hip_rotor
[robot_state_publisher-2] [INFO] [1790598334.978356519] [robot_state_publisher]: got segment RR_thigh
[robot_state_publisher-2] [INFO] [1790598334.978363271] [robot_state_publisher]: got segment RR_thigh_rotor
[robot_state_publisher-2] [INFO] [1790598334.978370023] [robot_state_publisher]: got segment base
[robot_state_publisher-2] [INFO] [1790598334.978377288] [robot_state_publisher]: got segment front_camera
[robot_state_publisher-2] [INFO] [1790598334.978384264] [robot_state_publisher]: got segment imu_link
[robot_state_publisher-2] [INFO] [1790598334.978391400] [robot_state_publisher]: got segment trunk
[twist_mux-6] [INFO] [1790598334.993213068] [twist_mux]: Topic handler 'topics.joystick' subscribed to topic 'joy_vel': timeout = 0.500000s , priority = 99.
[twist_mux-6] [INFO] [1790598334.994591054] [twist_mux]: Topic handler 'topics.keyboard' subscribed to topic 'key_vel': timeout = 0.500000s , priority = 90.
[twist_mux-6] [INFO] [1790598334.995235341] [twist_mux]: Topic handler 'topics.navigation' subscribed to topic 'cmd_vel': timeout = 0.500000s , priority = 80.
[twist_mux-6] [INFO] [1790598334.995831497] [twist_mux]: Topic handler 'locks.safety_stop' subscribed to topic 'safety_stop': timeout = None , priority = 255.
[go2-stance-gait-controller-1] [0;93m2026-09-28 14:25:35.647707201 [W:onnxruntime:Default, device_discovery.cc:164 DiscoverDevicesForPlatform] GPU device discovery failed: device_discovery.cc:89 ReadFileContents Failed to open file: "/sys/class/drm/card1/device/vendor"[m
[go2-stance-gait-controller-1] [INFO] [1790598335.727009092] [go2_stance_gait_controller]: Go2 closed-loop stance: 12 effort joints at 250.0 Hz; controller ONNX velocity policy
[mujoco_spawner-3] [INFO] [1790598336.959397579] [mujoco_spawner]: MuJoCo: 18 collision proxy geom(s) moved to group 3 (viewer Rendering tab to show them).
[mujoco_spawner-3] [INFO] [1790598337.006306114] [mujoco_spawner]: MuJoCo URDF import OK (all meshes staged).
[mujoco_spawner-3] [WARN] [1790598337.017700543] [mujoco_spawner]: MuJoCo effort plant: no MJCF beside /home/molar1/bumperbot_ws/install/robot_lab_robots/share/robot_lab_robots/unitree/go2_description/xacro/go2_sim.xacro names every effort joint; keeping the URDF <dynamics> (damping=5.0 is a Gazebo stabiliser the robot does not have).
[mujoco_spawner-3] [INFO] [1790598337.062272962] [mujoco_spawner]: MuJoCo physics timestep: 0.0010 s
[mujoco_spawner-3] [INFO] [1790598337.064042390] [mujoco_spawner]: Robot has no 'oakd_rgb_camera_frame' link; no RGB-D camera is published.
[mujoco_spawner-3] [INFO] [1790598337.065093128] [mujoco_spawner]: Joints: ['FR_hip_joint', 'FR_thigh_joint', 'FR_calf_joint', 'FL_hip_joint', 'FL_thigh_joint', 'FL_calf_joint', 'RR_hip_joint', 'RR_thigh_joint', 'RR_calf_joint', 'RL_hip_joint', 'RL_thigh_joint', 'RL_calf_joint']   lw= rw=
[mujoco_spawner-3] [INFO] [1790598337.067411414] [mujoco_spawner]: MuJoCo effort joint armature: 0.0100 kg m^2
[mujoco_spawner-3] [INFO] [1790598337.069108518] [mujoco_spawner]: Joint effort input: /go2_group_effort_controller/commands (12 joints, URDF limits)
[mujoco_spawner-3] [INFO] [1790598337.071210378] [mujoco_spawner]: Spawn ground clearance: raised root by 0.0838 m
[mujoco_spawner-3] [INFO] [1790598337.072218042] [mujoco_spawner]: MuJoCo model loaded: 14 bodies, 13 joints
[mujoco_spawner-3] [INFO] [1790598337.072860792] [mujoco_spawner]: MuJoCo gui param=False (resolved=False), DISPLAY=:1 -> mode=DIRECT
[mujoco_spawner-3] [INFO] [1790598337.073449428] [mujoco_spawner]: MuJoCo running headless (gui=False, viewer=True).
[mujoco_spawner-3] [INFO] [1790598337.077306827] [mujoco_spawner]: MuJoCo spawner running.
[go2-stance-gait-controller-1] [WARN] [1790598337.079508372] [go2_stance_gait_controller]: Go2 safety safe_stop: tilt 1.40 rad exceeds fall threshold
[go2-stance-gait-controller-1] [INFO] [1790598337.081739710] [go2_stance_gait_controller]: Go2 recovery idle
[go2-stance-gait-controller-1] [INFO] [1790598337.198462337] [go2_stance_gait_controller]: Go2 recovery attempting:tuck
[INFO] [simulator_ready_gate-10]: process has finished cleanly [pid 244626]
[INFO] [amcl-12]: process started with pid [244858]
[INFO] [map_server-11]: process started with pid [244856]
[INFO] [lifecycle_manager-13]: process started with pid [244860]
[INFO] [ekf_node-14]: process started with pid [244862]
[INFO] [imu_republisher.py-15]: process started with pid [244864]
[INFO] [wheel_imu_fusion-16]: process started with pid [244866]
[lifecycle_manager-13] [INFO] [1790598337.481395731] [lifecycle_manager_localization]: Creating
[lifecycle_manager-13] [INFO] [1790598337.493231109] [lifecycle_manager_localization]: [34m[1mCreating and initializing lifecycle service clients[0m[0m
[map_server-11] [INFO] [1790598337.500236433] [map_server]: 
[map_server-11] 	map_server lifecycle node launched. 
[map_server-11] 	Waiting on external lifecycle transitions to activate
[map_server-11] 	See https://design.ros2.org/articles/node_lifecycle.html for more information.
[map_server-11] [INFO] [1790598337.501147420] [map_server]: Creating
[amcl-12] [0m[INFO] [1790598337.502516061] [amcl]: 
[amcl-12] 	amcl lifecycle node launched. 
[amcl-12] 	Waiting on external lifecycle transitions to activate
[amcl-12] 	See https://design.ros2.org/articles/node_lifecycle.html for more information.[0m
[amcl-12] [0m[INFO] [1790598337.504522013] [amcl]: Creating[0m
[go2-stance-gait-controller-1] [INFO] [1790598337.600782805] [go2_stance_gait_controller]: Go2 recovery attempting:roll
[lifecycle_manager-13] [INFO] [1790598337.617473389] [lifecycle_manager_localization]: [34m[1mStarting managed nodes bringup...[0m[0m
[lifecycle_manager-13] [INFO] [1790598337.617579442] [lifecycle_manager_localization]: [34m[1mConfiguring map_server[0m[0m
[map_server-11] [INFO] [1790598337.619886239] [map_server]: Configuring
[map_server-11] [INFO] [1790598337.620024742] [map_io]: Loading yaml file: /home/molar1/bumperbot_ws/install/robot_lab_maps/share/robot_lab_maps/maps/nav_empty/maps/map.yaml
[map_server-11] [INFO] [1790598337.620449914] [map_io]: resolution: 0.05
[map_server-11] [INFO] [1790598337.620469531] [map_io]: origin[0]: -7
[map_server-11] [INFO] [1790598337.620475291] [map_io]: origin[1]: -7
[map_server-11] [INFO] [1790598337.620479739] [map_io]: origin[2]: 0
[map_server-11] [INFO] [1790598337.620484412] [map_io]: free_thresh: 0.196
[map_server-11] [INFO] [1790598337.620489052] [map_io]: occupied_thresh: 0.65
[map_server-11] [INFO] [1790598337.620495196] [map_io]: mode: trinary
[map_server-11] [INFO] [1790598337.620502076] [map_io]: negate: 0
[map_server-11] [INFO] [1790598337.620854861] [map_io]: Loading image_file: /home/molar1/bumperbot_ws/install/robot_lab_maps/share/robot_lab_maps/maps/nav_empty/maps/map.pgm
[map_server-11] [INFO] [1790598337.635180565] [map_io]: Read map /home/molar1/bumperbot_ws/install/robot_lab_maps/share/robot_lab_maps/maps/nav_empty/maps/map.pgm: 280 X 280 map @ 0.05 m/cell
[lifecycle_manager-13] [INFO] [1790598337.646104571] [lifecycle_manager_localization]: [34m[1mConfiguring amcl[0m[0m
[amcl-12] [0m[INFO] [1790598337.646687607] [amcl]: Configuring[0m
[amcl-12] [0m[INFO] [1790598337.646878848] [amcl]: initTransforms[0m
[amcl-12] [0m[INFO] [1790598337.655003106] [amcl]: initPubSub[0m
[amcl-12] [0m[INFO] [1790598337.663511701] [amcl]: Subscribed to map topic.[0m
[lifecycle_manager-13] [INFO] [1790598337.674242739] [lifecycle_manager_localization]: [34m[1mActivating map_server[0m[0m
[map_server-11] [INFO] [1790598337.674635749] [map_server]: Activating
[map_server-11] [INFO] [1790598337.674948820] [map_server]: Creating bond (map_server) to lifecycle manager.
[amcl-12] [0m[INFO] [1790598337.677610610] [amcl]: Received a 280 X 280 map @ 0.050 m/pix[0m
[lifecycle_manager-13] [INFO] [1790598337.780972859] [lifecycle_manager_localization]: Server map_server connected with bond.
[lifecycle_manager-13] [INFO] [1790598337.781055615] [lifecycle_manager_localization]: [34m[1mActivating amcl[0m[0m
[amcl-12] [0m[INFO] [1790598337.781438290] [amcl]: Activating[0m
[amcl-12] [0m[INFO] [1790598337.781542614] [amcl]: initialPoseReceived[0m
[amcl-12] [0m[INFO] [1790598337.781606170] [amcl]: Setting pose (0.568000): -0.500 -0.500 0.000[0m
[amcl-12] [0m[INFO] [1790598337.782189909] [amcl]: Creating bond (amcl) to lifecycle manager.[0m
[amcl-12] [0m[INFO] [1790598337.881007751] [amcl]: createLaserObject[0m
[lifecycle_manager-13] [INFO] [1790598337.886551470] [lifecycle_manager_localization]: Server amcl connected with bond.
[lifecycle_manager-13] [INFO] [1790598337.886647282] [lifecycle_manager_localization]: [34m[1mManaged nodes are active[0m[0m
[lifecycle_manager-13] [INFO] [1790598337.886667251] [lifecycle_manager_localization]: [34m[1mCreating bond timer...[0m[0m
[wheel_imu_fusion-16] [INFO] [1790598338.214721358] [sensor_fusion_wheel_imu_fusion]: wheel_imu_fusion ready
[go2-stance-gait-controller-1] [INFO] [1790598338.302472682] [go2_stance_gait_controller]: Go2 recovery failed:roll
[twist_mux-6] [INFO] [1790598360.774494901] [rclcpp]: signal_handler(SIGINT/SIGTERM)
[map_server-11] [INFO] [1790598360.774511702] [rclcpp]: signal_handler(SIGINT/SIGTERM)
[map_server-11] [INFO] [1790598360.774674141] [map_server]: Running Nav2 LifecycleNode rcl preshutdown (map_server)
[ekf_node-14] [INFO] [1790598360.774486773] [rclcpp]: signal_handler(SIGINT/SIGTERM)
[twist_relay-9] [INFO] [1790598360.774490005] [rclcpp]: signal_handler(SIGINT/SIGTERM)
[twist_marker-7] [INFO] [1790598360.774532823] [rclcpp]: signal_handler(SIGINT/SIGTERM)
[map_server-11] [INFO] [1790598360.774784706] [map_server]: Deactivating
[map_server-11] [INFO] [1790598360.774810020] [map_server]: Destroying bond (map_server) to lifecycle manager.
[amcl-12] [0m[INFO] [1790598360.775254840] [rclcpp]: signal_handler(SIGINT/SIGTERM)[0m
[lifecycle_manager-13] [INFO] [1790598360.775032846] [rclcpp]: signal_handler(SIGINT/SIGTERM)
[lifecycle_manager-13] [INFO] [1790598360.775135922] [lifecycle_manager_localization]: Running Nav2 LifecycleManager rcl preshutdown (lifecycle_manager_localization)
[lifecycle_manager-13] [INFO] [1790598360.775193749] [lifecycle_manager_localization]: [34m[1mTerminating bond timer...[0m[0m
[robot_state_publisher-2] [INFO] [1790598360.775035982] [rclcpp]: signal_handler(SIGINT/SIGTERM)
[joy_node-5] [INFO] [1790598360.775324507] [rclcpp]: signal_handler(SIGINT/SIGTERM)
[amcl-12] [0m[INFO] [1790598360.776032923] [amcl]: Running Nav2 LifecycleNode rcl preshutdown (amcl)[0m
[amcl-12] [0m[INFO] [1790598360.776195298] [amcl]: Deactivating[0m
[amcl-12] [0m[INFO] [1790598360.776775004] [amcl]: Destroying bond (amcl) to lifecycle manager.[0m
[map_server-11] [INFO] [1790598360.785154872] [map_server]: Cleaning up
[map_server-11] [INFO] [1790598360.785252764] [map_server]: Destroying bond (map_server) to lifecycle manager.
[amcl-12] [0m[INFO] [1790598360.787147762] [amcl]: Cleaning up[0m
[map_server-11] [INFO] [1790598360.798937895] [map_server]: Destroying
[amcl-12] [0m[INFO] [1790598360.803719327] [amcl]: Destroying bond (amcl) to lifecycle manager.[0m
[amcl-12] [0m[INFO] [1790598360.808780516] [amcl]: Destroying[0m
[lifecycle_manager-13] [INFO] [1790598360.809981467] [lifecycle_manager_localization]: Destroying lifecycle_manager_localization
[joy_teleop-4] Traceback (most recent call last):
[joy_teleop-4]   File "/opt/ros/humble/lib/joy_teleop/joy_teleop", line 33, in <module>
[joy_teleop-4]     sys.exit(load_entry_point('joy-teleop==1.6.0', 'console_scripts', 'joy_teleop')())
[joy_teleop-4]   File "/opt/ros/humble/lib/python3.10/site-packages/joy_teleop/joy_teleop.py", line 435, in main
[joy_teleop-4]     rclpy.spin(node)
[joy_teleop-4]   File "/opt/ros/humble/local/lib/python3.10/dist-packages/rclpy/__init__.py", line 229, in spin
[joy_teleop-4]     executor.spin_once()
[joy_teleop-4]   File "/opt/ros/humble/local/lib/python3.10/dist-packages/rclpy/executors.py", line 812, in spin_once
[joy_teleop-4]     self._spin_once_impl(timeout_sec)
[joy_teleop-4]   File "/opt/ros/humble/local/lib/python3.10/dist-packages/rclpy/executors.py", line 801, in _spin_once_impl
[joy_teleop-4]     handler, entity, node = self.wait_for_ready_callbacks(timeout_sec=timeout_sec)
[joy_teleop-4]   File "/opt/ros/humble/local/lib/python3.10/dist-packages/rclpy/executors.py", line 784, in wait_for_ready_callbacks
[joy_teleop-4]     return next(self._cb_iter)
[joy_teleop-4]   File "/opt/ros/humble/local/lib/python3.10/dist-packages/rclpy/executors.py", line 685, in _wait_for_ready_callbacks
[joy_teleop-4]     raise ExternalShutdownException()
[joy_teleop-4] rclpy.executors.ExternalShutdownException
[INFO] [twist_mux-6]: process has finished cleanly [pid 244618]
[INFO] [robot_state_publisher-2]: process has finished cleanly [pid 244610]
[INFO] [twist_marker-7]: process has finished cleanly [pid 244620]
[INFO] [twist_relay-9]: process has finished cleanly [pid 244624]
[INFO] [ekf_node-14]: process has finished cleanly [pid 244862]
[INFO] [joy_node-5]: process has finished cleanly [pid 244616]
[INFO] [lifecycle_manager-13]: process has finished cleanly [pid 244860]
[INFO] [amcl-12]: process has finished cleanly [pid 244858]
[INFO] [map_server-11]: process has finished cleanly [pid 244856]
[go2-stance-gait-controller-1] Traceback (most recent call last):
[go2-stance-gait-controller-1]   File "/home/molar1/bumperbot_ws/install/robot_lab_adapter/lib/robot_lab_adapter/go2-stance-gait-controller", line 33, in <module>
[go2-stance-gait-controller-1]     sys.exit(load_entry_point('robot_lab_adapter==0.1.0', 'console_scripts', 'go2-stance-gait-controller')())
[go2-stance-gait-controller-1]   File "/home/molar1/bumperbot_ws/install/robot_lab_adapter/lib/python3.10/site-packages/robot_lab_adapter/go2_stance_gait_controller.py", line 306, in main
[go2-stance-gait-controller-1]     rclpy.spin(node)
[go2-stance-gait-controller-1]   File "/opt/ros/humble/local/lib/python3.10/dist-packages/rclpy/__init__.py", line 229, in spin
[go2-stance-gait-controller-1]     executor.spin_once()
[go2-stance-gait-controller-1]   File "/opt/ros/humble/local/lib/python3.10/dist-packages/rclpy/executors.py", line 812, in spin_once
[go2-stance-gait-controller-1]     self._spin_once_impl(timeout_sec)
[go2-stance-gait-controller-1]   File "/opt/ros/humble/local/lib/python3.10/dist-packages/rclpy/executors.py", line 801, in _spin_once_impl
[go2-stance-gait-controller-1]     handler, entity, node = self.wait_for_ready_callbacks(timeout_sec=timeout_sec)
[go2-stance-gait-controller-1]   File "/opt/ros/humble/local/lib/python3.10/dist-packages/rclpy/executors.py", line 784, in wait_for_ready_callbacks
[go2-stance-gait-controller-1]     return next(self._cb_iter)
[go2-stance-gait-controller-1]   File "/opt/ros/humble/local/lib/python3.10/dist-packages/rclpy/executors.py", line 657, in _wait_for_ready_callbacks
[go2-stance-gait-controller-1]     wait_set = _rclpy.WaitSet(
[go2-stance-gait-controller-1] rclpy._rclpy_pybind11.RCLError: failed to initialize wait set: the given context is not valid, either rcl_init() was not called or rcl_shutdown() was called., at ./src/rcl/wait.c:130
[imu_republisher.py-15] Traceback (most recent call last):
[imu_republisher.py-15]   File "/home/molar1/bumperbot_ws/install/robot_lab_localization/lib/robot_lab_localization/imu_republisher.py", line 54, in <module>
[imu_republisher.py-15]     main()
[imu_republisher.py-15]   File "/home/molar1/bumperbot_ws/install/robot_lab_localization/lib/robot_lab_localization/imu_republisher.py", line 45, in main
[imu_republisher.py-15]     rclpy.spin(node)
[imu_republisher.py-15]   File "/opt/ros/humble/local/lib/python3.10/dist-packages/rclpy/__init__.py", line 229, in spin
[imu_republisher.py-15]     executor.spin_once()
[imu_republisher.py-15]   File "/opt/ros/humble/local/lib/python3.10/dist-packages/rclpy/executors.py", line 812, in spin_once
[imu_republisher.py-15]     self._spin_once_impl(timeout_sec)
[imu_republisher.py-15]   File "/opt/ros/humble/local/lib/python3.10/dist-packages/rclpy/executors.py", line 801, in _spin_once_impl
[imu_republisher.py-15]     handler, entity, node = self.wait_for_ready_callbacks(timeout_sec=timeout_sec)
[imu_republisher.py-15]   File "/opt/ros/humble/local/lib/python3.10/dist-packages/rclpy/executors.py", line 784, in wait_for_ready_callbacks
[imu_republisher.py-15]     return next(self._cb_iter)
[imu_republisher.py-15]   File "/opt/ros/humble/local/lib/python3.10/dist-packages/rclpy/executors.py", line 685, in _wait_for_ready_callbacks
[imu_republisher.py-15]     raise ExternalShutdownException()
[imu_republisher.py-15] rclpy.executors.ExternalShutdownException
[INFO] [wheel_imu_fusion-16]: process has finished cleanly [pid 244866]
[INFO] [joystick_relay.py-8]: process has finished cleanly [pid 244622]
[INFO] [mujoco_spawner-3]: process has finished cleanly [pid 244612]
[ERROR] [imu_republisher.py-15]: process has died [pid 244864, exit code 1, cmd '/home/molar1/bumperbot_ws/install/robot_lab_localization/lib/robot_lab_localization/imu_republisher.py --ros-args --params-file /workspace/molar/.tmp/launch_params_d1ubpqlk'].
[ERROR] [go2-stance-gait-controller-1]: process has died [pid 244608, exit code 1, cmd '/home/molar1/bumperbot_ws/install/robot_lab_adapter/lib/robot_lab_adapter/go2-stance-gait-controller --ros-args --params-file /workspace/molar/.tmp/launch_params_1hkthosc'].
[ERROR] [joy_teleop-4]: process has died [pid 244614, exit code 1, cmd '/opt/ros/humble/lib/joy_teleop/joy_teleop --ros-args --params-file /home/molar1/bumperbot_ws/install/robot_lab_controller/share/robot_lab_controller/config/joy_teleop.yaml --params-file /workspace/molar/.tmp/launch_params_qfj_wx45'].
