mujoco_menagerie agilex_piper installed 
mujoco_menagerie agility_cassie installed 
mujoco_menagerie aloha installed 
mujoco_menagerie anybotics_anymal_b installed 
mujoco_menagerie anybotics_anymal_c installed 
mujoco_menagerie apptronik_apollo installed 
mujoco_menagerie arx_l5 installed 
mujoco_menagerie berkeley_humanoid installed 
mujoco_menagerie bitcraze_crazyflie_2 installed 
mujoco_menagerie booster_t1 installed 
mujoco_menagerie boston_dynamics_spot installed 
mujoco_menagerie dynamixel_2r installed 
mujoco_menagerie flexiv_rizon4 installed 
mujoco_menagerie flexiv_rizon4s installed 
mujoco_menagerie flybody installed 
mujoco_menagerie fourier_n1 installed 
mujoco_menagerie franka_emika_panda installed 
mujoco_menagerie franka_fr3 installed 
mujoco_menagerie franka_fr3_v2 installed 
mujoco_menagerie google_barkour_v0 installed 
mujoco_menagerie google_barkour_vb installed 
mujoco_menagerie google_robot installed 
mujoco_menagerie hello_robot_stretch installed 
mujoco_menagerie hello_robot_stretch_3 installed 
mujoco_menagerie i2rt_yam installed 
mujoco_menagerie iit_softfoot installed 
mujoco_menagerie kinova_gen3 installed 
mujoco_menagerie kuka_iiwa_14 installed 
mujoco_menagerie low_cost_robot_arm installed 
mujoco_menagerie ms_human_700 installed 
mujoco_menagerie pndbotics_adam_lite installed 
mujoco_menagerie rethink_robotics_sawyer installed 
mujoco_menagerie robot_soccer_kit installed 
mujoco_menagerie robotiq_2f85 installed 
mujoco_menagerie robotiq_2f85_v4 installed 
mujoco_menagerie robotis_omy_3m installed 
mujoco_menagerie robotis_op3 installed 
mujoco_menagerie robotstudio_so101 installed 
mujoco_menagerie seeed_rebot_devarm installed 
mujoco_menagerie shadow_dexee installed 
mujoco_menagerie skydio_x2 installed 
mujoco_menagerie stanford_tidybot installed 
mujoco_menagerie toddlerbot_2xc installed 
mujoco_menagerie toddlerbot_2xm installed 
mujoco_menagerie trossen_vx300s installed 
mujoco_menagerie trossen_wx250s installed 
mujoco_menagerie trossen_wxai installed 
mujoco_menagerie trs_so_arm100 installed 
mujoco_menagerie ufactory_lite6 installed 
mujoco_menagerie ufactory_xarm7 installed 
mujoco_menagerie umi_gripper installed 
mujoco_menagerie unitree_a1 installed 
mujoco_menagerie unitree_g1 installed 
mujoco_menagerie unitree_go1 installed 
mujoco_menagerie unitree_go2 installed 
mujoco_menagerie unitree_h1 installed 
mujoco_menagerie unitree_z1 installed 
mujoco_menagerie universal_robots_ur10e installed 
mujoco_menagerie universal_robots_ur5e installed 
