[INFO] [launch]: All log files can be found below /home/molar1/.ros/log/2026-09-15-10-00-37-638487-molar1-19185
[INFO] [launch]: Default logging verbosity is set to INFO
[INFO] [robot_state_publisher-1]: process started with pid [19239]
[INFO] [pybullet_spawner-2]: process started with pid [19241]
[robot_state_publisher-1] 1789459237.941196 [178] robot_stat: selected interface "lo" is not multicast-capable: disabling multicast
[robot_state_publisher-1] [INFO] [1789459237.953562627] [robot_state_publisher]: got segment base_footprint
[robot_state_publisher-1] [INFO] [1789459237.953707752] [robot_state_publisher]: got segment base_link
[robot_state_publisher-1] [INFO] [1789459237.953726372] [robot_state_publisher]: got segment caster_front_link
[robot_state_publisher-1] [INFO] [1789459237.953736162] [robot_state_publisher]: got segment caster_rear_link
[robot_state_publisher-1] [INFO] [1789459237.953743969] [robot_state_publisher]: got segment imu_link
[robot_state_publisher-1] [INFO] [1789459237.953751487] [robot_state_publisher]: got segment laser_link
[robot_state_publisher-1] [INFO] [1789459237.953758718] [robot_state_publisher]: got segment oakd_imu_frame
[robot_state_publisher-1] [INFO] [1789459237.953765885] [robot_state_publisher]: got segment oakd_left_camera_frame
[robot_state_publisher-1] [INFO] [1789459237.953773979] [robot_state_publisher]: got segment oakd_left_camera_optical_frame
[robot_state_publisher-1] [INFO] [1789459237.953781658] [robot_state_publisher]: got segment oakd_link
[robot_state_publisher-1] [INFO] [1789459237.953788824] [robot_state_publisher]: got segment oakd_rgb_camera_frame
[robot_state_publisher-1] [INFO] [1789459237.953796087] [robot_state_publisher]: got segment oakd_rgb_camera_optical_frame
[robot_state_publisher-1] [INFO] [1789459237.953803158] [robot_state_publisher]: got segment oakd_right_camera_frame
[robot_state_publisher-1] [INFO] [1789459237.953810388] [robot_state_publisher]: got segment oakd_right_camera_optical_frame
[robot_state_publisher-1] [INFO] [1789459237.953817459] [robot_state_publisher]: got segment wheel_left_link
[robot_state_publisher-1] [INFO] [1789459237.953824562] [robot_state_publisher]: got segment wheel_right_link
[pybullet_spawner-2] pybullet build time: Sep  2 2026 15:08:17
[pybullet_spawner-2] 1789459238.416845 [178] pybullet_s: selected interface "lo" is not multicast-capable: disabling multicast
[pybullet_spawner-2] [INFO] [1789459238.503287948] [pybullet_spawner]: PyBulletSpawner __init__ started
[pybullet_spawner-2] [INFO] [1789459238.508264651] [pybullet_spawner]: Parameters declared
[pybullet_spawner-2] [INFO] [1789459238.520738385] [pybullet_spawner]: Created /robot_lab/ready publisher
[pybullet_spawner-2] [INFO] [1789459238.522854822] [pybullet_spawner]: Created /robot_lab/health publisher
[pybullet_spawner-2] [INFO] [1789459238.525057322] [pybullet_spawner]: Created /robot_lab/reset service
[pybullet_spawner-2] [INFO] [1789459239.187782587] [pybullet_spawner]: URDF written to /workspace/molar/.tmp/tmpac07tqn9.urdf
[pybullet_spawner-2] [INFO] [1789459239.188682548] [pybullet_spawner]: PyBullet gui param=False (resolved=False), DISPLAY=:1 -> mode=DIRECT
[pybullet_spawner-2] [INFO] [1789459239.189359574] [pybullet_spawner]: Connecting to PyBullet...
[pybullet_spawner-2] [INFO] [1789459239.199616961] [pybullet_spawner]: PyBullet connected with client_id=0
[pybullet_spawner-2] [INFO] [1789459239.200298722] [pybullet_spawner]: PyBullet physics engine configured
[pybullet_spawner-2] [INFO] [1789459239.214903363] [pybullet_spawner]: SDF world 'nav_empty.world': 9 static shape(s) created, 0 skipped
[pybullet_spawner-2] b3Warning[examples/Importers/ImportURDFDemo/BulletUrdfImporter.cpp,126]:
[pybullet_spawner-2] No inertial data for link, using mass=1, localinertiadiagonal = 1,1,1, identity local inertial frameb3Warning[examples/Importers/ImportURDFDemo/BulletUrdfImporter.cpp,126]:
[pybullet_spawner-2] [INFO] [1789459239.997655428] [pybullet_spawner]: Loaded robot id=10 (15 joints)
[pybullet_spawner-2] [INFO] [1789459239.998319208] [pybullet_spawner]: Friction from the description's <gazebo> blocks: caster_front_link=0.1, caster_rear_link=0.1, wheel_left_link=1, wheel_right_link=1
[pybullet_spawner-2] [INFO] [1789459240.000838739] [pybullet_spawner]: RGB-D camera on 'oakd_rgb_camera_frame': 320x240 at 5.0 Hz (software renderer)
[pybullet_spawner-2] base_footprintb3Warning[examples/Importers/ImportURDFDemo/BulletUrdfImporter.cpp,126]:
