[INFO] [launch]: All log files can be found below /home/molar1/.ros/log/2026-09-28-12-42-29-817951-molar1-170273
[INFO] [launch]: Default logging verbosity is set to INFO
[robot_lab] algorithm localization=amcl -> global_localization stack
[robot_lab] algorithm state_estimation=ekf_localization_node -> local_localization stack
[robot_lab] algorithm sensor_fusion=wheel_imu_fusion -> node robot_lab_algorithms/wheel_imu_fusion
[INFO] [go2-stance-gait-controller-1]: process started with pid [170327]
[INFO] [robot_state_publisher-2]: process started with pid [170329]
[INFO] [mujoco_spawner-3]: process started with pid [170331]
[INFO] [joy_teleop-4]: process started with pid [170333]
[INFO] [joy_node-5]: process started with pid [170335]
[INFO] [twist_mux-6]: process started with pid [170337]
[INFO] [twist_marker-7]: process started with pid [170339]
[INFO] [joystick_relay.py-8]: process started with pid [170341]
[INFO] [twist_relay-9]: process started with pid [170352]
[INFO] [simulator_ready_gate-10]: process started with pid [170354]
[robot_state_publisher-2] [INFO] [1790592150.726514092] [robot_state_publisher]: got segment FL_calf
[robot_state_publisher-2] [INFO] [1790592150.727883396] [robot_state_publisher]: got segment FL_calf_rotor
[robot_state_publisher-2] [INFO] [1790592150.728861448] [robot_state_publisher]: got segment FL_foot
[robot_state_publisher-2] [INFO] [1790592150.729539989] [robot_state_publisher]: got segment FL_hip
[twist_mux-6] [INFO] [1790592150.730676756] [twist_mux]: Topic handler 'topics.joystick' subscribed to topic 'joy_vel': timeout = 0.500000s , priority = 99.
[twist_mux-6] [INFO] [1790592150.731706359] [twist_mux]: Topic handler 'topics.keyboard' subscribed to topic 'key_vel': timeout = 0.500000s , priority = 90.
[twist_mux-6] [INFO] [1790592150.734291501] [twist_mux]: Topic handler 'topics.navigation' subscribed to topic 'cmd_vel': timeout = 0.500000s , priority = 80.
[twist_mux-6] [INFO] [1790592150.734598564] [twist_mux]: Topic handler 'locks.safety_stop' subscribed to topic 'safety_stop': timeout = None , priority = 255.
[robot_state_publisher-2] [INFO] [1790592150.737501137] [robot_state_publisher]: got segment FL_hip_rotor
[robot_state_publisher-2] [INFO] [1790592150.738216957] [robot_state_publisher]: got segment FL_thigh
[robot_state_publisher-2] [INFO] [1790592150.738758637] [robot_state_publisher]: got segment FL_thigh_rotor
[robot_state_publisher-2] [INFO] [1790592150.739213920] [robot_state_publisher]: got segment FR_calf
[robot_state_publisher-2] [INFO] [1790592150.739947659] [robot_state_publisher]: got segment FR_calf_rotor
[robot_state_publisher-2] [INFO] [1790592150.741041708] [robot_state_publisher]: got segment FR_foot
[robot_state_publisher-2] [INFO] [1790592150.741729848] [robot_state_publisher]: got segment FR_hip
[robot_state_publisher-2] [INFO] [1790592150.741754104] [robot_state_publisher]: got segment FR_hip_rotor
[robot_state_publisher-2] [INFO] [1790592150.741765367] [robot_state_publisher]: got segment FR_thigh
[robot_state_publisher-2] [INFO] [1790592150.741774359] [robot_state_publisher]: got segment FR_thigh_rotor
[robot_state_publisher-2] [INFO] [1790592150.741782647] [robot_state_publisher]: got segment RL_calf
[robot_state_publisher-2] [INFO] [1790592150.741792918] [robot_state_publisher]: got segment RL_calf_rotor
[robot_state_publisher-2] [INFO] [1790592150.741801078] [robot_state_publisher]: got segment RL_foot
[robot_state_publisher-2] [INFO] [1790592150.741808758] [robot_state_publisher]: got segment RL_hip
[robot_state_publisher-2] [INFO] [1790592150.741817110] [robot_state_publisher]: got segment RL_hip_rotor
[robot_state_publisher-2] [INFO] [1790592150.741824501] [robot_state_publisher]: got segment RL_thigh
[robot_state_publisher-2] [INFO] [1790592150.741832501] [robot_state_publisher]: got segment RL_thigh_rotor
[robot_state_publisher-2] [INFO] [1790592150.741840405] [robot_state_publisher]: got segment RR_calf
[robot_state_publisher-2] [INFO] [1790592150.741848021] [robot_state_publisher]: got segment RR_calf_rotor
[robot_state_publisher-2] [INFO] [1790592150.741857525] [robot_state_publisher]: got segment RR_foot
[robot_state_publisher-2] [INFO] [1790592150.741864980] [robot_state_publisher]: got segment RR_hip
[robot_state_publisher-2] [INFO] [1790592150.741872404] [robot_state_publisher]: got segment RR_hip_rotor
[robot_state_publisher-2] [INFO] [1790592150.741879668] [robot_state_publisher]: got segment RR_thigh
[robot_state_publisher-2] [INFO] [1790592150.741887092] [robot_state_publisher]: got segment RR_thigh_rotor
[robot_state_publisher-2] [INFO] [1790592150.741894483] [robot_state_publisher]: got segment base
[robot_state_publisher-2] [INFO] [1790592150.741902227] [robot_state_publisher]: got segment front_camera
[robot_state_publisher-2] [INFO] [1790592150.741909267] [robot_state_publisher]: got segment imu_link
[robot_state_publisher-2] [INFO] [1790592150.741918419] [robot_state_publisher]: got segment trunk
[go2-stance-gait-controller-1] [0;93m2026-09-28 12:42:31.415430297 [W:onnxruntime:Default, device_discovery.cc:164 DiscoverDevicesForPlatform] GPU device discovery failed: device_discovery.cc:89 ReadFileContents Failed to open file: "/sys/class/drm/card1/device/vendor"[m
[go2-stance-gait-controller-1] [INFO] [1790592151.495996443] [go2_stance_gait_controller]: Go2 closed-loop stance: 12 effort joints at 250.0 Hz; controller ONNX velocity policy
[mujoco_spawner-3] [INFO] [1790592152.688897771] [mujoco_spawner]: MuJoCo: 18 collision proxy geom(s) moved to group 3 (viewer Rendering tab to show them).
[mujoco_spawner-3] [INFO] [1790592152.742700267] [mujoco_spawner]: MuJoCo URDF import OK (all meshes staged).
[mujoco_spawner-3] [WARN] [1790592152.755654202] [mujoco_spawner]: MuJoCo effort plant: no MJCF beside /home/molar1/bumperbot_ws/install/robot_lab_robots/share/robot_lab_robots/unitree/go2_description/xacro/go2_sim.xacro names every effort joint; keeping the URDF <dynamics> (damping=5.0 is a Gazebo stabiliser the robot does not have).
[mujoco_spawner-3] [INFO] [1790592152.802369828] [mujoco_spawner]: MuJoCo physics timestep: 0.0010 s
[mujoco_spawner-3] [INFO] [1790592152.804228527] [mujoco_spawner]: Robot has no 'oakd_rgb_camera_frame' link; no RGB-D camera is published.
[mujoco_spawner-3] [INFO] [1790592152.805280785] [mujoco_spawner]: Joints: ['FR_hip_joint', 'FR_thigh_joint', 'FR_calf_joint', 'FL_hip_joint', 'FL_thigh_joint', 'FL_calf_joint', 'RR_hip_joint', 'RR_thigh_joint', 'RR_calf_joint', 'RL_hip_joint', 'RL_thigh_joint', 'RL_calf_joint']   lw= rw=
[mujoco_spawner-3] [INFO] [1790592152.807116573] [mujoco_spawner]: MuJoCo effort joint armature: 0.0100 kg m^2
[mujoco_spawner-3] [INFO] [1790592152.808365753] [mujoco_spawner]: Joint effort input: /go2_group_effort_controller/commands (12 joints, URDF limits)
[mujoco_spawner-3] [INFO] [1790592152.809782993] [mujoco_spawner]: Spawn ground clearance: raised root by 0.2050 m
[mujoco_spawner-3] [INFO] [1790592152.810513596] [mujoco_spawner]: MuJoCo model loaded: 14 bodies, 13 joints
[mujoco_spawner-3] [INFO] [1790592152.811001294] [mujoco_spawner]: MuJoCo gui param=False (resolved=False), DISPLAY=:1 -> mode=DIRECT
[mujoco_spawner-3] [INFO] [1790592152.811451105] [mujoco_spawner]: MuJoCo running headless (gui=False, viewer=True).
[mujoco_spawner-3] [INFO] [1790592152.815587307] [mujoco_spawner]: MuJoCo spawner running.
[go2-stance-gait-controller-1] [INFO] [1790592152.819380639] [go2_stance_gait_controller]: Go2 recovery idle
[INFO] [simulator_ready_gate-10]: process has finished cleanly [pid 170354]
[INFO] [amcl-12]: process started with pid [170608]
[INFO] [map_server-11]: process started with pid [170606]
[INFO] [lifecycle_manager-13]: process started with pid [170610]
[INFO] [ekf_node-14]: process started with pid [170612]
[INFO] [imu_republisher.py-15]: process started with pid [170614]
[INFO] [wheel_imu_fusion-16]: process started with pid [170616]
[amcl-12] [0m[INFO] [1790592153.219392111] [amcl]: 
[amcl-12] 	amcl lifecycle node launched. 
[amcl-12] 	Waiting on external lifecycle transitions to activate
[amcl-12] 	See https://design.ros2.org/articles/node_lifecycle.html for more information.[0m
[amcl-12] [0m[INFO] [1790592153.220712266] [amcl]: Creating[0m
[lifecycle_manager-13] [INFO] [1790592153.232865007] [lifecycle_manager_localization]: Creating
[lifecycle_manager-13] [INFO] [1790592153.237029753] [lifecycle_manager_localization]: [34m[1mCreating and initializing lifecycle service clients[0m[0m
[map_server-11] [INFO] [1790592153.243154250] [map_server]: 
[map_server-11] 	map_server lifecycle node launched. 
[map_server-11] 	Waiting on external lifecycle transitions to activate
[map_server-11] 	See https://design.ros2.org/articles/node_lifecycle.html for more information.
[map_server-11] [INFO] [1790592153.245035796] [map_server]: Creating
[lifecycle_manager-13] [INFO] [1790592153.363379239] [lifecycle_manager_localization]: [34m[1mStarting managed nodes bringup...[0m[0m
[lifecycle_manager-13] [INFO] [1790592153.364495720] [lifecycle_manager_localization]: [34m[1mConfiguring map_server[0m[0m
[map_server-11] [INFO] [1790592153.365778083] [map_server]: Configuring
[map_server-11] [INFO] [1790592153.365904287] [map_io]: Loading yaml file: /home/molar1/bumperbot_ws/install/robot_lab_maps/share/robot_lab_maps/maps/nav_empty/maps/map.yaml
[map_server-11] [INFO] [1790592153.366335795] [map_io]: resolution: 0.05
[map_server-11] [INFO] [1790592153.366358323] [map_io]: origin[0]: -7
[map_server-11] [INFO] [1790592153.366364018] [map_io]: origin[1]: -7
[map_server-11] [INFO] [1790592153.366368562] [map_io]: origin[2]: 0
[map_server-11] [INFO] [1790592153.366373266] [map_io]: free_thresh: 0.196
[map_server-11] [INFO] [1790592153.366377906] [map_io]: occupied_thresh: 0.65
[map_server-11] [INFO] [1790592153.366383666] [map_io]: mode: trinary
[map_server-11] [INFO] [1790592153.366390386] [map_io]: negate: 0
[map_server-11] [INFO] [1790592153.366708425] [map_io]: Loading image_file: /home/molar1/bumperbot_ws/install/robot_lab_maps/share/robot_lab_maps/maps/nav_empty/maps/map.pgm
[map_server-11] [INFO] [1790592153.377817420] [map_io]: Read map /home/molar1/bumperbot_ws/install/robot_lab_maps/share/robot_lab_maps/maps/nav_empty/maps/map.pgm: 280 X 280 map @ 0.05 m/cell
[lifecycle_manager-13] [INFO] [1790592153.387489240] [lifecycle_manager_localization]: [34m[1mConfiguring amcl[0m[0m
[amcl-12] [0m[INFO] [1790592153.402470669] [amcl]: Configuring[0m
[amcl-12] [0m[INFO] [1790592153.402675463] [amcl]: initTransforms[0m
[amcl-12] [0m[INFO] [1790592153.418432294] [amcl]: initPubSub[0m
[amcl-12] [0m[INFO] [1790592153.427820251] [amcl]: Subscribed to map topic.[0m
[lifecycle_manager-13] [INFO] [1790592153.440068062] [lifecycle_manager_localization]: [34m[1mActivating map_server[0m[0m
[map_server-11] [INFO] [1790592153.440432723] [map_server]: Activating
[map_server-11] [INFO] [1790592153.440733387] [map_server]: Creating bond (map_server) to lifecycle manager.
[amcl-12] [0m[INFO] [1790592153.443060936] [amcl]: Received a 280 X 280 map @ 0.050 m/pix[0m
[lifecycle_manager-13] [INFO] [1790592153.545192458] [lifecycle_manager_localization]: Server map_server connected with bond.
[lifecycle_manager-13] [INFO] [1790592153.545294183] [lifecycle_manager_localization]: [34m[1mActivating amcl[0m[0m
[amcl-12] [0m[INFO] [1790592153.545643517] [amcl]: Activating[0m
[amcl-12] [0m[INFO] [1790592153.545740218] [amcl]: initialPoseReceived[0m
[amcl-12] [0m[INFO] [1790592153.545956500] [amcl]: Setting pose (0.616000): -0.500 -0.500 0.000[0m
[amcl-12] [0m[INFO] [1790592153.546555587] [amcl]: Creating bond (amcl) to lifecycle manager.[0m
[amcl-12] [0m[INFO] [1790592153.567663529] [amcl]: createLaserObject[0m
[lifecycle_manager-13] [INFO] [1790592153.649548427] [lifecycle_manager_localization]: Server amcl connected with bond.
[lifecycle_manager-13] [INFO] [1790592153.649644361] [lifecycle_manager_localization]: [34m[1mManaged nodes are active[0m[0m
[lifecycle_manager-13] [INFO] [1790592153.649669928] [lifecycle_manager_localization]: [34m[1mCreating bond timer...[0m[0m
[wheel_imu_fusion-16] [INFO] [1790592153.955941007] [sensor_fusion_wheel_imu_fusion]: wheel_imu_fusion ready
[map_server-11] [INFO] [1790592175.664339404] [rclcpp]: signal_handler(SIGINT/SIGTERM)
[ekf_node-14] [INFO] [1790592175.664315437] [rclcpp]: signal_handler(SIGINT/SIGTERM)
[amcl-12] [0m[INFO] [1790592175.664361036] [rclcpp]: signal_handler(SIGINT/SIGTERM)[0m
[amcl-12] [0m[INFO] [1790592175.664507560] [amcl]: Running Nav2 LifecycleNode rcl preshutdown (amcl)[0m
[amcl-12] [0m[INFO] [1790592175.664625252] [amcl]: Deactivating[0m
[amcl-12] [0m[INFO] [1790592175.664663139] [amcl]: Destroying bond (amcl) to lifecycle manager.[0m
[map_server-11] [INFO] [1790592175.664536135] [map_server]: Running Nav2 LifecycleNode rcl preshutdown (map_server)
[map_server-11] [INFO] [1790592175.664646276] [map_server]: Deactivating
[map_server-11] [INFO] [1790592175.664674083] [map_server]: Destroying bond (map_server) to lifecycle manager.
[twist_marker-7] [INFO] [1790592175.664356620] [rclcpp]: signal_handler(SIGINT/SIGTERM)
[lifecycle_manager-13] [INFO] [1790592175.664417386] [rclcpp]: signal_handler(SIGINT/SIGTERM)
[lifecycle_manager-13] [INFO] [1790592175.664527079] [lifecycle_manager_localization]: Running Nav2 LifecycleManager rcl preshutdown (lifecycle_manager_localization)
[lifecycle_manager-13] [INFO] [1790592175.664588517] [lifecycle_manager_localization]: [34m[1mTerminating bond timer...[0m[0m
[twist_relay-9] [INFO] [1790592175.664592549] [rclcpp]: signal_handler(SIGINT/SIGTERM)
[joy_node-5] [INFO] [1790592175.664896669] [rclcpp]: signal_handler(SIGINT/SIGTERM)
[twist_mux-6] [INFO] [1790592175.665050808] [rclcpp]: signal_handler(SIGINT/SIGTERM)
[robot_state_publisher-2] [INFO] [1790592175.665359184] [rclcpp]: signal_handler(SIGINT/SIGTERM)
[amcl-12] [0m[INFO] [1790592175.675044356] [amcl]: Cleaning up[0m
[map_server-11] [INFO] [1790592175.675039268] [map_server]: Cleaning up
[map_server-11] [INFO] [1790592175.675178112] [map_server]: Destroying bond (map_server) to lifecycle manager.
[amcl-12] [0m[INFO] [1790592175.683544057] [amcl]: Destroying bond (amcl) to lifecycle manager.[0m
[joy_teleop-4] Traceback (most recent call last):
[joy_teleop-4]   File "/opt/ros/humble/lib/joy_teleop/joy_teleop", line 33, in <module>
[joy_teleop-4]     sys.exit(load_entry_point('joy-teleop==1.6.0', 'console_scripts', 'joy_teleop')())
[joy_teleop-4]   File "/opt/ros/humble/lib/python3.10/site-packages/joy_teleop/joy_teleop.py", line 435, in main
[joy_teleop-4]     rclpy.spin(node)
[joy_teleop-4]   File "/opt/ros/humble/local/lib/python3.10/dist-packages/rclpy/__init__.py", line 229, in spin
[joy_teleop-4]     executor.spin_once()
[joy_teleop-4]   File "/opt/ros/humble/local/lib/python3.10/dist-packages/rclpy/executors.py", line 812, in spin_once
[joy_teleop-4]     self._spin_once_impl(timeout_sec)
[joy_teleop-4]   File "/opt/ros/humble/local/lib/python3.10/dist-packages/rclpy/executors.py", line 801, in _spin_once_impl
[joy_teleop-4]     handler, entity, node = self.wait_for_ready_callbacks(timeout_sec=timeout_sec)
[joy_teleop-4]   File "/opt/ros/humble/local/lib/python3.10/dist-packages/rclpy/executors.py", line 784, in wait_for_ready_callbacks
[joy_teleop-4]     return next(self._cb_iter)
[joy_teleop-4]   File "/opt/ros/humble/local/lib/python3.10/dist-packages/rclpy/executors.py", line 685, in _wait_for_ready_callbacks
[joy_teleop-4]     raise ExternalShutdownException()
[joy_teleop-4] rclpy.executors.ExternalShutdownException
[amcl-12] [0m[INFO] [1790592175.766653340] [amcl]: Destroying[0m
[map_server-11] [INFO] [1790592175.844414420] [map_server]: Destroying
[lifecycle_manager-13] [INFO] [1790592175.848214859] [lifecycle_manager_localization]: Destroying lifecycle_manager_localization
[INFO] [ekf_node-14]: process has finished cleanly [pid 170612]
[INFO] [twist_marker-7]: process has finished cleanly [pid 170339]
[INFO] [twist_relay-9]: process has finished cleanly [pid 170352]
[INFO] [robot_state_publisher-2]: process has finished cleanly [pid 170329]
[INFO] [joy_node-5]: process has finished cleanly [pid 170335]
[INFO] [twist_mux-6]: process has finished cleanly [pid 170337]
[imu_republisher.py-15] Traceback (most recent call last):
[imu_republisher.py-15]   File "/home/molar1/bumperbot_ws/install/robot_lab_localization/lib/robot_lab_localization/imu_republisher.py", line 54, in <module>
[imu_republisher.py-15]     main()
[imu_republisher.py-15]   File "/home/molar1/bumperbot_ws/install/robot_lab_localization/lib/robot_lab_localization/imu_republisher.py", line 45, in main
[imu_republisher.py-15]     rclpy.spin(node)
[imu_republisher.py-15]   File "/opt/ros/humble/local/lib/python3.10/dist-packages/rclpy/__init__.py", line 229, in spin
[imu_republisher.py-15]     executor.spin_once()
[imu_republisher.py-15]   File "/opt/ros/humble/local/lib/python3.10/dist-packages/rclpy/executors.py", line 812, in spin_once
[imu_republisher.py-15]     self._spin_once_impl(timeout_sec)
[imu_republisher.py-15]   File "/opt/ros/humble/local/lib/python3.10/dist-packages/rclpy/executors.py", line 801, in _spin_once_impl
[imu_republisher.py-15]     handler, entity, node = self.wait_for_ready_callbacks(timeout_sec=timeout_sec)
[imu_republisher.py-15]   File "/opt/ros/humble/local/lib/python3.10/dist-packages/rclpy/executors.py", line 784, in wait_for_ready_callbacks
[imu_republisher.py-15]     return next(self._cb_iter)
[imu_republisher.py-15]   File "/opt/ros/humble/local/lib/python3.10/dist-packages/rclpy/executors.py", line 685, in _wait_for_ready_callbacks
[imu_republisher.py-15]     raise ExternalShutdownException()
[imu_republisher.py-15] rclpy.executors.ExternalShutdownException
[INFO] [wheel_imu_fusion-16]: process has finished cleanly [pid 170616]
[INFO] [lifecycle_manager-13]: process has finished cleanly [pid 170610]
[INFO] [amcl-12]: process has finished cleanly [pid 170608]
[INFO] [go2-stance-gait-controller-1]: process has finished cleanly [pid 170327]
[INFO] [mujoco_spawner-3]: process has finished cleanly [pid 170331]
[INFO] [joystick_relay.py-8]: process has finished cleanly [pid 170341]
[ERROR] [joy_teleop-4]: process has died [pid 170333, exit code 1, cmd '/opt/ros/humble/lib/joy_teleop/joy_teleop --ros-args --params-file /home/molar1/bumperbot_ws/install/robot_lab_controller/share/robot_lab_controller/config/joy_teleop.yaml --params-file /workspace/molar/.tmp/launch_params_5h5jpy7u'].
[ERROR] [imu_republisher.py-15]: process has died [pid 170614, exit code 1, cmd '/home/molar1/bumperbot_ws/install/robot_lab_localization/lib/robot_lab_localization/imu_republisher.py --ros-args --params-file /workspace/molar/.tmp/launch_params_kdm8hk80'].
[INFO] [map_server-11]: process has finished cleanly [pid 170606]
