[INFO] [launch]: All log files can be found below /home/molar1/.ros/log/2026-09-28-10-26-39-539014-molar1-57718
[INFO] [launch]: Default logging verbosity is set to INFO
[robot_lab] algorithm localization=amcl -> global_localization stack
[robot_lab] algorithm state_estimation=ekf_localization_node -> local_localization stack
[robot_lab] algorithm sensor_fusion=wheel_imu_fusion -> node robot_lab_algorithms/wheel_imu_fusion
[INFO] [go2-stance-gait-controller-1]: process started with pid [57757]
[INFO] [robot_state_publisher-2]: process started with pid [57759]
[INFO] [mujoco_spawner-3]: process started with pid [57761]
[INFO] [joy_teleop-4]: process started with pid [57763]
[INFO] [joy_node-5]: process started with pid [57765]
[INFO] [twist_mux-6]: process started with pid [57767]
[INFO] [twist_marker-7]: process started with pid [57769]
[INFO] [joystick_relay.py-8]: process started with pid [57771]
[INFO] [twist_relay-9]: process started with pid [57773]
[INFO] [simulator_ready_gate-10]: process started with pid [57775]
[twist_mux-6] [INFO] [1790584000.480105062] [twist_mux]: Topic handler 'topics.joystick' subscribed to topic 'joy_vel': timeout = 0.500000s , priority = 99.
[twist_mux-6] [INFO] [1790584000.482242323] [twist_mux]: Topic handler 'topics.keyboard' subscribed to topic 'key_vel': timeout = 0.500000s , priority = 90.
[twist_mux-6] [INFO] [1790584000.482499241] [twist_mux]: Topic handler 'topics.navigation' subscribed to topic 'cmd_vel': timeout = 0.500000s , priority = 80.
[twist_mux-6] [INFO] [1790584000.482702178] [twist_mux]: Topic handler 'locks.safety_stop' subscribed to topic 'safety_stop': timeout = None , priority = 255.
[robot_state_publisher-2] [INFO] [1790584000.505338675] [robot_state_publisher]: got segment FL_calf
[robot_state_publisher-2] [INFO] [1790584000.505546891] [robot_state_publisher]: got segment FL_calf_rotor
[robot_state_publisher-2] [INFO] [1790584000.505572490] [robot_state_publisher]: got segment FL_foot
[robot_state_publisher-2] [INFO] [1790584000.505583082] [robot_state_publisher]: got segment FL_hip
[robot_state_publisher-2] [INFO] [1790584000.505591945] [robot_state_publisher]: got segment FL_hip_rotor
[robot_state_publisher-2] [INFO] [1790584000.505600265] [robot_state_publisher]: got segment FL_thigh
[robot_state_publisher-2] [INFO] [1790584000.505608009] [robot_state_publisher]: got segment FL_thigh_rotor
[robot_state_publisher-2] [INFO] [1790584000.505616168] [robot_state_publisher]: got segment FR_calf
[robot_state_publisher-2] [INFO] [1790584000.505623592] [robot_state_publisher]: got segment FR_calf_rotor
[robot_state_publisher-2] [INFO] [1790584000.505631016] [robot_state_publisher]: got segment FR_foot
[robot_state_publisher-2] [INFO] [1790584000.505638695] [robot_state_publisher]: got segment FR_hip
[robot_state_publisher-2] [INFO] [1790584000.505646631] [robot_state_publisher]: got segment FR_hip_rotor
[robot_state_publisher-2] [INFO] [1790584000.505656327] [robot_state_publisher]: got segment FR_thigh
[robot_state_publisher-2] [INFO] [1790584000.505664518] [robot_state_publisher]: got segment FR_thigh_rotor
[robot_state_publisher-2] [INFO] [1790584000.505671942] [robot_state_publisher]: got segment RL_calf
[robot_state_publisher-2] [INFO] [1790584000.505679558] [robot_state_publisher]: got segment RL_calf_rotor
[robot_state_publisher-2] [INFO] [1790584000.505686821] [robot_state_publisher]: got segment RL_foot
[robot_state_publisher-2] [INFO] [1790584000.505694053] [robot_state_publisher]: got segment RL_hip
[robot_state_publisher-2] [INFO] [1790584000.505701669] [robot_state_publisher]: got segment RL_hip_rotor
[robot_state_publisher-2] [INFO] [1790584000.505709189] [robot_state_publisher]: got segment RL_thigh
[robot_state_publisher-2] [INFO] [1790584000.505716612] [robot_state_publisher]: got segment RL_thigh_rotor
[robot_state_publisher-2] [INFO] [1790584000.505724004] [robot_state_publisher]: got segment RR_calf
[robot_state_publisher-2] [INFO] [1790584000.505731044] [robot_state_publisher]: got segment RR_calf_rotor
[robot_state_publisher-2] [INFO] [1790584000.505738659] [robot_state_publisher]: got segment RR_foot
[robot_state_publisher-2] [INFO] [1790584000.505746083] [robot_state_publisher]: got segment RR_hip
[robot_state_publisher-2] [INFO] [1790584000.505753379] [robot_state_publisher]: got segment RR_hip_rotor
[robot_state_publisher-2] [INFO] [1790584000.505760579] [robot_state_publisher]: got segment RR_thigh
[robot_state_publisher-2] [INFO] [1790584000.505767874] [robot_state_publisher]: got segment RR_thigh_rotor
[robot_state_publisher-2] [INFO] [1790584000.505775138] [robot_state_publisher]: got segment base
[robot_state_publisher-2] [INFO] [1790584000.505782274] [robot_state_publisher]: got segment front_camera
[robot_state_publisher-2] [INFO] [1790584000.505789473] [robot_state_publisher]: got segment imu_link
[robot_state_publisher-2] [INFO] [1790584000.505906397] [robot_state_publisher]: got segment trunk
[go2-stance-gait-controller-1] [0;93m2026-09-28 10:26:41.124819534 [W:onnxruntime:Default, device_discovery.cc:164 DiscoverDevicesForPlatform] GPU device discovery failed: device_discovery.cc:89 ReadFileContents Failed to open file: "/sys/class/drm/card1/device/vendor"[m
[go2-stance-gait-controller-1] [INFO] [1790584001.193818748] [go2_stance_gait_controller]: Go2 closed-loop stance: 12 effort joints at 250.0 Hz; controller ONNX velocity policy
[mujoco_spawner-3] [INFO] [1790584002.482842125] [mujoco_spawner]: MuJoCo: 18 collision proxy geom(s) moved to group 3 (viewer Rendering tab to show them).
[mujoco_spawner-3] [INFO] [1790584002.530103656] [mujoco_spawner]: MuJoCo URDF import OK (all meshes staged).
[mujoco_spawner-3] [WARN] [1790584002.541301591] [mujoco_spawner]: MuJoCo effort plant: no MJCF beside /home/molar1/bumperbot_ws/install/robot_lab_robots/share/robot_lab_robots/unitree/go2_description/xacro/go2_sim.xacro names every effort joint; keeping the URDF <dynamics> (damping=5.0 is a Gazebo stabiliser the robot does not have).
[mujoco_spawner-3] [INFO] [1790584002.595522788] [mujoco_spawner]: MuJoCo physics timestep: 0.0010 s
[mujoco_spawner-3] [INFO] [1790584002.597348445] [mujoco_spawner]: Robot has no 'oakd_rgb_camera_frame' link; no RGB-D camera is published.
[mujoco_spawner-3] [INFO] [1790584002.598135615] [mujoco_spawner]: Joints: ['FR_hip_joint', 'FR_thigh_joint', 'FR_calf_joint', 'FL_hip_joint', 'FL_thigh_joint', 'FL_calf_joint', 'RR_hip_joint', 'RR_thigh_joint', 'RR_calf_joint', 'RL_hip_joint', 'RL_thigh_joint', 'RL_calf_joint']   lw= rw=
[mujoco_spawner-3] [INFO] [1790584002.600229134] [mujoco_spawner]: MuJoCo effort joint armature: 0.0100 kg m^2
[mujoco_spawner-3] [INFO] [1790584002.601768914] [mujoco_spawner]: Joint effort input: /go2_group_effort_controller/commands (12 joints, URDF limits)
[mujoco_spawner-3] [INFO] [1790584002.603622155] [mujoco_spawner]: Spawn ground clearance: raised root by 0.2050 m
[mujoco_spawner-3] [INFO] [1790584002.604607173] [mujoco_spawner]: MuJoCo model loaded: 14 bodies, 13 joints
[mujoco_spawner-3] [INFO] [1790584002.605316105] [mujoco_spawner]: MuJoCo gui param=False (resolved=False), DISPLAY=:1 -> mode=DIRECT
[mujoco_spawner-3] [INFO] [1790584002.605979023] [mujoco_spawner]: MuJoCo running headless (gui=False, viewer=True).
[mujoco_spawner-3] [INFO] [1790584002.613229367] [mujoco_spawner]: MuJoCo spawner running.
[go2-stance-gait-controller-1] [INFO] [1790584002.615746069] [go2_stance_gait_controller]: Go2 recovery idle
[INFO] [simulator_ready_gate-10]: process has finished cleanly [pid 57775]
[INFO] [amcl-12]: process started with pid [58019]
[INFO] [map_server-11]: process started with pid [58016]
[INFO] [lifecycle_manager-13]: process started with pid [58022]
[INFO] [ekf_node-14]: process started with pid [58025]
[INFO] [imu_republisher.py-15]: process started with pid [58028]
[INFO] [wheel_imu_fusion-16]: process started with pid [58031]
[amcl-12] [0m[INFO] [1790584003.018903522] [amcl]: 
[amcl-12] 	amcl lifecycle node launched. 
[amcl-12] 	Waiting on external lifecycle transitions to activate
[amcl-12] 	See https://design.ros2.org/articles/node_lifecycle.html for more information.[0m
[amcl-12] [0m[INFO] [1790584003.026600729] [amcl]: Creating[0m
[map_server-11] [INFO] [1790584003.040978317] [map_server]: 
[map_server-11] 	map_server lifecycle node launched. 
[map_server-11] 	Waiting on external lifecycle transitions to activate
[map_server-11] 	See https://design.ros2.org/articles/node_lifecycle.html for more information.
[lifecycle_manager-13] [INFO] [1790584003.041913321] [lifecycle_manager_localization]: Creating
[map_server-11] [INFO] [1790584003.043916379] [map_server]: Creating
[lifecycle_manager-13] [INFO] [1790584003.057997467] [lifecycle_manager_localization]: [34m[1mCreating and initializing lifecycle service clients[0m[0m
[lifecycle_manager-13] [INFO] [1790584003.081961501] [lifecycle_manager_localization]: [34m[1mStarting managed nodes bringup...[0m[0m
[lifecycle_manager-13] [INFO] [1790584003.082154421] [lifecycle_manager_localization]: [34m[1mConfiguring map_server[0m[0m
[map_server-11] [INFO] [1790584003.102199695] [map_server]: Configuring
[map_server-11] [INFO] [1790584003.102331561] [map_io]: Loading yaml file: /home/molar1/bumperbot_ws/install/robot_lab_maps/share/robot_lab_maps/maps/nav_empty/maps/map.yaml
[map_server-11] [INFO] [1790584003.102740314] [map_io]: resolution: 0.05
[map_server-11] [INFO] [1790584003.102756057] [map_io]: origin[0]: -7
[map_server-11] [INFO] [1790584003.102761721] [map_io]: origin[1]: -7
[map_server-11] [INFO] [1790584003.102766105] [map_io]: origin[2]: 0
[map_server-11] [INFO] [1790584003.102770936] [map_io]: free_thresh: 0.196
[map_server-11] [INFO] [1790584003.102775768] [map_io]: occupied_thresh: 0.65
[map_server-11] [INFO] [1790584003.102781816] [map_io]: mode: trinary
[map_server-11] [INFO] [1790584003.102788472] [map_io]: negate: 0
[map_server-11] [INFO] [1790584003.103081516] [map_io]: Loading image_file: /home/molar1/bumperbot_ws/install/robot_lab_maps/share/robot_lab_maps/maps/nav_empty/maps/map.pgm
[map_server-11] [INFO] [1790584003.113993159] [map_io]: Read map /home/molar1/bumperbot_ws/install/robot_lab_maps/share/robot_lab_maps/maps/nav_empty/maps/map.pgm: 280 X 280 map @ 0.05 m/cell
[lifecycle_manager-13] [INFO] [1790584003.128379707] [lifecycle_manager_localization]: [34m[1mConfiguring amcl[0m[0m
[amcl-12] [0m[INFO] [1790584003.129551853] [amcl]: Configuring[0m
[amcl-12] [0m[INFO] [1790584003.129818755] [amcl]: initTransforms[0m
[amcl-12] [0m[INFO] [1790584003.141613115] [amcl]: initPubSub[0m
[amcl-12] [0m[INFO] [1790584003.154507657] [amcl]: Subscribed to map topic.[0m
[lifecycle_manager-13] [INFO] [1790584003.166673299] [lifecycle_manager_localization]: [34m[1mActivating map_server[0m[0m
[map_server-11] [INFO] [1790584003.166994438] [map_server]: Activating
[map_server-11] [INFO] [1790584003.167342617] [map_server]: Creating bond (map_server) to lifecycle manager.
[amcl-12] [0m[INFO] [1790584003.181685326] [amcl]: Received a 280 X 280 map @ 0.050 m/pix[0m
[lifecycle_manager-13] [INFO] [1790584003.271642329] [lifecycle_manager_localization]: Server map_server connected with bond.
[lifecycle_manager-13] [INFO] [1790584003.271728822] [lifecycle_manager_localization]: [34m[1mActivating amcl[0m[0m
[amcl-12] [0m[INFO] [1790584003.272066057] [amcl]: Activating[0m
[amcl-12] [0m[INFO] [1790584003.272161509] [amcl]: initialPoseReceived[0m
[amcl-12] [0m[INFO] [1790584003.272387101] [amcl]: Setting pose (0.552000): -0.500 -0.500 0.000[0m
[amcl-12] [0m[INFO] [1790584003.272959366] [amcl]: Creating bond (amcl) to lifecycle manager.[0m
[lifecycle_manager-13] [INFO] [1790584003.376262126] [lifecycle_manager_localization]: Server amcl connected with bond.
[lifecycle_manager-13] [INFO] [1790584003.376345866] [lifecycle_manager_localization]: [34m[1mManaged nodes are active[0m[0m
[lifecycle_manager-13] [INFO] [1790584003.376367466] [lifecycle_manager_localization]: [34m[1mCreating bond timer...[0m[0m
[amcl-12] [0m[INFO] [1790584003.394782050] [amcl]: createLaserObject[0m
[wheel_imu_fusion-16] [INFO] [1790584003.737175088] [sensor_fusion_wheel_imu_fusion]: wheel_imu_fusion ready
[amcl-12] [0m[INFO] [1790584016.598947392] [rclcpp]: signal_handler(SIGINT/SIGTERM)[0m
[amcl-12] [0m[INFO] [1790584016.599107802] [amcl]: Running Nav2 LifecycleNode rcl preshutdown (amcl)[0m
[amcl-12] [0m[INFO] [1790584016.599524874] [amcl]: Deactivating[0m
[amcl-12] [0m[INFO] [1790584016.599582632] [amcl]: Destroying bond (amcl) to lifecycle manager.[0m
[ekf_node-14] [INFO] [1790584016.598918273] [rclcpp]: signal_handler(SIGINT/SIGTERM)
[twist_relay-9] [INFO] [1790584016.598947392] [rclcpp]: signal_handler(SIGINT/SIGTERM)
[twist_marker-7] [INFO] [1790584016.598962879] [rclcpp]: signal_handler(SIGINT/SIGTERM)
[joy_node-5] [INFO] [1790584016.598963263] [rclcpp]: signal_handler(SIGINT/SIGTERM)
[map_server-11] [INFO] [1790584016.599065564] [rclcpp]: signal_handler(SIGINT/SIGTERM)
[map_server-11] [INFO] [1790584016.599246421] [map_server]: Running Nav2 LifecycleNode rcl preshutdown (map_server)
[map_server-11] [INFO] [1790584016.599376080] [map_server]: Deactivating
[map_server-11] [INFO] [1790584016.599412558] [map_server]: Destroying bond (map_server) to lifecycle manager.
[lifecycle_manager-13] [INFO] [1790584016.599240021] [rclcpp]: signal_handler(SIGINT/SIGTERM)
[lifecycle_manager-13] [INFO] [1790584016.599329585] [lifecycle_manager_localization]: Running Nav2 LifecycleManager rcl preshutdown (lifecycle_manager_localization)
[lifecycle_manager-13] [INFO] [1790584016.599385615] [lifecycle_manager_localization]: [34m[1mTerminating bond timer...[0m[0m
[robot_state_publisher-2] [INFO] [1790584016.599258324] [rclcpp]: signal_handler(SIGINT/SIGTERM)
[twist_mux-6] [INFO] [1790584016.599448621] [rclcpp]: signal_handler(SIGINT/SIGTERM)
[amcl-12] [0m[INFO] [1790584016.610074938] [amcl]: Cleaning up[0m
[map_server-11] [INFO] [1790584016.609914624] [map_server]: Cleaning up
[map_server-11] [INFO] [1790584016.610063578] [map_server]: Destroying bond (map_server) to lifecycle manager.
[amcl-12] [0m[INFO] [1790584016.621788413] [amcl]: Destroying bond (amcl) to lifecycle manager.[0m
[joy_teleop-4] Traceback (most recent call last):
[joy_teleop-4]   File "/opt/ros/humble/lib/joy_teleop/joy_teleop", line 33, in <module>
[joy_teleop-4]     sys.exit(load_entry_point('joy-teleop==1.6.0', 'console_scripts', 'joy_teleop')())
[joy_teleop-4]   File "/opt/ros/humble/lib/python3.10/site-packages/joy_teleop/joy_teleop.py", line 435, in main
[joy_teleop-4]     rclpy.spin(node)
[joy_teleop-4]   File "/opt/ros/humble/local/lib/python3.10/dist-packages/rclpy/__init__.py", line 229, in spin
[joy_teleop-4]     executor.spin_once()
[joy_teleop-4]   File "/opt/ros/humble/local/lib/python3.10/dist-packages/rclpy/executors.py", line 812, in spin_once
[joy_teleop-4]     self._spin_once_impl(timeout_sec)
[joy_teleop-4]   File "/opt/ros/humble/local/lib/python3.10/dist-packages/rclpy/executors.py", line 801, in _spin_once_impl
[joy_teleop-4]     handler, entity, node = self.wait_for_ready_callbacks(timeout_sec=timeout_sec)
[joy_teleop-4]   File "/opt/ros/humble/local/lib/python3.10/dist-packages/rclpy/executors.py", line 784, in wait_for_ready_callbacks
[joy_teleop-4]     return next(self._cb_iter)
[joy_teleop-4]   File "/opt/ros/humble/local/lib/python3.10/dist-packages/rclpy/executors.py", line 685, in _wait_for_ready_callbacks
[joy_teleop-4]     raise ExternalShutdownException()
[joy_teleop-4] rclpy.executors.ExternalShutdownException
[amcl-12] [0m[INFO] [1790584016.701428717] [amcl]: Destroying[0m
[map_server-11] [INFO] [1790584016.770623082] [map_server]: Destroying
[lifecycle_manager-13] [INFO] [1790584016.775934560] [lifecycle_manager_localization]: Destroying lifecycle_manager_localization
[INFO] [twist_marker-7]: process has finished cleanly [pid 57769]
[INFO] [ekf_node-14]: process has finished cleanly [pid 58025]
[INFO] [robot_state_publisher-2]: process has finished cleanly [pid 57759]
[INFO] [twist_relay-9]: process has finished cleanly [pid 57773]
[INFO] [twist_mux-6]: process has finished cleanly [pid 57767]
[INFO] [joy_node-5]: process has finished cleanly [pid 57765]
[go2-stance-gait-controller-1] Traceback (most recent call last):
[go2-stance-gait-controller-1]   File "/home/molar1/bumperbot_ws/install/robot_lab_adapter/lib/robot_lab_adapter/go2-stance-gait-controller", line 33, in <module>
[go2-stance-gait-controller-1]     sys.exit(load_entry_point('robot_lab_adapter==0.1.0', 'console_scripts', 'go2-stance-gait-controller')())
[go2-stance-gait-controller-1]   File "/home/molar1/bumperbot_ws/install/robot_lab_adapter/lib/python3.10/site-packages/robot_lab_adapter/go2_stance_gait_controller.py", line 296, in main
[go2-stance-gait-controller-1]     rclpy.spin(node)
[go2-stance-gait-controller-1]   File "/opt/ros/humble/local/lib/python3.10/dist-packages/rclpy/__init__.py", line 229, in spin
[go2-stance-gait-controller-1]     executor.spin_once()
[go2-stance-gait-controller-1]   File "/opt/ros/humble/local/lib/python3.10/dist-packages/rclpy/executors.py", line 812, in spin_once
[go2-stance-gait-controller-1]     self._spin_once_impl(timeout_sec)
[go2-stance-gait-controller-1]   File "/opt/ros/humble/local/lib/python3.10/dist-packages/rclpy/executors.py", line 801, in _spin_once_impl
[go2-stance-gait-controller-1]     handler, entity, node = self.wait_for_ready_callbacks(timeout_sec=timeout_sec)
[go2-stance-gait-controller-1]   File "/opt/ros/humble/local/lib/python3.10/dist-packages/rclpy/executors.py", line 784, in wait_for_ready_callbacks
[go2-stance-gait-controller-1]     return next(self._cb_iter)
[go2-stance-gait-controller-1]   File "/opt/ros/humble/local/lib/python3.10/dist-packages/rclpy/executors.py", line 657, in _wait_for_ready_callbacks
[go2-stance-gait-controller-1]     wait_set = _rclpy.WaitSet(
[go2-stance-gait-controller-1] rclpy._rclpy_pybind11.RCLError: failed to initialize wait set: the given context is not valid, either rcl_init() was not called or rcl_shutdown() was called., at ./src/rcl/wait.c:130
[imu_republisher.py-15] Traceback (most recent call last):
[imu_republisher.py-15]   File "/home/molar1/bumperbot_ws/install/robot_lab_localization/lib/robot_lab_localization/imu_republisher.py", line 54, in <module>
[imu_republisher.py-15]     main()
[imu_republisher.py-15]   File "/home/molar1/bumperbot_ws/install/robot_lab_localization/lib/robot_lab_localization/imu_republisher.py", line 45, in main
[imu_republisher.py-15]     rclpy.spin(node)
[imu_republisher.py-15]   File "/opt/ros/humble/local/lib/python3.10/dist-packages/rclpy/__init__.py", line 229, in spin
[imu_republisher.py-15]     executor.spin_once()
[imu_republisher.py-15]   File "/opt/ros/humble/local/lib/python3.10/dist-packages/rclpy/executors.py", line 812, in spin_once
[imu_republisher.py-15]     self._spin_once_impl(timeout_sec)
[imu_republisher.py-15]   File "/opt/ros/humble/local/lib/python3.10/dist-packages/rclpy/executors.py", line 801, in _spin_once_impl
[imu_republisher.py-15]     handler, entity, node = self.wait_for_ready_callbacks(timeout_sec=timeout_sec)
[imu_republisher.py-15]   File "/opt/ros/humble/local/lib/python3.10/dist-packages/rclpy/executors.py", line 784, in wait_for_ready_callbacks
[imu_republisher.py-15]     return next(self._cb_iter)
[imu_republisher.py-15]   File "/opt/ros/humble/local/lib/python3.10/dist-packages/rclpy/executors.py", line 685, in _wait_for_ready_callbacks
[imu_republisher.py-15]     raise ExternalShutdownException()
[imu_republisher.py-15] rclpy.executors.ExternalShutdownException
[INFO] [lifecycle_manager-13]: process has finished cleanly [pid 58022]
[INFO] [map_server-11]: process has finished cleanly [pid 58016]
[INFO] [amcl-12]: process has finished cleanly [pid 58019]
[INFO] [wheel_imu_fusion-16]: process has finished cleanly [pid 58031]
[INFO] [joystick_relay.py-8]: process has finished cleanly [pid 57771]
[ERROR] [joy_teleop-4]: process has died [pid 57763, exit code 1, cmd '/opt/ros/humble/lib/joy_teleop/joy_teleop --ros-args --params-file /home/molar1/bumperbot_ws/install/robot_lab_controller/share/robot_lab_controller/config/joy_teleop.yaml --params-file /workspace/molar/.tmp/launch_params_qwwtpc5n'].
[INFO] [mujoco_spawner-3]: process has finished cleanly [pid 57761]
[ERROR] [imu_republisher.py-15]: process has died [pid 58028, exit code 1, cmd '/home/molar1/bumperbot_ws/install/robot_lab_localization/lib/robot_lab_localization/imu_republisher.py --ros-args --params-file /workspace/molar/.tmp/launch_params_7jzsozgn'].
[ERROR] [go2-stance-gait-controller-1]: process has died [pid 57757, exit code 1, cmd '/home/molar1/bumperbot_ws/install/robot_lab_adapter/lib/robot_lab_adapter/go2-stance-gait-controller --ros-args --params-file /workspace/molar/.tmp/launch_params_zkcfr2a5'].
