[INFO] [launch]: All log files can be found below /home/molar1/.ros/log/2026-09-28-13-44-58-642735-molar1-217544
[INFO] [launch]: Default logging verbosity is set to INFO
[robot_lab] algorithm localization=amcl -> global_localization stack
[robot_lab] algorithm state_estimation=ekf_localization_node -> local_localization stack
[robot_lab] algorithm sensor_fusion=wheel_imu_fusion -> node robot_lab_algorithms/wheel_imu_fusion
[INFO] [go2-stance-gait-controller-1]: process started with pid [217591]
[INFO] [robot_state_publisher-2]: process started with pid [217593]
[INFO] [mujoco_spawner-3]: process started with pid [217595]
[INFO] [joy_teleop-4]: process started with pid [217597]
[INFO] [joy_node-5]: process started with pid [217599]
[INFO] [twist_mux-6]: process started with pid [217601]
[INFO] [twist_marker-7]: process started with pid [217603]
[INFO] [joystick_relay.py-8]: process started with pid [217605]
[INFO] [twist_relay-9]: process started with pid [217607]
[INFO] [simulator_ready_gate-10]: process started with pid [217609]
[twist_mux-6] [INFO] [1790595899.574680759] [twist_mux]: Topic handler 'topics.joystick' subscribed to topic 'joy_vel': timeout = 0.500000s , priority = 99.
[twist_mux-6] [INFO] [1790595899.575628643] [twist_mux]: Topic handler 'topics.keyboard' subscribed to topic 'key_vel': timeout = 0.500000s , priority = 90.
[twist_mux-6] [INFO] [1790595899.575971601] [twist_mux]: Topic handler 'topics.navigation' subscribed to topic 'cmd_vel': timeout = 0.500000s , priority = 80.
[twist_mux-6] [INFO] [1790595899.576299135] [twist_mux]: Topic handler 'locks.safety_stop' subscribed to topic 'safety_stop': timeout = None , priority = 255.
[robot_state_publisher-2] [INFO] [1790595899.594861996] [robot_state_publisher]: got segment FL_calf
[robot_state_publisher-2] [INFO] [1790595899.595165659] [robot_state_publisher]: got segment FL_calf_rotor
[robot_state_publisher-2] [INFO] [1790595899.595192250] [robot_state_publisher]: got segment FL_foot
[robot_state_publisher-2] [INFO] [1790595899.595202777] [robot_state_publisher]: got segment FL_hip
[robot_state_publisher-2] [INFO] [1790595899.595210649] [robot_state_publisher]: got segment FL_hip_rotor
[robot_state_publisher-2] [INFO] [1790595899.595218361] [robot_state_publisher]: got segment FL_thigh
[robot_state_publisher-2] [INFO] [1790595899.595225624] [robot_state_publisher]: got segment FL_thigh_rotor
[robot_state_publisher-2] [INFO] [1790595899.595233368] [robot_state_publisher]: got segment FR_calf
[robot_state_publisher-2] [INFO] [1790595899.595240663] [robot_state_publisher]: got segment FR_calf_rotor
[robot_state_publisher-2] [INFO] [1790595899.595248023] [robot_state_publisher]: got segment FR_foot
[robot_state_publisher-2] [INFO] [1790595899.595255446] [robot_state_publisher]: got segment FR_hip
[robot_state_publisher-2] [INFO] [1790595899.595262774] [robot_state_publisher]: got segment FR_hip_rotor
[robot_state_publisher-2] [INFO] [1790595899.595270006] [robot_state_publisher]: got segment FR_thigh
[robot_state_publisher-2] [INFO] [1790595899.595277045] [robot_state_publisher]: got segment FR_thigh_rotor
[robot_state_publisher-2] [INFO] [1790595899.595284181] [robot_state_publisher]: got segment RL_calf
[robot_state_publisher-2] [INFO] [1790595899.595291413] [robot_state_publisher]: got segment RL_calf_rotor
[robot_state_publisher-2] [INFO] [1790595899.595298676] [robot_state_publisher]: got segment RL_foot
[robot_state_publisher-2] [INFO] [1790595899.595305652] [robot_state_publisher]: got segment RL_hip
[robot_state_publisher-2] [INFO] [1790595899.595312691] [robot_state_publisher]: got segment RL_hip_rotor
[robot_state_publisher-2] [INFO] [1790595899.595319891] [robot_state_publisher]: got segment RL_thigh
[robot_state_publisher-2] [INFO] [1790595899.595326803] [robot_state_publisher]: got segment RL_thigh_rotor
[robot_state_publisher-2] [INFO] [1790595899.595334034] [robot_state_publisher]: got segment RR_calf
[robot_state_publisher-2] [INFO] [1790595899.595366960] [robot_state_publisher]: got segment RR_calf_rotor
[robot_state_publisher-2] [INFO] [1790595899.595376976] [robot_state_publisher]: got segment RR_foot
[robot_state_publisher-2] [INFO] [1790595899.595384175] [robot_state_publisher]: got segment RR_hip
[robot_state_publisher-2] [INFO] [1790595899.595391407] [robot_state_publisher]: got segment RR_hip_rotor
[robot_state_publisher-2] [INFO] [1790595899.595398799] [robot_state_publisher]: got segment RR_thigh
[robot_state_publisher-2] [INFO] [1790595899.595405902] [robot_state_publisher]: got segment RR_thigh_rotor
[robot_state_publisher-2] [INFO] [1790595899.595424173] [robot_state_publisher]: got segment base
[robot_state_publisher-2] [INFO] [1790595899.595434093] [robot_state_publisher]: got segment front_camera
[robot_state_publisher-2] [INFO] [1790595899.595441612] [robot_state_publisher]: got segment imu_link
[robot_state_publisher-2] [INFO] [1790595899.595449004] [robot_state_publisher]: got segment trunk
[go2-stance-gait-controller-1] [0;93m2026-09-28 13:45:00.249118893 [W:onnxruntime:Default, device_discovery.cc:164 DiscoverDevicesForPlatform] GPU device discovery failed: device_discovery.cc:89 ReadFileContents Failed to open file: "/sys/class/drm/card1/device/vendor"[m
[go2-stance-gait-controller-1] [INFO] [1790595900.315240928] [go2_stance_gait_controller]: Go2 closed-loop stance: 12 effort joints at 250.0 Hz; controller ONNX velocity policy
[mujoco_spawner-3] [INFO] [1790595901.585162348] [mujoco_spawner]: MuJoCo: 18 collision proxy geom(s) moved to group 3 (viewer Rendering tab to show them).
[mujoco_spawner-3] [INFO] [1790595901.633082433] [mujoco_spawner]: MuJoCo URDF import OK (all meshes staged).
[mujoco_spawner-3] [WARN] [1790595901.647344378] [mujoco_spawner]: MuJoCo effort plant: no MJCF beside /home/molar1/bumperbot_ws/install/robot_lab_robots/share/robot_lab_robots/unitree/go2_description/xacro/go2_sim.xacro names every effort joint; keeping the URDF <dynamics> (damping=5.0 is a Gazebo stabiliser the robot does not have).
[mujoco_spawner-3] [INFO] [1790595901.693805469] [mujoco_spawner]: MuJoCo physics timestep: 0.0010 s
[mujoco_spawner-3] [INFO] [1790595901.696425295] [mujoco_spawner]: Robot has no 'oakd_rgb_camera_frame' link; no RGB-D camera is published.
[mujoco_spawner-3] [INFO] [1790595901.697906878] [mujoco_spawner]: Joints: ['FR_hip_joint', 'FR_thigh_joint', 'FR_calf_joint', 'FL_hip_joint', 'FL_thigh_joint', 'FL_calf_joint', 'RR_hip_joint', 'RR_thigh_joint', 'RR_calf_joint', 'RL_hip_joint', 'RL_thigh_joint', 'RL_calf_joint']   lw= rw=
[mujoco_spawner-3] [INFO] [1790595901.701079954] [mujoco_spawner]: MuJoCo effort joint armature: 0.0100 kg m^2
[mujoco_spawner-3] [INFO] [1790595901.703210462] [mujoco_spawner]: Joint effort input: /go2_group_effort_controller/commands (12 joints, URDF limits)
[mujoco_spawner-3] [INFO] [1790595901.705723350] [mujoco_spawner]: Spawn ground clearance: raised root by 0.2174 m
[mujoco_spawner-3] [INFO] [1790595901.706933876] [mujoco_spawner]: MuJoCo model loaded: 14 bodies, 13 joints
[mujoco_spawner-3] [INFO] [1790595901.707765479] [mujoco_spawner]: MuJoCo gui param=False (resolved=False), DISPLAY=:1 -> mode=DIRECT
[mujoco_spawner-3] [INFO] [1790595901.708549596] [mujoco_spawner]: MuJoCo running headless (gui=False, viewer=True).
[mujoco_spawner-3] [INFO] [1790595901.712640094] [mujoco_spawner]: MuJoCo spawner running.
[go2-stance-gait-controller-1] [WARN] [1790595901.713932664] [go2_stance_gait_controller]: Go2 safety safe_stop: tilt 1.20 rad exceeds fall threshold
[go2-stance-gait-controller-1] [INFO] [1790595901.714881700] [go2_stance_gait_controller]: Go2 recovery idle
[go2-stance-gait-controller-1] [INFO] [1790595901.870262601] [go2_stance_gait_controller]: Go2 recovery attempting:tuck
[INFO] [simulator_ready_gate-10]: process has finished cleanly [pid 217609]
[INFO] [amcl-12]: process started with pid [217862]
[INFO] [map_server-11]: process started with pid [217859]
[INFO] [lifecycle_manager-13]: process started with pid [217865]
[INFO] [ekf_node-14]: process started with pid [217868]
[INFO] [imu_republisher.py-15]: process started with pid [217872]
[INFO] [wheel_imu_fusion-16]: process started with pid [217875]
[amcl-12] [0m[INFO] [1790595902.104733580] [amcl]: 
[amcl-12] 	amcl lifecycle node launched. 
[amcl-12] 	Waiting on external lifecycle transitions to activate
[amcl-12] 	See https://design.ros2.org/articles/node_lifecycle.html for more information.[0m
[amcl-12] [0m[INFO] [1790595902.106135488] [amcl]: Creating[0m
[lifecycle_manager-13] [INFO] [1790595902.121438241] [lifecycle_manager_localization]: Creating
[lifecycle_manager-13] [INFO] [1790595902.126180800] [lifecycle_manager_localization]: [34m[1mCreating and initializing lifecycle service clients[0m[0m
[map_server-11] [INFO] [1790595902.148908942] [map_server]: 
[map_server-11] 	map_server lifecycle node launched. 
[map_server-11] 	Waiting on external lifecycle transitions to activate
[map_server-11] 	See https://design.ros2.org/articles/node_lifecycle.html for more information.
[map_server-11] [INFO] [1790595902.150821959] [map_server]: Creating
[lifecycle_manager-13] [INFO] [1790595902.182762945] [lifecycle_manager_localization]: [34m[1mStarting managed nodes bringup...[0m[0m
[lifecycle_manager-13] [INFO] [1790595902.182861404] [lifecycle_manager_localization]: [34m[1mConfiguring map_server[0m[0m
[map_server-11] [INFO] [1790595902.183316483] [map_server]: Configuring
[map_server-11] [INFO] [1790595902.183729773] [map_io]: Loading yaml file: /home/molar1/bumperbot_ws/install/robot_lab_maps/share/robot_lab_maps/maps/nav_empty/maps/map.yaml
[map_server-11] [INFO] [1790595902.184179476] [map_io]: resolution: 0.05
[map_server-11] [INFO] [1790595902.184199539] [map_io]: origin[0]: -7
[map_server-11] [INFO] [1790595902.184205619] [map_io]: origin[1]: -7
[map_server-11] [INFO] [1790595902.184210386] [map_io]: origin[2]: 0
[map_server-11] [INFO] [1790595902.184215218] [map_io]: free_thresh: 0.196
[map_server-11] [INFO] [1790595902.184220050] [map_io]: occupied_thresh: 0.65
[map_server-11] [INFO] [1790595902.184225714] [map_io]: mode: trinary
[map_server-11] [INFO] [1790595902.184232529] [map_io]: negate: 0
[map_server-11] [INFO] [1790595902.184640987] [map_io]: Loading image_file: /home/molar1/bumperbot_ws/install/robot_lab_maps/share/robot_lab_maps/maps/nav_empty/maps/map.pgm
[map_server-11] [INFO] [1790595902.196526070] [map_io]: Read map /home/molar1/bumperbot_ws/install/robot_lab_maps/share/robot_lab_maps/maps/nav_empty/maps/map.pgm: 280 X 280 map @ 0.05 m/cell
[lifecycle_manager-13] [INFO] [1790595902.207479684] [lifecycle_manager_localization]: [34m[1mConfiguring amcl[0m[0m
[amcl-12] [0m[INFO] [1790595902.267624067] [amcl]: Configuring[0m
[amcl-12] [0m[INFO] [1790595902.267808537] [amcl]: initTransforms[0m
[amcl-12] [0m[INFO] [1790595902.276155252] [amcl]: initPubSub[0m
[amcl-12] [0m[INFO] [1790595902.281125319] [amcl]: Subscribed to map topic.[0m
[go2-stance-gait-controller-1] [INFO] [1790595902.286194708] [go2_stance_gait_controller]: Go2 recovery attempting:roll
[lifecycle_manager-13] [INFO] [1790595902.290849975] [lifecycle_manager_localization]: [34m[1mActivating map_server[0m[0m
[map_server-11] [INFO] [1790595902.291247073] [map_server]: Activating
[map_server-11] [INFO] [1790595902.291622445] [map_server]: Creating bond (map_server) to lifecycle manager.
[amcl-12] [0m[INFO] [1790595902.294102374] [amcl]: Received a 280 X 280 map @ 0.050 m/pix[0m
[lifecycle_manager-13] [INFO] [1790595902.398211092] [lifecycle_manager_localization]: Server map_server connected with bond.
[lifecycle_manager-13] [INFO] [1790595902.398296880] [lifecycle_manager_localization]: [34m[1mActivating amcl[0m[0m
[amcl-12] [0m[INFO] [1790595902.399700739] [amcl]: Activating[0m
[amcl-12] [0m[INFO] [1790595902.399805438] [amcl]: initialPoseReceived[0m
[amcl-12] [0m[INFO] [1790595902.400019250] [amcl]: Setting pose (0.504000): -0.500 -0.500 0.000[0m
[amcl-12] [0m[INFO] [1790595902.400597651] [amcl]: Creating bond (amcl) to lifecycle manager.[0m
[lifecycle_manager-13] [INFO] [1790595902.504372371] [lifecycle_manager_localization]: Server amcl connected with bond.
[lifecycle_manager-13] [INFO] [1790595902.504454414] [lifecycle_manager_localization]: [34m[1mManaged nodes are active[0m[0m
[lifecycle_manager-13] [INFO] [1790595902.504473965] [lifecycle_manager_localization]: [34m[1mCreating bond timer...[0m[0m
[amcl-12] [0m[INFO] [1790595902.606131584] [amcl]: createLaserObject[0m
[wheel_imu_fusion-16] [INFO] [1790595902.838611063] [sensor_fusion_wheel_imu_fusion]: wheel_imu_fusion ready
[go2-stance-gait-controller-1] [INFO] [1790595902.989523961] [go2_stance_gait_controller]: Go2 recovery attempting:tuck
[go2-stance-gait-controller-1] [INFO] [1790595903.390866363] [go2_stance_gait_controller]: Go2 recovery attempting:crouch
[go2-stance-gait-controller-1] [INFO] [1790595903.992554194] [go2_stance_gait_controller]: Go2 recovery attempting:stand
[go2-stance-gait-controller-1] [INFO] [1790595904.731524131] [go2_stance_gait_controller]: Go2 recovery succeeded:stand
[amcl-12] [0m[INFO] [1790595924.587252044] [rclcpp]: signal_handler(SIGINT/SIGTERM)[0m
[amcl-12] [0m[INFO] [1790595924.587404868] [amcl]: Running Nav2 LifecycleNode rcl preshutdown (amcl)[0m
[amcl-12] [0m[INFO] [1790595924.587517438] [amcl]: Deactivating[0m
[amcl-12] [0m[INFO] [1790595924.587554844] [amcl]: Destroying bond (amcl) to lifecycle manager.[0m
[ekf_node-14] [INFO] [1790595924.587240428] [rclcpp]: signal_handler(SIGINT/SIGTERM)
[map_server-11] [INFO] [1790595924.587295337] [rclcpp]: signal_handler(SIGINT/SIGTERM)
[map_server-11] [INFO] [1790595924.587437826] [map_server]: Running Nav2 LifecycleNode rcl preshutdown (map_server)
[map_server-11] [INFO] [1790595924.587529981] [map_server]: Deactivating
[map_server-11] [INFO] [1790595924.587563099] [map_server]: Destroying bond (map_server) to lifecycle manager.
[joy_node-5] [INFO] [1790595924.587272843] [rclcpp]: signal_handler(SIGINT/SIGTERM)
[twist_relay-9] [INFO] [1790595924.587581114] [rclcpp]: signal_handler(SIGINT/SIGTERM)
[lifecycle_manager-13] [INFO] [1790595924.587613849] [rclcpp]: signal_handler(SIGINT/SIGTERM)
[lifecycle_manager-13] [INFO] [1790595924.587727251] [lifecycle_manager_localization]: Running Nav2 LifecycleManager rcl preshutdown (lifecycle_manager_localization)
[lifecycle_manager-13] [INFO] [1790595924.587794799] [lifecycle_manager_localization]: [34m[1mTerminating bond timer...[0m[0m
[twist_marker-7] [INFO] [1790595924.587796911] [rclcpp]: signal_handler(SIGINT/SIGTERM)
[twist_mux-6] [INFO] [1790595924.587865899] [rclcpp]: signal_handler(SIGINT/SIGTERM)
[robot_state_publisher-2] [INFO] [1790595924.588226360] [rclcpp]: signal_handler(SIGINT/SIGTERM)
[amcl-12] [0m[INFO] [1790595924.597910136] [amcl]: Cleaning up[0m
[map_server-11] [INFO] [1790595924.597909112] [map_server]: Cleaning up
[map_server-11] [INFO] [1790595924.598006387] [map_server]: Destroying bond (map_server) to lifecycle manager.
[amcl-12] [0m[INFO] [1790595924.612682122] [amcl]: Destroying bond (amcl) to lifecycle manager.[0m
[amcl-12] [0m[INFO] [1790595924.614876246] [amcl]: Destroying[0m
[map_server-11] [INFO] [1790595924.610708338] [map_server]: Destroying
[lifecycle_manager-13] [INFO] [1790595924.633470493] [lifecycle_manager_localization]: Destroying lifecycle_manager_localization
[joy_teleop-4] Traceback (most recent call last):
[joy_teleop-4]   File "/opt/ros/humble/lib/joy_teleop/joy_teleop", line 33, in <module>
[joy_teleop-4]     sys.exit(load_entry_point('joy-teleop==1.6.0', 'console_scripts', 'joy_teleop')())
[joy_teleop-4]   File "/opt/ros/humble/lib/python3.10/site-packages/joy_teleop/joy_teleop.py", line 435, in main
[joy_teleop-4]     rclpy.spin(node)
[joy_teleop-4]   File "/opt/ros/humble/local/lib/python3.10/dist-packages/rclpy/__init__.py", line 229, in spin
[joy_teleop-4]     executor.spin_once()
[joy_teleop-4]   File "/opt/ros/humble/local/lib/python3.10/dist-packages/rclpy/executors.py", line 812, in spin_once
[joy_teleop-4]     self._spin_once_impl(timeout_sec)
[joy_teleop-4]   File "/opt/ros/humble/local/lib/python3.10/dist-packages/rclpy/executors.py", line 801, in _spin_once_impl
[joy_teleop-4]     handler, entity, node = self.wait_for_ready_callbacks(timeout_sec=timeout_sec)
[joy_teleop-4]   File "/opt/ros/humble/local/lib/python3.10/dist-packages/rclpy/executors.py", line 784, in wait_for_ready_callbacks
[joy_teleop-4]     return next(self._cb_iter)
[joy_teleop-4]   File "/opt/ros/humble/local/lib/python3.10/dist-packages/rclpy/executors.py", line 657, in _wait_for_ready_callbacks
[joy_teleop-4]     wait_set = _rclpy.WaitSet(
[joy_teleop-4] rclpy._rclpy_pybind11.RCLError: failed to initialize wait set: the given context is not valid, either rcl_init() was not called or rcl_shutdown() was called., at ./src/rcl/wait.c:130
[joystick_relay.py-8] Traceback (most recent call last):
[joystick_relay.py-8]   File "/opt/ros/humble/lib/twist_mux/joystick_relay.py", line 302, in <module>
[joystick_relay.py-8]     main()
[joystick_relay.py-8]   File "/opt/ros/humble/lib/twist_mux/joystick_relay.py", line 293, in main
[joystick_relay.py-8]     rclpy.spin(node)
[joystick_relay.py-8]   File "/opt/ros/humble/local/lib/python3.10/dist-packages/rclpy/__init__.py", line 229, in spin
[joystick_relay.py-8]     executor.spin_once()
[joystick_relay.py-8]   File "/opt/ros/humble/local/lib/python3.10/dist-packages/rclpy/executors.py", line 812, in spin_once
[joystick_relay.py-8]     self._spin_once_impl(timeout_sec)
[joystick_relay.py-8]   File "/opt/ros/humble/local/lib/python3.10/dist-packages/rclpy/executors.py", line 801, in _spin_once_impl
[joystick_relay.py-8]     handler, entity, node = self.wait_for_ready_callbacks(timeout_sec=timeout_sec)
[joystick_relay.py-8]   File "/opt/ros/humble/local/lib/python3.10/dist-packages/rclpy/executors.py", line 784, in wait_for_ready_callbacks
[joystick_relay.py-8]     return next(self._cb_iter)
[joystick_relay.py-8]   File "/opt/ros/humble/local/lib/python3.10/dist-packages/rclpy/executors.py", line 657, in _wait_for_ready_callbacks
[joystick_relay.py-8]     wait_set = _rclpy.WaitSet(
[joystick_relay.py-8] rclpy._rclpy_pybind11.RCLError: failed to initialize wait set: the given context is not valid, either rcl_init() was not called or rcl_shutdown() was called., at ./src/rcl/wait.c:130
[INFO] [twist_relay-9]: process has finished cleanly [pid 217607]
[INFO] [ekf_node-14]: process has finished cleanly [pid 217868]
[INFO] [twist_mux-6]: process has finished cleanly [pid 217601]
[INFO] [joy_node-5]: process has finished cleanly [pid 217599]
[INFO] [twist_marker-7]: process has finished cleanly [pid 217603]
[INFO] [robot_state_publisher-2]: process has finished cleanly [pid 217593]
[INFO] [amcl-12]: process has finished cleanly [pid 217862]
[INFO] [lifecycle_manager-13]: process has finished cleanly [pid 217865]
[INFO] [map_server-11]: process has finished cleanly [pid 217859]
[imu_republisher.py-15] Traceback (most recent call last):
[imu_republisher.py-15]   File "/home/molar1/bumperbot_ws/install/robot_lab_localization/lib/robot_lab_localization/imu_republisher.py", line 54, in <module>
[imu_republisher.py-15]     main()
[imu_republisher.py-15]   File "/home/molar1/bumperbot_ws/install/robot_lab_localization/lib/robot_lab_localization/imu_republisher.py", line 45, in main
[imu_republisher.py-15]     rclpy.spin(node)
[imu_republisher.py-15]   File "/opt/ros/humble/local/lib/python3.10/dist-packages/rclpy/__init__.py", line 229, in spin
[imu_republisher.py-15]     executor.spin_once()
[imu_republisher.py-15]   File "/opt/ros/humble/local/lib/python3.10/dist-packages/rclpy/executors.py", line 812, in spin_once
[imu_republisher.py-15]     self._spin_once_impl(timeout_sec)
[imu_republisher.py-15]   File "/opt/ros/humble/local/lib/python3.10/dist-packages/rclpy/executors.py", line 809, in _spin_once_impl
[imu_republisher.py-15]     raise handler.exception()
[imu_republisher.py-15]   File "/opt/ros/humble/local/lib/python3.10/dist-packages/rclpy/task.py", line 309, in _execute_coroutine_step
[imu_republisher.py-15]     result = coro.send(None)
[imu_republisher.py-15]   File "/opt/ros/humble/local/lib/python3.10/dist-packages/rclpy/executors.py", line 488, in handler
[imu_republisher.py-15]     await call_coroutine(entity, arg)
[imu_republisher.py-15]   File "/opt/ros/humble/local/lib/python3.10/dist-packages/rclpy/executors.py", line 407, in _execute_subscription
[imu_republisher.py-15]     await await_or_execute(sub.callback, msg)
[imu_republisher.py-15]   File "/opt/ros/humble/local/lib/python3.10/dist-packages/rclpy/executors.py", line 110, in await_or_execute
[imu_republisher.py-15]     return callback(*args)
[imu_republisher.py-15]   File "/home/molar1/bumperbot_ws/install/robot_lab_localization/lib/robot_lab_localization/imu_republisher.py", line 34, in imuCallback
[imu_republisher.py-15]     imu_pub.publish(imu)
[imu_republisher.py-15]   File "/opt/ros/humble/local/lib/python3.10/dist-packages/rclpy/publisher.py", line 70, in publish
[imu_republisher.py-15]     self.__publisher.publish(msg)
[imu_republisher.py-15] rclpy._rclpy_pybind11.RCLError: Failed to publish: publisher's context is invalid, at ./src/rcl/publisher.c:389
[INFO] [wheel_imu_fusion-16]: process has finished cleanly [pid 217875]
[INFO] [go2-stance-gait-controller-1]: process has finished cleanly [pid 217591]
[ERROR] [imu_republisher.py-15]: process has died [pid 217872, exit code 1, cmd '/home/molar1/bumperbot_ws/install/robot_lab_localization/lib/robot_lab_localization/imu_republisher.py --ros-args --params-file /workspace/molar/.tmp/launch_params_bheod0nv'].
[INFO] [mujoco_spawner-3]: process has finished cleanly [pid 217595]
[ERROR] [joy_teleop-4]: process has died [pid 217597, exit code 1, cmd '/opt/ros/humble/lib/joy_teleop/joy_teleop --ros-args --params-file /home/molar1/bumperbot_ws/install/robot_lab_controller/share/robot_lab_controller/config/joy_teleop.yaml --params-file /workspace/molar/.tmp/launch_params_hvopzmaa'].
[ERROR] [joystick_relay.py-8]: process has died [pid 217605, exit code 1, cmd '/opt/ros/humble/lib/twist_mux/joystick_relay.py --ros-args --params-file /workspace/molar/.tmp/launch_params_t_hlu3je --params-file /home/molar1/bumperbot_ws/install/robot_lab_controller/share/robot_lab_controller/config/twist_mux_joy.yaml -r joy_vel_in:=input_joy/cmd_vel -r joy_vel_out:=joy_vel'].
