[INFO] [launch]: All log files can be found below /home/molar1/.ros/log/2026-09-28-12-27-24-188249-molar1-157882
[INFO] [launch]: Default logging verbosity is set to INFO
[robot_lab] algorithm localization=amcl -> global_localization stack
[robot_lab] algorithm state_estimation=ekf_localization_node -> local_localization stack
[robot_lab] algorithm sensor_fusion=wheel_imu_fusion -> node robot_lab_algorithms/wheel_imu_fusion
[INFO] [go2-stance-gait-controller-1]: process started with pid [157916]
[INFO] [robot_state_publisher-2]: process started with pid [157918]
[INFO] [mujoco_spawner-3]: process started with pid [157920]
[INFO] [joy_teleop-4]: process started with pid [157922]
[INFO] [joy_node-5]: process started with pid [157924]
[INFO] [twist_mux-6]: process started with pid [157926]
[INFO] [twist_marker-7]: process started with pid [157928]
[INFO] [joystick_relay.py-8]: process started with pid [157930]
[INFO] [twist_relay-9]: process started with pid [157932]
[INFO] [simulator_ready_gate-10]: process started with pid [157934]
[twist_mux-6] [INFO] [1790591245.105770445] [twist_mux]: Topic handler 'topics.joystick' subscribed to topic 'joy_vel': timeout = 0.500000s , priority = 99.
[twist_mux-6] [INFO] [1790591245.106706185] [twist_mux]: Topic handler 'topics.keyboard' subscribed to topic 'key_vel': timeout = 0.500000s , priority = 90.
[twist_mux-6] [INFO] [1790591245.106890408] [twist_mux]: Topic handler 'topics.navigation' subscribed to topic 'cmd_vel': timeout = 0.500000s , priority = 80.
[twist_mux-6] [INFO] [1790591245.107039207] [twist_mux]: Topic handler 'locks.safety_stop' subscribed to topic 'safety_stop': timeout = None , priority = 255.
[robot_state_publisher-2] [INFO] [1790591245.118516247] [robot_state_publisher]: got segment FL_calf
[robot_state_publisher-2] [INFO] [1790591245.120247728] [robot_state_publisher]: got segment FL_calf_rotor
[robot_state_publisher-2] [INFO] [1790591245.120990349] [robot_state_publisher]: got segment FL_foot
[robot_state_publisher-2] [INFO] [1790591245.121539115] [robot_state_publisher]: got segment FL_hip
[robot_state_publisher-2] [INFO] [1790591245.122089353] [robot_state_publisher]: got segment FL_hip_rotor
[robot_state_publisher-2] [INFO] [1790591245.122574950] [robot_state_publisher]: got segment FL_thigh
[robot_state_publisher-2] [INFO] [1790591245.123028677] [robot_state_publisher]: got segment FL_thigh_rotor
[robot_state_publisher-2] [INFO] [1790591245.123507203] [robot_state_publisher]: got segment FR_calf
[robot_state_publisher-2] [INFO] [1790591245.123974529] [robot_state_publisher]: got segment FR_calf_rotor
[robot_state_publisher-2] [INFO] [1790591245.124436415] [robot_state_publisher]: got segment FR_foot
[robot_state_publisher-2] [INFO] [1790591245.124877725] [robot_state_publisher]: got segment FR_hip
[robot_state_publisher-2] [INFO] [1790591245.125474170] [robot_state_publisher]: got segment FR_hip_rotor
[robot_state_publisher-2] [INFO] [1790591245.126101528] [robot_state_publisher]: got segment FR_thigh
[robot_state_publisher-2] [INFO] [1790591245.126846293] [robot_state_publisher]: got segment FR_thigh_rotor
[robot_state_publisher-2] [INFO] [1790591245.127460146] [robot_state_publisher]: got segment RL_calf
[robot_state_publisher-2] [INFO] [1790591245.128141327] [robot_state_publisher]: got segment RL_calf_rotor
[robot_state_publisher-2] [INFO] [1790591245.128847500] [robot_state_publisher]: got segment RL_foot
[robot_state_publisher-2] [INFO] [1790591245.129625641] [robot_state_publisher]: got segment RL_hip
[robot_state_publisher-2] [INFO] [1790591245.130300774] [robot_state_publisher]: got segment RL_hip_rotor
[robot_state_publisher-2] [INFO] [1790591245.130326502] [robot_state_publisher]: got segment RL_thigh
[robot_state_publisher-2] [INFO] [1790591245.130338182] [robot_state_publisher]: got segment RL_thigh_rotor
[robot_state_publisher-2] [INFO] [1790591245.130347174] [robot_state_publisher]: got segment RR_calf
[robot_state_publisher-2] [INFO] [1790591245.130355686] [robot_state_publisher]: got segment RR_calf_rotor
[robot_state_publisher-2] [INFO] [1790591245.130366086] [robot_state_publisher]: got segment RR_foot
[robot_state_publisher-2] [INFO] [1790591245.130373766] [robot_state_publisher]: got segment RR_hip
[robot_state_publisher-2] [INFO] [1790591245.130381702] [robot_state_publisher]: got segment RR_hip_rotor
[robot_state_publisher-2] [INFO] [1790591245.130389062] [robot_state_publisher]: got segment RR_thigh
[robot_state_publisher-2] [INFO] [1790591245.130396454] [robot_state_publisher]: got segment RR_thigh_rotor
[robot_state_publisher-2] [INFO] [1790591245.130403558] [robot_state_publisher]: got segment base
[robot_state_publisher-2] [INFO] [1790591245.130410726] [robot_state_publisher]: got segment front_camera
[robot_state_publisher-2] [INFO] [1790591245.130417990] [robot_state_publisher]: got segment imu_link
[robot_state_publisher-2] [INFO] [1790591245.130427046] [robot_state_publisher]: got segment trunk
[go2-stance-gait-controller-1] [0;93m2026-09-28 12:27:25.830906301 [W:onnxruntime:Default, device_discovery.cc:164 DiscoverDevicesForPlatform] GPU device discovery failed: device_discovery.cc:89 ReadFileContents Failed to open file: "/sys/class/drm/card1/device/vendor"[m
[go2-stance-gait-controller-1] [INFO] [1790591245.904320971] [go2_stance_gait_controller]: Go2 closed-loop stance: 12 effort joints at 250.0 Hz; controller ONNX velocity policy
[mujoco_spawner-3] [INFO] [1790591247.095325259] [mujoco_spawner]: MuJoCo: 18 collision proxy geom(s) moved to group 3 (viewer Rendering tab to show them).
[mujoco_spawner-3] [INFO] [1790591247.154591541] [mujoco_spawner]: MuJoCo URDF import OK (all meshes staged).
[mujoco_spawner-3] [WARN] [1790591247.172271723] [mujoco_spawner]: MuJoCo effort plant: no MJCF beside /home/molar1/bumperbot_ws/install/robot_lab_robots/share/robot_lab_robots/unitree/go2_description/xacro/go2_sim.xacro names every effort joint; keeping the URDF <dynamics> (damping=5.0 is a Gazebo stabiliser the robot does not have).
[mujoco_spawner-3] [INFO] [1790591247.223476406] [mujoco_spawner]: MuJoCo physics timestep: 0.0010 s
[mujoco_spawner-3] [INFO] [1790591247.224902576] [mujoco_spawner]: Robot has no 'oakd_rgb_camera_frame' link; no RGB-D camera is published.
[mujoco_spawner-3] [INFO] [1790591247.225735725] [mujoco_spawner]: Joints: ['FR_hip_joint', 'FR_thigh_joint', 'FR_calf_joint', 'FL_hip_joint', 'FL_thigh_joint', 'FL_calf_joint', 'RR_hip_joint', 'RR_thigh_joint', 'RR_calf_joint', 'RL_hip_joint', 'RL_thigh_joint', 'RL_calf_joint']   lw= rw=
[mujoco_spawner-3] [INFO] [1790591247.227698628] [mujoco_spawner]: MuJoCo effort joint armature: 0.0100 kg m^2
[mujoco_spawner-3] [INFO] [1790591247.228915359] [mujoco_spawner]: Joint effort input: /go2_group_effort_controller/commands (12 joints, URDF limits)
[mujoco_spawner-3] [INFO] [1790591247.230557241] [mujoco_spawner]: Spawn ground clearance: raised root by 0.0838 m
[mujoco_spawner-3] [INFO] [1790591247.231361653] [mujoco_spawner]: MuJoCo model loaded: 14 bodies, 13 joints
[mujoco_spawner-3] [INFO] [1790591247.231884403] [mujoco_spawner]: MuJoCo gui param=False (resolved=False), DISPLAY=:1 -> mode=DIRECT
[mujoco_spawner-3] [INFO] [1790591247.232356753] [mujoco_spawner]: MuJoCo running headless (gui=False, viewer=True).
[mujoco_spawner-3] [INFO] [1790591247.236445344] [mujoco_spawner]: MuJoCo spawner running.
[go2-stance-gait-controller-1] [WARN] [1790591247.239795954] [go2_stance_gait_controller]: Go2 safety safe_stop: tilt 1.40 rad exceeds fall threshold
[go2-stance-gait-controller-1] [INFO] [1790591247.240666863] [go2_stance_gait_controller]: Go2 recovery idle
[go2-stance-gait-controller-1] [INFO] [1790591247.362937298] [go2_stance_gait_controller]: Go2 recovery attempting:tuck
[INFO] [simulator_ready_gate-10]: process has finished cleanly [pid 157934]
[INFO] [amcl-12]: process started with pid [158168]
[INFO] [map_server-11]: process started with pid [158166]
[INFO] [lifecycle_manager-13]: process started with pid [158170]
[INFO] [ekf_node-14]: process started with pid [158172]
[INFO] [imu_republisher.py-15]: process started with pid [158174]
[INFO] [wheel_imu_fusion-16]: process started with pid [158176]
[lifecycle_manager-13] [INFO] [1790591247.646555638] [lifecycle_manager_localization]: Creating
[map_server-11] [INFO] [1790591247.646828053] [map_server]: 
[map_server-11] 	map_server lifecycle node launched. 
[map_server-11] 	Waiting on external lifecycle transitions to activate
[map_server-11] 	See https://design.ros2.org/articles/node_lifecycle.html for more information.
[map_server-11] [INFO] [1790591247.646963988] [map_server]: Creating
[lifecycle_manager-13] [INFO] [1790591247.651069475] [lifecycle_manager_localization]: [34m[1mCreating and initializing lifecycle service clients[0m[0m
[amcl-12] [0m[INFO] [1790591247.668298876] [amcl]: 
[amcl-12] 	amcl lifecycle node launched. 
[amcl-12] 	Waiting on external lifecycle transitions to activate
[amcl-12] 	See https://design.ros2.org/articles/node_lifecycle.html for more information.[0m
[amcl-12] [0m[INFO] [1790591247.669673078] [amcl]: Creating[0m
[go2-stance-gait-controller-1] [INFO] [1790591247.766753218] [go2_stance_gait_controller]: Go2 recovery attempting:roll
[lifecycle_manager-13] [INFO] [1790591247.786965102] [lifecycle_manager_localization]: [34m[1mStarting managed nodes bringup...[0m[0m
[lifecycle_manager-13] [INFO] [1790591247.787077837] [lifecycle_manager_localization]: [34m[1mConfiguring map_server[0m[0m
[map_server-11] [INFO] [1790591247.787572203] [map_server]: Configuring
[map_server-11] [INFO] [1790591247.787705515] [map_io]: Loading yaml file: /home/molar1/bumperbot_ws/install/robot_lab_maps/share/robot_lab_maps/maps/nav_empty/maps/map.yaml
[map_server-11] [INFO] [1790591247.788174569] [map_io]: resolution: 0.05
[map_server-11] [INFO] [1790591247.788194505] [map_io]: origin[0]: -7
[map_server-11] [INFO] [1790591247.788200361] [map_io]: origin[1]: -7
[map_server-11] [INFO] [1790591247.788204681] [map_io]: origin[2]: 0
[map_server-11] [INFO] [1790591247.788209737] [map_io]: free_thresh: 0.196
[map_server-11] [INFO] [1790591247.788214409] [map_io]: occupied_thresh: 0.65
[map_server-11] [INFO] [1790591247.788220073] [map_io]: mode: trinary
[map_server-11] [INFO] [1790591247.788226441] [map_io]: negate: 0
[map_server-11] [INFO] [1790591247.788538951] [map_io]: Loading image_file: /home/molar1/bumperbot_ws/install/robot_lab_maps/share/robot_lab_maps/maps/nav_empty/maps/map.pgm
[map_server-11] [INFO] [1790591247.801020723] [map_io]: Read map /home/molar1/bumperbot_ws/install/robot_lab_maps/share/robot_lab_maps/maps/nav_empty/maps/map.pgm: 280 X 280 map @ 0.05 m/cell
[lifecycle_manager-13] [INFO] [1790591247.812653603] [lifecycle_manager_localization]: [34m[1mConfiguring amcl[0m[0m
[amcl-12] [0m[INFO] [1790591247.813320928] [amcl]: Configuring[0m
[amcl-12] [0m[INFO] [1790591247.813493631] [amcl]: initTransforms[0m
[amcl-12] [0m[INFO] [1790591247.829498397] [amcl]: initPubSub[0m
[amcl-12] [0m[INFO] [1790591247.838877046] [amcl]: Subscribed to map topic.[0m
[lifecycle_manager-13] [INFO] [1790591247.848481774] [lifecycle_manager_localization]: [34m[1mActivating map_server[0m[0m
[map_server-11] [INFO] [1790591247.849998152] [map_server]: Activating
[map_server-11] [INFO] [1790591247.851672321] [map_server]: Creating bond (map_server) to lifecycle manager.
[amcl-12] [0m[INFO] [1790591247.852053151] [amcl]: Received a 280 X 280 map @ 0.050 m/pix[0m
[lifecycle_manager-13] [INFO] [1790591247.962112309] [lifecycle_manager_localization]: Server map_server connected with bond.
[lifecycle_manager-13] [INFO] [1790591247.962202453] [lifecycle_manager_localization]: [34m[1mActivating amcl[0m[0m
[amcl-12] [0m[INFO] [1790591247.962564947] [amcl]: Activating[0m
[amcl-12] [0m[INFO] [1790591247.962666227] [amcl]: initialPoseReceived[0m
[amcl-12] [0m[INFO] [1790591247.962900466] [amcl]: Setting pose (0.604000): -0.500 -0.500 0.000[0m
[amcl-12] [0m[INFO] [1790591247.963484879] [amcl]: Creating bond (amcl) to lifecycle manager.[0m
[amcl-12] [0m[INFO] [1790591248.031359061] [amcl]: createLaserObject[0m
[lifecycle_manager-13] [INFO] [1790591248.070356979] [lifecycle_manager_localization]: Server amcl connected with bond.
[lifecycle_manager-13] [INFO] [1790591248.070456339] [lifecycle_manager_localization]: [34m[1mManaged nodes are active[0m[0m
[lifecycle_manager-13] [INFO] [1790591248.070480371] [lifecycle_manager_localization]: [34m[1mCreating bond timer...[0m[0m
[wheel_imu_fusion-16] [INFO] [1790591248.330889752] [sensor_fusion_wheel_imu_fusion]: wheel_imu_fusion ready
[go2-stance-gait-controller-1] [INFO] [1790591248.467745088] [go2_stance_gait_controller]: Go2 recovery unrecoverable:roll
[ekf_node-14] [INFO] [1790591271.018873763] [rclcpp]: signal_handler(SIGINT/SIGTERM)
[robot_state_publisher-2] [INFO] [1790591271.018901859] [rclcpp]: signal_handler(SIGINT/SIGTERM)
[lifecycle_manager-13] [INFO] [1790591271.018900611] [rclcpp]: signal_handler(SIGINT/SIGTERM)
[lifecycle_manager-13] [INFO] [1790591271.019059491] [lifecycle_manager_localization]: Running Nav2 LifecycleManager rcl preshutdown (lifecycle_manager_localization)
[lifecycle_manager-13] [INFO] [1790591271.019154850] [lifecycle_manager_localization]: [34m[1mTerminating bond timer...[0m[0m
[map_server-11] [INFO] [1790591271.018926371] [rclcpp]: signal_handler(SIGINT/SIGTERM)
[map_server-11] [INFO] [1790591271.019152194] [map_server]: Running Nav2 LifecycleNode rcl preshutdown (map_server)
[map_server-11] [INFO] [1790591271.019315458] [map_server]: Deactivating
[map_server-11] [INFO] [1790591271.019371361] [map_server]: Destroying bond (map_server) to lifecycle manager.
[amcl-12] [0m[INFO] [1790591271.018941859] [rclcpp]: signal_handler(SIGINT/SIGTERM)[0m
[amcl-12] [0m[INFO] [1790591271.019081667] [amcl]: Running Nav2 LifecycleNode rcl preshutdown (amcl)[0m
[amcl-12] [0m[INFO] [1790591271.019211266] [amcl]: Deactivating[0m
[amcl-12] [0m[INFO] [1790591271.019252642] [amcl]: Destroying bond (amcl) to lifecycle manager.[0m
[twist_marker-7] [INFO] [1790591271.018973283] [rclcpp]: signal_handler(SIGINT/SIGTERM)
[twist_relay-9] [INFO] [1790591271.019099299] [rclcpp]: signal_handler(SIGINT/SIGTERM)
[twist_mux-6] [INFO] [1790591271.019501601] [rclcpp]: signal_handler(SIGINT/SIGTERM)
[joy_node-5] [INFO] [1790591271.019968831] [rclcpp]: signal_handler(SIGINT/SIGTERM)
[amcl-12] [0m[INFO] [1790591271.029664760] [amcl]: Cleaning up[0m
[map_server-11] [INFO] [1790591271.029878263] [map_server]: Cleaning up
[map_server-11] [INFO] [1790591271.030003606] [map_server]: Destroying bond (map_server) to lifecycle manager.
[amcl-12] [0m[INFO] [1790591271.041196489] [amcl]: Destroying bond (amcl) to lifecycle manager.[0m
[joy_teleop-4] Traceback (most recent call last):
[joy_teleop-4]   File "/opt/ros/humble/lib/joy_teleop/joy_teleop", line 33, in <module>
[joy_teleop-4]     sys.exit(load_entry_point('joy-teleop==1.6.0', 'console_scripts', 'joy_teleop')())
[joy_teleop-4]   File "/opt/ros/humble/lib/python3.10/site-packages/joy_teleop/joy_teleop.py", line 435, in main
[joy_teleop-4]     rclpy.spin(node)
[joy_teleop-4]   File "/opt/ros/humble/local/lib/python3.10/dist-packages/rclpy/__init__.py", line 229, in spin
[joy_teleop-4]     executor.spin_once()
[joy_teleop-4]   File "/opt/ros/humble/local/lib/python3.10/dist-packages/rclpy/executors.py", line 812, in spin_once
[joy_teleop-4]     self._spin_once_impl(timeout_sec)
[joy_teleop-4]   File "/opt/ros/humble/local/lib/python3.10/dist-packages/rclpy/executors.py", line 801, in _spin_once_impl
[joy_teleop-4]     handler, entity, node = self.wait_for_ready_callbacks(timeout_sec=timeout_sec)
[joy_teleop-4]   File "/opt/ros/humble/local/lib/python3.10/dist-packages/rclpy/executors.py", line 784, in wait_for_ready_callbacks
[joy_teleop-4]     return next(self._cb_iter)
[joy_teleop-4]   File "/opt/ros/humble/local/lib/python3.10/dist-packages/rclpy/executors.py", line 685, in _wait_for_ready_callbacks
[joy_teleop-4]     raise ExternalShutdownException()
[joy_teleop-4] rclpy.executors.ExternalShutdownException
[map_server-11] [INFO] [1790591271.159968807] [map_server]: Destroying
[amcl-12] [0m[INFO] [1790591271.167046443] [amcl]: Destroying[0m
[lifecycle_manager-13] [INFO] [1790591271.168107718] [lifecycle_manager_localization]: Destroying lifecycle_manager_localization
[INFO] [twist_relay-9]: process has finished cleanly [pid 157932]
[INFO] [robot_state_publisher-2]: process has finished cleanly [pid 157918]
[INFO] [twist_marker-7]: process has finished cleanly [pid 157928]
[INFO] [ekf_node-14]: process has finished cleanly [pid 158172]
[INFO] [joy_node-5]: process has finished cleanly [pid 157924]
[INFO] [twist_mux-6]: process has finished cleanly [pid 157926]
[imu_republisher.py-15] Traceback (most recent call last):
[imu_republisher.py-15]   File "/home/molar1/bumperbot_ws/install/robot_lab_localization/lib/robot_lab_localization/imu_republisher.py", line 54, in <module>
[imu_republisher.py-15]     main()
[imu_republisher.py-15]   File "/home/molar1/bumperbot_ws/install/robot_lab_localization/lib/robot_lab_localization/imu_republisher.py", line 45, in main
[imu_republisher.py-15]     rclpy.spin(node)
[imu_republisher.py-15]   File "/opt/ros/humble/local/lib/python3.10/dist-packages/rclpy/__init__.py", line 229, in spin
[imu_republisher.py-15]     executor.spin_once()
[imu_republisher.py-15]   File "/opt/ros/humble/local/lib/python3.10/dist-packages/rclpy/executors.py", line 812, in spin_once
[imu_republisher.py-15]     self._spin_once_impl(timeout_sec)
[imu_republisher.py-15]   File "/opt/ros/humble/local/lib/python3.10/dist-packages/rclpy/executors.py", line 801, in _spin_once_impl
[imu_republisher.py-15]     handler, entity, node = self.wait_for_ready_callbacks(timeout_sec=timeout_sec)
[imu_republisher.py-15]   File "/opt/ros/humble/local/lib/python3.10/dist-packages/rclpy/executors.py", line 784, in wait_for_ready_callbacks
[imu_republisher.py-15]     return next(self._cb_iter)
[imu_republisher.py-15]   File "/opt/ros/humble/local/lib/python3.10/dist-packages/rclpy/executors.py", line 685, in _wait_for_ready_callbacks
[imu_republisher.py-15]     raise ExternalShutdownException()
[imu_republisher.py-15] rclpy.executors.ExternalShutdownException
[mujoco_spawner-3] Traceback (most recent call last):
[mujoco_spawner-3]   File "/home/molar1/bumperbot_ws/install/robot_lab_mujoco/lib/robot_lab_mujoco/mujoco_spawner", line 33, in <module>
[mujoco_spawner-3]     sys.exit(load_entry_point('robot_lab_mujoco==0.1.0', 'console_scripts', 'mujoco_spawner')())
[mujoco_spawner-3]   File "/home/molar1/bumperbot_ws/install/robot_lab_mujoco/lib/python3.10/site-packages/robot_lab_mujoco/mujoco_spawner.py", line 2041, in main
[mujoco_spawner-3]     rclpy.spin(node)
[mujoco_spawner-3]   File "/opt/ros/humble/local/lib/python3.10/dist-packages/rclpy/__init__.py", line 229, in spin
[mujoco_spawner-3]     executor.spin_once()
[mujoco_spawner-3]   File "/opt/ros/humble/local/lib/python3.10/dist-packages/rclpy/executors.py", line 812, in spin_once
[mujoco_spawner-3]     self._spin_once_impl(timeout_sec)
[mujoco_spawner-3]   File "/opt/ros/humble/local/lib/python3.10/dist-packages/rclpy/executors.py", line 801, in _spin_once_impl
[mujoco_spawner-3]     handler, entity, node = self.wait_for_ready_callbacks(timeout_sec=timeout_sec)
[mujoco_spawner-3]   File "/opt/ros/humble/local/lib/python3.10/dist-packages/rclpy/executors.py", line 784, in wait_for_ready_callbacks
[mujoco_spawner-3]     return next(self._cb_iter)
[mujoco_spawner-3]   File "/opt/ros/humble/local/lib/python3.10/dist-packages/rclpy/executors.py", line 657, in _wait_for_ready_callbacks
[mujoco_spawner-3]     wait_set = _rclpy.WaitSet(
[mujoco_spawner-3] rclpy._rclpy_pybind11.RCLError: failed to initialize wait set: the given context is not valid, either rcl_init() was not called or rcl_shutdown() was called., at ./src/rcl/wait.c:130
[INFO] [lifecycle_manager-13]: process has finished cleanly [pid 158170]
[INFO] [amcl-12]: process has finished cleanly [pid 158168]
[INFO] [map_server-11]: process has finished cleanly [pid 158166]
[INFO] [wheel_imu_fusion-16]: process has finished cleanly [pid 158176]
[INFO] [go2-stance-gait-controller-1]: process has finished cleanly [pid 157916]
[INFO] [joystick_relay.py-8]: process has finished cleanly [pid 157930]
[ERROR] [imu_republisher.py-15]: process has died [pid 158174, exit code 1, cmd '/home/molar1/bumperbot_ws/install/robot_lab_localization/lib/robot_lab_localization/imu_republisher.py --ros-args --params-file /workspace/molar/.tmp/launch_params_e9c4namx'].
[ERROR] [joy_teleop-4]: process has died [pid 157922, exit code 1, cmd '/opt/ros/humble/lib/joy_teleop/joy_teleop --ros-args --params-file /home/molar1/bumperbot_ws/install/robot_lab_controller/share/robot_lab_controller/config/joy_teleop.yaml --params-file /workspace/molar/.tmp/launch_params_kqoijgr9'].
[ERROR] [mujoco_spawner-3]: process has died [pid 157920, exit code 1, cmd '/home/molar1/bumperbot_ws/install/robot_lab_mujoco/lib/robot_lab_mujoco/mujoco_spawner --ros-args -r __node:=mujoco_spawner --params-file /workspace/molar/.tmp/launch_params_g3cc5g8c'].
