[INFO] [launch]: All log files can be found below /home/molar1/.ros/log/2026-09-28-17-17-36-490810-molar1-343340
[INFO] [launch]: Default logging verbosity is set to INFO
[robot_lab] algorithm localization=amcl -> global_localization stack
[robot_lab] algorithm state_estimation=ekf_localization_node -> local_localization stack
[robot_lab] algorithm sensor_fusion=wheel_imu_fusion -> node robot_lab_algorithms/wheel_imu_fusion
[INFO] [go2-stance-gait-controller-1]: process started with pid [343385]
[INFO] [robot_state_publisher-2]: process started with pid [343387]
[INFO] [mujoco_spawner-3]: process started with pid [343389]
[INFO] [joy_teleop-4]: process started with pid [343391]
[INFO] [joy_node-5]: process started with pid [343393]
[INFO] [twist_mux-6]: process started with pid [343395]
[INFO] [twist_marker-7]: process started with pid [343397]
[INFO] [joystick_relay.py-8]: process started with pid [343399]
[INFO] [twist_relay-9]: process started with pid [343401]
[INFO] [simulator_ready_gate-10]: process started with pid [343409]
[twist_mux-6] [INFO] [1790608657.418942464] [twist_mux]: Topic handler 'topics.joystick' subscribed to topic 'joy_vel': timeout = 0.500000s , priority = 99.
[twist_mux-6] [INFO] [1790608657.419980340] [twist_mux]: Topic handler 'topics.keyboard' subscribed to topic 'key_vel': timeout = 0.500000s , priority = 90.
[twist_mux-6] [INFO] [1790608657.420278001] [twist_mux]: Topic handler 'topics.navigation' subscribed to topic 'cmd_vel': timeout = 0.500000s , priority = 80.
[twist_mux-6] [INFO] [1790608657.420810411] [twist_mux]: Topic handler 'locks.safety_stop' subscribed to topic 'safety_stop': timeout = None , priority = 255.
[robot_state_publisher-2] [INFO] [1790608657.429283855] [robot_state_publisher]: got segment FL_calf
[robot_state_publisher-2] [INFO] [1790608657.430876317] [robot_state_publisher]: got segment FL_calf_rotor
[robot_state_publisher-2] [INFO] [1790608657.432021169] [robot_state_publisher]: got segment FL_foot
[robot_state_publisher-2] [INFO] [1790608657.433022950] [robot_state_publisher]: got segment FL_hip
[robot_state_publisher-2] [INFO] [1790608657.433803645] [robot_state_publisher]: got segment FL_hip_rotor
[robot_state_publisher-2] [INFO] [1790608657.434550069] [robot_state_publisher]: got segment FL_thigh
[robot_state_publisher-2] [INFO] [1790608657.435214062] [robot_state_publisher]: got segment FL_thigh_rotor
[robot_state_publisher-2] [INFO] [1790608657.435876486] [robot_state_publisher]: got segment FR_calf
[robot_state_publisher-2] [INFO] [1790608657.436495776] [robot_state_publisher]: got segment FR_calf_rotor
[robot_state_publisher-2] [INFO] [1790608657.437126169] [robot_state_publisher]: got segment FR_foot
[robot_state_publisher-2] [INFO] [1790608657.437724082] [robot_state_publisher]: got segment FR_hip
[robot_state_publisher-2] [INFO] [1790608657.438345259] [robot_state_publisher]: got segment FR_hip_rotor
[robot_state_publisher-2] [INFO] [1790608657.438959269] [robot_state_publisher]: got segment FR_thigh
[robot_state_publisher-2] [INFO] [1790608657.439542846] [robot_state_publisher]: got segment FR_thigh_rotor
[robot_state_publisher-2] [INFO] [1790608657.440095608] [robot_state_publisher]: got segment RL_calf
[robot_state_publisher-2] [INFO] [1790608657.440659058] [robot_state_publisher]: got segment RL_calf_rotor
[robot_state_publisher-2] [INFO] [1790608657.441252107] [robot_state_publisher]: got segment RL_foot
[robot_state_publisher-2] [INFO] [1790608657.441851909] [robot_state_publisher]: got segment RL_hip
[robot_state_publisher-2] [INFO] [1790608657.442500350] [robot_state_publisher]: got segment RL_hip_rotor
[robot_state_publisher-2] [INFO] [1790608657.443094583] [robot_state_publisher]: got segment RL_thigh
[robot_state_publisher-2] [INFO] [1790608657.443119479] [robot_state_publisher]: got segment RL_thigh_rotor
[robot_state_publisher-2] [INFO] [1790608657.443131735] [robot_state_publisher]: got segment RR_calf
[robot_state_publisher-2] [INFO] [1790608657.443142135] [robot_state_publisher]: got segment RR_calf_rotor
[robot_state_publisher-2] [INFO] [1790608657.443152567] [robot_state_publisher]: got segment RR_foot
[robot_state_publisher-2] [INFO] [1790608657.443161175] [robot_state_publisher]: got segment RR_hip
[robot_state_publisher-2] [INFO] [1790608657.443169270] [robot_state_publisher]: got segment RR_hip_rotor
[robot_state_publisher-2] [INFO] [1790608657.443177110] [robot_state_publisher]: got segment RR_thigh
[robot_state_publisher-2] [INFO] [1790608657.443184982] [robot_state_publisher]: got segment RR_thigh_rotor
[robot_state_publisher-2] [INFO] [1790608657.443192854] [robot_state_publisher]: got segment base
[robot_state_publisher-2] [INFO] [1790608657.443201270] [robot_state_publisher]: got segment front_camera
[robot_state_publisher-2] [INFO] [1790608657.443208854] [robot_state_publisher]: got segment imu_link
[robot_state_publisher-2] [INFO] [1790608657.443218294] [robot_state_publisher]: got segment trunk
[go2-stance-gait-controller-1] [0;93m2026-09-28 17:17:38.143975034 [W:onnxruntime:Default, device_discovery.cc:164 DiscoverDevicesForPlatform] GPU device discovery failed: device_discovery.cc:89 ReadFileContents Failed to open file: "/sys/class/drm/card1/device/vendor"[m
[go2-stance-gait-controller-1] [INFO] [1790608658.220736689] [go2_stance_gait_controller]: Go2 closed-loop stance: 12 effort joints at 250.0 Hz; controller ONNX velocity policy
[mujoco_spawner-3] [INFO] [1790608659.403574509] [mujoco_spawner]: MuJoCo: 18 collision proxy geom(s) moved to group 3 (viewer Rendering tab to show them).
[mujoco_spawner-3] [INFO] [1790608659.449844081] [mujoco_spawner]: MuJoCo URDF import OK (all meshes staged).
[mujoco_spawner-3] [WARN] [1790608659.459111340] [mujoco_spawner]: MuJoCo effort plant: no MJCF beside /home/molar1/bumperbot_ws/install/robot_lab_robots/share/robot_lab_robots/unitree/go2_description/xacro/go2_sim.xacro names every effort joint; keeping the URDF <dynamics> (damping=5.0 is a Gazebo stabiliser the robot does not have).
[mujoco_spawner-3] [INFO] [1790608659.502683022] [mujoco_spawner]: MuJoCo physics timestep: 0.0010 s
[mujoco_spawner-3] [INFO] [1790608659.504082975] [mujoco_spawner]: Robot has no 'oakd_rgb_camera_frame' link; no RGB-D camera is published.
[mujoco_spawner-3] [INFO] [1790608659.504890390] [mujoco_spawner]: Joints: ['FR_hip_joint', 'FR_thigh_joint', 'FR_calf_joint', 'FL_hip_joint', 'FL_thigh_joint', 'FL_calf_joint', 'RR_hip_joint', 'RR_thigh_joint', 'RR_calf_joint', 'RL_hip_joint', 'RL_thigh_joint', 'RL_calf_joint']   lw= rw=
[mujoco_spawner-3] [INFO] [1790608659.507179549] [mujoco_spawner]: MuJoCo effort joint armature: 0.0100 kg m^2
[mujoco_spawner-3] [INFO] [1790608659.508836427] [mujoco_spawner]: Joint effort input: /go2_group_effort_controller/commands (12 joints, URDF limits)
[mujoco_spawner-3] [INFO] [1790608659.510313690] [mujoco_spawner]: Spawn ground clearance: raised root by 0.2050 m
[mujoco_spawner-3] [INFO] [1790608659.511066130] [mujoco_spawner]: MuJoCo model loaded: 14 bodies, 13 joints
[mujoco_spawner-3] [INFO] [1790608659.511589836] [mujoco_spawner]: MuJoCo gui param=False (resolved=False), DISPLAY=:1 -> mode=DIRECT
[mujoco_spawner-3] [INFO] [1790608659.512053543] [mujoco_spawner]: MuJoCo running headless (gui=False, viewer=True).
[mujoco_spawner-3] [INFO] [1790608659.519001403] [mujoco_spawner]: MuJoCo spawner running.
[go2-stance-gait-controller-1] [INFO] [1790608659.521090404] [go2_stance_gait_controller]: Go2 recovery idle
[INFO] [simulator_ready_gate-10]: process has finished cleanly [pid 343409]
[INFO] [amcl-12]: process started with pid [343646]
[INFO] [map_server-11]: process started with pid [343644]
[INFO] [lifecycle_manager-13]: process started with pid [343648]
[INFO] [ekf_node-14]: process started with pid [343650]
[INFO] [imu_republisher.py-15]: process started with pid [343654]
[INFO] [wheel_imu_fusion-16]: process started with pid [343656]
[amcl-12] [0m[INFO] [1790608659.924549149] [amcl]: 
[amcl-12] 	amcl lifecycle node launched. 
[amcl-12] 	Waiting on external lifecycle transitions to activate
[amcl-12] 	See https://design.ros2.org/articles/node_lifecycle.html for more information.[0m
[amcl-12] [0m[INFO] [1790608659.935065641] [amcl]: Creating[0m
[map_server-11] [INFO] [1790608659.949276238] [map_server]: 
[map_server-11] 	map_server lifecycle node launched. 
[map_server-11] 	Waiting on external lifecycle transitions to activate
[map_server-11] 	See https://design.ros2.org/articles/node_lifecycle.html for more information.
[map_server-11] [INFO] [1790608659.949466316] [map_server]: Creating
[lifecycle_manager-13] [INFO] [1790608659.954877136] [lifecycle_manager_localization]: Creating
[lifecycle_manager-13] [INFO] [1790608659.972640622] [lifecycle_manager_localization]: [34m[1mCreating and initializing lifecycle service clients[0m[0m
[lifecycle_manager-13] [INFO] [1790608659.992864656] [lifecycle_manager_localization]: [34m[1mStarting managed nodes bringup...[0m[0m
[lifecycle_manager-13] [INFO] [1790608659.992964047] [lifecycle_manager_localization]: [34m[1mConfiguring map_server[0m[0m
[map_server-11] [INFO] [1790608659.993371466] [map_server]: Configuring
[map_server-11] [INFO] [1790608659.993487721] [map_io]: Loading yaml file: /home/molar1/bumperbot_ws/install/robot_lab_maps/share/robot_lab_maps/maps/nav_empty/maps/map.yaml
[map_server-11] [INFO] [1790608659.993883237] [map_io]: resolution: 0.05
[map_server-11] [INFO] [1790608659.993901764] [map_io]: origin[0]: -7
[map_server-11] [INFO] [1790608659.993908484] [map_io]: origin[1]: -7
[map_server-11] [INFO] [1790608659.993913508] [map_io]: origin[2]: 0
[map_server-11] [INFO] [1790608659.993918788] [map_io]: free_thresh: 0.196
[map_server-11] [INFO] [1790608659.993924100] [map_io]: occupied_thresh: 0.65
[map_server-11] [INFO] [1790608659.993930596] [map_io]: mode: trinary
[map_server-11] [INFO] [1790608659.993937956] [map_io]: negate: 0
[map_server-11] [INFO] [1790608659.994272800] [map_io]: Loading image_file: /home/molar1/bumperbot_ws/install/robot_lab_maps/share/robot_lab_maps/maps/nav_empty/maps/map.pgm
[map_server-11] [INFO] [1790608660.004588399] [map_io]: Read map /home/molar1/bumperbot_ws/install/robot_lab_maps/share/robot_lab_maps/maps/nav_empty/maps/map.pgm: 280 X 280 map @ 0.05 m/cell
[lifecycle_manager-13] [INFO] [1790608660.029266017] [lifecycle_manager_localization]: [34m[1mConfiguring amcl[0m[0m
[amcl-12] [0m[INFO] [1790608660.029624125] [amcl]: Configuring[0m
[amcl-12] [0m[INFO] [1790608660.029791579] [amcl]: initTransforms[0m
[amcl-12] [0m[INFO] [1790608660.042768268] [amcl]: initPubSub[0m
[amcl-12] [0m[INFO] [1790608660.049174822] [amcl]: Subscribed to map topic.[0m
[lifecycle_manager-13] [INFO] [1790608660.055296259] [lifecycle_manager_localization]: [34m[1mActivating map_server[0m[0m
[map_server-11] [INFO] [1790608660.055628031] [map_server]: Activating
[map_server-11] [INFO] [1790608660.055968252] [map_server]: Creating bond (map_server) to lifecycle manager.
[amcl-12] [0m[INFO] [1790608660.064640156] [amcl]: Received a 280 X 280 map @ 0.050 m/pix[0m
[lifecycle_manager-13] [INFO] [1790608660.161585013] [lifecycle_manager_localization]: Server map_server connected with bond.
[lifecycle_manager-13] [INFO] [1790608660.161675508] [lifecycle_manager_localization]: [34m[1mActivating amcl[0m[0m
[amcl-12] [0m[INFO] [1790608660.162011728] [amcl]: Activating[0m
[amcl-12] [0m[INFO] [1790608660.162138639] [amcl]: initialPoseReceived[0m
[amcl-12] [0m[INFO] [1790608660.162378444] [amcl]: Setting pose (0.548000): -0.500 -0.500 0.000[0m
[amcl-12] [0m[INFO] [1790608660.162948902] [amcl]: Creating bond (amcl) to lifecycle manager.[0m
[lifecycle_manager-13] [INFO] [1790608660.265901789] [lifecycle_manager_localization]: Server amcl connected with bond.
[lifecycle_manager-13] [INFO] [1790608660.265992860] [lifecycle_manager_localization]: [34m[1mManaged nodes are active[0m[0m
[lifecycle_manager-13] [INFO] [1790608660.266012763] [lifecycle_manager_localization]: [34m[1mCreating bond timer...[0m[0m
[amcl-12] [0m[INFO] [1790608660.266819635] [amcl]: createLaserObject[0m
[wheel_imu_fusion-16] [INFO] [1790608660.675102388] [sensor_fusion_wheel_imu_fusion]: wheel_imu_fusion ready
[go2-stance-gait-controller-1] [WARN] [1790608663.660078606] [go2_stance_gait_controller]: Go2 safety warn: tilt 0.35 rad exceeds warn threshold
[go2-stance-gait-controller-1] [WARN] [1790608663.793324502] [go2_stance_gait_controller]: Go2 safety safe_stop: tilt 0.70 rad exceeds fall threshold
[go2-stance-gait-controller-1] [INFO] [1790608663.914877343] [go2_stance_gait_controller]: Go2 recovery waiting
[go2-stance-gait-controller-1] [INFO] [1790608664.918825027] [go2_stance_gait_controller]: Go2 recovery attempting:tuck
[go2-stance-gait-controller-1] [INFO] [1790608672.920123557] [go2_stance_gait_controller]: Go2 recovery unrecoverable:tuck
[amcl-12] [0m[INFO] [1790608682.796400163] [rclcpp]: signal_handler(SIGINT/SIGTERM)[0m
[amcl-12] [0m[INFO] [1790608682.796575233] [amcl]: Running Nav2 LifecycleNode rcl preshutdown (amcl)[0m
[amcl-12] [0m[INFO] [1790608682.796702783] [amcl]: Deactivating[0m
[amcl-12] [0m[INFO] [1790608682.796749087] [amcl]: Destroying bond (amcl) to lifecycle manager.[0m
[map_server-11] [INFO] [1790608682.796411875] [rclcpp]: signal_handler(SIGINT/SIGTERM)
[lifecycle_manager-13] [INFO] [1790608682.796426146] [rclcpp]: signal_handler(SIGINT/SIGTERM)
[lifecycle_manager-13] [INFO] [1790608682.796573697] [lifecycle_manager_localization]: Running Nav2 LifecycleManager rcl preshutdown (lifecycle_manager_localization)
[lifecycle_manager-13] [INFO] [1790608682.796654944] [lifecycle_manager_localization]: [34m[1mTerminating bond timer...[0m[0m
[twist_marker-7] [INFO] [1790608682.796406019] [rclcpp]: signal_handler(SIGINT/SIGTERM)
[joy_node-5] [INFO] [1790608682.796429730] [rclcpp]: signal_handler(SIGINT/SIGTERM)
[twist_mux-6] [INFO] [1790608682.796970396] [rclcpp]: signal_handler(SIGINT/SIGTERM)
[ekf_node-14] [INFO] [1790608682.797013276] [rclcpp]: signal_handler(SIGINT/SIGTERM)
[robot_state_publisher-2] [INFO] [1790608682.797471927] [rclcpp]: signal_handler(SIGINT/SIGTERM)
[twist_relay-9] [INFO] [1790608682.797884914] [rclcpp]: signal_handler(SIGINT/SIGTERM)
[map_server-11] [INFO] [1790608682.803045209] [map_server]: Running Nav2 LifecycleNode rcl preshutdown (map_server)
[map_server-11] [INFO] [1790608682.803214327] [map_server]: Deactivating
[map_server-11] [INFO] [1790608682.803241879] [map_server]: Destroying bond (map_server) to lifecycle manager.
[amcl-12] [0m[INFO] [1790608682.807172459] [amcl]: Cleaning up[0m
[map_server-11] [INFO] [1790608682.813608388] [map_server]: Cleaning up
[map_server-11] [INFO] [1790608682.813781186] [map_server]: Destroying bond (map_server) to lifecycle manager.
[amcl-12] [0m[INFO] [1790608682.817266363] [amcl]: Destroying bond (amcl) to lifecycle manager.[0m
[joy_teleop-4] Traceback (most recent call last):
[joy_teleop-4]   File "/opt/ros/humble/lib/joy_teleop/joy_teleop", line 33, in <module>
[joy_teleop-4]     sys.exit(load_entry_point('joy-teleop==1.6.0', 'console_scripts', 'joy_teleop')())
[joy_teleop-4]   File "/opt/ros/humble/lib/python3.10/site-packages/joy_teleop/joy_teleop.py", line 435, in main
[joy_teleop-4]     rclpy.spin(node)
[joy_teleop-4]   File "/opt/ros/humble/local/lib/python3.10/dist-packages/rclpy/__init__.py", line 229, in spin
[joy_teleop-4]     executor.spin_once()
[joy_teleop-4]   File "/opt/ros/humble/local/lib/python3.10/dist-packages/rclpy/executors.py", line 812, in spin_once
[joy_teleop-4]     self._spin_once_impl(timeout_sec)
[joy_teleop-4]   File "/opt/ros/humble/local/lib/python3.10/dist-packages/rclpy/executors.py", line 801, in _spin_once_impl
[joy_teleop-4]     handler, entity, node = self.wait_for_ready_callbacks(timeout_sec=timeout_sec)
[joy_teleop-4]   File "/opt/ros/humble/local/lib/python3.10/dist-packages/rclpy/executors.py", line 784, in wait_for_ready_callbacks
[joy_teleop-4]     return next(self._cb_iter)
[joy_teleop-4]   File "/opt/ros/humble/local/lib/python3.10/dist-packages/rclpy/executors.py", line 685, in _wait_for_ready_callbacks
[joy_teleop-4]     raise ExternalShutdownException()
[joy_teleop-4] rclpy.executors.ExternalShutdownException
[map_server-11] [INFO] [1790608682.960732356] [map_server]: Destroying
[amcl-12] [0m[INFO] [1790608682.966363685] [amcl]: Destroying[0m
[lifecycle_manager-13] [INFO] [1790608682.967934836] [lifecycle_manager_localization]: Destroying lifecycle_manager_localization
[INFO] [twist_marker-7]: process has finished cleanly [pid 343397]
[INFO] [twist_relay-9]: process has finished cleanly [pid 343401]
[INFO] [robot_state_publisher-2]: process has finished cleanly [pid 343387]
[INFO] [twist_mux-6]: process has finished cleanly [pid 343395]
[INFO] [joy_node-5]: process has finished cleanly [pid 343393]
[INFO] [ekf_node-14]: process has finished cleanly [pid 343650]
[go2-stance-gait-controller-1] Traceback (most recent call last):
[go2-stance-gait-controller-1]   File "/home/molar1/bumperbot_ws/install/robot_lab_adapter/lib/robot_lab_adapter/go2-stance-gait-controller", line 33, in <module>
[go2-stance-gait-controller-1]     sys.exit(load_entry_point('robot_lab_adapter==0.1.0', 'console_scripts', 'go2-stance-gait-controller')())
[go2-stance-gait-controller-1]   File "/home/molar1/bumperbot_ws/install/robot_lab_adapter/lib/python3.10/site-packages/robot_lab_adapter/go2_stance_gait_controller.py", line 306, in main
[go2-stance-gait-controller-1]     rclpy.spin(node)
[go2-stance-gait-controller-1]   File "/opt/ros/humble/local/lib/python3.10/dist-packages/rclpy/__init__.py", line 229, in spin
[go2-stance-gait-controller-1]     executor.spin_once()
[go2-stance-gait-controller-1]   File "/opt/ros/humble/local/lib/python3.10/dist-packages/rclpy/executors.py", line 812, in spin_once
[go2-stance-gait-controller-1]     self._spin_once_impl(timeout_sec)
[go2-stance-gait-controller-1]   File "/opt/ros/humble/local/lib/python3.10/dist-packages/rclpy/executors.py", line 801, in _spin_once_impl
[go2-stance-gait-controller-1]     handler, entity, node = self.wait_for_ready_callbacks(timeout_sec=timeout_sec)
[go2-stance-gait-controller-1]   File "/opt/ros/humble/local/lib/python3.10/dist-packages/rclpy/executors.py", line 784, in wait_for_ready_callbacks
[go2-stance-gait-controller-1]     return next(self._cb_iter)
[go2-stance-gait-controller-1]   File "/opt/ros/humble/local/lib/python3.10/dist-packages/rclpy/executors.py", line 657, in _wait_for_ready_callbacks
[go2-stance-gait-controller-1]     wait_set = _rclpy.WaitSet(
[go2-stance-gait-controller-1] rclpy._rclpy_pybind11.RCLError: failed to initialize wait set: the given context is not valid, either rcl_init() was not called or rcl_shutdown() was called., at ./src/rcl/wait.c:130
[INFO] [lifecycle_manager-13]: process has finished cleanly [pid 343648]
[imu_republisher.py-15] Traceback (most recent call last):
[imu_republisher.py-15]   File "/home/molar1/bumperbot_ws/install/robot_lab_localization/lib/robot_lab_localization/imu_republisher.py", line 54, in <module>
[imu_republisher.py-15]     main()
[imu_republisher.py-15]   File "/home/molar1/bumperbot_ws/install/robot_lab_localization/lib/robot_lab_localization/imu_republisher.py", line 45, in main
[imu_republisher.py-15]     rclpy.spin(node)
[imu_republisher.py-15]   File "/opt/ros/humble/local/lib/python3.10/dist-packages/rclpy/__init__.py", line 229, in spin
[imu_republisher.py-15]     executor.spin_once()
[imu_republisher.py-15]   File "/opt/ros/humble/local/lib/python3.10/dist-packages/rclpy/executors.py", line 812, in spin_once
[imu_republisher.py-15]     self._spin_once_impl(timeout_sec)
[imu_republisher.py-15]   File "/opt/ros/humble/local/lib/python3.10/dist-packages/rclpy/executors.py", line 801, in _spin_once_impl
[imu_republisher.py-15]     handler, entity, node = self.wait_for_ready_callbacks(timeout_sec=timeout_sec)
[imu_republisher.py-15]   File "/opt/ros/humble/local/lib/python3.10/dist-packages/rclpy/executors.py", line 784, in wait_for_ready_callbacks
[imu_republisher.py-15]     return next(self._cb_iter)
[imu_republisher.py-15]   File "/opt/ros/humble/local/lib/python3.10/dist-packages/rclpy/executors.py", line 685, in _wait_for_ready_callbacks
[imu_republisher.py-15]     raise ExternalShutdownException()
[imu_republisher.py-15] rclpy.executors.ExternalShutdownException
[INFO] [wheel_imu_fusion-16]: process has finished cleanly [pid 343656]
[INFO] [amcl-12]: process has finished cleanly [pid 343646]
[INFO] [map_server-11]: process has finished cleanly [pid 343644]
[INFO] [mujoco_spawner-3]: process has finished cleanly [pid 343389]
[INFO] [joystick_relay.py-8]: process has finished cleanly [pid 343399]
[ERROR] [joy_teleop-4]: process has died [pid 343391, exit code 1, cmd '/opt/ros/humble/lib/joy_teleop/joy_teleop --ros-args --params-file /home/molar1/bumperbot_ws/install/robot_lab_controller/share/robot_lab_controller/config/joy_teleop.yaml --params-file /workspace/molar/.tmp/launch_params_vj_a519w'].
[ERROR] [go2-stance-gait-controller-1]: process has died [pid 343385, exit code 1, cmd '/home/molar1/bumperbot_ws/install/robot_lab_adapter/lib/robot_lab_adapter/go2-stance-gait-controller --ros-args --params-file /workspace/molar/.tmp/launch_params_9mct1gh0'].
[ERROR] [imu_republisher.py-15]: process has died [pid 343654, exit code 1, cmd '/home/molar1/bumperbot_ws/install/robot_lab_localization/lib/robot_lab_localization/imu_republisher.py --ros-args --params-file /workspace/molar/.tmp/launch_params_i9n9k8oe'].
