[INFO] [launch]: All log files can be found below /home/molar1/.ros/log/2026-09-28-10-50-28-134223-molar1-79696
[INFO] [launch]: Default logging verbosity is set to INFO
[robot_lab] algorithm localization=amcl -> global_localization stack
[robot_lab] algorithm state_estimation=ekf_localization_node -> local_localization stack
[robot_lab] algorithm sensor_fusion=wheel_imu_fusion -> node robot_lab_algorithms/wheel_imu_fusion
[INFO] [go2-stance-gait-controller-1]: process started with pid [79747]
[INFO] [robot_state_publisher-2]: process started with pid [79749]
[INFO] [mujoco_spawner-3]: process started with pid [79751]
[INFO] [joy_teleop-4]: process started with pid [79753]
[INFO] [joy_node-5]: process started with pid [79755]
[INFO] [twist_mux-6]: process started with pid [79757]
[INFO] [twist_marker-7]: process started with pid [79759]
[INFO] [joystick_relay.py-8]: process started with pid [79761]
[INFO] [twist_relay-9]: process started with pid [79763]
[INFO] [simulator_ready_gate-10]: process started with pid [79765]
[twist_mux-6] [INFO] [1790585429.079530636] [twist_mux]: Topic handler 'topics.joystick' subscribed to topic 'joy_vel': timeout = 0.500000s , priority = 99.
[twist_mux-6] [INFO] [1790585429.080692669] [twist_mux]: Topic handler 'topics.keyboard' subscribed to topic 'key_vel': timeout = 0.500000s , priority = 90.
[twist_mux-6] [INFO] [1790585429.080933306] [twist_mux]: Topic handler 'topics.navigation' subscribed to topic 'cmd_vel': timeout = 0.500000s , priority = 80.
[twist_mux-6] [INFO] [1790585429.081098231] [twist_mux]: Topic handler 'locks.safety_stop' subscribed to topic 'safety_stop': timeout = None , priority = 255.
[robot_state_publisher-2] [INFO] [1790585429.088715188] [robot_state_publisher]: got segment FL_calf
[robot_state_publisher-2] [INFO] [1790585429.089088719] [robot_state_publisher]: got segment FL_calf_rotor
[robot_state_publisher-2] [INFO] [1790585429.089124335] [robot_state_publisher]: got segment FL_foot
[robot_state_publisher-2] [INFO] [1790585429.089135694] [robot_state_publisher]: got segment FL_hip
[robot_state_publisher-2] [INFO] [1790585429.089144270] [robot_state_publisher]: got segment FL_hip_rotor
[robot_state_publisher-2] [INFO] [1790585429.089152078] [robot_state_publisher]: got segment FL_thigh
[robot_state_publisher-2] [INFO] [1790585429.089159502] [robot_state_publisher]: got segment FL_thigh_rotor
[robot_state_publisher-2] [INFO] [1790585429.089167182] [robot_state_publisher]: got segment FR_calf
[robot_state_publisher-2] [INFO] [1790585429.089174382] [robot_state_publisher]: got segment FR_calf_rotor
[robot_state_publisher-2] [INFO] [1790585429.089181326] [robot_state_publisher]: got segment FR_foot
[robot_state_publisher-2] [INFO] [1790585429.089188398] [robot_state_publisher]: got segment FR_hip
[robot_state_publisher-2] [INFO] [1790585429.089195630] [robot_state_publisher]: got segment FR_hip_rotor
[robot_state_publisher-2] [INFO] [1790585429.089202734] [robot_state_publisher]: got segment FR_thigh
[robot_state_publisher-2] [INFO] [1790585429.089209869] [robot_state_publisher]: got segment FR_thigh_rotor
[robot_state_publisher-2] [INFO] [1790585429.089216685] [robot_state_publisher]: got segment RL_calf
[robot_state_publisher-2] [INFO] [1790585429.089223885] [robot_state_publisher]: got segment RL_calf_rotor
[robot_state_publisher-2] [INFO] [1790585429.089230765] [robot_state_publisher]: got segment RL_foot
[robot_state_publisher-2] [INFO] [1790585429.089237869] [robot_state_publisher]: got segment RL_hip
[robot_state_publisher-2] [INFO] [1790585429.089244845] [robot_state_publisher]: got segment RL_hip_rotor
[robot_state_publisher-2] [INFO] [1790585429.089251693] [robot_state_publisher]: got segment RL_thigh
[robot_state_publisher-2] [INFO] [1790585429.089258605] [robot_state_publisher]: got segment RL_thigh_rotor
[robot_state_publisher-2] [INFO] [1790585429.089265549] [robot_state_publisher]: got segment RR_calf
[robot_state_publisher-2] [INFO] [1790585429.089272557] [robot_state_publisher]: got segment RR_calf_rotor
[robot_state_publisher-2] [INFO] [1790585429.089279533] [robot_state_publisher]: got segment RR_foot
[robot_state_publisher-2] [INFO] [1790585429.089286316] [robot_state_publisher]: got segment RR_hip
[robot_state_publisher-2] [INFO] [1790585429.089293164] [robot_state_publisher]: got segment RR_hip_rotor
[robot_state_publisher-2] [INFO] [1790585429.089300172] [robot_state_publisher]: got segment RR_thigh
[robot_state_publisher-2] [INFO] [1790585429.089307116] [robot_state_publisher]: got segment RR_thigh_rotor
[robot_state_publisher-2] [INFO] [1790585429.089314060] [robot_state_publisher]: got segment base
[robot_state_publisher-2] [INFO] [1790585429.089321196] [robot_state_publisher]: got segment front_camera
[robot_state_publisher-2] [INFO] [1790585429.089328300] [robot_state_publisher]: got segment imu_link
[robot_state_publisher-2] [INFO] [1790585429.089335852] [robot_state_publisher]: got segment trunk
[go2-stance-gait-controller-1] [0;93m2026-09-28 10:50:29.749594720 [W:onnxruntime:Default, device_discovery.cc:164 DiscoverDevicesForPlatform] GPU device discovery failed: device_discovery.cc:89 ReadFileContents Failed to open file: "/sys/class/drm/card1/device/vendor"[m
[go2-stance-gait-controller-1] [INFO] [1790585429.827260618] [go2_stance_gait_controller]: Go2 closed-loop stance: 12 effort joints at 250.0 Hz; controller ONNX velocity policy
[mujoco_spawner-3] [INFO] [1790585431.021251658] [mujoco_spawner]: MuJoCo: 18 collision proxy geom(s) moved to group 3 (viewer Rendering tab to show them).
[mujoco_spawner-3] [INFO] [1790585431.076047679] [mujoco_spawner]: MuJoCo URDF import OK (all meshes staged).
[mujoco_spawner-3] [WARN] [1790585431.093599866] [mujoco_spawner]: MuJoCo effort plant: no MJCF beside /home/molar1/bumperbot_ws/install/robot_lab_robots/share/robot_lab_robots/unitree/go2_description/xacro/go2_sim.xacro names every effort joint; keeping the URDF <dynamics> (damping=5.0 is a Gazebo stabiliser the robot does not have).
[mujoco_spawner-3] [INFO] [1790585431.148365167] [mujoco_spawner]: MuJoCo physics timestep: 0.0010 s
[mujoco_spawner-3] [INFO] [1790585431.151907521] [mujoco_spawner]: Robot has no 'oakd_rgb_camera_frame' link; no RGB-D camera is published.
[mujoco_spawner-3] [INFO] [1790585431.153590059] [mujoco_spawner]: Joints: ['FR_hip_joint', 'FR_thigh_joint', 'FR_calf_joint', 'FL_hip_joint', 'FL_thigh_joint', 'FL_calf_joint', 'RR_hip_joint', 'RR_thigh_joint', 'RR_calf_joint', 'RL_hip_joint', 'RL_thigh_joint', 'RL_calf_joint']   lw= rw=
[mujoco_spawner-3] [INFO] [1790585431.156882944] [mujoco_spawner]: MuJoCo effort joint armature: 0.0100 kg m^2
[mujoco_spawner-3] [INFO] [1790585431.159122627] [mujoco_spawner]: Joint effort input: /go2_group_effort_controller/commands (12 joints, URDF limits)
[mujoco_spawner-3] [INFO] [1790585431.161734209] [mujoco_spawner]: Spawn ground clearance: raised root by 0.2050 m
[mujoco_spawner-3] [INFO] [1790585431.163235373] [mujoco_spawner]: MuJoCo model loaded: 14 bodies, 13 joints
[mujoco_spawner-3] [INFO] [1790585431.164202624] [mujoco_spawner]: MuJoCo gui param=False (resolved=False), DISPLAY=:1 -> mode=DIRECT
[mujoco_spawner-3] [INFO] [1790585431.165109620] [mujoco_spawner]: MuJoCo running headless (gui=False, viewer=True).
[go2-stance-gait-controller-1] [INFO] [1790585431.171884444] [go2_stance_gait_controller]: Go2 recovery idle
[mujoco_spawner-3] [INFO] [1790585431.172255479] [mujoco_spawner]: MuJoCo spawner running.
[INFO] [simulator_ready_gate-10]: process has finished cleanly [pid 79765]
[INFO] [amcl-12]: process started with pid [79993]
[INFO] [map_server-11]: process started with pid [79991]
[INFO] [lifecycle_manager-13]: process started with pid [79995]
[INFO] [ekf_node-14]: process started with pid [79997]
[INFO] [imu_republisher.py-15]: process started with pid [79999]
[INFO] [wheel_imu_fusion-16]: process started with pid [80001]
[map_server-11] [INFO] [1790585431.617064235] [map_server]: 
[map_server-11] 	map_server lifecycle node launched. 
[map_server-11] 	Waiting on external lifecycle transitions to activate
[map_server-11] 	See https://design.ros2.org/articles/node_lifecycle.html for more information.
[map_server-11] [INFO] [1790585431.617848289] [map_server]: Creating
[lifecycle_manager-13] [INFO] [1790585431.623905746] [lifecycle_manager_localization]: Creating
[lifecycle_manager-13] [INFO] [1790585431.637832860] [lifecycle_manager_localization]: [34m[1mCreating and initializing lifecycle service clients[0m[0m
[amcl-12] [0m[INFO] [1790585431.648289588] [amcl]: 
[amcl-12] 	amcl lifecycle node launched. 
[amcl-12] 	Waiting on external lifecycle transitions to activate
[amcl-12] 	See https://design.ros2.org/articles/node_lifecycle.html for more information.[0m
[amcl-12] [0m[INFO] [1790585431.650245978] [amcl]: Creating[0m
[lifecycle_manager-13] [INFO] [1790585431.654688704] [lifecycle_manager_localization]: [34m[1mStarting managed nodes bringup...[0m[0m
[lifecycle_manager-13] [INFO] [1790585431.654807839] [lifecycle_manager_localization]: [34m[1mConfiguring map_server[0m[0m
[map_server-11] [INFO] [1790585431.655167098] [map_server]: Configuring
[map_server-11] [INFO] [1790585431.655293336] [map_io]: Loading yaml file: /home/molar1/bumperbot_ws/install/robot_lab_maps/share/robot_lab_maps/maps/nav_empty/maps/map.yaml
[map_server-11] [INFO] [1790585431.655716915] [map_io]: resolution: 0.05
[map_server-11] [INFO] [1790585431.655735634] [map_io]: origin[0]: -7
[map_server-11] [INFO] [1790585431.655741522] [map_io]: origin[1]: -7
[map_server-11] [INFO] [1790585431.655745714] [map_io]: origin[2]: 0
[map_server-11] [INFO] [1790585431.655750418] [map_io]: free_thresh: 0.196
[map_server-11] [INFO] [1790585431.655755090] [map_io]: occupied_thresh: 0.65
[map_server-11] [INFO] [1790585431.655760882] [map_io]: mode: trinary
[map_server-11] [INFO] [1790585431.655767314] [map_io]: negate: 0
[map_server-11] [INFO] [1790585431.656068366] [map_io]: Loading image_file: /home/molar1/bumperbot_ws/install/robot_lab_maps/share/robot_lab_maps/maps/nav_empty/maps/map.pgm
[map_server-11] [INFO] [1790585431.668625322] [map_io]: Read map /home/molar1/bumperbot_ws/install/robot_lab_maps/share/robot_lab_maps/maps/nav_empty/maps/map.pgm: 280 X 280 map @ 0.05 m/cell
[lifecycle_manager-13] [INFO] [1790585431.683633734] [lifecycle_manager_localization]: [34m[1mConfiguring amcl[0m[0m
[amcl-12] [0m[INFO] [1790585431.684086273] [amcl]: Configuring[0m
[amcl-12] [0m[INFO] [1790585431.684264510] [amcl]: initTransforms[0m
[amcl-12] [0m[INFO] [1790585431.710911363] [amcl]: initPubSub[0m
[amcl-12] [0m[INFO] [1790585431.717487629] [amcl]: Subscribed to map topic.[0m
[lifecycle_manager-13] [INFO] [1790585431.725921247] [lifecycle_manager_localization]: [34m[1mActivating map_server[0m[0m
[map_server-11] [INFO] [1790585431.726269754] [map_server]: Activating
[map_server-11] [INFO] [1790585431.726589334] [map_server]: Creating bond (map_server) to lifecycle manager.
[amcl-12] [0m[INFO] [1790585431.726885362] [amcl]: Received a 280 X 280 map @ 0.050 m/pix[0m
[lifecycle_manager-13] [INFO] [1790585431.835806085] [lifecycle_manager_localization]: Server map_server connected with bond.
[lifecycle_manager-13] [INFO] [1790585431.835898308] [lifecycle_manager_localization]: [34m[1mActivating amcl[0m[0m
[amcl-12] [0m[INFO] [1790585431.836278719] [amcl]: Activating[0m
[amcl-12] [0m[INFO] [1790585431.836374045] [amcl]: initialPoseReceived[0m
[amcl-12] [0m[INFO] [1790585431.836595003] [amcl]: Setting pose (0.532000): -0.500 -0.500 0.000[0m
[amcl-12] [0m[INFO] [1790585431.837171475] [amcl]: Creating bond (amcl) to lifecycle manager.[0m
[amcl-12] [0m[INFO] [1790585431.928605610] [amcl]: createLaserObject[0m
[lifecycle_manager-13] [INFO] [1790585431.940615021] [lifecycle_manager_localization]: Server amcl connected with bond.
[lifecycle_manager-13] [INFO] [1790585431.940700300] [lifecycle_manager_localization]: [34m[1mManaged nodes are active[0m[0m
[lifecycle_manager-13] [INFO] [1790585431.940722988] [lifecycle_manager_localization]: [34m[1mCreating bond timer...[0m[0m
[wheel_imu_fusion-16] [INFO] [1790585432.347887308] [sensor_fusion_wheel_imu_fusion]: wheel_imu_fusion ready
[go2-stance-gait-controller-1] [WARN] [1790585435.103316109] [go2_stance_gait_controller]: Go2 safety warn: tilt 0.36 rad exceeds warn threshold
[go2-stance-gait-controller-1] [WARN] [1790585435.185050724] [go2_stance_gait_controller]: Go2 safety safe_stop: tilt 0.71 rad exceeds fall threshold
[go2-stance-gait-controller-1] [INFO] [1790585435.287302095] [go2_stance_gait_controller]: Go2 recovery attempting:tuck
[go2-stance-gait-controller-1] [INFO] [1790585443.289873106] [go2_stance_gait_controller]: Go2 recovery unrecoverable:tuck
[lifecycle_manager-13] [INFO] [1790585454.204698902] [rclcpp]: signal_handler(SIGINT/SIGTERM)
[lifecycle_manager-13] [INFO] [1790585454.204837237] [lifecycle_manager_localization]: Running Nav2 LifecycleManager rcl preshutdown (lifecycle_manager_localization)
[twist_marker-7] [INFO] [1790585454.204698070] [rclcpp]: signal_handler(SIGINT/SIGTERM)
[twist_mux-6] [INFO] [1790585454.204729430] [rclcpp]: signal_handler(SIGINT/SIGTERM)
[map_server-11] [INFO] [1790585454.204763926] [rclcpp]: signal_handler(SIGINT/SIGTERM)
[map_server-11] [INFO] [1790585454.204923475] [map_server]: Running Nav2 LifecycleNode rcl preshutdown (map_server)
[map_server-11] [INFO] [1790585454.205033138] [map_server]: Deactivating
[joy_node-5] [INFO] [1790585454.204754774] [rclcpp]: signal_handler(SIGINT/SIGTERM)
[amcl-12] [0m[INFO] [1790585454.204973075] [rclcpp]: signal_handler(SIGINT/SIGTERM)[0m
[amcl-12] [0m[INFO] [1790585454.205134641] [amcl]: Running Nav2 LifecycleNode rcl preshutdown (amcl)[0m
[amcl-12] [0m[INFO] [1790585454.205469356] [amcl]: Deactivating[0m
[lifecycle_manager-13] [INFO] [1790585454.204911220] [lifecycle_manager_localization]: [34m[1mTerminating bond timer...[0m[0m
[twist_relay-9] [INFO] [1790585454.204938451] [rclcpp]: signal_handler(SIGINT/SIGTERM)
[map_server-11] [INFO] [1790585454.205067890] [map_server]: Destroying bond (map_server) to lifecycle manager.
[amcl-12] [0m[INFO] [1790585454.206591966] [amcl]: Destroying bond (amcl) to lifecycle manager.[0m
[ekf_node-14] [INFO] [1790585454.209291515] [rclcpp]: signal_handler(SIGINT/SIGTERM)
[robot_state_publisher-2] [INFO] [1790585454.214831315] [rclcpp]: signal_handler(SIGINT/SIGTERM)
[map_server-11] [INFO] [1790585454.215442891] [map_server]: Cleaning up
[map_server-11] [INFO] [1790585454.215531914] [map_server]: Destroying bond (map_server) to lifecycle manager.
[amcl-12] [0m[INFO] [1790585454.217062198] [amcl]: Cleaning up[0m
[amcl-12] [0m[INFO] [1790585454.236007584] [amcl]: Destroying bond (amcl) to lifecycle manager.[0m
[joy_teleop-4] Traceback (most recent call last):
[joy_teleop-4]   File "/opt/ros/humble/lib/joy_teleop/joy_teleop", line 33, in <module>
[joy_teleop-4]     sys.exit(load_entry_point('joy-teleop==1.6.0', 'console_scripts', 'joy_teleop')())
[joy_teleop-4]   File "/opt/ros/humble/lib/python3.10/site-packages/joy_teleop/joy_teleop.py", line 435, in main
[joy_teleop-4]     rclpy.spin(node)
[joy_teleop-4]   File "/opt/ros/humble/local/lib/python3.10/dist-packages/rclpy/__init__.py", line 229, in spin
[joy_teleop-4]     executor.spin_once()
[joy_teleop-4]   File "/opt/ros/humble/local/lib/python3.10/dist-packages/rclpy/executors.py", line 812, in spin_once
[joy_teleop-4]     self._spin_once_impl(timeout_sec)
[joy_teleop-4]   File "/opt/ros/humble/local/lib/python3.10/dist-packages/rclpy/executors.py", line 801, in _spin_once_impl
[joy_teleop-4]     handler, entity, node = self.wait_for_ready_callbacks(timeout_sec=timeout_sec)
[joy_teleop-4]   File "/opt/ros/humble/local/lib/python3.10/dist-packages/rclpy/executors.py", line 784, in wait_for_ready_callbacks
[joy_teleop-4]     return next(self._cb_iter)
[joy_teleop-4]   File "/opt/ros/humble/local/lib/python3.10/dist-packages/rclpy/executors.py", line 685, in _wait_for_ready_callbacks
[joy_teleop-4]     raise ExternalShutdownException()
[joy_teleop-4] rclpy.executors.ExternalShutdownException
[map_server-11] [INFO] [1790585454.306913032] [map_server]: Destroying
[amcl-12] [0m[INFO] [1790585454.340408054] [amcl]: Destroying[0m
[lifecycle_manager-13] [INFO] [1790585454.341784676] [lifecycle_manager_localization]: Destroying lifecycle_manager_localization
[INFO] [joy_node-5]: process has finished cleanly [pid 79755]
[INFO] [twist_mux-6]: process has finished cleanly [pid 79757]
[INFO] [ekf_node-14]: process has finished cleanly [pid 79997]
[INFO] [twist_marker-7]: process has finished cleanly [pid 79759]
[INFO] [twist_relay-9]: process has finished cleanly [pid 79763]
[INFO] [robot_state_publisher-2]: process has finished cleanly [pid 79749]
[imu_republisher.py-15] Traceback (most recent call last):
[imu_republisher.py-15]   File "/home/molar1/bumperbot_ws/install/robot_lab_localization/lib/robot_lab_localization/imu_republisher.py", line 54, in <module>
[imu_republisher.py-15]     main()
[imu_republisher.py-15]   File "/home/molar1/bumperbot_ws/install/robot_lab_localization/lib/robot_lab_localization/imu_republisher.py", line 45, in main
[imu_republisher.py-15]     rclpy.spin(node)
[imu_republisher.py-15]   File "/opt/ros/humble/local/lib/python3.10/dist-packages/rclpy/__init__.py", line 229, in spin
[imu_republisher.py-15]     executor.spin_once()
[imu_republisher.py-15]   File "/opt/ros/humble/local/lib/python3.10/dist-packages/rclpy/executors.py", line 812, in spin_once
[imu_republisher.py-15]     self._spin_once_impl(timeout_sec)
[imu_republisher.py-15]   File "/opt/ros/humble/local/lib/python3.10/dist-packages/rclpy/executors.py", line 801, in _spin_once_impl
[imu_republisher.py-15]     handler, entity, node = self.wait_for_ready_callbacks(timeout_sec=timeout_sec)
[imu_republisher.py-15]   File "/opt/ros/humble/local/lib/python3.10/dist-packages/rclpy/executors.py", line 784, in wait_for_ready_callbacks
[imu_republisher.py-15]     return next(self._cb_iter)
[imu_republisher.py-15]   File "/opt/ros/humble/local/lib/python3.10/dist-packages/rclpy/executors.py", line 685, in _wait_for_ready_callbacks
[imu_republisher.py-15]     raise ExternalShutdownException()
[imu_republisher.py-15] rclpy.executors.ExternalShutdownException
[INFO] [lifecycle_manager-13]: process has finished cleanly [pid 79995]
[INFO] [wheel_imu_fusion-16]: process has finished cleanly [pid 80001]
[INFO] [map_server-11]: process has finished cleanly [pid 79991]
[INFO] [amcl-12]: process has finished cleanly [pid 79993]
[INFO] [go2-stance-gait-controller-1]: process has finished cleanly [pid 79747]
[INFO] [mujoco_spawner-3]: process has finished cleanly [pid 79751]
[ERROR] [imu_republisher.py-15]: process has died [pid 79999, exit code 1, cmd '/home/molar1/bumperbot_ws/install/robot_lab_localization/lib/robot_lab_localization/imu_republisher.py --ros-args --params-file /workspace/molar/.tmp/launch_params_w7c46rav'].
[ERROR] [joy_teleop-4]: process has died [pid 79753, exit code 1, cmd '/opt/ros/humble/lib/joy_teleop/joy_teleop --ros-args --params-file /home/molar1/bumperbot_ws/install/robot_lab_controller/share/robot_lab_controller/config/joy_teleop.yaml --params-file /workspace/molar/.tmp/launch_params_d_c24hcq'].
[INFO] [joystick_relay.py-8]: process has finished cleanly [pid 79761]
