[INFO] [launch]: All log files can be found below /home/molar1/.ros/log/2026-09-28-17-19-56-590956-molar1-345340
[INFO] [launch]: Default logging verbosity is set to INFO
[robot_lab] algorithm localization=amcl -> global_localization stack
[robot_lab] algorithm state_estimation=ekf_localization_node -> local_localization stack
[robot_lab] algorithm sensor_fusion=wheel_imu_fusion -> node robot_lab_algorithms/wheel_imu_fusion
[INFO] [go2-stance-gait-controller-1]: process started with pid [345376]
[INFO] [robot_state_publisher-2]: process started with pid [345378]
[INFO] [mujoco_spawner-3]: process started with pid [345380]
[INFO] [joy_teleop-4]: process started with pid [345382]
[INFO] [joy_node-5]: process started with pid [345384]
[INFO] [twist_mux-6]: process started with pid [345386]
[INFO] [twist_marker-7]: process started with pid [345395]
[INFO] [joystick_relay.py-8]: process started with pid [345397]
[INFO] [twist_relay-9]: process started with pid [345405]
[INFO] [simulator_ready_gate-10]: process started with pid [345409]
[twist_mux-6] [INFO] [1790608797.506185535] [twist_mux]: Topic handler 'topics.joystick' subscribed to topic 'joy_vel': timeout = 0.500000s , priority = 99.
[twist_mux-6] [INFO] [1790608797.508301702] [twist_mux]: Topic handler 'topics.keyboard' subscribed to topic 'key_vel': timeout = 0.500000s , priority = 90.
[twist_mux-6] [INFO] [1790608797.509523192] [twist_mux]: Topic handler 'topics.navigation' subscribed to topic 'cmd_vel': timeout = 0.500000s , priority = 80.
[twist_mux-6] [INFO] [1790608797.510924231] [twist_mux]: Topic handler 'locks.safety_stop' subscribed to topic 'safety_stop': timeout = None , priority = 255.
[robot_state_publisher-2] [INFO] [1790608797.514916569] [robot_state_publisher]: got segment FL_calf
[robot_state_publisher-2] [INFO] [1790608797.515152406] [robot_state_publisher]: got segment FL_calf_rotor
[robot_state_publisher-2] [INFO] [1790608797.515178614] [robot_state_publisher]: got segment FL_foot
[robot_state_publisher-2] [INFO] [1790608797.515188950] [robot_state_publisher]: got segment FL_hip
[robot_state_publisher-2] [INFO] [1790608797.515197014] [robot_state_publisher]: got segment FL_hip_rotor
[robot_state_publisher-2] [INFO] [1790608797.515204853] [robot_state_publisher]: got segment FL_thigh
[robot_state_publisher-2] [INFO] [1790608797.515212885] [robot_state_publisher]: got segment FL_thigh_rotor
[robot_state_publisher-2] [INFO] [1790608797.515220277] [robot_state_publisher]: got segment FR_calf
[robot_state_publisher-2] [INFO] [1790608797.515227605] [robot_state_publisher]: got segment FR_calf_rotor
[robot_state_publisher-2] [INFO] [1790608797.515234645] [robot_state_publisher]: got segment FR_foot
[robot_state_publisher-2] [INFO] [1790608797.515241781] [robot_state_publisher]: got segment FR_hip
[robot_state_publisher-2] [INFO] [1790608797.515249077] [robot_state_publisher]: got segment FR_hip_rotor
[robot_state_publisher-2] [INFO] [1790608797.515256181] [robot_state_publisher]: got segment FR_thigh
[robot_state_publisher-2] [INFO] [1790608797.515263221] [robot_state_publisher]: got segment FR_thigh_rotor
[robot_state_publisher-2] [INFO] [1790608797.515270453] [robot_state_publisher]: got segment RL_calf
[robot_state_publisher-2] [INFO] [1790608797.515277813] [robot_state_publisher]: got segment RL_calf_rotor
[robot_state_publisher-2] [INFO] [1790608797.515284725] [robot_state_publisher]: got segment RL_foot
[robot_state_publisher-2] [INFO] [1790608797.515291604] [robot_state_publisher]: got segment RL_hip
[robot_state_publisher-2] [INFO] [1790608797.515298612] [robot_state_publisher]: got segment RL_hip_rotor
[robot_state_publisher-2] [INFO] [1790608797.515305396] [robot_state_publisher]: got segment RL_thigh
[robot_state_publisher-2] [INFO] [1790608797.515312404] [robot_state_publisher]: got segment RL_thigh_rotor
[robot_state_publisher-2] [INFO] [1790608797.515319380] [robot_state_publisher]: got segment RR_calf
[robot_state_publisher-2] [INFO] [1790608797.515326132] [robot_state_publisher]: got segment RR_calf_rotor
[robot_state_publisher-2] [INFO] [1790608797.515333268] [robot_state_publisher]: got segment RR_foot
[robot_state_publisher-2] [INFO] [1790608797.515340276] [robot_state_publisher]: got segment RR_hip
[robot_state_publisher-2] [INFO] [1790608797.515347220] [robot_state_publisher]: got segment RR_hip_rotor
[robot_state_publisher-2] [INFO] [1790608797.515354164] [robot_state_publisher]: got segment RR_thigh
[robot_state_publisher-2] [INFO] [1790608797.515361012] [robot_state_publisher]: got segment RR_thigh_rotor
[robot_state_publisher-2] [INFO] [1790608797.515367860] [robot_state_publisher]: got segment base
[robot_state_publisher-2] [INFO] [1790608797.515374708] [robot_state_publisher]: got segment front_camera
[robot_state_publisher-2] [INFO] [1790608797.515381555] [robot_state_publisher]: got segment imu_link
[robot_state_publisher-2] [INFO] [1790608797.515388723] [robot_state_publisher]: got segment trunk
[go2-stance-gait-controller-1] [0;93m2026-09-28 17:19:58.214865588 [W:onnxruntime:Default, device_discovery.cc:164 DiscoverDevicesForPlatform] GPU device discovery failed: device_discovery.cc:89 ReadFileContents Failed to open file: "/sys/class/drm/card1/device/vendor"[m
[go2-stance-gait-controller-1] [INFO] [1790608798.293195266] [go2_stance_gait_controller]: Go2 closed-loop stance: 12 effort joints at 250.0 Hz; controller ONNX velocity policy
[mujoco_spawner-3] [INFO] [1790608799.399061433] [mujoco_spawner]: MuJoCo: 18 collision proxy geom(s) moved to group 3 (viewer Rendering tab to show them).
[mujoco_spawner-3] [INFO] [1790608799.444008652] [mujoco_spawner]: MuJoCo URDF import OK (all meshes staged).
[mujoco_spawner-3] [WARN] [1790608799.454369843] [mujoco_spawner]: MuJoCo effort plant: no MJCF beside /home/molar1/bumperbot_ws/install/robot_lab_robots/share/robot_lab_robots/unitree/go2_description/xacro/go2_sim.xacro names every effort joint; keeping the URDF <dynamics> (damping=5.0 is a Gazebo stabiliser the robot does not have).
[mujoco_spawner-3] [INFO] [1790608799.498315986] [mujoco_spawner]: MuJoCo physics timestep: 0.0010 s
[mujoco_spawner-3] [INFO] [1790608799.500231420] [mujoco_spawner]: Robot has no 'oakd_rgb_camera_frame' link; no RGB-D camera is published.
[mujoco_spawner-3] [INFO] [1790608799.501287791] [mujoco_spawner]: Joints: ['FR_hip_joint', 'FR_thigh_joint', 'FR_calf_joint', 'FL_hip_joint', 'FL_thigh_joint', 'FL_calf_joint', 'RR_hip_joint', 'RR_thigh_joint', 'RR_calf_joint', 'RL_hip_joint', 'RL_thigh_joint', 'RL_calf_joint']   lw= rw=
[mujoco_spawner-3] [INFO] [1790608799.503797298] [mujoco_spawner]: MuJoCo effort joint armature: 0.0100 kg m^2
[mujoco_spawner-3] [INFO] [1790608799.505414367] [mujoco_spawner]: Joint effort input: /go2_group_effort_controller/commands (12 joints, URDF limits)
[mujoco_spawner-3] [INFO] [1790608799.507238474] [mujoco_spawner]: Spawn ground clearance: raised root by 0.2050 m
[mujoco_spawner-3] [INFO] [1790608799.508174943] [mujoco_spawner]: MuJoCo model loaded: 14 bodies, 13 joints
[mujoco_spawner-3] [INFO] [1790608799.508821975] [mujoco_spawner]: MuJoCo gui param=False (resolved=False), DISPLAY=:1 -> mode=DIRECT
[mujoco_spawner-3] [INFO] [1790608799.509412528] [mujoco_spawner]: MuJoCo running headless (gui=False, viewer=True).
[mujoco_spawner-3] [INFO] [1790608799.514170777] [mujoco_spawner]: MuJoCo spawner running.
[go2-stance-gait-controller-1] [INFO] [1790608799.517122710] [go2_stance_gait_controller]: Go2 recovery disabled
[INFO] [simulator_ready_gate-10]: process has finished cleanly [pid 345409]
[INFO] [amcl-12]: process started with pid [345644]
[INFO] [map_server-11]: process started with pid [345642]
[INFO] [lifecycle_manager-13]: process started with pid [345646]
[INFO] [ekf_node-14]: process started with pid [345648]
[INFO] [imu_republisher.py-15]: process started with pid [345650]
[INFO] [wheel_imu_fusion-16]: process started with pid [345652]
[map_server-11] [INFO] [1790608799.965986271] [map_server]: 
[map_server-11] 	map_server lifecycle node launched. 
[map_server-11] 	Waiting on external lifecycle transitions to activate
[map_server-11] 	See https://design.ros2.org/articles/node_lifecycle.html for more information.
[map_server-11] [INFO] [1790608799.966247452] [map_server]: Creating
[amcl-12] [0m[INFO] [1790608799.983089111] [amcl]: 
[amcl-12] 	amcl lifecycle node launched. 
[amcl-12] 	Waiting on external lifecycle transitions to activate
[amcl-12] 	See https://design.ros2.org/articles/node_lifecycle.html for more information.[0m
[amcl-12] [0m[INFO] [1790608799.987229287] [amcl]: Creating[0m
[lifecycle_manager-13] [INFO] [1790608799.993175618] [lifecycle_manager_localization]: Creating
[lifecycle_manager-13] [INFO] [1790608799.995676740] [lifecycle_manager_localization]: [34m[1mCreating and initializing lifecycle service clients[0m[0m
[lifecycle_manager-13] [INFO] [1790608800.041175121] [lifecycle_manager_localization]: [34m[1mStarting managed nodes bringup...[0m[0m
[lifecycle_manager-13] [INFO] [1790608800.041294000] [lifecycle_manager_localization]: [34m[1mConfiguring map_server[0m[0m
[map_server-11] [INFO] [1790608800.141572701] [map_server]: Configuring
[map_server-11] [INFO] [1790608800.141717051] [map_io]: Loading yaml file: /home/molar1/bumperbot_ws/install/robot_lab_maps/share/robot_lab_maps/maps/nav_empty/maps/map.yaml
[map_server-11] [INFO] [1790608800.143412839] [map_io]: resolution: 0.05
[map_server-11] [INFO] [1790608800.143455399] [map_io]: origin[0]: -7
[map_server-11] [INFO] [1790608800.143462279] [map_io]: origin[1]: -7
[map_server-11] [INFO] [1790608800.143467239] [map_io]: origin[2]: 0
[map_server-11] [INFO] [1790608800.143472487] [map_io]: free_thresh: 0.196
[map_server-11] [INFO] [1790608800.143477447] [map_io]: occupied_thresh: 0.65
[map_server-11] [INFO] [1790608800.143483719] [map_io]: mode: trinary
[map_server-11] [INFO] [1790608800.143490918] [map_io]: negate: 0
[map_server-11] [INFO] [1790608800.143840098] [map_io]: Loading image_file: /home/molar1/bumperbot_ws/install/robot_lab_maps/share/robot_lab_maps/maps/nav_empty/maps/map.pgm
[map_server-11] [INFO] [1790608800.158007869] [map_io]: Read map /home/molar1/bumperbot_ws/install/robot_lab_maps/share/robot_lab_maps/maps/nav_empty/maps/map.pgm: 280 X 280 map @ 0.05 m/cell
[lifecycle_manager-13] [INFO] [1790608800.170320173] [lifecycle_manager_localization]: [34m[1mConfiguring amcl[0m[0m
[amcl-12] [0m[INFO] [1790608800.170804839] [amcl]: Configuring[0m
[amcl-12] [0m[INFO] [1790608800.170974662] [amcl]: initTransforms[0m
[amcl-12] [0m[INFO] [1790608800.177958484] [amcl]: initPubSub[0m
[amcl-12] [0m[INFO] [1790608800.185420637] [amcl]: Subscribed to map topic.[0m
[lifecycle_manager-13] [INFO] [1790608800.192920709] [lifecycle_manager_localization]: [34m[1mActivating map_server[0m[0m
[map_server-11] [INFO] [1790608800.193224002] [map_server]: Activating
[map_server-11] [INFO] [1790608800.193881498] [map_server]: Creating bond (map_server) to lifecycle manager.
[amcl-12] [0m[INFO] [1790608800.194008793] [amcl]: Received a 280 X 280 map @ 0.050 m/pix[0m
[lifecycle_manager-13] [INFO] [1790608800.302395591] [lifecycle_manager_localization]: Server map_server connected with bond.
[lifecycle_manager-13] [INFO] [1790608800.302475302] [lifecycle_manager_localization]: [34m[1mActivating amcl[0m[0m
[amcl-12] [0m[INFO] [1790608800.306136635] [amcl]: Activating[0m
[amcl-12] [0m[INFO] [1790608800.306230330] [amcl]: initialPoseReceived[0m
[amcl-12] [0m[INFO] [1790608800.306278362] [amcl]: Setting pose (0.636000): -0.500 -0.500 0.000[0m
[amcl-12] [0m[INFO] [1790608800.306852243] [amcl]: Creating bond (amcl) to lifecycle manager.[0m
[lifecycle_manager-13] [INFO] [1790608800.416574194] [lifecycle_manager_localization]: Server amcl connected with bond.
[lifecycle_manager-13] [INFO] [1790608800.416668305] [lifecycle_manager_localization]: [34m[1mManaged nodes are active[0m[0m
[lifecycle_manager-13] [INFO] [1790608800.416693616] [lifecycle_manager_localization]: [34m[1mCreating bond timer...[0m[0m
[amcl-12] [0m[INFO] [1790608800.576839586] [amcl]: createLaserObject[0m
[wheel_imu_fusion-16] [INFO] [1790608800.761726483] [sensor_fusion_wheel_imu_fusion]: wheel_imu_fusion ready
[go2-stance-gait-controller-1] [WARN] [1790608803.681129043] [go2_stance_gait_controller]: Go2 safety warn: tilt 0.35 rad exceeds warn threshold
[go2-stance-gait-controller-1] [WARN] [1790608803.825493403] [go2_stance_gait_controller]: Go2 safety safe_stop: tilt 0.70 rad exceeds fall threshold
[amcl-12] [0m[INFO] [1790608823.361252144] [rclcpp]: signal_handler(SIGINT/SIGTERM)[0m
[amcl-12] [0m[INFO] [1790608823.361441198] [amcl]: Running Nav2 LifecycleNode rcl preshutdown (amcl)[0m
[amcl-12] [0m[INFO] [1790608823.361602124] [amcl]: Deactivating[0m
[amcl-12] [0m[INFO] [1790608823.361811914] [amcl]: Destroying bond (amcl) to lifecycle manager.[0m
[lifecycle_manager-13] [INFO] [1790608823.361246673] [rclcpp]: signal_handler(SIGINT/SIGTERM)
[lifecycle_manager-13] [INFO] [1790608823.361438830] [lifecycle_manager_localization]: Running Nav2 LifecycleManager rcl preshutdown (lifecycle_manager_localization)
[lifecycle_manager-13] [INFO] [1790608823.361528781] [lifecycle_manager_localization]: [34m[1mTerminating bond timer...[0m[0m
[map_server-11] [INFO] [1790608823.361283152] [rclcpp]: signal_handler(SIGINT/SIGTERM)
[map_server-11] [INFO] [1790608823.361488910] [map_server]: Running Nav2 LifecycleNode rcl preshutdown (map_server)
[map_server-11] [INFO] [1790608823.361619020] [map_server]: Deactivating
[map_server-11] [INFO] [1790608823.361658700] [map_server]: Destroying bond (map_server) to lifecycle manager.
[joy_node-5] [INFO] [1790608823.361509485] [rclcpp]: signal_handler(SIGINT/SIGTERM)
[twist_relay-9] [INFO] [1790608823.361606060] [rclcpp]: signal_handler(SIGINT/SIGTERM)
[ekf_node-14] [INFO] [1790608823.361657164] [rclcpp]: signal_handler(SIGINT/SIGTERM)
[twist_marker-7] [INFO] [1790608823.361649772] [rclcpp]: signal_handler(SIGINT/SIGTERM)
[robot_state_publisher-2] [INFO] [1790608823.361792202] [rclcpp]: signal_handler(SIGINT/SIGTERM)
[twist_mux-6] [INFO] [1790608823.361836682] [rclcpp]: signal_handler(SIGINT/SIGTERM)
[amcl-12] [0m[INFO] [1790608823.373962491] [amcl]: Cleaning up[0m
[map_server-11] [INFO] [1790608823.373809341] [map_server]: Cleaning up
[map_server-11] [INFO] [1790608823.373918875] [map_server]: Destroying bond (map_server) to lifecycle manager.
[amcl-12] [0m[INFO] [1790608823.392380450] [amcl]: Destroying bond (amcl) to lifecycle manager.[0m
[joy_teleop-4] Traceback (most recent call last):
[joy_teleop-4]   File "/opt/ros/humble/lib/joy_teleop/joy_teleop", line 33, in <module>
[joy_teleop-4]     sys.exit(load_entry_point('joy-teleop==1.6.0', 'console_scripts', 'joy_teleop')())
[joy_teleop-4]   File "/opt/ros/humble/lib/python3.10/site-packages/joy_teleop/joy_teleop.py", line 435, in main
[joy_teleop-4]     rclpy.spin(node)
[joy_teleop-4]   File "/opt/ros/humble/local/lib/python3.10/dist-packages/rclpy/__init__.py", line 229, in spin
[joy_teleop-4]     executor.spin_once()
[joy_teleop-4]   File "/opt/ros/humble/local/lib/python3.10/dist-packages/rclpy/executors.py", line 812, in spin_once
[joy_teleop-4]     self._spin_once_impl(timeout_sec)
[joy_teleop-4]   File "/opt/ros/humble/local/lib/python3.10/dist-packages/rclpy/executors.py", line 801, in _spin_once_impl
[joy_teleop-4]     handler, entity, node = self.wait_for_ready_callbacks(timeout_sec=timeout_sec)
[joy_teleop-4]   File "/opt/ros/humble/local/lib/python3.10/dist-packages/rclpy/executors.py", line 784, in wait_for_ready_callbacks
[joy_teleop-4]     return next(self._cb_iter)
[joy_teleop-4]   File "/opt/ros/humble/local/lib/python3.10/dist-packages/rclpy/executors.py", line 685, in _wait_for_ready_callbacks
[joy_teleop-4]     raise ExternalShutdownException()
[joy_teleop-4] rclpy.executors.ExternalShutdownException
[map_server-11] [INFO] [1790608823.502186901] [map_server]: Destroying
[amcl-12] [0m[INFO] [1790608823.510470995] [amcl]: Destroying[0m
[lifecycle_manager-13] [INFO] [1790608823.512926774] [lifecycle_manager_localization]: Destroying lifecycle_manager_localization
[INFO] [twist_marker-7]: process has finished cleanly [pid 345395]
[INFO] [twist_relay-9]: process has finished cleanly [pid 345405]
[INFO] [twist_mux-6]: process has finished cleanly [pid 345386]
[INFO] [joy_node-5]: process has finished cleanly [pid 345384]
[INFO] [robot_state_publisher-2]: process has finished cleanly [pid 345378]
[INFO] [ekf_node-14]: process has finished cleanly [pid 345648]
[go2-stance-gait-controller-1] Traceback (most recent call last):
[go2-stance-gait-controller-1]   File "/home/molar1/bumperbot_ws/install/robot_lab_adapter/lib/robot_lab_adapter/go2-stance-gait-controller", line 33, in <module>
[go2-stance-gait-controller-1]     sys.exit(load_entry_point('robot_lab_adapter==0.1.0', 'console_scripts', 'go2-stance-gait-controller')())
[go2-stance-gait-controller-1]   File "/home/molar1/bumperbot_ws/install/robot_lab_adapter/lib/python3.10/site-packages/robot_lab_adapter/go2_stance_gait_controller.py", line 306, in main
[go2-stance-gait-controller-1]     rclpy.spin(node)
[go2-stance-gait-controller-1]   File "/opt/ros/humble/local/lib/python3.10/dist-packages/rclpy/__init__.py", line 229, in spin
[go2-stance-gait-controller-1]     executor.spin_once()
[go2-stance-gait-controller-1]   File "/opt/ros/humble/local/lib/python3.10/dist-packages/rclpy/executors.py", line 812, in spin_once
[go2-stance-gait-controller-1]     self._spin_once_impl(timeout_sec)
[go2-stance-gait-controller-1]   File "/opt/ros/humble/local/lib/python3.10/dist-packages/rclpy/executors.py", line 801, in _spin_once_impl
[go2-stance-gait-controller-1]     handler, entity, node = self.wait_for_ready_callbacks(timeout_sec=timeout_sec)
[go2-stance-gait-controller-1]   File "/opt/ros/humble/local/lib/python3.10/dist-packages/rclpy/executors.py", line 784, in wait_for_ready_callbacks
[go2-stance-gait-controller-1]     return next(self._cb_iter)
[go2-stance-gait-controller-1]   File "/opt/ros/humble/local/lib/python3.10/dist-packages/rclpy/executors.py", line 657, in _wait_for_ready_callbacks
[go2-stance-gait-controller-1]     wait_set = _rclpy.WaitSet(
[go2-stance-gait-controller-1] rclpy._rclpy_pybind11.RCLError: failed to initialize wait set: the given context is not valid, either rcl_init() was not called or rcl_shutdown() was called., at ./src/rcl/wait.c:130
[imu_republisher.py-15] Traceback (most recent call last):
[imu_republisher.py-15]   File "/home/molar1/bumperbot_ws/install/robot_lab_localization/lib/robot_lab_localization/imu_republisher.py", line 54, in <module>
[imu_republisher.py-15]     main()
[imu_republisher.py-15]   File "/home/molar1/bumperbot_ws/install/robot_lab_localization/lib/robot_lab_localization/imu_republisher.py", line 45, in main
[imu_republisher.py-15]     rclpy.spin(node)
[imu_republisher.py-15]   File "/opt/ros/humble/local/lib/python3.10/dist-packages/rclpy/__init__.py", line 229, in spin
[imu_republisher.py-15]     executor.spin_once()
[imu_republisher.py-15]   File "/opt/ros/humble/local/lib/python3.10/dist-packages/rclpy/executors.py", line 812, in spin_once
[imu_republisher.py-15]     self._spin_once_impl(timeout_sec)
[imu_republisher.py-15]   File "/opt/ros/humble/local/lib/python3.10/dist-packages/rclpy/executors.py", line 801, in _spin_once_impl
[imu_republisher.py-15]     handler, entity, node = self.wait_for_ready_callbacks(timeout_sec=timeout_sec)
[imu_republisher.py-15]   File "/opt/ros/humble/local/lib/python3.10/dist-packages/rclpy/executors.py", line 784, in wait_for_ready_callbacks
[imu_republisher.py-15]     return next(self._cb_iter)
[imu_republisher.py-15]   File "/opt/ros/humble/local/lib/python3.10/dist-packages/rclpy/executors.py", line 685, in _wait_for_ready_callbacks
[imu_republisher.py-15]     raise ExternalShutdownException()
[imu_republisher.py-15] rclpy.executors.ExternalShutdownException
[INFO] [lifecycle_manager-13]: process has finished cleanly [pid 345646]
[INFO] [wheel_imu_fusion-16]: process has finished cleanly [pid 345652]
[INFO] [amcl-12]: process has finished cleanly [pid 345644]
[INFO] [map_server-11]: process has finished cleanly [pid 345642]
[INFO] [joystick_relay.py-8]: process has finished cleanly [pid 345397]
[INFO] [mujoco_spawner-3]: process has finished cleanly [pid 345380]
[ERROR] [go2-stance-gait-controller-1]: process has died [pid 345376, exit code 1, cmd '/home/molar1/bumperbot_ws/install/robot_lab_adapter/lib/robot_lab_adapter/go2-stance-gait-controller --ros-args --params-file /workspace/molar/.tmp/launch_params_zod4znf4'].
[ERROR] [imu_republisher.py-15]: process has died [pid 345650, exit code 1, cmd '/home/molar1/bumperbot_ws/install/robot_lab_localization/lib/robot_lab_localization/imu_republisher.py --ros-args --params-file /workspace/molar/.tmp/launch_params_shypd32e'].
[ERROR] [joy_teleop-4]: process has died [pid 345382, exit code 1, cmd '/opt/ros/humble/lib/joy_teleop/joy_teleop --ros-args --params-file /home/molar1/bumperbot_ws/install/robot_lab_controller/share/robot_lab_controller/config/joy_teleop.yaml --params-file /workspace/molar/.tmp/launch_params_r9hokqyl'].
