[INFO] [launch]: All log files can be found below /home/molar1/.ros/log/2026-09-25-17-46-47-837162-molar1-1551025
[INFO] [launch]: Default logging verbosity is set to INFO
[robot_lab] algorithm localization=amcl -> global_localization stack
[robot_lab] algorithm state_estimation=ekf_localization_node -> local_localization stack
[robot_lab] algorithm sensor_fusion=wheel_imu_fusion -> node robot_lab_algorithms/wheel_imu_fusion
[INFO] [go2-stance-gait-controller-1]: process started with pid [1551071]
[INFO] [robot_state_publisher-2]: process started with pid [1551073]
[INFO] [mujoco_spawner-3]: process started with pid [1551075]
[INFO] [joy_teleop-4]: process started with pid [1551077]
[INFO] [joy_node-5]: process started with pid [1551079]
[INFO] [twist_mux-6]: process started with pid [1551081]
[INFO] [twist_marker-7]: process started with pid [1551083]
[INFO] [joystick_relay.py-8]: process started with pid [1551085]
[INFO] [twist_relay-9]: process started with pid [1551095]
[INFO] [simulator_ready_gate-10]: process started with pid [1551097]
[robot_state_publisher-2] [INFO] [1790351208.779074657] [robot_state_publisher]: got segment FL_calf
[robot_state_publisher-2] [INFO] [1790351208.779260450] [robot_state_publisher]: got segment FL_calf_rotor
[robot_state_publisher-2] [INFO] [1790351208.779281602] [robot_state_publisher]: got segment FL_foot
[robot_state_publisher-2] [INFO] [1790351208.779291842] [robot_state_publisher]: got segment FL_hip
[robot_state_publisher-2] [INFO] [1790351208.779298978] [robot_state_publisher]: got segment FL_hip_rotor
[robot_state_publisher-2] [INFO] [1790351208.779306306] [robot_state_publisher]: got segment FL_thigh
[robot_state_publisher-2] [INFO] [1790351208.779313762] [robot_state_publisher]: got segment FL_thigh_rotor
[robot_state_publisher-2] [INFO] [1790351208.779321410] [robot_state_publisher]: got segment FR_calf
[robot_state_publisher-2] [INFO] [1790351208.779328930] [robot_state_publisher]: got segment FR_calf_rotor
[robot_state_publisher-2] [INFO] [1790351208.779335842] [robot_state_publisher]: got segment FR_foot
[robot_state_publisher-2] [INFO] [1790351208.779343010] [robot_state_publisher]: got segment FR_hip
[robot_state_publisher-2] [INFO] [1790351208.779350210] [robot_state_publisher]: got segment FR_hip_rotor
[robot_state_publisher-2] [INFO] [1790351208.779357122] [robot_state_publisher]: got segment FR_thigh
[robot_state_publisher-2] [INFO] [1790351208.779364066] [robot_state_publisher]: got segment FR_thigh_rotor
[robot_state_publisher-2] [INFO] [1790351208.779371266] [robot_state_publisher]: got segment RL_calf
[robot_state_publisher-2] [INFO] [1790351208.779378146] [robot_state_publisher]: got segment RL_calf_rotor
[robot_state_publisher-2] [INFO] [1790351208.779385026] [robot_state_publisher]: got segment RL_foot
[robot_state_publisher-2] [INFO] [1790351208.779391682] [robot_state_publisher]: got segment RL_hip
[robot_state_publisher-2] [INFO] [1790351208.779399074] [robot_state_publisher]: got segment RL_hip_rotor
[robot_state_publisher-2] [INFO] [1790351208.779406018] [robot_state_publisher]: got segment RL_thigh
[robot_state_publisher-2] [INFO] [1790351208.779413154] [robot_state_publisher]: got segment RL_thigh_rotor
[robot_state_publisher-2] [INFO] [1790351208.779420354] [robot_state_publisher]: got segment RR_calf
[robot_state_publisher-2] [INFO] [1790351208.779427298] [robot_state_publisher]: got segment RR_calf_rotor
[robot_state_publisher-2] [INFO] [1790351208.779434562] [robot_state_publisher]: got segment RR_foot
[robot_state_publisher-2] [INFO] [1790351208.779441506] [robot_state_publisher]: got segment RR_hip
[robot_state_publisher-2] [INFO] [1790351208.779448514] [robot_state_publisher]: got segment RR_hip_rotor
[robot_state_publisher-2] [INFO] [1790351208.779455458] [robot_state_publisher]: got segment RR_thigh
[robot_state_publisher-2] [INFO] [1790351208.779462242] [robot_state_publisher]: got segment RR_thigh_rotor
[robot_state_publisher-2] [INFO] [1790351208.779469123] [robot_state_publisher]: got segment base
[robot_state_publisher-2] [INFO] [1790351208.779476227] [robot_state_publisher]: got segment front_camera
[robot_state_publisher-2] [INFO] [1790351208.779483043] [robot_state_publisher]: got segment imu_link
[robot_state_publisher-2] [INFO] [1790351208.779489923] [robot_state_publisher]: got segment trunk
[twist_mux-6] [INFO] [1790351208.781445545] [twist_mux]: Topic handler 'topics.joystick' subscribed to topic 'joy_vel': timeout = 0.500000s , priority = 99.
[twist_mux-6] [INFO] [1790351208.783342640] [twist_mux]: Topic handler 'topics.keyboard' subscribed to topic 'key_vel': timeout = 0.500000s , priority = 90.
[twist_mux-6] [INFO] [1790351208.783665009] [twist_mux]: Topic handler 'topics.navigation' subscribed to topic 'cmd_vel': timeout = 0.500000s , priority = 80.
[twist_mux-6] [INFO] [1790351208.783969586] [twist_mux]: Topic handler 'locks.safety_stop' subscribed to topic 'safety_stop': timeout = None , priority = 255.
[go2-stance-gait-controller-1] [0;93m2026-09-25 17:46:49.443803806 [W:onnxruntime:Default, device_discovery.cc:164 DiscoverDevicesForPlatform] GPU device discovery failed: device_discovery.cc:89 ReadFileContents Failed to open file: "/sys/class/drm/card1/device/vendor"[m
[go2-stance-gait-controller-1] [INFO] [1790351209.524050188] [go2_stance_gait_controller]: Go2 closed-loop stance: 12 effort joints at 250.0 Hz; controller ONNX velocity policy
[mujoco_spawner-3] [INFO] [1790351210.698251313] [mujoco_spawner]: MuJoCo: 18 collision proxy geom(s) moved to group 3 (viewer Rendering tab to show them).
[mujoco_spawner-3] [INFO] [1790351210.745904145] [mujoco_spawner]: MuJoCo URDF import OK (all meshes staged).
[mujoco_spawner-3] [WARN] [1790351210.755579665] [mujoco_spawner]: MuJoCo effort plant: no MJCF beside /home/molar1/bumperbot_ws/install/robot_lab_robots/share/robot_lab_robots/unitree/go2_description/xacro/go2_sim.xacro names every effort joint; keeping the URDF <dynamics> (damping=5.0 is a Gazebo stabiliser the robot does not have).
[mujoco_spawner-3] [INFO] [1790351210.799873030] [mujoco_spawner]: MuJoCo physics timestep: 0.0010 s
[mujoco_spawner-3] [INFO] [1790351210.801457291] [mujoco_spawner]: Robot has no 'oakd_rgb_camera_frame' link; no RGB-D camera is published.
[mujoco_spawner-3] [INFO] [1790351210.802370958] [mujoco_spawner]: Joints: ['FR_hip_joint', 'FR_thigh_joint', 'FR_calf_joint', 'FL_hip_joint', 'FL_thigh_joint', 'FL_calf_joint', 'RR_hip_joint', 'RR_thigh_joint', 'RR_calf_joint', 'RL_hip_joint', 'RL_thigh_joint', 'RL_calf_joint']   lw= rw=
[mujoco_spawner-3] [INFO] [1790351210.804566709] [mujoco_spawner]: MuJoCo effort joint armature: 0.0100 kg m^2
[mujoco_spawner-3] [INFO] [1790351210.806265755] [mujoco_spawner]: Joint effort input: /go2_group_effort_controller/commands (12 joints, URDF limits)
[mujoco_spawner-3] [INFO] [1790351210.808035265] [mujoco_spawner]: Spawn ground clearance: raised root by 0.2050 m
[mujoco_spawner-3] [INFO] [1790351210.808960996] [mujoco_spawner]: MuJoCo model loaded: 14 bodies, 13 joints
[mujoco_spawner-3] [INFO] [1790351210.809517318] [mujoco_spawner]: MuJoCo gui param=False (resolved=False), DISPLAY=:1 -> mode=DIRECT
[mujoco_spawner-3] [INFO] [1790351210.809986312] [mujoco_spawner]: MuJoCo running headless (gui=False, viewer=True).
[mujoco_spawner-3] [INFO] [1790351210.811509933] [mujoco_spawner]: MuJoCo spawner running.
[INFO] [simulator_ready_gate-10]: process has finished cleanly [pid 1551097]
[INFO] [amcl-12]: process started with pid [1551336]
[INFO] [map_server-11]: process started with pid [1551334]
[INFO] [lifecycle_manager-13]: process started with pid [1551338]
[INFO] [ekf_node-14]: process started with pid [1551340]
[INFO] [imu_republisher.py-15]: process started with pid [1551342]
[INFO] [wheel_imu_fusion-16]: process started with pid [1551344]
[map_server-11] [INFO] [1790351211.231881932] [map_server]: 
[map_server-11] 	map_server lifecycle node launched. 
[map_server-11] 	Waiting on external lifecycle transitions to activate
[map_server-11] 	See https://design.ros2.org/articles/node_lifecycle.html for more information.
[lifecycle_manager-13] [INFO] [1790351211.232682543] [lifecycle_manager_localization]: Creating
[map_server-11] [INFO] [1790351211.233861971] [map_server]: Creating
[amcl-12] [0m[INFO] [1790351211.234054003] [amcl]: 
[amcl-12] 	amcl lifecycle node launched. 
[amcl-12] 	Waiting on external lifecycle transitions to activate
[amcl-12] 	See https://design.ros2.org/articles/node_lifecycle.html for more information.[0m
[amcl-12] [0m[INFO] [1790351211.235359736] [amcl]: Creating[0m
[lifecycle_manager-13] [INFO] [1790351211.258656133] [lifecycle_manager_localization]: [34m[1mCreating and initializing lifecycle service clients[0m[0m
[lifecycle_manager-13] [INFO] [1790351211.288176712] [lifecycle_manager_localization]: [34m[1mStarting managed nodes bringup...[0m[0m
[lifecycle_manager-13] [INFO] [1790351211.288381385] [lifecycle_manager_localization]: [34m[1mConfiguring map_server[0m[0m
[map_server-11] [INFO] [1790351211.288762346] [map_server]: Configuring
[map_server-11] [INFO] [1790351211.288881482] [map_io]: Loading yaml file: /home/molar1/bumperbot_ws/install/robot_lab_maps/share/robot_lab_maps/maps/nav_empty/maps/map.yaml
[map_server-11] [INFO] [1790351211.289295564] [map_io]: resolution: 0.05
[map_server-11] [INFO] [1790351211.289312748] [map_io]: origin[0]: -7
[map_server-11] [INFO] [1790351211.289318764] [map_io]: origin[1]: -7
[map_server-11] [INFO] [1790351211.289323276] [map_io]: origin[2]: 0
[map_server-11] [INFO] [1790351211.289328140] [map_io]: free_thresh: 0.196
[map_server-11] [INFO] [1790351211.289333100] [map_io]: occupied_thresh: 0.65
[map_server-11] [INFO] [1790351211.289338476] [map_io]: mode: trinary
[map_server-11] [INFO] [1790351211.289345292] [map_io]: negate: 0
[map_server-11] [INFO] [1790351211.289839310] [map_io]: Loading image_file: /home/molar1/bumperbot_ws/install/robot_lab_maps/share/robot_lab_maps/maps/nav_empty/maps/map.pgm
[map_server-11] [INFO] [1790351211.300924339] [map_io]: Read map /home/molar1/bumperbot_ws/install/robot_lab_maps/share/robot_lab_maps/maps/nav_empty/maps/map.pgm: 280 X 280 map @ 0.05 m/cell
[lifecycle_manager-13] [INFO] [1790351211.311643799] [lifecycle_manager_localization]: [34m[1mConfiguring amcl[0m[0m
[amcl-12] [0m[INFO] [1790351211.312057144] [amcl]: Configuring[0m
[amcl-12] [0m[INFO] [1790351211.312226201] [amcl]: initTransforms[0m
[amcl-12] [0m[INFO] [1790351211.329874196] [amcl]: initPubSub[0m
[amcl-12] [0m[INFO] [1790351211.337970831] [amcl]: Subscribed to map topic.[0m
[lifecycle_manager-13] [INFO] [1790351211.345500584] [lifecycle_manager_localization]: [34m[1mActivating map_server[0m[0m
[map_server-11] [INFO] [1790351211.345870121] [map_server]: Activating
[map_server-11] [INFO] [1790351211.346223434] [map_server]: Creating bond (map_server) to lifecycle manager.
[amcl-12] [0m[INFO] [1790351211.346514187] [amcl]: Received a 280 X 280 map @ 0.050 m/pix[0m
[lifecycle_manager-13] [INFO] [1790351211.452304045] [lifecycle_manager_localization]: Server map_server connected with bond.
[lifecycle_manager-13] [INFO] [1790351211.452406349] [lifecycle_manager_localization]: [34m[1mActivating amcl[0m[0m
[amcl-12] [0m[INFO] [1790351211.452882959] [amcl]: Activating[0m
[amcl-12] [0m[INFO] [1790351211.453000911] [amcl]: initialPoseReceived[0m
[amcl-12] [0m[INFO] [1790351211.453606225] [amcl]: Setting pose (0.500000): -0.500 -0.500 0.000[0m
[amcl-12] [0m[INFO] [1790351211.454407508] [amcl]: Creating bond (amcl) to lifecycle manager.[0m
[lifecycle_manager-13] [INFO] [1790351211.563614593] [lifecycle_manager_localization]: Server amcl connected with bond.
[lifecycle_manager-13] [INFO] [1790351211.563709025] [lifecycle_manager_localization]: [34m[1mManaged nodes are active[0m[0m
[lifecycle_manager-13] [INFO] [1790351211.563732929] [lifecycle_manager_localization]: [34m[1mCreating bond timer...[0m[0m
[amcl-12] [0m[INFO] [1790351211.635163088] [amcl]: createLaserObject[0m
[wheel_imu_fusion-16] [INFO] [1790351211.956126497] [sensor_fusion_wheel_imu_fusion]: wheel_imu_fusion ready
[amcl-12] [0m[INFO] [1790351219.359607098] [rclcpp]: signal_handler(SIGINT/SIGTERM)[0m
[lifecycle_manager-13] [INFO] [1790351219.359593850] [rclcpp]: signal_handler(SIGINT/SIGTERM)
[lifecycle_manager-13] [INFO] [1790351219.359739066] [lifecycle_manager_localization]: Running Nav2 LifecycleManager rcl preshutdown (lifecycle_manager_localization)
[lifecycle_manager-13] [INFO] [1790351219.359797370] [lifecycle_manager_localization]: [34m[1mTerminating bond timer...[0m[0m
[ekf_node-14] [INFO] [1790351219.359619514] [rclcpp]: signal_handler(SIGINT/SIGTERM)
[map_server-11] [INFO] [1790351219.359731066] [rclcpp]: signal_handler(SIGINT/SIGTERM)
[twist_marker-7] [INFO] [1790351219.359945435] [rclcpp]: signal_handler(SIGINT/SIGTERM)
[twist_mux-6] [INFO] [1790351219.359972411] [rclcpp]: signal_handler(SIGINT/SIGTERM)
[twist_relay-9] [INFO] [1790351219.360026587] [rclcpp]: signal_handler(SIGINT/SIGTERM)
[amcl-12] [0m[INFO] [1790351219.360296700] [amcl]: Running Nav2 LifecycleNode rcl preshutdown (amcl)[0m
[joy_node-5] [INFO] [1790351219.360500509] [rclcpp]: signal_handler(SIGINT/SIGTERM)
[map_server-11] [INFO] [1790351219.360719389] [map_server]: Running Nav2 LifecycleNode rcl preshutdown (map_server)
[map_server-11] [INFO] [1790351219.360835486] [map_server]: Deactivating
[map_server-11] [INFO] [1790351219.360860798] [map_server]: Destroying bond (map_server) to lifecycle manager.
[robot_state_publisher-2] [INFO] [1790351219.360890846] [rclcpp]: signal_handler(SIGINT/SIGTERM)
[amcl-12] [0m[INFO] [1790351219.362273923] [amcl]: Deactivating[0m
[amcl-12] [0m[INFO] [1790351219.362340035] [amcl]: Destroying bond (amcl) to lifecycle manager.[0m
[map_server-11] [INFO] [1790351219.371223456] [map_server]: Cleaning up
[map_server-11] [INFO] [1790351219.371345568] [map_server]: Destroying bond (map_server) to lifecycle manager.
[amcl-12] [0m[INFO] [1790351219.372739013] [amcl]: Cleaning up[0m
[amcl-12] [0m[INFO] [1790351219.400829537] [amcl]: Destroying bond (amcl) to lifecycle manager.[0m
[joy_teleop-4] Traceback (most recent call last):
[joy_teleop-4]   File "/opt/ros/humble/lib/joy_teleop/joy_teleop", line 33, in <module>
[joy_teleop-4]     sys.exit(load_entry_point('joy-teleop==1.6.0', 'console_scripts', 'joy_teleop')())
[joy_teleop-4]   File "/opt/ros/humble/lib/python3.10/site-packages/joy_teleop/joy_teleop.py", line 435, in main
[joy_teleop-4]     rclpy.spin(node)
[joy_teleop-4]   File "/opt/ros/humble/local/lib/python3.10/dist-packages/rclpy/__init__.py", line 229, in spin
[joy_teleop-4]     executor.spin_once()
[joy_teleop-4]   File "/opt/ros/humble/local/lib/python3.10/dist-packages/rclpy/executors.py", line 812, in spin_once
[joy_teleop-4]     self._spin_once_impl(timeout_sec)
[joy_teleop-4]   File "/opt/ros/humble/local/lib/python3.10/dist-packages/rclpy/executors.py", line 801, in _spin_once_impl
[joy_teleop-4]     handler, entity, node = self.wait_for_ready_callbacks(timeout_sec=timeout_sec)
[joy_teleop-4]   File "/opt/ros/humble/local/lib/python3.10/dist-packages/rclpy/executors.py", line 784, in wait_for_ready_callbacks
[joy_teleop-4]     return next(self._cb_iter)
[joy_teleop-4]   File "/opt/ros/humble/local/lib/python3.10/dist-packages/rclpy/executors.py", line 685, in _wait_for_ready_callbacks
[joy_teleop-4]     raise ExternalShutdownException()
[joy_teleop-4] rclpy.executors.ExternalShutdownException
[map_server-11] [INFO] [1790351219.551915343] [map_server]: Destroying
[amcl-12] [0m[INFO] [1790351219.560753292] [amcl]: Destroying[0m
[lifecycle_manager-13] [INFO] [1790351219.562473297] [lifecycle_manager_localization]: Destroying lifecycle_manager_localization
[INFO] [twist_marker-7]: process has finished cleanly [pid 1551083]
[INFO] [joy_node-5]: process has finished cleanly [pid 1551079]
[INFO] [twist_relay-9]: process has finished cleanly [pid 1551095]
[INFO] [twist_mux-6]: process has finished cleanly [pid 1551081]
[INFO] [robot_state_publisher-2]: process has finished cleanly [pid 1551073]
[INFO] [ekf_node-14]: process has finished cleanly [pid 1551340]
[imu_republisher.py-15] Traceback (most recent call last):
[imu_republisher.py-15]   File "/home/molar1/bumperbot_ws/install/robot_lab_localization/lib/robot_lab_localization/imu_republisher.py", line 54, in <module>
[imu_republisher.py-15]     main()
[imu_republisher.py-15]   File "/home/molar1/bumperbot_ws/install/robot_lab_localization/lib/robot_lab_localization/imu_republisher.py", line 45, in main
[imu_republisher.py-15]     rclpy.spin(node)
[imu_republisher.py-15]   File "/opt/ros/humble/local/lib/python3.10/dist-packages/rclpy/__init__.py", line 229, in spin
[imu_republisher.py-15]     executor.spin_once()
[imu_republisher.py-15]   File "/opt/ros/humble/local/lib/python3.10/dist-packages/rclpy/executors.py", line 812, in spin_once
[imu_republisher.py-15]     self._spin_once_impl(timeout_sec)
[imu_republisher.py-15]   File "/opt/ros/humble/local/lib/python3.10/dist-packages/rclpy/executors.py", line 801, in _spin_once_impl
[imu_republisher.py-15]     handler, entity, node = self.wait_for_ready_callbacks(timeout_sec=timeout_sec)
[imu_republisher.py-15]   File "/opt/ros/humble/local/lib/python3.10/dist-packages/rclpy/executors.py", line 784, in wait_for_ready_callbacks
[imu_republisher.py-15]     return next(self._cb_iter)
[imu_republisher.py-15]   File "/opt/ros/humble/local/lib/python3.10/dist-packages/rclpy/executors.py", line 685, in _wait_for_ready_callbacks
[imu_republisher.py-15]     raise ExternalShutdownException()
[imu_republisher.py-15] rclpy.executors.ExternalShutdownException
[mujoco_spawner-3] Traceback (most recent call last):
[mujoco_spawner-3]   File "/home/molar1/bumperbot_ws/install/robot_lab_mujoco/lib/robot_lab_mujoco/mujoco_spawner", line 33, in <module>
[mujoco_spawner-3]     sys.exit(load_entry_point('robot_lab_mujoco==0.1.0', 'console_scripts', 'mujoco_spawner')())
[mujoco_spawner-3]   File "/home/molar1/bumperbot_ws/install/robot_lab_mujoco/lib/python3.10/site-packages/robot_lab_mujoco/mujoco_spawner.py", line 2007, in main
[mujoco_spawner-3]     rclpy.spin(node)
[mujoco_spawner-3]   File "/opt/ros/humble/local/lib/python3.10/dist-packages/rclpy/__init__.py", line 229, in spin
[mujoco_spawner-3]     executor.spin_once()
[mujoco_spawner-3]   File "/opt/ros/humble/local/lib/python3.10/dist-packages/rclpy/executors.py", line 812, in spin_once
[mujoco_spawner-3]     self._spin_once_impl(timeout_sec)
[mujoco_spawner-3]   File "/opt/ros/humble/local/lib/python3.10/dist-packages/rclpy/executors.py", line 801, in _spin_once_impl
[mujoco_spawner-3]     handler, entity, node = self.wait_for_ready_callbacks(timeout_sec=timeout_sec)
[mujoco_spawner-3]   File "/opt/ros/humble/local/lib/python3.10/dist-packages/rclpy/executors.py", line 784, in wait_for_ready_callbacks
[mujoco_spawner-3]     return next(self._cb_iter)
[mujoco_spawner-3]   File "/opt/ros/humble/local/lib/python3.10/dist-packages/rclpy/executors.py", line 657, in _wait_for_ready_callbacks
[mujoco_spawner-3]     wait_set = _rclpy.WaitSet(
[mujoco_spawner-3] rclpy._rclpy_pybind11.RCLError: failed to initialize wait set: the given context is not valid, either rcl_init() was not called or rcl_shutdown() was called., at ./src/rcl/wait.c:130
[INFO] [wheel_imu_fusion-16]: process has finished cleanly [pid 1551344]
[INFO] [go2-stance-gait-controller-1]: process has finished cleanly [pid 1551071]
[INFO] [joystick_relay.py-8]: process has finished cleanly [pid 1551085]
[ERROR] [imu_republisher.py-15]: process has died [pid 1551342, exit code 1, cmd '/home/molar1/bumperbot_ws/install/robot_lab_localization/lib/robot_lab_localization/imu_republisher.py --ros-args --params-file /workspace/molar/.tmp/launch_params_x8edjpap'].
[ERROR] [joy_teleop-4]: process has died [pid 1551077, exit code 1, cmd '/opt/ros/humble/lib/joy_teleop/joy_teleop --ros-args --params-file /home/molar1/bumperbot_ws/install/robot_lab_controller/share/robot_lab_controller/config/joy_teleop.yaml --params-file /workspace/molar/.tmp/launch_params_5f9mb8mi'].
[INFO] [lifecycle_manager-13]: process has finished cleanly [pid 1551338]
[INFO] [map_server-11]: process has finished cleanly [pid 1551334]
[INFO] [amcl-12]: process has finished cleanly [pid 1551336]
[ERROR] [mujoco_spawner-3]: process has died [pid 1551075, exit code 1, cmd '/home/molar1/bumperbot_ws/install/robot_lab_mujoco/lib/robot_lab_mujoco/mujoco_spawner --ros-args -r __node:=mujoco_spawner --params-file /workspace/molar/.tmp/launch_params_rretd9xd'].
