[INFO] [launch]: All log files can be found below /home/molar1/.ros/log/2026-09-29-11-10-34-722913-molar1-726778
[INFO] [launch]: Default logging verbosity is set to INFO
[robot_lab] algorithm localization=amcl -> global_localization stack
[robot_lab] algorithm state_estimation=ekf_localization_node -> local_localization stack
[robot_lab] algorithm sensor_fusion=wheel_imu_fusion -> node robot_lab_algorithms/wheel_imu_fusion
[INFO] [go2-stance-gait-controller-1]: process started with pid [726819]
[INFO] [robot_state_publisher-2]: process started with pid [726821]
[INFO] [mujoco_spawner-3]: process started with pid [726823]
[INFO] [joy_teleop-4]: process started with pid [726825]
[INFO] [joy_node-5]: process started with pid [726827]
[INFO] [twist_mux-6]: process started with pid [726829]
[INFO] [twist_marker-7]: process started with pid [726831]
[INFO] [joystick_relay.py-8]: process started with pid [726841]
[INFO] [twist_relay-9]: process started with pid [726843]
[INFO] [simulator_ready_gate-10]: process started with pid [726845]
[twist_mux-6] [INFO] [1790673035.689435519] [twist_mux]: Topic handler 'topics.joystick' subscribed to topic 'joy_vel': timeout = 0.500000s , priority = 99.
[robot_state_publisher-2] [INFO] [1790673035.690464682] [robot_state_publisher]: got segment FL_calf
[robot_state_publisher-2] [INFO] [1790673035.691394487] [robot_state_publisher]: got segment FL_calf_rotor
[twist_mux-6] [INFO] [1790673035.691460790] [twist_mux]: Topic handler 'topics.keyboard' subscribed to topic 'key_vel': timeout = 0.500000s , priority = 90.
[twist_mux-6] [INFO] [1790673035.691622611] [twist_mux]: Topic handler 'topics.navigation' subscribed to topic 'cmd_vel': timeout = 0.500000s , priority = 80.
[twist_mux-6] [INFO] [1790673035.691752912] [twist_mux]: Topic handler 'locks.safety_stop' subscribed to topic 'safety_stop': timeout = None , priority = 255.
[robot_state_publisher-2] [INFO] [1790673035.692589951] [robot_state_publisher]: got segment FL_foot
[robot_state_publisher-2] [INFO] [1790673035.693281841] [robot_state_publisher]: got segment FL_hip
[robot_state_publisher-2] [INFO] [1790673035.694095521] [robot_state_publisher]: got segment FL_hip_rotor
[robot_state_publisher-2] [INFO] [1790673035.694889200] [robot_state_publisher]: got segment FL_thigh
[robot_state_publisher-2] [INFO] [1790673035.695815774] [robot_state_publisher]: got segment FL_thigh_rotor
[robot_state_publisher-2] [INFO] [1790673035.696564910] [robot_state_publisher]: got segment FR_calf
[robot_state_publisher-2] [INFO] [1790673035.697644344] [robot_state_publisher]: got segment FR_calf_rotor
[robot_state_publisher-2] [INFO] [1790673035.698393385] [robot_state_publisher]: got segment FR_foot
[robot_state_publisher-2] [INFO] [1790673035.699120666] [robot_state_publisher]: got segment FR_hip
[robot_state_publisher-2] [INFO] [1790673035.699837868] [robot_state_publisher]: got segment FR_hip_rotor
[robot_state_publisher-2] [INFO] [1790673035.700554493] [robot_state_publisher]: got segment FR_thigh
[robot_state_publisher-2] [INFO] [1790673035.701290126] [robot_state_publisher]: got segment FR_thigh_rotor
[robot_state_publisher-2] [INFO] [1790673035.701970112] [robot_state_publisher]: got segment RL_calf
[robot_state_publisher-2] [INFO] [1790673035.702648659] [robot_state_publisher]: got segment RL_calf_rotor
[robot_state_publisher-2] [INFO] [1790673035.702673042] [robot_state_publisher]: got segment RL_foot
[robot_state_publisher-2] [INFO] [1790673035.702685074] [robot_state_publisher]: got segment RL_hip
[robot_state_publisher-2] [INFO] [1790673035.702694354] [robot_state_publisher]: got segment RL_hip_rotor
[robot_state_publisher-2] [INFO] [1790673035.702701906] [robot_state_publisher]: got segment RL_thigh
[robot_state_publisher-2] [INFO] [1790673035.702709681] [robot_state_publisher]: got segment RL_thigh_rotor
[robot_state_publisher-2] [INFO] [1790673035.702717457] [robot_state_publisher]: got segment RR_calf
[robot_state_publisher-2] [INFO] [1790673035.702724689] [robot_state_publisher]: got segment RR_calf_rotor
[robot_state_publisher-2] [INFO] [1790673035.702734033] [robot_state_publisher]: got segment RR_foot
[robot_state_publisher-2] [INFO] [1790673035.702741073] [robot_state_publisher]: got segment RR_hip
[robot_state_publisher-2] [INFO] [1790673035.702748337] [robot_state_publisher]: got segment RR_hip_rotor
[robot_state_publisher-2] [INFO] [1790673035.702756080] [robot_state_publisher]: got segment RR_thigh
[robot_state_publisher-2] [INFO] [1790673035.702763216] [robot_state_publisher]: got segment RR_thigh_rotor
[robot_state_publisher-2] [INFO] [1790673035.702770192] [robot_state_publisher]: got segment base
[robot_state_publisher-2] [INFO] [1790673035.702777296] [robot_state_publisher]: got segment front_camera
[robot_state_publisher-2] [INFO] [1790673035.702784144] [robot_state_publisher]: got segment imu_link
[robot_state_publisher-2] [INFO] [1790673035.702792912] [robot_state_publisher]: got segment trunk
[go2-stance-gait-controller-1] [0;93m2026-09-29 11:10:36.468227721 [W:onnxruntime:Default, device_discovery.cc:164 DiscoverDevicesForPlatform] GPU device discovery failed: device_discovery.cc:89 ReadFileContents Failed to open file: "/sys/class/drm/card1/device/vendor"[m
[go2-stance-gait-controller-1] [INFO] [1790673036.539219814] [go2_stance_gait_controller]: Go2 closed-loop stance: 12 effort joints at 250.0 Hz; controller ONNX velocity policy
[mujoco_spawner-3] [INFO] [1790673037.760487150] [mujoco_spawner]: MuJoCo: 18 collision proxy geom(s) moved to group 3 (viewer Rendering tab to show them).
[mujoco_spawner-3] [INFO] [1790673037.810684434] [mujoco_spawner]: MuJoCo URDF import OK (all meshes staged).
[mujoco_spawner-3] [WARN] [1790673037.824794131] [mujoco_spawner]: MuJoCo effort plant: no MJCF beside /home/molar1/bumperbot_ws/install/robot_lab_robots/share/robot_lab_robots/unitree/go2_description/xacro/go2_sim.xacro names every effort joint; keeping the URDF <dynamics> (damping=5.0 is a Gazebo stabiliser the robot does not have).
[mujoco_spawner-3] [INFO] [1790673037.878439665] [mujoco_spawner]: MuJoCo physics timestep: 0.0010 s
[mujoco_spawner-3] [INFO] [1790673037.881516274] [mujoco_spawner]: Robot has no 'oakd_rgb_camera_frame' link; no RGB-D camera is published.
[mujoco_spawner-3] [INFO] [1790673037.883349773] [mujoco_spawner]: Joints: ['FR_hip_joint', 'FR_thigh_joint', 'FR_calf_joint', 'FL_hip_joint', 'FL_thigh_joint', 'FL_calf_joint', 'RR_hip_joint', 'RR_thigh_joint', 'RR_calf_joint', 'RL_hip_joint', 'RL_thigh_joint', 'RL_calf_joint']   lw= rw=
[mujoco_spawner-3] [INFO] [1790673037.886897669] [mujoco_spawner]: MuJoCo effort joint armature: 0.0100 kg m^2
[mujoco_spawner-3] [INFO] [1790673037.889224789] [mujoco_spawner]: Joint effort input: /go2_group_effort_controller/commands (12 joints, URDF limits)
[mujoco_spawner-3] [INFO] [1790673037.891991229] [mujoco_spawner]: Spawn ground clearance: raised root by 0.1939 m
[mujoco_spawner-3] [INFO] [1790673037.893433088] [mujoco_spawner]: MuJoCo model loaded: 14 bodies, 13 joints
[mujoco_spawner-3] [INFO] [1790673037.894516426] [mujoco_spawner]: MuJoCo gui param=False (resolved=False), DISPLAY=:1 -> mode=DIRECT
[mujoco_spawner-3] [INFO] [1790673037.895442551] [mujoco_spawner]: MuJoCo running headless (gui=False, viewer=True).
[mujoco_spawner-3] [INFO] [1790673037.902160654] [mujoco_spawner]: MuJoCo spawner running.
[go2-stance-gait-controller-1] [WARN] [1790673037.904199141] [go2_stance_gait_controller]: Go2 safety safe_stop: tilt 0.90 rad exceeds fall threshold
[go2-stance-gait-controller-1] [INFO] [1790673037.905271439] [go2_stance_gait_controller]: Go2 recovery idle
[go2-stance-gait-controller-1] [INFO] [1790673038.027710134] [go2_stance_gait_controller]: Go2 recovery waiting
[INFO] [simulator_ready_gate-10]: process has finished cleanly [pid 726845]
[INFO] [amcl-12]: process started with pid [727067]
[INFO] [map_server-11]: process started with pid [727065]
[INFO] [lifecycle_manager-13]: process started with pid [727069]
[INFO] [ekf_node-14]: process started with pid [727071]
[INFO] [imu_republisher.py-15]: process started with pid [727073]
[INFO] [wheel_imu_fusion-16]: process started with pid [727075]
[lifecycle_manager-13] [INFO] [1790673038.318021417] [lifecycle_manager_localization]: Creating
[lifecycle_manager-13] [INFO] [1790673038.326969331] [lifecycle_manager_localization]: [34m[1mCreating and initializing lifecycle service clients[0m[0m
[amcl-12] [0m[INFO] [1790673038.333016057] [amcl]: 
[amcl-12] 	amcl lifecycle node launched. 
[amcl-12] 	Waiting on external lifecycle transitions to activate
[amcl-12] 	See https://design.ros2.org/articles/node_lifecycle.html for more information.[0m
[amcl-12] [0m[INFO] [1790673038.334546265] [amcl]: Creating[0m
[map_server-11] [INFO] [1790673038.343255112] [map_server]: 
[map_server-11] 	map_server lifecycle node launched. 
[map_server-11] 	Waiting on external lifecycle transitions to activate
[map_server-11] 	See https://design.ros2.org/articles/node_lifecycle.html for more information.
[map_server-11] [INFO] [1790673038.344860968] [map_server]: Creating
[lifecycle_manager-13] [INFO] [1790673038.457380729] [lifecycle_manager_localization]: [34m[1mStarting managed nodes bringup...[0m[0m
[lifecycle_manager-13] [INFO] [1790673038.457486103] [lifecycle_manager_localization]: [34m[1mConfiguring map_server[0m[0m
[map_server-11] [INFO] [1790673038.458206792] [map_server]: Configuring
[map_server-11] [INFO] [1790673038.458327077] [map_io]: Loading yaml file: /home/molar1/bumperbot_ws/install/robot_lab_maps/share/robot_lab_maps/maps/nav_empty/maps/map.yaml
[map_server-11] [INFO] [1790673038.458765309] [map_io]: resolution: 0.05
[map_server-11] [INFO] [1790673038.458783292] [map_io]: origin[0]: -7
[map_server-11] [INFO] [1790673038.458789340] [map_io]: origin[1]: -7
[map_server-11] [INFO] [1790673038.458793820] [map_io]: origin[2]: 0
[map_server-11] [INFO] [1790673038.458798716] [map_io]: free_thresh: 0.196
[map_server-11] [INFO] [1790673038.458803644] [map_io]: occupied_thresh: 0.65
[map_server-11] [INFO] [1790673038.458809436] [map_io]: mode: trinary
[map_server-11] [INFO] [1790673038.458815996] [map_io]: negate: 0
[map_server-11] [INFO] [1790673038.459144949] [map_io]: Loading image_file: /home/molar1/bumperbot_ws/install/robot_lab_maps/share/robot_lab_maps/maps/nav_empty/maps/map.pgm
[map_server-11] [INFO] [1790673038.470633003] [map_io]: Read map /home/molar1/bumperbot_ws/install/robot_lab_maps/share/robot_lab_maps/maps/nav_empty/maps/map.pgm: 280 X 280 map @ 0.05 m/cell
[lifecycle_manager-13] [INFO] [1790673038.480176937] [lifecycle_manager_localization]: [34m[1mConfiguring amcl[0m[0m
[amcl-12] [0m[INFO] [1790673038.480526626] [amcl]: Configuring[0m
[amcl-12] [0m[INFO] [1790673038.480688799] [amcl]: initTransforms[0m
[amcl-12] [0m[INFO] [1790673038.495549329] [amcl]: initPubSub[0m
[amcl-12] [0m[INFO] [1790673038.506721230] [amcl]: Subscribed to map topic.[0m
[lifecycle_manager-13] [INFO] [1790673038.516616677] [lifecycle_manager_localization]: [34m[1mActivating map_server[0m[0m
[map_server-11] [INFO] [1790673038.516924510] [map_server]: Activating
[map_server-11] [INFO] [1790673038.517261464] [map_server]: Creating bond (map_server) to lifecycle manager.
[amcl-12] [0m[INFO] [1790673038.520878382] [amcl]: Received a 280 X 280 map @ 0.050 m/pix[0m
[lifecycle_manager-13] [INFO] [1790673038.623397034] [lifecycle_manager_localization]: Server map_server connected with bond.
[lifecycle_manager-13] [INFO] [1790673038.623490952] [lifecycle_manager_localization]: [34m[1mActivating amcl[0m[0m
[amcl-12] [0m[INFO] [1790673038.623865025] [amcl]: Activating[0m
[amcl-12] [0m[INFO] [1790673038.623953183] [amcl]: initialPoseReceived[0m
[amcl-12] [0m[INFO] [1790673038.624176890] [amcl]: Setting pose (0.580000): -0.500 -0.500 0.000[0m
[amcl-12] [0m[INFO] [1790673038.624737903] [amcl]: Creating bond (amcl) to lifecycle manager.[0m
[amcl-12] [0m[INFO] [1790673038.697342123] [amcl]: createLaserObject[0m
[lifecycle_manager-13] [INFO] [1790673038.728566640] [lifecycle_manager_localization]: Server amcl connected with bond.
[lifecycle_manager-13] [INFO] [1790673038.728656079] [lifecycle_manager_localization]: [34m[1mManaged nodes are active[0m[0m
[lifecycle_manager-13] [INFO] [1790673038.728681678] [lifecycle_manager_localization]: [34m[1mCreating bond timer...[0m[0m
[go2-stance-gait-controller-1] [INFO] [1790673039.028473440] [go2_stance_gait_controller]: Go2 recovery attempting:roll
[wheel_imu_fusion-16] [INFO] [1790673039.033841011] [sensor_fusion_wheel_imu_fusion]: wheel_imu_fusion ready
[go2-stance-gait-controller-1] [INFO] [1790673039.786648077] [go2_stance_gait_controller]: Go2 recovery unrecoverable:roll
[amcl-12] [0m[INFO] [1790673063.043807403] [rclcpp]: signal_handler(SIGINT/SIGTERM)[0m
[amcl-12] [0m[INFO] [1790673063.043961576] [amcl]: Running Nav2 LifecycleNode rcl preshutdown (amcl)[0m
[amcl-12] [0m[INFO] [1790673063.044080838] [amcl]: Deactivating[0m
[amcl-12] [0m[INFO] [1790673063.044230627] [amcl]: Destroying bond (amcl) to lifecycle manager.[0m
[lifecycle_manager-13] [INFO] [1790673063.043801996] [rclcpp]: signal_handler(SIGINT/SIGTERM)
[lifecycle_manager-13] [INFO] [1790673063.043959432] [lifecycle_manager_localization]: Running Nav2 LifecycleManager rcl preshutdown (lifecycle_manager_localization)
[lifecycle_manager-13] [INFO] [1790673063.044030119] [lifecycle_manager_localization]: [34m[1mTerminating bond timer...[0m[0m
[robot_state_publisher-2] [INFO] [1790673063.043826027] [rclcpp]: signal_handler(SIGINT/SIGTERM)
[ekf_node-14] [INFO] [1790673063.043817355] [rclcpp]: signal_handler(SIGINT/SIGTERM)
[twist_marker-7] [INFO] [1790673063.043833707] [rclcpp]: signal_handler(SIGINT/SIGTERM)
[joy_node-5] [INFO] [1790673063.043855850] [rclcpp]: signal_handler(SIGINT/SIGTERM)
[twist_mux-6] [INFO] [1790673063.044090662] [rclcpp]: signal_handler(SIGINT/SIGTERM)
[twist_relay-9] [INFO] [1790673063.044322657] [rclcpp]: signal_handler(SIGINT/SIGTERM)
[map_server-11] [INFO] [1790673063.044799127] [rclcpp]: signal_handler(SIGINT/SIGTERM)
[map_server-11] [INFO] [1790673063.045893985] [map_server]: Running Nav2 LifecycleNode rcl preshutdown (map_server)
[map_server-11] [INFO] [1790673063.046020638] [map_server]: Deactivating
[map_server-11] [INFO] [1790673063.046081277] [map_server]: Destroying bond (map_server) to lifecycle manager.
[amcl-12] [0m[INFO] [1790673063.056113041] [amcl]: Cleaning up[0m
[map_server-11] [INFO] [1790673063.056407435] [map_server]: Cleaning up
[map_server-11] [INFO] [1790673063.056501033] [map_server]: Destroying bond (map_server) to lifecycle manager.
[amcl-12] [0m[INFO] [1790673063.069270534] [amcl]: Destroying bond (amcl) to lifecycle manager.[0m
[joy_teleop-4] Traceback (most recent call last):
[joy_teleop-4]   File "/opt/ros/humble/lib/joy_teleop/joy_teleop", line 33, in <module>
[joy_teleop-4]     sys.exit(load_entry_point('joy-teleop==1.6.0', 'console_scripts', 'joy_teleop')())
[joy_teleop-4]   File "/opt/ros/humble/lib/python3.10/site-packages/joy_teleop/joy_teleop.py", line 435, in main
[joy_teleop-4]     rclpy.spin(node)
[joy_teleop-4]   File "/opt/ros/humble/local/lib/python3.10/dist-packages/rclpy/__init__.py", line 229, in spin
[joy_teleop-4]     executor.spin_once()
[joy_teleop-4]   File "/opt/ros/humble/local/lib/python3.10/dist-packages/rclpy/executors.py", line 812, in spin_once
[joy_teleop-4]     self._spin_once_impl(timeout_sec)
[joy_teleop-4]   File "/opt/ros/humble/local/lib/python3.10/dist-packages/rclpy/executors.py", line 801, in _spin_once_impl
[joy_teleop-4]     handler, entity, node = self.wait_for_ready_callbacks(timeout_sec=timeout_sec)
[joy_teleop-4]   File "/opt/ros/humble/local/lib/python3.10/dist-packages/rclpy/executors.py", line 784, in wait_for_ready_callbacks
[joy_teleop-4]     return next(self._cb_iter)
[joy_teleop-4]   File "/opt/ros/humble/local/lib/python3.10/dist-packages/rclpy/executors.py", line 685, in _wait_for_ready_callbacks
[joy_teleop-4]     raise ExternalShutdownException()
[joy_teleop-4] rclpy.executors.ExternalShutdownException
[map_server-11] [INFO] [1790673063.220240169] [map_server]: Destroying
[amcl-12] [0m[INFO] [1790673063.229663242] [amcl]: Destroying[0m
[lifecycle_manager-13] [INFO] [1790673063.229993923] [lifecycle_manager_localization]: Destroying lifecycle_manager_localization
[INFO] [twist_marker-7]: process has finished cleanly [pid 726831]
[INFO] [joy_node-5]: process has finished cleanly [pid 726827]
[INFO] [ekf_node-14]: process has finished cleanly [pid 727071]
[INFO] [twist_relay-9]: process has finished cleanly [pid 726843]
[INFO] [robot_state_publisher-2]: process has finished cleanly [pid 726821]
[INFO] [twist_mux-6]: process has finished cleanly [pid 726829]
[imu_republisher.py-15] Traceback (most recent call last):
[imu_republisher.py-15]   File "/home/molar1/bumperbot_ws/install/robot_lab_localization/lib/robot_lab_localization/imu_republisher.py", line 54, in <module>
[imu_republisher.py-15]     main()
[imu_republisher.py-15]   File "/home/molar1/bumperbot_ws/install/robot_lab_localization/lib/robot_lab_localization/imu_republisher.py", line 45, in main
[imu_republisher.py-15]     rclpy.spin(node)
[imu_republisher.py-15]   File "/opt/ros/humble/local/lib/python3.10/dist-packages/rclpy/__init__.py", line 229, in spin
[imu_republisher.py-15]     executor.spin_once()
[imu_republisher.py-15]   File "/opt/ros/humble/local/lib/python3.10/dist-packages/rclpy/executors.py", line 812, in spin_once
[imu_republisher.py-15]     self._spin_once_impl(timeout_sec)
[imu_republisher.py-15]   File "/opt/ros/humble/local/lib/python3.10/dist-packages/rclpy/executors.py", line 801, in _spin_once_impl
[imu_republisher.py-15]     handler, entity, node = self.wait_for_ready_callbacks(timeout_sec=timeout_sec)
[imu_republisher.py-15]   File "/opt/ros/humble/local/lib/python3.10/dist-packages/rclpy/executors.py", line 784, in wait_for_ready_callbacks
[imu_republisher.py-15]     return next(self._cb_iter)
[imu_republisher.py-15]   File "/opt/ros/humble/local/lib/python3.10/dist-packages/rclpy/executors.py", line 685, in _wait_for_ready_callbacks
[imu_republisher.py-15]     raise ExternalShutdownException()
[imu_republisher.py-15] rclpy.executors.ExternalShutdownException
[INFO] [wheel_imu_fusion-16]: process has finished cleanly [pid 727075]
[INFO] [joystick_relay.py-8]: process has finished cleanly [pid 726841]
[INFO] [amcl-12]: process has finished cleanly [pid 727067]
[INFO] [map_server-11]: process has finished cleanly [pid 727065]
[INFO] [go2-stance-gait-controller-1]: process has finished cleanly [pid 726819]
[ERROR] [joy_teleop-4]: process has died [pid 726825, exit code 1, cmd '/opt/ros/humble/lib/joy_teleop/joy_teleop --ros-args --params-file /home/molar1/bumperbot_ws/install/robot_lab_controller/share/robot_lab_controller/config/joy_teleop.yaml --params-file /workspace/molar/.tmp/launch_params_gxpnnbv1'].
[INFO] [mujoco_spawner-3]: process has finished cleanly [pid 726823]
[INFO] [lifecycle_manager-13]: process has finished cleanly [pid 727069]
[ERROR] [imu_republisher.py-15]: process has died [pid 727073, exit code 1, cmd '/home/molar1/bumperbot_ws/install/robot_lab_localization/lib/robot_lab_localization/imu_republisher.py --ros-args --params-file /workspace/molar/.tmp/launch_params_191sge0q'].
