[INFO] [launch]: All log files can be found below /home/molar1/.ros/log/2026-09-28-13-10-15-359612-molar1-189199
[INFO] [launch]: Default logging verbosity is set to INFO
[robot_lab] algorithm localization=amcl -> global_localization stack
[robot_lab] algorithm state_estimation=ekf_localization_node -> local_localization stack
[robot_lab] algorithm sensor_fusion=wheel_imu_fusion -> node robot_lab_algorithms/wheel_imu_fusion
[INFO] [go2-stance-gait-controller-1]: process started with pid [189244]
[INFO] [robot_state_publisher-2]: process started with pid [189246]
[INFO] [mujoco_spawner-3]: process started with pid [189248]
[INFO] [joy_teleop-4]: process started with pid [189250]
[INFO] [joy_node-5]: process started with pid [189252]
[INFO] [twist_mux-6]: process started with pid [189254]
[INFO] [twist_marker-7]: process started with pid [189256]
[INFO] [joystick_relay.py-8]: process started with pid [189258]
[INFO] [twist_relay-9]: process started with pid [189262]
[INFO] [simulator_ready_gate-10]: process started with pid [189270]
[robot_state_publisher-2] [INFO] [1790593816.281142570] [robot_state_publisher]: got segment FL_calf
[robot_state_publisher-2] [INFO] [1790593816.282664971] [robot_state_publisher]: got segment FL_calf_rotor
[robot_state_publisher-2] [INFO] [1790593816.283499240] [robot_state_publisher]: got segment FL_foot
[robot_state_publisher-2] [INFO] [1790593816.284195691] [robot_state_publisher]: got segment FL_hip
[robot_state_publisher-2] [INFO] [1790593816.284841200] [robot_state_publisher]: got segment FL_hip_rotor
[robot_state_publisher-2] [INFO] [1790593816.285394169] [robot_state_publisher]: got segment FL_thigh
[robot_state_publisher-2] [INFO] [1790593816.285904419] [robot_state_publisher]: got segment FL_thigh_rotor
[robot_state_publisher-2] [INFO] [1790593816.286401518] [robot_state_publisher]: got segment FR_calf
[robot_state_publisher-2] [INFO] [1790593816.286856827] [robot_state_publisher]: got segment FR_calf_rotor
[robot_state_publisher-2] [INFO] [1790593816.287292457] [robot_state_publisher]: got segment FR_foot
[robot_state_publisher-2] [INFO] [1790593816.287719799] [robot_state_publisher]: got segment FR_hip
[robot_state_publisher-2] [INFO] [1790593816.288160645] [robot_state_publisher]: got segment FR_hip_rotor
[robot_state_publisher-2] [INFO] [1790593816.288597235] [robot_state_publisher]: got segment FR_thigh
[robot_state_publisher-2] [INFO] [1790593816.289004130] [robot_state_publisher]: got segment FR_thigh_rotor
[robot_state_publisher-2] [INFO] [1790593816.289393777] [robot_state_publisher]: got segment RL_calf
[robot_state_publisher-2] [INFO] [1790593816.289829823] [robot_state_publisher]: got segment RL_calf_rotor
[robot_state_publisher-2] [INFO] [1790593816.290248526] [robot_state_publisher]: got segment RL_foot
[robot_state_publisher-2] [INFO] [1790593816.290665404] [robot_state_publisher]: got segment RL_hip
[robot_state_publisher-2] [INFO] [1790593816.291072171] [robot_state_publisher]: got segment RL_hip_rotor
[robot_state_publisher-2] [INFO] [1790593816.291480954] [robot_state_publisher]: got segment RL_thigh
[robot_state_publisher-2] [INFO] [1790593816.291889353] [robot_state_publisher]: got segment RL_thigh_rotor
[robot_state_publisher-2] [INFO] [1790593816.292296440] [robot_state_publisher]: got segment RR_calf
[robot_state_publisher-2] [INFO] [1790593816.292318711] [robot_state_publisher]: got segment RR_calf_rotor
[robot_state_publisher-2] [INFO] [1790593816.292330167] [robot_state_publisher]: got segment RR_foot
[robot_state_publisher-2] [INFO] [1790593816.292341046] [robot_state_publisher]: got segment RR_hip
[robot_state_publisher-2] [INFO] [1790593816.292349718] [robot_state_publisher]: got segment RR_hip_rotor
[robot_state_publisher-2] [INFO] [1790593816.292357526] [robot_state_publisher]: got segment RR_thigh
[robot_state_publisher-2] [INFO] [1790593816.292364821] [robot_state_publisher]: got segment RR_thigh_rotor
[robot_state_publisher-2] [INFO] [1790593816.292371925] [robot_state_publisher]: got segment base
[robot_state_publisher-2] [INFO] [1790593816.292379509] [robot_state_publisher]: got segment front_camera
[robot_state_publisher-2] [INFO] [1790593816.292386516] [robot_state_publisher]: got segment imu_link
[robot_state_publisher-2] [INFO] [1790593816.292393524] [robot_state_publisher]: got segment trunk
[twist_mux-6] [INFO] [1790593816.300528192] [twist_mux]: Topic handler 'topics.joystick' subscribed to topic 'joy_vel': timeout = 0.500000s , priority = 99.
[twist_mux-6] [INFO] [1790593816.301540054] [twist_mux]: Topic handler 'topics.keyboard' subscribed to topic 'key_vel': timeout = 0.500000s , priority = 90.
[twist_mux-6] [INFO] [1790593816.301791435] [twist_mux]: Topic handler 'topics.navigation' subscribed to topic 'cmd_vel': timeout = 0.500000s , priority = 80.
[twist_mux-6] [INFO] [1790593816.301986499] [twist_mux]: Topic handler 'locks.safety_stop' subscribed to topic 'safety_stop': timeout = None , priority = 255.
[go2-stance-gait-controller-1] [0;93m2026-09-28 13:10:16.923785793 [W:onnxruntime:Default, device_discovery.cc:164 DiscoverDevicesForPlatform] GPU device discovery failed: device_discovery.cc:89 ReadFileContents Failed to open file: "/sys/class/drm/card1/device/vendor"[m
[go2-stance-gait-controller-1] [INFO] [1790593816.992417132] [go2_stance_gait_controller]: Go2 closed-loop stance: 12 effort joints at 250.0 Hz; controller ONNX velocity policy
[mujoco_spawner-3] [INFO] [1790593818.164897612] [mujoco_spawner]: MuJoCo: 18 collision proxy geom(s) moved to group 3 (viewer Rendering tab to show them).
[mujoco_spawner-3] [INFO] [1790593818.211892613] [mujoco_spawner]: MuJoCo URDF import OK (all meshes staged).
[mujoco_spawner-3] [WARN] [1790593818.221958274] [mujoco_spawner]: MuJoCo effort plant: no MJCF beside /home/molar1/bumperbot_ws/install/robot_lab_robots/share/robot_lab_robots/unitree/go2_description/xacro/go2_sim.xacro names every effort joint; keeping the URDF <dynamics> (damping=5.0 is a Gazebo stabiliser the robot does not have).
[mujoco_spawner-3] [INFO] [1790593818.265131674] [mujoco_spawner]: MuJoCo physics timestep: 0.0010 s
[mujoco_spawner-3] [INFO] [1790593818.266569214] [mujoco_spawner]: Robot has no 'oakd_rgb_camera_frame' link; no RGB-D camera is published.
[mujoco_spawner-3] [INFO] [1790593818.267427322] [mujoco_spawner]: Joints: ['FR_hip_joint', 'FR_thigh_joint', 'FR_calf_joint', 'FL_hip_joint', 'FL_thigh_joint', 'FL_calf_joint', 'RR_hip_joint', 'RR_thigh_joint', 'RR_calf_joint', 'RL_hip_joint', 'RL_thigh_joint', 'RL_calf_joint']   lw= rw=
[mujoco_spawner-3] [INFO] [1790593818.269397832] [mujoco_spawner]: MuJoCo effort joint armature: 0.0100 kg m^2
[mujoco_spawner-3] [INFO] [1790593818.270988166] [mujoco_spawner]: Joint effort input: /go2_group_effort_controller/commands (12 joints, URDF limits)
[mujoco_spawner-3] [INFO] [1790593818.272762428] [mujoco_spawner]: Spawn ground clearance: raised root by 0.1350 m
[mujoco_spawner-3] [INFO] [1790593818.273645239] [mujoco_spawner]: MuJoCo model loaded: 14 bodies, 13 joints
[mujoco_spawner-3] [INFO] [1790593818.274210144] [mujoco_spawner]: MuJoCo gui param=False (resolved=False), DISPLAY=:1 -> mode=DIRECT
[mujoco_spawner-3] [INFO] [1790593818.274698283] [mujoco_spawner]: MuJoCo running headless (gui=False, viewer=True).
[mujoco_spawner-3] [INFO] [1790593818.275626341] [mujoco_spawner]: MuJoCo spawner running.
[go2-stance-gait-controller-1] [WARN] [1790593818.282312430] [go2_stance_gait_controller]: Go2 safety safe_stop: tilt 1.20 rad exceeds fall threshold
[go2-stance-gait-controller-1] [INFO] [1790593818.283687605] [go2_stance_gait_controller]: Go2 recovery idle
[go2-stance-gait-controller-1] [INFO] [1790593818.400945245] [go2_stance_gait_controller]: Go2 recovery attempting:tuck
[INFO] [simulator_ready_gate-10]: process has finished cleanly [pid 189270]
[INFO] [amcl-12]: process started with pid [189525]
[INFO] [map_server-11]: process started with pid [189523]
[INFO] [lifecycle_manager-13]: process started with pid [189527]
[INFO] [ekf_node-14]: process started with pid [189529]
[INFO] [imu_republisher.py-15]: process started with pid [189531]
[INFO] [wheel_imu_fusion-16]: process started with pid [189533]
[amcl-12] [0m[INFO] [1790593818.700450873] [amcl]: 
[amcl-12] 	amcl lifecycle node launched. 
[amcl-12] 	Waiting on external lifecycle transitions to activate
[amcl-12] 	See https://design.ros2.org/articles/node_lifecycle.html for more information.[0m
[amcl-12] [0m[INFO] [1790593818.703471227] [amcl]: Creating[0m
[map_server-11] [INFO] [1790593818.707415383] [map_server]: 
[map_server-11] 	map_server lifecycle node launched. 
[map_server-11] 	Waiting on external lifecycle transitions to activate
[map_server-11] 	See https://design.ros2.org/articles/node_lifecycle.html for more information.
[map_server-11] [INFO] [1790593818.711806239] [map_server]: Creating
[lifecycle_manager-13] [INFO] [1790593818.721802431] [lifecycle_manager_localization]: Creating
[lifecycle_manager-13] [INFO] [1790593818.739667446] [lifecycle_manager_localization]: [34m[1mCreating and initializing lifecycle service clients[0m[0m
[lifecycle_manager-13] [INFO] [1790593818.761444170] [lifecycle_manager_localization]: [34m[1mStarting managed nodes bringup...[0m[0m
[lifecycle_manager-13] [INFO] [1790593818.761553606] [lifecycle_manager_localization]: [34m[1mConfiguring map_server[0m[0m
[map_server-11] [INFO] [1790593818.761991060] [map_server]: Configuring
[map_server-11] [INFO] [1790593818.762174956] [map_io]: Loading yaml file: /home/molar1/bumperbot_ws/install/robot_lab_maps/share/robot_lab_maps/maps/nav_empty/maps/map.yaml
[map_server-11] [INFO] [1790593818.762583867] [map_io]: resolution: 0.05
[map_server-11] [INFO] [1790593818.762599898] [map_io]: origin[0]: -7
[map_server-11] [INFO] [1790593818.762605818] [map_io]: origin[1]: -7
[map_server-11] [INFO] [1790593818.762610170] [map_io]: origin[2]: 0
[map_server-11] [INFO] [1790593818.762614842] [map_io]: free_thresh: 0.196
[map_server-11] [INFO] [1790593818.762619449] [map_io]: occupied_thresh: 0.65
[map_server-11] [INFO] [1790593818.762624921] [map_io]: mode: trinary
[map_server-11] [INFO] [1790593818.762631449] [map_io]: negate: 0
[map_server-11] [INFO] [1790593818.762928173] [map_io]: Loading image_file: /home/molar1/bumperbot_ws/install/robot_lab_maps/share/robot_lab_maps/maps/nav_empty/maps/map.pgm
[map_server-11] [INFO] [1790593818.773528755] [map_io]: Read map /home/molar1/bumperbot_ws/install/robot_lab_maps/share/robot_lab_maps/maps/nav_empty/maps/map.pgm: 280 X 280 map @ 0.05 m/cell
[lifecycle_manager-13] [INFO] [1790593818.782666742] [lifecycle_manager_localization]: [34m[1mConfiguring amcl[0m[0m
[amcl-12] [0m[INFO] [1790593818.783895171] [amcl]: Configuring[0m
[amcl-12] [0m[INFO] [1790593818.784063388] [amcl]: initTransforms[0m
[amcl-12] [0m[INFO] [1790593818.796262175] [amcl]: initPubSub[0m
[amcl-12] [0m[INFO] [1790593818.802204039] [amcl]: Subscribed to map topic.[0m
[go2-stance-gait-controller-1] [INFO] [1790593818.807733729] [go2_stance_gait_controller]: Go2 recovery attempting:roll
[lifecycle_manager-13] [INFO] [1790593818.808411525] [lifecycle_manager_localization]: [34m[1mActivating map_server[0m[0m
[map_server-11] [INFO] [1790593818.808700089] [map_server]: Activating
[map_server-11] [INFO] [1790593818.809015852] [map_server]: Creating bond (map_server) to lifecycle manager.
[amcl-12] [0m[INFO] [1790593818.854917458] [amcl]: Received a 280 X 280 map @ 0.050 m/pix[0m
[lifecycle_manager-13] [INFO] [1790593818.916733026] [lifecycle_manager_localization]: Server map_server connected with bond.
[lifecycle_manager-13] [INFO] [1790593818.916812318] [lifecycle_manager_localization]: [34m[1mActivating amcl[0m[0m
[amcl-12] [0m[INFO] [1790593818.917302570] [amcl]: Activating[0m
[amcl-12] [0m[INFO] [1790593818.917425349] [amcl]: initialPoseReceived[0m
[amcl-12] [0m[INFO] [1790593818.917664955] [amcl]: Setting pose (0.464000): -0.500 -0.500 0.000[0m
[amcl-12] [0m[INFO] [1790593818.918418683] [amcl]: Creating bond (amcl) to lifecycle manager.[0m
[lifecycle_manager-13] [INFO] [1790593819.025437488] [lifecycle_manager_localization]: Server amcl connected with bond.
[lifecycle_manager-13] [INFO] [1790593819.025546283] [lifecycle_manager_localization]: [34m[1mManaged nodes are active[0m[0m
[lifecycle_manager-13] [INFO] [1790593819.025633191] [lifecycle_manager_localization]: [34m[1mCreating bond timer...[0m[0m
[amcl-12] [0m[INFO] [1790593819.152853944] [amcl]: createLaserObject[0m
[wheel_imu_fusion-16] [INFO] [1790593819.373054057] [sensor_fusion_wheel_imu_fusion]: wheel_imu_fusion ready
[go2-stance-gait-controller-1] [INFO] [1790593819.510898335] [go2_stance_gait_controller]: Go2 recovery failed:roll
[amcl-12] [0m[INFO] [1790593842.617323417] [rclcpp]: signal_handler(SIGINT/SIGTERM)[0m
[amcl-12] [0m[INFO] [1790593842.617514129] [amcl]: Running Nav2 LifecycleNode rcl preshutdown (amcl)[0m
[amcl-12] [0m[INFO] [1790593842.617668107] [amcl]: Deactivating[0m
[amcl-12] [0m[INFO] [1790593842.617725897] [amcl]: Destroying bond (amcl) to lifecycle manager.[0m
[lifecycle_manager-13] [INFO] [1790593842.617304346] [rclcpp]: signal_handler(SIGINT/SIGTERM)
[lifecycle_manager-13] [INFO] [1790593842.617521745] [lifecycle_manager_localization]: Running Nav2 LifecycleManager rcl preshutdown (lifecycle_manager_localization)
[lifecycle_manager-13] [INFO] [1790593842.617627181] [lifecycle_manager_localization]: [34m[1mTerminating bond timer...[0m[0m
[map_server-11] [INFO] [1790593842.617330105] [rclcpp]: signal_handler(SIGINT/SIGTERM)
[map_server-11] [INFO] [1790593842.617598350] [map_server]: Running Nav2 LifecycleNode rcl preshutdown (map_server)
[map_server-11] [INFO] [1790593842.617749096] [map_server]: Deactivating
[map_server-11] [INFO] [1790593842.617795558] [map_server]: Destroying bond (map_server) to lifecycle manager.
[twist_relay-9] [INFO] [1790593842.617324793] [rclcpp]: signal_handler(SIGINT/SIGTERM)
[twist_marker-7] [INFO] [1790593842.617425301] [rclcpp]: signal_handler(SIGINT/SIGTERM)
[joy_node-5] [INFO] [1790593842.617467283] [rclcpp]: signal_handler(SIGINT/SIGTERM)
[twist_mux-6] [INFO] [1790593842.617931648] [rclcpp]: signal_handler(SIGINT/SIGTERM)
[ekf_node-14] [INFO] [1790593842.618128376] [rclcpp]: signal_handler(SIGINT/SIGTERM)
[robot_state_publisher-2] [INFO] [1790593842.618980342] [rclcpp]: signal_handler(SIGINT/SIGTERM)
[amcl-12] [0m[INFO] [1790593842.628405401] [amcl]: Cleaning up[0m
[map_server-11] [INFO] [1790593842.628283806] [map_server]: Cleaning up
[map_server-11] [INFO] [1790593842.628396505] [map_server]: Destroying bond (map_server) to lifecycle manager.
[amcl-12] [0m[INFO] [1790593842.661467233] [amcl]: Destroying bond (amcl) to lifecycle manager.[0m
[joy_teleop-4] Traceback (most recent call last):
[joy_teleop-4]   File "/opt/ros/humble/lib/joy_teleop/joy_teleop", line 33, in <module>
[joy_teleop-4]     sys.exit(load_entry_point('joy-teleop==1.6.0', 'console_scripts', 'joy_teleop')())
[joy_teleop-4]   File "/opt/ros/humble/lib/python3.10/site-packages/joy_teleop/joy_teleop.py", line 435, in main
[joy_teleop-4]     rclpy.spin(node)
[joy_teleop-4]   File "/opt/ros/humble/local/lib/python3.10/dist-packages/rclpy/__init__.py", line 229, in spin
[joy_teleop-4]     executor.spin_once()
[joy_teleop-4]   File "/opt/ros/humble/local/lib/python3.10/dist-packages/rclpy/executors.py", line 812, in spin_once
[joy_teleop-4]     self._spin_once_impl(timeout_sec)
[joy_teleop-4]   File "/opt/ros/humble/local/lib/python3.10/dist-packages/rclpy/executors.py", line 801, in _spin_once_impl
[joy_teleop-4]     handler, entity, node = self.wait_for_ready_callbacks(timeout_sec=timeout_sec)
[joy_teleop-4]   File "/opt/ros/humble/local/lib/python3.10/dist-packages/rclpy/executors.py", line 784, in wait_for_ready_callbacks
[joy_teleop-4]     return next(self._cb_iter)
[joy_teleop-4]   File "/opt/ros/humble/local/lib/python3.10/dist-packages/rclpy/executors.py", line 685, in _wait_for_ready_callbacks
[joy_teleop-4]     raise ExternalShutdownException()
[joy_teleop-4] rclpy.executors.ExternalShutdownException
[amcl-12] [0m[INFO] [1790593842.725204275] [amcl]: Destroying[0m
[map_server-11] [INFO] [1790593842.813011991] [map_server]: Destroying
[lifecycle_manager-13] [INFO] [1790593842.817105490] [lifecycle_manager_localization]: Destroying lifecycle_manager_localization
[INFO] [twist_relay-9]: process has finished cleanly [pid 189262]
[INFO] [twist_marker-7]: process has finished cleanly [pid 189256]
[INFO] [twist_mux-6]: process has finished cleanly [pid 189254]
[INFO] [ekf_node-14]: process has finished cleanly [pid 189529]
[INFO] [joy_node-5]: process has finished cleanly [pid 189252]
[INFO] [robot_state_publisher-2]: process has finished cleanly [pid 189246]
[INFO] [wheel_imu_fusion-16]: process has finished cleanly [pid 189533]
[imu_republisher.py-15] Traceback (most recent call last):
[imu_republisher.py-15]   File "/home/molar1/bumperbot_ws/install/robot_lab_localization/lib/robot_lab_localization/imu_republisher.py", line 54, in <module>
[imu_republisher.py-15]     main()
[imu_republisher.py-15]   File "/home/molar1/bumperbot_ws/install/robot_lab_localization/lib/robot_lab_localization/imu_republisher.py", line 45, in main
[imu_republisher.py-15]     rclpy.spin(node)
[imu_republisher.py-15]   File "/opt/ros/humble/local/lib/python3.10/dist-packages/rclpy/__init__.py", line 229, in spin
[imu_republisher.py-15]     executor.spin_once()
[imu_republisher.py-15]   File "/opt/ros/humble/local/lib/python3.10/dist-packages/rclpy/executors.py", line 812, in spin_once
[imu_republisher.py-15]     self._spin_once_impl(timeout_sec)
[imu_republisher.py-15]   File "/opt/ros/humble/local/lib/python3.10/dist-packages/rclpy/executors.py", line 801, in _spin_once_impl
[imu_republisher.py-15]     handler, entity, node = self.wait_for_ready_callbacks(timeout_sec=timeout_sec)
[imu_republisher.py-15]   File "/opt/ros/humble/local/lib/python3.10/dist-packages/rclpy/executors.py", line 784, in wait_for_ready_callbacks
[imu_republisher.py-15]     return next(self._cb_iter)
[imu_republisher.py-15]   File "/opt/ros/humble/local/lib/python3.10/dist-packages/rclpy/executors.py", line 685, in _wait_for_ready_callbacks
[imu_republisher.py-15]     raise ExternalShutdownException()
[imu_republisher.py-15] rclpy.executors.ExternalShutdownException
[INFO] [amcl-12]: process has finished cleanly [pid 189525]
[INFO] [go2-stance-gait-controller-1]: process has finished cleanly [pid 189244]
[INFO] [joystick_relay.py-8]: process has finished cleanly [pid 189258]
[ERROR] [joy_teleop-4]: process has died [pid 189250, exit code 1, cmd '/opt/ros/humble/lib/joy_teleop/joy_teleop --ros-args --params-file /home/molar1/bumperbot_ws/install/robot_lab_controller/share/robot_lab_controller/config/joy_teleop.yaml --params-file /workspace/molar/.tmp/launch_params_3e30rwi0'].
[INFO] [mujoco_spawner-3]: process has finished cleanly [pid 189248]
[ERROR] [imu_republisher.py-15]: process has died [pid 189531, exit code 1, cmd '/home/molar1/bumperbot_ws/install/robot_lab_localization/lib/robot_lab_localization/imu_republisher.py --ros-args --params-file /workspace/molar/.tmp/launch_params_jou706cv'].
[INFO] [lifecycle_manager-13]: process has finished cleanly [pid 189527]
[INFO] [map_server-11]: process has finished cleanly [pid 189523]
