[INFO] [launch]: All log files can be found below /home/molar1/.ros/log/2026-10-01-16-13-10-985531-molar1-539591
[INFO] [launch]: Default logging verbosity is set to INFO
[INFO] [robot_state_publisher-1]: process started with pid [539659]
[INFO] [pybullet_spawner-2]: process started with pid [539661]
[robot_state_publisher-1] [INFO] [1790863991.756750775] [robot_state_publisher]: got segment base_footprint
[robot_state_publisher-1] [INFO] [1790863991.756918679] [robot_state_publisher]: got segment base_link
[robot_state_publisher-1] [INFO] [1790863991.756938679] [robot_state_publisher]: got segment front_left_knuckle_link
[robot_state_publisher-1] [INFO] [1790863991.756949783] [robot_state_publisher]: got segment front_left_wheel_link
[robot_state_publisher-1] [INFO] [1790863991.756958711] [robot_state_publisher]: got segment front_right_knuckle_link
[robot_state_publisher-1] [INFO] [1790863991.756966519] [robot_state_publisher]: got segment front_right_wheel_link
[robot_state_publisher-1] [INFO] [1790863991.756974455] [robot_state_publisher]: got segment imu_link
[robot_state_publisher-1] [INFO] [1790863991.756982327] [robot_state_publisher]: got segment laser_link
[robot_state_publisher-1] [INFO] [1790863991.756990167] [robot_state_publisher]: got segment laser_mast_link
[robot_state_publisher-1] [INFO] [1790863991.756997943] [robot_state_publisher]: got segment oakd_imu_frame
[robot_state_publisher-1] [INFO] [1790863991.757005399] [robot_state_publisher]: got segment oakd_left_camera_frame
[robot_state_publisher-1] [INFO] [1790863991.757013207] [robot_state_publisher]: got segment oakd_left_camera_optical_frame
[robot_state_publisher-1] [INFO] [1790863991.757021079] [robot_state_publisher]: got segment oakd_link
[robot_state_publisher-1] [INFO] [1790863991.757028535] [robot_state_publisher]: got segment oakd_rgb_camera_frame
[robot_state_publisher-1] [INFO] [1790863991.757035959] [robot_state_publisher]: got segment oakd_rgb_camera_optical_frame
[robot_state_publisher-1] [INFO] [1790863991.757043383] [robot_state_publisher]: got segment oakd_right_camera_frame
[robot_state_publisher-1] [INFO] [1790863991.757050743] [robot_state_publisher]: got segment oakd_right_camera_optical_frame
[robot_state_publisher-1] [INFO] [1790863991.757058071] [robot_state_publisher]: got segment rear_left_wheel_link
[robot_state_publisher-1] [INFO] [1790863991.757065431] [robot_state_publisher]: got segment rear_right_wheel_link
[pybullet_spawner-2] pybullet build time: Sep  2 2026 15:08:17
[pybullet_spawner-2] [INFO] [1790863992.353331254] [pybullet_spawner]: PyBulletSpawner __init__ started
[pybullet_spawner-2] [INFO] [1790863992.358353045] [pybullet_spawner]: Parameters declared
[pybullet_spawner-2] [INFO] [1790863992.370880339] [pybullet_spawner]: Created /robot_lab/ready publisher
[pybullet_spawner-2] [INFO] [1790863992.373016754] [pybullet_spawner]: Created /robot_lab/health publisher
[pybullet_spawner-2] [INFO] [1790863992.374872178] [pybullet_spawner]: Created /robot_lab/reset service
[pybullet_spawner-2] [INFO] [1790863993.089132028] [pybullet_spawner]: URDF written to /workspace/molar/.tmp/tmpd650pt7d.urdf
[pybullet_spawner-2] [INFO] [1790863993.090134012] [pybullet_spawner]: PyBullet gui param=False (resolved=False), DISPLAY=:1 -> mode=DIRECT
[pybullet_spawner-2] [INFO] [1790863993.090985211] [pybullet_spawner]: Connecting to PyBullet...
[pybullet_spawner-2] [INFO] [1790863993.103439097] [pybullet_spawner]: PyBullet connected with client_id=0
[pybullet_spawner-2] [INFO] [1790863993.104450521] [pybullet_spawner]: PyBullet physics engine configured
[pybullet_spawner-2] [INFO] [1790863993.122961942] [pybullet_spawner]: SDF world 'nav_empty.world': 9 static shape(s) created, 0 skipped
[pybullet_spawner-2] b3Warning[examples/Importers/ImportURDFDemo/BulletUrdfImporter.cpp,126]:
[pybullet_spawner-2] No inertial data for link, using mass=1, localinertiadiagonal = 1,1,1, identity local inertial frameb3Warning[examples/Importers/ImportURDFDemo/BulletUrdfImporter.cpp,126]:
[pybullet_spawner-2] base_footprintb3Warning[examples/Importers/ImportURDFDemo/BulletUrdfImporter.cpp,126]:
[pybullet_spawner-2] No inertial data for link, using mass=1, localinertiadiagonal = 1,1,1, identity local inertial frameb3Warning[examples/Importers/ImportURDFDemo/BulletUrdfImporter.cpp,126]:
[pybullet_spawner-2] [INFO] [1790863993.133986868] [pybullet_spawner]: Loaded robot id=10 (18 joints)
[pybullet_spawner-2] [INFO] [1790863993.136164660] [pybullet_spawner]: Joint damping capped for stability on 2 joint(s): front_left_steer_joint, front_right_steer_joint
[pybullet_spawner-2] [INFO] [1790863993.137109716] [pybullet_spawner]: Friction from the description's <gazebo> blocks: front_left_wheel_link=1, front_right_wheel_link=1, rear_left_wheel_link=1, rear_right_wheel_link=1
[pybullet_spawner-2] [INFO] [1790863993.140517907] [pybullet_spawner]: RGB-D camera on 'oakd_rgb_camera_frame': 320x240 at 5.0 Hz (software renderer)
[pybullet_spawner-2] laser_mast_linkb3Warning[examples/Importers/ImportURDFDemo/BulletUrdfImporter.cpp,126]:
[pybullet_spawner-2] No inertial data for link, using mass=1, localinertiadiagonal = 1,1,1, identity local inertial frameb3Warning[examples/Importers/ImportURDFDemo/BulletUrdfImporter.cpp,126]:
[pybullet_spawner-2] base_footprintb3Warning[examples/Importers/ImportURDFDemo/BulletUrdfImporter.cpp,126]:
[pybullet_spawner-2] No inertial data for link, using mass=1, localinertiadiagonal = 1,1,1, identity local inertial frameb3Warning[examples/Importers/ImportURDFDemo/BulletUrdfImporter.cpp,126]:
[pybullet_spawner-2] [INFO] [1790863993.166986959] [pybullet_spawner]: SDF world 'nav_empty.world': 9 static shape(s) created, 0 skipped
[pybullet_spawner-2] [INFO] [1790863993.168347502] [pybullet_spawner]: Drive: ackermann, wheels ['rear_left_wheel_joint', 'rear_right_wheel_joint', 'front_left_wheel_joint', 'front_right_wheel_joint'], steering ['front_left_steer_joint', 'front_right_steer_joint']
[pybullet_spawner-2] [INFO] [1790863993.169238766] [pybullet_spawner]: Joints: ['rear_left_wheel_joint', 'rear_right_wheel_joint', 'front_left_steer_joint', 'front_left_wheel_joint', 'front_right_steer_joint', 'front_right_wheel_joint']  lw=rear_left_wheel_joint rw=rear_right_wheel_joint
[pybullet_spawner-2] [INFO] [1790863993.237063395] [pybullet_spawner]: PyBullet spawner running
[WARNING] [launch]: user interrupted with ctrl-c (SIGINT)
[ERROR] [pybullet_spawner-2]: process[pybullet_spawner-2] failed to terminate '5' seconds after receiving 'SIGINT', escalating to 'SIGTERM'
[ERROR] [robot_state_publisher-1]: process[robot_state_publisher-1] failed to terminate '5' seconds after receiving 'SIGINT', escalating to 'SIGTERM'
[INFO] [pybullet_spawner-2]: sending signal 'SIGTERM' to process[pybullet_spawner-2]
[INFO] [robot_state_publisher-1]: sending signal 'SIGTERM' to process[robot_state_publisher-1]
[robot_state_publisher-1] [INFO] [1790864025.730512459] [rclcpp]: signal_handler(SIGINT/SIGTERM)
[INFO] [robot_state_publisher-1]: process has finished cleanly [pid 539659]
[INFO] [pybullet_spawner-2]: process has finished cleanly [pid 539661]
[pybullet_spawner-2] laser_mast_link
