[INFO] [launch]: All log files can be found below /home/molar1/.ros/log/2026-09-28-11-43-32-696142-molar1-124042
[INFO] [launch]: Default logging verbosity is set to INFO
[robot_lab] algorithm localization=amcl -> global_localization stack
[robot_lab] algorithm state_estimation=ekf_localization_node -> local_localization stack
[robot_lab] algorithm sensor_fusion=wheel_imu_fusion -> node robot_lab_algorithms/wheel_imu_fusion
[INFO] [go2-stance-gait-controller-1]: process started with pid [124097]
[INFO] [robot_state_publisher-2]: process started with pid [124099]
[INFO] [mujoco_spawner-3]: process started with pid [124101]
[INFO] [joy_teleop-4]: process started with pid [124103]
[INFO] [joy_node-5]: process started with pid [124105]
[INFO] [twist_mux-6]: process started with pid [124111]
[INFO] [twist_marker-7]: process started with pid [124120]
[INFO] [joystick_relay.py-8]: process started with pid [124122]
[INFO] [twist_relay-9]: process started with pid [124151]
[INFO] [simulator_ready_gate-10]: process started with pid [124155]
[robot_state_publisher-2] [INFO] [1790588613.628206431] [robot_state_publisher]: got segment FL_calf
[robot_state_publisher-2] [INFO] [1790588613.628562278] [robot_state_publisher]: got segment FL_calf_rotor
[robot_state_publisher-2] [INFO] [1790588613.628591590] [robot_state_publisher]: got segment FL_foot
[robot_state_publisher-2] [INFO] [1790588613.628602727] [robot_state_publisher]: got segment FL_hip
[robot_state_publisher-2] [INFO] [1790588613.628610919] [robot_state_publisher]: got segment FL_hip_rotor
[robot_state_publisher-2] [INFO] [1790588613.628618887] [robot_state_publisher]: got segment FL_thigh
[robot_state_publisher-2] [INFO] [1790588613.628626311] [robot_state_publisher]: got segment FL_thigh_rotor
[robot_state_publisher-2] [INFO] [1790588613.628633959] [robot_state_publisher]: got segment FR_calf
[robot_state_publisher-2] [INFO] [1790588613.628641255] [robot_state_publisher]: got segment FR_calf_rotor
[robot_state_publisher-2] [INFO] [1790588613.628648744] [robot_state_publisher]: got segment FR_foot
[robot_state_publisher-2] [INFO] [1790588613.628656360] [robot_state_publisher]: got segment FR_hip
[robot_state_publisher-2] [INFO] [1790588613.628663528] [robot_state_publisher]: got segment FR_hip_rotor
[robot_state_publisher-2] [INFO] [1790588613.628670792] [robot_state_publisher]: got segment FR_thigh
[robot_state_publisher-2] [INFO] [1790588613.628677928] [robot_state_publisher]: got segment FR_thigh_rotor
[robot_state_publisher-2] [INFO] [1790588613.628685000] [robot_state_publisher]: got segment RL_calf
[robot_state_publisher-2] [INFO] [1790588613.628692552] [robot_state_publisher]: got segment RL_calf_rotor
[robot_state_publisher-2] [INFO] [1790588613.628699625] [robot_state_publisher]: got segment RL_foot
[robot_state_publisher-2] [INFO] [1790588613.628706505] [robot_state_publisher]: got segment RL_hip
[robot_state_publisher-2] [INFO] [1790588613.628713545] [robot_state_publisher]: got segment RL_hip_rotor
[robot_state_publisher-2] [INFO] [1790588613.628720425] [robot_state_publisher]: got segment RL_thigh
[robot_state_publisher-2] [INFO] [1790588613.628727497] [robot_state_publisher]: got segment RL_thigh_rotor
[robot_state_publisher-2] [INFO] [1790588613.628734729] [robot_state_publisher]: got segment RR_calf
[robot_state_publisher-2] [INFO] [1790588613.628741897] [robot_state_publisher]: got segment RR_calf_rotor
[robot_state_publisher-2] [INFO] [1790588613.628749002] [robot_state_publisher]: got segment RR_foot
[robot_state_publisher-2] [INFO] [1790588613.628756234] [robot_state_publisher]: got segment RR_hip
[robot_state_publisher-2] [INFO] [1790588613.628763146] [robot_state_publisher]: got segment RR_hip_rotor
[robot_state_publisher-2] [INFO] [1790588613.628769994] [robot_state_publisher]: got segment RR_thigh
[robot_state_publisher-2] [INFO] [1790588613.628776746] [robot_state_publisher]: got segment RR_thigh_rotor
[robot_state_publisher-2] [INFO] [1790588613.628784042] [robot_state_publisher]: got segment base
[robot_state_publisher-2] [INFO] [1790588613.628791178] [robot_state_publisher]: got segment front_camera
[robot_state_publisher-2] [INFO] [1790588613.628798123] [robot_state_publisher]: got segment imu_link
[robot_state_publisher-2] [INFO] [1790588613.628805131] [robot_state_publisher]: got segment trunk
[twist_mux-6] [INFO] [1790588613.650974824] [twist_mux]: Topic handler 'topics.joystick' subscribed to topic 'joy_vel': timeout = 0.500000s , priority = 99.
[twist_mux-6] [INFO] [1790588613.652341636] [twist_mux]: Topic handler 'topics.keyboard' subscribed to topic 'key_vel': timeout = 0.500000s , priority = 90.
[twist_mux-6] [INFO] [1790588613.652748300] [twist_mux]: Topic handler 'topics.navigation' subscribed to topic 'cmd_vel': timeout = 0.500000s , priority = 80.
[twist_mux-6] [INFO] [1790588613.653122803] [twist_mux]: Topic handler 'locks.safety_stop' subscribed to topic 'safety_stop': timeout = None , priority = 255.
[go2-stance-gait-controller-1] [0;93m2026-09-28 11:43:34.494285262 [W:onnxruntime:Default, device_discovery.cc:164 DiscoverDevicesForPlatform] GPU device discovery failed: device_discovery.cc:89 ReadFileContents Failed to open file: "/sys/class/drm/card1/device/vendor"[m
[go2-stance-gait-controller-1] [INFO] [1790588614.589196542] [go2_stance_gait_controller]: Go2 closed-loop stance: 12 effort joints at 250.0 Hz; controller ONNX velocity policy
[mujoco_spawner-3] [INFO] [1790588615.913345938] [mujoco_spawner]: MuJoCo: 18 collision proxy geom(s) moved to group 3 (viewer Rendering tab to show them).
[mujoco_spawner-3] [INFO] [1790588615.971210810] [mujoco_spawner]: MuJoCo URDF import OK (all meshes staged).
[mujoco_spawner-3] [WARN] [1790588615.988277104] [mujoco_spawner]: MuJoCo effort plant: no MJCF beside /home/molar1/bumperbot_ws/install/robot_lab_robots/share/robot_lab_robots/unitree/go2_description/xacro/go2_sim.xacro names every effort joint; keeping the URDF <dynamics> (damping=5.0 is a Gazebo stabiliser the robot does not have).
[mujoco_spawner-3] [INFO] [1790588616.040801547] [mujoco_spawner]: MuJoCo physics timestep: 0.0010 s
[mujoco_spawner-3] [INFO] [1790588616.042979831] [mujoco_spawner]: Robot has no 'oakd_rgb_camera_frame' link; no RGB-D camera is published.
[mujoco_spawner-3] [INFO] [1790588616.044175439] [mujoco_spawner]: Joints: ['FR_hip_joint', 'FR_thigh_joint', 'FR_calf_joint', 'FL_hip_joint', 'FL_thigh_joint', 'FL_calf_joint', 'RR_hip_joint', 'RR_thigh_joint', 'RR_calf_joint', 'RL_hip_joint', 'RL_thigh_joint', 'RL_calf_joint']   lw= rw=
[mujoco_spawner-3] [INFO] [1790588616.047139786] [mujoco_spawner]: MuJoCo effort joint armature: 0.0100 kg m^2
[mujoco_spawner-3] [INFO] [1790588616.049008688] [mujoco_spawner]: Joint effort input: /go2_group_effort_controller/commands (12 joints, URDF limits)
[mujoco_spawner-3] [INFO] [1790588616.051742790] [mujoco_spawner]: Spawn ground clearance: raised root by 0.0838 m
[mujoco_spawner-3] [INFO] [1790588616.053090913] [mujoco_spawner]: MuJoCo model loaded: 14 bodies, 13 joints
[mujoco_spawner-3] [INFO] [1790588616.054072309] [mujoco_spawner]: MuJoCo gui param=False (resolved=False), DISPLAY=:1 -> mode=DIRECT
[mujoco_spawner-3] [INFO] [1790588616.054934278] [mujoco_spawner]: MuJoCo running headless (gui=False, viewer=True).
[mujoco_spawner-3] [INFO] [1790588616.060518262] [mujoco_spawner]: MuJoCo spawner running.
[go2-stance-gait-controller-1] [WARN] [1790588616.063644628] [go2_stance_gait_controller]: Go2 safety safe_stop: tilt 1.40 rad exceeds fall threshold
[go2-stance-gait-controller-1] [INFO] [1790588616.064695625] [go2_stance_gait_controller]: Go2 recovery idle
[go2-stance-gait-controller-1] [INFO] [1790588616.201919684] [go2_stance_gait_controller]: Go2 recovery attempting:tuck
[INFO] [simulator_ready_gate-10]: process has finished cleanly [pid 124155]
[INFO] [amcl-12]: process started with pid [124555]
[INFO] [map_server-11]: process started with pid [124553]
[INFO] [lifecycle_manager-13]: process started with pid [124557]
[INFO] [ekf_node-14]: process started with pid [124559]
[INFO] [imu_republisher.py-15]: process started with pid [124561]
[INFO] [wheel_imu_fusion-16]: process started with pid [124563]
[lifecycle_manager-13] [INFO] [1790588616.452197684] [lifecycle_manager_localization]: Creating
[lifecycle_manager-13] [INFO] [1790588616.457659490] [lifecycle_manager_localization]: [34m[1mCreating and initializing lifecycle service clients[0m[0m
[map_server-11] [INFO] [1790588616.471517975] [map_server]: 
[map_server-11] 	map_server lifecycle node launched. 
[map_server-11] 	Waiting on external lifecycle transitions to activate
[map_server-11] 	See https://design.ros2.org/articles/node_lifecycle.html for more information.
[map_server-11] [INFO] [1790588616.473174040] [map_server]: Creating
[amcl-12] [0m[INFO] [1790588616.487830077] [amcl]: 
[amcl-12] 	amcl lifecycle node launched. 
[amcl-12] 	Waiting on external lifecycle transitions to activate
[amcl-12] 	See https://design.ros2.org/articles/node_lifecycle.html for more information.[0m
[amcl-12] [0m[INFO] [1790588616.491246754] [amcl]: Creating[0m
[lifecycle_manager-13] [INFO] [1790588616.519370421] [lifecycle_manager_localization]: [34m[1mStarting managed nodes bringup...[0m[0m
[lifecycle_manager-13] [INFO] [1790588616.519537240] [lifecycle_manager_localization]: [34m[1mConfiguring map_server[0m[0m
[map_server-11] [INFO] [1790588616.532919492] [map_server]: Configuring
[map_server-11] [INFO] [1790588616.535552600] [map_io]: Loading yaml file: /home/molar1/bumperbot_ws/install/robot_lab_maps/share/robot_lab_maps/maps/nav_empty/maps/map.yaml
[map_server-11] [INFO] [1790588616.536015042] [map_io]: resolution: 0.05
[map_server-11] [INFO] [1790588616.536034978] [map_io]: origin[0]: -7
[map_server-11] [INFO] [1790588616.536041282] [map_io]: origin[1]: -7
[map_server-11] [INFO] [1790588616.536045954] [map_io]: origin[2]: 0
[map_server-11] [INFO] [1790588616.536050882] [map_io]: free_thresh: 0.196
[map_server-11] [INFO] [1790588616.536055778] [map_io]: occupied_thresh: 0.65
[map_server-11] [INFO] [1790588616.536061347] [map_io]: mode: trinary
[map_server-11] [INFO] [1790588616.536068547] [map_io]: negate: 0
[map_server-11] [INFO] [1790588616.536362857] [map_io]: Loading image_file: /home/molar1/bumperbot_ws/install/robot_lab_maps/share/robot_lab_maps/maps/nav_empty/maps/map.pgm
[map_server-11] [INFO] [1790588616.552240710] [map_io]: Read map /home/molar1/bumperbot_ws/install/robot_lab_maps/share/robot_lab_maps/maps/nav_empty/maps/map.pgm: 280 X 280 map @ 0.05 m/cell
[lifecycle_manager-13] [INFO] [1790588616.563392742] [lifecycle_manager_localization]: [34m[1mConfiguring amcl[0m[0m
[amcl-12] [0m[INFO] [1790588616.564626846] [amcl]: Configuring[0m
[amcl-12] [0m[INFO] [1790588616.564796994] [amcl]: initTransforms[0m
[amcl-12] [0m[INFO] [1790588616.574969677] [amcl]: initPubSub[0m
[amcl-12] [0m[INFO] [1790588616.580934661] [amcl]: Subscribed to map topic.[0m
[lifecycle_manager-13] [INFO] [1790588616.586677912] [lifecycle_manager_localization]: [34m[1mActivating map_server[0m[0m
[map_server-11] [INFO] [1790588616.587079200] [map_server]: Activating
[map_server-11] [INFO] [1790588616.587722924] [map_server]: Creating bond (map_server) to lifecycle manager.
[amcl-12] [0m[INFO] [1790588616.588414458] [amcl]: Received a 280 X 280 map @ 0.050 m/pix[0m
[go2-stance-gait-controller-1] [INFO] [1790588616.609327485] [go2_stance_gait_controller]: Go2 recovery attempting:roll
[lifecycle_manager-13] [INFO] [1790588616.693689461] [lifecycle_manager_localization]: Server map_server connected with bond.
[lifecycle_manager-13] [INFO] [1790588616.693776407] [lifecycle_manager_localization]: [34m[1mActivating amcl[0m[0m
[amcl-12] [0m[INFO] [1790588616.694158878] [amcl]: Activating[0m
[amcl-12] [0m[INFO] [1790588616.694251872] [amcl]: initialPoseReceived[0m
[amcl-12] [0m[INFO] [1790588616.694472325] [amcl]: Setting pose (0.488000): -0.500 -0.500 0.000[0m
[amcl-12] [0m[INFO] [1790588616.695056528] [amcl]: Creating bond (amcl) to lifecycle manager.[0m
[lifecycle_manager-13] [INFO] [1790588616.798209377] [lifecycle_manager_localization]: Server amcl connected with bond.
[lifecycle_manager-13] [INFO] [1790588616.798296739] [lifecycle_manager_localization]: [34m[1mManaged nodes are active[0m[0m
[lifecycle_manager-13] [INFO] [1790588616.798325475] [lifecycle_manager_localization]: [34m[1mCreating bond timer...[0m[0m
[amcl-12] [0m[INFO] [1790588616.873653671] [amcl]: createLaserObject[0m
[wheel_imu_fusion-16] [INFO] [1790588617.143674558] [sensor_fusion_wheel_imu_fusion]: wheel_imu_fusion ready
[go2-stance-gait-controller-1] [INFO] [1790588617.316728545] [go2_stance_gait_controller]: Go2 recovery unrecoverable:roll
[lifecycle_manager-13] [INFO] [1790588639.569867454] [rclcpp]: signal_handler(SIGINT/SIGTERM)
[lifecycle_manager-13] [INFO] [1790588639.570022401] [lifecycle_manager_localization]: Running Nav2 LifecycleManager rcl preshutdown (lifecycle_manager_localization)
[lifecycle_manager-13] [INFO] [1790588639.570112931] [lifecycle_manager_localization]: [34m[1mTerminating bond timer...[0m[0m
[map_server-11] [INFO] [1790588639.569907071] [rclcpp]: signal_handler(SIGINT/SIGTERM)
[map_server-11] [INFO] [1790588639.570104227] [map_server]: Running Nav2 LifecycleNode rcl preshutdown (map_server)
[map_server-11] [INFO] [1790588639.570228069] [map_server]: Deactivating
[map_server-11] [INFO] [1790588639.570259910] [map_server]: Destroying bond (map_server) to lifecycle manager.
[twist_relay-9] [INFO] [1790588639.569923903] [rclcpp]: signal_handler(SIGINT/SIGTERM)
[twist_marker-7] [INFO] [1790588639.569911679] [rclcpp]: signal_handler(SIGINT/SIGTERM)
[joy_node-5] [INFO] [1790588639.569919903] [rclcpp]: signal_handler(SIGINT/SIGTERM)
[ekf_node-14] [INFO] [1790588639.569916735] [rclcpp]: signal_handler(SIGINT/SIGTERM)
[twist_mux-6] [INFO] [1790588639.570268486] [rclcpp]: signal_handler(SIGINT/SIGTERM)
[amcl-12] [0m[INFO] [1790588639.570573228] [rclcpp]: signal_handler(SIGINT/SIGTERM)[0m
[amcl-12] [0m[INFO] [1790588639.570722030] [amcl]: Running Nav2 LifecycleNode rcl preshutdown (amcl)[0m
[amcl-12] [0m[INFO] [1790588639.570923858] [amcl]: Deactivating[0m
[amcl-12] [0m[INFO] [1790588639.570979027] [amcl]: Destroying bond (amcl) to lifecycle manager.[0m
[robot_state_publisher-2] [INFO] [1790588639.570930483] [rclcpp]: signal_handler(SIGINT/SIGTERM)
[amcl-12] [0m[INFO] [1790588639.581303260] [amcl]: Cleaning up[0m
[map_server-11] [INFO] [1790588639.580667407] [map_server]: Cleaning up
[map_server-11] [INFO] [1790588639.580784434] [map_server]: Destroying bond (map_server) to lifecycle manager.
[amcl-12] [0m[INFO] [1790588639.591555938] [amcl]: Destroying bond (amcl) to lifecycle manager.[0m
[joy_teleop-4] Traceback (most recent call last):
[joy_teleop-4]   File "/opt/ros/humble/lib/joy_teleop/joy_teleop", line 33, in <module>
[joy_teleop-4]     sys.exit(load_entry_point('joy-teleop==1.6.0', 'console_scripts', 'joy_teleop')())
[joy_teleop-4]   File "/opt/ros/humble/lib/python3.10/site-packages/joy_teleop/joy_teleop.py", line 435, in main
[joy_teleop-4]     rclpy.spin(node)
[joy_teleop-4]   File "/opt/ros/humble/local/lib/python3.10/dist-packages/rclpy/__init__.py", line 229, in spin
[joy_teleop-4]     executor.spin_once()
[joy_teleop-4]   File "/opt/ros/humble/local/lib/python3.10/dist-packages/rclpy/executors.py", line 812, in spin_once
[joy_teleop-4]     self._spin_once_impl(timeout_sec)
[joy_teleop-4]   File "/opt/ros/humble/local/lib/python3.10/dist-packages/rclpy/executors.py", line 801, in _spin_once_impl
[joy_teleop-4]     handler, entity, node = self.wait_for_ready_callbacks(timeout_sec=timeout_sec)
[joy_teleop-4]   File "/opt/ros/humble/local/lib/python3.10/dist-packages/rclpy/executors.py", line 784, in wait_for_ready_callbacks
[joy_teleop-4]     return next(self._cb_iter)
[joy_teleop-4]   File "/opt/ros/humble/local/lib/python3.10/dist-packages/rclpy/executors.py", line 685, in _wait_for_ready_callbacks
[joy_teleop-4]     raise ExternalShutdownException()
[joy_teleop-4] rclpy.executors.ExternalShutdownException
[lifecycle_manager-13] [INFO] [1790588639.675095734] [lifecycle_manager_localization]: Destroying lifecycle_manager_localization
[map_server-11] [INFO] [1790588639.693660446] [map_server]: Destroying
[amcl-12] [0m[INFO] [1790588639.695272861] [amcl]: Destroying[0m
[INFO] [twist_relay-9]: process has finished cleanly [pid 124151]
[INFO] [twist_marker-7]: process has finished cleanly [pid 124120]
[INFO] [ekf_node-14]: process has finished cleanly [pid 124559]
[INFO] [twist_mux-6]: process has finished cleanly [pid 124111]
[INFO] [joy_node-5]: process has finished cleanly [pid 124105]
[INFO] [robot_state_publisher-2]: process has finished cleanly [pid 124099]
[mujoco_spawner-3] Traceback (most recent call last):
[mujoco_spawner-3]   File "/home/molar1/bumperbot_ws/install/robot_lab_mujoco/lib/robot_lab_mujoco/mujoco_spawner", line 33, in <module>
[mujoco_spawner-3]     sys.exit(load_entry_point('robot_lab_mujoco==0.1.0', 'console_scripts', 'mujoco_spawner')())
[mujoco_spawner-3]   File "/home/molar1/bumperbot_ws/install/robot_lab_mujoco/lib/python3.10/site-packages/robot_lab_mujoco/mujoco_spawner.py", line 2041, in main
[mujoco_spawner-3]     rclpy.spin(node)
[mujoco_spawner-3]   File "/opt/ros/humble/local/lib/python3.10/dist-packages/rclpy/__init__.py", line 229, in spin
[mujoco_spawner-3]     executor.spin_once()
[mujoco_spawner-3]   File "/opt/ros/humble/local/lib/python3.10/dist-packages/rclpy/executors.py", line 812, in spin_once
[mujoco_spawner-3]     self._spin_once_impl(timeout_sec)
[mujoco_spawner-3]   File "/opt/ros/humble/local/lib/python3.10/dist-packages/rclpy/executors.py", line 801, in _spin_once_impl
[mujoco_spawner-3]     handler, entity, node = self.wait_for_ready_callbacks(timeout_sec=timeout_sec)
[mujoco_spawner-3]   File "/opt/ros/humble/local/lib/python3.10/dist-packages/rclpy/executors.py", line 784, in wait_for_ready_callbacks
[mujoco_spawner-3]     return next(self._cb_iter)
[mujoco_spawner-3]   File "/opt/ros/humble/local/lib/python3.10/dist-packages/rclpy/executors.py", line 657, in _wait_for_ready_callbacks
[mujoco_spawner-3]     wait_set = _rclpy.WaitSet(
[mujoco_spawner-3] rclpy._rclpy_pybind11.RCLError: failed to initialize wait set: the given context is not valid, either rcl_init() was not called or rcl_shutdown() was called., at ./src/rcl/wait.c:130
[imu_republisher.py-15] Traceback (most recent call last):
[imu_republisher.py-15]   File "/home/molar1/bumperbot_ws/install/robot_lab_localization/lib/robot_lab_localization/imu_republisher.py", line 54, in <module>
[imu_republisher.py-15]     main()
[imu_republisher.py-15]   File "/home/molar1/bumperbot_ws/install/robot_lab_localization/lib/robot_lab_localization/imu_republisher.py", line 45, in main
[imu_republisher.py-15]     rclpy.spin(node)
[imu_republisher.py-15]   File "/opt/ros/humble/local/lib/python3.10/dist-packages/rclpy/__init__.py", line 229, in spin
[imu_republisher.py-15]     executor.spin_once()
[imu_republisher.py-15]   File "/opt/ros/humble/local/lib/python3.10/dist-packages/rclpy/executors.py", line 812, in spin_once
[imu_republisher.py-15]     self._spin_once_impl(timeout_sec)
[imu_republisher.py-15]   File "/opt/ros/humble/local/lib/python3.10/dist-packages/rclpy/executors.py", line 801, in _spin_once_impl
[imu_republisher.py-15]     handler, entity, node = self.wait_for_ready_callbacks(timeout_sec=timeout_sec)
[imu_republisher.py-15]   File "/opt/ros/humble/local/lib/python3.10/dist-packages/rclpy/executors.py", line 784, in wait_for_ready_callbacks
[imu_republisher.py-15]     return next(self._cb_iter)
[imu_republisher.py-15]   File "/opt/ros/humble/local/lib/python3.10/dist-packages/rclpy/executors.py", line 685, in _wait_for_ready_callbacks
[imu_republisher.py-15]     raise ExternalShutdownException()
[imu_republisher.py-15] rclpy.executors.ExternalShutdownException
[INFO] [joystick_relay.py-8]: process has finished cleanly [pid 124122]
[INFO] [lifecycle_manager-13]: process has finished cleanly [pid 124557]
[INFO] [go2-stance-gait-controller-1]: process has finished cleanly [pid 124097]
[INFO] [map_server-11]: process has finished cleanly [pid 124553]
[INFO] [amcl-12]: process has finished cleanly [pid 124555]
[INFO] [wheel_imu_fusion-16]: process has finished cleanly [pid 124563]
[ERROR] [joy_teleop-4]: process has died [pid 124103, exit code 1, cmd '/opt/ros/humble/lib/joy_teleop/joy_teleop --ros-args --params-file /home/molar1/bumperbot_ws/install/robot_lab_controller/share/robot_lab_controller/config/joy_teleop.yaml --params-file /workspace/molar/.tmp/launch_params_id6bgmdv'].
[ERROR] [imu_republisher.py-15]: process has died [pid 124561, exit code 1, cmd '/home/molar1/bumperbot_ws/install/robot_lab_localization/lib/robot_lab_localization/imu_republisher.py --ros-args --params-file /workspace/molar/.tmp/launch_params_oj2xajpo'].
[ERROR] [mujoco_spawner-3]: process has died [pid 124101, exit code 1, cmd '/home/molar1/bumperbot_ws/install/robot_lab_mujoco/lib/robot_lab_mujoco/mujoco_spawner --ros-args -r __node:=mujoco_spawner --params-file /workspace/molar/.tmp/launch_params__a4a4po2'].
