[1;33m[Wrn] [SystemLoader.cc:75] [0m[1;33mTrying to load deprecated plugin [[0m[1;33mignition-gazebo-physics-system[0m[1;33m]. Using [[0m[1;33mgz-sim-physics-system[0m[1;33m] instead.[0m[1;33m[0m
[1;33m[Wrn] [SystemLoader.cc:136] [0m[1;33mTrying to load deprecated plugin name [[0m[1;33mignition::gazebo::systems::Physics[0m[1;33m]. Using [[0m[1;33mgz::sim::systems::Physics[0m[1;33m] instead.[0m[1;33m[0m
[1;33m[Wrn] [SystemLoader.cc:75] [0m[1;33mTrying to load deprecated plugin [[0m[1;33mignition-gazebo-scene-broadcaster-system[0m[1;33m]. Using [[0m[1;33mgz-sim-scene-broadcaster-system[0m[1;33m] instead.[0m[1;33m[0m
[1;33m[Wrn] [SystemLoader.cc:136] [0m[1;33mTrying to load deprecated plugin name [[0m[1;33mignition::gazebo::systems::SceneBroadcaster[0m[1;33m]. Using [[0m[1;33mgz::sim::systems::SceneBroadcaster[0m[1;33m] instead.[0m[1;33m[0m
[1;32m[Msg] [0m[1;32mGazebo Sim Server v[0m[1;32m8.15.0[0m[1;32m[0m
[1;32m[Msg] [0m[1;32mLoading SDF world file[[0m[1;32m/workspace/molar/robot_lab_runtime/probes/hmap/probe4.world[0m[1;32m].[0m
[1;32m[Msg] [0m[1;32mServing entity system service on [[0m[1;32m/[0m[1;32mentity/system/add[0m[1;32m][0m[1;32m[0m
[1;36m[Dbg] [Physics.cc:1004] [0m[1;36mLoaded [[0m[1;36mgz::physics::dartsim::Plugin[0m[1;36m] from library [[0m[1;36m/usr/lib/aarch64-linux-gnu/gz-physics-7/engine-plugins/libgz-physics-dartsim-plugin.so[0m[1;36m][0m[1;36m[0m
[1;36m[Dbg] [SystemManager.cc:80] [0m[1;36mLoaded system [[0m[1;36mignition::gazebo::systems::Physics[0m[1;36m] for entity [[0m[1;36m1[0m[1;36m][0m[1;36m[0m
[1;36m[Dbg] [SystemManager.cc:80] [0m[1;36mLoaded system [[0m[1;36mignition::gazebo::systems::SceneBroadcaster[0m[1;36m] for entity [[0m[1;36m1[0m[1;36m][0m[1;36m[0m
[1;32m[Msg] [0m[1;32mLoaded level [[0m[1;32mdefault[0m[1;32m][0m[1;32m[0m
[1;32m[Msg] [0m[1;32mServing world controls on [[0m[1;32m/world/probe4[0m[1;32m/control], [[0m[1;32m/world/probe4[0m[1;32m/control/state] and [[0m[1;32m/world/probe4[0m[1;32m/playback/control][0m[1;32m[0m
[1;32m[Msg] [0m[1;32mServing GUI information on [[0m[1;32m/world/probe4[0m[1;32m/[0m[1;32mgui/info[0m[1;32m][0m[1;32m[0m
[1;32m[Msg] [0m[1;32mWorld [[0m[1;32mprobe4[0m[1;32m] initialized with [[0m[1;32mdefault_physics[0m[1;32m] physics profile.[0m[1;32m[0m
[1;32m[Msg] [0m[1;32mServing world SDF generation service on [[0m[1;32m/world/probe4[0m[1;32m/[0m[1;32mgenerate_world_sdf[0m[1;32m][0m[1;32m[0m
[1;32m[Msg] [0m[1;32mServing world names on [[0m[1;32m/gazebo/worlds[0m[1;32m][0m[1;32m[0m
[1;32m[Msg] [0m[1;32mResource path add service on [[0m[1;32m/gazebo/resource_paths/add[0m[1;32m].[0m[1;32m[0m
[1;32m[Msg] [0m[1;32mResource path get service on [[0m[1;32m/gazebo/resource_paths/get[0m[1;32m].[0m[1;32m[0m
[1;32m[Msg] [0m[1;32mResource path resolve service on [[0m[1;32m/gazebo/resource_paths/resolve[0m[1;32m].[0m[1;32m[0m
[1;32m[Msg] [0m[1;32mResource paths published on [[0m[1;32m/gazebo/resource_paths[0m[1;32m].[0m[1;32m[0m
[1;32m[Msg] [0m[1;32mServer control service on [[0m[1;32m/server_control[0m[1;32m].[0m[1;32m[0m
[1;32m[Msg] [0m[1;32mFound no publishers on /stats, adding root stats topic[0m[1;32m[0m
[1;32m[Msg] [0m[1;32mFound no publishers on /clock, adding root clock topic[0m[1;32m[0m
[1;36m[Dbg] [SimulationRunner.cc:627] [0m[1;36mCreating PostUpdate worker threads: [0m[1;36m2[0m[1;36m[0m
[1;36m[Dbg] [SimulationRunner.cc:638] [0m[1;36mCreating postupdate worker thread ([0m[1;36m0[0m[1;36m)[0m[1;36m[0m
[1;36m[Dbg] [SDFFeatures.cc:319] [0m[1;36mHeightmap construction from an SDF has not been implemented yet [0m[1;36mfor dartsim. Use AttachHeightmapShapeFeature to use heightmaps.[0m
[1;36m[Dbg] [SDFFeatures.cc:865] [0m[1;36mThe geometry element of collision [[0m[1;36mcollision[0m[1;36m] [0m[1;36mcouldn't be created[0m
[1;36m[Dbg] [SDFFeatures.cc:319] [0m[1;36mHeightmap construction from an SDF has not been implemented yet [0m[1;36mfor dartsim. Use AttachHeightmapShapeFeature to use heightmaps.[0m
[1;36m[Dbg] [SDFFeatures.cc:865] [0m[1;36mThe geometry element of collision [[0m[1;36mcollision[0m[1;36m] [0m[1;36mcouldn't be created[0m
[1;36m[Dbg] [SDFFeatures.cc:319] [0m[1;36mHeightmap construction from an SDF has not been implemented yet [0m[1;36mfor dartsim. Use AttachHeightmapShapeFeature to use heightmaps.[0m
[1;36m[Dbg] [SDFFeatures.cc:865] [0m[1;36mThe geometry element of collision [[0m[1;36mcollision[0m[1;36m] [0m[1;36mcouldn't be created[0m
[1;36mDbg[0m ODE Heightfield AABB: min = {-9.84615, -9.84615, -1.34613e-15} max = {9.84615, 9.84615, 4}
[1;36mDbg[0m ODE Heightfield AABB: min = {-9.41177, -9.41177, -1.28674e-15} max = {9.41177, 9.41177, 4}
[1;36mDbg[0m ODE Heightfield AABB: min = {-9.69697, -9.69697, -1.32573e-15} max = {9.69697, 9.69697, 4}
