[INFO] [launch]: All log files can be found below /home/molar1/.ros/log/2026-09-25-17-40-22-014059-molar1-1544639
[INFO] [launch]: Default logging verbosity is set to INFO
[robot_lab] algorithm localization=amcl -> global_localization stack
[robot_lab] algorithm state_estimation=ekf_localization_node -> local_localization stack
[robot_lab] algorithm sensor_fusion=wheel_imu_fusion -> node robot_lab_algorithms/wheel_imu_fusion
[INFO] [go2-stance-gait-controller-1]: process started with pid [1544677]
[INFO] [robot_state_publisher-2]: process started with pid [1544679]
[INFO] [mujoco_spawner-3]: process started with pid [1544681]
[INFO] [joy_teleop-4]: process started with pid [1544683]
[INFO] [joy_node-5]: process started with pid [1544685]
[INFO] [twist_mux-6]: process started with pid [1544687]
[INFO] [twist_marker-7]: process started with pid [1544689]
[INFO] [joystick_relay.py-8]: process started with pid [1544691]
[INFO] [twist_relay-9]: process started with pid [1544693]
[INFO] [simulator_ready_gate-10]: process started with pid [1544695]
[twist_mux-6] [INFO] [1790350822.941331697] [twist_mux]: Topic handler 'topics.joystick' subscribed to topic 'joy_vel': timeout = 0.500000s , priority = 99.
[twist_mux-6] [INFO] [1790350822.943443363] [twist_mux]: Topic handler 'topics.keyboard' subscribed to topic 'key_vel': timeout = 0.500000s , priority = 90.
[twist_mux-6] [INFO] [1790350822.944589677] [twist_mux]: Topic handler 'topics.navigation' subscribed to topic 'cmd_vel': timeout = 0.500000s , priority = 80.
[twist_mux-6] [INFO] [1790350822.945695607] [twist_mux]: Topic handler 'locks.safety_stop' subscribed to topic 'safety_stop': timeout = None , priority = 255.
[robot_state_publisher-2] [INFO] [1790350822.973827915] [robot_state_publisher]: got segment FL_calf
[robot_state_publisher-2] [INFO] [1790350822.975023157] [robot_state_publisher]: got segment FL_calf_rotor
[robot_state_publisher-2] [INFO] [1790350822.975705147] [robot_state_publisher]: got segment FL_foot
[robot_state_publisher-2] [INFO] [1790350822.976188480] [robot_state_publisher]: got segment FL_hip
[robot_state_publisher-2] [INFO] [1790350822.976595939] [robot_state_publisher]: got segment FL_hip_rotor
[robot_state_publisher-2] [INFO] [1790350822.976973926] [robot_state_publisher]: got segment FL_thigh
[robot_state_publisher-2] [INFO] [1790350822.977351786] [robot_state_publisher]: got segment FL_thigh_rotor
[robot_state_publisher-2] [INFO] [1790350822.977757677] [robot_state_publisher]: got segment FR_calf
[robot_state_publisher-2] [INFO] [1790350822.978139793] [robot_state_publisher]: got segment FR_calf_rotor
[robot_state_publisher-2] [INFO] [1790350822.978519636] [robot_state_publisher]: got segment FR_foot
[robot_state_publisher-2] [INFO] [1790350822.978894711] [robot_state_publisher]: got segment FR_hip
[robot_state_publisher-2] [INFO] [1790350822.979267034] [robot_state_publisher]: got segment FR_hip_rotor
[robot_state_publisher-2] [INFO] [1790350822.979635998] [robot_state_publisher]: got segment FR_thigh
[robot_state_publisher-2] [INFO] [1790350822.980004545] [robot_state_publisher]: got segment FR_thigh_rotor
[robot_state_publisher-2] [INFO] [1790350822.980381828] [robot_state_publisher]: got segment RL_calf
[robot_state_publisher-2] [INFO] [1790350822.980943593] [robot_state_publisher]: got segment RL_calf_rotor
[robot_state_publisher-2] [INFO] [1790350822.981574446] [robot_state_publisher]: got segment RL_foot
[robot_state_publisher-2] [INFO] [1790350822.982174100] [robot_state_publisher]: got segment RL_hip
[robot_state_publisher-2] [INFO] [1790350822.982747769] [robot_state_publisher]: got segment RL_hip_rotor
[robot_state_publisher-2] [INFO] [1790350822.983309629] [robot_state_publisher]: got segment RL_thigh
[robot_state_publisher-2] [INFO] [1790350822.983840130] [robot_state_publisher]: got segment RL_thigh_rotor
[robot_state_publisher-2] [INFO] [1790350822.984357095] [robot_state_publisher]: got segment RR_calf
[robot_state_publisher-2] [INFO] [1790350822.984912171] [robot_state_publisher]: got segment RR_calf_rotor
[robot_state_publisher-2] [INFO] [1790350822.985480464] [robot_state_publisher]: got segment RR_foot
[robot_state_publisher-2] [INFO] [1790350822.986070101] [robot_state_publisher]: got segment RR_hip
[robot_state_publisher-2] [INFO] [1790350822.986092406] [robot_state_publisher]: got segment RR_hip_rotor
[robot_state_publisher-2] [INFO] [1790350822.986102934] [robot_state_publisher]: got segment RR_thigh
[robot_state_publisher-2] [INFO] [1790350822.986111638] [robot_state_publisher]: got segment RR_thigh_rotor
[robot_state_publisher-2] [INFO] [1790350822.986120182] [robot_state_publisher]: got segment base
[robot_state_publisher-2] [INFO] [1790350822.986127862] [robot_state_publisher]: got segment front_camera
[robot_state_publisher-2] [INFO] [1790350822.986135030] [robot_state_publisher]: got segment imu_link
[robot_state_publisher-2] [INFO] [1790350822.986143990] [robot_state_publisher]: got segment trunk
[go2-stance-gait-controller-1] [0;93m2026-09-25 17:40:23.585897827 [W:onnxruntime:Default, device_discovery.cc:164 DiscoverDevicesForPlatform] GPU device discovery failed: device_discovery.cc:89 ReadFileContents Failed to open file: "/sys/class/drm/card1/device/vendor"[m
[go2-stance-gait-controller-1] [INFO] [1790350823.640285530] [go2_stance_gait_controller]: Go2 closed-loop stance: 12 effort joints at 250.0 Hz; controller ONNX velocity policy
[mujoco_spawner-3] [INFO] [1790350824.841995606] [mujoco_spawner]: MuJoCo: 18 collision proxy geom(s) moved to group 3 (viewer Rendering tab to show them).
[mujoco_spawner-3] [INFO] [1790350824.896795984] [mujoco_spawner]: MuJoCo URDF import OK (all meshes staged).
[mujoco_spawner-3] [WARN] [1790350824.912678585] [mujoco_spawner]: MuJoCo effort plant: no MJCF beside /home/molar1/bumperbot_ws/install/robot_lab_robots/share/robot_lab_robots/unitree/go2_description/xacro/go2_sim.xacro names every effort joint; keeping the URDF <dynamics> (damping=5.0 is a Gazebo stabiliser the robot does not have).
[mujoco_spawner-3] [INFO] [1790350824.961303806] [mujoco_spawner]: MuJoCo physics timestep: 0.0010 s
[mujoco_spawner-3] [INFO] [1790350824.963162190] [mujoco_spawner]: Robot has no 'oakd_rgb_camera_frame' link; no RGB-D camera is published.
[mujoco_spawner-3] [INFO] [1790350824.964129782] [mujoco_spawner]: Joints: ['FR_hip_joint', 'FR_thigh_joint', 'FR_calf_joint', 'FL_hip_joint', 'FL_thigh_joint', 'FL_calf_joint', 'RR_hip_joint', 'RR_thigh_joint', 'RR_calf_joint', 'RL_hip_joint', 'RL_thigh_joint', 'RL_calf_joint']   lw= rw=
[mujoco_spawner-3] [INFO] [1790350824.966339113] [mujoco_spawner]: MuJoCo effort joint armature: 0.0100 kg m^2
[mujoco_spawner-3] [INFO] [1790350824.968017432] [mujoco_spawner]: Joint effort input: /go2_group_effort_controller/commands (12 joints, URDF limits)
[mujoco_spawner-3] [INFO] [1790350824.969856744] [mujoco_spawner]: Spawn ground clearance: raised root by 0.2050 m
[mujoco_spawner-3] [INFO] [1790350824.970794960] [mujoco_spawner]: MuJoCo model loaded: 14 bodies, 13 joints
[mujoco_spawner-3] [INFO] [1790350824.971461621] [mujoco_spawner]: MuJoCo gui param=False (resolved=False), DISPLAY=:1 -> mode=DIRECT
[mujoco_spawner-3] [INFO] [1790350824.972071419] [mujoco_spawner]: MuJoCo running headless (gui=False, viewer=True).
[mujoco_spawner-3] [INFO] [1790350824.979420122] [mujoco_spawner]: MuJoCo spawner running.
[INFO] [simulator_ready_gate-10]: process has finished cleanly [pid 1544695]
[INFO] [amcl-12]: process started with pid [1544944]
[INFO] [map_server-11]: process started with pid [1544942]
[INFO] [lifecycle_manager-13]: process started with pid [1544946]
[INFO] [ekf_node-14]: process started with pid [1544948]
[INFO] [imu_republisher.py-15]: process started with pid [1544950]
[INFO] [wheel_imu_fusion-16]: process started with pid [1544952]
[amcl-12] [0m[INFO] [1790350825.387973055] [amcl]: 
[amcl-12] 	amcl lifecycle node launched. 
[amcl-12] 	Waiting on external lifecycle transitions to activate
[lifecycle_manager-13] [INFO] [1790350825.393765841] [lifecycle_manager_localization]: Creating
[amcl-12] 	See https://design.ros2.org/articles/node_lifecycle.html for more information.[0m
[amcl-12] [0m[INFO] [1790350825.402932576] [amcl]: Creating[0m
[lifecycle_manager-13] [INFO] [1790350825.407781386] [lifecycle_manager_localization]: [34m[1mCreating and initializing lifecycle service clients[0m[0m
[map_server-11] [INFO] [1790350825.432840194] [map_server]: 
[map_server-11] 	map_server lifecycle node launched. 
[map_server-11] 	Waiting on external lifecycle transitions to activate
[map_server-11] 	See https://design.ros2.org/articles/node_lifecycle.html for more information.
[map_server-11] [INFO] [1790350825.434769874] [map_server]: Creating
[lifecycle_manager-13] [INFO] [1790350825.544109858] [lifecycle_manager_localization]: [34m[1mStarting managed nodes bringup...[0m[0m
[lifecycle_manager-13] [INFO] [1790350825.544398052] [lifecycle_manager_localization]: [34m[1mConfiguring map_server[0m[0m
[map_server-11] [INFO] [1790350825.544863368] [map_server]: Configuring
[map_server-11] [INFO] [1790350825.544985001] [map_io]: Loading yaml file: /home/molar1/bumperbot_ws/install/robot_lab_maps/share/robot_lab_maps/maps/nav_empty/maps/map.yaml
[map_server-11] [INFO] [1790350825.545396493] [map_io]: resolution: 0.05
[map_server-11] [INFO] [1790350825.545423757] [map_io]: origin[0]: -7
[map_server-11] [INFO] [1790350825.545429357] [map_io]: origin[1]: -7
[map_server-11] [INFO] [1790350825.545450605] [map_io]: origin[2]: 0
[map_server-11] [INFO] [1790350825.545459949] [map_io]: free_thresh: 0.196
[map_server-11] [INFO] [1790350825.545464749] [map_io]: occupied_thresh: 0.65
[map_server-11] [INFO] [1790350825.545471021] [map_io]: mode: trinary
[map_server-11] [INFO] [1790350825.545478125] [map_io]: negate: 0
[map_server-11] [INFO] [1790350825.545782544] [map_io]: Loading image_file: /home/molar1/bumperbot_ws/install/robot_lab_maps/share/robot_lab_maps/maps/nav_empty/maps/map.pgm
[map_server-11] [INFO] [1790350825.556955792] [map_io]: Read map /home/molar1/bumperbot_ws/install/robot_lab_maps/share/robot_lab_maps/maps/nav_empty/maps/map.pgm: 280 X 280 map @ 0.05 m/cell
[lifecycle_manager-13] [INFO] [1790350825.566186112] [lifecycle_manager_localization]: [34m[1mConfiguring amcl[0m[0m
[amcl-12] [0m[INFO] [1790350825.566561507] [amcl]: Configuring[0m
[amcl-12] [0m[INFO] [1790350825.566731461] [amcl]: initTransforms[0m
[amcl-12] [0m[INFO] [1790350825.578207208] [amcl]: initPubSub[0m
[amcl-12] [0m[INFO] [1790350825.585978987] [amcl]: Subscribed to map topic.[0m
[lifecycle_manager-13] [INFO] [1790350825.594638165] [lifecycle_manager_localization]: [34m[1mActivating map_server[0m[0m
[map_server-11] [INFO] [1790350825.595046969] [map_server]: Activating
[map_server-11] [INFO] [1790350825.595375324] [map_server]: Creating bond (map_server) to lifecycle manager.
[amcl-12] [0m[INFO] [1790350825.597027082] [amcl]: Received a 280 X 280 map @ 0.050 m/pix[0m
[lifecycle_manager-13] [INFO] [1790350825.699067034] [lifecycle_manager_localization]: Server map_server connected with bond.
[lifecycle_manager-13] [INFO] [1790350825.699151163] [lifecycle_manager_localization]: [34m[1mActivating amcl[0m[0m
[amcl-12] [0m[INFO] [1790350825.701671825] [amcl]: Activating[0m
[amcl-12] [0m[INFO] [1790350825.701775313] [amcl]: initialPoseReceived[0m
[amcl-12] [0m[INFO] [1790350825.701992787] [amcl]: Setting pose (0.576000): -0.500 -0.500 0.000[0m
[amcl-12] [0m[INFO] [1790350825.702567576] [amcl]: Creating bond (amcl) to lifecycle manager.[0m
[amcl-12] [0m[INFO] [1790350825.775968017] [amcl]: createLaserObject[0m
[lifecycle_manager-13] [INFO] [1790350825.807161759] [lifecycle_manager_localization]: Server amcl connected with bond.
[lifecycle_manager-13] [INFO] [1790350825.807249343] [lifecycle_manager_localization]: [34m[1mManaged nodes are active[0m[0m
[lifecycle_manager-13] [INFO] [1790350825.807271199] [lifecycle_manager_localization]: [34m[1mCreating bond timer...[0m[0m
[wheel_imu_fusion-16] [INFO] [1790350826.100374078] [sensor_fusion_wheel_imu_fusion]: wheel_imu_fusion ready
[amcl-12] [0m[INFO] [1790350833.464558169] [rclcpp]: signal_handler(SIGINT/SIGTERM)[0m
[amcl-12] [0m[INFO] [1790350833.464733435] [amcl]: Running Nav2 LifecycleNode rcl preshutdown (amcl)[0m
[amcl-12] [0m[INFO] [1790350833.464856476] [amcl]: Deactivating[0m
[amcl-12] [0m[INFO] [1790350833.464897532] [amcl]: Destroying bond (amcl) to lifecycle manager.[0m
[lifecycle_manager-13] [INFO] [1790350833.464587610] [rclcpp]: signal_handler(SIGINT/SIGTERM)
[lifecycle_manager-13] [INFO] [1790350833.464752251] [lifecycle_manager_localization]: Running Nav2 LifecycleManager rcl preshutdown (lifecycle_manager_localization)
[lifecycle_manager-13] [INFO] [1790350833.464835356] [lifecycle_manager_localization]: [34m[1mTerminating bond timer...[0m[0m
[robot_state_publisher-2] [INFO] [1790350833.464603194] [rclcpp]: signal_handler(SIGINT/SIGTERM)
[ekf_node-14] [INFO] [1790350833.464595418] [rclcpp]: signal_handler(SIGINT/SIGTERM)
[twist_mux-6] [INFO] [1790350833.464630842] [rclcpp]: signal_handler(SIGINT/SIGTERM)
[joy_node-5] [INFO] [1790350833.464627770] [rclcpp]: signal_handler(SIGINT/SIGTERM)
[twist_marker-7] [INFO] [1790350833.464628090] [rclcpp]: signal_handler(SIGINT/SIGTERM)
[twist_relay-9] [INFO] [1790350833.465124478] [rclcpp]: signal_handler(SIGINT/SIGTERM)
[map_server-11] [INFO] [1790350833.465671491] [rclcpp]: signal_handler(SIGINT/SIGTERM)
[map_server-11] [INFO] [1790350833.465835108] [map_server]: Running Nav2 LifecycleNode rcl preshutdown (map_server)
[map_server-11] [INFO] [1790350833.465942405] [map_server]: Deactivating
[map_server-11] [INFO] [1790350833.465967941] [map_server]: Destroying bond (map_server) to lifecycle manager.
[amcl-12] [0m[INFO] [1790350833.475304181] [amcl]: Cleaning up[0m
[map_server-11] [INFO] [1790350833.476271645] [map_server]: Cleaning up
[map_server-11] [INFO] [1790350833.476378046] [map_server]: Destroying bond (map_server) to lifecycle manager.
[amcl-12] [0m[INFO] [1790350833.495104316] [amcl]: Destroying bond (amcl) to lifecycle manager.[0m
[joy_teleop-4] Traceback (most recent call last):
[joy_teleop-4]   File "/opt/ros/humble/lib/joy_teleop/joy_teleop", line 33, in <module>
[joy_teleop-4]     sys.exit(load_entry_point('joy-teleop==1.6.0', 'console_scripts', 'joy_teleop')())
[joy_teleop-4]   File "/opt/ros/humble/lib/python3.10/site-packages/joy_teleop/joy_teleop.py", line 435, in main
[joy_teleop-4]     rclpy.spin(node)
[joy_teleop-4]   File "/opt/ros/humble/local/lib/python3.10/dist-packages/rclpy/__init__.py", line 229, in spin
[joy_teleop-4]     executor.spin_once()
[joy_teleop-4]   File "/opt/ros/humble/local/lib/python3.10/dist-packages/rclpy/executors.py", line 812, in spin_once
[joy_teleop-4]     self._spin_once_impl(timeout_sec)
[joy_teleop-4]   File "/opt/ros/humble/local/lib/python3.10/dist-packages/rclpy/executors.py", line 801, in _spin_once_impl
[joy_teleop-4]     handler, entity, node = self.wait_for_ready_callbacks(timeout_sec=timeout_sec)
[joy_teleop-4]   File "/opt/ros/humble/local/lib/python3.10/dist-packages/rclpy/executors.py", line 784, in wait_for_ready_callbacks
[joy_teleop-4]     return next(self._cb_iter)
[joy_teleop-4]   File "/opt/ros/humble/local/lib/python3.10/dist-packages/rclpy/executors.py", line 685, in _wait_for_ready_callbacks
[joy_teleop-4]     raise ExternalShutdownException()
[joy_teleop-4] rclpy.executors.ExternalShutdownException
[map_server-11] [INFO] [1790350833.599595025] [map_server]: Destroying
[amcl-12] [0m[INFO] [1790350833.607153553] [amcl]: Destroying[0m
[lifecycle_manager-13] [INFO] [1790350833.609831880] [lifecycle_manager_localization]: Destroying lifecycle_manager_localization
[INFO] [twist_mux-6]: process has finished cleanly [pid 1544687]
[INFO] [twist_marker-7]: process has finished cleanly [pid 1544689]
[INFO] [twist_relay-9]: process has finished cleanly [pid 1544693]
[INFO] [ekf_node-14]: process has finished cleanly [pid 1544948]
[INFO] [robot_state_publisher-2]: process has finished cleanly [pid 1544679]
[INFO] [joy_node-5]: process has finished cleanly [pid 1544685]
[imu_republisher.py-15] Traceback (most recent call last):
[imu_republisher.py-15]   File "/home/molar1/bumperbot_ws/install/robot_lab_localization/lib/robot_lab_localization/imu_republisher.py", line 54, in <module>
[imu_republisher.py-15]     main()
[imu_republisher.py-15]   File "/home/molar1/bumperbot_ws/install/robot_lab_localization/lib/robot_lab_localization/imu_republisher.py", line 45, in main
[imu_republisher.py-15]     rclpy.spin(node)
[imu_republisher.py-15]   File "/opt/ros/humble/local/lib/python3.10/dist-packages/rclpy/__init__.py", line 229, in spin
[imu_republisher.py-15]     executor.spin_once()
[imu_republisher.py-15]   File "/opt/ros/humble/local/lib/python3.10/dist-packages/rclpy/executors.py", line 812, in spin_once
[imu_republisher.py-15]     self._spin_once_impl(timeout_sec)
[imu_republisher.py-15]   File "/opt/ros/humble/local/lib/python3.10/dist-packages/rclpy/executors.py", line 801, in _spin_once_impl
[imu_republisher.py-15]     handler, entity, node = self.wait_for_ready_callbacks(timeout_sec=timeout_sec)
[imu_republisher.py-15]   File "/opt/ros/humble/local/lib/python3.10/dist-packages/rclpy/executors.py", line 784, in wait_for_ready_callbacks
[imu_republisher.py-15]     return next(self._cb_iter)
[imu_republisher.py-15]   File "/opt/ros/humble/local/lib/python3.10/dist-packages/rclpy/executors.py", line 685, in _wait_for_ready_callbacks
[imu_republisher.py-15]     raise ExternalShutdownException()
[imu_republisher.py-15] rclpy.executors.ExternalShutdownException
[INFO] [lifecycle_manager-13]: process has finished cleanly [pid 1544946]
[INFO] [amcl-12]: process has finished cleanly [pid 1544944]
[INFO] [map_server-11]: process has finished cleanly [pid 1544942]
[INFO] [wheel_imu_fusion-16]: process has finished cleanly [pid 1544952]
[INFO] [go2-stance-gait-controller-1]: process has finished cleanly [pid 1544677]
[INFO] [mujoco_spawner-3]: process has finished cleanly [pid 1544681]
[INFO] [joystick_relay.py-8]: process has finished cleanly [pid 1544691]
[ERROR] [joy_teleop-4]: process has died [pid 1544683, exit code 1, cmd '/opt/ros/humble/lib/joy_teleop/joy_teleop --ros-args --params-file /home/molar1/bumperbot_ws/install/robot_lab_controller/share/robot_lab_controller/config/joy_teleop.yaml --params-file /workspace/molar/.tmp/launch_params_rssnuf5w'].
[ERROR] [imu_republisher.py-15]: process has died [pid 1544950, exit code 1, cmd '/home/molar1/bumperbot_ws/install/robot_lab_localization/lib/robot_lab_localization/imu_republisher.py --ros-args --params-file /workspace/molar/.tmp/launch_params_m5c36hsf'].
