[INFO] [launch]: All log files can be found below /home/molar1/.ros/log/2026-09-24-12-21-52-122244-molar1-759433
[INFO] [launch]: Default logging verbosity is set to INFO
[robot_lab] algorithm localization=amcl -> global_localization stack
[robot_lab] algorithm state_estimation=ekf_localization_node -> local_localization stack
[robot_lab] algorithm sensor_fusion=wheel_imu_fusion -> node robot_lab_algorithms/wheel_imu_fusion
[robot_lab] algorithm global_planning=a_star_planner -> plugin nav2_smac_planner/SmacPlanner2D
[robot_lab] algorithm local_planning=dwb_local_planner -> plugin dwb_core::DWBLocalPlanner
[robot_lab] algorithm control=simple_controller -> controller stack
[INFO] [robot_state_publisher-1]: process started with pid [759483]
[INFO] [mujoco_spawner-2]: process started with pid [759485]
[INFO] [joy_teleop-3]: process started with pid [759487]
[INFO] [joy_node-4]: process started with pid [759489]
[INFO] [twist_mux-5]: process started with pid [759491]
[INFO] [twist_marker-6]: process started with pid [759493]
[INFO] [joystick_relay.py-7]: process started with pid [759495]
[INFO] [twist_relay-8]: process started with pid [759497]
[INFO] [simulator_ready_gate-9]: process started with pid [759499]
[robot_state_publisher-1] 1790245312.985529 [133] robot_stat: selected interface "lo" is not multicast-capable: disabling multicast
[twist_marker-6] 1790245312.994031 [133] twist_mark: selected interface "lo" is not multicast-capable: disabling multicast
[twist_mux-5] 1790245313.001587 [133]  twist_mux: selected interface "lo" is not multicast-capable: disabling multicast
[twist_relay-8] 1790245313.003134 [133] twist_rela: selected interface "lo" is not multicast-capable: disabling multicast
[twist_mux-5] [INFO] [1790245313.008740764] [twist_mux]: Topic handler 'topics.joystick' subscribed to topic 'joy_vel': timeout = 0.500000s , priority = 99.
[twist_mux-5] [INFO] [1790245313.010712845] [twist_mux]: Topic handler 'topics.keyboard' subscribed to topic 'key_vel': timeout = 0.500000s , priority = 90.
[twist_mux-5] [INFO] [1790245313.011872995] [twist_mux]: Topic handler 'topics.navigation' subscribed to topic 'cmd_vel': timeout = 0.500000s , priority = 80.
[twist_mux-5] [INFO] [1790245313.013013143] [twist_mux]: Topic handler 'locks.safety_stop' subscribed to topic 'safety_stop': timeout = None , priority = 255.
[robot_state_publisher-1] [INFO] [1790245313.016135550] [robot_state_publisher]: got segment base_footprint
[robot_state_publisher-1] [INFO] [1790245313.017376025] [robot_state_publisher]: got segment base_link
[robot_state_publisher-1] [INFO] [1790245313.018513901] [robot_state_publisher]: got segment caster_front_link
[joy_node-4] 1790245313.019927 [133]   joy_node: selected interface "lo" is not multicast-capable: disabling multicast
[robot_state_publisher-1] [INFO] [1790245313.021943019] [robot_state_publisher]: got segment caster_rear_link
[robot_state_publisher-1] [INFO] [1790245313.022556824] [robot_state_publisher]: got segment imu_link
[robot_state_publisher-1] [INFO] [1790245313.023020570] [robot_state_publisher]: got segment laser_link
[robot_state_publisher-1] [INFO] [1790245313.023757520] [robot_state_publisher]: got segment oakd_imu_frame
[robot_state_publisher-1] [INFO] [1790245313.025262048] [robot_state_publisher]: got segment oakd_left_camera_frame
[robot_state_publisher-1] [INFO] [1790245313.028031340] [robot_state_publisher]: got segment oakd_left_camera_optical_frame
[robot_state_publisher-1] [INFO] [1790245313.028059374] [robot_state_publisher]: got segment oakd_link
[robot_state_publisher-1] [INFO] [1790245313.028070543] [robot_state_publisher]: got segment oakd_rgb_camera_frame
[robot_state_publisher-1] [INFO] [1790245313.028080080] [robot_state_publisher]: got segment oakd_rgb_camera_optical_frame
[robot_state_publisher-1] [INFO] [1790245313.028089072] [robot_state_publisher]: got segment oakd_right_camera_frame
[robot_state_publisher-1] [INFO] [1790245313.028097361] [robot_state_publisher]: got segment oakd_right_camera_optical_frame
[robot_state_publisher-1] [INFO] [1790245313.028105393] [robot_state_publisher]: got segment wheel_left_link
[robot_state_publisher-1] [INFO] [1790245313.028112690] [robot_state_publisher]: got segment wheel_right_link
[joy_teleop-3] 1790245313.467920 [133] joy_teleop: selected interface "lo" is not multicast-capable: disabling multicast
[joystick_relay.py-7] 1790245313.548219 [133] joystick_r: selected interface "lo" is not multicast-capable: disabling multicast
[mujoco_spawner-2] 1790245314.026163 [133] mujoco_spa: selected interface "lo" is not multicast-capable: disabling multicast
[mujoco_spawner-2] [INFO] [1790245315.223996492] [mujoco_spawner]: MuJoCo: 8 collision proxy geom(s) moved to group 3 (viewer Rendering tab to show them).
[mujoco_spawner-2] [INFO] [1790245315.314052367] [mujoco_spawner]: MuJoCo URDF import OK (all meshes staged).
[mujoco_spawner-2] [INFO] [1790245318.159436413] [mujoco_spawner]: MuJoCo static triangle collision: 1 mesh(es).
[mujoco_spawner-2] [INFO] [1790245321.530557140] [mujoco_spawner]: RGB-D camera on 'oakd_rgb_camera_frame': 320x240 at 5.0 Hz
[mujoco_spawner-2] [INFO] [1790245321.531315979] [mujoco_spawner]: Joints: ['wheel_right_joint', 'wheel_left_joint']   lw=wheel_left_joint rw=wheel_right_joint
[mujoco_spawner-2] [INFO] [1790245321.592935286] [mujoco_spawner]: MuJoCo model loaded: 4 bodies, 3 joints
[mujoco_spawner-2] [INFO] [1790245321.593786996] [mujoco_spawner]: MuJoCo gui param=False (resolved=False), DISPLAY=:1 -> mode=DIRECT
[mujoco_spawner-2] [INFO] [1790245321.594675605] [mujoco_spawner]: MuJoCo running headless (gui=False, viewer=True).
[mujoco_spawner-2] [INFO] [1790245321.595878220] [mujoco_spawner]: MuJoCo spawner running.
[INFO] [simulator_ready_gate-9]: process has finished cleanly [pid 759499]
[INFO] [amcl-11]: process started with pid [759838]
[INFO] [map_server-10]: process started with pid [759836]
[INFO] [lifecycle_manager-12]: process started with pid [759840]
[INFO] [ekf_node-13]: process started with pid [759842]
[INFO] [imu_republisher.py-14]: process started with pid [759844]
[INFO] [controller_server-15]: process started with pid [759846]
[INFO] [planner_server-16]: process started with pid [759848]
[INFO] [smoother_server-17]: process started with pid [759850]
[INFO] [bt_navigator-18]: process started with pid [759856]
[INFO] [behavior_server-19]: process started with pid [759858]
[INFO] [lifecycle_manager-20]: process started with pid [759862]
[INFO] [wheel_imu_fusion-21]: process started with pid [759864]
[lifecycle_manager-12] 1790245322.093474 [133] lifecycle_: selected interface "lo" is not multicast-capable: disabling multicast
[ekf_node-13] 1790245322.103010 [133]   ekf_node: selected interface "lo" is not multicast-capable: disabling multicast
[amcl-11] 1790245322.096031 [133]       amcl: selected interface "lo" is not multicast-capable: disabling multicast
[amcl-11] [0m[INFO] [1790245322.105164347] [amcl]: 
[amcl-11] 	amcl lifecycle node launched. 
[amcl-11] 	Waiting on external lifecycle transitions to activate
[amcl-11] 	See https://design.ros2.org/articles/node_lifecycle.html for more information.[0m
[lifecycle_manager-12] [INFO] [1790245322.105104278] [lifecycle_manager_localization]: Creating
[amcl-11] [0m[INFO] [1790245322.107016642] [amcl]: Creating[0m
[smoother_server-17] 1790245322.107045 [133] smoother_s: selected interface "lo" is not multicast-capable: disabling multicast
[lifecycle_manager-12] [INFO] [1790245322.107552937] [lifecycle_manager_localization]: [34m[1mCreating and initializing lifecycle service clients[0m[0m
[smoother_server-17] [INFO] [1790245322.115066027] [smoother_server]: 
[smoother_server-17] 	smoother_server lifecycle node launched. 
[smoother_server-17] 	Waiting on external lifecycle transitions to activate
[smoother_server-17] 	See https://design.ros2.org/articles/node_lifecycle.html for more information.
[smoother_server-17] [INFO] [1790245322.121485726] [smoother_server]: Creating smoother server
[map_server-10] 1790245322.126196 [133] map_server: selected interface "lo" is not multicast-capable: disabling multicast
[planner_server-16] 1790245322.127361 [133] planner_se: selected interface "lo" is not multicast-capable: disabling multicast
[controller_server-15] 1790245322.127406 [133] controller: selected interface "lo" is not multicast-capable: disabling multicast
[bt_navigator-18] 1790245322.133156 [133] bt_navigat: selected interface "lo" is not multicast-capable: disabling multicast
[planner_server-16] [INFO] [1790245322.136502691] [planner_server]: 
[planner_server-16] 	planner_server lifecycle node launched. 
[planner_server-16] 	Waiting on external lifecycle transitions to activate
[planner_server-16] 	See https://design.ros2.org/articles/node_lifecycle.html for more information.
[planner_server-16] [INFO] [1790245322.143561124] [planner_server]: Creating
[planner_server-16] [INFO] [1790245322.148693210] [global_costmap.global_costmap]: 
[planner_server-16] 	global_costmap lifecycle node launched. 
[planner_server-16] 	Waiting on external lifecycle transitions to activate
[planner_server-16] 	See https://design.ros2.org/articles/node_lifecycle.html for more information.
[map_server-10] [INFO] [1790245322.150806164] [map_server]: 
[map_server-10] 	map_server lifecycle node launched. 
[map_server-10] 	Waiting on external lifecycle transitions to activate
[map_server-10] 	See https://design.ros2.org/articles/node_lifecycle.html for more information.
[controller_server-15] [INFO] [1790245322.151154605] [controller_server]: 
[controller_server-15] 	controller_server lifecycle node launched. 
[controller_server-15] 	Waiting on external lifecycle transitions to activate
[controller_server-15] 	See https://design.ros2.org/articles/node_lifecycle.html for more information.
[map_server-10] [INFO] [1790245322.153315178] [map_server]: Creating
[planner_server-16] [INFO] [1790245322.153327243] [global_costmap.global_costmap]: Creating Costmap
[bt_navigator-18] [INFO] [1790245322.157701801] [bt_navigator]: 
[bt_navigator-18] 	bt_navigator lifecycle node launched. 
[bt_navigator-18] 	Waiting on external lifecycle transitions to activate
[bt_navigator-18] 	See https://design.ros2.org/articles/node_lifecycle.html for more information.
[lifecycle_manager-20] 1790245322.159789 [133] lifecycle_: selected interface "lo" is not multicast-capable: disabling multicast
[behavior_server-19] 1790245322.162665 [133] behavior_s: selected interface "lo" is not multicast-capable: disabling multicast
[bt_navigator-18] [INFO] [1790245322.162798236] [bt_navigator]: Creating
[lifecycle_manager-20] [INFO] [1790245322.169676528] [lifecycle_manager_navigation]: Creating
[lifecycle_manager-20] [INFO] [1790245322.172908476] [lifecycle_manager_navigation]: [34m[1mCreating and initializing lifecycle service clients[0m[0m
[behavior_server-19] [INFO] [1790245322.175574398] [behavior_server]: 
[behavior_server-19] 	behavior_server lifecycle node launched. 
[behavior_server-19] 	Waiting on external lifecycle transitions to activate
[behavior_server-19] 	See https://design.ros2.org/articles/node_lifecycle.html for more information.
[controller_server-15] [INFO] [1790245322.190190661] [controller_server]: Creating controller server
[controller_server-15] [INFO] [1790245322.226594206] [local_costmap.local_costmap]: 
[controller_server-15] 	local_costmap lifecycle node launched. 
[controller_server-15] 	Waiting on external lifecycle transitions to activate
[controller_server-15] 	See https://design.ros2.org/articles/node_lifecycle.html for more information.
[controller_server-15] [INFO] [1790245322.230181283] [local_costmap.local_costmap]: Creating Costmap
[lifecycle_manager-12] [INFO] [1790245322.305627412] [lifecycle_manager_localization]: [34m[1mStarting managed nodes bringup...[0m[0m
[lifecycle_manager-12] [INFO] [1790245322.306941139] [lifecycle_manager_localization]: [34m[1mConfiguring map_server[0m[0m
[map_server-10] [INFO] [1790245322.307894425] [map_server]: Configuring
[map_server-10] [INFO] [1790245322.308040451] [map_io]: Loading yaml file: /workspace/molar/ros_ws/bumperbot_ws/install/robot_lab_maps/share/robot_lab_maps/maps/celisca_floor_1_furniture/maps/map.yaml
[map_server-10] [INFO] [1790245322.308487076] [map_io]: resolution: 0.0183333
[map_server-10] [INFO] [1790245322.308508998] [map_io]: origin[0]: -18.26
[map_server-10] [INFO] [1790245322.308515462] [map_io]: origin[1]: -7.99333
[map_server-10] [INFO] [1790245322.308520294] [map_io]: origin[2]: 0
[map_server-10] [INFO] [1790245322.308525351] [map_io]: free_thresh: 0.25
[map_server-10] [INFO] [1790245322.308530343] [map_io]: occupied_thresh: 0.65
[map_server-10] [INFO] [1790245322.308536456] [map_io]: mode: trinary
[map_server-10] [INFO] [1790245322.308543624] [map_io]: negate: 0
[map_server-10] [INFO] [1790245322.308824028] [map_io]: Loading image_file: /workspace/molar/ros_ws/bumperbot_ws/install/robot_lab_maps/share/robot_lab_maps/maps/celisca_floor_1_furniture/maps/map.pgm
[lifecycle_manager-20] [INFO] [1790245322.348807866] [lifecycle_manager_navigation]: [34m[1mStarting managed nodes bringup...[0m[0m
[lifecycle_manager-20] [INFO] [1790245322.349604467] [lifecycle_manager_navigation]: [34m[1mConfiguring controller_server[0m[0m
[controller_server-15] [INFO] [1790245322.350102520] [controller_server]: Configuring controller interface
[controller_server-15] [INFO] [1790245322.350435536] [controller_server]: getting goal checker plugins..
[controller_server-15] [INFO] [1790245322.350782345] [controller_server]: Controller frequency set to 20.0000Hz
[controller_server-15] [INFO] [1790245322.350860719] [local_costmap.local_costmap]: Configuring
[controller_server-15] [INFO] [1790245322.358810065] [local_costmap.local_costmap]: Using plugin "obstacle_layer"
[controller_server-15] [INFO] [1790245322.366887549] [local_costmap.local_costmap]: Subscribed to Topics: scan
[controller_server-15] [INFO] [1790245322.374144269] [local_costmap.local_costmap]: Initialized plugin "obstacle_layer"
[controller_server-15] [INFO] [1790245322.374242356] [local_costmap.local_costmap]: Using plugin "inflation_layer"
[controller_server-15] [INFO] [1790245322.375771331] [local_costmap.local_costmap]: Initialized plugin "inflation_layer"
[controller_server-15] [INFO] [1790245322.385394239] [controller_server]: Created progress_checker : progress_checker of type nav2_controller::SimpleProgressChecker
[controller_server-15] [INFO] [1790245322.387212772] [controller_server]: Created goal checker : general_goal_checker of type nav2_controller::SimpleGoalChecker
[controller_server-15] [INFO] [1790245322.388003741] [controller_server]: Controller Server has general_goal_checker  goal checkers available.
[controller_server-15] [INFO] [1790245322.392762712] [controller_server]: Created controller : FollowPath of type dwb_core::DWBLocalPlanner
[controller_server-15] [INFO] [1790245322.394781418] [controller_server]: Setting transform_tolerance to 0.200000
[controller_server-15] [INFO] [1790245322.407335836] [controller_server]: Using critic "RotateToGoal" (dwb_critics::RotateToGoalCritic)
[controller_server-15] [INFO] [1790245322.408448973] [controller_server]: Critic plugin initialized
[controller_server-15] [INFO] [1790245322.408730625] [controller_server]: Using critic "Oscillation" (dwb_critics::OscillationCritic)
[controller_server-15] [INFO] [1790245322.409667461] [controller_server]: Critic plugin initialized
[controller_server-15] [INFO] [1790245322.409908759] [controller_server]: Using critic "BaseObstacle" (dwb_critics::BaseObstacleCritic)
[controller_server-15] [INFO] [1790245322.410303220] [controller_server]: Critic plugin initialized
[controller_server-15] [INFO] [1790245322.410529668] [controller_server]: Using critic "GoalAlign" (dwb_critics::GoalAlignCritic)
[controller_server-15] [INFO] [1790245322.411179860] [controller_server]: Critic plugin initialized
[controller_server-15] [INFO] [1790245322.411403524] [controller_server]: Using critic "PathAlign" (dwb_critics::PathAlignCritic)
[controller_server-15] [INFO] [1790245322.411987374] [controller_server]: Critic plugin initialized
[controller_server-15] [INFO] [1790245322.412223679] [controller_server]: Using critic "PathDist" (dwb_critics::PathDistCritic)
[controller_server-15] [INFO] [1790245322.412627517] [controller_server]: Critic plugin initialized
[controller_server-15] [INFO] [1790245322.412851533] [controller_server]: Using critic "GoalDist" (dwb_critics::GoalDistCritic)
[controller_server-15] [INFO] [1790245322.413275276] [controller_server]: Critic plugin initialized
[controller_server-15] [INFO] [1790245322.413309486] [controller_server]: Controller Server has FollowPath  controllers available.
[lifecycle_manager-20] [INFO] [1790245322.420010518] [lifecycle_manager_navigation]: [34m[1mConfiguring planner_server[0m[0m
[planner_server-16] [INFO] [1790245322.421486305] [planner_server]: Configuring
[planner_server-16] [INFO] [1790245322.421568455] [global_costmap.global_costmap]: Configuring
[planner_server-16] [INFO] [1790245322.430498129] [global_costmap.global_costmap]: Using plugin "static_layer"
[planner_server-16] [INFO] [1790245322.442203461] [global_costmap.global_costmap]: Subscribing to the map topic (/map) with transient local durability
[planner_server-16] [INFO] [1790245322.445888753] [global_costmap.global_costmap]: Initialized plugin "static_layer"
[planner_server-16] [INFO] [1790245322.447009826] [global_costmap.global_costmap]: Using plugin "obstacle_layer"
[planner_server-16] [INFO] [1790245322.453935290] [global_costmap.global_costmap]: Subscribed to Topics: scan
[planner_server-16] [INFO] [1790245322.472931520] [global_costmap.global_costmap]: Initialized plugin "obstacle_layer"
[planner_server-16] [INFO] [1790245322.474168058] [global_costmap.global_costmap]: Using plugin "inflation_layer"
[planner_server-16] [INFO] [1790245322.481586614] [global_costmap.global_costmap]: Initialized plugin "inflation_layer"
[planner_server-16] [INFO] [1790245322.509980040] [planner_server]: Created global planner plugin GridBased of type nav2_smac_planner/SmacPlanner2D
[planner_server-16] [INFO] [1790245322.512269967] [planner_server]: Configuring GridBased of type SmacPlanner2D
[planner_server-16] [INFO] [1790245322.535036231] [planner_server]: Configured plugin GridBased of type SmacPlanner2D with tolerance 0.12, maximum iterations 1000000, max on approach iterations 1000, and allowing unknown traversal.
[planner_server-16] [INFO] [1790245322.536802023] [planner_server]: Planner Server has GridBased  planners available.
[lifecycle_manager-20] [INFO] [1790245322.565274975] [lifecycle_manager_navigation]: [34m[1mConfiguring smoother_server[0m[0m
[smoother_server-17] [INFO] [1790245322.566714568] [smoother_server]: Configuring smoother server
[smoother_server-17] [INFO] [1790245322.578921376] [smoother_server]: Created smoother : simple_smoother of type nav2_smoother::SimpleSmoother
[smoother_server-17] [INFO] [1790245322.588106172] [smoother_server]: Smoother Server has simple_smoother  smoothers available.
[map_server-10] [INFO] [1790245322.593585131] [map_io]: Read map /workspace/molar/ros_ws/bumperbot_ws/install/robot_lab_maps/share/robot_lab_maps/maps/celisca_floor_1_furniture/maps/map.pgm: 1998 X 860 map @ 0.0183333 m/cell
[lifecycle_manager-20] [INFO] [1790245322.603258123] [lifecycle_manager_navigation]: [34m[1mConfiguring bt_navigator[0m[0m
[bt_navigator-18] [INFO] [1790245322.603744750] [bt_navigator]: Configuring
[lifecycle_manager-12] [INFO] [1790245322.611459775] [lifecycle_manager_localization]: [34m[1mConfiguring amcl[0m[0m
[amcl-11] [0m[INFO] [1790245322.611932322] [amcl]: Configuring[0m
[amcl-11] [0m[INFO] [1790245322.612121071] [amcl]: initTransforms[0m
[amcl-11] [0m[INFO] [1790245322.631192987] [amcl]: initPubSub[0m
[imu_republisher.py-14] 1790245322.637783 [133]    python3: selected interface "lo" is not multicast-capable: disabling multicast
[amcl-11] [0m[INFO] [1790245322.638965520] [amcl]: Subscribed to map topic.[0m
[wheel_imu_fusion-21] 1790245322.651663 [133] wheel_imu_: selected interface "lo" is not multicast-capable: disabling multicast
[lifecycle_manager-12] [INFO] [1790245322.654125407] [lifecycle_manager_localization]: [34m[1mActivating map_server[0m[0m
[map_server-10] [INFO] [1790245322.654467864] [map_server]: Activating
[map_server-10] [INFO] [1790245322.658623591] [map_server]: Creating bond (map_server) to lifecycle manager.
[lifecycle_manager-20] [INFO] [1790245322.771286860] [lifecycle_manager_navigation]: [34m[1mConfiguring behavior_server[0m[0m
[behavior_server-19] [INFO] [1790245322.771686569] [behavior_server]: Configuring
[lifecycle_manager-12] [INFO] [1790245322.773774305] [lifecycle_manager_localization]: Server map_server connected with bond.
[lifecycle_manager-12] [INFO] [1790245322.773864935] [lifecycle_manager_localization]: [34m[1mActivating amcl[0m[0m
[amcl-11] [0m[INFO] [1790245322.774296615] [amcl]: Activating[0m
[amcl-11] [0m[INFO] [1790245322.774389294] [amcl]: initialPoseReceived[0m
[amcl-11] [0m[INFO] [1790245322.774579707] [amcl]: Setting pose (0.000000): 0.000 1.100 0.000[0m
[amcl-11] [0m[INFO] [1790245322.775498046] [amcl]: Creating bond (amcl) to lifecycle manager.[0m
[behavior_server-19] [INFO] [1790245322.790565094] [behavior_server]: Creating behavior plugin spin of type nav2_behaviors/Spin
[behavior_server-19] [INFO] [1790245322.794005825] [behavior_server]: Configuring spin
[behavior_server-19] [INFO] [1790245322.809405441] [behavior_server]: Creating behavior plugin backup of type nav2_behaviors/BackUp
[behavior_server-19] [INFO] [1790245322.811036504] [behavior_server]: Configuring backup
[behavior_server-19] [INFO] [1790245322.827576875] [behavior_server]: Creating behavior plugin wait of type nav2_behaviors/Wait
[behavior_server-19] [INFO] [1790245322.829144125] [behavior_server]: Configuring wait
[lifecycle_manager-20] [INFO] [1790245322.837211112] [lifecycle_manager_navigation]: [34m[1mActivating controller_server[0m[0m
[controller_server-15] [INFO] [1790245322.837596900] [controller_server]: Activating
[controller_server-15] [INFO] [1790245322.837683627] [local_costmap.local_costmap]: Activating
[controller_server-15] [INFO] [1790245322.837710445] [local_costmap.local_costmap]: Checking transform
[controller_server-15] [INFO] [1790245322.837752720] [local_costmap.local_costmap]: Timed out waiting for transform from base_footprint to odom to become available, tf error: Invalid frame ID "odom" passed to canTransform argument target_frame - frame does not exist
[planner_server-16] [INFO] [1790245322.846004072] [global_costmap.global_costmap]: StaticLayer: Resizing costmap to 1998 X 860 at 0.018333 m/pix
[lifecycle_manager-12] [INFO] [1790245322.878198414] [lifecycle_manager_localization]: Server amcl connected with bond.
[lifecycle_manager-12] [INFO] [1790245322.878285941] [lifecycle_manager_localization]: [34m[1mManaged nodes are active[0m[0m
[lifecycle_manager-12] [INFO] [1790245322.878310710] [lifecycle_manager_localization]: [34m[1mCreating bond timer...[0m[0m
[amcl-11] [0m[INFO] [1790245322.943918364] [amcl]: Received a 1998 X 860 map @ 0.018 m/pix[0m
[wheel_imu_fusion-21] [INFO] [1790245323.000040559] [sensor_fusion_wheel_imu_fusion]: wheel_imu_fusion ready
[controller_server-15] [INFO] [1790245323.337823816] [local_costmap.local_costmap]: Timed out waiting for transform from base_footprint to odom to become available, tf error: Invalid frame ID "odom" passed to canTransform argument target_frame - frame does not exist
[controller_server-15] [INFO] [1790245323.837817127] [local_costmap.local_costmap]: Timed out waiting for transform from base_footprint to odom to become available, tf error: Invalid frame ID "odom" passed to canTransform argument target_frame - frame does not exist
[controller_server-15] [INFO] [1790245324.337819680] [local_costmap.local_costmap]: Timed out waiting for transform from base_footprint to odom to become available, tf error: Invalid frame ID "odom" passed to canTransform argument target_frame - frame does not exist
[controller_server-15] [INFO] [1790245324.837816388] [local_costmap.local_costmap]: Timed out waiting for transform from base_footprint to odom to become available, tf error: Invalid frame ID "odom" passed to canTransform argument target_frame - frame does not exist
[controller_server-15] [INFO] [1790245325.337816866] [local_costmap.local_costmap]: Timed out waiting for transform from base_footprint to odom to become available, tf error: Invalid frame ID "odom" passed to canTransform argument target_frame - frame does not exist
[controller_server-15] [INFO] [1790245325.837817964] [local_costmap.local_costmap]: Timed out waiting for transform from base_footprint to odom to become available, tf error: Invalid frame ID "odom" passed to canTransform argument target_frame - frame does not exist
[controller_server-15] [INFO] [1790245326.337967898] [local_costmap.local_costmap]: start
[controller_server-15] [INFO] [1790245326.538945530] [controller_server]: Creating bond (controller_server) to lifecycle manager.
[lifecycle_manager-20] [INFO] [1790245326.644920998] [lifecycle_manager_navigation]: Server controller_server connected with bond.
[lifecycle_manager-20] [INFO] [1790245326.645021773] [lifecycle_manager_navigation]: [34m[1mActivating planner_server[0m[0m
[planner_server-16] [INFO] [1790245326.645393704] [planner_server]: Activating
[planner_server-16] [INFO] [1790245326.645500144] [global_costmap.global_costmap]: Activating
[planner_server-16] [INFO] [1790245326.645524114] [global_costmap.global_costmap]: Checking transform
[planner_server-16] [INFO] [1790245326.645563029] [global_costmap.global_costmap]: Timed out waiting for transform from base_footprint to map to become available, tf error: Invalid frame ID "map" passed to canTransform argument target_frame - frame does not exist
[planner_server-16] [INFO] [1790245327.145633849] [global_costmap.global_costmap]: Timed out waiting for transform from base_footprint to map to become available, tf error: Invalid frame ID "map" passed to canTransform argument target_frame - frame does not exist
[planner_server-16] [INFO] [1790245327.645625805] [global_costmap.global_costmap]: Timed out waiting for transform from base_footprint to map to become available, tf error: Invalid frame ID "map" passed to canTransform argument target_frame - frame does not exist
[planner_server-16] [INFO] [1790245328.145625713] [global_costmap.global_costmap]: Timed out waiting for transform from base_footprint to map to become available, tf error: Invalid frame ID "map" passed to canTransform argument target_frame - frame does not exist
[planner_server-16] [INFO] [1790245328.645630668] [global_costmap.global_costmap]: Timed out waiting for transform from base_footprint to map to become available, tf error: Invalid frame ID "map" passed to canTransform argument target_frame - frame does not exist
[planner_server-16] [INFO] [1790245329.145625622] [global_costmap.global_costmap]: Timed out waiting for transform from base_footprint to map to become available, tf error: Invalid frame ID "map" passed to canTransform argument target_frame - frame does not exist
[planner_server-16] [INFO] [1790245329.645631639] [global_costmap.global_costmap]: Timed out waiting for transform from base_footprint to map to become available, tf error: Invalid frame ID "map" passed to canTransform argument target_frame - frame does not exist
[planner_server-16] [INFO] [1790245330.145637767] [global_costmap.global_costmap]: Timed out waiting for transform from base_footprint to map to become available, tf error: Invalid frame ID "map" passed to canTransform argument target_frame - frame does not exist
[planner_server-16] [INFO] [1790245330.645632557] [global_costmap.global_costmap]: Timed out waiting for transform from base_footprint to map to become available, tf error: Invalid frame ID "map" passed to canTransform argument target_frame - frame does not exist
[planner_server-16] [INFO] [1790245331.145628642] [global_costmap.global_costmap]: Timed out waiting for transform from base_footprint to map to become available, tf error: Invalid frame ID "map" passed to canTransform argument target_frame - frame does not exist
[amcl-11] [0m[INFO] [1790245331.396527913] [amcl]: createLaserObject[0m
[planner_server-16] [INFO] [1790245331.645713045] [global_costmap.global_costmap]: Timed out waiting for transform from base_footprint to map to become available, tf error: Invalid frame ID "map" passed to canTransform argument target_frame - frame does not exist
[planner_server-16] [INFO] [1790245332.145754483] [global_costmap.global_costmap]: Timed out waiting for transform from base_footprint to map to become available, tf error: Lookup would require extrapolation at time 0.244000, but only time 1.204000 is in the buffer, when looking up transform from frame [base_footprint] to frame [map]
[planner_server-16] [INFO] [1790245332.645678848] [global_costmap.global_costmap]: Timed out waiting for transform from base_footprint to map to become available, tf error: Lookup would require extrapolation at time 0.284000, but only time 1.204000 is in the buffer, when looking up transform from frame [base_footprint] to frame [map]
[planner_server-16] [INFO] [1790245333.145712100] [global_costmap.global_costmap]: Timed out waiting for transform from base_footprint to map to become available, tf error: Lookup would require extrapolation at time 0.304000, but only time 1.204000 is in the buffer, when looking up transform from frame [base_footprint] to frame [map]
[planner_server-16] [INFO] [1790245333.645695580] [global_costmap.global_costmap]: Timed out waiting for transform from base_footprint to map to become available, tf error: Lookup would require extrapolation at time 0.344000, but only time 1.204000 is in the buffer, when looking up transform from frame [base_footprint] to frame [map]
[planner_server-16] [INFO] [1790245334.145666594] [global_costmap.global_costmap]: Timed out waiting for transform from base_footprint to map to become available, tf error: Lookup would require extrapolation at time 0.404000, but only time 1.204000 is in the buffer, when looking up transform from frame [base_footprint] to frame [map]
[planner_server-16] [INFO] [1790245334.645661792] [global_costmap.global_costmap]: Timed out waiting for transform from base_footprint to map to become available, tf error: Lookup would require extrapolation at time 0.404000, but only time 1.204000 is in the buffer, when looking up transform from frame [base_footprint] to frame [map]
[planner_server-16] [INFO] [1790245335.145664239] [global_costmap.global_costmap]: Timed out waiting for transform from base_footprint to map to become available, tf error: Lookup would require extrapolation at time 0.404000, but only time 1.204000 is in the buffer, when looking up transform from frame [base_footprint] to frame [map]
[planner_server-16] [INFO] [1790245335.645663284] [global_costmap.global_costmap]: Timed out waiting for transform from base_footprint to map to become available, tf error: Lookup would require extrapolation at time 0.404000, but only time 1.204000 is in the buffer, when looking up transform from frame [base_footprint] to frame [map]
[planner_server-16] [INFO] [1790245336.145666473] [global_costmap.global_costmap]: Timed out waiting for transform from base_footprint to map to become available, tf error: Lookup would require extrapolation at time 0.404000, but only time 1.204000 is in the buffer, when looking up transform from frame [base_footprint] to frame [map]
[planner_server-16] [INFO] [1790245336.645633362] [global_costmap.global_costmap]: Timed out waiting for transform from base_footprint to map to become available, tf error: Lookup would require extrapolation at time 0.404000, but only time 1.204000 is in the buffer, when looking up transform from frame [base_footprint] to frame [map]
[planner_server-16] [INFO] [1790245337.145682641] [global_costmap.global_costmap]: Timed out waiting for transform from base_footprint to map to become available, tf error: Lookup would require extrapolation into the past.  Requested time 0.404000 but the earliest data is at time 1.204000, when looking up transform from frame [base_footprint] to frame [map]
[planner_server-16] [INFO] [1790245337.645682627] [global_costmap.global_costmap]: Timed out waiting for transform from base_footprint to map to become available, tf error: Lookup would require extrapolation into the past.  Requested time 0.404000 but the earliest data is at time 1.204000, when looking up transform from frame [base_footprint] to frame [map]
[planner_server-16] [INFO] [1790245338.145663972] [global_costmap.global_costmap]: Timed out waiting for transform from base_footprint to map to become available, tf error: Lookup would require extrapolation into the past.  Requested time 0.444000 but the earliest data is at time 1.204000, when looking up transform from frame [base_footprint] to frame [map]
[planner_server-16] [INFO] [1790245338.645665981] [global_costmap.global_costmap]: Timed out waiting for transform from base_footprint to map to become available, tf error: Lookup would require extrapolation into the past.  Requested time 0.504000 but the earliest data is at time 1.204000, when looking up transform from frame [base_footprint] to frame [map]
[planner_server-16] [INFO] [1790245339.145670023] [global_costmap.global_costmap]: Timed out waiting for transform from base_footprint to map to become available, tf error: Lookup would require extrapolation into the past.  Requested time 0.544000 but the earliest data is at time 1.204000, when looking up transform from frame [base_footprint] to frame [map]
[planner_server-16] [INFO] [1790245339.645670951] [global_costmap.global_costmap]: Timed out waiting for transform from base_footprint to map to become available, tf error: Lookup would require extrapolation into the past.  Requested time 0.584000 but the earliest data is at time 1.204000, when looking up transform from frame [base_footprint] to frame [map]
[planner_server-16] [INFO] [1790245340.145654549] [global_costmap.global_costmap]: Timed out waiting for transform from base_footprint to map to become available, tf error: Lookup would require extrapolation into the past.  Requested time 0.604000 but the earliest data is at time 1.204000, when looking up transform from frame [base_footprint] to frame [map]
[planner_server-16] [INFO] [1790245340.645662204] [global_costmap.global_costmap]: Timed out waiting for transform from base_footprint to map to become available, tf error: Lookup would require extrapolation into the past.  Requested time 0.604000 but the earliest data is at time 1.204000, when looking up transform from frame [base_footprint] to frame [map]
[planner_server-16] [INFO] [1790245341.145666131] [global_costmap.global_costmap]: Timed out waiting for transform from base_footprint to map to become available, tf error: Lookup would require extrapolation into the past.  Requested time 0.604000 but the earliest data is at time 1.204000, when looking up transform from frame [base_footprint] to frame [map]
[planner_server-16] [INFO] [1790245341.645669473] [global_costmap.global_costmap]: Timed out waiting for transform from base_footprint to map to become available, tf error: Lookup would require extrapolation into the past.  Requested time 0.604000 but the earliest data is at time 1.204000, when looking up transform from frame [base_footprint] to frame [map]
[planner_server-16] [INFO] [1790245342.145638621] [global_costmap.global_costmap]: Timed out waiting for transform from base_footprint to map to become available, tf error: Lookup would require extrapolation into the past.  Requested time 0.604000 but the earliest data is at time 1.204000, when looking up transform from frame [base_footprint] to frame [map]
[planner_server-16] [INFO] [1790245342.645662547] [global_costmap.global_costmap]: Timed out waiting for transform from base_footprint to map to become available, tf error: Lookup would require extrapolation into the past.  Requested time 0.604000 but the earliest data is at time 1.204000, when looking up transform from frame [base_footprint] to frame [map]
[planner_server-16] [INFO] [1790245343.145664856] [global_costmap.global_costmap]: Timed out waiting for transform from base_footprint to map to become available, tf error: Lookup would require extrapolation into the past.  Requested time 0.604000 but the earliest data is at time 1.204000, when looking up transform from frame [base_footprint] to frame [map]
[planner_server-16] [INFO] [1790245343.645616626] [global_costmap.global_costmap]: Timed out waiting for transform from base_footprint to map to become available, tf error: Lookup would require extrapolation into the past.  Requested time 0.644000 but the earliest data is at time 1.204000, when looking up transform from frame [base_footprint] to frame [map]
[planner_server-16] [INFO] [1790245344.145657601] [global_costmap.global_costmap]: Timed out waiting for transform from base_footprint to map to become available, tf error: Lookup would require extrapolation into the past.  Requested time 0.704000 but the earliest data is at time 1.204000, when looking up transform from frame [base_footprint] to frame [map]
[planner_server-16] [INFO] [1790245344.645667333] [global_costmap.global_costmap]: Timed out waiting for transform from base_footprint to map to become available, tf error: Lookup would require extrapolation into the past.  Requested time 0.744000 but the earliest data is at time 1.204000, when looking up transform from frame [base_footprint] to frame [map]
[planner_server-16] [INFO] [1790245345.145648439] [global_costmap.global_costmap]: Timed out waiting for transform from base_footprint to map to become available, tf error: Lookup would require extrapolation into the past.  Requested time 0.784000 but the earliest data is at time 1.204000, when looking up transform from frame [base_footprint] to frame [map]
[planner_server-16] [INFO] [1790245345.645653667] [global_costmap.global_costmap]: Timed out waiting for transform from base_footprint to map to become available, tf error: Lookup would require extrapolation into the past.  Requested time 0.804000 but the earliest data is at time 1.204000, when looking up transform from frame [base_footprint] to frame [map]
[planner_server-16] [INFO] [1790245346.145664575] [global_costmap.global_costmap]: Timed out waiting for transform from base_footprint to map to become available, tf error: Lookup would require extrapolation into the past.  Requested time 0.804000 but the earliest data is at time 1.204000, when looking up transform from frame [base_footprint] to frame [map]
[planner_server-16] [INFO] [1790245346.645670611] [global_costmap.global_costmap]: Timed out waiting for transform from base_footprint to map to become available, tf error: Lookup would require extrapolation into the past.  Requested time 0.804000 but the earliest data is at time 1.204000, when looking up transform from frame [base_footprint] to frame [map]
[planner_server-16] [INFO] [1790245347.145662901] [global_costmap.global_costmap]: Timed out waiting for transform from base_footprint to map to become available, tf error: Lookup would require extrapolation into the past.  Requested time 0.804000 but the earliest data is at time 1.204000, when looking up transform from frame [base_footprint] to frame [map]
[planner_server-16] [INFO] [1790245347.645660656] [global_costmap.global_costmap]: Timed out waiting for transform from base_footprint to map to become available, tf error: Lookup would require extrapolation into the past.  Requested time 0.804000 but the earliest data is at time 1.204000, when looking up transform from frame [base_footprint] to frame [map]
[planner_server-16] [INFO] [1790245348.145674811] [global_costmap.global_costmap]: Timed out waiting for transform from base_footprint to map to become available, tf error: Lookup would require extrapolation into the past.  Requested time 0.804000 but the earliest data is at time 1.204000, when looking up transform from frame [base_footprint] to frame [map]
[planner_server-16] [INFO] [1790245348.645664733] [global_costmap.global_costmap]: Timed out waiting for transform from base_footprint to map to become available, tf error: Lookup would require extrapolation into the past.  Requested time 0.804000 but the earliest data is at time 1.204000, when looking up transform from frame [base_footprint] to frame [map]
[planner_server-16] [INFO] [1790245349.145678961] [global_costmap.global_costmap]: Timed out waiting for transform from base_footprint to map to become available, tf error: Lookup would require extrapolation into the past.  Requested time 0.844000 but the earliest data is at time 1.204000, when looking up transform from frame [base_footprint] to frame [map]
[planner_server-16] [INFO] [1790245349.645684924] [global_costmap.global_costmap]: Timed out waiting for transform from base_footprint to map to become available, tf error: Lookup would require extrapolation into the past.  Requested time 0.884000 but the earliest data is at time 1.204000, when looking up transform from frame [base_footprint] to frame [map]
[planner_server-16] [INFO] [1790245350.145666645] [global_costmap.global_costmap]: Timed out waiting for transform from base_footprint to map to become available, tf error: Lookup would require extrapolation into the past.  Requested time 0.904000 but the earliest data is at time 1.204000, when looking up transform from frame [base_footprint] to frame [map]
[planner_server-16] [INFO] [1790245350.645664264] [global_costmap.global_costmap]: Timed out waiting for transform from base_footprint to map to become available, tf error: Lookup would require extrapolation into the past.  Requested time 0.944000 but the earliest data is at time 1.204000, when looking up transform from frame [base_footprint] to frame [map]
[planner_server-16] [INFO] [1790245351.145665643] [global_costmap.global_costmap]: Timed out waiting for transform from base_footprint to map to become available, tf error: Lookup would require extrapolation into the past.  Requested time 1.004000 but the earliest data is at time 1.204000, when looking up transform from frame [base_footprint] to frame [map]
[planner_server-16] [INFO] [1790245351.645661349] [global_costmap.global_costmap]: Timed out waiting for transform from base_footprint to map to become available, tf error: Lookup would require extrapolation into the past.  Requested time 1.004000 but the earliest data is at time 1.204000, when looking up transform from frame [base_footprint] to frame [map]
[planner_server-16] [INFO] [1790245352.145663216] [global_costmap.global_costmap]: Timed out waiting for transform from base_footprint to map to become available, tf error: Lookup would require extrapolation into the past.  Requested time 1.004000 but the earliest data is at time 1.204000, when looking up transform from frame [base_footprint] to frame [map]
[planner_server-16] [INFO] [1790245352.645670804] [global_costmap.global_costmap]: Timed out waiting for transform from base_footprint to map to become available, tf error: Lookup would require extrapolation into the past.  Requested time 1.004000 but the earliest data is at time 1.204000, when looking up transform from frame [base_footprint] to frame [map]
[planner_server-16] [INFO] [1790245353.145661703] [global_costmap.global_costmap]: Timed out waiting for transform from base_footprint to map to become available, tf error: Lookup would require extrapolation into the past.  Requested time 1.004000 but the earliest data is at time 1.204000, when looking up transform from frame [base_footprint] to frame [map]
[planner_server-16] [INFO] [1790245353.645657106] [global_costmap.global_costmap]: Timed out waiting for transform from base_footprint to map to become available, tf error: Lookup would require extrapolation into the past.  Requested time 1.004000 but the earliest data is at time 1.204000, when looking up transform from frame [base_footprint] to frame [map]
[planner_server-16] [INFO] [1790245354.145664302] [global_costmap.global_costmap]: Timed out waiting for transform from base_footprint to map to become available, tf error: Lookup would require extrapolation into the past.  Requested time 1.004000 but the earliest data is at time 1.204000, when looking up transform from frame [base_footprint] to frame [map]
[planner_server-16] [INFO] [1790245354.645666531] [global_costmap.global_costmap]: Timed out waiting for transform from base_footprint to map to become available, tf error: Lookup would require extrapolation into the past.  Requested time 1.004000 but the earliest data is at time 1.204000, when looking up transform from frame [base_footprint] to frame [map]
[planner_server-16] [INFO] [1790245355.145660679] [global_costmap.global_costmap]: Timed out waiting for transform from base_footprint to map to become available, tf error: Lookup would require extrapolation into the past.  Requested time 1.044000 but the earliest data is at time 1.204000, when looking up transform from frame [base_footprint] to frame [map]
[planner_server-16] [INFO] [1790245355.645654243] [global_costmap.global_costmap]: Timed out waiting for transform from base_footprint to map to become available, tf error: Lookup would require extrapolation into the past.  Requested time 1.104000 but the earliest data is at time 1.204000, when looking up transform from frame [base_footprint] to frame [map]
[planner_server-16] [INFO] [1790245356.145663153] [global_costmap.global_costmap]: Timed out waiting for transform from base_footprint to map to become available, tf error: Lookup would require extrapolation into the past.  Requested time 1.144000 but the earliest data is at time 1.204000, when looking up transform from frame [base_footprint] to frame [map]
[planner_server-16] [INFO] [1790245356.645657526] [global_costmap.global_costmap]: Timed out waiting for transform from base_footprint to map to become available, tf error: Lookup would require extrapolation into the past.  Requested time 1.184000 but the earliest data is at time 1.204000, when looking up transform from frame [base_footprint] to frame [map]
[planner_server-16] [INFO] [1790245357.145764051] [global_costmap.global_costmap]: start
[planner_server-16] [INFO] [1790245358.246698193] [planner_server]: Activating plugin GridBased of type SmacPlanner2D
[planner_server-16] [INFO] [1790245358.247594831] [planner_server]: Creating bond (planner_server) to lifecycle manager.
[lifecycle_manager-20] [INFO] [1790245358.350850752] [lifecycle_manager_navigation]: Server planner_server connected with bond.
[lifecycle_manager-20] [INFO] [1790245358.350937830] [lifecycle_manager_navigation]: [34m[1mActivating smoother_server[0m[0m
[smoother_server-17] [INFO] [1790245358.351323712] [smoother_server]: Activating
[smoother_server-17] [INFO] [1790245358.351406918] [smoother_server]: Creating bond (smoother_server) to lifecycle manager.
[lifecycle_manager-20] [INFO] [1790245358.458398552] [lifecycle_manager_navigation]: Server smoother_server connected with bond.
[lifecycle_manager-20] [INFO] [1790245358.458500063] [lifecycle_manager_navigation]: [34m[1mActivating bt_navigator[0m[0m
[bt_navigator-18] [INFO] [1790245358.458900026] [bt_navigator]: Activating
[bt_navigator-18] [INFO] [1790245358.512471640] [bt_navigator]: Creating bond (bt_navigator) to lifecycle manager.
[lifecycle_manager-20] [INFO] [1790245358.616474556] [lifecycle_manager_navigation]: Server bt_navigator connected with bond.
[lifecycle_manager-20] [INFO] [1790245358.616560770] [lifecycle_manager_navigation]: [34m[1mActivating behavior_server[0m[0m
[behavior_server-19] [INFO] [1790245358.616966782] [behavior_server]: Activating
[behavior_server-19] [INFO] [1790245358.617025250] [behavior_server]: Activating spin
[behavior_server-19] [INFO] [1790245358.617047364] [behavior_server]: Activating backup
[behavior_server-19] [INFO] [1790245358.617063045] [behavior_server]: Activating wait
[behavior_server-19] [INFO] [1790245358.617083558] [behavior_server]: Creating bond (behavior_server) to lifecycle manager.
[lifecycle_manager-20] [INFO] [1790245358.722446664] [lifecycle_manager_navigation]: Server behavior_server connected with bond.
[lifecycle_manager-20] [INFO] [1790245358.722558863] [lifecycle_manager_navigation]: [34m[1mManaged nodes are active[0m[0m
[lifecycle_manager-20] [INFO] [1790245358.722592530] [lifecycle_manager_navigation]: [34m[1mCreating bond timer...[0m[0m
[bt_navigator-18] [INFO] [1790245361.971815916] [bt_navigator]: Begin navigating from current location (0.00, 1.10) to (1.50, 1.10)
[controller_server-15] [INFO] [1790245361.993191201] [controller_server]: Received a goal, begin computing control effort.
[controller_server-15] [WARN] [1790245361.993310409] [controller_server]: No goal checker was specified in parameter 'current_goal_checker'. Server will use only plugin loaded general_goal_checker . This warning will appear once.
[controller_server-15] [INFO] [1790245363.043607590] [controller_server]: Passing new path to controller.
[controller_server-15] [INFO] [1790245367.143607622] [controller_server]: Passing new path to controller.
[controller_server-15] [INFO] [1790245368.193629733] [controller_server]: Passing new path to controller.
[controller_server-15] [INFO] [1790245369.193603644] [controller_server]: Passing new path to controller.
[controller_server-15] [INFO] [1790245372.293611133] [controller_server]: Passing new path to controller.
[controller_server-15] [INFO] [1790245373.343609781] [controller_server]: Passing new path to controller.
[controller_server-15] [INFO] [1790245374.343623239] [controller_server]: Passing new path to controller.
[controller_server-15] [INFO] [1790245375.393624602] [controller_server]: Passing new path to controller.
[controller_server-15] [INFO] [1790245378.493609304] [controller_server]: Passing new path to controller.
[controller_server-15] [INFO] [1790245379.493607366] [controller_server]: Passing new path to controller.
[controller_server-15] [INFO] [1790245380.543607869] [controller_server]: Passing new path to controller.
[controller_server-15] [INFO] [1790245384.643600472] [controller_server]: Passing new path to controller.
[controller_server-15] [INFO] [1790245385.693620921] [controller_server]: Passing new path to controller.
[controller_server-15] [INFO] [1790245386.743619078] [controller_server]: Passing new path to controller.
[controller_server-15] [INFO] [1790245389.793613625] [controller_server]: Passing new path to controller.
[controller_server-15] [INFO] [1790245390.843613384] [controller_server]: Passing new path to controller.
[controller_server-15] [INFO] [1790245391.843621229] [controller_server]: Passing new path to controller.
[controller_server-15] [INFO] [1790245392.893602174] [controller_server]: Passing new path to controller.
[controller_server-15] [INFO] [1790245395.993607752] [controller_server]: Passing new path to controller.
[controller_server-15] [INFO] [1790245396.993567705] [controller_server]: Passing new path to controller.
[controller_server-15] [INFO] [1790245398.043613184] [controller_server]: Passing new path to controller.
[controller_server-15] [INFO] [1790245402.143613740] [controller_server]: Passing new path to controller.
[controller_server-15] [INFO] [1790245403.193611755] [controller_server]: Passing new path to controller.
[controller_server-15] [INFO] [1790245404.243612700] [controller_server]: Passing new path to controller.
[controller_server-15] [INFO] [1790245407.293601221] [controller_server]: Passing new path to controller.
[controller_server-15] [INFO] [1790245408.343615464] [controller_server]: Passing new path to controller.
[controller_server-15] [INFO] [1790245409.393611067] [controller_server]: Passing new path to controller.
[controller_server-15] [INFO] [1790245410.393608648] [controller_server]: Passing new path to controller.
[controller_server-15] [INFO] [1790245413.493611279] [controller_server]: Passing new path to controller.
[controller_server-15] [INFO] [1790245414.543604619] [controller_server]: Passing new path to controller.
[controller_server-15] [INFO] [1790245415.543609979] [controller_server]: Passing new path to controller.
[controller_server-15] [INFO] [1790245419.693604839] [controller_server]: Passing new path to controller.
[controller_server-15] [INFO] [1790245420.693609502] [controller_server]: Passing new path to controller.
[controller_server-15] [INFO] [1790245421.743608182] [controller_server]: Passing new path to controller.
[controller_server-15] [INFO] [1790245424.843607403] [controller_server]: Passing new path to controller.
[controller_server-15] [INFO] [1790245425.843608239] [controller_server]: Passing new path to controller.
[controller_server-15] [INFO] [1790245426.893607964] [controller_server]: Passing new path to controller.
[controller_server-15] [INFO] [1790245427.893597978] [controller_server]: Passing new path to controller.
[controller_server-15] [INFO] [1790245430.993610084] [controller_server]: Passing new path to controller.
[controller_server-15] [INFO] [1790245432.043615401] [controller_server]: Passing new path to controller.
[controller_server-15] [INFO] [1790245433.043608730] [controller_server]: Passing new path to controller.
[controller_server-15] [INFO] [1790245437.193608750] [controller_server]: Passing new path to controller.
[controller_server-15] [INFO] [1790245438.193623449] [controller_server]: Passing new path to controller.
[controller_server-15] [INFO] [1790245439.243628018] [controller_server]: Passing new path to controller.
[controller_server-15] [INFO] [1790245443.343604087] [controller_server]: Passing new path to controller.
[controller_server-15] [INFO] [1790245444.393608887] [controller_server]: Passing new path to controller.
[controller_server-15] [INFO] [1790245445.393599551] [controller_server]: Passing new path to controller.
[controller_server-15] [INFO] [1790245448.493604914] [controller_server]: Passing new path to controller.
[controller_server-15] [INFO] [1790245449.543618654] [controller_server]: Passing new path to controller.
[controller_server-15] [INFO] [1790245450.543605481] [controller_server]: Passing new path to controller.
[controller_server-15] [INFO] [1790245451.593557548] [controller_server]: Passing new path to controller.
[controller_server-15] [INFO] [1790245454.693597211] [controller_server]: Passing new path to controller.
[controller_server-15] [INFO] [1790245455.693601169] [controller_server]: Passing new path to controller.
[controller_server-15] [INFO] [1790245456.743603241] [controller_server]: Passing new path to controller.
[controller_server-15] [INFO] [1790245460.843620975] [controller_server]: Passing new path to controller.
[controller_server-15] [INFO] [1790245461.893614591] [controller_server]: Passing new path to controller.
[controller_server-15] [INFO] [1790245462.943621580] [controller_server]: Passing new path to controller.
[controller_server-15] [INFO] [1790245465.993607737] [controller_server]: Passing new path to controller.
[controller_server-15] [INFO] [1790245467.043610658] [controller_server]: Passing new path to controller.
[controller_server-15] [INFO] [1790245468.093604071] [controller_server]: Passing new path to controller.
[controller_server-15] [INFO] [1790245472.193613701] [controller_server]: Passing new path to controller.
[controller_server-15] [INFO] [1790245473.243615086] [controller_server]: Passing new path to controller.
[controller_server-15] [INFO] [1790245474.243609416] [controller_server]: Passing new path to controller.
[controller_server-15] [INFO] [1790245478.393607546] [controller_server]: Passing new path to controller.
[controller_server-15] [INFO] [1790245479.393604402] [controller_server]: Passing new path to controller.
[controller_server-15] [INFO] [1790245480.443610344] [controller_server]: Passing new path to controller.
[WARNING] [launch]: user interrupted with ctrl-c (SIGINT)
[INFO] [wheel_imu_fusion-21]: sending signal 'SIGINT' to process[wheel_imu_fusion-21]
[INFO] [lifecycle_manager-20]: sending signal 'SIGINT' to process[lifecycle_manager-20]
[INFO] [behavior_server-19]: sending signal 'SIGINT' to process[behavior_server-19]
[INFO] [bt_navigator-18]: sending signal 'SIGINT' to process[bt_navigator-18]
[INFO] [smoother_server-17]: sending signal 'SIGINT' to process[smoother_server-17]
[INFO] [planner_server-16]: sending signal 'SIGINT' to process[planner_server-16]
[INFO] [controller_server-15]: sending signal 'SIGINT' to process[controller_server-15]
[INFO] [imu_republisher.py-14]: sending signal 'SIGINT' to process[imu_republisher.py-14]
[INFO] [ekf_node-13]: sending signal 'SIGINT' to process[ekf_node-13]
[INFO] [lifecycle_manager-12]: sending signal 'SIGINT' to process[lifecycle_manager-12]
[INFO] [amcl-11]: sending signal 'SIGINT' to process[amcl-11]
[INFO] [map_server-10]: sending signal 'SIGINT' to process[map_server-10]
[INFO] [twist_relay-8]: sending signal 'SIGINT' to process[twist_relay-8]
[INFO] [joystick_relay.py-7]: sending signal 'SIGINT' to process[joystick_relay.py-7]
[INFO] [twist_marker-6]: sending signal 'SIGINT' to process[twist_marker-6]
[INFO] [twist_mux-5]: sending signal 'SIGINT' to process[twist_mux-5]
[INFO] [joy_node-4]: sending signal 'SIGINT' to process[joy_node-4]
[INFO] [joy_teleop-3]: sending signal 'SIGINT' to process[joy_teleop-3]
[INFO] [mujoco_spawner-2]: sending signal 'SIGINT' to process[mujoco_spawner-2]
[INFO] [robot_state_publisher-1]: sending signal 'SIGINT' to process[robot_state_publisher-1]
[lifecycle_manager-20] [INFO] [1790245482.308421634] [rclcpp]: signal_handler(SIGINT/SIGTERM)
[lifecycle_manager-20] [INFO] [1790245482.308638350] [lifecycle_manager_navigation]: Running Nav2 LifecycleManager rcl preshutdown (lifecycle_manager_navigation)
[lifecycle_manager-20] [INFO] [1790245482.308720659] [lifecycle_manager_navigation]: [34m[1mTerminating bond timer...[0m[0m
[behavior_server-19] [INFO] [1790245482.315133597] [rclcpp]: signal_handler(SIGINT/SIGTERM)
[behavior_server-19] [INFO] [1790245482.315306631] [behavior_server]: Running Nav2 LifecycleNode rcl preshutdown (behavior_server)
[behavior_server-19] [INFO] [1790245482.315438383] [behavior_server]: Deactivating
[behavior_server-19] [INFO] [1790245482.315493106] [behavior_server]: Destroying bond (behavior_server) to lifecycle manager.
[bt_navigator-18] [INFO] [1790245482.321897564] [rclcpp]: signal_handler(SIGINT/SIGTERM)
[bt_navigator-18] [INFO] [1790245482.322082822] [bt_navigator]: Running Nav2 LifecycleNode rcl preshutdown (bt_navigator)
[bt_navigator-18] [INFO] [1790245482.322205229] [bt_navigator]: Deactivating
[bt_navigator-18] [WARN] [1790245482.322237551] [bt_navigator]: [navigate_to_pose] [ActionServer] Requested to deactivate server but goal is still executing. Should check if action server is running before deactivating.
[behavior_server-19] [INFO] [1790245482.326006532] [behavior_server]: Cleaning up
[smoother_server-17] [INFO] [1790245482.328827172] [rclcpp]: signal_handler(SIGINT/SIGTERM)
[smoother_server-17] [INFO] [1790245482.328978956] [smoother_server]: Running Nav2 LifecycleNode rcl preshutdown (smoother_server)
[smoother_server-17] [INFO] [1790245482.329078450] [smoother_server]: Deactivating
[smoother_server-17] [INFO] [1790245482.329106771] [smoother_server]: Destroying bond (smoother_server) to lifecycle manager.
[behavior_server-19] [INFO] [1790245482.334262711] [behavior_server]: Destroying bond (behavior_server) to lifecycle manager.
[planner_server-16] [INFO] [1790245482.335659398] [rclcpp]: signal_handler(SIGINT/SIGTERM)
[planner_server-16] [INFO] [1790245482.335778029] [planner_server]: Running Nav2 LifecycleNode rcl preshutdown (planner_server)
[planner_server-16] [INFO] [1790245482.335884723] [planner_server]: Deactivating
[planner_server-16] [INFO] [1790245482.335936502] [global_costmap.global_costmap]: Deactivating
[smoother_server-17] [INFO] [1790245482.339534561] [smoother_server]: Cleaning up
[controller_server-15] [INFO] [1790245482.340793832] [rclcpp]: signal_handler(SIGINT/SIGTERM)
[controller_server-15] [INFO] [1790245482.340947857] [controller_server]: Running Nav2 LifecycleNode rcl preshutdown (controller_server)
[controller_server-15] [INFO] [1790245482.341056535] [controller_server]: Deactivating
[controller_server-15] [WARN] [1790245482.341084345] [controller_server]: [follow_path] [ActionServer] Requested to deactivate server but goal is still executing. Should check if action server is running before deactivating.
[controller_server-15] [WARN] [1790245482.344098051] [controller_server]: [follow_path] [ActionServer] Stopping the thread per request.
[controller_server-15] [INFO] [1790245482.344187048] [controller_server]: [follow_path] [ActionServer] Client requested to cancel the goal. Cancelling.
[bt_navigator-18] [WARN] [1790245482.345058649] [bt_navigator]: [navigate_to_pose] [ActionServer] Aborting handle.
[bt_navigator-18] [INFO] [1790245482.345218659] [bt_navigator]: Goal canceled
[bt_navigator-18] [WARN] [1790245482.345242916] [bt_navigator]: [navigate_to_pose] [ActionServer] Stopping the thread per request.
[bt_navigator-18] [INFO] [1790245482.345522292] [bt_navigator]: Destroying bond (bt_navigator) to lifecycle manager.
[ekf_node-13] [INFO] [1790245482.353977266] [rclcpp]: signal_handler(SIGINT/SIGTERM)
[controller_server-15] [INFO] [1790245482.357041279] [local_costmap.local_costmap]: Deactivating
[smoother_server-17] [INFO] [1790245482.360612457] [smoother_server]: Destroying bond (smoother_server) to lifecycle manager.
[lifecycle_manager-12] [INFO] [1790245482.361318481] [rclcpp]: signal_handler(SIGINT/SIGTERM)
[lifecycle_manager-12] [INFO] [1790245482.361465305] [lifecycle_manager_localization]: Running Nav2 LifecycleManager rcl preshutdown (lifecycle_manager_localization)
[lifecycle_manager-12] [INFO] [1790245482.361528477] [lifecycle_manager_localization]: [34m[1mTerminating bond timer...[0m[0m
[amcl-11] [0m[INFO] [1790245482.372047311] [rclcpp]: signal_handler(SIGINT/SIGTERM)[0m
[amcl-11] [0m[INFO] [1790245482.372262364] [amcl]: Running Nav2 LifecycleNode rcl preshutdown (amcl)[0m
[amcl-11] [0m[INFO] [1790245482.372394531] [amcl]: Deactivating[0m
[amcl-11] [0m[INFO] [1790245482.372440326] [amcl]: Destroying bond (amcl) to lifecycle manager.[0m
[behavior_server-19] [INFO] [1790245482.374780522] [behavior_server]: Destroying
[map_server-10] [INFO] [1790245482.377501988] [rclcpp]: signal_handler(SIGINT/SIGTERM)
[map_server-10] [INFO] [1790245482.377703407] [map_server]: Running Nav2 LifecycleNode rcl preshutdown (map_server)
[map_server-10] [INFO] [1790245482.377808309] [map_server]: Deactivating
[map_server-10] [INFO] [1790245482.377832343] [map_server]: Destroying bond (map_server) to lifecycle manager.
[amcl-11] [0m[INFO] [1790245482.382863987] [amcl]: Cleaning up[0m
[twist_relay-8] [INFO] [1790245482.382267377] [rclcpp]: signal_handler(SIGINT/SIGTERM)
[map_server-10] [INFO] [1790245482.388065433] [map_server]: Cleaning up
[map_server-10] [INFO] [1790245482.388419725] [map_server]: Destroying bond (map_server) to lifecycle manager.
[amcl-11] [0m[INFO] [1790245482.393311234] [amcl]: Destroying bond (amcl) to lifecycle manager.[0m
[lifecycle_manager-12] [INFO] [1790245482.393348164] [lifecycle_manager_localization]: Destroying lifecycle_manager_localization
[twist_marker-6] [INFO] [1790245482.400102306] [rclcpp]: signal_handler(SIGINT/SIGTERM)
[amcl-11] [0m[INFO] [1790245482.404705734] [amcl]: Destroying[0m
[map_server-10] [INFO] [1790245482.403798803] [map_server]: Destroying
[twist_mux-5] [INFO] [1790245482.408303314] [rclcpp]: signal_handler(SIGINT/SIGTERM)
[joy_node-4] [INFO] [1790245482.417006558] [rclcpp]: signal_handler(SIGINT/SIGTERM)
[robot_state_publisher-1] [INFO] [1790245482.438315667] [rclcpp]: signal_handler(SIGINT/SIGTERM)
[bt_navigator-18] [INFO] [1790245482.446010214] [bt_navigator]: Cleaning up
[smoother_server-17] [INFO] [1790245482.465571416] [smoother_server]: Destroying
[controller_server-15] [INFO] [1790245482.538288743] [controller_server]: Destroying bond (controller_server) to lifecycle manager.
[controller_server-15] [INFO] [1790245482.548762808] [controller_server]: Cleaning up
[controller_server-15] [INFO] [1790245482.549158830] [local_costmap.local_costmap]: Cleaning up
[controller_server-15] [INFO] [1790245482.574068239] [controller_server]: Destroying bond (controller_server) to lifecycle manager.
[INFO] [lifecycle_manager-12]: process has finished cleanly [pid 759840]
[INFO] [ekf_node-13]: process has finished cleanly [pid 759842]
[controller_server-15] [INFO] [1790245482.589033853] [local_costmap.local_costmap]: Destroying
[INFO] [twist_relay-8]: process has finished cleanly [pid 759497]
[controller_server-15] [INFO] [1790245482.607076121] [controller_server]: Destroying
[INFO] [map_server-10]: process has finished cleanly [pid 759836]
[INFO] [twist_marker-6]: process has finished cleanly [pid 759493]
[INFO] [twist_mux-5]: process has finished cleanly [pid 759491]
[bt_navigator-18] [INFO] [1790245482.630970080] [bt_navigator]: Completed Cleaning up
[bt_navigator-18] [INFO] [1790245482.631081894] [bt_navigator]: Destroying bond (bt_navigator) to lifecycle manager.
[INFO] [joy_node-4]: process has finished cleanly [pid 759489]
[bt_navigator-18] [INFO] [1790245482.637561269] [bt_navigator]: Destroying
[INFO] [behavior_server-19]: process has finished cleanly [pid 759858]
[INFO] [wheel_imu_fusion-21]: process has finished cleanly [pid 759864]
[INFO] [robot_state_publisher-1]: process has finished cleanly [pid 759483]
[INFO] [smoother_server-17]: process has finished cleanly [pid 759850]
[lifecycle_manager-20] [INFO] [1790245482.672972967] [lifecycle_manager_navigation]: Destroying lifecycle_manager_navigation
[INFO] [imu_republisher.py-14]: process has finished cleanly [pid 759844]
[joy_teleop-3] Traceback (most recent call last):
[joy_teleop-3]   File "/opt/ros/humble/lib/joy_teleop/joy_teleop", line 33, in <module>
[joy_teleop-3]     sys.exit(load_entry_point('joy-teleop==1.6.0', 'console_scripts', 'joy_teleop')())
[joy_teleop-3]   File "/opt/ros/humble/lib/python3.10/site-packages/joy_teleop/joy_teleop.py", line 442, in main
[joy_teleop-3]     rclpy.shutdown()
[joy_teleop-3]   File "/opt/ros/humble/local/lib/python3.10/dist-packages/rclpy/__init__.py", line 130, in shutdown
[joy_teleop-3]     _shutdown(context=context)
[joy_teleop-3]   File "/opt/ros/humble/local/lib/python3.10/dist-packages/rclpy/utilities.py", line 58, in shutdown
[joy_teleop-3]     return context.shutdown()
[joy_teleop-3]   File "/opt/ros/humble/local/lib/python3.10/dist-packages/rclpy/context.py", line 102, in shutdown
[joy_teleop-3]     self.__context.shutdown()
[joy_teleop-3] rclpy._rclpy_pybind11.RCLError: failed to shutdown: rcl_shutdown already called on the given context, at ./src/rcl/init.c:241
[INFO] [controller_server-15]: process has finished cleanly [pid 759846]
[INFO] [joystick_relay.py-7]: process has finished cleanly [pid 759495]
[INFO] [amcl-11]: process has finished cleanly [pid 759838]
[ERROR] [joy_teleop-3]: process has died [pid 759487, exit code 1, cmd '/opt/ros/humble/lib/joy_teleop/joy_teleop --ros-args --params-file /workspace/molar/ros_ws/bumperbot_ws/install/robot_lab_controller/share/robot_lab_controller/config/joy_teleop.yaml --params-file /workspace/molar/.tmp/launch_params__baqdjk7'].
[INFO] [lifecycle_manager-20]: process has finished cleanly [pid 759862]
[INFO] [bt_navigator-18]: process has finished cleanly [pid 759856]
[planner_server-16] [INFO] [1790245483.145986868] [planner_server]: Deactivating plugin GridBased of type SmacPlanner2D
[planner_server-16] [INFO] [1790245483.146082298] [planner_server]: Destroying bond (planner_server) to lifecycle manager.
[planner_server-16] [INFO] [1790245483.156321916] [planner_server]: Cleaning up
[planner_server-16] [INFO] [1790245483.172685656] [global_costmap.global_costmap]: Cleaning up
[planner_server-16] [INFO] [1790245483.176267746] [planner_server]: Cleaning up plugin GridBased of type SmacPlanner2D
[planner_server-16] [INFO] [1790245483.176873188] [planner_server]: Destroying plugin GridBased of type SmacPlanner2D
[planner_server-16] [INFO] [1790245483.190654382] [planner_server]: Destroying bond (planner_server) to lifecycle manager.
[planner_server-16] [INFO] [1790245483.199275829] [global_costmap.global_costmap]: Destroying
[planner_server-16] [INFO] [1790245483.221452281] [planner_server]: Destroying
[mujoco_spawner-2] Exception ignored in: <function Renderer.__del__ at 0xffff81e023b0>
[mujoco_spawner-2] Traceback (most recent call last):
[mujoco_spawner-2]   File "/home/molar1/.local/lib/python3.10/site-packages/mujoco/rendering/classic/renderer.py", line 343, in __del__
[mujoco_spawner-2]     self.close()
[mujoco_spawner-2]   File "/home/molar1/.local/lib/python3.10/site-packages/mujoco/rendering/classic/renderer.py", line 329, in close
[mujoco_spawner-2]     self._gl_context.free()
[mujoco_spawner-2]   File "/home/molar1/.local/lib/python3.10/site-packages/mujoco/egl/__init__.py", line 133, in free
[mujoco_spawner-2]     EGL.eglDestroyContext(EGL_DISPLAY, self._context)
[mujoco_spawner-2]   File "/usr/lib/python3/dist-packages/OpenGL/platform/baseplatform.py", line 415, in __call__
[mujoco_spawner-2]     return self( *args, **named )
[mujoco_spawner-2]   File "/usr/lib/python3/dist-packages/OpenGL/error.py", line 230, in glCheckError
[mujoco_spawner-2]     raise self._errorClass(
[mujoco_spawner-2] OpenGL.raw.EGL._errors.EGLError: EGLError(
[mujoco_spawner-2] 	err = EGL_NOT_INITIALIZED,
[mujoco_spawner-2] 	baseOperation = eglDestroyContext,
[mujoco_spawner-2] 	cArguments = (
[mujoco_spawner-2] 		<OpenGL._opaque.EGLDisplay_pointer object at 0xffff24afee40>,
[mujoco_spawner-2] 		<OpenGL._opaque.EGLContext_pointer object at 0xffff24aff5c0>,
[mujoco_spawner-2] 	),
[mujoco_spawner-2] 	result = 0
[mujoco_spawner-2] )
[mujoco_spawner-2] Exception ignored in: <function GLContext.__del__ at 0xffff81e01cf0>
[mujoco_spawner-2] Traceback (most recent call last):
[mujoco_spawner-2]   File "/home/molar1/.local/lib/python3.10/site-packages/mujoco/egl/__init__.py", line 138, in __del__
[mujoco_spawner-2]     self.free()
[mujoco_spawner-2]   File "/home/molar1/.local/lib/python3.10/site-packages/mujoco/egl/__init__.py", line 133, in free
[mujoco_spawner-2]     EGL.eglDestroyContext(EGL_DISPLAY, self._context)
[mujoco_spawner-2]   File "/usr/lib/python3/dist-packages/OpenGL/error.py", line 230, in glCheckError
[mujoco_spawner-2]     raise self._errorClass(
[mujoco_spawner-2] OpenGL.raw.EGL._errors.EGLError: EGLError(
[mujoco_spawner-2] 	err = EGL_NOT_INITIALIZED,
[mujoco_spawner-2] 	baseOperation = eglDestroyContext,
[mujoco_spawner-2] 	cArguments = (
[mujoco_spawner-2] 		<OpenGL._opaque.EGLDisplay_pointer object at 0xffff24afee40>,
[mujoco_spawner-2] 		<OpenGL._opaque.EGLContext_pointer object at 0xffff24aff5c0>,
[mujoco_spawner-2] 	),
[mujoco_spawner-2] 	result = 0
[mujoco_spawner-2] )
[INFO] [planner_server-16]: process has finished cleanly [pid 759848]
[INFO] [mujoco_spawner-2]: process has finished cleanly [pid 759485]
