[INFO] [launch]: All log files can be found below /home/molar1/.ros/log/2026-09-28-11-05-00-596133-molar1-93077
[INFO] [launch]: Default logging verbosity is set to INFO
[robot_lab] algorithm localization=amcl -> global_localization stack
[robot_lab] algorithm state_estimation=ekf_localization_node -> local_localization stack
[robot_lab] algorithm sensor_fusion=wheel_imu_fusion -> node robot_lab_algorithms/wheel_imu_fusion
[INFO] [go2-stance-gait-controller-1]: process started with pid [93138]
[INFO] [robot_state_publisher-2]: process started with pid [93140]
[INFO] [mujoco_spawner-3]: process started with pid [93142]
[INFO] [joy_teleop-4]: process started with pid [93144]
[INFO] [joy_node-5]: process started with pid [93146]
[INFO] [twist_mux-6]: process started with pid [93148]
[INFO] [twist_marker-7]: process started with pid [93150]
[INFO] [joystick_relay.py-8]: process started with pid [93152]
[INFO] [twist_relay-9]: process started with pid [93154]
[INFO] [simulator_ready_gate-10]: process started with pid [93161]
[robot_state_publisher-2] [INFO] [1790586301.529204585] [robot_state_publisher]: got segment FL_calf
[robot_state_publisher-2] [INFO] [1790586301.529408580] [robot_state_publisher]: got segment FL_calf_rotor
[robot_state_publisher-2] [INFO] [1790586301.529429027] [robot_state_publisher]: got segment FL_foot
[robot_state_publisher-2] [INFO] [1790586301.529438531] [robot_state_publisher]: got segment FL_hip
[robot_state_publisher-2] [INFO] [1790586301.529446147] [robot_state_publisher]: got segment FL_hip_rotor
[robot_state_publisher-2] [INFO] [1790586301.529453763] [robot_state_publisher]: got segment FL_thigh
[robot_state_publisher-2] [INFO] [1790586301.529461122] [robot_state_publisher]: got segment FL_thigh_rotor
[robot_state_publisher-2] [INFO] [1790586301.529468482] [robot_state_publisher]: got segment FR_calf
[robot_state_publisher-2] [INFO] [1790586301.529475618] [robot_state_publisher]: got segment FR_calf_rotor
[robot_state_publisher-2] [INFO] [1790586301.529482914] [robot_state_publisher]: got segment FR_foot
[robot_state_publisher-2] [INFO] [1790586301.529490050] [robot_state_publisher]: got segment FR_hip
[robot_state_publisher-2] [INFO] [1790586301.529497313] [robot_state_publisher]: got segment FR_hip_rotor
[robot_state_publisher-2] [INFO] [1790586301.529504609] [robot_state_publisher]: got segment FR_thigh
[robot_state_publisher-2] [INFO] [1790586301.529511777] [robot_state_publisher]: got segment FR_thigh_rotor
[robot_state_publisher-2] [INFO] [1790586301.529518753] [robot_state_publisher]: got segment RL_calf
[robot_state_publisher-2] [INFO] [1790586301.529525793] [robot_state_publisher]: got segment RL_calf_rotor
[robot_state_publisher-2] [INFO] [1790586301.529532865] [robot_state_publisher]: got segment RL_foot
[robot_state_publisher-2] [INFO] [1790586301.529539808] [robot_state_publisher]: got segment RL_hip
[robot_state_publisher-2] [INFO] [1790586301.529546688] [robot_state_publisher]: got segment RL_hip_rotor
[robot_state_publisher-2] [INFO] [1790586301.529553824] [robot_state_publisher]: got segment RL_thigh
[robot_state_publisher-2] [INFO] [1790586301.529560960] [robot_state_publisher]: got segment RL_thigh_rotor
[robot_state_publisher-2] [INFO] [1790586301.529567936] [robot_state_publisher]: got segment RR_calf
[robot_state_publisher-2] [INFO] [1790586301.529575167] [robot_state_publisher]: got segment RR_calf_rotor
[robot_state_publisher-2] [INFO] [1790586301.529582431] [robot_state_publisher]: got segment RR_foot
[robot_state_publisher-2] [INFO] [1790586301.529589439] [robot_state_publisher]: got segment RR_hip
[robot_state_publisher-2] [INFO] [1790586301.529596479] [robot_state_publisher]: got segment RR_hip_rotor
[robot_state_publisher-2] [INFO] [1790586301.529603359] [robot_state_publisher]: got segment RR_thigh
[robot_state_publisher-2] [INFO] [1790586301.529610303] [robot_state_publisher]: got segment RR_thigh_rotor
[robot_state_publisher-2] [INFO] [1790586301.529617246] [robot_state_publisher]: got segment base
[robot_state_publisher-2] [INFO] [1790586301.529624158] [robot_state_publisher]: got segment front_camera
[robot_state_publisher-2] [INFO] [1790586301.529631422] [robot_state_publisher]: got segment imu_link
[robot_state_publisher-2] [INFO] [1790586301.529638622] [robot_state_publisher]: got segment trunk
[twist_mux-6] [INFO] [1790586301.546423175] [twist_mux]: Topic handler 'topics.joystick' subscribed to topic 'joy_vel': timeout = 0.500000s , priority = 99.
[twist_mux-6] [INFO] [1790586301.551974805] [twist_mux]: Topic handler 'topics.keyboard' subscribed to topic 'key_vel': timeout = 0.500000s , priority = 90.
[twist_mux-6] [INFO] [1790586301.553480334] [twist_mux]: Topic handler 'topics.navigation' subscribed to topic 'cmd_vel': timeout = 0.500000s , priority = 80.
[twist_mux-6] [INFO] [1790586301.556131657] [twist_mux]: Topic handler 'locks.safety_stop' subscribed to topic 'safety_stop': timeout = None , priority = 255.
[go2-stance-gait-controller-1] [0;93m2026-09-28 11:05:02.195392566 [W:onnxruntime:Default, device_discovery.cc:164 DiscoverDevicesForPlatform] GPU device discovery failed: device_discovery.cc:89 ReadFileContents Failed to open file: "/sys/class/drm/card1/device/vendor"[m
[go2-stance-gait-controller-1] [INFO] [1790586302.275135761] [go2_stance_gait_controller]: Go2 closed-loop stance: 12 effort joints at 250.0 Hz; controller ONNX velocity policy
[mujoco_spawner-3] [INFO] [1790586303.550422234] [mujoco_spawner]: MuJoCo: 18 collision proxy geom(s) moved to group 3 (viewer Rendering tab to show them).
[mujoco_spawner-3] [INFO] [1790586303.607172783] [mujoco_spawner]: MuJoCo URDF import OK (all meshes staged).
[mujoco_spawner-3] [WARN] [1790586303.617867607] [mujoco_spawner]: MuJoCo effort plant: no MJCF beside /home/molar1/bumperbot_ws/install/robot_lab_robots/share/robot_lab_robots/unitree/go2_description/xacro/go2_sim.xacro names every effort joint; keeping the URDF <dynamics> (damping=5.0 is a Gazebo stabiliser the robot does not have).
[mujoco_spawner-3] [INFO] [1790586303.666770554] [mujoco_spawner]: MuJoCo physics timestep: 0.0010 s
[mujoco_spawner-3] [INFO] [1790586303.668583850] [mujoco_spawner]: Robot has no 'oakd_rgb_camera_frame' link; no RGB-D camera is published.
[mujoco_spawner-3] [INFO] [1790586303.669999045] [mujoco_spawner]: Joints: ['FR_hip_joint', 'FR_thigh_joint', 'FR_calf_joint', 'FL_hip_joint', 'FL_thigh_joint', 'FL_calf_joint', 'RR_hip_joint', 'RR_thigh_joint', 'RR_calf_joint', 'RL_hip_joint', 'RL_thigh_joint', 'RL_calf_joint']   lw= rw=
[mujoco_spawner-3] [INFO] [1790586303.672414214] [mujoco_spawner]: MuJoCo effort joint armature: 0.0100 kg m^2
[mujoco_spawner-3] [INFO] [1790586303.673681957] [mujoco_spawner]: Joint effort input: /go2_group_effort_controller/commands (12 joints, URDF limits)
[mujoco_spawner-3] [INFO] [1790586303.675824205] [mujoco_spawner]: Spawn ground clearance: raised root by 0.0838 m
[mujoco_spawner-3] [INFO] [1790586303.676853234] [mujoco_spawner]: MuJoCo model loaded: 14 bodies, 13 joints
[mujoco_spawner-3] [INFO] [1790586303.677583167] [mujoco_spawner]: MuJoCo gui param=False (resolved=False), DISPLAY=:1 -> mode=DIRECT
[mujoco_spawner-3] [INFO] [1790586303.678340747] [mujoco_spawner]: MuJoCo running headless (gui=False, viewer=True).
[mujoco_spawner-3] [INFO] [1790586303.683525700] [mujoco_spawner]: MuJoCo spawner running.
[go2-stance-gait-controller-1] [WARN] [1790586303.685595214] [go2_stance_gait_controller]: Go2 safety safe_stop: tilt 1.40 rad exceeds fall threshold
[go2-stance-gait-controller-1] [INFO] [1790586303.686659506] [go2_stance_gait_controller]: Go2 recovery idle
[go2-stance-gait-controller-1] [INFO] [1790586303.821440272] [go2_stance_gait_controller]: Go2 recovery attempting:tuck
[INFO] [simulator_ready_gate-10]: process has finished cleanly [pid 93161]
[INFO] [amcl-12]: process started with pid [93611]
[INFO] [map_server-11]: process started with pid [93609]
[INFO] [lifecycle_manager-13]: process started with pid [93613]
[INFO] [ekf_node-14]: process started with pid [93615]
[INFO] [imu_republisher.py-15]: process started with pid [93617]
[INFO] [wheel_imu_fusion-16]: process started with pid [93619]
[amcl-12] [0m[INFO] [1790586304.095981484] [amcl]: 
[amcl-12] 	amcl lifecycle node launched. 
[amcl-12] 	Waiting on external lifecycle transitions to activate
[amcl-12] 	See https://design.ros2.org/articles/node_lifecycle.html for more information.[0m
[amcl-12] [0m[INFO] [1790586304.097378920] [amcl]: Creating[0m
[lifecycle_manager-13] [INFO] [1790586304.117838002] [lifecycle_manager_localization]: Creating
[lifecycle_manager-13] [INFO] [1790586304.127982601] [lifecycle_manager_localization]: [34m[1mCreating and initializing lifecycle service clients[0m[0m
[map_server-11] [INFO] [1790586304.132095069] [map_server]: 
[map_server-11] 	map_server lifecycle node launched. 
[map_server-11] 	Waiting on external lifecycle transitions to activate
[map_server-11] 	See https://design.ros2.org/articles/node_lifecycle.html for more information.
[map_server-11] [INFO] [1790586304.132359382] [map_server]: Creating
[lifecycle_manager-13] [INFO] [1790586304.213956388] [lifecycle_manager_localization]: [34m[1mStarting managed nodes bringup...[0m[0m
[lifecycle_manager-13] [INFO] [1790586304.214084480] [lifecycle_manager_localization]: [34m[1mConfiguring map_server[0m[0m
[map_server-11] [INFO] [1790586304.214437143] [map_server]: Configuring
[map_server-11] [INFO] [1790586304.214559092] [map_io]: Loading yaml file: /home/molar1/bumperbot_ws/install/robot_lab_maps/share/robot_lab_maps/maps/nav_empty/maps/map.yaml
[map_server-11] [INFO] [1790586304.214927050] [map_io]: resolution: 0.05
[map_server-11] [INFO] [1790586304.214946890] [map_io]: origin[0]: -7
[map_server-11] [INFO] [1790586304.214952842] [map_io]: origin[1]: -7
[map_server-11] [INFO] [1790586304.214957514] [map_io]: origin[2]: 0
[map_server-11] [INFO] [1790586304.214962633] [map_io]: free_thresh: 0.196
[map_server-11] [INFO] [1790586304.214967433] [map_io]: occupied_thresh: 0.65
[map_server-11] [INFO] [1790586304.214973129] [map_io]: mode: trinary
[map_server-11] [INFO] [1790586304.214979657] [map_io]: negate: 0
[map_server-11] [INFO] [1790586304.215261794] [map_io]: Loading image_file: /home/molar1/bumperbot_ws/install/robot_lab_maps/share/robot_lab_maps/maps/nav_empty/maps/map.pgm
[go2-stance-gait-controller-1] [INFO] [1790586304.224805800] [go2_stance_gait_controller]: Go2 recovery attempting:roll
[map_server-11] [INFO] [1790586304.226129414] [map_io]: Read map /home/molar1/bumperbot_ws/install/robot_lab_maps/share/robot_lab_maps/maps/nav_empty/maps/map.pgm: 280 X 280 map @ 0.05 m/cell
[lifecycle_manager-13] [INFO] [1790586304.237126279] [lifecycle_manager_localization]: [34m[1mConfiguring amcl[0m[0m
[amcl-12] [0m[INFO] [1790586304.237678456] [amcl]: Configuring[0m
[amcl-12] [0m[INFO] [1790586304.237858996] [amcl]: initTransforms[0m
[amcl-12] [0m[INFO] [1790586304.251817255] [amcl]: initPubSub[0m
[amcl-12] [0m[INFO] [1790586304.261616775] [amcl]: Subscribed to map topic.[0m
[lifecycle_manager-13] [INFO] [1790586304.269108260] [lifecycle_manager_localization]: [34m[1mActivating map_server[0m[0m
[map_server-11] [INFO] [1790586304.269412348] [map_server]: Activating
[map_server-11] [INFO] [1790586304.270060331] [map_server]: Creating bond (map_server) to lifecycle manager.
[amcl-12] [0m[INFO] [1790586304.270157288] [amcl]: Received a 280 X 280 map @ 0.050 m/pix[0m
[lifecycle_manager-13] [INFO] [1790586304.375260048] [lifecycle_manager_localization]: Server map_server connected with bond.
[lifecycle_manager-13] [INFO] [1790586304.375345454] [lifecycle_manager_localization]: [34m[1mActivating amcl[0m[0m
[amcl-12] [0m[INFO] [1790586304.376524815] [amcl]: Activating[0m
[amcl-12] [0m[INFO] [1790586304.376706346] [amcl]: initialPoseReceived[0m
[amcl-12] [0m[INFO] [1790586304.376944772] [amcl]: Setting pose (0.544000): -0.500 -0.500 0.000[0m
[amcl-12] [0m[INFO] [1790586304.377693200] [amcl]: Creating bond (amcl) to lifecycle manager.[0m
[lifecycle_manager-13] [INFO] [1790586304.484780548] [lifecycle_manager_localization]: Server amcl connected with bond.
[lifecycle_manager-13] [INFO] [1790586304.484862338] [lifecycle_manager_localization]: [34m[1mManaged nodes are active[0m[0m
[lifecycle_manager-13] [INFO] [1790586304.484884033] [lifecycle_manager_localization]: [34m[1mCreating bond timer...[0m[0m
[amcl-12] [0m[INFO] [1790586304.512030077] [amcl]: createLaserObject[0m
[wheel_imu_fusion-16] [INFO] [1790586304.815172849] [sensor_fusion_wheel_imu_fusion]: wheel_imu_fusion ready
[go2-stance-gait-controller-1] [INFO] [1790586304.927967440] [go2_stance_gait_controller]: Go2 recovery attempting:tuck
[go2-stance-gait-controller-1] [INFO] [1790586305.329432130] [go2_stance_gait_controller]: Go2 recovery attempting:roll
[go2-stance-gait-controller-1] [INFO] [1790586306.029726721] [go2_stance_gait_controller]: Go2 recovery failed:roll
[amcl-12] [0m[INFO] [1790586328.332821206] [rclcpp]: signal_handler(SIGINT/SIGTERM)[0m
[amcl-12] [0m[INFO] [1790586328.333001713] [amcl]: Running Nav2 LifecycleNode rcl preshutdown (amcl)[0m
[ekf_node-14] [INFO] [1790586328.332815862] [rclcpp]: signal_handler(SIGINT/SIGTERM)
[twist_relay-9] [INFO] [1790586328.332849173] [rclcpp]: signal_handler(SIGINT/SIGTERM)
[robot_state_publisher-2] [INFO] [1790586328.332849557] [rclcpp]: signal_handler(SIGINT/SIGTERM)
[twist_marker-7] [INFO] [1790586328.332927507] [rclcpp]: signal_handler(SIGINT/SIGTERM)
[amcl-12] [0m[INFO] [1790586328.333131854] [amcl]: Deactivating[0m
[amcl-12] [0m[INFO] [1790586328.333177709] [amcl]: Destroying bond (amcl) to lifecycle manager.[0m
[joy_node-5] [INFO] [1790586328.333168205] [rclcpp]: signal_handler(SIGINT/SIGTERM)
[twist_mux-6] [INFO] [1790586328.333313833] [rclcpp]: signal_handler(SIGINT/SIGTERM)
[lifecycle_manager-13] [INFO] [1790586328.333447654] [rclcpp]: signal_handler(SIGINT/SIGTERM)
[lifecycle_manager-13] [INFO] [1790586328.333548419] [lifecycle_manager_localization]: Running Nav2 LifecycleManager rcl preshutdown (lifecycle_manager_localization)
[lifecycle_manager-13] [INFO] [1790586328.333610562] [lifecycle_manager_localization]: [34m[1mTerminating bond timer...[0m[0m
[map_server-11] [INFO] [1790586328.333998680] [rclcpp]: signal_handler(SIGINT/SIGTERM)
[map_server-11] [INFO] [1790586328.334197426] [map_server]: Running Nav2 LifecycleNode rcl preshutdown (map_server)
[map_server-11] [INFO] [1790586328.334308176] [map_server]: Deactivating
[map_server-11] [INFO] [1790586328.334334895] [map_server]: Destroying bond (map_server) to lifecycle manager.
[amcl-12] [0m[INFO] [1790586328.344174354] [amcl]: Cleaning up[0m
[map_server-11] [INFO] [1790586328.344702884] [map_server]: Cleaning up
[map_server-11] [INFO] [1790586328.344798658] [map_server]: Destroying bond (map_server) to lifecycle manager.
[amcl-12] [0m[INFO] [1790586328.382843632] [amcl]: Destroying bond (amcl) to lifecycle manager.[0m
[joy_teleop-4] Traceback (most recent call last):
[joy_teleop-4]   File "/opt/ros/humble/lib/joy_teleop/joy_teleop", line 33, in <module>
[joy_teleop-4]     sys.exit(load_entry_point('joy-teleop==1.6.0', 'console_scripts', 'joy_teleop')())
[joy_teleop-4]   File "/opt/ros/humble/lib/python3.10/site-packages/joy_teleop/joy_teleop.py", line 435, in main
[joy_teleop-4]     rclpy.spin(node)
[joy_teleop-4]   File "/opt/ros/humble/local/lib/python3.10/dist-packages/rclpy/__init__.py", line 229, in spin
[joy_teleop-4]     executor.spin_once()
[joy_teleop-4]   File "/opt/ros/humble/local/lib/python3.10/dist-packages/rclpy/executors.py", line 812, in spin_once
[joy_teleop-4]     self._spin_once_impl(timeout_sec)
[joy_teleop-4]   File "/opt/ros/humble/local/lib/python3.10/dist-packages/rclpy/executors.py", line 801, in _spin_once_impl
[joy_teleop-4]     handler, entity, node = self.wait_for_ready_callbacks(timeout_sec=timeout_sec)
[joy_teleop-4]   File "/opt/ros/humble/local/lib/python3.10/dist-packages/rclpy/executors.py", line 784, in wait_for_ready_callbacks
[joy_teleop-4]     return next(self._cb_iter)
[joy_teleop-4]   File "/opt/ros/humble/local/lib/python3.10/dist-packages/rclpy/executors.py", line 685, in _wait_for_ready_callbacks
[joy_teleop-4]     raise ExternalShutdownException()
[joy_teleop-4] rclpy.executors.ExternalShutdownException
[map_server-11] [INFO] [1790586328.473720113] [map_server]: Destroying
[amcl-12] [0m[INFO] [1790586328.480952279] [amcl]: Destroying[0m
[lifecycle_manager-13] [INFO] [1790586328.481619334] [lifecycle_manager_localization]: Destroying lifecycle_manager_localization
[INFO] [twist_marker-7]: process has finished cleanly [pid 93150]
[INFO] [ekf_node-14]: process has finished cleanly [pid 93615]
[INFO] [twist_mux-6]: process has finished cleanly [pid 93148]
[INFO] [twist_relay-9]: process has finished cleanly [pid 93154]
[INFO] [joy_node-5]: process has finished cleanly [pid 93146]
[INFO] [robot_state_publisher-2]: process has finished cleanly [pid 93140]
[go2-stance-gait-controller-1] Traceback (most recent call last):
[go2-stance-gait-controller-1]   File "/home/molar1/bumperbot_ws/install/robot_lab_adapter/lib/robot_lab_adapter/go2-stance-gait-controller", line 33, in <module>
[go2-stance-gait-controller-1]     sys.exit(load_entry_point('robot_lab_adapter==0.1.0', 'console_scripts', 'go2-stance-gait-controller')())
[go2-stance-gait-controller-1]   File "/workspace/molar/ros_ws/bumperbot_ws/src/robot_lab_adapter/robot_lab_adapter/go2_stance_gait_controller.py", line 296, in main
[go2-stance-gait-controller-1]     rclpy.spin(node)
[go2-stance-gait-controller-1]   File "/opt/ros/humble/local/lib/python3.10/dist-packages/rclpy/__init__.py", line 229, in spin
[go2-stance-gait-controller-1]     executor.spin_once()
[go2-stance-gait-controller-1]   File "/opt/ros/humble/local/lib/python3.10/dist-packages/rclpy/executors.py", line 812, in spin_once
[go2-stance-gait-controller-1]     self._spin_once_impl(timeout_sec)
[go2-stance-gait-controller-1]   File "/opt/ros/humble/local/lib/python3.10/dist-packages/rclpy/executors.py", line 801, in _spin_once_impl
[go2-stance-gait-controller-1]     handler, entity, node = self.wait_for_ready_callbacks(timeout_sec=timeout_sec)
[go2-stance-gait-controller-1]   File "/opt/ros/humble/local/lib/python3.10/dist-packages/rclpy/executors.py", line 784, in wait_for_ready_callbacks
[go2-stance-gait-controller-1]     return next(self._cb_iter)
[go2-stance-gait-controller-1]   File "/opt/ros/humble/local/lib/python3.10/dist-packages/rclpy/executors.py", line 657, in _wait_for_ready_callbacks
[go2-stance-gait-controller-1]     wait_set = _rclpy.WaitSet(
[go2-stance-gait-controller-1] rclpy._rclpy_pybind11.RCLError: failed to initialize wait set: the given context is not valid, either rcl_init() was not called or rcl_shutdown() was called., at ./src/rcl/wait.c:130
[imu_republisher.py-15] Traceback (most recent call last):
[imu_republisher.py-15]   File "/home/molar1/bumperbot_ws/install/robot_lab_localization/lib/robot_lab_localization/imu_republisher.py", line 54, in <module>
[imu_republisher.py-15]     main()
[imu_republisher.py-15]   File "/home/molar1/bumperbot_ws/install/robot_lab_localization/lib/robot_lab_localization/imu_republisher.py", line 45, in main
[imu_republisher.py-15]     rclpy.spin(node)
[imu_republisher.py-15]   File "/opt/ros/humble/local/lib/python3.10/dist-packages/rclpy/__init__.py", line 229, in spin
[imu_republisher.py-15]     executor.spin_once()
[imu_republisher.py-15]   File "/opt/ros/humble/local/lib/python3.10/dist-packages/rclpy/executors.py", line 812, in spin_once
[imu_republisher.py-15]     self._spin_once_impl(timeout_sec)
[imu_republisher.py-15]   File "/opt/ros/humble/local/lib/python3.10/dist-packages/rclpy/executors.py", line 801, in _spin_once_impl
[imu_republisher.py-15]     handler, entity, node = self.wait_for_ready_callbacks(timeout_sec=timeout_sec)
[imu_republisher.py-15]   File "/opt/ros/humble/local/lib/python3.10/dist-packages/rclpy/executors.py", line 784, in wait_for_ready_callbacks
[imu_republisher.py-15]     return next(self._cb_iter)
[imu_republisher.py-15]   File "/opt/ros/humble/local/lib/python3.10/dist-packages/rclpy/executors.py", line 685, in _wait_for_ready_callbacks
[imu_republisher.py-15]     raise ExternalShutdownException()
[imu_republisher.py-15] rclpy.executors.ExternalShutdownException
[INFO] [lifecycle_manager-13]: process has finished cleanly [pid 93613]
[INFO] [amcl-12]: process has finished cleanly [pid 93611]
[INFO] [wheel_imu_fusion-16]: process has finished cleanly [pid 93619]
[INFO] [map_server-11]: process has finished cleanly [pid 93609]
[INFO] [joystick_relay.py-8]: process has finished cleanly [pid 93152]
[INFO] [mujoco_spawner-3]: process has finished cleanly [pid 93142]
[ERROR] [joy_teleop-4]: process has died [pid 93144, exit code 1, cmd '/opt/ros/humble/lib/joy_teleop/joy_teleop --ros-args --params-file /home/molar1/bumperbot_ws/install/robot_lab_controller/share/robot_lab_controller/config/joy_teleop.yaml --params-file /workspace/molar/.tmp/launch_params_x9k4yut8'].
[ERROR] [go2-stance-gait-controller-1]: process has died [pid 93138, exit code 1, cmd '/home/molar1/bumperbot_ws/install/robot_lab_adapter/lib/robot_lab_adapter/go2-stance-gait-controller --ros-args --params-file /workspace/molar/.tmp/launch_params_jubu3iob'].
[ERROR] [imu_republisher.py-15]: process has died [pid 93617, exit code 1, cmd '/home/molar1/bumperbot_ws/install/robot_lab_localization/lib/robot_lab_localization/imu_republisher.py --ros-args --params-file /workspace/molar/.tmp/launch_params_rk0qodu_'].
