[INFO] [launch]: All log files can be found below /home/molar1/.ros/log/2026-10-01-15-37-09-855893-molar1-521499
[INFO] [launch]: Default logging verbosity is set to INFO
[robot_lab] algorithm localization=amcl -> global_localization stack
[robot_lab] algorithm state_estimation=ekf_localization_node -> local_localization stack
[robot_lab] algorithm sensor_fusion=wheel_imu_fusion -> node robot_lab_algorithms/wheel_imu_fusion
[INFO] [go2-stance-gait-controller-1]: process started with pid [521525]
[INFO] [robot_state_publisher-2]: process started with pid [521527]
[INFO] [mujoco_spawner-3]: process started with pid [521529]
[INFO] [joy_teleop-4]: process started with pid [521531]
[INFO] [joy_node-5]: process started with pid [521533]
[INFO] [twist_mux-6]: process started with pid [521535]
[INFO] [twist_marker-7]: process started with pid [521537]
[INFO] [joystick_relay.py-8]: process started with pid [521539]
[INFO] [twist_relay-9]: process started with pid [521541]
[INFO] [simulator_ready_gate-10]: process started with pid [521547]
[twist_mux-6] [INFO] [1790861830.870981650] [twist_mux]: Topic handler 'topics.joystick' subscribed to topic 'joy_vel': timeout = 0.500000s , priority = 99.
[twist_mux-6] [INFO] [1790861830.872686263] [twist_mux]: Topic handler 'topics.keyboard' subscribed to topic 'key_vel': timeout = 0.500000s , priority = 90.
[twist_mux-6] [INFO] [1790861830.872957171] [twist_mux]: Topic handler 'topics.navigation' subscribed to topic 'cmd_vel': timeout = 0.500000s , priority = 80.
[twist_mux-6] [INFO] [1790861830.873151344] [twist_mux]: Topic handler 'locks.safety_stop' subscribed to topic 'safety_stop': timeout = None , priority = 255.
[robot_state_publisher-2] [INFO] [1790861830.917362099] [robot_state_publisher]: got segment FL_calf
[robot_state_publisher-2] [INFO] [1790861830.918525280] [robot_state_publisher]: got segment FL_calf_rotor
[robot_state_publisher-2] [INFO] [1790861830.919203254] [robot_state_publisher]: got segment FL_foot
[robot_state_publisher-2] [INFO] [1790861830.919672814] [robot_state_publisher]: got segment FL_hip
[robot_state_publisher-2] [INFO] [1790861830.920126823] [robot_state_publisher]: got segment FL_hip_rotor
[robot_state_publisher-2] [INFO] [1790861830.920564512] [robot_state_publisher]: got segment FL_thigh
[robot_state_publisher-2] [INFO] [1790861830.921021753] [robot_state_publisher]: got segment FL_thigh_rotor
[robot_state_publisher-2] [INFO] [1790861830.921471442] [robot_state_publisher]: got segment FR_calf
[robot_state_publisher-2] [INFO] [1790861830.921905067] [robot_state_publisher]: got segment FR_calf_rotor
[robot_state_publisher-2] [INFO] [1790861830.922372771] [robot_state_publisher]: got segment FR_foot
[robot_state_publisher-2] [INFO] [1790861830.922827612] [robot_state_publisher]: got segment FR_hip
[robot_state_publisher-2] [INFO] [1790861830.923278229] [robot_state_publisher]: got segment FR_hip_rotor
[robot_state_publisher-2] [INFO] [1790861830.923696910] [robot_state_publisher]: got segment FR_thigh
[robot_state_publisher-2] [INFO] [1790861830.924123304] [robot_state_publisher]: got segment FR_thigh_rotor
[robot_state_publisher-2] [INFO] [1790861830.924537505] [robot_state_publisher]: got segment RL_calf
[robot_state_publisher-2] [INFO] [1790861830.924943611] [robot_state_publisher]: got segment RL_calf_rotor
[robot_state_publisher-2] [INFO] [1790861830.925349140] [robot_state_publisher]: got segment RL_foot
[robot_state_publisher-2] [INFO] [1790861830.925753134] [robot_state_publisher]: got segment RL_hip
[robot_state_publisher-2] [INFO] [1790861830.926193255] [robot_state_publisher]: got segment RL_hip_rotor
[robot_state_publisher-2] [INFO] [1790861830.926624416] [robot_state_publisher]: got segment RL_thigh
[robot_state_publisher-2] [INFO] [1790861830.927045785] [robot_state_publisher]: got segment RL_thigh_rotor
[robot_state_publisher-2] [INFO] [1790861830.927486194] [robot_state_publisher]: got segment RR_calf
[robot_state_publisher-2] [INFO] [1790861830.927946923] [robot_state_publisher]: got segment RR_calf_rotor
[robot_state_publisher-2] [INFO] [1790861830.928387076] [robot_state_publisher]: got segment RR_foot
[robot_state_publisher-2] [INFO] [1790861830.928882652] [robot_state_publisher]: got segment RR_hip
[robot_state_publisher-2] [INFO] [1790861830.928908476] [robot_state_publisher]: got segment RR_hip_rotor
[robot_state_publisher-2] [INFO] [1790861830.928918779] [robot_state_publisher]: got segment RR_thigh
[robot_state_publisher-2] [INFO] [1790861830.928928347] [robot_state_publisher]: got segment RR_thigh_rotor
[robot_state_publisher-2] [INFO] [1790861830.928935707] [robot_state_publisher]: got segment base
[robot_state_publisher-2] [INFO] [1790861830.928943355] [robot_state_publisher]: got segment front_camera
[robot_state_publisher-2] [INFO] [1790861830.928950363] [robot_state_publisher]: got segment imu_link
[robot_state_publisher-2] [INFO] [1790861830.928959355] [robot_state_publisher]: got segment trunk
[go2-stance-gait-controller-1] [0;93m2026-10-01 15:37:11.577949734 [W:onnxruntime:Default, device_discovery.cc:164 DiscoverDevicesForPlatform] GPU device discovery failed: device_discovery.cc:89 ReadFileContents Failed to open file: "/sys/class/drm/card1/device/vendor"[m
[go2-stance-gait-controller-1] [INFO] [1790861831.645670132] [go2_stance_gait_controller]: Go2 closed-loop stance: 12 effort joints at 250.0 Hz; controller ONNX velocity policy
[mujoco_spawner-3] [INFO] [1790861832.886399735] [mujoco_spawner]: MuJoCo: 18 collision proxy geom(s) moved to group 3 (viewer Rendering tab to show them).
[mujoco_spawner-3] [INFO] [1790861832.946303457] [mujoco_spawner]: MuJoCo URDF import OK (all meshes staged).
[mujoco_spawner-3] [WARN] [1790861832.959455440] [mujoco_spawner]: MuJoCo effort plant: no MJCF beside /home/molar1/bumperbot_ws/install/robot_lab_robots/share/robot_lab_robots/unitree/go2_description/xacro/go2_sim.xacro names every effort joint; keeping the URDF <dynamics> (damping=5.0 is a Gazebo stabiliser the robot does not have).
[mujoco_spawner-3] [INFO] [1790861833.010773314] [mujoco_spawner]: MuJoCo physics timestep: 0.0010 s
[mujoco_spawner-3] [INFO] [1790861833.013561430] [mujoco_spawner]: Robot has no 'oakd_rgb_camera_frame' link; no RGB-D camera is published.
[mujoco_spawner-3] [INFO] [1790861833.014812770] [mujoco_spawner]: Joints: ['FR_hip_joint', 'FR_thigh_joint', 'FR_calf_joint', 'FL_hip_joint', 'FL_thigh_joint', 'FL_calf_joint', 'RR_hip_joint', 'RR_thigh_joint', 'RR_calf_joint', 'RL_hip_joint', 'RL_thigh_joint', 'RL_calf_joint']   lw= rw=
[mujoco_spawner-3] [INFO] [1790861833.019285723] [mujoco_spawner]: MuJoCo effort joint armature: 0.0100 kg m^2
[mujoco_spawner-3] [INFO] [1790861833.021091262] [mujoco_spawner]: Joint effort input: /go2_group_effort_controller/commands (12 joints, URDF limits)
[mujoco_spawner-3] [INFO] [1790861833.022558823] [mujoco_spawner]: Spawn ground clearance: raised root by 0.2050 m
[mujoco_spawner-3] [INFO] [1790861833.023786996] [mujoco_spawner]: MuJoCo model loaded: 14 bodies, 13 joints
[mujoco_spawner-3] [INFO] [1790861833.024855683] [mujoco_spawner]: MuJoCo gui param=False (resolved=False), DISPLAY=:1 -> mode=DIRECT
[mujoco_spawner-3] [INFO] [1790861833.025741781] [mujoco_spawner]: MuJoCo running headless (gui=False, viewer=True).
[go2-stance-gait-controller-1] [INFO] [1790861833.033915155] [go2_stance_gait_controller]: Go2 recovery disabled
[mujoco_spawner-3] [INFO] [1790861833.034776485] [mujoco_spawner]: MuJoCo spawner running.
[INFO] [simulator_ready_gate-10]: process has finished cleanly [pid 521547]
[INFO] [amcl-12]: process started with pid [521789]
[INFO] [map_server-11]: process started with pid [521787]
[INFO] [lifecycle_manager-13]: process started with pid [521791]
[INFO] [ekf_node-14]: process started with pid [521793]
[INFO] [imu_republisher.py-15]: process started with pid [521795]
[INFO] [wheel_imu_fusion-16]: process started with pid [521797]
[lifecycle_manager-13] [INFO] [1790861833.430402531] [lifecycle_manager_localization]: Creating
[lifecycle_manager-13] [INFO] [1790861833.433360341] [lifecycle_manager_localization]: [34m[1mCreating and initializing lifecycle service clients[0m[0m
[map_server-11] [INFO] [1790861833.468482472] [map_server]: 
[map_server-11] 	map_server lifecycle node launched. 
[map_server-11] 	Waiting on external lifecycle transitions to activate
[map_server-11] 	See https://design.ros2.org/articles/node_lifecycle.html for more information.
[map_server-11] [INFO] [1790861833.471125118] [map_server]: Creating
[amcl-12] [0m[INFO] [1790861833.475725685] [amcl]: 
[amcl-12] 	amcl lifecycle node launched. 
[amcl-12] 	Waiting on external lifecycle transitions to activate
[amcl-12] 	See https://design.ros2.org/articles/node_lifecycle.html for more information.[0m
[amcl-12] [0m[INFO] [1790861833.477188734] [amcl]: Creating[0m
[lifecycle_manager-13] [INFO] [1790861833.675173658] [lifecycle_manager_localization]: [34m[1mStarting managed nodes bringup...[0m[0m
[lifecycle_manager-13] [INFO] [1790861833.675301208] [lifecycle_manager_localization]: [34m[1mConfiguring map_server[0m[0m
[map_server-11] [INFO] [1790861833.676468549] [map_server]: Configuring
[map_server-11] [INFO] [1790861833.676608739] [map_io]: Loading yaml file: /home/molar1/bumperbot_ws/install/robot_lab_maps/share/robot_lab_maps/maps/terrain_stairs/maps/map.yaml
[map_server-11] [INFO] [1790861833.677028188] [map_io]: resolution: 0.05
[map_server-11] [INFO] [1790861833.677045532] [map_io]: origin[0]: -9
[map_server-11] [INFO] [1790861833.677051580] [map_io]: origin[1]: -9
[map_server-11] [INFO] [1790861833.677056444] [map_io]: origin[2]: 0
[map_server-11] [INFO] [1790861833.677061500] [map_io]: free_thresh: 0.196
[map_server-11] [INFO] [1790861833.677066364] [map_io]: occupied_thresh: 0.65
[map_server-11] [INFO] [1790861833.677072092] [map_io]: mode: trinary
[map_server-11] [INFO] [1790861833.677078940] [map_io]: negate: 0
[map_server-11] [INFO] [1790861833.677350039] [map_io]: Loading image_file: /home/molar1/bumperbot_ws/install/robot_lab_maps/share/robot_lab_maps/maps/terrain_stairs/maps/map.pgm
[map_server-11] [INFO] [1790861833.698091502] [map_io]: Read map /home/molar1/bumperbot_ws/install/robot_lab_maps/share/robot_lab_maps/maps/terrain_stairs/maps/map.pgm: 360 X 360 map @ 0.05 m/cell
[lifecycle_manager-13] [INFO] [1790861833.713861620] [lifecycle_manager_localization]: [34m[1mConfiguring amcl[0m[0m
[amcl-12] [0m[INFO] [1790861833.715189727] [amcl]: Configuring[0m
[amcl-12] [0m[INFO] [1790861833.715379356] [amcl]: initTransforms[0m
[amcl-12] [0m[INFO] [1790861833.726780999] [amcl]: initPubSub[0m
[amcl-12] [0m[INFO] [1790861833.741991414] [amcl]: Subscribed to map topic.[0m
[lifecycle_manager-13] [INFO] [1790861833.763147719] [lifecycle_manager_localization]: [34m[1mActivating map_server[0m[0m
[map_server-11] [INFO] [1790861833.764636751] [map_server]: Activating
[map_server-11] [INFO] [1790861833.765081576] [map_server]: Creating bond (map_server) to lifecycle manager.
[amcl-12] [0m[INFO] [1790861833.767103720] [amcl]: Received a 360 X 360 map @ 0.050 m/pix[0m
[lifecycle_manager-13] [INFO] [1790861833.870035592] [lifecycle_manager_localization]: Server map_server connected with bond.
[lifecycle_manager-13] [INFO] [1790861833.870120646] [lifecycle_manager_localization]: [34m[1mActivating amcl[0m[0m
[amcl-12] [0m[INFO] [1790861833.871534576] [amcl]: Activating[0m
[amcl-12] [0m[INFO] [1790861833.871664110] [amcl]: initialPoseReceived[0m
[amcl-12] [0m[INFO] [1790861833.871864523] [amcl]: Setting pose (0.660000): -7.500 -4.000 0.000[0m
[amcl-12] [0m[INFO] [1790861833.872463521] [amcl]: Creating bond (amcl) to lifecycle manager.[0m
[lifecycle_manager-13] [INFO] [1790861833.981565727] [lifecycle_manager_localization]: Server amcl connected with bond.
[lifecycle_manager-13] [INFO] [1790861833.981655261] [lifecycle_manager_localization]: [34m[1mManaged nodes are active[0m[0m
[lifecycle_manager-13] [INFO] [1790861833.981676861] [lifecycle_manager_localization]: [34m[1mCreating bond timer...[0m[0m
[amcl-12] [0m[INFO] [1790861834.102397187] [amcl]: createLaserObject[0m
[wheel_imu_fusion-16] [INFO] [1790861834.124700801] [sensor_fusion_wheel_imu_fusion]: wheel_imu_fusion ready
[twist_mux-6] [INFO] [1790861845.291451544] [rclcpp]: signal_handler(SIGINT/SIGTERM)
[ekf_node-14] [INFO] [1790861845.291417752] [rclcpp]: signal_handler(SIGINT/SIGTERM)
[twist_marker-7] [INFO] [1790861845.291446840] [rclcpp]: signal_handler(SIGINT/SIGTERM)
[twist_relay-9] [INFO] [1790861845.291778290] [rclcpp]: signal_handler(SIGINT/SIGTERM)
[map_server-11] [INFO] [1790861845.291816978] [rclcpp]: signal_handler(SIGINT/SIGTERM)
[map_server-11] [INFO] [1790861845.291967439] [map_server]: Running Nav2 LifecycleNode rcl preshutdown (map_server)
[map_server-11] [INFO] [1790861845.292067662] [map_server]: Deactivating
[map_server-11] [INFO] [1790861845.292092205] [map_server]: Destroying bond (map_server) to lifecycle manager.
[lifecycle_manager-13] [INFO] [1790861845.292029294] [rclcpp]: signal_handler(SIGINT/SIGTERM)
[lifecycle_manager-13] [INFO] [1790861845.292138381] [lifecycle_manager_localization]: Running Nav2 LifecycleManager rcl preshutdown (lifecycle_manager_localization)
[lifecycle_manager-13] [INFO] [1790861845.292201292] [lifecycle_manager_localization]: [34m[1mTerminating bond timer...[0m[0m
[joy_node-5] [INFO] [1790861845.292291402] [rclcpp]: signal_handler(SIGINT/SIGTERM)
[amcl-12] [0m[INFO] [1790861845.292704740] [rclcpp]: signal_handler(SIGINT/SIGTERM)[0m
[amcl-12] [0m[INFO] [1790861845.292836546] [amcl]: Running Nav2 LifecycleNode rcl preshutdown (amcl)[0m
[amcl-12] [0m[INFO] [1790861845.292934144] [amcl]: Deactivating[0m
[robot_state_publisher-2] [INFO] [1790861845.292970783] [rclcpp]: signal_handler(SIGINT/SIGTERM)
[amcl-12] [0m[INFO] [1790861845.294456392] [amcl]: Destroying bond (amcl) to lifecycle manager.[0m
[map_server-11] [INFO] [1790861845.302495401] [map_server]: Cleaning up
[map_server-11] [INFO] [1790861845.302604903] [map_server]: Destroying bond (map_server) to lifecycle manager.
[amcl-12] [0m[INFO] [1790861845.306385355] [amcl]: Cleaning up[0m
[amcl-12] [0m[INFO] [1790861845.320550858] [amcl]: Destroying bond (amcl) to lifecycle manager.[0m
[map_server-11] [INFO] [1790861845.468279077] [map_server]: Destroying
[amcl-12] [0m[INFO] [1790861845.478576418] [amcl]: Destroying[0m
[lifecycle_manager-13] [INFO] [1790861845.478869853] [lifecycle_manager_localization]: Destroying lifecycle_manager_localization
[INFO] [twist_marker-7]: process has finished cleanly [pid 521537]
[INFO] [ekf_node-14]: process has finished cleanly [pid 521793]
[INFO] [twist_mux-6]: process has finished cleanly [pid 521535]
[INFO] [joy_node-5]: process has finished cleanly [pid 521533]
[INFO] [twist_relay-9]: process has finished cleanly [pid 521541]
[INFO] [robot_state_publisher-2]: process has finished cleanly [pid 521527]
[joy_teleop-4] Traceback (most recent call last):
[joy_teleop-4]   File "/opt/ros/humble/lib/joy_teleop/joy_teleop", line 33, in <module>
[joy_teleop-4]     sys.exit(load_entry_point('joy-teleop==1.6.0', 'console_scripts', 'joy_teleop')())
[joy_teleop-4]   File "/opt/ros/humble/lib/python3.10/site-packages/joy_teleop/joy_teleop.py", line 442, in main
[joy_teleop-4]     rclpy.shutdown()
[joy_teleop-4]   File "/opt/ros/humble/local/lib/python3.10/dist-packages/rclpy/__init__.py", line 130, in shutdown
[joy_teleop-4]     _shutdown(context=context)
[joy_teleop-4]   File "/opt/ros/humble/local/lib/python3.10/dist-packages/rclpy/utilities.py", line 58, in shutdown
[joy_teleop-4]     return context.shutdown()
[joy_teleop-4]   File "/opt/ros/humble/local/lib/python3.10/dist-packages/rclpy/context.py", line 102, in shutdown
[joy_teleop-4]     self.__context.shutdown()
[joy_teleop-4] rclpy._rclpy_pybind11.RCLError: failed to shutdown: rcl_shutdown already called on the given context, at ./src/rcl/init.c:241
[go2-stance-gait-controller-1] Traceback (most recent call last):
[go2-stance-gait-controller-1]   File "/home/molar1/bumperbot_ws/install/robot_lab_adapter/lib/robot_lab_adapter/go2-stance-gait-controller", line 33, in <module>
[go2-stance-gait-controller-1]     sys.exit(load_entry_point('robot_lab_adapter==0.1.0', 'console_scripts', 'go2-stance-gait-controller')())
[go2-stance-gait-controller-1]   File "/home/molar1/bumperbot_ws/install/robot_lab_adapter/lib/python3.10/site-packages/robot_lab_adapter/go2_stance_gait_controller.py", line 328, in main
[go2-stance-gait-controller-1]     rclpy.spin(node)
[go2-stance-gait-controller-1]   File "/opt/ros/humble/local/lib/python3.10/dist-packages/rclpy/__init__.py", line 229, in spin
[go2-stance-gait-controller-1]     executor.spin_once()
[go2-stance-gait-controller-1]   File "/opt/ros/humble/local/lib/python3.10/dist-packages/rclpy/executors.py", line 812, in spin_once
[go2-stance-gait-controller-1]     self._spin_once_impl(timeout_sec)
[go2-stance-gait-controller-1]   File "/opt/ros/humble/local/lib/python3.10/dist-packages/rclpy/executors.py", line 801, in _spin_once_impl
[go2-stance-gait-controller-1]     handler, entity, node = self.wait_for_ready_callbacks(timeout_sec=timeout_sec)
[go2-stance-gait-controller-1]   File "/opt/ros/humble/local/lib/python3.10/dist-packages/rclpy/executors.py", line 784, in wait_for_ready_callbacks
[go2-stance-gait-controller-1]     return next(self._cb_iter)
[go2-stance-gait-controller-1]   File "/opt/ros/humble/local/lib/python3.10/dist-packages/rclpy/executors.py", line 657, in _wait_for_ready_callbacks
[go2-stance-gait-controller-1]     wait_set = _rclpy.WaitSet(
[go2-stance-gait-controller-1] rclpy._rclpy_pybind11.RCLError: failed to initialize wait set: the given context is not valid, either rcl_init() was not called or rcl_shutdown() was called., at ./src/rcl/wait.c:130
[INFO] [imu_republisher.py-15]: process has finished cleanly [pid 521795]
[INFO] [map_server-11]: process has finished cleanly [pid 521787]
[INFO] [wheel_imu_fusion-16]: process has finished cleanly [pid 521797]
[INFO] [mujoco_spawner-3]: process has finished cleanly [pid 521529]
[INFO] [joystick_relay.py-8]: process has finished cleanly [pid 521539]
[ERROR] [joy_teleop-4]: process has died [pid 521531, exit code 1, cmd '/opt/ros/humble/lib/joy_teleop/joy_teleop --ros-args --params-file /home/molar1/bumperbot_ws/install/robot_lab_controller/share/robot_lab_controller/config/joy_teleop.yaml --params-file /workspace/molar/.tmp/launch_params_tudmxvfc'].
[INFO] [lifecycle_manager-13]: process has finished cleanly [pid 521791]
[ERROR] [go2-stance-gait-controller-1]: process has died [pid 521525, exit code 1, cmd '/home/molar1/bumperbot_ws/install/robot_lab_adapter/lib/robot_lab_adapter/go2-stance-gait-controller --ros-args --params-file /workspace/molar/.tmp/launch_params_b2ymhftp'].
[INFO] [amcl-12]: process has finished cleanly [pid 521789]
