[INFO] [launch]: All log files can be found below /home/molar1/.ros/log/2026-09-24-11-51-51-773911-molar1-737917
[INFO] [launch]: Default logging verbosity is set to INFO
[robot_lab] algorithm localization=amcl -> global_localization stack
[robot_lab] algorithm state_estimation=ekf_localization_node -> local_localization stack
[robot_lab] algorithm sensor_fusion=wheel_imu_fusion -> node robot_lab_algorithms/wheel_imu_fusion
[INFO] [humanoid-policy-controller-1]: process started with pid [737942]
[INFO] [robot_state_publisher-2]: process started with pid [737944]
[INFO] [mujoco_spawner-3]: process started with pid [737946]
[INFO] [joy_teleop-4]: process started with pid [737948]
[INFO] [joy_node-5]: process started with pid [737950]
[INFO] [twist_mux-6]: process started with pid [737952]
[INFO] [twist_marker-7]: process started with pid [737954]
[INFO] [joystick_relay.py-8]: process started with pid [737956]
[INFO] [twist_relay-9]: process started with pid [737962]
[INFO] [simulator_ready_gate-10]: process started with pid [737966]
[robot_state_publisher-2] 1790243512.689023 [120] robot_stat: selected interface "lo" is not multicast-capable: disabling multicast
[twist_mux-6] 1790243512.694937 [120]  twist_mux: selected interface "lo" is not multicast-capable: disabling multicast
[twist_mux-6] [INFO] [1790243512.701039713] [twist_mux]: Topic handler 'topics.joystick' subscribed to topic 'joy_vel': timeout = 0.500000s , priority = 99.
[twist_mux-6] [INFO] [1790243512.701951348] [twist_mux]: Topic handler 'topics.keyboard' subscribed to topic 'key_vel': timeout = 0.500000s , priority = 90.
[twist_mux-6] [INFO] [1790243512.702099255] [twist_mux]: Topic handler 'topics.navigation' subscribed to topic 'cmd_vel': timeout = 0.500000s , priority = 80.
[twist_mux-6] [INFO] [1790243512.702217497] [twist_mux]: Topic handler 'locks.safety_stop' subscribed to topic 'safety_stop': timeout = None , priority = 255.
[robot_state_publisher-2] [WARN] [1790243512.707986095] [kdl_parser]: The root link base has an inertia specified in the URDF, but KDL does not support a root link with an inertia.  As a workaround, you can add an extra dummy link to your URDF.
[robot_state_publisher-2] [INFO] [1790243512.709527182] [robot_state_publisher]: got segment arm_left_elbow_pitch
[robot_state_publisher-2] [INFO] [1790243512.711068590] [robot_state_publisher]: got segment arm_left_elbow_roll
[twist_relay-9] 1790243512.711257 [120] twist_rela: selected interface "lo" is not multicast-capable: disabling multicast
[robot_state_publisher-2] [INFO] [1790243512.712025985] [robot_state_publisher]: got segment arm_left_hand_link
[robot_state_publisher-2] [INFO] [1790243512.712050050] [robot_state_publisher]: got segment arm_left_shoulder_pitch
[robot_state_publisher-2] [INFO] [1790243512.712060482] [robot_state_publisher]: got segment arm_left_shoulder_roll
[robot_state_publisher-2] [INFO] [1790243512.712068834] [robot_state_publisher]: got segment arm_left_shoulder_yaw
[robot_state_publisher-2] [INFO] [1790243512.712077762] [robot_state_publisher]: got segment arm_right_elbow_pitch
[robot_state_publisher-2] [INFO] [1790243512.712085090] [robot_state_publisher]: got segment arm_right_elbow_roll
[robot_state_publisher-2] [INFO] [1790243512.712094402] [robot_state_publisher]: got segment arm_right_hand_link
[robot_state_publisher-2] [INFO] [1790243512.712102051] [robot_state_publisher]: got segment arm_right_shoulder_pitch
[robot_state_publisher-2] [INFO] [1790243512.712109571] [robot_state_publisher]: got segment arm_right_shoulder_roll
[robot_state_publisher-2] [INFO] [1790243512.712117603] [robot_state_publisher]: got segment arm_right_shoulder_yaw
[robot_state_publisher-2] [INFO] [1790243512.712125251] [robot_state_publisher]: got segment base
[robot_state_publisher-2] [INFO] [1790243512.712132611] [robot_state_publisher]: got segment imu
[robot_state_publisher-2] [INFO] [1790243512.712139843] [robot_state_publisher]: got segment imu_2
[robot_state_publisher-2] [INFO] [1790243512.712146980] [robot_state_publisher]: got segment leg_left_ankle_pitch
[robot_state_publisher-2] [INFO] [1790243512.712156740] [robot_state_publisher]: got segment leg_left_ankle_roll
[robot_state_publisher-2] [INFO] [1790243512.712164484] [robot_state_publisher]: got segment leg_left_hip_pitch
[robot_state_publisher-2] [INFO] [1790243512.712171716] [robot_state_publisher]: got segment leg_left_hip_roll
[robot_state_publisher-2] [INFO] [1790243512.712180228] [robot_state_publisher]: got segment leg_left_hip_yaw
[robot_state_publisher-2] [INFO] [1790243512.712187364] [robot_state_publisher]: got segment leg_left_knee_pitch
[robot_state_publisher-2] [INFO] [1790243512.712195045] [robot_state_publisher]: got segment leg_right_ankle_pitch
[robot_state_publisher-2] [INFO] [1790243512.712202597] [robot_state_publisher]: got segment leg_right_ankle_roll
[robot_state_publisher-2] [INFO] [1790243512.712210597] [robot_state_publisher]: got segment leg_right_hip_pitch
[robot_state_publisher-2] [INFO] [1790243512.712218757] [robot_state_publisher]: got segment leg_right_hip_roll
[robot_state_publisher-2] [INFO] [1790243512.712226149] [robot_state_publisher]: got segment leg_right_hip_yaw
[robot_state_publisher-2] [INFO] [1790243512.712233893] [robot_state_publisher]: got segment leg_right_knee_pitch
[twist_marker-7] 1790243512.712159 [120] twist_mark: selected interface "lo" is not multicast-capable: disabling multicast
[joy_node-5] 1790243512.724700 [120]   joy_node: selected interface "lo" is not multicast-capable: disabling multicast
[joystick_relay.py-8] 1790243513.337320 [120] joystick_r: selected interface "lo" is not multicast-capable: disabling multicast
[humanoid-policy-controller-1] 1790243513.353429 [120] humanoid-p: selected interface "lo" is not multicast-capable: disabling multicast
[joy_teleop-4] 1790243513.416588 [120] joy_teleop: selected interface "lo" is not multicast-capable: disabling multicast
[humanoid-policy-controller-1] [INFO] [1790243513.508483260] [humanoid_policy_controller]: HumanoidPolicyController: policy=policy_humanoid (/joint_states + /imu/out + /robot_lab_controller/cmd_vel_unstamped -> /bhl_standing_controller/commands) at 25.0 Hz over 22 joints (effort interface; effort servo 250.0 Hz, stance PD/ankle-strategy settle ramp, checkpoint PD/limits driving)
[mujoco_spawner-3] 1790243513.880399 [120] mujoco_spa: selected interface "lo" is not multicast-capable: disabling multicast
[mujoco_spawner-3] [WARN] [1790243514.807754440] [mujoco_spawner]: MuJoCo inertia repair: clamped non-physical mass/inertia entries.
[mujoco_spawner-3] [INFO] [1790243515.210574497] [mujoco_spawner]: MuJoCo: 11 collision proxy geom(s) moved to group 3 (viewer Rendering tab to show them).
[mujoco_spawner-3] [INFO] [1790243515.400119737] [mujoco_spawner]: MuJoCo URDF import OK (all meshes staged).
[mujoco_spawner-3] [INFO] [1790243515.425216533] [mujoco_spawner]: MuJoCo effort plant: joint losses mirrored from the robot's own MJCF (/workspace/molar/ros_ws/bumperbot_ws/install/robot_lab_robots/share/robot_lab_robots/berkeley_humanoid_lite/mjcf/berkeley_humanoid_lite.xml).
[mujoco_spawner-3] [INFO] [1790243515.571653157] [mujoco_spawner]: Robot has no 'oakd_rgb_camera_frame' link; no RGB-D camera is published.
[mujoco_spawner-3] [INFO] [1790243515.572808861] [mujoco_spawner]: Joints: ['arm_left_shoulder_pitch_joint', 'arm_left_shoulder_roll_joint', 'arm_left_shoulder_yaw_joint', 'arm_left_elbow_pitch_joint', 'arm_left_elbow_roll_joint', 'arm_right_shoulder_pitch_joint', 'arm_right_shoulder_roll_joint', 'arm_right_shoulder_yaw_joint', 'arm_right_elbow_pitch_joint', 'arm_right_elbow_roll_joint', 'leg_left_hip_roll_joint', 'leg_left_hip_yaw_joint', 'leg_left_hip_pitch_joint', 'leg_left_knee_pitch_joint', 'leg_left_ankle_pitch_joint', 'leg_left_ankle_roll_joint', 'leg_right_hip_roll_joint', 'leg_right_hip_yaw_joint', 'leg_right_hip_pitch_joint', 'leg_right_knee_pitch_joint', 'leg_right_ankle_pitch_joint', 'leg_right_ankle_roll_joint']   lw= rw=
[mujoco_spawner-3] [INFO] [1790243515.574971144] [mujoco_spawner]: Joint effort input: /bhl_standing_controller/commands (22 joints, URDF limits)
[mujoco_spawner-3] [INFO] [1790243515.576909648] [mujoco_spawner]: MuJoCo model loaded: 24 bodies, 23 joints
[mujoco_spawner-3] [INFO] [1790243515.577415610] [mujoco_spawner]: MuJoCo gui param=False (resolved=False), DISPLAY=:1 -> mode=DIRECT
[mujoco_spawner-3] [INFO] [1790243515.577876675] [mujoco_spawner]: MuJoCo running headless (gui=False, viewer=True).
[mujoco_spawner-3] [INFO] [1790243515.582663396] [mujoco_spawner]: MuJoCo spawner running.
[INFO] [simulator_ready_gate-10]: process has finished cleanly [pid 737966]
[INFO] [amcl-12]: process started with pid [738175]
[INFO] [map_server-11]: process started with pid [738173]
[INFO] [lifecycle_manager-13]: process started with pid [738177]
[INFO] [ekf_node-14]: process started with pid [738179]
[INFO] [imu_republisher.py-15]: process started with pid [738181]
[INFO] [wheel_imu_fusion-16]: process started with pid [738183]
[lifecycle_manager-13] 1790243515.972403 [120] lifecycle_: selected interface "lo" is not multicast-capable: disabling multicast
[ekf_node-14] 1790243515.978348 [120]   ekf_node: selected interface "lo" is not multicast-capable: disabling multicast
[lifecycle_manager-13] [INFO] [1790243515.984047639] [lifecycle_manager_localization]: Creating
[map_server-11] 1790243515.987441 [120] map_server: selected interface "lo" is not multicast-capable: disabling multicast
[lifecycle_manager-13] [INFO] [1790243515.987500989] [lifecycle_manager_localization]: [34m[1mCreating and initializing lifecycle service clients[0m[0m
[amcl-12] 1790243515.995550 [120]       amcl: selected interface "lo" is not multicast-capable: disabling multicast
[map_server-11] [INFO] [1790243516.020479063] [map_server]:
[map_server-11] 	map_server lifecycle node launched.
[map_server-11] 	Waiting on external lifecycle transitions to activate
[map_server-11] 	See https://design.ros2.org/articles/node_lifecycle.html for more information.
[map_server-11] [INFO] [1790243516.021715216] [map_server]: Creating
[amcl-12] [0m[INFO] [1790243516.082951651] [amcl]:
[amcl-12] 	amcl lifecycle node launched.
[amcl-12] 	Waiting on external lifecycle transitions to activate
[amcl-12] 	See https://design.ros2.org/articles/node_lifecycle.html for more information.[0m
[amcl-12] [0m[INFO] [1790243516.085871902] [amcl]: Creating[0m
[lifecycle_manager-13] [INFO] [1790243516.129559247] [lifecycle_manager_localization]: [34m[1mStarting managed nodes bringup...[0m[0m
[lifecycle_manager-13] [INFO] [1790243516.131806525] [lifecycle_manager_localization]: [34m[1mConfiguring map_server[0m[0m
[map_server-11] [INFO] [1790243516.133175576] [map_server]: Configuring
[map_server-11] [INFO] [1790243516.133314107] [map_io]: Loading yaml file: /workspace/molar/ros_ws/bumperbot_ws/install/robot_lab_maps/share/robot_lab_maps/maps/nav_empty/maps/map.yaml
[map_server-11] [INFO] [1790243516.133736324] [map_io]: resolution: 0.05
[map_server-11] [INFO] [1790243516.133757252] [map_io]: origin[0]: -7
[map_server-11] [INFO] [1790243516.133763268] [map_io]: origin[1]: -7
[map_server-11] [INFO] [1790243516.133767652] [map_io]: origin[2]: 0
[map_server-11] [INFO] [1790243516.133772580] [map_io]: free_thresh: 0.196
[map_server-11] [INFO] [1790243516.133777444] [map_io]: occupied_thresh: 0.65
[map_server-11] [INFO] [1790243516.133783205] [map_io]: mode: trinary
[map_server-11] [INFO] [1790243516.133789797] [map_io]: negate: 0
[map_server-11] [INFO] [1790243516.134059082] [map_io]: Loading image_file: /workspace/molar/ros_ws/bumperbot_ws/install/robot_lab_maps/share/robot_lab_maps/maps/nav_empty/maps/map.pgm
[map_server-11] [INFO] [1790243516.147987907] [map_io]: Read map /workspace/molar/ros_ws/bumperbot_ws/install/robot_lab_maps/share/robot_lab_maps/maps/nav_empty/maps/map.pgm: 280 X 280 map @ 0.05 m/cell
[lifecycle_manager-13] [INFO] [1790243516.160414270] [lifecycle_manager_localization]: [34m[1mConfiguring amcl[0m[0m
[amcl-12] [0m[INFO] [1790243516.161681751] [amcl]: Configuring[0m
[amcl-12] [0m[INFO] [1790243516.161862395] [amcl]: initTransforms[0m
[amcl-12] [0m[INFO] [1790243516.181387589] [amcl]: initPubSub[0m
[amcl-12] [0m[INFO] [1790243516.190710017] [amcl]: Subscribed to map topic.[0m
[lifecycle_manager-13] [INFO] [1790243516.200234273] [lifecycle_manager_localization]: [34m[1mActivating map_server[0m[0m
[map_server-11] [INFO] [1790243516.200546919] [map_server]: Activating
[map_server-11] [INFO] [1790243516.200847853] [map_server]: Creating bond (map_server) to lifecycle manager.
[amcl-12] [0m[INFO] [1790243516.202323403] [amcl]: Received a 280 X 280 map @ 0.050 m/pix[0m
[lifecycle_manager-13] [INFO] [1790243516.307677625] [lifecycle_manager_localization]: Server map_server connected with bond.
[lifecycle_manager-13] [INFO] [1790243516.307766458] [lifecycle_manager_localization]: [34m[1mActivating amcl[0m[0m
[amcl-12] [0m[INFO] [1790243516.308143074] [amcl]: Activating[0m
[amcl-12] [0m[INFO] [1790243516.308256612] [amcl]: initialPoseReceived[0m
[amcl-12] [0m[INFO] [1790243516.308507113] [amcl]: Setting pose (0.404000): -0.500 -0.500 0.000[0m
[amcl-12] [0m[INFO] [1790243516.309105429] [amcl]: Creating bond (amcl) to lifecycle manager.[0m
[lifecycle_manager-13] [INFO] [1790243516.412546332] [lifecycle_manager_localization]: Server amcl connected with bond.
[lifecycle_manager-13] [INFO] [1790243516.412638430] [lifecycle_manager_localization]: [34m[1mManaged nodes are active[0m[0m
[lifecycle_manager-13] [INFO] [1790243516.412659902] [lifecycle_manager_localization]: [34m[1mCreating bond timer...[0m[0m
[amcl-12] [0m[INFO] [1790243516.415720476] [amcl]: createLaserObject[0m
[wheel_imu_fusion-16] 1790243516.456981 [120] wheel_imu_: selected interface "lo" is not multicast-capable: disabling multicast
[imu_republisher.py-15] 1790243516.571089 [120]    python3: selected interface "lo" is not multicast-capable: disabling multicast
[wheel_imu_fusion-16] [INFO] [1790243516.757016961] [sensor_fusion_wheel_imu_fusion]: wheel_imu_fusion ready
[humanoid-policy-controller-1] [INFO] [1790243522.747026888] [humanoid_policy_controller]: first cmd_vel: ramping from the measured pose to the policy default pose over 4.0 s
[humanoid-policy-controller-1] [ERROR] [1790243528.265712410] [humanoid_policy_controller]: settle ramp aborted: tilt 0.72 rad exceeds the fall threshold; handing over to the policy safety latch
[humanoid-policy-controller-1] [INFO] [1790243528.266358343] [humanoid_policy_controller]: settle ramp complete: policy driving
[WARNING] [launch]: user interrupted with ctrl-c (SIGINT)
[ekf_node-14] [INFO] [1790243617.589400703] [rclcpp]: signal_handler(SIGINT/SIGTERM)
[lifecycle_manager-13] [INFO] [1790243617.589417375] [rclcpp]: signal_handler(SIGINT/SIGTERM)
[lifecycle_manager-13] [INFO] [1790243617.589592706] [lifecycle_manager_localization]: Running Nav2 LifecycleManager rcl preshutdown (lifecycle_manager_localization)
[lifecycle_manager-13] [INFO] [1790243617.589674275] [lifecycle_manager_localization]: [34m[1mTerminating bond timer...[0m[0m
[twist_mux-6] [INFO] [1790243617.589456800] [rclcpp]: signal_handler(SIGINT/SIGTERM)
[joy_teleop-4] Exception ignored in: <function Future.__del__ at 0xffffb26ef640>
[joy_teleop-4] Traceback (most recent call last):
[joy_teleop-4]   File "/opt/ros/humble/local/lib/python3.10/dist-packages/rclpy/task.py", line 56, in __del__
[joy_teleop-4]     if self._exception is not None and not self._exception_fetched:
[joy_teleop-4] AttributeError: 'Task' object has no attribute '_exception'
[INFO] [wheel_imu_fusion-16]: sending signal 'SIGINT' to process[wheel_imu_fusion-16]
[INFO] [imu_republisher.py-15]: sending signal 'SIGINT' to process[imu_republisher.py-15]
[INFO] [ekf_node-14]: sending signal 'SIGINT' to process[ekf_node-14]
[INFO] [lifecycle_manager-13]: sending signal 'SIGINT' to process[lifecycle_manager-13]
[INFO] [amcl-12]: sending signal 'SIGINT' to process[amcl-12]
[ERROR] [ekf_node-14]: process has died [pid 738179, exit code -2, cmd '/opt/ros/humble/lib/robot_localization/ekf_node --ros-args -r __node:=ekf_filter_node --params-file /workspace/molar/ros_ws/bumperbot_ws/install/robot_lab_localization/share/robot_lab_localization/config/ekf.yaml --params-file /workspace/molar/.tmp/launch_params_p5tjgcom --params-file /workspace/molar/.tmp/launch_params_4d19fwli'].
[INFO] [map_server-11]: sending signal 'SIGINT' to process[map_server-11]
[INFO] [twist_relay-9]: sending signal 'SIGINT' to process[twist_relay-9]
[INFO] [joystick_relay.py-8]: sending signal 'SIGINT' to process[joystick_relay.py-8]
[ERROR] [map_server-11]: process has died [pid 738173, exit code -2, cmd '/opt/ros/humble/lib/nav2_map_server/map_server --ros-args -r __node:=map_server --params-file /workspace/molar/.tmp/launch_params_zkb_ay53 --params-file /workspace/molar/.tmp/launch_params_7rm7nvjg'].
[INFO] [twist_marker-7]: sending signal 'SIGINT' to process[twist_marker-7]
[INFO] [twist_mux-6]: sending signal 'SIGINT' to process[twist_mux-6]
[ERROR] [twist_relay-9]: process has died [pid 737962, exit code -2, cmd '/workspace/molar/ros_ws/bumperbot_ws/install/robot_lab_controller/lib/robot_lab_controller/twist_relay --ros-args -r __node:=twist_relay --params-file /workspace/molar/.tmp/launch_params_k6_vttso'].
[INFO] [joy_node-5]: sending signal 'SIGINT' to process[joy_node-5]
[ERROR] [twist_marker-7]: process has died [pid 737954, exit code -2, cmd '/opt/ros/humble/lib/twist_mux/twist_marker --ros-args --params-file /workspace/molar/.tmp/launch_params_zzy55ho3 -r /twist:=robot_lab_controller/cmd_vel_unstamped'].
[INFO] [joy_teleop-4]: sending signal 'SIGINT' to process[joy_teleop-4]
[ERROR] [twist_mux-6]: process has died [pid 737952, exit code -2, cmd '/opt/ros/humble/lib/twist_mux/twist_mux --ros-args --params-file /workspace/molar/.tmp/launch_params_c8fbfel4 --params-file /workspace/molar/ros_ws/bumperbot_ws/install/robot_lab_controller/share/robot_lab_controller/config/twist_mux_locks.yaml --params-file /workspace/molar/ros_ws/bumperbot_ws/install/robot_lab_controller/share/robot_lab_controller/config/twist_mux_topics.yaml -r /cmd_vel_out:=robot_lab_controller/cmd_vel_unstamped'].
[INFO] [mujoco_spawner-3]: sending signal 'SIGINT' to process[mujoco_spawner-3]
[INFO] [robot_state_publisher-2]: sending signal 'SIGINT' to process[robot_state_publisher-2]
[INFO] [humanoid-policy-controller-1]: sending signal 'SIGINT' to process[humanoid-policy-controller-1]
[twist_relay-9] [INFO] [1790243617.589510241] [rclcpp]: signal_handler(SIGINT/SIGTERM)
[joy_node-5] [INFO] [1790243617.589501921] [rclcpp]: signal_handler(SIGINT/SIGTERM)
[map_server-11] [INFO] [1790243617.589544673] [rclcpp]: signal_handler(SIGINT/SIGTERM)
[robot_state_publisher-2] [INFO] [1790243617.590086026] [rclcpp]: signal_handler(SIGINT/SIGTERM)
[amcl-12] [0m[INFO] [1790243617.593531713] [rclcpp]: signal_handler(SIGINT/SIGTERM)[0m
[amcl-12] [0m[INFO] [1790243617.594033834] [amcl]: Running Nav2 LifecycleNode rcl preshutdown (amcl)[0m
[amcl-12] [0m[INFO] [1790243617.594406064] [amcl]: Deactivating[0m
[amcl-12] [0m[INFO] [1790243617.594454160] [amcl]: Destroying bond (amcl) to lifecycle manager.[0m
[amcl-12] [0m[INFO] [1790243617.604794551] [amcl]: Cleaning up[0m
[twist_marker-7] [INFO] [1790243617.590504113] [rclcpp]: signal_handler(SIGINT/SIGTERM)
[map_server-11] [INFO] [1790243617.593035417] [map_server]: Running Nav2 LifecycleNode rcl preshutdown (map_server)
[map_server-11] [INFO] [1790243617.593189628] [map_server]: Deactivating
[map_server-11] [INFO] [1790243617.593222172] [map_server]: Destroying bond (map_server) to lifecycle manager.
[map_server-11] [INFO] [1790243617.603651460] [map_server]: Cleaning up
[map_server-11] [INFO] [1790243617.604258574] [map_server]: Destroying bond (map_server) to lifecycle manager.
[map_server-11] [INFO] [1790243617.612121901] [map_server]: Destroying
[imu_republisher.py-15] Traceback (most recent call last):
[imu_republisher.py-15]   File "/workspace/molar/ros_ws/bumperbot_ws/install/robot_lab_localization/lib/robot_lab_localization/imu_republisher.py", line 54, in <module>
[imu_republisher.py-15]     main()
[imu_republisher.py-15]   File "/workspace/molar/ros_ws/bumperbot_ws/install/robot_lab_localization/lib/robot_lab_localization/imu_republisher.py", line 49, in main
[imu_republisher.py-15]     node.destroy_node()
[imu_republisher.py-15]   File "/opt/ros/humble/local/lib/python3.10/dist-packages/rclpy/node.py", line 1691, in destroy_node
[imu_republisher.py-15]     self.destroy_service(self._services[0])
[imu_republisher.py-15]   File "/opt/ros/humble/local/lib/python3.10/dist-packages/rclpy/node.py", line 1615, in destroy_service
[imu_republisher.py-15]     service.destroy()
[imu_republisher.py-15]   File "/opt/ros/humble/local/lib/python3.10/dist-packages/rclpy/service.py", line 93, in destroy
[imu_republisher.py-15]     self.__service.destroy_when_not_in_use()
[imu_republisher.py-15] KeyboardInterrupt
[amcl-12] [0m[INFO] [1790243617.619822281] [amcl]: Destroying bond (amcl) to lifecycle manager.[0m
[wheel_imu_fusion-16] Traceback (most recent call last):
[wheel_imu_fusion-16]   File "/workspace/molar/ros_ws/bumperbot_ws/install/robot_lab_algorithms/lib/robot_lab_algorithms/wheel_imu_fusion", line 33, in <module>
[wheel_imu_fusion-16]     sys.exit(load_entry_point('robot_lab_algorithms==0.1.0', 'console_scripts', 'wheel_imu_fusion')())
[wheel_imu_fusion-16]   File "/workspace/molar/ros_ws/bumperbot_ws/install/robot_lab_algorithms/lib/python3.10/site-packages/robot_lab_algorithms/sensor_fusion.py", line 233, in wheel_imu_fusion_main
[wheel_imu_fusion-16]     return _run(WheelImuFusionNode, 'wheel_imu_fusion', args=args)
[wheel_imu_fusion-16]   File "/workspace/molar/ros_ws/bumperbot_ws/install/robot_lab_algorithms/lib/python3.10/site-packages/robot_lab_algorithms/_runtime.py", line 66, in run
[wheel_imu_fusion-16]     return spin_node(node)
[wheel_imu_fusion-16]   File "/workspace/molar/ros_ws/bumperbot_ws/install/robot_lab_algorithms/lib/python3.10/site-packages/robot_lab_algorithms/_runtime.py", line 45, in spin_node
[wheel_imu_fusion-16]     node.destroy_node()
[wheel_imu_fusion-16]   File "/opt/ros/humble/local/lib/python3.10/dist-packages/rclpy/node.py", line 1691, in destroy_node
[wheel_imu_fusion-16]     self.destroy_service(self._services[0])
[wheel_imu_fusion-16]   File "/opt/ros/humble/local/lib/python3.10/dist-packages/rclpy/node.py", line 1615, in destroy_service
[amcl-12] [0m[INFO] [1790243617.621861097] [rclcpp]: signal_handler(SIGINT/SIGTERM)[0m
[wheel_imu_fusion-16]     service.destroy()
[wheel_imu_fusion-16]   File "/opt/ros/humble/local/lib/python3.10/dist-packages/rclpy/service.py", line 93, in destroy
[wheel_imu_fusion-16]     self.__service.destroy_when_not_in_use()
[wheel_imu_fusion-16] KeyboardInterrupt
[amcl-12] [0m[INFO] [1790243617.624664759] [amcl]: Destroying[0m
[lifecycle_manager-13] [INFO] [1790243617.625244352] [rclcpp]: signal_handler(SIGINT/SIGTERM)
[joystick_relay.py-8] Traceback (most recent call last):
[joystick_relay.py-8]   File "/opt/ros/humble/lib/twist_mux/joystick_relay.py", line 302, in <module>
[lifecycle_manager-13] [INFO] [1790243617.632105422] [lifecycle_manager_localization]: Destroying lifecycle_manager_localization
[joystick_relay.py-8]     main()
[joystick_relay.py-8]   File "/opt/ros/humble/lib/twist_mux/joystick_relay.py", line 297, in main
[joystick_relay.py-8]     node.destroy_node()
[joystick_relay.py-8]   File "/opt/ros/humble/local/lib/python3.10/dist-packages/rclpy/node.py", line 1691, in destroy_node
[joystick_relay.py-8]     self.destroy_service(self._services[0])
[joystick_relay.py-8]   File "/opt/ros/humble/local/lib/python3.10/dist-packages/rclpy/node.py", line 1618, in destroy_service
[joystick_relay.py-8]     self._wake_executor()
[joystick_relay.py-8]   File "/opt/ros/humble/local/lib/python3.10/dist-packages/rclpy/node.py", line 287, in _wake_executor
[joystick_relay.py-8]     executor = self.executor
[joystick_relay.py-8]   File "/opt/ros/humble/local/lib/python3.10/dist-packages/rclpy/node.py", line 269, in executor
[joystick_relay.py-8]     return self.__executor_weakref()
[joystick_relay.py-8] KeyboardInterrupt
[joy_node-5] [INFO] [1790243617.641829035] [rclcpp]: signal_handler(SIGINT/SIGTERM)
[robot_state_publisher-2] [INFO] [1790243617.650392437] [rclcpp]: signal_handler(SIGINT/SIGTERM)
[joy_teleop-4] Traceback (most recent call last):
[joy_teleop-4]   File "/opt/ros/humble/lib/joy_teleop/joy_teleop", line 33, in <module>
[joy_teleop-4]     sys.exit(load_entry_point('joy-teleop==1.6.0', 'console_scripts', 'joy_teleop')())
[joy_teleop-4]   File "/opt/ros/humble/lib/python3.10/site-packages/joy_teleop/joy_teleop.py", line 441, in main
[joy_teleop-4]     node.destroy_node()
[joy_teleop-4]   File "/opt/ros/humble/local/lib/python3.10/dist-packages/rclpy/node.py", line 1696, in destroy_node
[joy_teleop-4]     self.__node.destroy_when_not_in_use()
[joy_teleop-4] KeyboardInterrupt
[INFO] [robot_state_publisher-2]: process has finished cleanly [pid 737944]
[INFO] [joy_node-5]: process has finished cleanly [pid 737950]
[humanoid-policy-controller-1] Traceback (most recent call last):
[humanoid-policy-controller-1]   File "/workspace/molar/ros_ws/bumperbot_ws/install/robot_lab_adapter/lib/robot_lab_adapter/humanoid-policy-controller", line 33, in <module>
[humanoid-policy-controller-1]     sys.exit(load_entry_point('robot_lab_adapter==0.1.0', 'console_scripts', 'humanoid-policy-controller')())
[humanoid-policy-controller-1]   File "/workspace/molar/ros_ws/bumperbot_ws/install/robot_lab_adapter/lib/python3.10/site-packages/robot_lab_adapter/humanoid_policy_controller.py", line 315, in main
[humanoid-policy-controller-1]     node.destroy_node()
[humanoid-policy-controller-1]   File "/opt/ros/humble/local/lib/python3.10/dist-packages/rclpy/node.py", line 1696, in destroy_node
[humanoid-policy-controller-1]     self.__node.destroy_when_not_in_use()
[humanoid-policy-controller-1] KeyboardInterrupt
[INFO] [lifecycle_manager-13]: process has finished cleanly [pid 738177]
[ERROR] [imu_republisher.py-15]: process has died [pid 738181, exit code -2, cmd '/workspace/molar/ros_ws/bumperbot_ws/install/robot_lab_localization/lib/robot_lab_localization/imu_republisher.py --ros-args --params-file /workspace/molar/.tmp/launch_params_fpak_5_t'].
[ERROR] [joy_teleop-4]: process has died [pid 737948, exit code -2, cmd '/opt/ros/humble/lib/joy_teleop/joy_teleop --ros-args --params-file /workspace/molar/ros_ws/bumperbot_ws/install/robot_lab_controller/share/robot_lab_controller/config/joy_teleop.yaml --params-file /workspace/molar/.tmp/launch_params_m8vf9lh0'].
[ERROR] [wheel_imu_fusion-16]: process has died [pid 738183, exit code -2, cmd '/workspace/molar/ros_ws/bumperbot_ws/install/robot_lab_algorithms/lib/robot_lab_algorithms/wheel_imu_fusion --ros-args -r __node:=sensor_fusion_wheel_imu_fusion --params-file /workspace/molar/.tmp/launch_params_uqylr3gs'].
[ERROR] [humanoid-policy-controller-1]: process has died [pid 737942, exit code -2, cmd '/workspace/molar/ros_ws/bumperbot_ws/install/robot_lab_adapter/lib/robot_lab_adapter/humanoid-policy-controller --ros-args --params-file /workspace/molar/.tmp/launch_params_y9iu5cu4'].
[ERROR] [joystick_relay.py-8]: process has died [pid 737956, exit code -2, cmd '/opt/ros/humble/lib/twist_mux/joystick_relay.py --ros-args --params-file /workspace/molar/.tmp/launch_params_mk21gw4w --params-file /workspace/molar/ros_ws/bumperbot_ws/install/robot_lab_controller/share/robot_lab_controller/config/twist_mux_joy.yaml -r joy_vel_in:=input_joy/cmd_vel -r joy_vel_out:=joy_vel'].
[INFO] [mujoco_spawner-3]: process has finished cleanly [pid 737946]
[INFO] [amcl-12]: process has finished cleanly [pid 738175]
