[INFO] [launch]: All log files can be found below /home/molar1/.ros/log/2026-09-25-12-28-22-670390-molar1-1297783
[INFO] [launch]: Default logging verbosity is set to INFO
[robot_lab] algorithm localization=amcl -> global_localization stack
[robot_lab] algorithm state_estimation=ekf_localization_node -> local_localization stack
[robot_lab] algorithm sensor_fusion=wheel_imu_fusion -> node robot_lab_algorithms/wheel_imu_fusion
[INFO] [humanoid-policy-controller-1]: process started with pid [1297834]
[INFO] [robot_state_publisher-2]: process started with pid [1297836]
[INFO] [mujoco_spawner-3]: process started with pid [1297838]
[INFO] [joy_teleop-4]: process started with pid [1297840]
[INFO] [joy_node-5]: process started with pid [1297842]
[INFO] [twist_mux-6]: process started with pid [1297844]
[INFO] [twist_marker-7]: process started with pid [1297846]
[INFO] [joystick_relay.py-8]: process started with pid [1297848]
[INFO] [twist_relay-9]: process started with pid [1297850]
[INFO] [simulator_ready_gate-10]: process started with pid [1297852]
[twist_mux-6] [INFO] [1790332103.442955576] [twist_mux]: Topic handler 'topics.joystick' subscribed to topic 'joy_vel': timeout = 0.500000s , priority = 99.
[twist_mux-6] [INFO] [1790332103.443973700] [twist_mux]: Topic handler 'topics.keyboard' subscribed to topic 'key_vel': timeout = 0.500000s , priority = 90.
[twist_mux-6] [INFO] [1790332103.444203743] [twist_mux]: Topic handler 'topics.navigation' subscribed to topic 'cmd_vel': timeout = 0.500000s , priority = 80.
[twist_mux-6] [INFO] [1790332103.444374011] [twist_mux]: Topic handler 'locks.safety_stop' subscribed to topic 'safety_stop': timeout = None , priority = 255.
[robot_state_publisher-2] [WARN] [1790332103.466171166] [kdl_parser]: The root link base has an inertia specified in the URDF, but KDL does not support a root link with an inertia.  As a workaround, you can add an extra dummy link to your URDF.
[robot_state_publisher-2] [INFO] [1790332103.467377157] [robot_state_publisher]: got segment arm_left_elbow_pitch
[robot_state_publisher-2] [INFO] [1790332103.468033464] [robot_state_publisher]: got segment arm_left_elbow_roll
[robot_state_publisher-2] [INFO] [1790332103.468557133] [robot_state_publisher]: got segment arm_left_hand_link
[robot_state_publisher-2] [INFO] [1790332103.468999140] [robot_state_publisher]: got segment arm_left_shoulder_pitch
[robot_state_publisher-2] [INFO] [1790332103.469426555] [robot_state_publisher]: got segment arm_left_shoulder_roll
[robot_state_publisher-2] [INFO] [1790332103.469863666] [robot_state_publisher]: got segment arm_left_shoulder_yaw
[robot_state_publisher-2] [INFO] [1790332103.470275530] [robot_state_publisher]: got segment arm_right_elbow_pitch
[robot_state_publisher-2] [INFO] [1790332103.470684866] [robot_state_publisher]: got segment arm_right_elbow_roll
[robot_state_publisher-2] [INFO] [1790332103.471107289] [robot_state_publisher]: got segment arm_right_hand_link
[robot_state_publisher-2] [INFO] [1790332103.471530960] [robot_state_publisher]: got segment arm_right_shoulder_pitch
[robot_state_publisher-2] [INFO] [1790332103.471942184] [robot_state_publisher]: got segment arm_right_shoulder_roll
[robot_state_publisher-2] [INFO] [1790332103.472439294] [robot_state_publisher]: got segment arm_right_shoulder_yaw
[robot_state_publisher-2] [INFO] [1790332103.472889205] [robot_state_publisher]: got segment base
[robot_state_publisher-2] [INFO] [1790332103.473346987] [robot_state_publisher]: got segment imu
[robot_state_publisher-2] [INFO] [1790332103.473816258] [robot_state_publisher]: got segment imu_2
[robot_state_publisher-2] [INFO] [1790332103.474220729] [robot_state_publisher]: got segment leg_left_ankle_pitch
[robot_state_publisher-2] [INFO] [1790332103.474602770] [robot_state_publisher]: got segment leg_left_ankle_roll
[robot_state_publisher-2] [INFO] [1790332103.474994730] [robot_state_publisher]: got segment leg_left_hip_pitch
[robot_state_publisher-2] [INFO] [1790332103.475388994] [robot_state_publisher]: got segment leg_left_hip_roll
[robot_state_publisher-2] [INFO] [1790332103.475794553] [robot_state_publisher]: got segment leg_left_hip_yaw
[robot_state_publisher-2] [INFO] [1790332103.476250192] [robot_state_publisher]: got segment leg_left_knee_pitch
[robot_state_publisher-2] [INFO] [1790332103.476646664] [robot_state_publisher]: got segment leg_right_ankle_pitch
[robot_state_publisher-2] [INFO] [1790332103.477028352] [robot_state_publisher]: got segment leg_right_ankle_roll
[robot_state_publisher-2] [INFO] [1790332103.477430936] [robot_state_publisher]: got segment leg_right_hip_pitch
[robot_state_publisher-2] [INFO] [1790332103.477470167] [robot_state_publisher]: got segment leg_right_hip_roll
[robot_state_publisher-2] [INFO] [1790332103.477481783] [robot_state_publisher]: got segment leg_right_hip_yaw
[robot_state_publisher-2] [INFO] [1790332103.477491383] [robot_state_publisher]: got segment leg_right_knee_pitch
[humanoid-policy-controller-1] [INFO] [1790332104.081454398] [humanoid_policy_controller]: HumanoidPolicyController: policy=policy_humanoid (/joint_states + /imu/out + /robot_lab_controller/cmd_vel_unstamped -> /bhl_standing_controller/commands) at 25.0 Hz over 22 joints (effort interface; effort servo 250.0 Hz, stance PD/ankle-strategy settle ramp, checkpoint PD/limits driving)
[mujoco_spawner-3] [WARN] [1790332105.101254876] [mujoco_spawner]: MuJoCo inertia repair: clamped non-physical mass/inertia entries.
[mujoco_spawner-3] [INFO] [1790332105.621562938] [mujoco_spawner]: MuJoCo: 11 collision proxy geom(s) moved to group 3 (viewer Rendering tab to show them).
[mujoco_spawner-3] [INFO] [1790332105.867467580] [mujoco_spawner]: MuJoCo URDF import OK (all meshes staged).
[mujoco_spawner-3] [INFO] [1790332105.898812796] [mujoco_spawner]: MuJoCo effort plant: joint losses mirrored from the robot's own MJCF (/home/molar1/bumperbot_ws/install/robot_lab_robots/share/robot_lab_robots/berkeley_humanoid_lite/mjcf/berkeley_humanoid_lite.xml).
[mujoco_spawner-3] [INFO] [1790332106.110086306] [mujoco_spawner]: Robot has no 'oakd_rgb_camera_frame' link; no RGB-D camera is published.
[mujoco_spawner-3] [INFO] [1790332106.111618499] [mujoco_spawner]: Joints: ['arm_left_shoulder_pitch_joint', 'arm_left_shoulder_roll_joint', 'arm_left_shoulder_yaw_joint', 'arm_left_elbow_pitch_joint', 'arm_left_elbow_roll_joint', 'arm_right_shoulder_pitch_joint', 'arm_right_shoulder_roll_joint', 'arm_right_shoulder_yaw_joint', 'arm_right_elbow_pitch_joint', 'arm_right_elbow_roll_joint', 'leg_left_hip_roll_joint', 'leg_left_hip_yaw_joint', 'leg_left_hip_pitch_joint', 'leg_left_knee_pitch_joint', 'leg_left_ankle_pitch_joint', 'leg_left_ankle_roll_joint', 'leg_right_hip_roll_joint', 'leg_right_hip_yaw_joint', 'leg_right_hip_pitch_joint', 'leg_right_knee_pitch_joint', 'leg_right_ankle_pitch_joint', 'leg_right_ankle_roll_joint']   lw= rw=
[mujoco_spawner-3] [INFO] [1790332106.114095248] [mujoco_spawner]: Joint effort input: /bhl_standing_controller/commands (22 joints, URDF limits)
[mujoco_spawner-3] [INFO] [1790332106.116315203] [mujoco_spawner]: MuJoCo model loaded: 24 bodies, 23 joints
[mujoco_spawner-3] [INFO] [1790332106.117167506] [mujoco_spawner]: MuJoCo gui param=False (resolved=False), DISPLAY=:1 -> mode=DIRECT
[mujoco_spawner-3] [INFO] [1790332106.117964193] [mujoco_spawner]: MuJoCo running headless (gui=False, viewer=True).
[mujoco_spawner-3] [INFO] [1790332106.122891165] [mujoco_spawner]: MuJoCo spawner running.
[INFO] [simulator_ready_gate-10]: process has finished cleanly [pid 1297852]
[INFO] [amcl-12]: process started with pid [1298096]
[INFO] [map_server-11]: process started with pid [1298094]
[INFO] [lifecycle_manager-13]: process started with pid [1298098]
[INFO] [ekf_node-14]: process started with pid [1298100]
[INFO] [imu_republisher.py-15]: process started with pid [1298102]
[INFO] [wheel_imu_fusion-16]: process started with pid [1298104]
[lifecycle_manager-13] [INFO] [1790332106.522279172] [lifecycle_manager_localization]: Creating
[lifecycle_manager-13] [INFO] [1790332106.534182961] [lifecycle_manager_localization]: [34m[1mCreating and initializing lifecycle service clients[0m[0m
[amcl-12] [0m[INFO] [1790332106.542975677] [amcl]: 
[amcl-12] 	amcl lifecycle node launched. 
[amcl-12] 	Waiting on external lifecycle transitions to activate
[amcl-12] 	See https://design.ros2.org/articles/node_lifecycle.html for more information.[0m
[amcl-12] [0m[INFO] [1790332106.544319394] [amcl]: Creating[0m
[map_server-11] [INFO] [1790332106.552488187] [map_server]: 
[map_server-11] 	map_server lifecycle node launched. 
[map_server-11] 	Waiting on external lifecycle transitions to activate
[map_server-11] 	See https://design.ros2.org/articles/node_lifecycle.html for more information.
[map_server-11] [INFO] [1790332106.552677015] [map_server]: Creating
[lifecycle_manager-13] [INFO] [1790332106.578772323] [lifecycle_manager_localization]: [34m[1mStarting managed nodes bringup...[0m[0m
[lifecycle_manager-13] [INFO] [1790332106.580011049] [lifecycle_manager_localization]: [34m[1mConfiguring map_server[0m[0m
[map_server-11] [INFO] [1790332106.581266160] [map_server]: Configuring
[map_server-11] [INFO] [1790332106.581394573] [map_io]: Loading yaml file: /home/molar1/bumperbot_ws/install/robot_lab_maps/share/robot_lab_maps/maps/nav_empty/maps/map.yaml
[map_server-11] [INFO] [1790332106.581933250] [map_io]: resolution: 0.05
[map_server-11] [INFO] [1790332106.581957474] [map_io]: origin[0]: -7
[map_server-11] [INFO] [1790332106.581963714] [map_io]: origin[1]: -7
[map_server-11] [INFO] [1790332106.581968737] [map_io]: origin[2]: 0
[map_server-11] [INFO] [1790332106.581974113] [map_io]: free_thresh: 0.196
[map_server-11] [INFO] [1790332106.581979233] [map_io]: occupied_thresh: 0.65
[map_server-11] [INFO] [1790332106.581985569] [map_io]: mode: trinary
[map_server-11] [INFO] [1790332106.581993057] [map_io]: negate: 0
[map_server-11] [INFO] [1790332106.582320090] [map_io]: Loading image_file: /home/molar1/bumperbot_ws/install/robot_lab_maps/share/robot_lab_maps/maps/nav_empty/maps/map.pgm
[map_server-11] [INFO] [1790332106.593762577] [map_io]: Read map /home/molar1/bumperbot_ws/install/robot_lab_maps/share/robot_lab_maps/maps/nav_empty/maps/map.pgm: 280 X 280 map @ 0.05 m/cell
[lifecycle_manager-13] [INFO] [1790332106.610341662] [lifecycle_manager_localization]: [34m[1mConfiguring amcl[0m[0m
[amcl-12] [0m[INFO] [1790332106.610733494] [amcl]: Configuring[0m
[amcl-12] [0m[INFO] [1790332106.610889811] [amcl]: initTransforms[0m
[amcl-12] [0m[INFO] [1790332106.619729951] [amcl]: initPubSub[0m
[amcl-12] [0m[INFO] [1790332106.627034538] [amcl]: Subscribed to map topic.[0m
[lifecycle_manager-13] [INFO] [1790332106.634415923] [lifecycle_manager_localization]: [34m[1mActivating map_server[0m[0m
[map_server-11] [INFO] [1790332106.634808811] [map_server]: Activating
[map_server-11] [INFO] [1790332106.635137572] [map_server]: Creating bond (map_server) to lifecycle manager.
[amcl-12] [0m[INFO] [1790332106.698560501] [amcl]: Received a 280 X 280 map @ 0.050 m/pix[0m
[lifecycle_manager-13] [INFO] [1790332106.739387348] [lifecycle_manager_localization]: Server map_server connected with bond.
[lifecycle_manager-13] [INFO] [1790332106.739487922] [lifecycle_manager_localization]: [34m[1mActivating amcl[0m[0m
[amcl-12] [0m[INFO] [1790332106.741163152] [amcl]: Activating[0m
[amcl-12] [0m[INFO] [1790332106.741267790] [amcl]: initialPoseReceived[0m
[amcl-12] [0m[INFO] [1790332106.741518632] [amcl]: Setting pose (0.364000): -0.500 -0.500 0.000[0m
[amcl-12] [0m[INFO] [1790332106.742097373] [amcl]: Creating bond (amcl) to lifecycle manager.[0m
[lifecycle_manager-13] [INFO] [1790332106.845613852] [lifecycle_manager_localization]: Server amcl connected with bond.
[lifecycle_manager-13] [INFO] [1790332106.845697626] [lifecycle_manager_localization]: [34m[1mManaged nodes are active[0m[0m
[lifecycle_manager-13] [INFO] [1790332106.845719353] [lifecycle_manager_localization]: [34m[1mCreating bond timer...[0m[0m
[amcl-12] [0m[INFO] [1790332106.902022460] [amcl]: createLaserObject[0m
[wheel_imu_fusion-16] [INFO] [1790332107.194743942] [sensor_fusion_wheel_imu_fusion]: wheel_imu_fusion ready
[humanoid-policy-controller-1] [INFO] [1790332107.945355090] [humanoid_policy_controller]: first cmd_vel: ramping from the measured pose to the policy default pose over 2.0 s
[humanoid-policy-controller-1] [INFO] [1790332111.354797232] [humanoid_policy_controller]: settle ramp complete: policy driving
[humanoid-policy-controller-1] [0;93m2026-09-25 12:28:31.510811078 [W:onnxruntime:Default, device_discovery.cc:164 DiscoverDevicesForPlatform] GPU device discovery failed: device_discovery.cc:89 ReadFileContents Failed to open file: "/sys/class/drm/card1/device/vendor"[m
[amcl-12] [0m[INFO] [1790332137.822143867] [rclcpp]: signal_handler(SIGINT/SIGTERM)[0m
[amcl-12] [0m[INFO] [1790332137.822270873] [amcl]: Running Nav2 LifecycleNode rcl preshutdown (amcl)[0m
[amcl-12] [0m[INFO] [1790332137.822373367] [amcl]: Deactivating[0m
[amcl-12] [0m[INFO] [1790332137.822411190] [amcl]: Destroying bond (amcl) to lifecycle manager.[0m
[robot_state_publisher-2] [INFO] [1790332137.821011698] [rclcpp]: signal_handler(SIGINT/SIGTERM)
[joy_node-5] [INFO] [1790332137.821009778] [rclcpp]: signal_handler(SIGINT/SIGTERM)
[map_server-11] [INFO] [1790332137.821091088] [rclcpp]: signal_handler(SIGINT/SIGTERM)
[map_server-11] [INFO] [1790332137.821236269] [map_server]: Running Nav2 LifecycleNode rcl preshutdown (map_server)
[map_server-11] [INFO] [1790332137.821366123] [map_server]: Deactivating
[map_server-11] [INFO] [1790332137.821392330] [map_server]: Destroying bond (map_server) to lifecycle manager.
[lifecycle_manager-13] [INFO] [1790332137.821077713] [rclcpp]: signal_handler(SIGINT/SIGTERM)
[lifecycle_manager-13] [INFO] [1790332137.821229390] [lifecycle_manager_localization]: Running Nav2 LifecycleManager rcl preshutdown (lifecycle_manager_localization)
[lifecycle_manager-13] [INFO] [1790332137.821317484] [lifecycle_manager_localization]: [34m[1mTerminating bond timer...[0m[0m
[ekf_node-14] [INFO] [1790332137.821080945] [rclcpp]: signal_handler(SIGINT/SIGTERM)
[twist_relay-9] [INFO] [1790332137.821080849] [rclcpp]: signal_handler(SIGINT/SIGTERM)
[twist_mux-6] [INFO] [1790332137.821476585] [rclcpp]: signal_handler(SIGINT/SIGTERM)
[twist_marker-7] [INFO] [1790332137.821706468] [rclcpp]: signal_handler(SIGINT/SIGTERM)
[amcl-12] [0m[INFO] [1790332137.832760069] [amcl]: Cleaning up[0m
[map_server-11] [INFO] [1790332137.831871383] [map_server]: Cleaning up
[map_server-11] [INFO] [1790332137.831972821] [map_server]: Destroying bond (map_server) to lifecycle manager.
[map_server-11] [INFO] [1790332137.838731277] [map_server]: Destroying
[amcl-12] [0m[INFO] [1790332137.852701331] [amcl]: Destroying bond (amcl) to lifecycle manager.[0m
[joy_teleop-4] Traceback (most recent call last):
[joy_teleop-4]   File "/opt/ros/humble/lib/joy_teleop/joy_teleop", line 33, in <module>
[joy_teleop-4]     sys.exit(load_entry_point('joy-teleop==1.6.0', 'console_scripts', 'joy_teleop')())
[joy_teleop-4]   File "/opt/ros/humble/lib/python3.10/site-packages/joy_teleop/joy_teleop.py", line 435, in main
[joy_teleop-4]     rclpy.spin(node)
[joy_teleop-4]   File "/opt/ros/humble/local/lib/python3.10/dist-packages/rclpy/__init__.py", line 229, in spin
[joy_teleop-4]     executor.spin_once()
[joy_teleop-4]   File "/opt/ros/humble/local/lib/python3.10/dist-packages/rclpy/executors.py", line 812, in spin_once
[joy_teleop-4]     self._spin_once_impl(timeout_sec)
[joy_teleop-4]   File "/opt/ros/humble/local/lib/python3.10/dist-packages/rclpy/executors.py", line 801, in _spin_once_impl
[joy_teleop-4]     handler, entity, node = self.wait_for_ready_callbacks(timeout_sec=timeout_sec)
[joy_teleop-4]   File "/opt/ros/humble/local/lib/python3.10/dist-packages/rclpy/executors.py", line 784, in wait_for_ready_callbacks
[joy_teleop-4]     return next(self._cb_iter)
[joy_teleop-4]   File "/opt/ros/humble/local/lib/python3.10/dist-packages/rclpy/executors.py", line 685, in _wait_for_ready_callbacks
[joy_teleop-4]     raise ExternalShutdownException()
[joy_teleop-4] rclpy.executors.ExternalShutdownException
[amcl-12] [0m[INFO] [1790332137.945232266] [amcl]: Destroying[0m
[lifecycle_manager-13] [INFO] [1790332137.946429362] [lifecycle_manager_localization]: Destroying lifecycle_manager_localization
[INFO] [twist_marker-7]: process has finished cleanly [pid 1297846]
[INFO] [twist_mux-6]: process has finished cleanly [pid 1297844]
[INFO] [ekf_node-14]: process has finished cleanly [pid 1298100]
[INFO] [joy_node-5]: process has finished cleanly [pid 1297842]
[INFO] [robot_state_publisher-2]: process has finished cleanly [pid 1297836]
[INFO] [twist_relay-9]: process has finished cleanly [pid 1297850]
[INFO] [map_server-11]: process has finished cleanly [pid 1298094]
[humanoid-policy-controller-1] Traceback (most recent call last):
[humanoid-policy-controller-1]   File "/home/molar1/bumperbot_ws/install/robot_lab_adapter/lib/robot_lab_adapter/humanoid-policy-controller", line 33, in <module>
[humanoid-policy-controller-1]     sys.exit(load_entry_point('robot_lab_adapter==0.1.0', 'console_scripts', 'humanoid-policy-controller')())
[humanoid-policy-controller-1]   File "/home/molar1/bumperbot_ws/install/robot_lab_adapter/lib/python3.10/site-packages/robot_lab_adapter/humanoid_policy_controller.py", line 306, in main
[humanoid-policy-controller-1]     rclpy.spin(node)
[humanoid-policy-controller-1]   File "/opt/ros/humble/local/lib/python3.10/dist-packages/rclpy/__init__.py", line 229, in spin
[humanoid-policy-controller-1]     executor.spin_once()
[humanoid-policy-controller-1]   File "/opt/ros/humble/local/lib/python3.10/dist-packages/rclpy/executors.py", line 812, in spin_once
[humanoid-policy-controller-1]     self._spin_once_impl(timeout_sec)
[humanoid-policy-controller-1]   File "/opt/ros/humble/local/lib/python3.10/dist-packages/rclpy/executors.py", line 801, in _spin_once_impl
[humanoid-policy-controller-1]     handler, entity, node = self.wait_for_ready_callbacks(timeout_sec=timeout_sec)
[humanoid-policy-controller-1]   File "/opt/ros/humble/local/lib/python3.10/dist-packages/rclpy/executors.py", line 784, in wait_for_ready_callbacks
[humanoid-policy-controller-1]     return next(self._cb_iter)
[humanoid-policy-controller-1]   File "/opt/ros/humble/local/lib/python3.10/dist-packages/rclpy/executors.py", line 657, in _wait_for_ready_callbacks
[humanoid-policy-controller-1]     wait_set = _rclpy.WaitSet(
[humanoid-policy-controller-1] rclpy._rclpy_pybind11.RCLError: failed to initialize wait set: the given context is not valid, either rcl_init() was not called or rcl_shutdown() was called., at ./src/rcl/wait.c:130
[INFO] [lifecycle_manager-13]: process has finished cleanly [pid 1298098]
[imu_republisher.py-15] Traceback (most recent call last):
[imu_republisher.py-15]   File "/home/molar1/bumperbot_ws/install/robot_lab_localization/lib/robot_lab_localization/imu_republisher.py", line 54, in <module>
[imu_republisher.py-15]     main()
[imu_republisher.py-15]   File "/home/molar1/bumperbot_ws/install/robot_lab_localization/lib/robot_lab_localization/imu_republisher.py", line 45, in main
[imu_republisher.py-15]     rclpy.spin(node)
[imu_republisher.py-15]   File "/opt/ros/humble/local/lib/python3.10/dist-packages/rclpy/__init__.py", line 229, in spin
[imu_republisher.py-15]     executor.spin_once()
[imu_republisher.py-15]   File "/opt/ros/humble/local/lib/python3.10/dist-packages/rclpy/executors.py", line 812, in spin_once
[imu_republisher.py-15]     self._spin_once_impl(timeout_sec)
[imu_republisher.py-15]   File "/opt/ros/humble/local/lib/python3.10/dist-packages/rclpy/executors.py", line 801, in _spin_once_impl
[imu_republisher.py-15]     handler, entity, node = self.wait_for_ready_callbacks(timeout_sec=timeout_sec)
[imu_republisher.py-15]   File "/opt/ros/humble/local/lib/python3.10/dist-packages/rclpy/executors.py", line 784, in wait_for_ready_callbacks
[imu_republisher.py-15]     return next(self._cb_iter)
[imu_republisher.py-15]   File "/opt/ros/humble/local/lib/python3.10/dist-packages/rclpy/executors.py", line 685, in _wait_for_ready_callbacks
[imu_republisher.py-15]     raise ExternalShutdownException()
[imu_republisher.py-15] rclpy.executors.ExternalShutdownException
[INFO] [amcl-12]: process has finished cleanly [pid 1298096]
[INFO] [wheel_imu_fusion-16]: process has finished cleanly [pid 1298104]
[INFO] [joystick_relay.py-8]: process has finished cleanly [pid 1297848]
[ERROR] [joy_teleop-4]: process has died [pid 1297840, exit code 1, cmd '/opt/ros/humble/lib/joy_teleop/joy_teleop --ros-args --params-file /home/molar1/bumperbot_ws/install/robot_lab_controller/share/robot_lab_controller/config/joy_teleop.yaml --params-file /workspace/molar/.tmp/launch_params_rgpibiqv'].
[ERROR] [imu_republisher.py-15]: process has died [pid 1298102, exit code 1, cmd '/home/molar1/bumperbot_ws/install/robot_lab_localization/lib/robot_lab_localization/imu_republisher.py --ros-args --params-file /workspace/molar/.tmp/launch_params_v2ezcx_6'].
[ERROR] [humanoid-policy-controller-1]: process has died [pid 1297834, exit code 1, cmd '/home/molar1/bumperbot_ws/install/robot_lab_adapter/lib/robot_lab_adapter/humanoid-policy-controller --ros-args --params-file /workspace/molar/.tmp/launch_params_j0noxgae'].
[INFO] [mujoco_spawner-3]: process has finished cleanly [pid 1297838]
