[INFO] [launch]: All log files can be found below /home/molar1/.ros/log/2026-09-25-12-17-31-810863-molar1-1287642
[INFO] [launch]: Default logging verbosity is set to INFO
[robot_lab] algorithm localization=amcl -> global_localization stack
[robot_lab] algorithm state_estimation=ekf_localization_node -> local_localization stack
[robot_lab] algorithm sensor_fusion=wheel_imu_fusion -> node robot_lab_algorithms/wheel_imu_fusion
[INFO] [humanoid-policy-controller-1]: process started with pid [1287691]
[INFO] [robot_state_publisher-2]: process started with pid [1287693]
[INFO] [mujoco_spawner-3]: process started with pid [1287695]
[INFO] [joy_teleop-4]: process started with pid [1287697]
[INFO] [joy_node-5]: process started with pid [1287699]
[INFO] [twist_mux-6]: process started with pid [1287701]
[INFO] [twist_marker-7]: process started with pid [1287703]
[INFO] [joystick_relay.py-8]: process started with pid [1287705]
[INFO] [twist_relay-9]: process started with pid [1287707]
[INFO] [simulator_ready_gate-10]: process started with pid [1287709]
[robot_state_publisher-2] [WARN] [1790331452.605237663] [kdl_parser]: The root link base has an inertia specified in the URDF, but KDL does not support a root link with an inertia.  As a workaround, you can add an extra dummy link to your URDF.
[robot_state_publisher-2] [INFO] [1790331452.606562292] [robot_state_publisher]: got segment arm_left_elbow_pitch
[robot_state_publisher-2] [INFO] [1790331452.606675569] [robot_state_publisher]: got segment arm_left_elbow_roll
[robot_state_publisher-2] [INFO] [1790331452.606692592] [robot_state_publisher]: got segment arm_left_hand_link
[robot_state_publisher-2] [INFO] [1790331452.606702544] [robot_state_publisher]: got segment arm_left_shoulder_pitch
[robot_state_publisher-2] [INFO] [1790331452.606710640] [robot_state_publisher]: got segment arm_left_shoulder_roll
[robot_state_publisher-2] [INFO] [1790331452.606718255] [robot_state_publisher]: got segment arm_left_shoulder_yaw
[robot_state_publisher-2] [INFO] [1790331452.606725615] [robot_state_publisher]: got segment arm_right_elbow_pitch
[twist_mux-6] [INFO] [1790331452.607300157] [twist_mux]: Topic handler 'topics.joystick' subscribed to topic 'joy_vel': timeout = 0.500000s , priority = 99.
[robot_state_publisher-2] [INFO] [1790331452.606732655] [robot_state_publisher]: got segment arm_right_elbow_roll
[robot_state_publisher-2] [INFO] [1790331452.608162561] [robot_state_publisher]: got segment arm_right_hand_link
[robot_state_publisher-2] [INFO] [1790331452.608179425] [robot_state_publisher]: got segment arm_right_shoulder_pitch
[robot_state_publisher-2] [INFO] [1790331452.608189537] [robot_state_publisher]: got segment arm_right_shoulder_roll
[robot_state_publisher-2] [INFO] [1790331452.608197952] [robot_state_publisher]: got segment arm_right_shoulder_yaw
[robot_state_publisher-2] [INFO] [1790331452.608206048] [robot_state_publisher]: got segment base
[robot_state_publisher-2] [INFO] [1790331452.608213472] [robot_state_publisher]: got segment imu
[robot_state_publisher-2] [INFO] [1790331452.608221408] [robot_state_publisher]: got segment imu_2
[robot_state_publisher-2] [INFO] [1790331452.608228575] [robot_state_publisher]: got segment leg_left_ankle_pitch
[robot_state_publisher-2] [INFO] [1790331452.608237823] [robot_state_publisher]: got segment leg_left_ankle_roll
[robot_state_publisher-2] [INFO] [1790331452.608245951] [robot_state_publisher]: got segment leg_left_hip_pitch
[robot_state_publisher-2] [INFO] [1790331452.608253151] [robot_state_publisher]: got segment leg_left_hip_roll
[robot_state_publisher-2] [INFO] [1790331452.608261534] [robot_state_publisher]: got segment leg_left_hip_yaw
[robot_state_publisher-2] [INFO] [1790331452.608268798] [robot_state_publisher]: got segment leg_left_knee_pitch
[robot_state_publisher-2] [INFO] [1790331452.608276510] [robot_state_publisher]: got segment leg_right_ankle_pitch
[robot_state_publisher-2] [INFO] [1790331452.608284286] [robot_state_publisher]: got segment leg_right_ankle_roll
[robot_state_publisher-2] [INFO] [1790331452.608291901] [robot_state_publisher]: got segment leg_right_hip_pitch
[robot_state_publisher-2] [INFO] [1790331452.608301085] [robot_state_publisher]: got segment leg_right_hip_roll
[robot_state_publisher-2] [INFO] [1790331452.608308989] [robot_state_publisher]: got segment leg_right_hip_yaw
[robot_state_publisher-2] [INFO] [1790331452.608316637] [robot_state_publisher]: got segment leg_right_knee_pitch
[twist_mux-6] [INFO] [1790331452.608511094] [twist_mux]: Topic handler 'topics.keyboard' subscribed to topic 'key_vel': timeout = 0.500000s , priority = 90.
[twist_mux-6] [INFO] [1790331452.608995687] [twist_mux]: Topic handler 'topics.navigation' subscribed to topic 'cmd_vel': timeout = 0.500000s , priority = 80.
[twist_mux-6] [INFO] [1790331452.609338620] [twist_mux]: Topic handler 'locks.safety_stop' subscribed to topic 'safety_stop': timeout = None , priority = 255.
[humanoid-policy-controller-1] [INFO] [1790331453.411850952] [humanoid_policy_controller]: HumanoidPolicyController: policy=policy_humanoid (/joint_states + /imu/out + /robot_lab_controller/cmd_vel_unstamped -> /bhl_standing_controller/commands) at 25.0 Hz over 22 joints (effort interface; effort servo 250.0 Hz, stance PD/ankle-strategy settle ramp, checkpoint PD/limits driving)
[mujoco_spawner-3] [WARN] [1790331454.447186012] [mujoco_spawner]: MuJoCo inertia repair: clamped non-physical mass/inertia entries.
[mujoco_spawner-3] [INFO] [1790331454.868056757] [mujoco_spawner]: MuJoCo: 11 collision proxy geom(s) moved to group 3 (viewer Rendering tab to show them).
[mujoco_spawner-3] [INFO] [1790331455.142038898] [mujoco_spawner]: MuJoCo URDF import OK (all meshes staged).
[mujoco_spawner-3] [INFO] [1790331455.172061912] [mujoco_spawner]: MuJoCo effort plant: joint losses mirrored from the robot's own MJCF (/home/molar1/bumperbot_ws/install/robot_lab_robots/share/robot_lab_robots/berkeley_humanoid_lite/mjcf/berkeley_humanoid_lite.xml).
[mujoco_spawner-3] [INFO] [1790331455.372757008] [mujoco_spawner]: Robot has no 'oakd_rgb_camera_frame' link; no RGB-D camera is published.
[mujoco_spawner-3] [INFO] [1790331455.374247649] [mujoco_spawner]: Joints: ['arm_left_shoulder_pitch_joint', 'arm_left_shoulder_roll_joint', 'arm_left_shoulder_yaw_joint', 'arm_left_elbow_pitch_joint', 'arm_left_elbow_roll_joint', 'arm_right_shoulder_pitch_joint', 'arm_right_shoulder_roll_joint', 'arm_right_shoulder_yaw_joint', 'arm_right_elbow_pitch_joint', 'arm_right_elbow_roll_joint', 'leg_left_hip_roll_joint', 'leg_left_hip_yaw_joint', 'leg_left_hip_pitch_joint', 'leg_left_knee_pitch_joint', 'leg_left_ankle_pitch_joint', 'leg_left_ankle_roll_joint', 'leg_right_hip_roll_joint', 'leg_right_hip_yaw_joint', 'leg_right_hip_pitch_joint', 'leg_right_knee_pitch_joint', 'leg_right_ankle_pitch_joint', 'leg_right_ankle_roll_joint']   lw= rw=
[mujoco_spawner-3] [INFO] [1790331455.376479162] [mujoco_spawner]: Joint effort input: /bhl_standing_controller/commands (22 joints, URDF limits)
[mujoco_spawner-3] [INFO] [1790331455.378653717] [mujoco_spawner]: MuJoCo model loaded: 24 bodies, 23 joints
[mujoco_spawner-3] [INFO] [1790331455.379540473] [mujoco_spawner]: MuJoCo gui param=False (resolved=False), DISPLAY=:1 -> mode=DIRECT
[mujoco_spawner-3] [INFO] [1790331455.380335455] [mujoco_spawner]: MuJoCo running headless (gui=False, viewer=True).
[mujoco_spawner-3] [INFO] [1790331455.384941837] [mujoco_spawner]: MuJoCo spawner running.
[INFO] [simulator_ready_gate-10]: process has finished cleanly [pid 1287709]
[INFO] [amcl-12]: process started with pid [1287965]
[INFO] [map_server-11]: process started with pid [1287963]
[INFO] [lifecycle_manager-13]: process started with pid [1287967]
[INFO] [ekf_node-14]: process started with pid [1287969]
[INFO] [imu_republisher.py-15]: process started with pid [1287971]
[INFO] [wheel_imu_fusion-16]: process started with pid [1287973]
[lifecycle_manager-13] [INFO] [1790331455.800252516] [lifecycle_manager_localization]: Creating
[amcl-12] [0m[INFO] [1790331455.804456286] [amcl]: 
[amcl-12] 	amcl lifecycle node launched. 
[amcl-12] 	Waiting on external lifecycle transitions to activate
[amcl-12] 	See https://design.ros2.org/articles/node_lifecycle.html for more information.[0m
[amcl-12] [0m[INFO] [1790331455.805763893] [amcl]: Creating[0m
[lifecycle_manager-13] [INFO] [1790331455.810095787] [lifecycle_manager_localization]: [34m[1mCreating and initializing lifecycle service clients[0m[0m
[map_server-11] [INFO] [1790331455.819893716] [map_server]: 
[map_server-11] 	map_server lifecycle node launched. 
[map_server-11] 	Waiting on external lifecycle transitions to activate
[map_server-11] 	See https://design.ros2.org/articles/node_lifecycle.html for more information.
[map_server-11] [INFO] [1790331455.820097965] [map_server]: Creating
[lifecycle_manager-13] [INFO] [1790331455.923321342] [lifecycle_manager_localization]: [34m[1mStarting managed nodes bringup...[0m[0m
[lifecycle_manager-13] [INFO] [1790331455.923459226] [lifecycle_manager_localization]: [34m[1mConfiguring map_server[0m[0m
[map_server-11] [INFO] [1790331455.923931275] [map_server]: Configuring
[map_server-11] [INFO] [1790331455.924078086] [map_io]: Loading yaml file: /home/molar1/bumperbot_ws/install/robot_lab_maps/share/robot_lab_maps/maps/nav_empty/maps/map.yaml
[map_server-11] [INFO] [1790331455.924867373] [map_io]: resolution: 0.05
[map_server-11] [INFO] [1790331455.924902508] [map_io]: origin[0]: -7
[map_server-11] [INFO] [1790331455.924910860] [map_io]: origin[1]: -7
[map_server-11] [INFO] [1790331455.924916524] [map_io]: origin[2]: 0
[map_server-11] [INFO] [1790331455.924922667] [map_io]: free_thresh: 0.196
[map_server-11] [INFO] [1790331455.924928459] [map_io]: occupied_thresh: 0.65
[map_server-11] [INFO] [1790331455.924936331] [map_io]: mode: trinary
[map_server-11] [INFO] [1790331455.924944587] [map_io]: negate: 0
[map_server-11] [INFO] [1790331455.925342910] [map_io]: Loading image_file: /home/molar1/bumperbot_ws/install/robot_lab_maps/share/robot_lab_maps/maps/nav_empty/maps/map.pgm
[map_server-11] [INFO] [1790331455.938685846] [map_io]: Read map /home/molar1/bumperbot_ws/install/robot_lab_maps/share/robot_lab_maps/maps/nav_empty/maps/map.pgm: 280 X 280 map @ 0.05 m/cell
[lifecycle_manager-13] [INFO] [1790331455.947253094] [lifecycle_manager_localization]: [34m[1mConfiguring amcl[0m[0m
[amcl-12] [0m[INFO] [1790331455.947605083] [amcl]: Configuring[0m
[amcl-12] [0m[INFO] [1790331455.947781557] [amcl]: initTransforms[0m
[amcl-12] [0m[INFO] [1790331455.957131596] [amcl]: initPubSub[0m
[amcl-12] [0m[INFO] [1790331455.965033713] [amcl]: Subscribed to map topic.[0m
[lifecycle_manager-13] [INFO] [1790331455.972179150] [lifecycle_manager_localization]: [34m[1mActivating map_server[0m[0m
[map_server-11] [INFO] [1790331455.972481349] [map_server]: Activating
[map_server-11] [INFO] [1790331455.972774299] [map_server]: Creating bond (map_server) to lifecycle manager.
[amcl-12] [0m[INFO] [1790331455.972978357] [amcl]: Received a 280 X 280 map @ 0.050 m/pix[0m
[lifecycle_manager-13] [INFO] [1790331456.077617371] [lifecycle_manager_localization]: Server map_server connected with bond.
[lifecycle_manager-13] [INFO] [1790331456.077709592] [lifecycle_manager_localization]: [34m[1mActivating amcl[0m[0m
[amcl-12] [0m[INFO] [1790331456.078000559] [amcl]: Activating[0m
[amcl-12] [0m[INFO] [1790331456.078110635] [amcl]: initialPoseReceived[0m
[amcl-12] [0m[INFO] [1790331456.078334308] [amcl]: Setting pose (0.404000): -0.500 -0.500 0.000[0m
[amcl-12] [0m[INFO] [1790331456.078898354] [amcl]: Creating bond (amcl) to lifecycle manager.[0m
[amcl-12] [0m[INFO] [1790331456.167030181] [amcl]: createLaserObject[0m
[lifecycle_manager-13] [INFO] [1790331456.181343775] [lifecycle_manager_localization]: Server amcl connected with bond.
[lifecycle_manager-13] [INFO] [1790331456.181431036] [lifecycle_manager_localization]: [34m[1mManaged nodes are active[0m[0m
[lifecycle_manager-13] [INFO] [1790331456.181466971] [lifecycle_manager_localization]: [34m[1mCreating bond timer...[0m[0m
[wheel_imu_fusion-16] [INFO] [1790331456.412877867] [sensor_fusion_wheel_imu_fusion]: wheel_imu_fusion ready
[humanoid-policy-controller-1] [INFO] [1790331457.379649596] [humanoid_policy_controller]: first cmd_vel: ramping from the measured pose to the policy default pose over 2.0 s
[humanoid-policy-controller-1] [INFO] [1790331460.509224461] [humanoid_policy_controller]: settle ramp complete: policy driving
[humanoid-policy-controller-1] [0;93m2026-09-25 12:17:40.666756057 [W:onnxruntime:Default, device_discovery.cc:164 DiscoverDevicesForPlatform] GPU device discovery failed: device_discovery.cc:89 ReadFileContents Failed to open file: "/sys/class/drm/card1/device/vendor"[m
[amcl-12] [0m[INFO] [1790331486.993361366] [rclcpp]: signal_handler(SIGINT/SIGTERM)[0m
[amcl-12] [0m[INFO] [1790331486.993516754] [amcl]: Running Nav2 LifecycleNode rcl preshutdown (amcl)[0m
[amcl-12] [0m[INFO] [1790331486.993636366] [amcl]: Deactivating[0m
[amcl-12] [0m[INFO] [1790331486.993670093] [amcl]: Destroying bond (amcl) to lifecycle manager.[0m
[ekf_node-14] [INFO] [1790331486.993355095] [rclcpp]: signal_handler(SIGINT/SIGTERM)
[twist_mux-6] [INFO] [1790331486.993354551] [rclcpp]: signal_handler(SIGINT/SIGTERM)
[joy_node-5] [INFO] [1790331486.993339959] [rclcpp]: signal_handler(SIGINT/SIGTERM)
[map_server-11] [INFO] [1790331486.993381590] [rclcpp]: signal_handler(SIGINT/SIGTERM)
[map_server-11] [INFO] [1790331486.993550577] [map_server]: Running Nav2 LifecycleNode rcl preshutdown (map_server)
[map_server-11] [INFO] [1790331486.993639470] [map_server]: Deactivating
[map_server-11] [INFO] [1790331486.993668397] [map_server]: Destroying bond (map_server) to lifecycle manager.
[twist_relay-9] [INFO] [1790331486.993365910] [rclcpp]: signal_handler(SIGINT/SIGTERM)
[twist_marker-7] [INFO] [1790331486.993430932] [rclcpp]: signal_handler(SIGINT/SIGTERM)
[lifecycle_manager-13] [INFO] [1790331486.993451156] [rclcpp]: signal_handler(SIGINT/SIGTERM)
[lifecycle_manager-13] [INFO] [1790331486.993578608] [lifecycle_manager_localization]: Running Nav2 LifecycleManager rcl preshutdown (lifecycle_manager_localization)
[lifecycle_manager-13] [INFO] [1790331486.993640014] [lifecycle_manager_localization]: [34m[1mTerminating bond timer...[0m[0m
[robot_state_publisher-2] [INFO] [1790331486.993475795] [rclcpp]: signal_handler(SIGINT/SIGTERM)
[map_server-11] [INFO] [1790331487.004005134] [map_server]: Cleaning up
[map_server-11] [INFO] [1790331487.004131178] [map_server]: Destroying bond (map_server) to lifecycle manager.
[amcl-12] [0m[INFO] [1790331487.004038093] [amcl]: Cleaning up[0m
[amcl-12] [0m[INFO] [1790331487.012379916] [amcl]: Destroying bond (amcl) to lifecycle manager.[0m
[amcl-12] [0m[INFO] [1790331487.098008638] [amcl]: Destroying[0m
[joy_teleop-4] Traceback (most recent call last):
[joy_teleop-4]   File "/opt/ros/humble/lib/joy_teleop/joy_teleop", line 33, in <module>
[joy_teleop-4]     sys.exit(load_entry_point('joy-teleop==1.6.0', 'console_scripts', 'joy_teleop')())
[joy_teleop-4]   File "/opt/ros/humble/lib/python3.10/site-packages/joy_teleop/joy_teleop.py", line 435, in main
[joy_teleop-4]     rclpy.spin(node)
[joy_teleop-4]   File "/opt/ros/humble/local/lib/python3.10/dist-packages/rclpy/__init__.py", line 229, in spin
[joy_teleop-4]     executor.spin_once()
[joy_teleop-4]   File "/opt/ros/humble/local/lib/python3.10/dist-packages/rclpy/executors.py", line 812, in spin_once
[joy_teleop-4]     self._spin_once_impl(timeout_sec)
[joy_teleop-4]   File "/opt/ros/humble/local/lib/python3.10/dist-packages/rclpy/executors.py", line 801, in _spin_once_impl
[joy_teleop-4]     handler, entity, node = self.wait_for_ready_callbacks(timeout_sec=timeout_sec)
[joy_teleop-4]   File "/opt/ros/humble/local/lib/python3.10/dist-packages/rclpy/executors.py", line 784, in wait_for_ready_callbacks
[joy_teleop-4]     return next(self._cb_iter)
[joy_teleop-4]   File "/opt/ros/humble/local/lib/python3.10/dist-packages/rclpy/executors.py", line 685, in _wait_for_ready_callbacks
[joy_teleop-4]     raise ExternalShutdownException()
[joy_teleop-4] rclpy.executors.ExternalShutdownException
[joystick_relay.py-8] Traceback (most recent call last):
[joystick_relay.py-8]   File "/opt/ros/humble/lib/twist_mux/joystick_relay.py", line 302, in <module>
[joystick_relay.py-8]     main()
[joystick_relay.py-8]   File "/opt/ros/humble/lib/twist_mux/joystick_relay.py", line 293, in main
[joystick_relay.py-8]     rclpy.spin(node)
[joystick_relay.py-8]   File "/opt/ros/humble/local/lib/python3.10/dist-packages/rclpy/__init__.py", line 229, in spin
[joystick_relay.py-8]     executor.spin_once()
[joystick_relay.py-8]   File "/opt/ros/humble/local/lib/python3.10/dist-packages/rclpy/executors.py", line 812, in spin_once
[joystick_relay.py-8]     self._spin_once_impl(timeout_sec)
[joystick_relay.py-8]   File "/opt/ros/humble/local/lib/python3.10/dist-packages/rclpy/executors.py", line 801, in _spin_once_impl
[joystick_relay.py-8]     handler, entity, node = self.wait_for_ready_callbacks(timeout_sec=timeout_sec)
[joystick_relay.py-8]   File "/opt/ros/humble/local/lib/python3.10/dist-packages/rclpy/executors.py", line 784, in wait_for_ready_callbacks
[joystick_relay.py-8]     return next(self._cb_iter)
[joystick_relay.py-8]   File "/opt/ros/humble/local/lib/python3.10/dist-packages/rclpy/executors.py", line 657, in _wait_for_ready_callbacks
[joystick_relay.py-8]     wait_set = _rclpy.WaitSet(
[joystick_relay.py-8] rclpy._rclpy_pybind11.RCLError: failed to initialize wait set: the given context is not valid, either rcl_init() was not called or rcl_shutdown() was called., at ./src/rcl/wait.c:130
[map_server-11] [INFO] [1790331487.176940414] [map_server]: Destroying
[lifecycle_manager-13] [INFO] [1790331487.180025183] [lifecycle_manager_localization]: Destroying lifecycle_manager_localization
[INFO] [twist_mux-6]: process has finished cleanly [pid 1287701]
[INFO] [twist_relay-9]: process has finished cleanly [pid 1287707]
[INFO] [ekf_node-14]: process has finished cleanly [pid 1287969]
[INFO] [joy_node-5]: process has finished cleanly [pid 1287699]
[INFO] [robot_state_publisher-2]: process has finished cleanly [pid 1287693]
[INFO] [twist_marker-7]: process has finished cleanly [pid 1287703]
[mujoco_spawner-3] Traceback (most recent call last):
[mujoco_spawner-3]   File "/home/molar1/bumperbot_ws/install/robot_lab_mujoco/lib/robot_lab_mujoco/mujoco_spawner", line 33, in <module>
[mujoco_spawner-3]     sys.exit(load_entry_point('robot_lab_mujoco==0.1.0', 'console_scripts', 'mujoco_spawner')())
[mujoco_spawner-3]   File "/home/molar1/bumperbot_ws/install/robot_lab_mujoco/lib/python3.10/site-packages/robot_lab_mujoco/mujoco_spawner.py", line 1981, in main
[mujoco_spawner-3]     rclpy.spin(node)
[mujoco_spawner-3]   File "/opt/ros/humble/local/lib/python3.10/dist-packages/rclpy/__init__.py", line 229, in spin
[mujoco_spawner-3]     executor.spin_once()
[mujoco_spawner-3]   File "/opt/ros/humble/local/lib/python3.10/dist-packages/rclpy/executors.py", line 812, in spin_once
[mujoco_spawner-3]     self._spin_once_impl(timeout_sec)
[mujoco_spawner-3]   File "/opt/ros/humble/local/lib/python3.10/dist-packages/rclpy/executors.py", line 801, in _spin_once_impl
[mujoco_spawner-3]     handler, entity, node = self.wait_for_ready_callbacks(timeout_sec=timeout_sec)
[mujoco_spawner-3]   File "/opt/ros/humble/local/lib/python3.10/dist-packages/rclpy/executors.py", line 784, in wait_for_ready_callbacks
[mujoco_spawner-3]     return next(self._cb_iter)
[mujoco_spawner-3]   File "/opt/ros/humble/local/lib/python3.10/dist-packages/rclpy/executors.py", line 657, in _wait_for_ready_callbacks
[mujoco_spawner-3]     wait_set = _rclpy.WaitSet(
[mujoco_spawner-3] rclpy._rclpy_pybind11.RCLError: failed to initialize wait set: the given context is not valid, either rcl_init() was not called or rcl_shutdown() was called., at ./src/rcl/wait.c:130
[imu_republisher.py-15] Traceback (most recent call last):
[imu_republisher.py-15]   File "/home/molar1/bumperbot_ws/install/robot_lab_localization/lib/robot_lab_localization/imu_republisher.py", line 54, in <module>
[imu_republisher.py-15]     main()
[imu_republisher.py-15]   File "/home/molar1/bumperbot_ws/install/robot_lab_localization/lib/robot_lab_localization/imu_republisher.py", line 45, in main
[imu_republisher.py-15]     rclpy.spin(node)
[imu_republisher.py-15]   File "/opt/ros/humble/local/lib/python3.10/dist-packages/rclpy/__init__.py", line 229, in spin
[imu_republisher.py-15]     executor.spin_once()
[imu_republisher.py-15]   File "/opt/ros/humble/local/lib/python3.10/dist-packages/rclpy/executors.py", line 812, in spin_once
[imu_republisher.py-15]     self._spin_once_impl(timeout_sec)
[imu_republisher.py-15]   File "/opt/ros/humble/local/lib/python3.10/dist-packages/rclpy/executors.py", line 801, in _spin_once_impl
[imu_republisher.py-15]     handler, entity, node = self.wait_for_ready_callbacks(timeout_sec=timeout_sec)
[imu_republisher.py-15]   File "/opt/ros/humble/local/lib/python3.10/dist-packages/rclpy/executors.py", line 784, in wait_for_ready_callbacks
[imu_republisher.py-15]     return next(self._cb_iter)
[imu_republisher.py-15]   File "/opt/ros/humble/local/lib/python3.10/dist-packages/rclpy/executors.py", line 685, in _wait_for_ready_callbacks
[imu_republisher.py-15]     raise ExternalShutdownException()
[imu_republisher.py-15] rclpy.executors.ExternalShutdownException
[humanoid-policy-controller-1] Traceback (most recent call last):
[humanoid-policy-controller-1]   File "/home/molar1/bumperbot_ws/install/robot_lab_adapter/lib/robot_lab_adapter/humanoid-policy-controller", line 33, in <module>
[humanoid-policy-controller-1]     sys.exit(load_entry_point('robot_lab_adapter==0.1.0', 'console_scripts', 'humanoid-policy-controller')())
[humanoid-policy-controller-1]   File "/home/molar1/bumperbot_ws/install/robot_lab_adapter/lib/python3.10/site-packages/robot_lab_adapter/humanoid_policy_controller.py", line 306, in main
[humanoid-policy-controller-1]     rclpy.spin(node)
[humanoid-policy-controller-1]   File "/opt/ros/humble/local/lib/python3.10/dist-packages/rclpy/__init__.py", line 229, in spin
[humanoid-policy-controller-1]     executor.spin_once()
[humanoid-policy-controller-1]   File "/opt/ros/humble/local/lib/python3.10/dist-packages/rclpy/executors.py", line 812, in spin_once
[humanoid-policy-controller-1]     self._spin_once_impl(timeout_sec)
[humanoid-policy-controller-1]   File "/opt/ros/humble/local/lib/python3.10/dist-packages/rclpy/executors.py", line 801, in _spin_once_impl
[INFO] [wheel_imu_fusion-16]: process has finished cleanly [pid 1287973]
[humanoid-policy-controller-1]     handler, entity, node = self.wait_for_ready_callbacks(timeout_sec=timeout_sec)
[humanoid-policy-controller-1]   File "/opt/ros/humble/local/lib/python3.10/dist-packages/rclpy/executors.py", line 784, in wait_for_ready_callbacks
[humanoid-policy-controller-1]     return next(self._cb_iter)
[humanoid-policy-controller-1]   File "/opt/ros/humble/local/lib/python3.10/dist-packages/rclpy/executors.py", line 657, in _wait_for_ready_callbacks
[humanoid-policy-controller-1]     wait_set = _rclpy.WaitSet(
[humanoid-policy-controller-1] rclpy._rclpy_pybind11.RCLError: failed to initialize wait set: the given context is not valid, either rcl_init() was not called or rcl_shutdown() was called., at ./src/rcl/wait.c:130
[INFO] [map_server-11]: process has finished cleanly [pid 1287963]
[INFO] [amcl-12]: process has finished cleanly [pid 1287965]
[ERROR] [imu_republisher.py-15]: process has died [pid 1287971, exit code 1, cmd '/home/molar1/bumperbot_ws/install/robot_lab_localization/lib/robot_lab_localization/imu_republisher.py --ros-args --params-file /workspace/molar/.tmp/launch_params_vxfg_v32'].
[INFO] [lifecycle_manager-13]: process has finished cleanly [pid 1287967]
[ERROR] [joy_teleop-4]: process has died [pid 1287697, exit code 1, cmd '/opt/ros/humble/lib/joy_teleop/joy_teleop --ros-args --params-file /home/molar1/bumperbot_ws/install/robot_lab_controller/share/robot_lab_controller/config/joy_teleop.yaml --params-file /workspace/molar/.tmp/launch_params_ggtrtenf'].
[ERROR] [humanoid-policy-controller-1]: process has died [pid 1287691, exit code 1, cmd '/home/molar1/bumperbot_ws/install/robot_lab_adapter/lib/robot_lab_adapter/humanoid-policy-controller --ros-args --params-file /workspace/molar/.tmp/launch_params_588ceyaf'].
[ERROR] [joystick_relay.py-8]: process has died [pid 1287705, exit code 1, cmd '/opt/ros/humble/lib/twist_mux/joystick_relay.py --ros-args --params-file /workspace/molar/.tmp/launch_params_szrlsbfl --params-file /home/molar1/bumperbot_ws/install/robot_lab_controller/share/robot_lab_controller/config/twist_mux_joy.yaml -r joy_vel_out:=joy_vel -r joy_vel_in:=input_joy/cmd_vel'].
[ERROR] [mujoco_spawner-3]: process has died [pid 1287695, exit code 1, cmd '/home/molar1/bumperbot_ws/install/robot_lab_mujoco/lib/robot_lab_mujoco/mujoco_spawner --ros-args -r __node:=mujoco_spawner --params-file /workspace/molar/.tmp/launch_params_6j9hnoxz'].
