[INFO] [launch]: All log files can be found below /home/molar1/.ros/log/2026-09-25-12-15-53-220320-molar1-1286034
[INFO] [launch]: Default logging verbosity is set to INFO
[robot_lab] algorithm localization=amcl -> global_localization stack
[robot_lab] algorithm state_estimation=ekf_localization_node -> local_localization stack
[robot_lab] algorithm sensor_fusion=wheel_imu_fusion -> node robot_lab_algorithms/wheel_imu_fusion
[INFO] [humanoid-policy-controller-1]: process started with pid [1286050]
[INFO] [robot_state_publisher-2]: process started with pid [1286052]
[INFO] [mujoco_spawner-3]: process started with pid [1286054]
[INFO] [joy_teleop-4]: process started with pid [1286056]
[INFO] [joy_node-5]: process started with pid [1286058]
[INFO] [twist_mux-6]: process started with pid [1286060]
[INFO] [twist_marker-7]: process started with pid [1286062]
[INFO] [joystick_relay.py-8]: process started with pid [1286064]
[INFO] [twist_relay-9]: process started with pid [1286066]
[INFO] [simulator_ready_gate-10]: process started with pid [1286068]
[twist_mux-6] [INFO] [1790331354.061995780] [twist_mux]: Topic handler 'topics.joystick' subscribed to topic 'joy_vel': timeout = 0.500000s , priority = 99.
[twist_mux-6] [INFO] [1790331354.062876517] [twist_mux]: Topic handler 'topics.keyboard' subscribed to topic 'key_vel': timeout = 0.500000s , priority = 90.
[twist_mux-6] [INFO] [1790331354.063051199] [twist_mux]: Topic handler 'topics.navigation' subscribed to topic 'cmd_vel': timeout = 0.500000s , priority = 80.
[twist_mux-6] [INFO] [1790331354.063186554] [twist_mux]: Topic handler 'locks.safety_stop' subscribed to topic 'safety_stop': timeout = None , priority = 255.
[robot_state_publisher-2] [WARN] [1790331354.066911735] [kdl_parser]: The root link base has an inertia specified in the URDF, but KDL does not support a root link with an inertia.  As a workaround, you can add an extra dummy link to your URDF.
[robot_state_publisher-2] [INFO] [1790331354.067137967] [robot_state_publisher]: got segment arm_left_elbow_pitch
[robot_state_publisher-2] [INFO] [1790331354.067219628] [robot_state_publisher]: got segment arm_left_elbow_roll
[robot_state_publisher-2] [INFO] [1790331354.067235467] [robot_state_publisher]: got segment arm_left_hand_link
[robot_state_publisher-2] [INFO] [1790331354.067243883] [robot_state_publisher]: got segment arm_left_shoulder_pitch
[robot_state_publisher-2] [INFO] [1790331354.067252075] [robot_state_publisher]: got segment arm_left_shoulder_roll
[robot_state_publisher-2] [INFO] [1790331354.067259755] [robot_state_publisher]: got segment arm_left_shoulder_yaw
[robot_state_publisher-2] [INFO] [1790331354.067266954] [robot_state_publisher]: got segment arm_right_elbow_pitch
[robot_state_publisher-2] [INFO] [1790331354.067273834] [robot_state_publisher]: got segment arm_right_elbow_roll
[robot_state_publisher-2] [INFO] [1790331354.067281034] [robot_state_publisher]: got segment arm_right_hand_link
[robot_state_publisher-2] [INFO] [1790331354.067288042] [robot_state_publisher]: got segment arm_right_shoulder_pitch
[robot_state_publisher-2] [INFO] [1790331354.067295337] [robot_state_publisher]: got segment arm_right_shoulder_roll
[robot_state_publisher-2] [INFO] [1790331354.067302569] [robot_state_publisher]: got segment arm_right_shoulder_yaw
[robot_state_publisher-2] [INFO] [1790331354.067309577] [robot_state_publisher]: got segment base
[robot_state_publisher-2] [INFO] [1790331354.067316585] [robot_state_publisher]: got segment imu
[robot_state_publisher-2] [INFO] [1790331354.067323624] [robot_state_publisher]: got segment imu_2
[robot_state_publisher-2] [INFO] [1790331354.067330664] [robot_state_publisher]: got segment leg_left_ankle_pitch
[robot_state_publisher-2] [INFO] [1790331354.067337928] [robot_state_publisher]: got segment leg_left_ankle_roll
[robot_state_publisher-2] [INFO] [1790331354.067345000] [robot_state_publisher]: got segment leg_left_hip_pitch
[robot_state_publisher-2] [INFO] [1790331354.067352007] [robot_state_publisher]: got segment leg_left_hip_roll
[robot_state_publisher-2] [INFO] [1790331354.067359143] [robot_state_publisher]: got segment leg_left_hip_yaw
[robot_state_publisher-2] [INFO] [1790331354.067366151] [robot_state_publisher]: got segment leg_left_knee_pitch
[robot_state_publisher-2] [INFO] [1790331354.067373159] [robot_state_publisher]: got segment leg_right_ankle_pitch
[robot_state_publisher-2] [INFO] [1790331354.067380326] [robot_state_publisher]: got segment leg_right_ankle_roll
[robot_state_publisher-2] [INFO] [1790331354.067387526] [robot_state_publisher]: got segment leg_right_hip_pitch
[robot_state_publisher-2] [INFO] [1790331354.067394822] [robot_state_publisher]: got segment leg_right_hip_roll
[robot_state_publisher-2] [INFO] [1790331354.067401926] [robot_state_publisher]: got segment leg_right_hip_yaw
[robot_state_publisher-2] [INFO] [1790331354.067408965] [robot_state_publisher]: got segment leg_right_knee_pitch
[humanoid-policy-controller-1] [INFO] [1790331354.777083497] [humanoid_policy_controller]: HumanoidPolicyController: policy=policy_humanoid (/joint_states + /imu/out + /robot_lab_controller/cmd_vel_unstamped -> /bhl_standing_controller/commands) at 25.0 Hz over 22 joints (effort interface; effort servo 250.0 Hz, stance PD/ankle-strategy settle ramp, checkpoint PD/limits driving)
[INFO] [simulator_ready_gate-10]: process has finished cleanly [pid 1286068]
[INFO] [amcl-12]: process started with pid [1286227]
[INFO] [map_server-11]: process started with pid [1286225]
[INFO] [lifecycle_manager-13]: process started with pid [1286229]
[INFO] [ekf_node-14]: process started with pid [1286231]
[INFO] [imu_republisher.py-15]: process started with pid [1286233]
[INFO] [wheel_imu_fusion-16]: process started with pid [1286235]
[lifecycle_manager-13] [INFO] [1790331355.011450446] [lifecycle_manager_localization]: Creating
[lifecycle_manager-13] [INFO] [1790331355.014006996] [lifecycle_manager_localization]: [34m[1mCreating and initializing lifecycle service clients[0m[0m
[amcl-12] [0m[INFO] [1790331355.019770761] [amcl]: 
[amcl-12] 	amcl lifecycle node launched. 
[amcl-12] 	Waiting on external lifecycle transitions to activate
[amcl-12] 	See https://design.ros2.org/articles/node_lifecycle.html for more information.[0m
[amcl-12] [0m[INFO] [1790331355.021052124] [amcl]: Creating[0m
[map_server-11] [INFO] [1790331355.057707571] [map_server]: 
[map_server-11] 	map_server lifecycle node launched. 
[map_server-11] 	Waiting on external lifecycle transitions to activate
[map_server-11] 	See https://design.ros2.org/articles/node_lifecycle.html for more information.
[map_server-11] [INFO] [1790331355.057963210] [map_server]: Creating
[lifecycle_manager-13] [INFO] [1790331355.158297313] [lifecycle_manager_localization]: [34m[1mStarting managed nodes bringup...[0m[0m
[lifecycle_manager-13] [INFO] [1790331355.159495575] [lifecycle_manager_localization]: [34m[1mConfiguring map_server[0m[0m
[map_server-11] [INFO] [1790331355.159868809] [map_server]: Configuring
[map_server-11] [INFO] [1790331355.159979270] [map_io]: Loading yaml file: /home/molar1/bumperbot_ws/install/robot_lab_maps/share/robot_lab_maps/maps/nav_empty/maps/map.yaml
[map_server-11] [INFO] [1790331355.160382199] [map_io]: resolution: 0.05
[map_server-11] [INFO] [1790331355.160398679] [map_io]: origin[0]: -7
[map_server-11] [INFO] [1790331355.160404631] [map_io]: origin[1]: -7
[map_server-11] [INFO] [1790331355.160409142] [map_io]: origin[2]: 0
[map_server-11] [INFO] [1790331355.160413974] [map_io]: free_thresh: 0.196
[map_server-11] [INFO] [1790331355.160418998] [map_io]: occupied_thresh: 0.65
[map_server-11] [INFO] [1790331355.160425206] [map_io]: mode: trinary
[map_server-11] [INFO] [1790331355.160431638] [map_io]: negate: 0
[map_server-11] [INFO] [1790331355.160715884] [map_io]: Loading image_file: /home/molar1/bumperbot_ws/install/robot_lab_maps/share/robot_lab_maps/maps/nav_empty/maps/map.pgm
[map_server-11] [INFO] [1790331355.172172569] [map_io]: Read map /home/molar1/bumperbot_ws/install/robot_lab_maps/share/robot_lab_maps/maps/nav_empty/maps/map.pgm: 280 X 280 map @ 0.05 m/cell
[lifecycle_manager-13] [INFO] [1790331355.179542773] [lifecycle_manager_localization]: [34m[1mConfiguring amcl[0m[0m
[amcl-12] [0m[INFO] [1790331355.179894345] [amcl]: Configuring[0m
[amcl-12] [0m[INFO] [1790331355.180063107] [amcl]: initTransforms[0m
[amcl-12] [0m[INFO] [1790331355.191617069] [amcl]: initPubSub[0m
[amcl-12] [0m[INFO] [1790331355.198878509] [amcl]: Subscribed to map topic.[0m
[lifecycle_manager-13] [INFO] [1790331355.206026130] [lifecycle_manager_localization]: [34m[1mActivating map_server[0m[0m
[map_server-11] [INFO] [1790331355.206305192] [map_server]: Activating
[map_server-11] [INFO] [1790331355.206624701] [map_server]: Creating bond (map_server) to lifecycle manager.
[amcl-12] [0m[INFO] [1790331355.206866068] [amcl]: Received a 280 X 280 map @ 0.050 m/pix[0m
[lifecycle_manager-13] [INFO] [1790331355.312046657] [lifecycle_manager_localization]: Server map_server connected with bond.
[lifecycle_manager-13] [INFO] [1790331355.312137950] [lifecycle_manager_localization]: [34m[1mActivating amcl[0m[0m
[amcl-12] [0m[INFO] [1790331355.312488049] [amcl]: Activating[0m
[amcl-12] [0m[INFO] [1790331355.312585646] [amcl]: initialPoseReceived[0m
[amcl-12] [0m[INFO] [1790331355.312771143] [amcl]: Setting pose (0.000000): -0.500 -0.500 0.000[0m
[amcl-12] [0m[INFO] [1790331355.313351891] [amcl]: Creating bond (amcl) to lifecycle manager.[0m
[lifecycle_manager-13] [INFO] [1790331355.416532806] [lifecycle_manager_localization]: Server amcl connected with bond.
[lifecycle_manager-13] [INFO] [1790331355.416620227] [lifecycle_manager_localization]: [34m[1mManaged nodes are active[0m[0m
[lifecycle_manager-13] [INFO] [1790331355.416641954] [lifecycle_manager_localization]: [34m[1mCreating bond timer...[0m[0m
[wheel_imu_fusion-16] [INFO] [1790331355.643808556] [sensor_fusion_wheel_imu_fusion]: wheel_imu_fusion ready
[mujoco_spawner-3] [WARN] [1790331355.830316908] [mujoco_spawner]: MuJoCo inertia repair: clamped non-physical mass/inertia entries.
[mujoco_spawner-3] [INFO] [1790331356.277526661] [mujoco_spawner]: MuJoCo: 11 collision proxy geom(s) moved to group 3 (viewer Rendering tab to show them).
[mujoco_spawner-3] [INFO] [1790331356.494091468] [mujoco_spawner]: MuJoCo URDF import OK (all meshes staged).
[mujoco_spawner-3] [INFO] [1790331356.517328731] [mujoco_spawner]: MuJoCo effort plant: joint losses mirrored from the robot's own MJCF (/home/molar1/bumperbot_ws/install/robot_lab_robots/share/robot_lab_robots/berkeley_humanoid_lite/mjcf/berkeley_humanoid_lite.xml).
[mujoco_spawner-3] [INFO] [1790331356.680522709] [mujoco_spawner]: Robot has no 'oakd_rgb_camera_frame' link; no RGB-D camera is published.
[mujoco_spawner-3] [INFO] [1790331356.681752938] [mujoco_spawner]: Joints: ['arm_left_shoulder_pitch_joint', 'arm_left_shoulder_roll_joint', 'arm_left_shoulder_yaw_joint', 'arm_left_elbow_pitch_joint', 'arm_left_elbow_roll_joint', 'arm_right_shoulder_pitch_joint', 'arm_right_shoulder_roll_joint', 'arm_right_shoulder_yaw_joint', 'arm_right_elbow_pitch_joint', 'arm_right_elbow_roll_joint', 'leg_left_hip_roll_joint', 'leg_left_hip_yaw_joint', 'leg_left_hip_pitch_joint', 'leg_left_knee_pitch_joint', 'leg_left_ankle_pitch_joint', 'leg_left_ankle_roll_joint', 'leg_right_hip_roll_joint', 'leg_right_hip_yaw_joint', 'leg_right_hip_pitch_joint', 'leg_right_knee_pitch_joint', 'leg_right_ankle_pitch_joint', 'leg_right_ankle_roll_joint']   lw= rw=
[mujoco_spawner-3] [INFO] [1790331356.684502506] [mujoco_spawner]: Joint effort input: /bhl_standing_controller/commands (22 joints, URDF limits)
[mujoco_spawner-3] [INFO] [1790331356.686439685] [mujoco_spawner]: MuJoCo model loaded: 24 bodies, 23 joints
[mujoco_spawner-3] [INFO] [1790331356.687167724] [mujoco_spawner]: MuJoCo gui param=False (resolved=False), DISPLAY=:1 -> mode=DIRECT
[mujoco_spawner-3] [INFO] [1790331356.687847700] [mujoco_spawner]: MuJoCo running headless (gui=False, viewer=True).
[mujoco_spawner-3] [INFO] [1790331356.693761188] [mujoco_spawner]: MuJoCo spawner running.
[amcl-12] [0m[INFO] [1790331357.137981137] [amcl]: createLaserObject[0m
[humanoid-policy-controller-1] [INFO] [1790331358.362427263] [humanoid_policy_controller]: first cmd_vel: ramping from the measured pose to the policy default pose over 2.0 s
[humanoid-policy-controller-1] [INFO] [1790331361.453271186] [humanoid_policy_controller]: settle ramp complete: policy driving
[humanoid-policy-controller-1] [0;93m2026-09-25 12:16:01.648322641 [W:onnxruntime:Default, device_discovery.cc:164 DiscoverDevicesForPlatform] GPU device discovery failed: device_discovery.cc:89 ReadFileContents Failed to open file: "/sys/class/drm/card1/device/vendor"[m
[amcl-12] [0m[INFO] [1790331385.814040237] [rclcpp]: signal_handler(SIGINT/SIGTERM)[0m
[joy_node-5] [INFO] [1790331385.813940305] [rclcpp]: signal_handler(SIGINT/SIGTERM)
[map_server-11] [INFO] [1790331385.813973776] [rclcpp]: signal_handler(SIGINT/SIGTERM)
[map_server-11] [INFO] [1790331385.814227367] [map_server]: Running Nav2 LifecycleNode rcl preshutdown (map_server)
[map_server-11] [INFO] [1790331385.814379490] [map_server]: Deactivating
[map_server-11] [INFO] [1790331385.814434720] [map_server]: Destroying bond (map_server) to lifecycle manager.
[lifecycle_manager-13] [INFO] [1790331385.814032814] [rclcpp]: signal_handler(SIGINT/SIGTERM)
[lifecycle_manager-13] [INFO] [1790331385.814222087] [lifecycle_manager_localization]: Running Nav2 LifecycleManager rcl preshutdown (lifecycle_manager_localization)
[lifecycle_manager-13] [INFO] [1790331385.814317188] [lifecycle_manager_localization]: [34m[1mTerminating bond timer...[0m[0m
[twist_relay-9] [INFO] [1790331385.814029838] [rclcpp]: signal_handler(SIGINT/SIGTERM)
[ekf_node-14] [INFO] [1790331385.814163241] [rclcpp]: signal_handler(SIGINT/SIGTERM)
[twist_mux-6] [INFO] [1790331385.814314692] [rclcpp]: signal_handler(SIGINT/SIGTERM)
[twist_marker-7] [INFO] [1790331385.814596314] [rclcpp]: signal_handler(SIGINT/SIGTERM)
[amcl-12] [0m[INFO] [1790331385.815595000] [amcl]: Running Nav2 LifecycleNode rcl preshutdown (amcl)[0m
[amcl-12] [0m[INFO] [1790331385.816247490] [amcl]: Deactivating[0m
[amcl-12] [0m[INFO] [1790331385.817021384] [amcl]: Destroying bond (amcl) to lifecycle manager.[0m
[robot_state_publisher-2] [INFO] [1790331385.817198018] [rclcpp]: signal_handler(SIGINT/SIGTERM)
[map_server-11] [INFO] [1790331385.824961529] [map_server]: Cleaning up
[map_server-11] [INFO] [1790331385.825099316] [map_server]: Destroying bond (map_server) to lifecycle manager.
[amcl-12] [0m[INFO] [1790331385.828028177] [amcl]: Cleaning up[0m
[amcl-12] [0m[INFO] [1790331385.854675621] [amcl]: Destroying bond (amcl) to lifecycle manager.[0m
[map_server-11] [INFO] [1790331386.009106742] [map_server]: Destroying
[lifecycle_manager-13] [INFO] [1790331386.016459963] [lifecycle_manager_localization]: Destroying lifecycle_manager_localization
[amcl-12] [0m[INFO] [1790331386.016544152] [amcl]: Destroying[0m
[INFO] [twist_marker-7]: process has finished cleanly [pid 1286062]
[INFO] [robot_state_publisher-2]: process has finished cleanly [pid 1286052]
[INFO] [twist_mux-6]: process has finished cleanly [pid 1286060]
[INFO] [twist_relay-9]: process has finished cleanly [pid 1286066]
[INFO] [ekf_node-14]: process has finished cleanly [pid 1286231]
[INFO] [joy_node-5]: process has finished cleanly [pid 1286058]
[joy_teleop-4] Traceback (most recent call last):
[joy_teleop-4]   File "/opt/ros/humble/lib/joy_teleop/joy_teleop", line 33, in <module>
[joy_teleop-4]     sys.exit(load_entry_point('joy-teleop==1.6.0', 'console_scripts', 'joy_teleop')())
[joy_teleop-4]   File "/opt/ros/humble/lib/python3.10/site-packages/joy_teleop/joy_teleop.py", line 442, in main
[joy_teleop-4]     rclpy.shutdown()
[joy_teleop-4]   File "/opt/ros/humble/local/lib/python3.10/dist-packages/rclpy/__init__.py", line 130, in shutdown
[joy_teleop-4]     _shutdown(context=context)
[joy_teleop-4]   File "/opt/ros/humble/local/lib/python3.10/dist-packages/rclpy/utilities.py", line 58, in shutdown
[joy_teleop-4]     return context.shutdown()
[joy_teleop-4]   File "/opt/ros/humble/local/lib/python3.10/dist-packages/rclpy/context.py", line 102, in shutdown
[joy_teleop-4]     self.__context.shutdown()
[joy_teleop-4] rclpy._rclpy_pybind11.RCLError: failed to shutdown: rcl_shutdown already called on the given context, at ./src/rcl/init.c:241
[INFO] [amcl-12]: process has finished cleanly [pid 1286227]
[imu_republisher.py-15] Traceback (most recent call last):
[imu_republisher.py-15]   File "/home/molar1/bumperbot_ws/install/robot_lab_localization/lib/robot_lab_localization/imu_republisher.py", line 54, in <module>
[imu_republisher.py-15]     main()
[imu_republisher.py-15]   File "/home/molar1/bumperbot_ws/install/robot_lab_localization/lib/robot_lab_localization/imu_republisher.py", line 45, in main
[imu_republisher.py-15]     rclpy.spin(node)
[imu_republisher.py-15]   File "/opt/ros/humble/local/lib/python3.10/dist-packages/rclpy/__init__.py", line 229, in spin
[imu_republisher.py-15]     executor.spin_once()
[imu_republisher.py-15]   File "/opt/ros/humble/local/lib/python3.10/dist-packages/rclpy/executors.py", line 812, in spin_once
[imu_republisher.py-15]     self._spin_once_impl(timeout_sec)
[imu_republisher.py-15]   File "/opt/ros/humble/local/lib/python3.10/dist-packages/rclpy/executors.py", line 801, in _spin_once_impl
[imu_republisher.py-15]     handler, entity, node = self.wait_for_ready_callbacks(timeout_sec=timeout_sec)
[imu_republisher.py-15]   File "/opt/ros/humble/local/lib/python3.10/dist-packages/rclpy/executors.py", line 784, in wait_for_ready_callbacks
[imu_republisher.py-15]     return next(self._cb_iter)
[imu_republisher.py-15]   File "/opt/ros/humble/local/lib/python3.10/dist-packages/rclpy/executors.py", line 657, in _wait_for_ready_callbacks
[imu_republisher.py-15]     wait_set = _rclpy.WaitSet(
[imu_republisher.py-15] rclpy._rclpy_pybind11.RCLError: failed to initialize wait set: the given context is not valid, either rcl_init() was not called or rcl_shutdown() was called., at ./src/rcl/wait.c:130
[INFO] [wheel_imu_fusion-16]: process has finished cleanly [pid 1286235]
[INFO] [humanoid-policy-controller-1]: process has finished cleanly [pid 1286050]
[INFO] [joystick_relay.py-8]: process has finished cleanly [pid 1286064]
[INFO] [lifecycle_manager-13]: process has finished cleanly [pid 1286229]
[INFO] [map_server-11]: process has finished cleanly [pid 1286225]
[ERROR] [imu_republisher.py-15]: process has died [pid 1286233, exit code 1, cmd '/home/molar1/bumperbot_ws/install/robot_lab_localization/lib/robot_lab_localization/imu_republisher.py --ros-args --params-file /workspace/molar/.tmp/launch_params_fmhh9ixc'].
[ERROR] [joy_teleop-4]: process has died [pid 1286056, exit code 1, cmd '/opt/ros/humble/lib/joy_teleop/joy_teleop --ros-args --params-file /home/molar1/bumperbot_ws/install/robot_lab_controller/share/robot_lab_controller/config/joy_teleop.yaml --params-file /workspace/molar/.tmp/launch_params_jl2tyqh8'].
[INFO] [mujoco_spawner-3]: process has finished cleanly [pid 1286054]
