[INFO] [launch]: All log files can be found below /home/molar1/.ros/log/2026-09-25-12-07-45-506079-molar1-1279093
[INFO] [launch]: Default logging verbosity is set to INFO
[robot_lab] algorithm localization=amcl -> global_localization stack
[robot_lab] algorithm state_estimation=ekf_localization_node -> local_localization stack
[robot_lab] algorithm sensor_fusion=wheel_imu_fusion -> node robot_lab_algorithms/wheel_imu_fusion
[INFO] [humanoid-policy-controller-1]: process started with pid [1279119]
[INFO] [robot_state_publisher-2]: process started with pid [1279121]
[INFO] [mujoco_spawner-3]: process started with pid [1279123]
[INFO] [joy_teleop-4]: process started with pid [1279125]
[INFO] [joy_node-5]: process started with pid [1279127]
[INFO] [twist_mux-6]: process started with pid [1279129]
[INFO] [twist_marker-7]: process started with pid [1279131]
[INFO] [joystick_relay.py-8]: process started with pid [1279133]
[INFO] [twist_relay-9]: process started with pid [1279135]
[INFO] [simulator_ready_gate-10]: process started with pid [1279137]
[robot_state_publisher-2] [WARN] [1790330866.314663266] [kdl_parser]: The root link base has an inertia specified in the URDF, but KDL does not support a root link with an inertia.  As a workaround, you can add an extra dummy link to your URDF.
[robot_state_publisher-2] [INFO] [1790330866.314981375] [robot_state_publisher]: got segment arm_left_elbow_pitch
[robot_state_publisher-2] [INFO] [1790330866.315059326] [robot_state_publisher]: got segment arm_left_elbow_roll
[robot_state_publisher-2] [INFO] [1790330866.315074174] [robot_state_publisher]: got segment arm_left_hand_link
[robot_state_publisher-2] [INFO] [1790330866.315082974] [robot_state_publisher]: got segment arm_left_shoulder_pitch
[robot_state_publisher-2] [INFO] [1790330866.315090910] [robot_state_publisher]: got segment arm_left_shoulder_roll
[robot_state_publisher-2] [INFO] [1790330866.315098270] [robot_state_publisher]: got segment arm_left_shoulder_yaw
[robot_state_publisher-2] [INFO] [1790330866.315105694] [robot_state_publisher]: got segment arm_right_elbow_pitch
[robot_state_publisher-2] [INFO] [1790330866.315112926] [robot_state_publisher]: got segment arm_right_elbow_roll
[robot_state_publisher-2] [INFO] [1790330866.315120222] [robot_state_publisher]: got segment arm_right_hand_link
[robot_state_publisher-2] [INFO] [1790330866.315127166] [robot_state_publisher]: got segment arm_right_shoulder_pitch
[robot_state_publisher-2] [INFO] [1790330866.315134526] [robot_state_publisher]: got segment arm_right_shoulder_roll
[robot_state_publisher-2] [INFO] [1790330866.315141886] [robot_state_publisher]: got segment arm_right_shoulder_yaw
[robot_state_publisher-2] [INFO] [1790330866.315166749] [robot_state_publisher]: got segment base
[robot_state_publisher-2] [INFO] [1790330866.315178941] [robot_state_publisher]: got segment imu
[robot_state_publisher-2] [INFO] [1790330866.315186461] [robot_state_publisher]: got segment imu_2
[robot_state_publisher-2] [INFO] [1790330866.315193789] [robot_state_publisher]: got segment leg_left_ankle_pitch
[robot_state_publisher-2] [INFO] [1790330866.315201149] [robot_state_publisher]: got segment leg_left_ankle_roll
[robot_state_publisher-2] [INFO] [1790330866.315208157] [robot_state_publisher]: got segment leg_left_hip_pitch
[robot_state_publisher-2] [INFO] [1790330866.315215357] [robot_state_publisher]: got segment leg_left_hip_roll
[robot_state_publisher-2] [INFO] [1790330866.315222301] [robot_state_publisher]: got segment leg_left_hip_yaw
[robot_state_publisher-2] [INFO] [1790330866.315229213] [robot_state_publisher]: got segment leg_left_knee_pitch
[robot_state_publisher-2] [INFO] [1790330866.315236157] [robot_state_publisher]: got segment leg_right_ankle_pitch
[robot_state_publisher-2] [INFO] [1790330866.315243389] [robot_state_publisher]: got segment leg_right_ankle_roll
[robot_state_publisher-2] [INFO] [1790330866.315250717] [robot_state_publisher]: got segment leg_right_hip_pitch
[robot_state_publisher-2] [INFO] [1790330866.315258908] [robot_state_publisher]: got segment leg_right_hip_roll
[robot_state_publisher-2] [INFO] [1790330866.315265916] [robot_state_publisher]: got segment leg_right_hip_yaw
[robot_state_publisher-2] [INFO] [1790330866.315272988] [robot_state_publisher]: got segment leg_right_knee_pitch
[twist_mux-6] [INFO] [1790330866.326563788] [twist_mux]: Topic handler 'topics.joystick' subscribed to topic 'joy_vel': timeout = 0.500000s , priority = 99.
[twist_mux-6] [INFO] [1790330866.328333626] [twist_mux]: Topic handler 'topics.keyboard' subscribed to topic 'key_vel': timeout = 0.500000s , priority = 90.
[twist_mux-6] [INFO] [1790330866.328652983] [twist_mux]: Topic handler 'topics.navigation' subscribed to topic 'cmd_vel': timeout = 0.500000s , priority = 80.
[twist_mux-6] [INFO] [1790330866.329024788] [twist_mux]: Topic handler 'locks.safety_stop' subscribed to topic 'safety_stop': timeout = None , priority = 255.
[humanoid-policy-controller-1] [INFO] [1790330867.025225606] [humanoid_policy_controller]: HumanoidPolicyController: policy=policy_humanoid (/joint_states + /imu/out + /robot_lab_controller/cmd_vel_unstamped -> /bhl_standing_controller/commands) at 25.0 Hz over 22 joints (effort interface; effort servo 250.0 Hz, stance PD/ankle-strategy settle ramp, checkpoint PD/limits driving)
[mujoco_spawner-3] [WARN] [1790330867.962196828] [mujoco_spawner]: MuJoCo inertia repair: clamped non-physical mass/inertia entries.
[mujoco_spawner-3] [INFO] [1790330868.369871875] [mujoco_spawner]: MuJoCo: 11 collision proxy geom(s) moved to group 3 (viewer Rendering tab to show them).
[mujoco_spawner-3] [INFO] [1790330868.591839042] [mujoco_spawner]: MuJoCo URDF import OK (all meshes staged).
[mujoco_spawner-3] [INFO] [1790330868.623157131] [mujoco_spawner]: MuJoCo effort plant: joint losses mirrored from the robot's own MJCF (/home/molar1/bumperbot_ws/install/robot_lab_robots/share/robot_lab_robots/berkeley_humanoid_lite/mjcf/berkeley_humanoid_lite.xml).
[mujoco_spawner-3] [INFO] [1790330868.848844293] [mujoco_spawner]: Robot has no 'oakd_rgb_camera_frame' link; no RGB-D camera is published.
[mujoco_spawner-3] [INFO] [1790330868.850406869] [mujoco_spawner]: Joints: ['arm_left_shoulder_pitch_joint', 'arm_left_shoulder_roll_joint', 'arm_left_shoulder_yaw_joint', 'arm_left_elbow_pitch_joint', 'arm_left_elbow_roll_joint', 'arm_right_shoulder_pitch_joint', 'arm_right_shoulder_roll_joint', 'arm_right_shoulder_yaw_joint', 'arm_right_elbow_pitch_joint', 'arm_right_elbow_roll_joint', 'leg_left_hip_roll_joint', 'leg_left_hip_yaw_joint', 'leg_left_hip_pitch_joint', 'leg_left_knee_pitch_joint', 'leg_left_ankle_pitch_joint', 'leg_left_ankle_roll_joint', 'leg_right_hip_roll_joint', 'leg_right_hip_yaw_joint', 'leg_right_hip_pitch_joint', 'leg_right_knee_pitch_joint', 'leg_right_ankle_pitch_joint', 'leg_right_ankle_roll_joint']   lw= rw=
[mujoco_spawner-3] [INFO] [1790330868.853320568] [mujoco_spawner]: Joint effort input: /bhl_standing_controller/commands (22 joints, URDF limits)
[mujoco_spawner-3] [INFO] [1790330868.855461219] [mujoco_spawner]: MuJoCo model loaded: 24 bodies, 23 joints
[mujoco_spawner-3] [INFO] [1790330868.856285371] [mujoco_spawner]: MuJoCo gui param=False (resolved=False), DISPLAY=:1 -> mode=DIRECT
[mujoco_spawner-3] [INFO] [1790330868.857028307] [mujoco_spawner]: MuJoCo running headless (gui=False, viewer=True).
[mujoco_spawner-3] [INFO] [1790330868.860892237] [mujoco_spawner]: MuJoCo spawner running.
[INFO] [simulator_ready_gate-10]: process has finished cleanly [pid 1279137]
[INFO] [amcl-12]: process started with pid [1279368]
[INFO] [map_server-11]: process started with pid [1279366]
[INFO] [lifecycle_manager-13]: process started with pid [1279370]
[INFO] [ekf_node-14]: process started with pid [1279372]
[INFO] [imu_republisher.py-15]: process started with pid [1279374]
[INFO] [wheel_imu_fusion-16]: process started with pid [1279376]
[lifecycle_manager-13] [INFO] [1790330869.272836361] [lifecycle_manager_localization]: Creating
[lifecycle_manager-13] [INFO] [1790330869.276760194] [lifecycle_manager_localization]: [34m[1mCreating and initializing lifecycle service clients[0m[0m
[amcl-12] [0m[INFO] [1790330869.300706355] [amcl]: 
[amcl-12] 	amcl lifecycle node launched. 
[amcl-12] 	Waiting on external lifecycle transitions to activate
[amcl-12] 	See https://design.ros2.org/articles/node_lifecycle.html for more information.[0m
[map_server-11] [INFO] [1790330869.303625334] [map_server]: 
[map_server-11] 	map_server lifecycle node launched. 
[map_server-11] 	Waiting on external lifecycle transitions to activate
[map_server-11] 	See https://design.ros2.org/articles/node_lifecycle.html for more information.
[map_server-11] [INFO] [1790330869.303808628] [map_server]: Creating
[amcl-12] [0m[INFO] [1790330869.306633784] [amcl]: Creating[0m
[lifecycle_manager-13] [INFO] [1790330869.417259563] [lifecycle_manager_localization]: [34m[1mStarting managed nodes bringup...[0m[0m
[lifecycle_manager-13] [INFO] [1790330869.417372938] [lifecycle_manager_localization]: [34m[1mConfiguring map_server[0m[0m
[map_server-11] [INFO] [1790330869.417734854] [map_server]: Configuring
[map_server-11] [INFO] [1790330869.417852357] [map_io]: Loading yaml file: /home/molar1/bumperbot_ws/install/robot_lab_maps/share/robot_lab_maps/maps/nav_empty/maps/map.yaml
[map_server-11] [INFO] [1790330869.418285857] [map_io]: resolution: 0.05
[map_server-11] [INFO] [1790330869.418308769] [map_io]: origin[0]: -7
[map_server-11] [INFO] [1790330869.418314368] [map_io]: origin[1]: -7
[map_server-11] [INFO] [1790330869.418318784] [map_io]: origin[2]: 0
[map_server-11] [INFO] [1790330869.418323520] [map_io]: free_thresh: 0.196
[map_server-11] [INFO] [1790330869.418328096] [map_io]: occupied_thresh: 0.65
[map_server-11] [INFO] [1790330869.418333856] [map_io]: mode: trinary
[map_server-11] [INFO] [1790330869.418340736] [map_io]: negate: 0
[map_server-11] [INFO] [1790330869.418658429] [map_io]: Loading image_file: /home/molar1/bumperbot_ws/install/robot_lab_maps/share/robot_lab_maps/maps/nav_empty/maps/map.pgm
[map_server-11] [INFO] [1790330869.428959671] [map_io]: Read map /home/molar1/bumperbot_ws/install/robot_lab_maps/share/robot_lab_maps/maps/nav_empty/maps/map.pgm: 280 X 280 map @ 0.05 m/cell
[amcl-12] [0m[INFO] [1790330869.446834117] [amcl]: Configuring[0m
[amcl-12] [0m[INFO] [1790330869.446986147] [amcl]: initTransforms[0m
[lifecycle_manager-13] [INFO] [1790330869.446468840] [lifecycle_manager_localization]: [34m[1mConfiguring amcl[0m[0m
[amcl-12] [0m[INFO] [1790330869.462337322] [amcl]: initPubSub[0m
[amcl-12] [0m[INFO] [1790330869.469651265] [amcl]: Subscribed to map topic.[0m
[lifecycle_manager-13] [INFO] [1790330869.478494889] [lifecycle_manager_localization]: [34m[1mActivating map_server[0m[0m
[map_server-11] [INFO] [1790330869.478869926] [map_server]: Activating
[map_server-11] [INFO] [1790330869.479436512] [map_server]: Creating bond (map_server) to lifecycle manager.
[amcl-12] [0m[INFO] [1790330869.480795123] [amcl]: Received a 280 X 280 map @ 0.050 m/pix[0m
[lifecycle_manager-13] [INFO] [1790330869.587986056] [lifecycle_manager_localization]: Server map_server connected with bond.
[lifecycle_manager-13] [INFO] [1790330869.588066055] [lifecycle_manager_localization]: [34m[1mActivating amcl[0m[0m
[amcl-12] [0m[INFO] [1790330869.589122108] [amcl]: Activating[0m
[amcl-12] [0m[INFO] [1790330869.589219195] [amcl]: initialPoseReceived[0m
[amcl-12] [0m[INFO] [1790330869.589460569] [amcl]: Setting pose (0.404000): -0.500 -0.500 0.000[0m
[amcl-12] [0m[INFO] [1790330869.590038451] [amcl]: Creating bond (amcl) to lifecycle manager.[0m
[amcl-12] [0m[INFO] [1790330869.637386940] [amcl]: createLaserObject[0m
[lifecycle_manager-13] [INFO] [1790330869.692816084] [lifecycle_manager_localization]: Server amcl connected with bond.
[lifecycle_manager-13] [INFO] [1790330869.692913619] [lifecycle_manager_localization]: [34m[1mManaged nodes are active[0m[0m
[lifecycle_manager-13] [INFO] [1790330869.692938643] [lifecycle_manager_localization]: [34m[1mCreating bond timer...[0m[0m
[wheel_imu_fusion-16] [INFO] [1790330869.924110742] [sensor_fusion_wheel_imu_fusion]: wheel_imu_fusion ready
[humanoid-policy-controller-1] [INFO] [1790330870.611639609] [humanoid_policy_controller]: first cmd_vel: ramping from the measured pose to the policy default pose over 2.0 s
[humanoid-policy-controller-1] [INFO] [1790330873.734602935] [humanoid_policy_controller]: settle ramp complete: policy driving
[humanoid-policy-controller-1] [0;93m2026-09-25 12:07:53.858299654 [W:onnxruntime:Default, device_discovery.cc:164 DiscoverDevicesForPlatform] GPU device discovery failed: device_discovery.cc:89 ReadFileContents Failed to open file: "/sys/class/drm/card1/device/vendor"[m
[amcl-12] [0m[INFO] [1790330896.923304184] [rclcpp]: signal_handler(SIGINT/SIGTERM)[0m
[amcl-12] [0m[INFO] [1790330896.923570165] [amcl]: Running Nav2 LifecycleNode rcl preshutdown (amcl)[0m
[twist_mux-6] [INFO] [1790330896.923238968] [rclcpp]: signal_handler(SIGINT/SIGTERM)
[lifecycle_manager-13] [INFO] [1790330896.923288952] [rclcpp]: signal_handler(SIGINT/SIGTERM)
[lifecycle_manager-13] [INFO] [1790330896.923424214] [lifecycle_manager_localization]: Running Nav2 LifecycleManager rcl preshutdown (lifecycle_manager_localization)
[lifecycle_manager-13] [INFO] [1790330896.923484566] [lifecycle_manager_localization]: [34m[1mTerminating bond timer...[0m[0m
[twist_relay-9] [INFO] [1790330896.923250456] [rclcpp]: signal_handler(SIGINT/SIGTERM)
[map_server-11] [INFO] [1790330896.923282968] [rclcpp]: signal_handler(SIGINT/SIGTERM)
[map_server-11] [INFO] [1790330896.923569301] [map_server]: Running Nav2 LifecycleNode rcl preshutdown (map_server)
[map_server-11] [INFO] [1790330896.923750899] [map_server]: Deactivating
[map_server-11] [INFO] [1790330896.923800595] [map_server]: Destroying bond (map_server) to lifecycle manager.
[joy_node-5] [INFO] [1790330896.923301176] [rclcpp]: signal_handler(SIGINT/SIGTERM)
[twist_marker-7] [INFO] [1790330896.923758099] [rclcpp]: signal_handler(SIGINT/SIGTERM)
[ekf_node-14] [INFO] [1790330896.924585515] [rclcpp]: signal_handler(SIGINT/SIGTERM)
[robot_state_publisher-2] [INFO] [1790330896.925599489] [rclcpp]: signal_handler(SIGINT/SIGTERM)
[amcl-12] [0m[INFO] [1790330896.926007677] [amcl]: Deactivating[0m
[amcl-12] [0m[INFO] [1790330896.926074108] [amcl]: Destroying bond (amcl) to lifecycle manager.[0m
[amcl-12] [0m[INFO] [1790330896.936480276] [amcl]: Cleaning up[0m
[map_server-11] [INFO] [1790330896.934327561] [map_server]: Cleaning up
[map_server-11] [INFO] [1790330896.934439144] [map_server]: Destroying bond (map_server) to lifecycle manager.
[amcl-12] [0m[INFO] [1790330896.963470021] [amcl]: Destroying bond (amcl) to lifecycle manager.[0m
[joy_teleop-4] Traceback (most recent call last):
[joy_teleop-4]   File "/opt/ros/humble/lib/joy_teleop/joy_teleop", line 33, in <module>
[joy_teleop-4]     sys.exit(load_entry_point('joy-teleop==1.6.0', 'console_scripts', 'joy_teleop')())
[joy_teleop-4]   File "/opt/ros/humble/lib/python3.10/site-packages/joy_teleop/joy_teleop.py", line 435, in main
[joy_teleop-4]     rclpy.spin(node)
[joy_teleop-4]   File "/opt/ros/humble/local/lib/python3.10/dist-packages/rclpy/__init__.py", line 229, in spin
[joy_teleop-4]     executor.spin_once()
[joy_teleop-4]   File "/opt/ros/humble/local/lib/python3.10/dist-packages/rclpy/executors.py", line 812, in spin_once
[joy_teleop-4]     self._spin_once_impl(timeout_sec)
[joy_teleop-4]   File "/opt/ros/humble/local/lib/python3.10/dist-packages/rclpy/executors.py", line 801, in _spin_once_impl
[joy_teleop-4]     handler, entity, node = self.wait_for_ready_callbacks(timeout_sec=timeout_sec)
[joy_teleop-4]   File "/opt/ros/humble/local/lib/python3.10/dist-packages/rclpy/executors.py", line 784, in wait_for_ready_callbacks
[joy_teleop-4]     return next(self._cb_iter)
[joy_teleop-4]   File "/opt/ros/humble/local/lib/python3.10/dist-packages/rclpy/executors.py", line 685, in _wait_for_ready_callbacks
[joy_teleop-4]     raise ExternalShutdownException()
[joy_teleop-4] rclpy.executors.ExternalShutdownException
[map_server-11] [INFO] [1790330897.025251930] [map_server]: Destroying
[lifecycle_manager-13] [INFO] [1790330897.092080349] [lifecycle_manager_localization]: Destroying lifecycle_manager_localization
[amcl-12] [0m[INFO] [1790330897.093523470] [amcl]: Destroying[0m
[INFO] [joy_node-5]: process has finished cleanly [pid 1279127]
[INFO] [twist_mux-6]: process has finished cleanly [pid 1279129]
[INFO] [robot_state_publisher-2]: process has finished cleanly [pid 1279121]
[INFO] [twist_marker-7]: process has finished cleanly [pid 1279131]
[INFO] [twist_relay-9]: process has finished cleanly [pid 1279135]
[INFO] [ekf_node-14]: process has finished cleanly [pid 1279372]
[imu_republisher.py-15] Traceback (most recent call last):
[imu_republisher.py-15]   File "/home/molar1/bumperbot_ws/install/robot_lab_localization/lib/robot_lab_localization/imu_republisher.py", line 54, in <module>
[imu_republisher.py-15]     main()
[imu_republisher.py-15]   File "/home/molar1/bumperbot_ws/install/robot_lab_localization/lib/robot_lab_localization/imu_republisher.py", line 45, in main
[imu_republisher.py-15]     rclpy.spin(node)
[imu_republisher.py-15]   File "/opt/ros/humble/local/lib/python3.10/dist-packages/rclpy/__init__.py", line 229, in spin
[imu_republisher.py-15]     executor.spin_once()
[imu_republisher.py-15]   File "/opt/ros/humble/local/lib/python3.10/dist-packages/rclpy/executors.py", line 812, in spin_once
[imu_republisher.py-15]     self._spin_once_impl(timeout_sec)
[imu_republisher.py-15]   File "/opt/ros/humble/local/lib/python3.10/dist-packages/rclpy/executors.py", line 809, in _spin_once_impl
[imu_republisher.py-15]     raise handler.exception()
[imu_republisher.py-15]   File "/opt/ros/humble/local/lib/python3.10/dist-packages/rclpy/task.py", line 309, in _execute_coroutine_step
[imu_republisher.py-15]     result = coro.send(None)
[imu_republisher.py-15]   File "/opt/ros/humble/local/lib/python3.10/dist-packages/rclpy/executors.py", line 488, in handler
[imu_republisher.py-15]     await call_coroutine(entity, arg)
[imu_republisher.py-15]   File "/opt/ros/humble/local/lib/python3.10/dist-packages/rclpy/executors.py", line 407, in _execute_subscription
[imu_republisher.py-15]     await await_or_execute(sub.callback, msg)
[imu_republisher.py-15]   File "/opt/ros/humble/local/lib/python3.10/dist-packages/rclpy/executors.py", line 110, in await_or_execute
[imu_republisher.py-15]     return callback(*args)
[imu_republisher.py-15]   File "/home/molar1/bumperbot_ws/install/robot_lab_localization/lib/robot_lab_localization/imu_republisher.py", line 34, in imuCallback
[imu_republisher.py-15]     imu_pub.publish(imu)
[imu_republisher.py-15]   File "/opt/ros/humble/local/lib/python3.10/dist-packages/rclpy/publisher.py", line 70, in publish
[imu_republisher.py-15]     self.__publisher.publish(msg)
[imu_republisher.py-15] rclpy._rclpy_pybind11.RCLError: Failed to publish: publisher's context is invalid, at ./src/rcl/publisher.c:389
[INFO] [lifecycle_manager-13]: process has finished cleanly [pid 1279370]
[INFO] [wheel_imu_fusion-16]: process has finished cleanly [pid 1279376]
[INFO] [amcl-12]: process has finished cleanly [pid 1279368]
[INFO] [map_server-11]: process has finished cleanly [pid 1279366]
[INFO] [humanoid-policy-controller-1]: process has finished cleanly [pid 1279119]
[INFO] [joystick_relay.py-8]: process has finished cleanly [pid 1279133]
[ERROR] [joy_teleop-4]: process has died [pid 1279125, exit code 1, cmd '/opt/ros/humble/lib/joy_teleop/joy_teleop --ros-args --params-file /home/molar1/bumperbot_ws/install/robot_lab_controller/share/robot_lab_controller/config/joy_teleop.yaml --params-file /workspace/molar/.tmp/launch_params_pnjxirw4'].
[ERROR] [imu_republisher.py-15]: process has died [pid 1279374, exit code 1, cmd '/home/molar1/bumperbot_ws/install/robot_lab_localization/lib/robot_lab_localization/imu_republisher.py --ros-args --params-file /workspace/molar/.tmp/launch_params_eb_p1ewz'].
[INFO] [mujoco_spawner-3]: process has finished cleanly [pid 1279123]
