[INFO] [launch]: All log files can be found below /home/molar1/.ros/log/2026-09-28-13-37-04-186963-molar1-211290
[INFO] [launch]: Default logging verbosity is set to INFO
[robot_lab] algorithm localization=amcl -> global_localization stack
[robot_lab] algorithm state_estimation=ekf_localization_node -> local_localization stack
[robot_lab] algorithm sensor_fusion=wheel_imu_fusion -> node robot_lab_algorithms/wheel_imu_fusion
[INFO] [go2-stance-gait-controller-1]: process started with pid [211336]
[INFO] [robot_state_publisher-2]: process started with pid [211338]
[INFO] [mujoco_spawner-3]: process started with pid [211340]
[INFO] [joy_teleop-4]: process started with pid [211342]
[INFO] [joy_node-5]: process started with pid [211344]
[INFO] [twist_mux-6]: process started with pid [211346]
[INFO] [twist_marker-7]: process started with pid [211348]
[INFO] [joystick_relay.py-8]: process started with pid [211350]
[INFO] [twist_relay-9]: process started with pid [211367]
[INFO] [simulator_ready_gate-10]: process started with pid [211369]
[twist_mux-6] [INFO] [1790595425.117738934] [twist_mux]: Topic handler 'topics.joystick' subscribed to topic 'joy_vel': timeout = 0.500000s , priority = 99.
[twist_mux-6] [INFO] [1790595425.120336367] [twist_mux]: Topic handler 'topics.keyboard' subscribed to topic 'key_vel': timeout = 0.500000s , priority = 90.
[twist_mux-6] [INFO] [1790595425.121594396] [twist_mux]: Topic handler 'topics.navigation' subscribed to topic 'cmd_vel': timeout = 0.500000s , priority = 80.
[twist_mux-6] [INFO] [1790595425.122670380] [twist_mux]: Topic handler 'locks.safety_stop' subscribed to topic 'safety_stop': timeout = None , priority = 255.
[robot_state_publisher-2] [INFO] [1790595425.136825114] [robot_state_publisher]: got segment FL_calf
[robot_state_publisher-2] [INFO] [1790595425.137000919] [robot_state_publisher]: got segment FL_calf_rotor
[robot_state_publisher-2] [INFO] [1790595425.137021239] [robot_state_publisher]: got segment FL_foot
[robot_state_publisher-2] [INFO] [1790595425.137030871] [robot_state_publisher]: got segment FL_hip
[robot_state_publisher-2] [INFO] [1790595425.137038327] [robot_state_publisher]: got segment FL_hip_rotor
[robot_state_publisher-2] [INFO] [1790595425.137045782] [robot_state_publisher]: got segment FL_thigh
[robot_state_publisher-2] [INFO] [1790595425.137053942] [robot_state_publisher]: got segment FL_thigh_rotor
[robot_state_publisher-2] [INFO] [1790595425.137061398] [robot_state_publisher]: got segment FR_calf
[robot_state_publisher-2] [INFO] [1790595425.137068694] [robot_state_publisher]: got segment FR_calf_rotor
[robot_state_publisher-2] [INFO] [1790595425.137076086] [robot_state_publisher]: got segment FR_foot
[robot_state_publisher-2] [INFO] [1790595425.137083126] [robot_state_publisher]: got segment FR_hip
[robot_state_publisher-2] [INFO] [1790595425.137090710] [robot_state_publisher]: got segment FR_hip_rotor
[robot_state_publisher-2] [INFO] [1790595425.137097782] [robot_state_publisher]: got segment FR_thigh
[robot_state_publisher-2] [INFO] [1790595425.137104918] [robot_state_publisher]: got segment FR_thigh_rotor
[robot_state_publisher-2] [INFO] [1790595425.137111861] [robot_state_publisher]: got segment RL_calf
[robot_state_publisher-2] [INFO] [1790595425.137119157] [robot_state_publisher]: got segment RL_calf_rotor
[robot_state_publisher-2] [INFO] [1790595425.137126165] [robot_state_publisher]: got segment RL_foot
[robot_state_publisher-2] [INFO] [1790595425.137133205] [robot_state_publisher]: got segment RL_hip
[robot_state_publisher-2] [INFO] [1790595425.137140469] [robot_state_publisher]: got segment RL_hip_rotor
[robot_state_publisher-2] [INFO] [1790595425.137147381] [robot_state_publisher]: got segment RL_thigh
[robot_state_publisher-2] [INFO] [1790595425.137154325] [robot_state_publisher]: got segment RL_thigh_rotor
[robot_state_publisher-2] [INFO] [1790595425.137161653] [robot_state_publisher]: got segment RR_calf
[robot_state_publisher-2] [INFO] [1790595425.137168981] [robot_state_publisher]: got segment RR_calf_rotor
[robot_state_publisher-2] [INFO] [1790595425.137176084] [robot_state_publisher]: got segment RR_foot
[robot_state_publisher-2] [INFO] [1790595425.137183252] [robot_state_publisher]: got segment RR_hip
[robot_state_publisher-2] [INFO] [1790595425.137190324] [robot_state_publisher]: got segment RR_hip_rotor
[robot_state_publisher-2] [INFO] [1790595425.137197716] [robot_state_publisher]: got segment RR_thigh
[robot_state_publisher-2] [INFO] [1790595425.137204724] [robot_state_publisher]: got segment RR_thigh_rotor
[robot_state_publisher-2] [INFO] [1790595425.137211732] [robot_state_publisher]: got segment base
[robot_state_publisher-2] [INFO] [1790595425.137218900] [robot_state_publisher]: got segment front_camera
[robot_state_publisher-2] [INFO] [1790595425.137225716] [robot_state_publisher]: got segment imu_link
[robot_state_publisher-2] [INFO] [1790595425.137232788] [robot_state_publisher]: got segment trunk
[go2-stance-gait-controller-1] [0;93m2026-09-28 13:37:05.788715795 [W:onnxruntime:Default, device_discovery.cc:164 DiscoverDevicesForPlatform] GPU device discovery failed: device_discovery.cc:89 ReadFileContents Failed to open file: "/sys/class/drm/card1/device/vendor"[m
[go2-stance-gait-controller-1] [INFO] [1790595425.862129167] [go2_stance_gait_controller]: Go2 closed-loop stance: 12 effort joints at 250.0 Hz; controller ONNX velocity policy
[mujoco_spawner-3] [INFO] [1790595427.099942266] [mujoco_spawner]: MuJoCo: 18 collision proxy geom(s) moved to group 3 (viewer Rendering tab to show them).
[mujoco_spawner-3] [INFO] [1790595427.148852323] [mujoco_spawner]: MuJoCo URDF import OK (all meshes staged).
[mujoco_spawner-3] [WARN] [1790595427.159194953] [mujoco_spawner]: MuJoCo effort plant: no MJCF beside /home/molar1/bumperbot_ws/install/robot_lab_robots/share/robot_lab_robots/unitree/go2_description/xacro/go2_sim.xacro names every effort joint; keeping the URDF <dynamics> (damping=5.0 is a Gazebo stabiliser the robot does not have).
[mujoco_spawner-3] [INFO] [1790595427.209454941] [mujoco_spawner]: MuJoCo physics timestep: 0.0010 s
[mujoco_spawner-3] [INFO] [1790595427.211907480] [mujoco_spawner]: Robot has no 'oakd_rgb_camera_frame' link; no RGB-D camera is published.
[mujoco_spawner-3] [INFO] [1790595427.213130406] [mujoco_spawner]: Joints: ['FR_hip_joint', 'FR_thigh_joint', 'FR_calf_joint', 'FL_hip_joint', 'FL_thigh_joint', 'FL_calf_joint', 'RR_hip_joint', 'RR_thigh_joint', 'RR_calf_joint', 'RL_hip_joint', 'RL_thigh_joint', 'RL_calf_joint']   lw= rw=
[mujoco_spawner-3] [INFO] [1790595427.216159545] [mujoco_spawner]: MuJoCo effort joint armature: 0.0100 kg m^2
[mujoco_spawner-3] [INFO] [1790595427.217911807] [mujoco_spawner]: Joint effort input: /go2_group_effort_controller/commands (12 joints, URDF limits)
[mujoco_spawner-3] [INFO] [1790595427.220036319] [mujoco_spawner]: Spawn ground clearance: raised root by 0.2069 m
[mujoco_spawner-3] [INFO] [1790595427.221641671] [mujoco_spawner]: MuJoCo model loaded: 14 bodies, 13 joints
[mujoco_spawner-3] [INFO] [1790595427.222835414] [mujoco_spawner]: MuJoCo gui param=False (resolved=False), DISPLAY=:1 -> mode=DIRECT
[mujoco_spawner-3] [INFO] [1790595427.223487596] [mujoco_spawner]: MuJoCo running headless (gui=False, viewer=True).
[mujoco_spawner-3] [INFO] [1790595427.227718573] [mujoco_spawner]: MuJoCo spawner running.
[go2-stance-gait-controller-1] [WARN] [1790595427.230519011] [go2_stance_gait_controller]: Go2 safety safe_stop: tilt 1.20 rad exceeds fall threshold
[go2-stance-gait-controller-1] [INFO] [1790595427.231272984] [go2_stance_gait_controller]: Go2 recovery idle
[go2-stance-gait-controller-1] [INFO] [1790595427.388247097] [go2_stance_gait_controller]: Go2 recovery attempting:tuck
[INFO] [simulator_ready_gate-10]: process has finished cleanly [pid 211369]
[INFO] [amcl-12]: process started with pid [211609]
[INFO] [map_server-11]: process started with pid [211607]
[INFO] [lifecycle_manager-13]: process started with pid [211611]
[INFO] [ekf_node-14]: process started with pid [211613]
[INFO] [imu_republisher.py-15]: process started with pid [211615]
[INFO] [wheel_imu_fusion-16]: process started with pid [211619]
[lifecycle_manager-13] [INFO] [1790595427.625434320] [lifecycle_manager_localization]: Creating
[lifecycle_manager-13] [INFO] [1790595427.629781167] [lifecycle_manager_localization]: [34m[1mCreating and initializing lifecycle service clients[0m[0m
[map_server-11] [INFO] [1790595427.674649811] [map_server]: 
[map_server-11] 	map_server lifecycle node launched. 
[map_server-11] 	Waiting on external lifecycle transitions to activate
[map_server-11] 	See https://design.ros2.org/articles/node_lifecycle.html for more information.
[map_server-11] [INFO] [1790595427.676743892] [map_server]: Creating
[amcl-12] [0m[INFO] [1790595427.701728256] [amcl]: 
[amcl-12] 	amcl lifecycle node launched. 
[amcl-12] 	Waiting on external lifecycle transitions to activate
[amcl-12] 	See https://design.ros2.org/articles/node_lifecycle.html for more information.[0m
[amcl-12] [0m[INFO] [1790595427.703205834] [amcl]: Creating[0m
[go2-stance-gait-controller-1] [INFO] [1790595427.789381448] [go2_stance_gait_controller]: Go2 recovery attempting:roll
[lifecycle_manager-13] [INFO] [1790595427.814292118] [lifecycle_manager_localization]: [34m[1mStarting managed nodes bringup...[0m[0m
[lifecycle_manager-13] [INFO] [1790595427.814406708] [lifecycle_manager_localization]: [34m[1mConfiguring map_server[0m[0m
[map_server-11] [INFO] [1790595427.814995147] [map_server]: Configuring
[map_server-11] [INFO] [1790595427.815112201] [map_io]: Loading yaml file: /home/molar1/bumperbot_ws/install/robot_lab_maps/share/robot_lab_maps/maps/nav_empty/maps/map.yaml
[map_server-11] [INFO] [1790595427.815528739] [map_io]: resolution: 0.05
[map_server-11] [INFO] [1790595427.815546851] [map_io]: origin[0]: -7
[map_server-11] [INFO] [1790595427.815553123] [map_io]: origin[1]: -7
[map_server-11] [INFO] [1790595427.815557699] [map_io]: origin[2]: 0
[map_server-11] [INFO] [1790595427.815562627] [map_io]: free_thresh: 0.196
[map_server-11] [INFO] [1790595427.815567523] [map_io]: occupied_thresh: 0.65
[map_server-11] [INFO] [1790595427.815573410] [map_io]: mode: trinary
[map_server-11] [INFO] [1790595427.815580290] [map_io]: negate: 0
[map_server-11] [INFO] [1790595427.815892766] [map_io]: Loading image_file: /home/molar1/bumperbot_ws/install/robot_lab_maps/share/robot_lab_maps/maps/nav_empty/maps/map.pgm
[map_server-11] [INFO] [1790595427.828378404] [map_io]: Read map /home/molar1/bumperbot_ws/install/robot_lab_maps/share/robot_lab_maps/maps/nav_empty/maps/map.pgm: 280 X 280 map @ 0.05 m/cell
[lifecycle_manager-13] [INFO] [1790595427.837253184] [lifecycle_manager_localization]: [34m[1mConfiguring amcl[0m[0m
[amcl-12] [0m[INFO] [1790595427.838739498] [amcl]: Configuring[0m
[amcl-12] [0m[INFO] [1790595427.838914471] [amcl]: initTransforms[0m
[amcl-12] [0m[INFO] [1790595427.850859317] [amcl]: initPubSub[0m
[amcl-12] [0m[INFO] [1790595427.857979276] [amcl]: Subscribed to map topic.[0m
[lifecycle_manager-13] [INFO] [1790595427.864071729] [lifecycle_manager_localization]: [34m[1mActivating map_server[0m[0m
[amcl-12] [0m[INFO] [1790595427.864792678] [amcl]: Received a 280 X 280 map @ 0.050 m/pix[0m
[map_server-11] [INFO] [1790595427.864345069] [map_server]: Activating
[map_server-11] [INFO] [1790595427.864633129] [map_server]: Creating bond (map_server) to lifecycle manager.
[lifecycle_manager-13] [INFO] [1790595427.973949678] [lifecycle_manager_localization]: Server map_server connected with bond.
[lifecycle_manager-13] [INFO] [1790595427.974049677] [lifecycle_manager_localization]: [34m[1mActivating amcl[0m[0m
[amcl-12] [0m[INFO] [1790595427.974408231] [amcl]: Activating[0m
[amcl-12] [0m[INFO] [1790595427.974497798] [amcl]: initialPoseReceived[0m
[amcl-12] [0m[INFO] [1790595427.974707811] [amcl]: Setting pose (0.488000): -0.500 -0.500 0.000[0m
[amcl-12] [0m[INFO] [1790595427.975294202] [amcl]: Creating bond (amcl) to lifecycle manager.[0m
[lifecycle_manager-13] [INFO] [1790595428.080459613] [lifecycle_manager_localization]: Server amcl connected with bond.
[lifecycle_manager-13] [INFO] [1790595428.080546492] [lifecycle_manager_localization]: [34m[1mManaged nodes are active[0m[0m
[lifecycle_manager-13] [INFO] [1790595428.080568284] [lifecycle_manager_localization]: [34m[1mCreating bond timer...[0m[0m
[amcl-12] [0m[INFO] [1790595428.183892827] [amcl]: createLaserObject[0m
[wheel_imu_fusion-16] [INFO] [1790595428.317708276] [sensor_fusion_wheel_imu_fusion]: wheel_imu_fusion ready
[go2-stance-gait-controller-1] [INFO] [1790595428.489455033] [go2_stance_gait_controller]: Go2 recovery attempting:tuck
[go2-stance-gait-controller-1] [INFO] [1790595428.889222110] [go2_stance_gait_controller]: Go2 recovery attempting:crouch
[go2-stance-gait-controller-1] [INFO] [1790595429.491248579] [go2_stance_gait_controller]: Go2 recovery attempting:stand
[go2-stance-gait-controller-1] [INFO] [1790595430.228328912] [go2_stance_gait_controller]: Go2 recovery succeeded:stand
[amcl-12] [0m[INFO] [1790595450.366380566] [rclcpp]: signal_handler(SIGINT/SIGTERM)[0m
[amcl-12] [0m[INFO] [1790595450.366566836] [amcl]: Running Nav2 LifecycleNode rcl preshutdown (amcl)[0m
[amcl-12] [0m[INFO] [1790595450.366805200] [amcl]: Deactivating[0m
[ekf_node-14] [INFO] [1790595450.366360855] [rclcpp]: signal_handler(SIGINT/SIGTERM)
[twist_marker-7] [INFO] [1790595450.366378134] [rclcpp]: signal_handler(SIGINT/SIGTERM)
[lifecycle_manager-13] [INFO] [1790595450.366384854] [rclcpp]: signal_handler(SIGINT/SIGTERM)
[lifecycle_manager-13] [INFO] [1790595450.366539700] [lifecycle_manager_localization]: Running Nav2 LifecycleManager rcl preshutdown (lifecycle_manager_localization)
[lifecycle_manager-13] [INFO] [1790595450.366623027] [lifecycle_manager_localization]: [34m[1mTerminating bond timer...[0m[0m
[twist_relay-9] [INFO] [1790595450.366457685] [rclcpp]: signal_handler(SIGINT/SIGTERM)
[robot_state_publisher-2] [INFO] [1790595450.366893039] [rclcpp]: signal_handler(SIGINT/SIGTERM)
[map_server-11] [INFO] [1790595450.366908847] [rclcpp]: signal_handler(SIGINT/SIGTERM)
[map_server-11] [INFO] [1790595450.367021901] [map_server]: Running Nav2 LifecycleNode rcl preshutdown (map_server)
[map_server-11] [INFO] [1790595450.367104812] [map_server]: Deactivating
[map_server-11] [INFO] [1790595450.367127211] [map_server]: Destroying bond (map_server) to lifecycle manager.
[twist_mux-6] [INFO] [1790595450.366993645] [rclcpp]: signal_handler(SIGINT/SIGTERM)
[joy_node-5] [INFO] [1790595450.367444391] [rclcpp]: signal_handler(SIGINT/SIGTERM)
[amcl-12] [0m[INFO] [1790595450.373412494] [amcl]: Destroying bond (amcl) to lifecycle manager.[0m
[amcl-12] [0m[INFO] [1790595450.385868438] [amcl]: Cleaning up[0m
[map_server-11] [INFO] [1790595450.377499218] [map_server]: Cleaning up
[map_server-11] [INFO] [1790595450.377618768] [map_server]: Destroying bond (map_server) to lifecycle manager.
[amcl-12] [0m[INFO] [1790595450.407675090] [amcl]: Destroying bond (amcl) to lifecycle manager.[0m
[amcl-12] [0m[INFO] [1790595450.414752041] [amcl]: Destroying[0m
[joy_teleop-4] Traceback (most recent call last):
[joy_teleop-4]   File "/opt/ros/humble/lib/joy_teleop/joy_teleop", line 33, in <module>
[joy_teleop-4]     sys.exit(load_entry_point('joy-teleop==1.6.0', 'console_scripts', 'joy_teleop')())
[joy_teleop-4]   File "/opt/ros/humble/lib/python3.10/site-packages/joy_teleop/joy_teleop.py", line 435, in main
[joy_teleop-4]     rclpy.spin(node)
[joy_teleop-4]   File "/opt/ros/humble/local/lib/python3.10/dist-packages/rclpy/__init__.py", line 229, in spin
[joy_teleop-4]     executor.spin_once()
[joy_teleop-4]   File "/opt/ros/humble/local/lib/python3.10/dist-packages/rclpy/executors.py", line 812, in spin_once
[joy_teleop-4]     self._spin_once_impl(timeout_sec)
[joy_teleop-4]   File "/opt/ros/humble/local/lib/python3.10/dist-packages/rclpy/executors.py", line 801, in _spin_once_impl
[joy_teleop-4]     handler, entity, node = self.wait_for_ready_callbacks(timeout_sec=timeout_sec)
[joy_teleop-4]   File "/opt/ros/humble/local/lib/python3.10/dist-packages/rclpy/executors.py", line 784, in wait_for_ready_callbacks
[joy_teleop-4]     return next(self._cb_iter)
[joy_teleop-4]   File "/opt/ros/humble/local/lib/python3.10/dist-packages/rclpy/executors.py", line 685, in _wait_for_ready_callbacks
[joy_teleop-4]     raise ExternalShutdownException()
[joy_teleop-4] rclpy.executors.ExternalShutdownException
[map_server-11] [INFO] [1790595450.474116473] [map_server]: Destroying
[lifecycle_manager-13] [INFO] [1790595450.475982398] [lifecycle_manager_localization]: Destroying lifecycle_manager_localization
[INFO] [twist_marker-7]: process has finished cleanly [pid 211348]
[INFO] [joy_node-5]: process has finished cleanly [pid 211344]
[INFO] [twist_relay-9]: process has finished cleanly [pid 211367]
[INFO] [twist_mux-6]: process has finished cleanly [pid 211346]
[INFO] [ekf_node-14]: process has finished cleanly [pid 211613]
[INFO] [robot_state_publisher-2]: process has finished cleanly [pid 211338]
[INFO] [wheel_imu_fusion-16]: process has finished cleanly [pid 211619]
[INFO] [lifecycle_manager-13]: process has finished cleanly [pid 211611]
[INFO] [go2-stance-gait-controller-1]: process has finished cleanly [pid 211336]
[imu_republisher.py-15] Traceback (most recent call last):
[imu_republisher.py-15]   File "/home/molar1/bumperbot_ws/install/robot_lab_localization/lib/robot_lab_localization/imu_republisher.py", line 54, in <module>
[imu_republisher.py-15]     main()
[imu_republisher.py-15]   File "/home/molar1/bumperbot_ws/install/robot_lab_localization/lib/robot_lab_localization/imu_republisher.py", line 45, in main
[imu_republisher.py-15]     rclpy.spin(node)
[imu_republisher.py-15]   File "/opt/ros/humble/local/lib/python3.10/dist-packages/rclpy/__init__.py", line 229, in spin
[imu_republisher.py-15]     executor.spin_once()
[imu_republisher.py-15]   File "/opt/ros/humble/local/lib/python3.10/dist-packages/rclpy/executors.py", line 812, in spin_once
[imu_republisher.py-15]     self._spin_once_impl(timeout_sec)
[imu_republisher.py-15]   File "/opt/ros/humble/local/lib/python3.10/dist-packages/rclpy/executors.py", line 801, in _spin_once_impl
[imu_republisher.py-15]     handler, entity, node = self.wait_for_ready_callbacks(timeout_sec=timeout_sec)
[imu_republisher.py-15]   File "/opt/ros/humble/local/lib/python3.10/dist-packages/rclpy/executors.py", line 784, in wait_for_ready_callbacks
[imu_republisher.py-15]     return next(self._cb_iter)
[imu_republisher.py-15]   File "/opt/ros/humble/local/lib/python3.10/dist-packages/rclpy/executors.py", line 685, in _wait_for_ready_callbacks
[imu_republisher.py-15]     raise ExternalShutdownException()
[imu_republisher.py-15] rclpy.executors.ExternalShutdownException
[INFO] [map_server-11]: process has finished cleanly [pid 211607]
[INFO] [amcl-12]: process has finished cleanly [pid 211609]
[INFO] [joystick_relay.py-8]: process has finished cleanly [pid 211350]
[ERROR] [joy_teleop-4]: process has died [pid 211342, exit code 1, cmd '/opt/ros/humble/lib/joy_teleop/joy_teleop --ros-args --params-file /home/molar1/bumperbot_ws/install/robot_lab_controller/share/robot_lab_controller/config/joy_teleop.yaml --params-file /workspace/molar/.tmp/launch_params_16jkrxe5'].
[INFO] [mujoco_spawner-3]: process has finished cleanly [pid 211340]
[ERROR] [imu_republisher.py-15]: process has died [pid 211615, exit code 1, cmd '/home/molar1/bumperbot_ws/install/robot_lab_localization/lib/robot_lab_localization/imu_republisher.py --ros-args --params-file /workspace/molar/.tmp/launch_params_mocfx_kn'].
