[INFO] [launch]: All log files can be found below /home/molar1/.ros/log/2026-09-28-12-26-50-256535-molar1-157022
[INFO] [launch]: Default logging verbosity is set to INFO
[robot_lab] algorithm localization=amcl -> global_localization stack
[robot_lab] algorithm state_estimation=ekf_localization_node -> local_localization stack
[robot_lab] algorithm sensor_fusion=wheel_imu_fusion -> node robot_lab_algorithms/wheel_imu_fusion
[INFO] [go2-stance-gait-controller-1]: process started with pid [157048]
[INFO] [robot_state_publisher-2]: process started with pid [157050]
[INFO] [mujoco_spawner-3]: process started with pid [157052]
[INFO] [joy_teleop-4]: process started with pid [157054]
[INFO] [joy_node-5]: process started with pid [157056]
[INFO] [twist_mux-6]: process started with pid [157058]
[INFO] [twist_marker-7]: process started with pid [157060]
[INFO] [joystick_relay.py-8]: process started with pid [157062]
[INFO] [twist_relay-9]: process started with pid [157066]
[INFO] [simulator_ready_gate-10]: process started with pid [157074]
[twist_mux-6] [INFO] [1790591211.188636785] [twist_mux]: Topic handler 'topics.joystick' subscribed to topic 'joy_vel': timeout = 0.500000s , priority = 99.
[twist_mux-6] [INFO] [1790591211.189657901] [twist_mux]: Topic handler 'topics.keyboard' subscribed to topic 'key_vel': timeout = 0.500000s , priority = 90.
[twist_mux-6] [INFO] [1790591211.189836844] [twist_mux]: Topic handler 'topics.navigation' subscribed to topic 'cmd_vel': timeout = 0.500000s , priority = 80.
[twist_mux-6] [INFO] [1790591211.190299274] [twist_mux]: Topic handler 'locks.safety_stop' subscribed to topic 'safety_stop': timeout = None , priority = 255.
[robot_state_publisher-2] [INFO] [1790591211.199495074] [robot_state_publisher]: got segment FL_calf
[robot_state_publisher-2] [INFO] [1790591211.200722717] [robot_state_publisher]: got segment FL_calf_rotor
[robot_state_publisher-2] [INFO] [1790591211.201682841] [robot_state_publisher]: got segment FL_foot
[robot_state_publisher-2] [INFO] [1790591211.202497845] [robot_state_publisher]: got segment FL_hip
[robot_state_publisher-2] [INFO] [1790591211.203058835] [robot_state_publisher]: got segment FL_hip_rotor
[robot_state_publisher-2] [INFO] [1790591211.203559249] [robot_state_publisher]: got segment FL_thigh
[robot_state_publisher-2] [INFO] [1790591211.204014095] [robot_state_publisher]: got segment FL_thigh_rotor
[robot_state_publisher-2] [INFO] [1790591211.204464045] [robot_state_publisher]: got segment FR_calf
[robot_state_publisher-2] [INFO] [1790591211.204887211] [robot_state_publisher]: got segment FR_calf_rotor
[robot_state_publisher-2] [INFO] [1790591211.205316713] [robot_state_publisher]: got segment FR_foot
[robot_state_publisher-2] [INFO] [1790591211.205745511] [robot_state_publisher]: got segment FR_hip
[robot_state_publisher-2] [INFO] [1790591211.206192293] [robot_state_publisher]: got segment FR_hip_rotor
[robot_state_publisher-2] [INFO] [1790591211.206605508] [robot_state_publisher]: got segment FR_thigh
[robot_state_publisher-2] [INFO] [1790591211.207003298] [robot_state_publisher]: got segment FR_thigh_rotor
[robot_state_publisher-2] [INFO] [1790591211.207409152] [robot_state_publisher]: got segment RL_calf
[robot_state_publisher-2] [INFO] [1790591211.207833246] [robot_state_publisher]: got segment RL_calf_rotor
[robot_state_publisher-2] [INFO] [1790591211.208277692] [robot_state_publisher]: got segment RL_foot
[robot_state_publisher-2] [INFO] [1790591211.208965849] [robot_state_publisher]: got segment RL_hip
[robot_state_publisher-2] [INFO] [1790591211.210122420] [robot_state_publisher]: got segment RL_hip_rotor
[robot_state_publisher-2] [INFO] [1790591211.210730802] [robot_state_publisher]: got segment RL_thigh
[robot_state_publisher-2] [INFO] [1790591211.211289423] [robot_state_publisher]: got segment RL_thigh_rotor
[robot_state_publisher-2] [INFO] [1790591211.211744301] [robot_state_publisher]: got segment RR_calf
[robot_state_publisher-2] [INFO] [1790591211.211768397] [robot_state_publisher]: got segment RR_calf_rotor
[robot_state_publisher-2] [INFO] [1790591211.211782061] [robot_state_publisher]: got segment RR_foot
[robot_state_publisher-2] [INFO] [1790591211.211791853] [robot_state_publisher]: got segment RR_hip
[robot_state_publisher-2] [INFO] [1790591211.211800461] [robot_state_publisher]: got segment RR_hip_rotor
[robot_state_publisher-2] [INFO] [1790591211.211807725] [robot_state_publisher]: got segment RR_thigh
[robot_state_publisher-2] [INFO] [1790591211.211815853] [robot_state_publisher]: got segment RR_thigh_rotor
[robot_state_publisher-2] [INFO] [1790591211.211823629] [robot_state_publisher]: got segment base
[robot_state_publisher-2] [INFO] [1790591211.211831117] [robot_state_publisher]: got segment front_camera
[robot_state_publisher-2] [INFO] [1790591211.211839277] [robot_state_publisher]: got segment imu_link
[robot_state_publisher-2] [INFO] [1790591211.211848813] [robot_state_publisher]: got segment trunk
[go2-stance-gait-controller-1] [0;93m2026-09-28 12:26:51.987971695 [W:onnxruntime:Default, device_discovery.cc:164 DiscoverDevicesForPlatform] GPU device discovery failed: device_discovery.cc:89 ReadFileContents Failed to open file: "/sys/class/drm/card1/device/vendor"[m
[go2-stance-gait-controller-1] [INFO] [1790591212.061177554] [go2_stance_gait_controller]: Go2 closed-loop stance: 12 effort joints at 250.0 Hz; controller ONNX velocity policy
[mujoco_spawner-3] [INFO] [1790591213.239256656] [mujoco_spawner]: MuJoCo: 18 collision proxy geom(s) moved to group 3 (viewer Rendering tab to show them).
[mujoco_spawner-3] [INFO] [1790591213.289832598] [mujoco_spawner]: MuJoCo URDF import OK (all meshes staged).
[mujoco_spawner-3] [WARN] [1790591213.299402189] [mujoco_spawner]: MuJoCo effort plant: no MJCF beside /home/molar1/bumperbot_ws/install/robot_lab_robots/share/robot_lab_robots/unitree/go2_description/xacro/go2_sim.xacro names every effort joint; keeping the URDF <dynamics> (damping=5.0 is a Gazebo stabiliser the robot does not have).
[mujoco_spawner-3] [INFO] [1790591213.344311627] [mujoco_spawner]: MuJoCo physics timestep: 0.0010 s
[mujoco_spawner-3] [INFO] [1790591213.345635877] [mujoco_spawner]: Robot has no 'oakd_rgb_camera_frame' link; no RGB-D camera is published.
[mujoco_spawner-3] [INFO] [1790591213.346468065] [mujoco_spawner]: Joints: ['FR_hip_joint', 'FR_thigh_joint', 'FR_calf_joint', 'FL_hip_joint', 'FL_thigh_joint', 'FL_calf_joint', 'RR_hip_joint', 'RR_thigh_joint', 'RR_calf_joint', 'RL_hip_joint', 'RL_thigh_joint', 'RL_calf_joint']   lw= rw=
[mujoco_spawner-3] [INFO] [1790591213.348450745] [mujoco_spawner]: MuJoCo effort joint armature: 0.0100 kg m^2
[mujoco_spawner-3] [INFO] [1790591213.349689364] [mujoco_spawner]: Joint effort input: /go2_group_effort_controller/commands (12 joints, URDF limits)
[mujoco_spawner-3] [INFO] [1790591213.351253549] [mujoco_spawner]: Spawn ground clearance: raised root by 0.0838 m
[mujoco_spawner-3] [INFO] [1790591213.351983882] [mujoco_spawner]: MuJoCo model loaded: 14 bodies, 13 joints
[mujoco_spawner-3] [INFO] [1790591213.352489479] [mujoco_spawner]: MuJoCo gui param=False (resolved=False), DISPLAY=:1 -> mode=DIRECT
[mujoco_spawner-3] [INFO] [1790591213.352946405] [mujoco_spawner]: MuJoCo running headless (gui=False, viewer=True).
[go2-stance-gait-controller-1] [WARN] [1790591213.359487113] [go2_stance_gait_controller]: Go2 safety safe_stop: tilt 1.40 rad exceeds fall threshold
[go2-stance-gait-controller-1] [INFO] [1790591213.361048194] [go2_stance_gait_controller]: Go2 recovery idle
[mujoco_spawner-3] [INFO] [1790591213.362243869] [mujoco_spawner]: MuJoCo spawner running.
[go2-stance-gait-controller-1] [INFO] [1790591213.494556962] [go2_stance_gait_controller]: Go2 recovery attempting:tuck
[INFO] [simulator_ready_gate-10]: process has finished cleanly [pid 157074]
[INFO] [amcl-12]: process started with pid [157377]
[INFO] [map_server-11]: process started with pid [157375]
[INFO] [lifecycle_manager-13]: process started with pid [157379]
[INFO] [ekf_node-14]: process started with pid [157381]
[INFO] [imu_republisher.py-15]: process started with pid [157383]
[INFO] [wheel_imu_fusion-16]: process started with pid [157385]
[lifecycle_manager-13] [INFO] [1790591213.757263284] [lifecycle_manager_localization]: Creating
[amcl-12] [0m[INFO] [1790591213.764418709] [amcl]: 
[amcl-12] 	amcl lifecycle node launched. 
[amcl-12] 	Waiting on external lifecycle transitions to activate
[amcl-12] 	See https://design.ros2.org/articles/node_lifecycle.html for more information.[0m
[amcl-12] [0m[INFO] [1790591213.765721072] [amcl]: Creating[0m
[lifecycle_manager-13] [INFO] [1790591213.767156521] [lifecycle_manager_localization]: [34m[1mCreating and initializing lifecycle service clients[0m[0m
[map_server-11] [INFO] [1790591213.784150432] [map_server]: 
[map_server-11] 	map_server lifecycle node launched. 
[map_server-11] 	Waiting on external lifecycle transitions to activate
[map_server-11] 	See https://design.ros2.org/articles/node_lifecycle.html for more information.
[map_server-11] [INFO] [1790591213.786267543] [map_server]: Creating
[go2-stance-gait-controller-1] [INFO] [1790591213.908814726] [go2_stance_gait_controller]: Go2 recovery attempting:roll
[lifecycle_manager-13] [INFO] [1790591213.997887589] [lifecycle_manager_localization]: [34m[1mStarting managed nodes bringup...[0m[0m
[lifecycle_manager-13] [INFO] [1790591213.997996101] [lifecycle_manager_localization]: [34m[1mConfiguring map_server[0m[0m
[map_server-11] [INFO] [1790591213.998532834] [map_server]: Configuring
[map_server-11] [INFO] [1790591213.998663842] [map_io]: Loading yaml file: /home/molar1/bumperbot_ws/install/robot_lab_maps/share/robot_lab_maps/maps/nav_empty/maps/map.yaml
[map_server-11] [INFO] [1790591213.999127488] [map_io]: resolution: 0.05
[map_server-11] [INFO] [1790591213.999150848] [map_io]: origin[0]: -7
[map_server-11] [INFO] [1790591213.999156832] [map_io]: origin[1]: -7
[map_server-11] [INFO] [1790591213.999161984] [map_io]: origin[2]: 0
[map_server-11] [INFO] [1790591213.999167424] [map_io]: free_thresh: 0.196
[map_server-11] [INFO] [1790591213.999172640] [map_io]: occupied_thresh: 0.65
[map_server-11] [INFO] [1790591213.999178880] [map_io]: mode: trinary
[map_server-11] [INFO] [1790591213.999185920] [map_io]: negate: 0
[map_server-11] [INFO] [1790591213.999515582] [map_io]: Loading image_file: /home/molar1/bumperbot_ws/install/robot_lab_maps/share/robot_lab_maps/maps/nav_empty/maps/map.pgm
[map_server-11] [INFO] [1790591214.010153648] [map_io]: Read map /home/molar1/bumperbot_ws/install/robot_lab_maps/share/robot_lab_maps/maps/nav_empty/maps/map.pgm: 280 X 280 map @ 0.05 m/cell
[lifecycle_manager-13] [INFO] [1790591214.023871733] [lifecycle_manager_localization]: [34m[1mConfiguring amcl[0m[0m
[amcl-12] [0m[INFO] [1790591214.025309583] [amcl]: Configuring[0m
[amcl-12] [0m[INFO] [1790591214.025489198] [amcl]: initTransforms[0m
[amcl-12] [0m[INFO] [1790591214.034163465] [amcl]: initPubSub[0m
[amcl-12] [0m[INFO] [1790591214.040487565] [amcl]: Subscribed to map topic.[0m
[lifecycle_manager-13] [INFO] [1790591214.051299743] [lifecycle_manager_localization]: [34m[1mActivating map_server[0m[0m
[map_server-11] [INFO] [1790591214.051659453] [map_server]: Activating
[map_server-11] [INFO] [1790591214.051983900] [map_server]: Creating bond (map_server) to lifecycle manager.
[amcl-12] [0m[INFO] [1790591214.052197883] [amcl]: Received a 280 X 280 map @ 0.050 m/pix[0m
[lifecycle_manager-13] [INFO] [1790591214.155444446] [lifecycle_manager_localization]: Server map_server connected with bond.
[lifecycle_manager-13] [INFO] [1790591214.155527581] [lifecycle_manager_localization]: [34m[1mActivating amcl[0m[0m
[amcl-12] [0m[INFO] [1790591214.155837244] [amcl]: Activating[0m
[amcl-12] [0m[INFO] [1790591214.155932636] [amcl]: initialPoseReceived[0m
[amcl-12] [0m[INFO] [1790591214.155991579] [amcl]: Setting pose (0.572000): -0.500 -0.500 0.000[0m
[amcl-12] [0m[INFO] [1790591214.156553625] [amcl]: Creating bond (amcl) to lifecycle manager.[0m
[amcl-12] [0m[INFO] [1790591214.217382675] [amcl]: createLaserObject[0m
[lifecycle_manager-13] [INFO] [1790591214.260187034] [lifecycle_manager_localization]: Server amcl connected with bond.
[lifecycle_manager-13] [INFO] [1790591214.260270682] [lifecycle_manager_localization]: [34m[1mManaged nodes are active[0m[0m
[lifecycle_manager-13] [INFO] [1790591214.260293274] [lifecycle_manager_localization]: [34m[1mCreating bond timer...[0m[0m
[wheel_imu_fusion-16] [INFO] [1790591214.473338659] [sensor_fusion_wheel_imu_fusion]: wheel_imu_fusion ready
[go2-stance-gait-controller-1] [INFO] [1790591214.610795666] [go2_stance_gait_controller]: Go2 recovery attempting:tuck
[go2-stance-gait-controller-1] [INFO] [1790591215.015859968] [go2_stance_gait_controller]: Go2 recovery attempting:roll
[go2-stance-gait-controller-1] [INFO] [1790591215.716025688] [go2_stance_gait_controller]: Go2 recovery failed:roll
[lifecycle_manager-13] [INFO] [1790591236.966458206] [rclcpp]: signal_handler(SIGINT/SIGTERM)
[lifecycle_manager-13] [INFO] [1790591236.966616637] [lifecycle_manager_localization]: Running Nav2 LifecycleManager rcl preshutdown (lifecycle_manager_localization)
[lifecycle_manager-13] [INFO] [1790591236.966688349] [lifecycle_manager_localization]: [34m[1mTerminating bond timer...[0m[0m
[ekf_node-14] [INFO] [1790591236.966460670] [rclcpp]: signal_handler(SIGINT/SIGTERM)
[robot_state_publisher-2] [INFO] [1790591236.966506014] [rclcpp]: signal_handler(SIGINT/SIGTERM)
[map_server-11] [INFO] [1790591236.966727261] [rclcpp]: signal_handler(SIGINT/SIGTERM)
[map_server-11] [INFO] [1790591236.966879196] [map_server]: Running Nav2 LifecycleNode rcl preshutdown (map_server)
[amcl-12] [0m[INFO] [1790591236.966937756] [rclcpp]: signal_handler(SIGINT/SIGTERM)[0m
[amcl-12] [0m[INFO] [1790591236.967074651] [amcl]: Running Nav2 LifecycleNode rcl preshutdown (amcl)[0m
[amcl-12] [0m[INFO] [1790591236.967190043] [amcl]: Deactivating[0m
[amcl-12] [0m[INFO] [1790591236.967235483] [amcl]: Destroying bond (amcl) to lifecycle manager.[0m
[twist_relay-9] [INFO] [1790591236.966872956] [rclcpp]: signal_handler(SIGINT/SIGTERM)
[joy_node-5] [INFO] [1790591236.966935196] [rclcpp]: signal_handler(SIGINT/SIGTERM)
[twist_marker-7] [INFO] [1790591236.967020635] [rclcpp]: signal_handler(SIGINT/SIGTERM)
[twist_mux-6] [INFO] [1790591236.967547513] [rclcpp]: signal_handler(SIGINT/SIGTERM)
[map_server-11] [INFO] [1790591236.968407286] [map_server]: Deactivating
[map_server-11] [INFO] [1790591236.968494421] [map_server]: Destroying bond (map_server) to lifecycle manager.
[amcl-12] [0m[INFO] [1790591236.977646895] [amcl]: Cleaning up[0m
[amcl-12] [0m[INFO] [1790591236.987553349] [amcl]: Destroying bond (amcl) to lifecycle manager.[0m
[map_server-11] [INFO] [1790591236.978876714] [map_server]: Cleaning up
[map_server-11] [INFO] [1790591236.979065769] [map_server]: Destroying bond (map_server) to lifecycle manager.
[joy_teleop-4] Traceback (most recent call last):
[joy_teleop-4]   File "/opt/ros/humble/lib/joy_teleop/joy_teleop", line 33, in <module>
[joy_teleop-4]     sys.exit(load_entry_point('joy-teleop==1.6.0', 'console_scripts', 'joy_teleop')())
[joy_teleop-4]   File "/opt/ros/humble/lib/python3.10/site-packages/joy_teleop/joy_teleop.py", line 435, in main
[joy_teleop-4]     rclpy.spin(node)
[joy_teleop-4]   File "/opt/ros/humble/local/lib/python3.10/dist-packages/rclpy/__init__.py", line 229, in spin
[joy_teleop-4]     executor.spin_once()
[joy_teleop-4]   File "/opt/ros/humble/local/lib/python3.10/dist-packages/rclpy/executors.py", line 812, in spin_once
[joy_teleop-4]     self._spin_once_impl(timeout_sec)
[joy_teleop-4]   File "/opt/ros/humble/local/lib/python3.10/dist-packages/rclpy/executors.py", line 801, in _spin_once_impl
[joy_teleop-4]     handler, entity, node = self.wait_for_ready_callbacks(timeout_sec=timeout_sec)
[joy_teleop-4]   File "/opt/ros/humble/local/lib/python3.10/dist-packages/rclpy/executors.py", line 784, in wait_for_ready_callbacks
[joy_teleop-4]     return next(self._cb_iter)
[joy_teleop-4]   File "/opt/ros/humble/local/lib/python3.10/dist-packages/rclpy/executors.py", line 685, in _wait_for_ready_callbacks
[joy_teleop-4]     raise ExternalShutdownException()
[joy_teleop-4] rclpy.executors.ExternalShutdownException
[map_server-11] [INFO] [1790591237.155594690] [map_server]: Destroying
[amcl-12] [0m[INFO] [1790591237.160995724] [amcl]: Destroying[0m
[lifecycle_manager-13] [INFO] [1790591237.162277894] [lifecycle_manager_localization]: Destroying lifecycle_manager_localization
[INFO] [joy_node-5]: process has finished cleanly [pid 157056]
[INFO] [robot_state_publisher-2]: process has finished cleanly [pid 157050]
[INFO] [twist_mux-6]: process has finished cleanly [pid 157058]
[INFO] [twist_relay-9]: process has finished cleanly [pid 157066]
[INFO] [twist_marker-7]: process has finished cleanly [pid 157060]
[INFO] [ekf_node-14]: process has finished cleanly [pid 157381]
[INFO] [wheel_imu_fusion-16]: process has finished cleanly [pid 157385]
[INFO] [imu_republisher.py-15]: process has finished cleanly [pid 157383]
[INFO] [joystick_relay.py-8]: process has finished cleanly [pid 157062]
[INFO] [go2-stance-gait-controller-1]: process has finished cleanly [pid 157048]
[ERROR] [joy_teleop-4]: process has died [pid 157054, exit code 1, cmd '/opt/ros/humble/lib/joy_teleop/joy_teleop --ros-args --params-file /home/molar1/bumperbot_ws/install/robot_lab_controller/share/robot_lab_controller/config/joy_teleop.yaml --params-file /workspace/molar/.tmp/launch_params_28x6fwk6'].
[INFO] [mujoco_spawner-3]: process has finished cleanly [pid 157052]
[INFO] [lifecycle_manager-13]: process has finished cleanly [pid 157379]
[INFO] [map_server-11]: process has finished cleanly [pid 157375]
[INFO] [amcl-12]: process has finished cleanly [pid 157377]
