[INFO] [launch]: All log files can be found below /home/molar1/.ros/log/2026-09-25-11-02-08-866717-molar1-1231645
[INFO] [launch]: Default logging verbosity is set to INFO
[robot_lab] algorithm localization=amcl -> global_localization stack
[robot_lab] algorithm state_estimation=ekf_localization_node -> local_localization stack
[robot_lab] algorithm sensor_fusion=wheel_imu_fusion -> node robot_lab_algorithms/wheel_imu_fusion
[INFO] [go2-stance-gait-controller-1]: process started with pid [1231660]
[INFO] [robot_state_publisher-2]: process started with pid [1231662]
[INFO] [mujoco_spawner-3]: process started with pid [1231664]
[INFO] [joy_teleop-4]: process started with pid [1231666]
[INFO] [joy_node-5]: process started with pid [1231668]
[INFO] [twist_mux-6]: process started with pid [1231674]
[INFO] [twist_marker-7]: process started with pid [1231676]
[INFO] [joystick_relay.py-8]: process started with pid [1231678]
[INFO] [twist_relay-9]: process started with pid [1231680]
[INFO] [simulator_ready_gate-10]: process started with pid [1231682]
[robot_state_publisher-2] 1790326930.024324 [115] robot_stat: selected interface "lo" is not multicast-capable: disabling multicast
[robot_state_publisher-2] [INFO] [1790326930.043370794] [robot_state_publisher]: got segment FL_calf
[robot_state_publisher-2] [INFO] [1790326930.044645444] [robot_state_publisher]: got segment FL_calf_rotor
[robot_state_publisher-2] [INFO] [1790326930.045363328] [robot_state_publisher]: got segment FL_foot
[robot_state_publisher-2] [INFO] [1790326930.045385504] [robot_state_publisher]: got segment FL_hip
[robot_state_publisher-2] [INFO] [1790326930.045395488] [robot_state_publisher]: got segment FL_hip_rotor
[robot_state_publisher-2] [INFO] [1790326930.045404576] [robot_state_publisher]: got segment FL_thigh
[robot_state_publisher-2] [INFO] [1790326930.045413120] [robot_state_publisher]: got segment FL_thigh_rotor
[robot_state_publisher-2] [INFO] [1790326930.045423776] [robot_state_publisher]: got segment FR_calf
[robot_state_publisher-2] [INFO] [1790326930.045431744] [robot_state_publisher]: got segment FR_calf_rotor
[robot_state_publisher-2] [INFO] [1790326930.045463168] [robot_state_publisher]: got segment FR_foot
[robot_state_publisher-2] [INFO] [1790326930.045473568] [robot_state_publisher]: got segment FR_hip
[robot_state_publisher-2] [INFO] [1790326930.045483200] [robot_state_publisher]: got segment FR_hip_rotor
[robot_state_publisher-2] [INFO] [1790326930.045491008] [robot_state_publisher]: got segment FR_thigh
[robot_state_publisher-2] [INFO] [1790326930.045499200] [robot_state_publisher]: got segment FR_thigh_rotor
[robot_state_publisher-2] [INFO] [1790326930.045507296] [robot_state_publisher]: got segment RL_calf
[robot_state_publisher-2] [INFO] [1790326930.045517183] [robot_state_publisher]: got segment RL_calf_rotor
[robot_state_publisher-2] [INFO] [1790326930.045525183] [robot_state_publisher]: got segment RL_foot
[robot_state_publisher-2] [INFO] [1790326930.045532255] [robot_state_publisher]: got segment RL_hip
[robot_state_publisher-2] [INFO] [1790326930.045540415] [robot_state_publisher]: got segment RL_hip_rotor
[robot_state_publisher-2] [INFO] [1790326930.045548223] [robot_state_publisher]: got segment RL_thigh
[robot_state_publisher-2] [INFO] [1790326930.045555583] [robot_state_publisher]: got segment RL_thigh_rotor
[robot_state_publisher-2] [INFO] [1790326930.045562975] [robot_state_publisher]: got segment RR_calf
[robot_state_publisher-2] [INFO] [1790326930.045575071] [robot_state_publisher]: got segment RR_calf_rotor
[robot_state_publisher-2] [INFO] [1790326930.045584863] [robot_state_publisher]: got segment RR_foot
[robot_state_publisher-2] [INFO] [1790326930.045592383] [robot_state_publisher]: got segment RR_hip
[robot_state_publisher-2] [INFO] [1790326930.045599999] [robot_state_publisher]: got segment RR_hip_rotor
[robot_state_publisher-2] [INFO] [1790326930.045607295] [robot_state_publisher]: got segment RR_thigh
[robot_state_publisher-2] [INFO] [1790326930.045614431] [robot_state_publisher]: got segment RR_thigh_rotor
[robot_state_publisher-2] [INFO] [1790326930.045621983] [robot_state_publisher]: got segment base
[robot_state_publisher-2] [INFO] [1790326930.045629055] [robot_state_publisher]: got segment front_camera
[robot_state_publisher-2] [INFO] [1790326930.045636479] [robot_state_publisher]: got segment imu_link
[robot_state_publisher-2] [INFO] [1790326930.045646239] [robot_state_publisher]: got segment trunk
[joy_node-5] 1790326930.046004 [115]   joy_node: selected interface "lo" is not multicast-capable: disabling multicast
[twist_mux-6] 1790326930.054257 [115]  twist_mux: selected interface "lo" is not multicast-capable: disabling multicast
[twist_mux-6] [INFO] [1790326930.063180200] [twist_mux]: Topic handler 'topics.joystick' subscribed to topic 'joy_vel': timeout = 0.500000s , priority = 99.
[twist_mux-6] [INFO] [1790326930.066199289] [twist_mux]: Topic handler 'topics.keyboard' subscribed to topic 'key_vel': timeout = 0.500000s , priority = 90.
[twist_relay-9] 1790326930.066677 [115] twist_rela: selected interface "lo" is not multicast-capable: disabling multicast
[twist_mux-6] [INFO] [1790326930.068436942] [twist_mux]: Topic handler 'topics.navigation' subscribed to topic 'cmd_vel': timeout = 0.500000s , priority = 80.
[twist_mux-6] [INFO] [1790326930.069850983] [twist_mux]: Topic handler 'locks.safety_stop' subscribed to topic 'safety_stop': timeout = None , priority = 255.
[twist_marker-7] 1790326930.073729 [115] twist_mark: selected interface "lo" is not multicast-capable: disabling multicast
[joy_teleop-4] 1790326930.613319 [115] joy_teleop: selected interface "lo" is not multicast-capable: disabling multicast
[joystick_relay.py-8] 1790326930.740488 [115] joystick_r: selected interface "lo" is not multicast-capable: disabling multicast
[go2-stance-gait-controller-1] 1790326930.768186 [115] go2-stance: selected interface "lo" is not multicast-capable: disabling multicast
[go2-stance-gait-controller-1] [0;93m2026-09-25 11:02:10.883317382 [W:onnxruntime:Default, device_discovery.cc:164 DiscoverDevicesForPlatform] GPU device discovery failed: device_discovery.cc:89 ReadFileContents Failed to open file: "/sys/class/drm/card1/device/vendor"[m
[go2-stance-gait-controller-1] [INFO] [1790326930.946939755] [go2_stance_gait_controller]: Go2 closed-loop stance: 12 effort joints at 250.0 Hz; controller ONNX velocity policy
[mujoco_spawner-3] 1790326931.198164 [115] mujoco_spa: selected interface "lo" is not multicast-capable: disabling multicast
[mujoco_spawner-3] [INFO] [1790326932.416697479] [mujoco_spawner]: MuJoCo: 18 collision proxy geom(s) moved to group 3 (viewer Rendering tab to show them).
[mujoco_spawner-3] [INFO] [1790326932.463106975] [mujoco_spawner]: MuJoCo URDF import OK (all meshes staged).
[mujoco_spawner-3] [WARN] [1790326932.474461318] [mujoco_spawner]: MuJoCo effort plant: no MJCF beside /workspace/molar/ros_ws/bumperbot_ws/install/robot_lab_robots/share/robot_lab_robots/unitree/go2_description/xacro/go2_sim.xacro names every effort joint; keeping the URDF <dynamics> (damping=5.0 is a Gazebo stabiliser the robot does not have).
[mujoco_spawner-3] [INFO] [1790326932.519318214] [mujoco_spawner]: MuJoCo physics timestep: 0.0010 s
[mujoco_spawner-3] [INFO] [1790326932.520822558] [mujoco_spawner]: Robot has no 'oakd_rgb_camera_frame' link; no RGB-D camera is published.
[mujoco_spawner-3] [INFO] [1790326932.521715546] [mujoco_spawner]: Joints: ['FR_hip_joint', 'FR_thigh_joint', 'FR_calf_joint', 'FL_hip_joint', 'FL_thigh_joint', 'FL_calf_joint', 'RR_hip_joint', 'RR_thigh_joint', 'RR_calf_joint', 'RL_hip_joint', 'RL_thigh_joint', 'RL_calf_joint']   lw= rw=
[mujoco_spawner-3] [INFO] [1790326932.522306583] [mujoco_spawner]: MuJoCo effort joint armature: 0.0100 kg m^2
[mujoco_spawner-3] [INFO] [1790326932.524177453] [mujoco_spawner]: Joint effort input: /go2_group_effort_controller/commands (12 joints, URDF limits)
[mujoco_spawner-3] [INFO] [1790326932.525765221] [mujoco_spawner]: Spawn ground clearance: raised root by 0.2050 m
[mujoco_spawner-3] [INFO] [1790326932.526511522] [mujoco_spawner]: MuJoCo model loaded: 14 bodies, 13 joints
[mujoco_spawner-3] [INFO] [1790326932.526978303] [mujoco_spawner]: MuJoCo gui param=False (resolved=False), DISPLAY=:1 -> mode=DIRECT
[mujoco_spawner-3] [INFO] [1790326932.527415965] [mujoco_spawner]: MuJoCo running headless (gui=False, viewer=True).
[mujoco_spawner-3] [INFO] [1790326932.533918396] [mujoco_spawner]: MuJoCo spawner running.
[INFO] [simulator_ready_gate-10]: process has finished cleanly [pid 1231682]
[INFO] [amcl-12]: process started with pid [1231901]
[INFO] [map_server-11]: process started with pid [1231899]
[INFO] [lifecycle_manager-13]: process started with pid [1231903]
[INFO] [ekf_node-14]: process started with pid [1231905]
[INFO] [imu_republisher.py-15]: process started with pid [1231909]
[INFO] [wheel_imu_fusion-16]: process started with pid [1231919]
[map_server-11] 1790326932.991977 [115] map_server: selected interface "lo" is not multicast-capable: disabling multicast
[lifecycle_manager-13] 1790326932.986702 [115] lifecycle_: selected interface "lo" is not multicast-capable: disabling multicast
[amcl-12] 1790326932.972477 [115]       amcl: selected interface "lo" is not multicast-capable: disabling multicast
[amcl-12] [0m[INFO] [1790326932.983190419] [amcl]:
[amcl-12] 	amcl lifecycle node launched.
[amcl-12] 	Waiting on external lifecycle transitions to activate
[amcl-12] 	See https://design.ros2.org/articles/node_lifecycle.html for more information.[0m
[amcl-12] [0m[INFO] [1790326932.985059242] [amcl]: Creating[0m
[map_server-11] [INFO] [1790326933.002831889] [map_server]:
[map_server-11] 	map_server lifecycle node launched.
[map_server-11] 	Waiting on external lifecycle transitions to activate
[map_server-11] 	See https://design.ros2.org/articles/node_lifecycle.html for more information.
[map_server-11] [INFO] [1790326933.003003120] [map_server]: Creating
[lifecycle_manager-13] [INFO] [1790326933.002872016] [lifecycle_manager_localization]: Creating
[ekf_node-14] 1790326933.016106 [115]   ekf_node: selected interface "lo" is not multicast-capable: disabling multicast
[lifecycle_manager-13] [INFO] [1790326933.020834454] [lifecycle_manager_localization]: [34m[1mCreating and initializing lifecycle service clients[0m[0m
[lifecycle_manager-13] [INFO] [1790326933.174996014] [lifecycle_manager_localization]: [34m[1mStarting managed nodes bringup...[0m[0m
[lifecycle_manager-13] [INFO] [1790326933.175211821] [lifecycle_manager_localization]: [34m[1mConfiguring map_server[0m[0m
[map_server-11] [INFO] [1790326933.176071017] [map_server]: Configuring
[map_server-11] [INFO] [1790326933.176195048] [map_io]: Loading yaml file: /workspace/molar/ros_ws/bumperbot_ws/install/robot_lab_maps/share/robot_lab_maps/maps/nav_empty/maps/map.yaml
[map_server-11] [INFO] [1790326933.176621798] [map_io]: resolution: 0.05
[map_server-11] [INFO] [1790326933.176639974] [map_io]: origin[0]: -7
[map_server-11] [INFO] [1790326933.176645798] [map_io]: origin[1]: -7
[map_server-11] [INFO] [1790326933.176650438] [map_io]: origin[2]: 0
[map_server-11] [INFO] [1790326933.176655398] [map_io]: free_thresh: 0.196
[map_server-11] [INFO] [1790326933.176659974] [map_io]: occupied_thresh: 0.65
[map_server-11] [INFO] [1790326933.176665702] [map_io]: mode: trinary
[map_server-11] [INFO] [1790326933.176672550] [map_io]: negate: 0
[map_server-11] [INFO] [1790326933.176957157] [map_io]: Loading image_file: /workspace/molar/ros_ws/bumperbot_ws/install/robot_lab_maps/share/robot_lab_maps/maps/nav_empty/maps/map.pgm
[map_server-11] [INFO] [1790326933.189201863] [map_io]: Read map /workspace/molar/ros_ws/bumperbot_ws/install/robot_lab_maps/share/robot_lab_maps/maps/nav_empty/maps/map.pgm: 280 X 280 map @ 0.05 m/cell
[lifecycle_manager-13] [INFO] [1790326933.205810451] [lifecycle_manager_localization]: [34m[1mConfiguring amcl[0m[0m
[amcl-12] [0m[INFO] [1790326933.206228849] [amcl]: Configuring[0m
[amcl-12] [0m[INFO] [1790326933.206409776] [amcl]: initTransforms[0m
[amcl-12] [0m[INFO] [1790326933.223998648] [amcl]: initPubSub[0m
[amcl-12] [0m[INFO] [1790326933.242246844] [amcl]: Subscribed to map topic.[0m
[lifecycle_manager-13] [INFO] [1790326933.253698466] [lifecycle_manager_localization]: [34m[1mActivating map_server[0m[0m
[map_server-11] [INFO] [1790326933.254085664] [map_server]: Activating
[map_server-11] [INFO] [1790326933.254498334] [map_server]: Creating bond (map_server) to lifecycle manager.
[amcl-12] [0m[INFO] [1790326933.260389633] [amcl]: Received a 280 X 280 map @ 0.050 m/pix[0m
[lifecycle_manager-13] [INFO] [1790326933.358788850] [lifecycle_manager_localization]: Server map_server connected with bond.
[lifecycle_manager-13] [INFO] [1790326933.358884689] [lifecycle_manager_localization]: [34m[1mActivating amcl[0m[0m
[amcl-12] [0m[INFO] [1790326933.359257743] [amcl]: Activating[0m
[amcl-12] [0m[INFO] [1790326933.359350799] [amcl]: initialPoseReceived[0m
[amcl-12] [0m[INFO] [1790326933.359396495] [amcl]: Setting pose (0.640000): -0.500 -0.500 0.000[0m
[amcl-12] [0m[INFO] [1790326933.359968268] [amcl]: Creating bond (amcl) to lifecycle manager.[0m
[lifecycle_manager-13] [INFO] [1790326933.464604541] [lifecycle_manager_localization]: Server amcl connected with bond.
[lifecycle_manager-13] [INFO] [1790326933.464696733] [lifecycle_manager_localization]: [34m[1mManaged nodes are active[0m[0m
[lifecycle_manager-13] [INFO] [1790326933.464719325] [lifecycle_manager_localization]: [34m[1mCreating bond timer...[0m[0m
[wheel_imu_fusion-16] 1790326933.557837 [115] wheel_imu_: selected interface "lo" is not multicast-capable: disabling multicast
[imu_republisher.py-15] 1790326933.606577 [115]    python3: selected interface "lo" is not multicast-capable: disabling multicast
[amcl-12] [0m[INFO] [1790326933.613501712] [amcl]: createLaserObject[0m
[wheel_imu_fusion-16] [INFO] [1790326933.928055393] [sensor_fusion_wheel_imu_fusion]: wheel_imu_fusion ready
[WARNING] [launch]: user interrupted with ctrl-c (SIGINT)
[INFO] [wheel_imu_fusion-16]: sending signal 'SIGINT' to process[wheel_imu_fusion-16]
[INFO] [imu_republisher.py-15]: sending signal 'SIGINT' to process[imu_republisher.py-15]
[INFO] [ekf_node-14]: sending signal 'SIGINT' to process[ekf_node-14]
[INFO] [lifecycle_manager-13]: sending signal 'SIGINT' to process[lifecycle_manager-13]
[INFO] [amcl-12]: sending signal 'SIGINT' to process[amcl-12]
[INFO] [map_server-11]: sending signal 'SIGINT' to process[map_server-11]
[INFO] [twist_relay-9]: sending signal 'SIGINT' to process[twist_relay-9]
[INFO] [joystick_relay.py-8]: sending signal 'SIGINT' to process[joystick_relay.py-8]
[INFO] [twist_marker-7]: sending signal 'SIGINT' to process[twist_marker-7]
[INFO] [twist_mux-6]: sending signal 'SIGINT' to process[twist_mux-6]
[INFO] [joy_node-5]: sending signal 'SIGINT' to process[joy_node-5]
[INFO] [joy_teleop-4]: sending signal 'SIGINT' to process[joy_teleop-4]
[INFO] [mujoco_spawner-3]: sending signal 'SIGINT' to process[mujoco_spawner-3]
[INFO] [robot_state_publisher-2]: sending signal 'SIGINT' to process[robot_state_publisher-2]
[INFO] [go2-stance-gait-controller-1]: sending signal 'SIGINT' to process[go2-stance-gait-controller-1]
[ekf_node-14] [INFO] [1790326941.861951737] [rclcpp]: signal_handler(SIGINT/SIGTERM)
[lifecycle_manager-13] [INFO] [1790326941.865518054] [rclcpp]: signal_handler(SIGINT/SIGTERM)
[lifecycle_manager-13] [INFO] [1790326941.865649061] [lifecycle_manager_localization]: Running Nav2 LifecycleManager rcl preshutdown (lifecycle_manager_localization)
[lifecycle_manager-13] [INFO] [1790326941.865716741] [lifecycle_manager_localization]: [34m[1mTerminating bond timer...[0m[0m
[amcl-12] [0m[INFO] [1790326941.870608299] [rclcpp]: signal_handler(SIGINT/SIGTERM)[0m
[amcl-12] [0m[INFO] [1790326941.870802346] [amcl]: Running Nav2 LifecycleNode rcl preshutdown (amcl)[0m
[amcl-12] [0m[INFO] [1790326941.870921930] [amcl]: Deactivating[0m
[amcl-12] [0m[INFO] [1790326941.871304360] [amcl]: Destroying bond (amcl) to lifecycle manager.[0m
[map_server-11] [INFO] [1790326941.875487314] [rclcpp]: signal_handler(SIGINT/SIGTERM)
[map_server-11] [INFO] [1790326941.875699921] [map_server]: Running Nav2 LifecycleNode rcl preshutdown (map_server)
[map_server-11] [INFO] [1790326941.875816528] [map_server]: Deactivating
[map_server-11] [INFO] [1790326941.875841392] [map_server]: Destroying bond (map_server) to lifecycle manager.
[amcl-12] [0m[INFO] [1790326941.882454286] [amcl]: Cleaning up[0m
[twist_relay-9] [INFO] [1790326941.879335582] [rclcpp]: signal_handler(SIGINT/SIGTERM)
[map_server-11] [INFO] [1790326941.886342553] [map_server]: Cleaning up
[map_server-11] [INFO] [1790326941.886453305] [map_server]: Destroying bond (map_server) to lifecycle manager.
[amcl-12] [0m[INFO] [1790326941.896885570] [amcl]: Destroying bond (amcl) to lifecycle manager.[0m
[twist_marker-7] [INFO] [1790326941.898597625] [rclcpp]: signal_handler(SIGINT/SIGTERM)
[twist_mux-6] [INFO] [1790326941.903596287] [rclcpp]: signal_handler(SIGINT/SIGTERM)
[joy_node-5] [INFO] [1790326941.908944195] [rclcpp]: signal_handler(SIGINT/SIGTERM)
[robot_state_publisher-2] [INFO] [1790326941.924028564] [rclcpp]: signal_handler(SIGINT/SIGTERM)
[amcl-12] [0m[INFO] [1790326941.974753579] [amcl]: Destroying[0m
[map_server-11] [INFO] [1790326942.059299440] [map_server]: Destroying
[lifecycle_manager-13] [INFO] [1790326942.063640409] [lifecycle_manager_localization]: Destroying lifecycle_manager_localization
[INFO] [ekf_node-14]: process has finished cleanly [pid 1231905]
[INFO] [twist_relay-9]: process has finished cleanly [pid 1231680]
[INFO] [twist_marker-7]: process has finished cleanly [pid 1231676]
[INFO] [twist_mux-6]: process has finished cleanly [pid 1231674]
[INFO] [joy_node-5]: process has finished cleanly [pid 1231668]
[INFO] [robot_state_publisher-2]: process has finished cleanly [pid 1231662]
[INFO] [imu_republisher.py-15]: process has finished cleanly [pid 1231909]
[INFO] [wheel_imu_fusion-16]: process has finished cleanly [pid 1231919]
[joy_teleop-4] Traceback (most recent call last):
[joy_teleop-4]   File "/opt/ros/humble/lib/joy_teleop/joy_teleop", line 33, in <module>
[joy_teleop-4]     sys.exit(load_entry_point('joy-teleop==1.6.0', 'console_scripts', 'joy_teleop')())
[joy_teleop-4]   File "/opt/ros/humble/lib/python3.10/site-packages/joy_teleop/joy_teleop.py", line 442, in main
[joy_teleop-4]     rclpy.shutdown()
[joy_teleop-4]   File "/opt/ros/humble/local/lib/python3.10/dist-packages/rclpy/__init__.py", line 130, in shutdown
[joy_teleop-4]     _shutdown(context=context)
[joy_teleop-4]   File "/opt/ros/humble/local/lib/python3.10/dist-packages/rclpy/utilities.py", line 58, in shutdown
[INFO] [amcl-12]: process has finished cleanly [pid 1231901]
[joy_teleop-4]     return context.shutdown()
[joy_teleop-4]   File "/opt/ros/humble/local/lib/python3.10/dist-packages/rclpy/context.py", line 102, in shutdown
[joy_teleop-4]     self.__context.shutdown()
[joy_teleop-4] rclpy._rclpy_pybind11.RCLError: failed to shutdown: rcl_shutdown already called on the given context, at ./src/rcl/init.c:241
[INFO] [map_server-11]: process has finished cleanly [pid 1231899]
[INFO] [go2-stance-gait-controller-1]: process has finished cleanly [pid 1231660]
[INFO] [joystick_relay.py-8]: process has finished cleanly [pid 1231678]
[INFO] [lifecycle_manager-13]: process has finished cleanly [pid 1231903]
[INFO] [mujoco_spawner-3]: process has finished cleanly [pid 1231664]
[ERROR] [joy_teleop-4]: process has died [pid 1231666, exit code 1, cmd '/opt/ros/humble/lib/joy_teleop/joy_teleop --ros-args --params-file /workspace/molar/ros_ws/bumperbot_ws/install/robot_lab_controller/share/robot_lab_controller/config/joy_teleop.yaml --params-file /workspace/molar/.tmp/launch_params_unm4s5r2'].
