[INFO] [launch]: All log files can be found below /home/molar1/.ros/log/2026-09-25-11-00-26-955016-molar1-1229977
[INFO] [launch]: Default logging verbosity is set to INFO
[robot_lab] algorithm localization=amcl -> global_localization stack
[robot_lab] algorithm state_estimation=ekf_localization_node -> local_localization stack
[robot_lab] algorithm sensor_fusion=wheel_imu_fusion -> node robot_lab_algorithms/wheel_imu_fusion
[INFO] [go2-stance-gait-controller-1]: process started with pid [1229993]
[INFO] [robot_state_publisher-2]: process started with pid [1229995]
[INFO] [mujoco_spawner-3]: process started with pid [1229997]
[INFO] [joy_teleop-4]: process started with pid [1229999]
[INFO] [joy_node-5]: process started with pid [1230001]
[INFO] [twist_mux-6]: process started with pid [1230003]
[INFO] [twist_marker-7]: process started with pid [1230005]
[INFO] [joystick_relay.py-8]: process started with pid [1230007]
[INFO] [twist_relay-9]: process started with pid [1230009]
[INFO] [simulator_ready_gate-10]: process started with pid [1230011]
[robot_state_publisher-2] 1790326827.976436 [113] robot_stat: selected interface "lo" is not multicast-capable: disabling multicast
[twist_relay-9] 1790326827.987696 [113] twist_rela: selected interface "lo" is not multicast-capable: disabling multicast
[twist_mux-6] 1790326827.987718 [113]  twist_mux: selected interface "lo" is not multicast-capable: disabling multicast
[robot_state_publisher-2] [INFO] [1790326827.991158288] [robot_state_publisher]: got segment FL_calf
[robot_state_publisher-2] [INFO] [1790326827.992131743] [robot_state_publisher]: got segment FL_calf_rotor
[robot_state_publisher-2] [INFO] [1790326827.992748181] [robot_state_publisher]: got segment FL_foot
[robot_state_publisher-2] [INFO] [1790326827.993286603] [robot_state_publisher]: got segment FL_hip
[robot_state_publisher-2] [INFO] [1790326827.993892257] [robot_state_publisher]: got segment FL_hip_rotor
[robot_state_publisher-2] [INFO] [1790326827.993921760] [robot_state_publisher]: got segment FL_thigh
[robot_state_publisher-2] [INFO] [1790326827.993933088] [robot_state_publisher]: got segment FL_thigh_rotor
[robot_state_publisher-2] [INFO] [1790326827.993944160] [robot_state_publisher]: got segment FR_calf
[robot_state_publisher-2] [INFO] [1790326827.993954656] [robot_state_publisher]: got segment FR_calf_rotor
[robot_state_publisher-2] [INFO] [1790326827.993962912] [robot_state_publisher]: got segment FR_foot
[robot_state_publisher-2] [INFO] [1790326827.993970880] [robot_state_publisher]: got segment FR_hip
[robot_state_publisher-2] [INFO] [1790326827.993979391] [robot_state_publisher]: got segment FR_hip_rotor
[robot_state_publisher-2] [INFO] [1790326827.993986879] [robot_state_publisher]: got segment FR_thigh
[robot_state_publisher-2] [INFO] [1790326827.995413351] [robot_state_publisher]: got segment FR_thigh_rotor
[robot_state_publisher-2] [INFO] [1790326827.995452390] [robot_state_publisher]: got segment RL_calf
[robot_state_publisher-2] [INFO] [1790326827.995467142] [robot_state_publisher]: got segment RL_calf_rotor
[robot_state_publisher-2] [INFO] [1790326827.995475494] [robot_state_publisher]: got segment RL_foot
[robot_state_publisher-2] [INFO] [1790326827.995483877] [robot_state_publisher]: got segment RL_hip
[robot_state_publisher-2] [INFO] [1790326827.995492453] [robot_state_publisher]: got segment RL_hip_rotor
[robot_state_publisher-2] [INFO] [1790326827.995500133] [robot_state_publisher]: got segment RL_thigh
[robot_state_publisher-2] [INFO] [1790326827.995508741] [robot_state_publisher]: got segment RL_thigh_rotor
[robot_state_publisher-2] [INFO] [1790326827.995516005] [robot_state_publisher]: got segment RR_calf
[robot_state_publisher-2] [INFO] [1790326827.995523397] [robot_state_publisher]: got segment RR_calf_rotor
[robot_state_publisher-2] [INFO] [1790326827.995532645] [robot_state_publisher]: got segment RR_foot
[robot_state_publisher-2] [INFO] [1790326827.995539940] [robot_state_publisher]: got segment RR_hip
[robot_state_publisher-2] [INFO] [1790326827.995547972] [robot_state_publisher]: got segment RR_hip_rotor
[robot_state_publisher-2] [INFO] [1790326827.995555588] [robot_state_publisher]: got segment RR_thigh
[robot_state_publisher-2] [INFO] [1790326827.995562788] [robot_state_publisher]: got segment RR_thigh_rotor
[robot_state_publisher-2] [INFO] [1790326827.995569796] [robot_state_publisher]: got segment base
[robot_state_publisher-2] [INFO] [1790326827.995577252] [robot_state_publisher]: got segment front_camera
[robot_state_publisher-2] [INFO] [1790326827.995584676] [robot_state_publisher]: got segment imu_link
[robot_state_publisher-2] [INFO] [1790326827.995593508] [robot_state_publisher]: got segment trunk
[twist_mux-6] [INFO] [1790326827.995911230] [twist_mux]: Topic handler 'topics.joystick' subscribed to topic 'joy_vel': timeout = 0.500000s , priority = 99.
[twist_mux-6] [INFO] [1790326827.996991755] [twist_mux]: Topic handler 'topics.keyboard' subscribed to topic 'key_vel': timeout = 0.500000s , priority = 90.
[twist_mux-6] [INFO] [1790326827.997330342] [twist_mux]: Topic handler 'topics.navigation' subscribed to topic 'cmd_vel': timeout = 0.500000s , priority = 80.
[twist_mux-6] [INFO] [1790326827.997525122] [twist_mux]: Topic handler 'locks.safety_stop' subscribed to topic 'safety_stop': timeout = None , priority = 255.
[twist_marker-7] 1790326827.997567 [113] twist_mark: selected interface "lo" is not multicast-capable: disabling multicast
[joy_node-5] 1790326828.004791 [113]   joy_node: selected interface "lo" is not multicast-capable: disabling multicast
[joy_teleop-4] 1790326828.480823 [113] joy_teleop: selected interface "lo" is not multicast-capable: disabling multicast
[go2-stance-gait-controller-1] 1790326828.529791 [113] go2-stance: selected interface "lo" is not multicast-capable: disabling multicast
[joystick_relay.py-8] 1790326828.544354 [113] joystick_r: selected interface "lo" is not multicast-capable: disabling multicast
[go2-stance-gait-controller-1] [0;93m2026-09-25 11:00:28.643111364 [W:onnxruntime:Default, device_discovery.cc:164 DiscoverDevicesForPlatform] GPU device discovery failed: device_discovery.cc:89 ReadFileContents Failed to open file: "/sys/class/drm/card1/device/vendor"[m
[go2-stance-gait-controller-1] [INFO] [1790326828.705612462] [go2_stance_gait_controller]: Go2 closed-loop stance: 12 effort joints at 250.0 Hz; controller ONNX velocity policy
[mujoco_spawner-3] 1790326828.899077 [113] mujoco_spa: selected interface "lo" is not multicast-capable: disabling multicast
[mujoco_spawner-3] [INFO] [1790326830.032704866] [mujoco_spawner]: MuJoCo: 18 collision proxy geom(s) moved to group 3 (viewer Rendering tab to show them).
[mujoco_spawner-3] [INFO] [1790326830.076956806] [mujoco_spawner]: MuJoCo URDF import OK (all meshes staged).
[mujoco_spawner-3] [WARN] [1790326830.087390258] [mujoco_spawner]: MuJoCo effort plant: no MJCF beside /workspace/molar/ros_ws/bumperbot_ws/install/robot_lab_robots/share/robot_lab_robots/unitree/go2_description/xacro/go2_sim.xacro names every effort joint; keeping the URDF <dynamics> (damping=5.0 is a Gazebo stabiliser the robot does not have).
[mujoco_spawner-3] [INFO] [1790326830.137946346] [mujoco_spawner]: MuJoCo physics timestep: 0.0010 s
[mujoco_spawner-3] [INFO] [1790326830.139874985] [mujoco_spawner]: Robot has no 'oakd_rgb_camera_frame' link; no RGB-D camera is published.
[mujoco_spawner-3] [INFO] [1790326830.141018325] [mujoco_spawner]: Joints: ['FR_hip_joint', 'FR_thigh_joint', 'FR_calf_joint', 'FL_hip_joint', 'FL_thigh_joint', 'FL_calf_joint', 'RR_hip_joint', 'RR_thigh_joint', 'RR_calf_joint', 'RL_hip_joint', 'RL_thigh_joint', 'RL_calf_joint']   lw= rw=
[mujoco_spawner-3] [INFO] [1790326830.141868358] [mujoco_spawner]: MuJoCo effort joint armature: 0.0100 kg m^2
[mujoco_spawner-3] [INFO] [1790326830.144322300] [mujoco_spawner]: Joint effort input: /go2_group_effort_controller/commands (12 joints, URDF limits)
[mujoco_spawner-3] [INFO] [1790326830.146417432] [mujoco_spawner]: Spawn ground clearance: raised root by 0.2050 m
[mujoco_spawner-3] [INFO] [1790326830.147476742] [mujoco_spawner]: MuJoCo model loaded: 14 bodies, 13 joints
[mujoco_spawner-3] [INFO] [1790326830.148184025] [mujoco_spawner]: MuJoCo gui param=False (resolved=False), DISPLAY=:1 -> mode=DIRECT
[mujoco_spawner-3] [INFO] [1790326830.148853518] [mujoco_spawner]: MuJoCo running headless (gui=False, viewer=True).
[mujoco_spawner-3] [INFO] [1790326830.155415933] [mujoco_spawner]: MuJoCo spawner running.
[INFO] [simulator_ready_gate-10]: process has finished cleanly [pid 1230011]
[INFO] [amcl-12]: process started with pid [1230238]
[INFO] [map_server-11]: process started with pid [1230236]
[INFO] [lifecycle_manager-13]: process started with pid [1230240]
[INFO] [ekf_node-14]: process started with pid [1230242]
[INFO] [imu_republisher.py-15]: process started with pid [1230244]
[INFO] [wheel_imu_fusion-16]: process started with pid [1230246]
[lifecycle_manager-13] 1790326830.541031 [113] lifecycle_: selected interface "lo" is not multicast-capable: disabling multicast
[amcl-12] 1790326830.546853 [113]       amcl: selected interface "lo" is not multicast-capable: disabling multicast
[lifecycle_manager-13] [INFO] [1790326830.556719248] [lifecycle_manager_localization]: Creating
[ekf_node-14] 1790326830.560349 [113]   ekf_node: selected interface "lo" is not multicast-capable: disabling multicast
[lifecycle_manager-13] [INFO] [1790326830.561050502] [lifecycle_manager_localization]: [34m[1mCreating and initializing lifecycle service clients[0m[0m
[map_server-11] 1790326830.565320 [113] map_server: selected interface "lo" is not multicast-capable: disabling multicast
[map_server-11] [INFO] [1790326830.586188564] [map_server]:
[map_server-11] 	map_server lifecycle node launched.
[map_server-11] 	Waiting on external lifecycle transitions to activate
[map_server-11] 	See https://design.ros2.org/articles/node_lifecycle.html for more information.
[map_server-11] [INFO] [1790326830.586360593] [map_server]: Creating
[amcl-12] [0m[INFO] [1790326830.586666508] [amcl]:
[amcl-12] 	amcl lifecycle node launched.
[amcl-12] 	Waiting on external lifecycle transitions to activate
[amcl-12] 	See https://design.ros2.org/articles/node_lifecycle.html for more information.[0m
[amcl-12] [0m[INFO] [1790326830.589078050] [amcl]: Creating[0m
[lifecycle_manager-13] [INFO] [1790326830.689019557] [lifecycle_manager_localization]: [34m[1mStarting managed nodes bringup...[0m[0m
[lifecycle_manager-13] [INFO] [1790326830.689126820] [lifecycle_manager_localization]: [34m[1mConfiguring map_server[0m[0m
[map_server-11] [INFO] [1790326830.689509309] [map_server]: Configuring
[map_server-11] [INFO] [1790326830.689631387] [map_io]: Loading yaml file: /workspace/molar/ros_ws/bumperbot_ws/install/robot_lab_maps/share/robot_lab_maps/maps/nav_empty/maps/map.yaml
[map_server-11] [INFO] [1790326830.690030164] [map_io]: resolution: 0.05
[map_server-11] [INFO] [1790326830.690048500] [map_io]: origin[0]: -7
[map_server-11] [INFO] [1790326830.690054516] [map_io]: origin[1]: -7
[map_server-11] [INFO] [1790326830.690058868] [map_io]: origin[2]: 0
[map_server-11] [INFO] [1790326830.690063635] [map_io]: free_thresh: 0.196
[map_server-11] [INFO] [1790326830.690068371] [map_io]: occupied_thresh: 0.65
[map_server-11] [INFO] [1790326830.690074035] [map_io]: mode: trinary
[map_server-11] [INFO] [1790326830.690080563] [map_io]: negate: 0
[map_server-11] [INFO] [1790326830.690358222] [map_io]: Loading image_file: /workspace/molar/ros_ws/bumperbot_ws/install/robot_lab_maps/share/robot_lab_maps/maps/nav_empty/maps/map.pgm
[map_server-11] [INFO] [1790326830.700894105] [map_io]: Read map /workspace/molar/ros_ws/bumperbot_ws/install/robot_lab_maps/share/robot_lab_maps/maps/nav_empty/maps/map.pgm: 280 X 280 map @ 0.05 m/cell
[lifecycle_manager-13] [INFO] [1790326830.708219930] [lifecycle_manager_localization]: [34m[1mConfiguring amcl[0m[0m
[amcl-12] [0m[INFO] [1790326830.709857726] [amcl]: Configuring[0m
[amcl-12] [0m[INFO] [1790326830.710020155] [amcl]: initTransforms[0m
[amcl-12] [0m[INFO] [1790326830.719826578] [amcl]: initPubSub[0m
[amcl-12] [0m[INFO] [1790326830.724640671] [amcl]: Subscribed to map topic.[0m
[lifecycle_manager-13] [INFO] [1790326830.730448859] [lifecycle_manager_localization]: [34m[1mActivating map_server[0m[0m
[map_server-11] [INFO] [1790326830.730734070] [map_server]: Activating
[map_server-11] [INFO] [1790326830.731375051] [map_server]: Creating bond (map_server) to lifecycle manager.
[amcl-12] [0m[INFO] [1790326830.731463657] [amcl]: Received a 280 X 280 map @ 0.050 m/pix[0m
[lifecycle_manager-13] [INFO] [1790326830.839169927] [lifecycle_manager_localization]: Server map_server connected with bond.
[lifecycle_manager-13] [INFO] [1790326830.839256549] [lifecycle_manager_localization]: [34m[1mActivating amcl[0m[0m
[amcl-12] [0m[INFO] [1790326830.839634847] [amcl]: Activating[0m
[amcl-12] [0m[INFO] [1790326830.839725853] [amcl]: initialPoseReceived[0m
[amcl-12] [0m[INFO] [1790326830.839952345] [amcl]: Setting pose (0.600000): -0.500 -0.500 0.000[0m
[amcl-12] [0m[INFO] [1790326830.840532143] [amcl]: Creating bond (amcl) to lifecycle manager.[0m
[amcl-12] [0m[INFO] [1790326830.849146938] [amcl]: createLaserObject[0m
[lifecycle_manager-13] [INFO] [1790326830.944012214] [lifecycle_manager_localization]: Server amcl connected with bond.
[lifecycle_manager-13] [INFO] [1790326830.944095316] [lifecycle_manager_localization]: [34m[1mManaged nodes are active[0m[0m
[lifecycle_manager-13] [INFO] [1790326830.944115284] [lifecycle_manager_localization]: [34m[1mCreating bond timer...[0m[0m
[wheel_imu_fusion-16] 1790326830.972477 [113] wheel_imu_: selected interface "lo" is not multicast-capable: disabling multicast
[imu_republisher.py-15] 1790326831.021923 [113]    python3: selected interface "lo" is not multicast-capable: disabling multicast
[wheel_imu_fusion-16] [INFO] [1790326831.270919692] [sensor_fusion_wheel_imu_fusion]: wheel_imu_fusion ready
[WARNING] [launch]: user interrupted with ctrl-c (SIGINT)
[INFO] [wheel_imu_fusion-16]: sending signal 'SIGINT' to process[wheel_imu_fusion-16]
[INFO] [imu_republisher.py-15]: sending signal 'SIGINT' to process[imu_republisher.py-15]
[INFO] [ekf_node-14]: sending signal 'SIGINT' to process[ekf_node-14]
[INFO] [lifecycle_manager-13]: sending signal 'SIGINT' to process[lifecycle_manager-13]
[INFO] [amcl-12]: sending signal 'SIGINT' to process[amcl-12]
[INFO] [map_server-11]: sending signal 'SIGINT' to process[map_server-11]
[INFO] [twist_relay-9]: sending signal 'SIGINT' to process[twist_relay-9]
[INFO] [joystick_relay.py-8]: sending signal 'SIGINT' to process[joystick_relay.py-8]
[INFO] [twist_marker-7]: sending signal 'SIGINT' to process[twist_marker-7]
[INFO] [twist_mux-6]: sending signal 'SIGINT' to process[twist_mux-6]
[INFO] [joy_node-5]: sending signal 'SIGINT' to process[joy_node-5]
[INFO] [joy_teleop-4]: sending signal 'SIGINT' to process[joy_teleop-4]
[INFO] [mujoco_spawner-3]: sending signal 'SIGINT' to process[mujoco_spawner-3]
[INFO] [robot_state_publisher-2]: sending signal 'SIGINT' to process[robot_state_publisher-2]
[INFO] [go2-stance-gait-controller-1]: sending signal 'SIGINT' to process[go2-stance-gait-controller-1]
[ekf_node-14] [INFO] [1790326838.265156327] [rclcpp]: signal_handler(SIGINT/SIGTERM)
[lifecycle_manager-13] [INFO] [1790326838.271329500] [rclcpp]: signal_handler(SIGINT/SIGTERM)
[lifecycle_manager-13] [INFO] [1790326838.271485849] [lifecycle_manager_localization]: Running Nav2 LifecycleManager rcl preshutdown (lifecycle_manager_localization)
[lifecycle_manager-13] [INFO] [1790326838.271544504] [lifecycle_manager_localization]: [34m[1mTerminating bond timer...[0m[0m
[amcl-12] [0m[INFO] [1790326838.275760144] [rclcpp]: signal_handler(SIGINT/SIGTERM)[0m
[amcl-12] [0m[INFO] [1790326838.275927917] [amcl]: Running Nav2 LifecycleNode rcl preshutdown (amcl)[0m
[amcl-12] [0m[INFO] [1790326838.276033803] [amcl]: Deactivating[0m
[amcl-12] [0m[INFO] [1790326838.276078666] [amcl]: Destroying bond (amcl) to lifecycle manager.[0m
[map_server-11] [INFO] [1790326838.278370402] [rclcpp]: signal_handler(SIGINT/SIGTERM)
[map_server-11] [INFO] [1790326838.278563135] [map_server]: Running Nav2 LifecycleNode rcl preshutdown (map_server)
[map_server-11] [INFO] [1790326838.278675645] [map_server]: Deactivating
[map_server-11] [INFO] [1790326838.278700253] [map_server]: Destroying bond (map_server) to lifecycle manager.
[twist_relay-9] [INFO] [1790326838.280982197] [rclcpp]: signal_handler(SIGINT/SIGTERM)
[amcl-12] [0m[INFO] [1790326838.286432791] [amcl]: Cleaning up[0m
[twist_marker-7] [INFO] [1790326838.286783409] [rclcpp]: signal_handler(SIGINT/SIGTERM)
[map_server-11] [INFO] [1790326838.289060298] [map_server]: Cleaning up
[map_server-11] [INFO] [1790326838.289166952] [map_server]: Destroying bond (map_server) to lifecycle manager.
[twist_mux-6] [INFO] [1790326838.293450078] [rclcpp]: signal_handler(SIGINT/SIGTERM)
[amcl-12] [0m[INFO] [1790326838.299363352] [amcl]: Destroying bond (amcl) to lifecycle manager.[0m
[joy_node-5] [INFO] [1790326838.299087132] [rclcpp]: signal_handler(SIGINT/SIGTERM)
[robot_state_publisher-2] [INFO] [1790326838.318388527] [rclcpp]: signal_handler(SIGINT/SIGTERM)
[amcl-12] [0m[INFO] [1790326838.377783916] [amcl]: Destroying[0m
[map_server-11] [INFO] [1790326838.381381102] [map_server]: Destroying
[lifecycle_manager-13] [INFO] [1790326838.384822002] [lifecycle_manager_localization]: Destroying lifecycle_manager_localization
[INFO] [ekf_node-14]: process has finished cleanly [pid 1230242]
[INFO] [twist_relay-9]: process has finished cleanly [pid 1230009]
[INFO] [twist_marker-7]: process has finished cleanly [pid 1230005]
[INFO] [twist_mux-6]: process has finished cleanly [pid 1230003]
[INFO] [joy_node-5]: process has finished cleanly [pid 1230001]
[INFO] [robot_state_publisher-2]: process has finished cleanly [pid 1229995]
[INFO] [imu_republisher.py-15]: process has finished cleanly [pid 1230244]
[INFO] [lifecycle_manager-13]: process has finished cleanly [pid 1230240]
[joy_teleop-4] Traceback (most recent call last):
[joy_teleop-4]   File "/opt/ros/humble/lib/joy_teleop/joy_teleop", line 33, in <module>
[joy_teleop-4]     sys.exit(load_entry_point('joy-teleop==1.6.0', 'console_scripts', 'joy_teleop')())
[joy_teleop-4]   File "/opt/ros/humble/lib/python3.10/site-packages/joy_teleop/joy_teleop.py", line 442, in main
[joy_teleop-4]     rclpy.shutdown()
[joy_teleop-4]   File "/opt/ros/humble/local/lib/python3.10/dist-packages/rclpy/__init__.py", line 130, in shutdown
[joy_teleop-4]     _shutdown(context=context)
[joy_teleop-4]   File "/opt/ros/humble/local/lib/python3.10/dist-packages/rclpy/utilities.py", line 58, in shutdown
[joy_teleop-4]     return context.shutdown()
[joy_teleop-4]   File "/opt/ros/humble/local/lib/python3.10/dist-packages/rclpy/context.py", line 102, in shutdown
[joy_teleop-4]     self.__context.shutdown()
[joy_teleop-4] rclpy._rclpy_pybind11.RCLError: failed to shutdown: rcl_shutdown already called on the given context, at ./src/rcl/init.c:241
[INFO] [amcl-12]: process has finished cleanly [pid 1230238]
[INFO] [wheel_imu_fusion-16]: process has finished cleanly [pid 1230246]
[INFO] [map_server-11]: process has finished cleanly [pid 1230236]
[INFO] [go2-stance-gait-controller-1]: process has finished cleanly [pid 1229993]
[INFO] [joystick_relay.py-8]: process has finished cleanly [pid 1230007]
[ERROR] [joy_teleop-4]: process has died [pid 1229999, exit code 1, cmd '/opt/ros/humble/lib/joy_teleop/joy_teleop --ros-args --params-file /workspace/molar/ros_ws/bumperbot_ws/install/robot_lab_controller/share/robot_lab_controller/config/joy_teleop.yaml --params-file /workspace/molar/.tmp/launch_params_9o1xa11a'].
[INFO] [mujoco_spawner-3]: process has finished cleanly [pid 1229997]
