[INFO] [launch]: All log files can be found below /home/molar1/.ros/log/2026-09-25-16-59-46-591227-molar1-1511227
[INFO] [launch]: Default logging verbosity is set to INFO
[robot_lab] algorithm localization=amcl -> global_localization stack
[robot_lab] algorithm state_estimation=ekf_localization_node -> local_localization stack
[robot_lab] algorithm sensor_fusion=wheel_imu_fusion -> node robot_lab_algorithms/wheel_imu_fusion
[INFO] [go2-stance-gait-controller-1]: process started with pid [1511268]
[INFO] [robot_state_publisher-2]: process started with pid [1511270]
[INFO] [mujoco_spawner-3]: process started with pid [1511272]
[INFO] [joy_teleop-4]: process started with pid [1511274]
[INFO] [joy_node-5]: process started with pid [1511276]
[INFO] [twist_mux-6]: process started with pid [1511278]
[INFO] [twist_marker-7]: process started with pid [1511280]
[INFO] [joystick_relay.py-8]: process started with pid [1511282]
[INFO] [twist_relay-9]: process started with pid [1511284]
[INFO] [simulator_ready_gate-10]: process started with pid [1511286]
[twist_mux-6] [INFO] [1790348387.548272106] [twist_mux]: Topic handler 'topics.joystick' subscribed to topic 'joy_vel': timeout = 0.500000s , priority = 99.
[robot_state_publisher-2] [INFO] [1790348387.550468160] [robot_state_publisher]: got segment FL_calf
[twist_mux-6] [INFO] [1790348387.550834964] [twist_mux]: Topic handler 'topics.keyboard' subscribed to topic 'key_vel': timeout = 0.500000s , priority = 90.
[twist_mux-6] [INFO] [1790348387.551662392] [twist_mux]: Topic handler 'topics.navigation' subscribed to topic 'cmd_vel': timeout = 0.500000s , priority = 80.
[robot_state_publisher-2] [INFO] [1790348387.552658838] [robot_state_publisher]: got segment FL_calf_rotor
[twist_mux-6] [INFO] [1790348387.553220323] [twist_mux]: Topic handler 'locks.safety_stop' subscribed to topic 'safety_stop': timeout = None , priority = 255.
[robot_state_publisher-2] [INFO] [1790348387.553744018] [robot_state_publisher]: got segment FL_foot
[robot_state_publisher-2] [INFO] [1790348387.553773009] [robot_state_publisher]: got segment FL_hip
[robot_state_publisher-2] [INFO] [1790348387.553784624] [robot_state_publisher]: got segment FL_hip_rotor
[robot_state_publisher-2] [INFO] [1790348387.553796784] [robot_state_publisher]: got segment FL_thigh
[robot_state_publisher-2] [INFO] [1790348387.553805680] [robot_state_publisher]: got segment FL_thigh_rotor
[robot_state_publisher-2] [INFO] [1790348387.553814863] [robot_state_publisher]: got segment FR_calf
[robot_state_publisher-2] [INFO] [1790348387.553822735] [robot_state_publisher]: got segment FR_calf_rotor
[robot_state_publisher-2] [INFO] [1790348387.553830191] [robot_state_publisher]: got segment FR_foot
[robot_state_publisher-2] [INFO] [1790348387.553837711] [robot_state_publisher]: got segment FR_hip
[robot_state_publisher-2] [INFO] [1790348387.553846158] [robot_state_publisher]: got segment FR_hip_rotor
[robot_state_publisher-2] [INFO] [1790348387.553854158] [robot_state_publisher]: got segment FR_thigh
[robot_state_publisher-2] [INFO] [1790348387.553861838] [robot_state_publisher]: got segment FR_thigh_rotor
[robot_state_publisher-2] [INFO] [1790348387.553869614] [robot_state_publisher]: got segment RL_calf
[robot_state_publisher-2] [INFO] [1790348387.553879277] [robot_state_publisher]: got segment RL_calf_rotor
[robot_state_publisher-2] [INFO] [1790348387.553886573] [robot_state_publisher]: got segment RL_foot
[robot_state_publisher-2] [INFO] [1790348387.553893965] [robot_state_publisher]: got segment RL_hip
[robot_state_publisher-2] [INFO] [1790348387.553901325] [robot_state_publisher]: got segment RL_hip_rotor
[robot_state_publisher-2] [INFO] [1790348387.553956331] [robot_state_publisher]: got segment RL_thigh
[robot_state_publisher-2] [INFO] [1790348387.553971530] [robot_state_publisher]: got segment RL_thigh_rotor
[robot_state_publisher-2] [INFO] [1790348387.553980778] [robot_state_publisher]: got segment RR_calf
[robot_state_publisher-2] [INFO] [1790348387.553988746] [robot_state_publisher]: got segment RR_calf_rotor
[robot_state_publisher-2] [INFO] [1790348387.553997033] [robot_state_publisher]: got segment RR_foot
[robot_state_publisher-2] [INFO] [1790348387.554004489] [robot_state_publisher]: got segment RR_hip
[robot_state_publisher-2] [INFO] [1790348387.554012329] [robot_state_publisher]: got segment RR_hip_rotor
[robot_state_publisher-2] [INFO] [1790348387.554019465] [robot_state_publisher]: got segment RR_thigh
[robot_state_publisher-2] [INFO] [1790348387.554026664] [robot_state_publisher]: got segment RR_thigh_rotor
[robot_state_publisher-2] [INFO] [1790348387.554033608] [robot_state_publisher]: got segment base
[robot_state_publisher-2] [INFO] [1790348387.554041736] [robot_state_publisher]: got segment front_camera
[robot_state_publisher-2] [INFO] [1790348387.554048680] [robot_state_publisher]: got segment imu_link
[robot_state_publisher-2] [INFO] [1790348387.554056903] [robot_state_publisher]: got segment trunk
[go2-stance-gait-controller-1] [0;93m2026-09-25 16:59:48.173974467 [W:onnxruntime:Default, device_discovery.cc:164 DiscoverDevicesForPlatform] GPU device discovery failed: device_discovery.cc:89 ReadFileContents Failed to open file: "/sys/class/drm/card1/device/vendor"[m
[go2-stance-gait-controller-1] [INFO] [1790348388.257069427] [go2_stance_gait_controller]: Go2 closed-loop stance: 12 effort joints at 250.0 Hz; controller ONNX velocity policy
[mujoco_spawner-3] [INFO] [1790348389.576765234] [mujoco_spawner]: MuJoCo: 18 collision proxy geom(s) moved to group 3 (viewer Rendering tab to show them).
[mujoco_spawner-3] [INFO] [1790348389.628786649] [mujoco_spawner]: MuJoCo URDF import OK (all meshes staged).
[mujoco_spawner-3] [WARN] [1790348389.641262165] [mujoco_spawner]: MuJoCo effort plant: no MJCF beside /home/molar1/bumperbot_ws/install/robot_lab_robots/share/robot_lab_robots/unitree/go2_description/xacro/go2_sim.xacro names every effort joint; keeping the URDF <dynamics> (damping=5.0 is a Gazebo stabiliser the robot does not have).
[mujoco_spawner-3] [INFO] [1790348389.690046089] [mujoco_spawner]: MuJoCo physics timestep: 0.0010 s
[mujoco_spawner-3] [INFO] [1790348389.691806989] [mujoco_spawner]: Robot has no 'oakd_rgb_camera_frame' link; no RGB-D camera is published.
[mujoco_spawner-3] [INFO] [1790348389.692610066] [mujoco_spawner]: Joints: ['FR_hip_joint', 'FR_thigh_joint', 'FR_calf_joint', 'FL_hip_joint', 'FL_thigh_joint', 'FL_calf_joint', 'RR_hip_joint', 'RR_thigh_joint', 'RR_calf_joint', 'RL_hip_joint', 'RL_thigh_joint', 'RL_calf_joint']   lw= rw=
[mujoco_spawner-3] [INFO] [1790348389.695050880] [mujoco_spawner]: MuJoCo effort joint armature: 0.0100 kg m^2
[mujoco_spawner-3] [INFO] [1790348389.696694281] [mujoco_spawner]: Joint effort input: /go2_group_effort_controller/commands (12 joints, URDF limits)
[mujoco_spawner-3] [INFO] [1790348389.698538282] [mujoco_spawner]: Spawn ground clearance: raised root by 0.2050 m
[mujoco_spawner-3] [INFO] [1790348389.699525257] [mujoco_spawner]: MuJoCo model loaded: 14 bodies, 13 joints
[mujoco_spawner-3] [INFO] [1790348389.700202482] [mujoco_spawner]: MuJoCo gui param=False (resolved=False), DISPLAY=:1 -> mode=DIRECT
[mujoco_spawner-3] [INFO] [1790348389.700826237] [mujoco_spawner]: MuJoCo running headless (gui=False, viewer=True).
[mujoco_spawner-3] [INFO] [1790348389.702318219] [mujoco_spawner]: MuJoCo spawner running.
[INFO] [simulator_ready_gate-10]: process has finished cleanly [pid 1511286]
[INFO] [amcl-12]: process started with pid [1511517]
[INFO] [map_server-11]: process started with pid [1511515]
[INFO] [lifecycle_manager-13]: process started with pid [1511519]
[INFO] [ekf_node-14]: process started with pid [1511521]
[INFO] [imu_republisher.py-15]: process started with pid [1511523]
[INFO] [wheel_imu_fusion-16]: process started with pid [1511525]
[amcl-12] [0m[INFO] [1790348390.133191027] [amcl]: 
[amcl-12] 	amcl lifecycle node launched. 
[amcl-12] 	Waiting on external lifecycle transitions to activate
[amcl-12] 	See https://design.ros2.org/articles/node_lifecycle.html for more information.[0m
[map_server-11] [INFO] [1790348390.139892049] [map_server]: 
[map_server-11] 	map_server lifecycle node launched. 
[map_server-11] 	Waiting on external lifecycle transitions to activate
[map_server-11] 	See https://design.ros2.org/articles/node_lifecycle.html for more information.
[map_server-11] [INFO] [1790348390.141989579] [map_server]: Creating
[amcl-12] [0m[INFO] [1790348390.142167045] [amcl]: Creating[0m
[lifecycle_manager-13] [INFO] [1790348390.149204408] [lifecycle_manager_localization]: Creating
[lifecycle_manager-13] [INFO] [1790348390.164669551] [lifecycle_manager_localization]: [34m[1mCreating and initializing lifecycle service clients[0m[0m
[lifecycle_manager-13] [INFO] [1790348390.213343495] [lifecycle_manager_localization]: [34m[1mStarting managed nodes bringup...[0m[0m
[lifecycle_manager-13] [INFO] [1790348390.213559647] [lifecycle_manager_localization]: [34m[1mConfiguring map_server[0m[0m
[map_server-11] [INFO] [1790348390.216107562] [map_server]: Configuring
[map_server-11] [INFO] [1790348390.216237221] [map_io]: Loading yaml file: /home/molar1/bumperbot_ws/install/robot_lab_maps/share/robot_lab_maps/maps/terrain_stairs/maps/map.yaml
[map_server-11] [INFO] [1790348390.216618328] [map_io]: resolution: 0.05
[map_server-11] [INFO] [1790348390.216636376] [map_io]: origin[0]: -9
[map_server-11] [INFO] [1790348390.216642424] [map_io]: origin[1]: -9
[map_server-11] [INFO] [1790348390.216646967] [map_io]: origin[2]: 0
[map_server-11] [INFO] [1790348390.216651927] [map_io]: free_thresh: 0.196
[map_server-11] [INFO] [1790348390.216656663] [map_io]: occupied_thresh: 0.65
[map_server-11] [INFO] [1790348390.216662231] [map_io]: mode: trinary
[map_server-11] [INFO] [1790348390.216668407] [map_io]: negate: 0
[map_server-11] [INFO] [1790348390.216947757] [map_io]: Loading image_file: /home/molar1/bumperbot_ws/install/robot_lab_maps/share/robot_lab_maps/maps/terrain_stairs/maps/map.pgm
[map_server-11] [INFO] [1790348390.238263039] [map_io]: Read map /home/molar1/bumperbot_ws/install/robot_lab_maps/share/robot_lab_maps/maps/terrain_stairs/maps/map.pgm: 360 X 360 map @ 0.05 m/cell
[lifecycle_manager-13] [INFO] [1790348390.248692800] [lifecycle_manager_localization]: [34m[1mConfiguring amcl[0m[0m
[amcl-12] [0m[INFO] [1790348390.250001044] [amcl]: Configuring[0m
[amcl-12] [0m[INFO] [1790348390.250192397] [amcl]: initTransforms[0m
[amcl-12] [0m[INFO] [1790348390.262500430] [amcl]: initPubSub[0m
[amcl-12] [0m[INFO] [1790348390.272202184] [amcl]: Subscribed to map topic.[0m
[lifecycle_manager-13] [INFO] [1790348390.280933089] [lifecycle_manager_localization]: [34m[1mActivating map_server[0m[0m
[map_server-11] [INFO] [1790348390.281275318] [map_server]: Activating
[map_server-11] [INFO] [1790348390.281700328] [map_server]: Creating bond (map_server) to lifecycle manager.
[amcl-12] [0m[INFO] [1790348390.283159670] [amcl]: Received a 360 X 360 map @ 0.050 m/pix[0m
[lifecycle_manager-13] [INFO] [1790348390.385964015] [lifecycle_manager_localization]: Server map_server connected with bond.
[lifecycle_manager-13] [INFO] [1790348390.386054028] [lifecycle_manager_localization]: [34m[1mActivating amcl[0m[0m
[amcl-12] [0m[INFO] [1790348390.386708565] [amcl]: Activating[0m
[amcl-12] [0m[INFO] [1790348390.386816466] [amcl]: initialPoseReceived[0m
[amcl-12] [0m[INFO] [1790348390.387056106] [amcl]: Setting pose (0.580000): -7.500 -4.000 0.000[0m
[amcl-12] [0m[INFO] [1790348390.387639094] [amcl]: Creating bond (amcl) to lifecycle manager.[0m
[amcl-12] [0m[INFO] [1790348390.445037128] [amcl]: createLaserObject[0m
[lifecycle_manager-13] [INFO] [1790348390.495308842] [lifecycle_manager_localization]: Server amcl connected with bond.
[lifecycle_manager-13] [INFO] [1790348390.495400967] [lifecycle_manager_localization]: [34m[1mManaged nodes are active[0m[0m
[lifecycle_manager-13] [INFO] [1790348390.495423399] [lifecycle_manager_localization]: [34m[1mCreating bond timer...[0m[0m
[wheel_imu_fusion-16] [INFO] [1790348390.801241959] [sensor_fusion_wheel_imu_fusion]: wheel_imu_fusion ready
[go2-stance-gait-controller-1] [WARN] [1790348393.369431939] [go2_stance_gait_controller]: Go2 safety warn: tilt 0.35 rad exceeds warn threshold
[go2-stance-gait-controller-1] [WARN] [1790348394.033121881] [go2_stance_gait_controller]: Go2 safety nominal: attitude recovered
[WARNING] [launch]: user interrupted with ctrl-c (SIGINT)
[amcl-12] [0m[INFO] [1790348473.117301922] [rclcpp]: signal_handler(SIGINT/SIGTERM)[0m
[amcl-12] [0m[INFO] [1790348473.117460349] [amcl]: Running Nav2 LifecycleNode rcl preshutdown (amcl)[0m
[amcl-12] [0m[INFO] [1790348473.117580025] [amcl]: Deactivating[0m
[amcl-12] [0m[INFO] [1790348473.117615160] [amcl]: Destroying bond (amcl) to lifecycle manager.[0m
[robot_state_publisher-2] [INFO] [1790348473.117259140] [rclcpp]: signal_handler(SIGINT/SIGTERM)
[twist_marker-7] [INFO] [1790348473.117250180] [rclcpp]: signal_handler(SIGINT/SIGTERM)
[ekf_node-14] [INFO] [1790348473.117250276] [rclcpp]: signal_handler(SIGINT/SIGTERM)
[map_server-11] [INFO] [1790348473.117291650] [rclcpp]: signal_handler(SIGINT/SIGTERM)
[map_server-11] [INFO] [1790348473.117454429] [map_server]: Running Nav2 LifecycleNode rcl preshutdown (map_server)
[map_server-11] [INFO] [1790348473.117574777] [map_server]: Deactivating
[map_server-11] [INFO] [1790348473.117598200] [map_server]: Destroying bond (map_server) to lifecycle manager.
[lifecycle_manager-13] [INFO] [1790348473.117816529] [rclcpp]: signal_handler(SIGINT/SIGTERM)
[lifecycle_manager-13] [INFO] [1790348473.117912462] [lifecycle_manager_localization]: Running Nav2 LifecycleManager rcl preshutdown (lifecycle_manager_localization)
[lifecycle_manager-13] [INFO] [1790348473.117970476] [lifecycle_manager_localization]: [34m[1mTerminating bond timer...[0m[0m
[joy_node-5] [INFO] [1790348473.117815697] [rclcpp]: signal_handler(SIGINT/SIGTERM)
[twist_mux-6] [INFO] [1790348473.117978316] [rclcpp]: signal_handler(SIGINT/SIGTERM)
[twist_relay-9] [INFO] [1790348473.125829704] [rclcpp]: signal_handler(SIGINT/SIGTERM)
[amcl-12] [0m[INFO] [1790348473.128043166] [amcl]: Cleaning up[0m
[map_server-11] [INFO] [1790348473.127983168] [map_server]: Cleaning up
[map_server-11] [INFO] [1790348473.128088285] [map_server]: Destroying bond (map_server) to lifecycle manager.
[amcl-12] [0m[INFO] [1790348473.147114695] [amcl]: Destroying bond (amcl) to lifecycle manager.[0m
[map_server-11] [INFO] [1790348473.282451622] [map_server]: Destroying
[amcl-12] [0m[INFO] [1790348473.288537340] [amcl]: Destroying[0m
[lifecycle_manager-13] [INFO] [1790348473.291035402] [lifecycle_manager_localization]: Destroying lifecycle_manager_localization
[INFO] [robot_state_publisher-2]: process has finished cleanly [pid 1511270]
[INFO] [joy_node-5]: process has finished cleanly [pid 1511276]
[INFO] [ekf_node-14]: process has finished cleanly [pid 1511521]
[INFO] [twist_marker-7]: process has finished cleanly [pid 1511280]
[INFO] [twist_relay-9]: process has finished cleanly [pid 1511284]
[INFO] [twist_mux-6]: process has finished cleanly [pid 1511278]
[joy_teleop-4] Traceback (most recent call last):
[joy_teleop-4]   File "/opt/ros/humble/lib/joy_teleop/joy_teleop", line 33, in <module>
[joy_teleop-4]     sys.exit(load_entry_point('joy-teleop==1.6.0', 'console_scripts', 'joy_teleop')())
[joy_teleop-4]   File "/opt/ros/humble/lib/python3.10/site-packages/joy_teleop/joy_teleop.py", line 442, in main
[joy_teleop-4]     rclpy.shutdown()
[joy_teleop-4]   File "/opt/ros/humble/local/lib/python3.10/dist-packages/rclpy/__init__.py", line 130, in shutdown
[joy_teleop-4]     _shutdown(context=context)
[joy_teleop-4]   File "/opt/ros/humble/local/lib/python3.10/dist-packages/rclpy/utilities.py", line 58, in shutdown
[joy_teleop-4]     return context.shutdown()
[joy_teleop-4]   File "/opt/ros/humble/local/lib/python3.10/dist-packages/rclpy/context.py", line 102, in shutdown
[joy_teleop-4]     self.__context.shutdown()
[joy_teleop-4] rclpy._rclpy_pybind11.RCLError: failed to shutdown: rcl_shutdown already called on the given context, at ./src/rcl/init.c:241
[INFO] [lifecycle_manager-13]: process has finished cleanly [pid 1511519]
[INFO] [map_server-11]: process has finished cleanly [pid 1511515]
[INFO] [amcl-12]: process has finished cleanly [pid 1511517]
[INFO] [imu_republisher.py-15]: process has finished cleanly [pid 1511523]
[INFO] [wheel_imu_fusion-16]: process has finished cleanly [pid 1511525]
[INFO] [go2-stance-gait-controller-1]: process has finished cleanly [pid 1511268]
[INFO] [joystick_relay.py-8]: process has finished cleanly [pid 1511282]
[INFO] [mujoco_spawner-3]: process has finished cleanly [pid 1511272]
[ERROR] [joy_teleop-4]: process has died [pid 1511274, exit code 1, cmd '/opt/ros/humble/lib/joy_teleop/joy_teleop --ros-args --params-file /home/molar1/bumperbot_ws/install/robot_lab_controller/share/robot_lab_controller/config/joy_teleop.yaml --params-file /workspace/molar/.tmp/launch_params_i7aquso5'].
