[INFO] [launch]: All log files can be found below /home/molar1/.ros/log/2026-09-29-11-15-57-220400-molar1-732445
[INFO] [launch]: Default logging verbosity is set to INFO
[robot_lab] algorithm localization=amcl -> global_localization stack
[robot_lab] algorithm state_estimation=ekf_localization_node -> local_localization stack
[robot_lab] algorithm sensor_fusion=wheel_imu_fusion -> node robot_lab_algorithms/wheel_imu_fusion
[INFO] [go2-stance-gait-controller-1]: process started with pid [732479]
[INFO] [robot_state_publisher-2]: process started with pid [732481]
[INFO] [mujoco_spawner-3]: process started with pid [732483]
[INFO] [joy_teleop-4]: process started with pid [732485]
[INFO] [joy_node-5]: process started with pid [732487]
[INFO] [twist_mux-6]: process started with pid [732493]
[INFO] [twist_marker-7]: process started with pid [732503]
[INFO] [joystick_relay.py-8]: process started with pid [732525]
[INFO] [twist_relay-9]: process started with pid [732527]
[INFO] [simulator_ready_gate-10]: process started with pid [732535]
[robot_state_publisher-2] [INFO] [1790673358.189494703] [robot_state_publisher]: got segment FL_calf
[robot_state_publisher-2] [INFO] [1790673358.189690475] [robot_state_publisher]: got segment FL_calf_rotor
[robot_state_publisher-2] [INFO] [1790673358.189710411] [robot_state_publisher]: got segment FL_foot
[robot_state_publisher-2] [INFO] [1790673358.189720267] [robot_state_publisher]: got segment FL_hip
[robot_state_publisher-2] [INFO] [1790673358.189727946] [robot_state_publisher]: got segment FL_hip_rotor
[robot_state_publisher-2] [INFO] [1790673358.189735466] [robot_state_publisher]: got segment FL_thigh
[robot_state_publisher-2] [INFO] [1790673358.189742986] [robot_state_publisher]: got segment FL_thigh_rotor
[robot_state_publisher-2] [INFO] [1790673358.189750858] [robot_state_publisher]: got segment FR_calf
[robot_state_publisher-2] [INFO] [1790673358.189758666] [robot_state_publisher]: got segment FR_calf_rotor
[robot_state_publisher-2] [INFO] [1790673358.189766218] [robot_state_publisher]: got segment FR_foot
[robot_state_publisher-2] [INFO] [1790673358.189773993] [robot_state_publisher]: got segment FR_hip
[robot_state_publisher-2] [INFO] [1790673358.189781737] [robot_state_publisher]: got segment FR_hip_rotor
[robot_state_publisher-2] [INFO] [1790673358.189895463] [robot_state_publisher]: got segment FR_thigh
[robot_state_publisher-2] [INFO] [1790673358.189921254] [robot_state_publisher]: got segment FR_thigh_rotor
[robot_state_publisher-2] [INFO] [1790673358.189932646] [robot_state_publisher]: got segment RL_calf
[robot_state_publisher-2] [INFO] [1790673358.189941062] [robot_state_publisher]: got segment RL_calf_rotor
[robot_state_publisher-2] [INFO] [1790673358.189948614] [robot_state_publisher]: got segment RL_foot
[robot_state_publisher-2] [INFO] [1790673358.189955718] [robot_state_publisher]: got segment RL_hip
[robot_state_publisher-2] [INFO] [1790673358.190000005] [robot_state_publisher]: got segment RL_hip_rotor
[robot_state_publisher-2] [INFO] [1790673358.190013701] [robot_state_publisher]: got segment RL_thigh
[robot_state_publisher-2] [INFO] [1790673358.190021124] [robot_state_publisher]: got segment RL_thigh_rotor
[robot_state_publisher-2] [INFO] [1790673358.190028548] [robot_state_publisher]: got segment RR_calf
[robot_state_publisher-2] [INFO] [1790673358.190059204] [robot_state_publisher]: got segment RR_calf_rotor
[robot_state_publisher-2] [INFO] [1790673358.190069443] [robot_state_publisher]: got segment RR_foot
[robot_state_publisher-2] [INFO] [1790673358.190076579] [robot_state_publisher]: got segment RR_hip
[robot_state_publisher-2] [INFO] [1790673358.190083587] [robot_state_publisher]: got segment RR_hip_rotor
[robot_state_publisher-2] [INFO] [1790673358.190090819] [robot_state_publisher]: got segment RR_thigh
[robot_state_publisher-2] [INFO] [1790673358.190097699] [robot_state_publisher]: got segment RR_thigh_rotor
[robot_state_publisher-2] [INFO] [1790673358.190104547] [robot_state_publisher]: got segment base
[robot_state_publisher-2] [INFO] [1790673358.190111427] [robot_state_publisher]: got segment front_camera
[robot_state_publisher-2] [INFO] [1790673358.190118402] [robot_state_publisher]: got segment imu_link
[robot_state_publisher-2] [INFO] [1790673358.190125666] [robot_state_publisher]: got segment trunk
[twist_mux-6] [INFO] [1790673358.199708832] [twist_mux]: Topic handler 'topics.joystick' subscribed to topic 'joy_vel': timeout = 0.500000s , priority = 99.
[twist_mux-6] [INFO] [1790673358.200599565] [twist_mux]: Topic handler 'topics.keyboard' subscribed to topic 'key_vel': timeout = 0.500000s , priority = 90.
[twist_mux-6] [INFO] [1790673358.200750986] [twist_mux]: Topic handler 'topics.navigation' subscribed to topic 'cmd_vel': timeout = 0.500000s , priority = 80.
[twist_mux-6] [INFO] [1790673358.200869992] [twist_mux]: Topic handler 'locks.safety_stop' subscribed to topic 'safety_stop': timeout = None , priority = 255.
[go2-stance-gait-controller-1] [0;93m2026-09-29 11:15:58.919784498 [W:onnxruntime:Default, device_discovery.cc:164 DiscoverDevicesForPlatform] GPU device discovery failed: device_discovery.cc:89 ReadFileContents Failed to open file: "/sys/class/drm/card1/device/vendor"[m
[go2-stance-gait-controller-1] [INFO] [1790673358.996428124] [go2_stance_gait_controller]: Go2 closed-loop stance: 12 effort joints at 250.0 Hz; controller ONNX velocity policy
[mujoco_spawner-3] [INFO] [1790673360.246059586] [mujoco_spawner]: MuJoCo: 18 collision proxy geom(s) moved to group 3 (viewer Rendering tab to show them).
[mujoco_spawner-3] [INFO] [1790673360.293585339] [mujoco_spawner]: MuJoCo URDF import OK (all meshes staged).
[mujoco_spawner-3] [WARN] [1790673360.304610779] [mujoco_spawner]: MuJoCo effort plant: no MJCF beside /home/molar1/bumperbot_ws/install/robot_lab_robots/share/robot_lab_robots/unitree/go2_description/xacro/go2_sim.xacro names every effort joint; keeping the URDF <dynamics> (damping=5.0 is a Gazebo stabiliser the robot does not have).
[mujoco_spawner-3] [INFO] [1790673360.350879247] [mujoco_spawner]: MuJoCo physics timestep: 0.0010 s
[mujoco_spawner-3] [INFO] [1790673360.352833511] [mujoco_spawner]: Robot has no 'oakd_rgb_camera_frame' link; no RGB-D camera is published.
[mujoco_spawner-3] [INFO] [1790673360.353868978] [mujoco_spawner]: Joints: ['FR_hip_joint', 'FR_thigh_joint', 'FR_calf_joint', 'FL_hip_joint', 'FL_thigh_joint', 'FL_calf_joint', 'RR_hip_joint', 'RR_thigh_joint', 'RR_calf_joint', 'RL_hip_joint', 'RL_thigh_joint', 'RL_calf_joint']   lw= rw=
[mujoco_spawner-3] [INFO] [1790673360.356091749] [mujoco_spawner]: MuJoCo effort joint armature: 0.0100 kg m^2
[mujoco_spawner-3] [INFO] [1790673360.357712452] [mujoco_spawner]: Joint effort input: /go2_group_effort_controller/commands (12 joints, URDF limits)
[mujoco_spawner-3] [INFO] [1790673360.359659804] [mujoco_spawner]: Spawn ground clearance: raised root by 0.1939 m
[mujoco_spawner-3] [INFO] [1790673360.360658216] [mujoco_spawner]: MuJoCo model loaded: 14 bodies, 13 joints
[mujoco_spawner-3] [INFO] [1790673360.361338618] [mujoco_spawner]: MuJoCo gui param=False (resolved=False), DISPLAY=:1 -> mode=DIRECT
[mujoco_spawner-3] [INFO] [1790673360.361966733] [mujoco_spawner]: MuJoCo running headless (gui=False, viewer=True).
[mujoco_spawner-3] [INFO] [1790673360.365853566] [mujoco_spawner]: MuJoCo spawner running.
[go2-stance-gait-controller-1] [WARN] [1790673360.369937547] [go2_stance_gait_controller]: Go2 safety safe_stop: tilt 0.90 rad exceeds fall threshold
[go2-stance-gait-controller-1] [INFO] [1790673360.370899736] [go2_stance_gait_controller]: Go2 recovery idle
[go2-stance-gait-controller-1] [INFO] [1790673360.491263337] [go2_stance_gait_controller]: Go2 recovery waiting
[INFO] [simulator_ready_gate-10]: process has finished cleanly [pid 732535]
[INFO] [amcl-12]: process started with pid [732725]
[INFO] [map_server-11]: process started with pid [732723]
[INFO] [lifecycle_manager-13]: process started with pid [732727]
[INFO] [ekf_node-14]: process started with pid [732729]
[INFO] [imu_republisher.py-15]: process started with pid [732731]
[INFO] [wheel_imu_fusion-16]: process started with pid [732744]
[amcl-12] [0m[INFO] [1790673360.833571675] [amcl]: 
[amcl-12] 	amcl lifecycle node launched. 
[amcl-12] 	Waiting on external lifecycle transitions to activate
[amcl-12] 	See https://design.ros2.org/articles/node_lifecycle.html for more information.[0m
[amcl-12] [0m[INFO] [1790673360.837305199] [amcl]: Creating[0m
[map_server-11] [INFO] [1790673360.859232433] [map_server]: 
[map_server-11] 	map_server lifecycle node launched. 
[map_server-11] 	Waiting on external lifecycle transitions to activate
[map_server-11] 	See https://design.ros2.org/articles/node_lifecycle.html for more information.
[lifecycle_manager-13] [INFO] [1790673360.859731303] [lifecycle_manager_localization]: Creating
[map_server-11] [INFO] [1790673360.861435076] [map_server]: Creating
[lifecycle_manager-13] [INFO] [1790673360.865435283] [lifecycle_manager_localization]: [34m[1mCreating and initializing lifecycle service clients[0m[0m
[lifecycle_manager-13] [INFO] [1790673360.891152136] [lifecycle_manager_localization]: [34m[1mStarting managed nodes bringup...[0m[0m
[lifecycle_manager-13] [INFO] [1790673360.898627568] [lifecycle_manager_localization]: [34m[1mConfiguring map_server[0m[0m
[map_server-11] [INFO] [1790673360.911971361] [map_server]: Configuring
[map_server-11] [INFO] [1790673360.912124062] [map_io]: Loading yaml file: /home/molar1/bumperbot_ws/install/robot_lab_maps/share/robot_lab_maps/maps/nav_empty/maps/map.yaml
[map_server-11] [INFO] [1790673360.912569653] [map_io]: resolution: 0.05
[map_server-11] [INFO] [1790673360.912604788] [map_io]: origin[0]: -7
[map_server-11] [INFO] [1790673360.912611252] [map_io]: origin[1]: -7
[map_server-11] [INFO] [1790673360.912615636] [map_io]: origin[2]: 0
[map_server-11] [INFO] [1790673360.912620724] [map_io]: free_thresh: 0.196
[map_server-11] [INFO] [1790673360.912625524] [map_io]: occupied_thresh: 0.65
[map_server-11] [INFO] [1790673360.912631828] [map_io]: mode: trinary
[map_server-11] [INFO] [1790673360.912638963] [map_io]: negate: 0
[map_server-11] [INFO] [1790673360.912963725] [map_io]: Loading image_file: /home/molar1/bumperbot_ws/install/robot_lab_maps/share/robot_lab_maps/maps/nav_empty/maps/map.pgm
[map_server-11] [INFO] [1790673360.923305371] [map_io]: Read map /home/molar1/bumperbot_ws/install/robot_lab_maps/share/robot_lab_maps/maps/nav_empty/maps/map.pgm: 280 X 280 map @ 0.05 m/cell
[lifecycle_manager-13] [INFO] [1790673360.931858509] [lifecycle_manager_localization]: [34m[1mConfiguring amcl[0m[0m
[amcl-12] [0m[INFO] [1790673360.932327651] [amcl]: Configuring[0m
[amcl-12] [0m[INFO] [1790673360.932500384] [amcl]: initTransforms[0m
[amcl-12] [0m[INFO] [1790673360.946058860] [amcl]: initPubSub[0m
[amcl-12] [0m[INFO] [1790673360.957324295] [amcl]: Subscribed to map topic.[0m
[lifecycle_manager-13] [INFO] [1790673360.973556253] [lifecycle_manager_localization]: [34m[1mActivating map_server[0m[0m
[map_server-11] [INFO] [1790673360.974150097] [map_server]: Activating
[map_server-11] [INFO] [1790673360.974950849] [map_server]: Creating bond (map_server) to lifecycle manager.
[amcl-12] [0m[INFO] [1790673360.976861978] [amcl]: Received a 280 X 280 map @ 0.050 m/pix[0m
[lifecycle_manager-13] [INFO] [1790673361.084231251] [lifecycle_manager_localization]: Server map_server connected with bond.
[lifecycle_manager-13] [INFO] [1790673361.084325681] [lifecycle_manager_localization]: [34m[1mActivating amcl[0m[0m
[amcl-12] [0m[INFO] [1790673361.084705226] [amcl]: Activating[0m
[amcl-12] [0m[INFO] [1790673361.084844103] [amcl]: initialPoseReceived[0m
[amcl-12] [0m[INFO] [1790673361.085096098] [amcl]: Setting pose (0.500000): -0.500 -0.500 0.000[0m
[amcl-12] [0m[INFO] [1790673361.085719253] [amcl]: Creating bond (amcl) to lifecycle manager.[0m
[lifecycle_manager-13] [INFO] [1790673361.189410425] [lifecycle_manager_localization]: Server amcl connected with bond.
[lifecycle_manager-13] [INFO] [1790673361.189492344] [lifecycle_manager_localization]: [34m[1mManaged nodes are active[0m[0m
[lifecycle_manager-13] [INFO] [1790673361.189516439] [lifecycle_manager_localization]: [34m[1mCreating bond timer...[0m[0m
[amcl-12] [0m[INFO] [1790673361.259368043] [amcl]: createLaserObject[0m
[go2-stance-gait-controller-1] [INFO] [1790673361.492458089] [go2_stance_gait_controller]: Go2 recovery attempting:tuck
[wheel_imu_fusion-16] [INFO] [1790673361.615805022] [sensor_fusion_wheel_imu_fusion]: wheel_imu_fusion ready
[go2-stance-gait-controller-1] [INFO] [1790673369.495732135] [go2_stance_gait_controller]: Go2 recovery unrecoverable:tuck
[amcl-12] [0m[INFO] [1790673385.223065455] [rclcpp]: signal_handler(SIGINT/SIGTERM)[0m
[amcl-12] [0m[INFO] [1790673385.223231148] [amcl]: Running Nav2 LifecycleNode rcl preshutdown (amcl)[0m
[amcl-12] [0m[INFO] [1790673385.223357033] [amcl]: Deactivating[0m
[amcl-12] [0m[INFO] [1790673385.223447367] [amcl]: Destroying bond (amcl) to lifecycle manager.[0m
[twist_mux-6] [INFO] [1790673385.223065871] [rclcpp]: signal_handler(SIGINT/SIGTERM)
[robot_state_publisher-2] [INFO] [1790673385.223083855] [rclcpp]: signal_handler(SIGINT/SIGTERM)
[twist_marker-7] [INFO] [1790673385.223068431] [rclcpp]: signal_handler(SIGINT/SIGTERM)
[ekf_node-14] [INFO] [1790673385.223124206] [rclcpp]: signal_handler(SIGINT/SIGTERM)
[twist_relay-9] [INFO] [1790673385.223231948] [rclcpp]: signal_handler(SIGINT/SIGTERM)
[joy_node-5] [INFO] [1790673385.223366729] [rclcpp]: signal_handler(SIGINT/SIGTERM)
[lifecycle_manager-13] [INFO] [1790673385.223621668] [rclcpp]: signal_handler(SIGINT/SIGTERM)
[lifecycle_manager-13] [INFO] [1790673385.223713634] [lifecycle_manager_localization]: Running Nav2 LifecycleManager rcl preshutdown (lifecycle_manager_localization)
[lifecycle_manager-13] [INFO] [1790673385.223765857] [lifecycle_manager_localization]: [34m[1mTerminating bond timer...[0m[0m
[map_server-11] [INFO] [1790673385.223835455] [rclcpp]: signal_handler(SIGINT/SIGTERM)
[map_server-11] [INFO] [1790673385.223971325] [map_server]: Running Nav2 LifecycleNode rcl preshutdown (map_server)
[map_server-11] [INFO] [1790673385.224063899] [map_server]: Deactivating
[map_server-11] [INFO] [1790673385.224086746] [map_server]: Destroying bond (map_server) to lifecycle manager.
[map_server-11] [INFO] [1790673385.234610660] [map_server]: Cleaning up
[map_server-11] [INFO] [1790673385.234723042] [map_server]: Destroying bond (map_server) to lifecycle manager.
[amcl-12] [0m[INFO] [1790673385.236643483] [amcl]: Cleaning up[0m
[amcl-12] [0m[INFO] [1790673385.261451491] [amcl]: Destroying bond (amcl) to lifecycle manager.[0m
[joy_teleop-4] Traceback (most recent call last):
[joy_teleop-4]   File "/opt/ros/humble/lib/joy_teleop/joy_teleop", line 33, in <module>
[joy_teleop-4]     sys.exit(load_entry_point('joy-teleop==1.6.0', 'console_scripts', 'joy_teleop')())
[joy_teleop-4]   File "/opt/ros/humble/lib/python3.10/site-packages/joy_teleop/joy_teleop.py", line 435, in main
[joy_teleop-4]     rclpy.spin(node)
[joy_teleop-4]   File "/opt/ros/humble/local/lib/python3.10/dist-packages/rclpy/__init__.py", line 229, in spin
[joy_teleop-4]     executor.spin_once()
[joy_teleop-4]   File "/opt/ros/humble/local/lib/python3.10/dist-packages/rclpy/executors.py", line 812, in spin_once
[joy_teleop-4]     self._spin_once_impl(timeout_sec)
[joy_teleop-4]   File "/opt/ros/humble/local/lib/python3.10/dist-packages/rclpy/executors.py", line 801, in _spin_once_impl
[joy_teleop-4]     handler, entity, node = self.wait_for_ready_callbacks(timeout_sec=timeout_sec)
[joy_teleop-4]   File "/opt/ros/humble/local/lib/python3.10/dist-packages/rclpy/executors.py", line 784, in wait_for_ready_callbacks
[joy_teleop-4]     return next(self._cb_iter)
[joy_teleop-4]   File "/opt/ros/humble/local/lib/python3.10/dist-packages/rclpy/executors.py", line 685, in _wait_for_ready_callbacks
[joy_teleop-4]     raise ExternalShutdownException()
[joy_teleop-4] rclpy.executors.ExternalShutdownException
[amcl-12] [0m[INFO] [1790673385.327725280] [amcl]: Destroying[0m
[lifecycle_manager-13] [INFO] [1790673385.327719520] [lifecycle_manager_localization]: Destroying lifecycle_manager_localization
[map_server-11] [INFO] [1790673385.330144750] [map_server]: Destroying
[INFO] [ekf_node-14]: process has finished cleanly [pid 732729]
[INFO] [twist_relay-9]: process has finished cleanly [pid 732527]
[INFO] [twist_marker-7]: process has finished cleanly [pid 732503]
[INFO] [robot_state_publisher-2]: process has finished cleanly [pid 732481]
[INFO] [twist_mux-6]: process has finished cleanly [pid 732493]
[INFO] [joy_node-5]: process has finished cleanly [pid 732487]
[mujoco_spawner-3] Traceback (most recent call last):
[mujoco_spawner-3]   File "/home/molar1/bumperbot_ws/install/robot_lab_mujoco/lib/robot_lab_mujoco/mujoco_spawner", line 33, in <module>
[mujoco_spawner-3]     sys.exit(load_entry_point('robot_lab_mujoco==0.1.0', 'console_scripts', 'mujoco_spawner')())
[mujoco_spawner-3]   File "/home/molar1/bumperbot_ws/install/robot_lab_mujoco/lib/python3.10/site-packages/robot_lab_mujoco/mujoco_spawner.py", line 2041, in main
[mujoco_spawner-3]     rclpy.spin(node)
[mujoco_spawner-3]   File "/opt/ros/humble/local/lib/python3.10/dist-packages/rclpy/__init__.py", line 229, in spin
[mujoco_spawner-3]     executor.spin_once()
[mujoco_spawner-3]   File "/opt/ros/humble/local/lib/python3.10/dist-packages/rclpy/executors.py", line 812, in spin_once
[mujoco_spawner-3]     self._spin_once_impl(timeout_sec)
[mujoco_spawner-3]   File "/opt/ros/humble/local/lib/python3.10/dist-packages/rclpy/executors.py", line 801, in _spin_once_impl
[mujoco_spawner-3]     handler, entity, node = self.wait_for_ready_callbacks(timeout_sec=timeout_sec)
[mujoco_spawner-3]   File "/opt/ros/humble/local/lib/python3.10/dist-packages/rclpy/executors.py", line 784, in wait_for_ready_callbacks
[mujoco_spawner-3]     return next(self._cb_iter)
[mujoco_spawner-3]   File "/opt/ros/humble/local/lib/python3.10/dist-packages/rclpy/executors.py", line 657, in _wait_for_ready_callbacks
[mujoco_spawner-3]     wait_set = _rclpy.WaitSet(
[mujoco_spawner-3] rclpy._rclpy_pybind11.RCLError: failed to initialize wait set: the given context is not valid, either rcl_init() was not called or rcl_shutdown() was called., at ./src/rcl/wait.c:130
[imu_republisher.py-15] Traceback (most recent call last):
[imu_republisher.py-15]   File "/home/molar1/bumperbot_ws/install/robot_lab_localization/lib/robot_lab_localization/imu_republisher.py", line 54, in <module>
[imu_republisher.py-15]     main()
[imu_republisher.py-15]   File "/home/molar1/bumperbot_ws/install/robot_lab_localization/lib/robot_lab_localization/imu_republisher.py", line 45, in main
[imu_republisher.py-15]     rclpy.spin(node)
[imu_republisher.py-15]   File "/opt/ros/humble/local/lib/python3.10/dist-packages/rclpy/__init__.py", line 229, in spin
[imu_republisher.py-15]     executor.spin_once()
[imu_republisher.py-15]   File "/opt/ros/humble/local/lib/python3.10/dist-packages/rclpy/executors.py", line 812, in spin_once
[imu_republisher.py-15]     self._spin_once_impl(timeout_sec)
[imu_republisher.py-15]   File "/opt/ros/humble/local/lib/python3.10/dist-packages/rclpy/executors.py", line 801, in _spin_once_impl
[imu_republisher.py-15]     handler, entity, node = self.wait_for_ready_callbacks(timeout_sec=timeout_sec)
[imu_republisher.py-15]   File "/opt/ros/humble/local/lib/python3.10/dist-packages/rclpy/executors.py", line 784, in wait_for_ready_callbacks
[imu_republisher.py-15]     return next(self._cb_iter)
[imu_republisher.py-15]   File "/opt/ros/humble/local/lib/python3.10/dist-packages/rclpy/executors.py", line 685, in _wait_for_ready_callbacks
[imu_republisher.py-15]     raise ExternalShutdownException()
[imu_republisher.py-15] rclpy.executors.ExternalShutdownException
[INFO] [wheel_imu_fusion-16]: process has finished cleanly [pid 732744]
[INFO] [lifecycle_manager-13]: process has finished cleanly [pid 732727]
[INFO] [map_server-11]: process has finished cleanly [pid 732723]
[INFO] [amcl-12]: process has finished cleanly [pid 732725]
[INFO] [go2-stance-gait-controller-1]: process has finished cleanly [pid 732479]
[INFO] [joystick_relay.py-8]: process has finished cleanly [pid 732525]
[ERROR] [imu_republisher.py-15]: process has died [pid 732731, exit code 1, cmd '/home/molar1/bumperbot_ws/install/robot_lab_localization/lib/robot_lab_localization/imu_republisher.py --ros-args --params-file /workspace/molar/.tmp/launch_params_71df2957'].
[ERROR] [joy_teleop-4]: process has died [pid 732485, exit code 1, cmd '/opt/ros/humble/lib/joy_teleop/joy_teleop --ros-args --params-file /home/molar1/bumperbot_ws/install/robot_lab_controller/share/robot_lab_controller/config/joy_teleop.yaml --params-file /workspace/molar/.tmp/launch_params_sft3qpsu'].
[ERROR] [mujoco_spawner-3]: process has died [pid 732483, exit code 1, cmd '/home/molar1/bumperbot_ws/install/robot_lab_mujoco/lib/robot_lab_mujoco/mujoco_spawner --ros-args -r __node:=mujoco_spawner --params-file /workspace/molar/.tmp/launch_params__2d00biu'].
