[INFO] [launch]: All log files can be found below /home/molar1/.ros/log/2026-09-28-14-44-01-062704-molar1-264543
[INFO] [launch]: Default logging verbosity is set to INFO
[robot_lab] algorithm localization=amcl -> global_localization stack
[robot_lab] algorithm state_estimation=ekf_localization_node -> local_localization stack
[robot_lab] algorithm sensor_fusion=wheel_imu_fusion -> node robot_lab_algorithms/wheel_imu_fusion
[INFO] [go2-stance-gait-controller-1]: process started with pid [264594]
[INFO] [robot_state_publisher-2]: process started with pid [264596]
[INFO] [mujoco_spawner-3]: process started with pid [264598]
[INFO] [joy_teleop-4]: process started with pid [264600]
[INFO] [joy_node-5]: process started with pid [264602]
[INFO] [twist_mux-6]: process started with pid [264604]
[INFO] [twist_marker-7]: process started with pid [264606]
[INFO] [joystick_relay.py-8]: process started with pid [264608]
[INFO] [twist_relay-9]: process started with pid [264614]
[INFO] [simulator_ready_gate-10]: process started with pid [264620]
[robot_state_publisher-2] [INFO] [1790599441.990585401] [robot_state_publisher]: got segment FL_calf
[robot_state_publisher-2] [INFO] [1790599441.992108125] [robot_state_publisher]: got segment FL_calf_rotor
[robot_state_publisher-2] [INFO] [1790599441.993933219] [robot_state_publisher]: got segment FL_foot
[robot_state_publisher-2] [INFO] [1790599441.995032870] [robot_state_publisher]: got segment FL_hip
[robot_state_publisher-2] [INFO] [1790599441.995830344] [robot_state_publisher]: got segment FL_hip_rotor
[robot_state_publisher-2] [INFO] [1790599441.996510922] [robot_state_publisher]: got segment FL_thigh
[robot_state_publisher-2] [INFO] [1790599441.997096172] [robot_state_publisher]: got segment FL_thigh_rotor
[robot_state_publisher-2] [INFO] [1790599441.997610734] [robot_state_publisher]: got segment FR_calf
[robot_state_publisher-2] [INFO] [1790599441.998132559] [robot_state_publisher]: got segment FR_calf_rotor
[robot_state_publisher-2] [INFO] [1790599441.998681329] [robot_state_publisher]: got segment FR_foot
[robot_state_publisher-2] [INFO] [1790599441.999227762] [robot_state_publisher]: got segment FR_hip
[robot_state_publisher-2] [INFO] [1790599441.999794452] [robot_state_publisher]: got segment FR_hip_rotor
[robot_state_publisher-2] [INFO] [1790599442.000353142] [robot_state_publisher]: got segment FR_thigh
[robot_state_publisher-2] [INFO] [1790599442.000916279] [robot_state_publisher]: got segment FR_thigh_rotor
[robot_state_publisher-2] [INFO] [1790599442.001490265] [robot_state_publisher]: got segment RL_calf
[robot_state_publisher-2] [INFO] [1790599442.002135515] [robot_state_publisher]: got segment RL_calf_rotor
[robot_state_publisher-2] [INFO] [1790599442.002805277] [robot_state_publisher]: got segment RL_foot
[robot_state_publisher-2] [INFO] [1790599442.003480639] [robot_state_publisher]: got segment RL_hip
[robot_state_publisher-2] [INFO] [1790599442.004175009] [robot_state_publisher]: got segment RL_hip_rotor
[robot_state_publisher-2] [INFO] [1790599442.004862563] [robot_state_publisher]: got segment RL_thigh
[robot_state_publisher-2] [INFO] [1790599442.004891811] [robot_state_publisher]: got segment RL_thigh_rotor
[robot_state_publisher-2] [INFO] [1790599442.004905923] [robot_state_publisher]: got segment RR_calf
[robot_state_publisher-2] [INFO] [1790599442.004915555] [robot_state_publisher]: got segment RR_calf_rotor
[robot_state_publisher-2] [INFO] [1790599442.004928931] [robot_state_publisher]: got segment RR_foot
[robot_state_publisher-2] [INFO] [1790599442.004937475] [robot_state_publisher]: got segment RR_hip
[robot_state_publisher-2] [INFO] [1790599442.004945283] [robot_state_publisher]: got segment RR_hip_rotor
[robot_state_publisher-2] [INFO] [1790599442.004953219] [robot_state_publisher]: got segment RR_thigh
[robot_state_publisher-2] [INFO] [1790599442.004960931] [robot_state_publisher]: got segment RR_thigh_rotor
[robot_state_publisher-2] [INFO] [1790599442.004968451] [robot_state_publisher]: got segment base
[robot_state_publisher-2] [INFO] [1790599442.004976483] [robot_state_publisher]: got segment front_camera
[robot_state_publisher-2] [INFO] [1790599442.004983619] [robot_state_publisher]: got segment imu_link
[robot_state_publisher-2] [INFO] [1790599442.004993443] [robot_state_publisher]: got segment trunk
[twist_mux-6] [INFO] [1790599442.018630347] [twist_mux]: Topic handler 'topics.joystick' subscribed to topic 'joy_vel': timeout = 0.500000s , priority = 99.
[twist_mux-6] [INFO] [1790599442.019887439] [twist_mux]: Topic handler 'topics.keyboard' subscribed to topic 'key_vel': timeout = 0.500000s , priority = 90.
[twist_mux-6] [INFO] [1790599442.021376468] [twist_mux]: Topic handler 'topics.navigation' subscribed to topic 'cmd_vel': timeout = 0.500000s , priority = 80.
[twist_mux-6] [INFO] [1790599442.021883765] [twist_mux]: Topic handler 'locks.safety_stop' subscribed to topic 'safety_stop': timeout = None , priority = 255.
[go2-stance-gait-controller-1] [0;93m2026-09-28 14:44:02.689009052 [W:onnxruntime:Default, device_discovery.cc:164 DiscoverDevicesForPlatform] GPU device discovery failed: device_discovery.cc:89 ReadFileContents Failed to open file: "/sys/class/drm/card1/device/vendor"[m
[go2-stance-gait-controller-1] [INFO] [1790599442.751711572] [go2_stance_gait_controller]: Go2 closed-loop stance: 12 effort joints at 250.0 Hz; controller ONNX velocity policy
[mujoco_spawner-3] [INFO] [1790599443.970292036] [mujoco_spawner]: MuJoCo: 18 collision proxy geom(s) moved to group 3 (viewer Rendering tab to show them).
[mujoco_spawner-3] [INFO] [1790599444.017871535] [mujoco_spawner]: MuJoCo URDF import OK (all meshes staged).
[mujoco_spawner-3] [WARN] [1790599444.030246739] [mujoco_spawner]: MuJoCo effort plant: no MJCF beside /home/molar1/bumperbot_ws/install/robot_lab_robots/share/robot_lab_robots/unitree/go2_description/xacro/go2_sim.xacro names every effort joint; keeping the URDF <dynamics> (damping=5.0 is a Gazebo stabiliser the robot does not have).
[mujoco_spawner-3] [INFO] [1790599444.074718804] [mujoco_spawner]: MuJoCo physics timestep: 0.0010 s
[mujoco_spawner-3] [INFO] [1790599444.076349497] [mujoco_spawner]: Robot has no 'oakd_rgb_camera_frame' link; no RGB-D camera is published.
[mujoco_spawner-3] [INFO] [1790599444.077615645] [mujoco_spawner]: Joints: ['FR_hip_joint', 'FR_thigh_joint', 'FR_calf_joint', 'FL_hip_joint', 'FL_thigh_joint', 'FL_calf_joint', 'RR_hip_joint', 'RR_thigh_joint', 'RR_calf_joint', 'RL_hip_joint', 'RL_thigh_joint', 'RL_calf_joint']   lw= rw=
[mujoco_spawner-3] [INFO] [1790599444.080499685] [mujoco_spawner]: MuJoCo effort joint armature: 0.0100 kg m^2
[mujoco_spawner-3] [INFO] [1790599444.082142090] [mujoco_spawner]: Joint effort input: /go2_group_effort_controller/commands (12 joints, URDF limits)
[mujoco_spawner-3] [INFO] [1790599444.083911919] [mujoco_spawner]: Spawn ground clearance: raised root by 0.2050 m
[mujoco_spawner-3] [INFO] [1790599444.084882162] [mujoco_spawner]: MuJoCo model loaded: 14 bodies, 13 joints
[mujoco_spawner-3] [INFO] [1790599444.085570292] [mujoco_spawner]: MuJoCo gui param=False (resolved=False), DISPLAY=:1 -> mode=DIRECT
[mujoco_spawner-3] [INFO] [1790599444.086246230] [mujoco_spawner]: MuJoCo running headless (gui=False, viewer=True).
[mujoco_spawner-3] [INFO] [1790599444.095789970] [mujoco_spawner]: MuJoCo spawner running.
[go2-stance-gait-controller-1] [INFO] [1790599444.095931922] [go2_stance_gait_controller]: Go2 recovery idle
[INFO] [simulator_ready_gate-10]: process has finished cleanly [pid 264620]
[INFO] [amcl-12]: process started with pid [264840]
[INFO] [map_server-11]: process started with pid [264838]
[INFO] [lifecycle_manager-13]: process started with pid [264842]
[INFO] [ekf_node-14]: process started with pid [264844]
[INFO] [imu_republisher.py-15]: process started with pid [264846]
[INFO] [wheel_imu_fusion-16]: process started with pid [264848]
[lifecycle_manager-13] [INFO] [1790599444.497742821] [lifecycle_manager_localization]: Creating
[amcl-12] [0m[INFO] [1790599444.497980006] [amcl]: 
[amcl-12] 	amcl lifecycle node launched. 
[amcl-12] 	Waiting on external lifecycle transitions to activate
[amcl-12] 	See https://design.ros2.org/articles/node_lifecycle.html for more information.[0m
[amcl-12] [0m[INFO] [1790599444.499443658] [amcl]: Creating[0m
[lifecycle_manager-13] [INFO] [1790599444.516344027] [lifecycle_manager_localization]: [34m[1mCreating and initializing lifecycle service clients[0m[0m
[map_server-11] [INFO] [1790599444.523975537] [map_server]: 
[map_server-11] 	map_server lifecycle node launched. 
[map_server-11] 	Waiting on external lifecycle transitions to activate
[map_server-11] 	See https://design.ros2.org/articles/node_lifecycle.html for more information.
[map_server-11] [INFO] [1790599444.526020631] [map_server]: Creating
[lifecycle_manager-13] [INFO] [1790599444.561429630] [lifecycle_manager_localization]: [34m[1mStarting managed nodes bringup...[0m[0m
[lifecycle_manager-13] [INFO] [1790599444.565925740] [lifecycle_manager_localization]: [34m[1mConfiguring map_server[0m[0m
[map_server-11] [INFO] [1790599444.567286351] [map_server]: Configuring
[map_server-11] [INFO] [1790599444.567401328] [map_io]: Loading yaml file: /home/molar1/bumperbot_ws/install/robot_lab_maps/share/robot_lab_maps/maps/nav_empty/maps/map.yaml
[map_server-11] [INFO] [1790599444.567823825] [map_io]: resolution: 0.05
[map_server-11] [INFO] [1790599444.567841809] [map_io]: origin[0]: -7
[map_server-11] [INFO] [1790599444.567848017] [map_io]: origin[1]: -7
[map_server-11] [INFO] [1790599444.567852497] [map_io]: origin[2]: 0
[map_server-11] [INFO] [1790599444.567857425] [map_io]: free_thresh: 0.196
[map_server-11] [INFO] [1790599444.567862193] [map_io]: occupied_thresh: 0.65
[map_server-11] [INFO] [1790599444.567868081] [map_io]: mode: trinary
[map_server-11] [INFO] [1790599444.567874737] [map_io]: negate: 0
[map_server-11] [INFO] [1790599444.568165906] [map_io]: Loading image_file: /home/molar1/bumperbot_ws/install/robot_lab_maps/share/robot_lab_maps/maps/nav_empty/maps/map.pgm
[map_server-11] [INFO] [1790599444.578767793] [map_io]: Read map /home/molar1/bumperbot_ws/install/robot_lab_maps/share/robot_lab_maps/maps/nav_empty/maps/map.pgm: 280 X 280 map @ 0.05 m/cell
[lifecycle_manager-13] [INFO] [1790599444.588162284] [lifecycle_manager_localization]: [34m[1mConfiguring amcl[0m[0m
[amcl-12] [0m[INFO] [1790599444.588546413] [amcl]: Configuring[0m
[amcl-12] [0m[INFO] [1790599444.588706862] [amcl]: initTransforms[0m
[amcl-12] [0m[INFO] [1790599444.599700718] [amcl]: initPubSub[0m
[amcl-12] [0m[INFO] [1790599444.607685509] [amcl]: Subscribed to map topic.[0m
[lifecycle_manager-13] [INFO] [1790599444.615274043] [lifecycle_manager_localization]: [34m[1mActivating map_server[0m[0m
[map_server-11] [INFO] [1790599444.616367327] [map_server]: Activating
[map_server-11] [INFO] [1790599444.616711296] [map_server]: Creating bond (map_server) to lifecycle manager.
[amcl-12] [0m[INFO] [1790599444.660843968] [amcl]: Received a 280 X 280 map @ 0.050 m/pix[0m
[lifecycle_manager-13] [INFO] [1790599444.721195376] [lifecycle_manager_localization]: Server map_server connected with bond.
[lifecycle_manager-13] [INFO] [1790599444.721290832] [lifecycle_manager_localization]: [34m[1mActivating amcl[0m[0m
[amcl-12] [0m[INFO] [1790599444.721631697] [amcl]: Activating[0m
[amcl-12] [0m[INFO] [1790599444.721725714] [amcl]: initialPoseReceived[0m
[amcl-12] [0m[INFO] [1790599444.721953138] [amcl]: Setting pose (0.532000): -0.500 -0.500 0.000[0m
[amcl-12] [0m[INFO] [1790599444.722574996] [amcl]: Creating bond (amcl) to lifecycle manager.[0m
[lifecycle_manager-13] [INFO] [1790599444.826569699] [lifecycle_manager_localization]: Server amcl connected with bond.
[lifecycle_manager-13] [INFO] [1790599444.826646339] [lifecycle_manager_localization]: [34m[1mManaged nodes are active[0m[0m
[lifecycle_manager-13] [INFO] [1790599444.826669347] [lifecycle_manager_localization]: [34m[1mCreating bond timer...[0m[0m
[amcl-12] [0m[INFO] [1790599444.838028100] [amcl]: createLaserObject[0m
[wheel_imu_fusion-16] [INFO] [1790599445.274059160] [sensor_fusion_wheel_imu_fusion]: wheel_imu_fusion ready
[go2-stance-gait-controller-1] [WARN] [1790599448.488234263] [go2_stance_gait_controller]: Go2 safety warn: tilt 0.35 rad exceeds warn threshold
[go2-stance-gait-controller-1] [WARN] [1790599448.629674253] [go2_stance_gait_controller]: Go2 safety safe_stop: tilt 0.70 rad exceeds fall threshold
[go2-stance-gait-controller-1] [INFO] [1790599448.736280415] [go2_stance_gait_controller]: Go2 recovery waiting
[go2-stance-gait-controller-1] [INFO] [1790599450.740252376] [go2_stance_gait_controller]: Go2 recovery attempting:tuck
[go2-stance-gait-controller-1] [INFO] [1790599458.741775288] [go2_stance_gait_controller]: Go2 recovery unrecoverable:tuck
[amcl-12] [0m[INFO] [1790599467.347348513] [rclcpp]: signal_handler(SIGINT/SIGTERM)[0m
[amcl-12] [0m[INFO] [1790599467.347506146] [amcl]: Running Nav2 LifecycleNode rcl preshutdown (amcl)[0m
[map_server-11] [INFO] [1790599467.347367617] [rclcpp]: signal_handler(SIGINT/SIGTERM)
[ekf_node-14] [INFO] [1790599467.347343937] [rclcpp]: signal_handler(SIGINT/SIGTERM)
[amcl-12] [0m[INFO] [1790599467.347626402] [amcl]: Deactivating[0m
[amcl-12] [0m[INFO] [1790599467.347658786] [amcl]: Destroying bond (amcl) to lifecycle manager.[0m
[map_server-11] [INFO] [1790599467.347534178] [map_server]: Running Nav2 LifecycleNode rcl preshutdown (map_server)
[map_server-11] [INFO] [1790599467.347658338] [map_server]: Deactivating
[map_server-11] [INFO] [1790599467.347686274] [map_server]: Destroying bond (map_server) to lifecycle manager.
[twist_marker-7] [INFO] [1790599467.347389249] [rclcpp]: signal_handler(SIGINT/SIGTERM)
[twist_relay-9] [INFO] [1790599467.347429698] [rclcpp]: signal_handler(SIGINT/SIGTERM)
[lifecycle_manager-13] [INFO] [1790599467.347628034] [rclcpp]: signal_handler(SIGINT/SIGTERM)
[lifecycle_manager-13] [INFO] [1790599467.347732482] [lifecycle_manager_localization]: Running Nav2 LifecycleManager rcl preshutdown (lifecycle_manager_localization)
[lifecycle_manager-13] [INFO] [1790599467.347793635] [lifecycle_manager_localization]: [34m[1mTerminating bond timer...[0m[0m
[joy_node-5] [INFO] [1790599467.347863875] [rclcpp]: signal_handler(SIGINT/SIGTERM)
[twist_mux-6] [INFO] [1790599467.347904547] [rclcpp]: signal_handler(SIGINT/SIGTERM)
[robot_state_publisher-2] [INFO] [1790599467.348320740] [rclcpp]: signal_handler(SIGINT/SIGTERM)
[amcl-12] [0m[INFO] [1790599467.358016030] [amcl]: Cleaning up[0m
[map_server-11] [INFO] [1790599467.358077182] [map_server]: Cleaning up
[map_server-11] [INFO] [1790599467.358184894] [map_server]: Destroying bond (map_server) to lifecycle manager.
[amcl-12] [0m[INFO] [1790599467.380245625] [amcl]: Destroying bond (amcl) to lifecycle manager.[0m
[joy_teleop-4] Traceback (most recent call last):
[joy_teleop-4]   File "/opt/ros/humble/lib/joy_teleop/joy_teleop", line 33, in <module>
[joy_teleop-4]     sys.exit(load_entry_point('joy-teleop==1.6.0', 'console_scripts', 'joy_teleop')())
[joy_teleop-4]   File "/opt/ros/humble/lib/python3.10/site-packages/joy_teleop/joy_teleop.py", line 435, in main
[joy_teleop-4]     rclpy.spin(node)
[joy_teleop-4]   File "/opt/ros/humble/local/lib/python3.10/dist-packages/rclpy/__init__.py", line 229, in spin
[joy_teleop-4]     executor.spin_once()
[joy_teleop-4]   File "/opt/ros/humble/local/lib/python3.10/dist-packages/rclpy/executors.py", line 812, in spin_once
[joy_teleop-4]     self._spin_once_impl(timeout_sec)
[joy_teleop-4]   File "/opt/ros/humble/local/lib/python3.10/dist-packages/rclpy/executors.py", line 801, in _spin_once_impl
[joy_teleop-4]     handler, entity, node = self.wait_for_ready_callbacks(timeout_sec=timeout_sec)
[joy_teleop-4]   File "/opt/ros/humble/local/lib/python3.10/dist-packages/rclpy/executors.py", line 784, in wait_for_ready_callbacks
[joy_teleop-4]     return next(self._cb_iter)
[joy_teleop-4]   File "/opt/ros/humble/local/lib/python3.10/dist-packages/rclpy/executors.py", line 685, in _wait_for_ready_callbacks
[joy_teleop-4]     raise ExternalShutdownException()
[joy_teleop-4] rclpy.executors.ExternalShutdownException
[map_server-11] [INFO] [1790599467.520502158] [map_server]: Destroying
[lifecycle_manager-13] [INFO] [1790599467.525312539] [lifecycle_manager_localization]: Destroying lifecycle_manager_localization
[amcl-12] [0m[INFO] [1790599467.527889634] [amcl]: Destroying[0m
[INFO] [twist_relay-9]: process has finished cleanly [pid 264614]
[INFO] [twist_marker-7]: process has finished cleanly [pid 264606]
[INFO] [robot_state_publisher-2]: process has finished cleanly [pid 264596]
[INFO] [twist_mux-6]: process has finished cleanly [pid 264604]
[INFO] [ekf_node-14]: process has finished cleanly [pid 264844]
[INFO] [joy_node-5]: process has finished cleanly [pid 264602]
[imu_republisher.py-15] Traceback (most recent call last):
[imu_republisher.py-15]   File "/home/molar1/bumperbot_ws/install/robot_lab_localization/lib/robot_lab_localization/imu_republisher.py", line 54, in <module>
[imu_republisher.py-15]     main()
[imu_republisher.py-15]   File "/home/molar1/bumperbot_ws/install/robot_lab_localization/lib/robot_lab_localization/imu_republisher.py", line 45, in main
[imu_republisher.py-15]     rclpy.spin(node)
[imu_republisher.py-15]   File "/opt/ros/humble/local/lib/python3.10/dist-packages/rclpy/__init__.py", line 229, in spin
[imu_republisher.py-15]     executor.spin_once()
[imu_republisher.py-15]   File "/opt/ros/humble/local/lib/python3.10/dist-packages/rclpy/executors.py", line 812, in spin_once
[imu_republisher.py-15]     self._spin_once_impl(timeout_sec)
[imu_republisher.py-15]   File "/opt/ros/humble/local/lib/python3.10/dist-packages/rclpy/executors.py", line 801, in _spin_once_impl
[imu_republisher.py-15]     handler, entity, node = self.wait_for_ready_callbacks(timeout_sec=timeout_sec)
[imu_republisher.py-15]   File "/opt/ros/humble/local/lib/python3.10/dist-packages/rclpy/executors.py", line 784, in wait_for_ready_callbacks
[imu_republisher.py-15]     return next(self._cb_iter)
[imu_republisher.py-15]   File "/opt/ros/humble/local/lib/python3.10/dist-packages/rclpy/executors.py", line 685, in _wait_for_ready_callbacks
[imu_republisher.py-15]     raise ExternalShutdownException()
[imu_republisher.py-15] rclpy.executors.ExternalShutdownException
[INFO] [lifecycle_manager-13]: process has finished cleanly [pid 264842]
[INFO] [wheel_imu_fusion-16]: process has finished cleanly [pid 264848]
[INFO] [map_server-11]: process has finished cleanly [pid 264838]
[INFO] [amcl-12]: process has finished cleanly [pid 264840]
[INFO] [go2-stance-gait-controller-1]: process has finished cleanly [pid 264594]
[INFO] [joystick_relay.py-8]: process has finished cleanly [pid 264608]
[INFO] [mujoco_spawner-3]: process has finished cleanly [pid 264598]
[ERROR] [imu_republisher.py-15]: process has died [pid 264846, exit code 1, cmd '/home/molar1/bumperbot_ws/install/robot_lab_localization/lib/robot_lab_localization/imu_republisher.py --ros-args --params-file /workspace/molar/.tmp/launch_params_p7hvlx6i'].
[ERROR] [joy_teleop-4]: process has died [pid 264600, exit code 1, cmd '/opt/ros/humble/lib/joy_teleop/joy_teleop --ros-args --params-file /home/molar1/bumperbot_ws/install/robot_lab_controller/share/robot_lab_controller/config/joy_teleop.yaml --params-file /workspace/molar/.tmp/launch_params__7dcq9mm'].
