
______  __   __    ___ 
| ___ \ \ \ / /   /   |
| |_/ /  \ V /   / /| |
|  __/   /   \  / /_| |
| |     / /^\ \ \___  |
\_|     \/   \/     |_/

px4 starting.

INFO  [px4] startup script: /bin/sh etc/init.d-posix/rcS 0
env SYS_AUTOSTART: 4001
INFO  [param] selected parameter default file parameters.bson
INFO  [param] selected parameter backup file parameters_backup.bson
  SYS_AUTOCONFIG: curr: 0 -> new: 1
  SYS_AUTOSTART: curr: 0 -> new: 4001
  CAL_ACC0_ID: curr: 0 -> new: 1310988
  CAL_GYRO0_ID: curr: 0 -> new: 1310988
  CAL_ACC1_ID: curr: 0 -> new: 1310996
  CAL_GYRO1_ID: curr: 0 -> new: 1310996
  CAL_ACC2_ID: curr: 0 -> new: 1311004
  CAL_GYRO2_ID: curr: 0 -> new: 1311004
  CAL_MAG0_ID: curr: 0 -> new: 197388
  CAL_MAG0_PRIO: curr: -1 -> new: 50
  CAL_MAG1_ID: curr: 0 -> new: 197644
  CAL_MAG1_PRIO: curr: -1 -> new: 50
  SENS_BOARD_X_OFF: curr: 0.0000 -> new: 0.0000
  SENS_DPRES_OFF: curr: 0.0000 -> new: 0.0010
INFO  [dataman] data manager file './dataman' size is 1208528 bytes
INFO  [init] Gazebo simulator
INFO  [init] Starting gazebo with world: /workspace/molar/robot_lab_runtime/px4/ros-flight-20261002-132042-8d2635/worlds/robot_lab_flight.sdf
INFO  [init] Gazebo world is ready
INFO  [init] Spawning model at position: -0.5 -0.5 0.0
INFO  [init] Spawning model
INFO  [lockstep_scheduler] setting initial absolute time to 3254000 us
INFO  [gz_bridge] world: robot_lab_flight, model: x500_0
INFO  [commander] LED: open /dev/led0 failed (22)
WARN  [health_and_arming_checks] Preflight Fail: ekf2 missing data
WARN  [health_and_arming_checks] Preflight Fail: No connection to the ground control station	
ERROR [sensors] Accel #0 fail:  TIMEOUT!	
  UXRCE_DDS_DOM_ID: curr: 0 -> new: 190
INFO  [uxrce_dds_client] init UDP agent IP:127.0.0.1, port:8888
INFO  [mavlink] mode: Normal, data rate: 4000000 B/s on udp port 18570 remote port 14550
INFO  [tone_alarm] home set
INFO  [mavlink] mode: Onboard, data rate: 4000000 B/s on udp port 14580 remote port 14540
INFO  [mavlink] partner IP: 127.0.0.1
INFO  [mavlink] mode: Onboard, data rate: 4000 B/s on udp port 14280 remote port 14030
INFO  [mavlink] mode: Gimbal, data rate: 400000 B/s on udp port 13030 remote port 13280
INFO  [logger] logger started (mode=all)
INFO  [logger] Start file log (type: full)
INFO  [logger] [logger] ./log/2026-10-02/11_20_54.ulg	
INFO  [logger] Opened full log file: ./log/2026-10-02/11_20_54.ulg
INFO  [mavlink] MAVLink only on localhost (set param MAV_{i}_BROADCAST = 1 to enable network)
INFO  [mavlink] MAVLink only on localhost (set param MAV_{i}_BROADCAST = 1 to enable network)
INFO  [px4] Startup script returned successfully
WARN  [mc_pos_control] Manual speed has been constrained by max speed	
WARN  [mc_pos_control] Ascent speed has been constrained by max speed	
WARN  [mc_pos_control] Descent speed has been constrained by max speed	
INFO  [commander] [32mReady for takeoff![0m
ERROR [sensors] Accel #0 fail:  TIMEOUT!	
INFO  [commander] Armed by external command	
INFO  [tone_alarm] arming warning
INFO  [commander] Takeoff detected	
ERROR [sensors] Accel #0 fail:  TIMEOUT!	
INFO  [commander] Landing detected	
ERROR [sensors] Accel #0 fail:  TIMEOUT!	
INFO  [commander] Disarmed by landing	
INFO  [tone_alarm] notify neutral
INFO  [logger] closed logfile, bytes written: 19057689

PX4 Exiting...
Exiting NOW.
