[INFO] [launch]: All log files can be found below /home/molar1/.ros/log/2026-09-28-14-28-09-391080-molar1-247424
[INFO] [launch]: Default logging verbosity is set to INFO
[robot_lab] algorithm localization=amcl -> global_localization stack
[robot_lab] algorithm state_estimation=ekf_localization_node -> local_localization stack
[robot_lab] algorithm sensor_fusion=wheel_imu_fusion -> node robot_lab_algorithms/wheel_imu_fusion
[INFO] [go2-stance-gait-controller-1]: process started with pid [247470]
[INFO] [robot_state_publisher-2]: process started with pid [247472]
[INFO] [mujoco_spawner-3]: process started with pid [247474]
[INFO] [joy_teleop-4]: process started with pid [247476]
[INFO] [joy_node-5]: process started with pid [247478]
[INFO] [twist_mux-6]: process started with pid [247480]
[INFO] [twist_marker-7]: process started with pid [247482]
[INFO] [joystick_relay.py-8]: process started with pid [247484]
[INFO] [twist_relay-9]: process started with pid [247494]
[INFO] [simulator_ready_gate-10]: process started with pid [247496]
[twist_mux-6] [INFO] [1790598490.326520412] [twist_mux]: Topic handler 'topics.joystick' subscribed to topic 'joy_vel': timeout = 0.500000s , priority = 99.
[twist_mux-6] [INFO] [1790598490.327389690] [twist_mux]: Topic handler 'topics.keyboard' subscribed to topic 'key_vel': timeout = 0.500000s , priority = 90.
[twist_mux-6] [INFO] [1790598490.327548895] [twist_mux]: Topic handler 'topics.navigation' subscribed to topic 'cmd_vel': timeout = 0.500000s , priority = 80.
[twist_mux-6] [INFO] [1790598490.327668323] [twist_mux]: Topic handler 'locks.safety_stop' subscribed to topic 'safety_stop': timeout = None , priority = 255.
[robot_state_publisher-2] [INFO] [1790598490.336143463] [robot_state_publisher]: got segment FL_calf
[robot_state_publisher-2] [INFO] [1790598490.336326958] [robot_state_publisher]: got segment FL_calf_rotor
[robot_state_publisher-2] [INFO] [1790598490.336346254] [robot_state_publisher]: got segment FL_foot
[robot_state_publisher-2] [INFO] [1790598490.336355759] [robot_state_publisher]: got segment FL_hip
[robot_state_publisher-2] [INFO] [1790598490.336363183] [robot_state_publisher]: got segment FL_hip_rotor
[robot_state_publisher-2] [INFO] [1790598490.336370735] [robot_state_publisher]: got segment FL_thigh
[robot_state_publisher-2] [INFO] [1790598490.336378479] [robot_state_publisher]: got segment FL_thigh_rotor
[robot_state_publisher-2] [INFO] [1790598490.336385936] [robot_state_publisher]: got segment FR_calf
[robot_state_publisher-2] [INFO] [1790598490.336392976] [robot_state_publisher]: got segment FR_calf_rotor
[robot_state_publisher-2] [INFO] [1790598490.336400048] [robot_state_publisher]: got segment FR_foot
[robot_state_publisher-2] [INFO] [1790598490.336406960] [robot_state_publisher]: got segment FR_hip
[robot_state_publisher-2] [INFO] [1790598490.336414065] [robot_state_publisher]: got segment FR_hip_rotor
[robot_state_publisher-2] [INFO] [1790598490.336421393] [robot_state_publisher]: got segment FR_thigh
[robot_state_publisher-2] [INFO] [1790598490.336428529] [robot_state_publisher]: got segment FR_thigh_rotor
[robot_state_publisher-2] [INFO] [1790598490.336435697] [robot_state_publisher]: got segment RL_calf
[robot_state_publisher-2] [INFO] [1790598490.336443058] [robot_state_publisher]: got segment RL_calf_rotor
[robot_state_publisher-2] [INFO] [1790598490.336450034] [robot_state_publisher]: got segment RL_foot
[robot_state_publisher-2] [INFO] [1790598490.336457234] [robot_state_publisher]: got segment RL_hip
[robot_state_publisher-2] [INFO] [1790598490.336464114] [robot_state_publisher]: got segment RL_hip_rotor
[robot_state_publisher-2] [INFO] [1790598490.336471091] [robot_state_publisher]: got segment RL_thigh
[robot_state_publisher-2] [INFO] [1790598490.336478163] [robot_state_publisher]: got segment RL_thigh_rotor
[robot_state_publisher-2] [INFO] [1790598490.336485203] [robot_state_publisher]: got segment RR_calf
[robot_state_publisher-2] [INFO] [1790598490.336492275] [robot_state_publisher]: got segment RR_calf_rotor
[robot_state_publisher-2] [INFO] [1790598490.336499668] [robot_state_publisher]: got segment RR_foot
[robot_state_publisher-2] [INFO] [1790598490.336506836] [robot_state_publisher]: got segment RR_hip
[robot_state_publisher-2] [INFO] [1790598490.336513812] [robot_state_publisher]: got segment RR_hip_rotor
[robot_state_publisher-2] [INFO] [1790598490.336520916] [robot_state_publisher]: got segment RR_thigh
[robot_state_publisher-2] [INFO] [1790598490.336527893] [robot_state_publisher]: got segment RR_thigh_rotor
[robot_state_publisher-2] [INFO] [1790598490.336535189] [robot_state_publisher]: got segment base
[robot_state_publisher-2] [INFO] [1790598490.336542485] [robot_state_publisher]: got segment front_camera
[robot_state_publisher-2] [INFO] [1790598490.336549333] [robot_state_publisher]: got segment imu_link
[robot_state_publisher-2] [INFO] [1790598490.336556726] [robot_state_publisher]: got segment trunk
[go2-stance-gait-controller-1] [0;93m2026-09-28 14:28:11.059402581 [W:onnxruntime:Default, device_discovery.cc:164 DiscoverDevicesForPlatform] GPU device discovery failed: device_discovery.cc:89 ReadFileContents Failed to open file: "/sys/class/drm/card1/device/vendor"[m
[go2-stance-gait-controller-1] [INFO] [1790598491.135868793] [go2_stance_gait_controller]: Go2 closed-loop stance: 12 effort joints at 250.0 Hz; controller ONNX velocity policy
[mujoco_spawner-3] [INFO] [1790598492.348047970] [mujoco_spawner]: MuJoCo: 18 collision proxy geom(s) moved to group 3 (viewer Rendering tab to show them).
[mujoco_spawner-3] [INFO] [1790598492.399201405] [mujoco_spawner]: MuJoCo URDF import OK (all meshes staged).
[mujoco_spawner-3] [WARN] [1790598492.417410893] [mujoco_spawner]: MuJoCo effort plant: no MJCF beside /home/molar1/bumperbot_ws/install/robot_lab_robots/share/robot_lab_robots/unitree/go2_description/xacro/go2_sim.xacro names every effort joint; keeping the URDF <dynamics> (damping=5.0 is a Gazebo stabiliser the robot does not have).
[mujoco_spawner-3] [INFO] [1790598492.472826650] [mujoco_spawner]: MuJoCo physics timestep: 0.0010 s
[mujoco_spawner-3] [INFO] [1790598492.476277584] [mujoco_spawner]: Robot has no 'oakd_rgb_camera_frame' link; no RGB-D camera is published.
[mujoco_spawner-3] [INFO] [1790598492.478279957] [mujoco_spawner]: Joints: ['FR_hip_joint', 'FR_thigh_joint', 'FR_calf_joint', 'FL_hip_joint', 'FL_thigh_joint', 'FL_calf_joint', 'RR_hip_joint', 'RR_thigh_joint', 'RR_calf_joint', 'RL_hip_joint', 'RL_thigh_joint', 'RL_calf_joint']   lw= rw=
[mujoco_spawner-3] [INFO] [1790598492.481721355] [mujoco_spawner]: MuJoCo effort joint armature: 0.0100 kg m^2
[mujoco_spawner-3] [INFO] [1790598492.484320292] [mujoco_spawner]: Joint effort input: /go2_group_effort_controller/commands (12 joints, URDF limits)
[mujoco_spawner-3] [INFO] [1790598492.487390190] [mujoco_spawner]: Spawn ground clearance: raised root by 0.0838 m
[mujoco_spawner-3] [INFO] [1790598492.488857696] [mujoco_spawner]: MuJoCo model loaded: 14 bodies, 13 joints
[mujoco_spawner-3] [INFO] [1790598492.489901956] [mujoco_spawner]: MuJoCo gui param=False (resolved=False), DISPLAY=:1 -> mode=DIRECT
[mujoco_spawner-3] [INFO] [1790598492.490900678] [mujoco_spawner]: MuJoCo running headless (gui=False, viewer=True).
[mujoco_spawner-3] [INFO] [1790598492.497268544] [mujoco_spawner]: MuJoCo spawner running.
[go2-stance-gait-controller-1] [WARN] [1790598492.498628751] [go2_stance_gait_controller]: Go2 safety safe_stop: tilt 1.40 rad exceeds fall threshold
[go2-stance-gait-controller-1] [INFO] [1790598492.499599216] [go2_stance_gait_controller]: Go2 recovery disabled
[INFO] [simulator_ready_gate-10]: process has finished cleanly [pid 247496]
[INFO] [amcl-12]: process started with pid [247726]
[INFO] [map_server-11]: process started with pid [247724]
[INFO] [lifecycle_manager-13]: process started with pid [247728]
[INFO] [ekf_node-14]: process started with pid [247730]
[INFO] [imu_republisher.py-15]: process started with pid [247732]
[INFO] [wheel_imu_fusion-16]: process started with pid [247734]
[amcl-12] [0m[INFO] [1790598492.929682256] [amcl]: 
[amcl-12] 	amcl lifecycle node launched. 
[amcl-12] 	Waiting on external lifecycle transitions to activate
[amcl-12] 	See https://design.ros2.org/articles/node_lifecycle.html for more information.[0m
[lifecycle_manager-13] [INFO] [1790598492.930220515] [lifecycle_manager_localization]: Creating
[amcl-12] [0m[INFO] [1790598492.931645972] [amcl]: Creating[0m
[lifecycle_manager-13] [INFO] [1790598492.933380975] [lifecycle_manager_localization]: [34m[1mCreating and initializing lifecycle service clients[0m[0m
[map_server-11] [INFO] [1790598492.936765315] [map_server]: 
[map_server-11] 	map_server lifecycle node launched. 
[map_server-11] 	Waiting on external lifecycle transitions to activate
[map_server-11] 	See https://design.ros2.org/articles/node_lifecycle.html for more information.
[map_server-11] [INFO] [1790598492.936935209] [map_server]: Creating
[lifecycle_manager-13] [INFO] [1790598493.018780063] [lifecycle_manager_localization]: [34m[1mStarting managed nodes bringup...[0m[0m
[lifecycle_manager-13] [INFO] [1790598493.018954501] [lifecycle_manager_localization]: [34m[1mConfiguring map_server[0m[0m
[map_server-11] [INFO] [1790598493.020735362] [map_server]: Configuring
[map_server-11] [INFO] [1790598493.020880903] [map_io]: Loading yaml file: /home/molar1/bumperbot_ws/install/robot_lab_maps/share/robot_lab_maps/maps/nav_empty/maps/map.yaml
[map_server-11] [INFO] [1790598493.021332119] [map_io]: resolution: 0.05
[map_server-11] [INFO] [1790598493.021353783] [map_io]: origin[0]: -7
[map_server-11] [INFO] [1790598493.021360088] [map_io]: origin[1]: -7
[map_server-11] [INFO] [1790598493.021364408] [map_io]: origin[2]: 0
[map_server-11] [INFO] [1790598493.021369336] [map_io]: free_thresh: 0.196
[map_server-11] [INFO] [1790598493.021374040] [map_io]: occupied_thresh: 0.65
[map_server-11] [INFO] [1790598493.021380600] [map_io]: mode: trinary
[map_server-11] [INFO] [1790598493.021387641] [map_io]: negate: 0
[map_server-11] [INFO] [1790598493.021704291] [map_io]: Loading image_file: /home/molar1/bumperbot_ws/install/robot_lab_maps/share/robot_lab_maps/maps/nav_empty/maps/map.pgm
[map_server-11] [INFO] [1790598493.033057640] [map_io]: Read map /home/molar1/bumperbot_ws/install/robot_lab_maps/share/robot_lab_maps/maps/nav_empty/maps/map.pgm: 280 X 280 map @ 0.05 m/cell
[lifecycle_manager-13] [INFO] [1790598493.056774612] [lifecycle_manager_localization]: [34m[1mConfiguring amcl[0m[0m
[amcl-12] [0m[INFO] [1790598493.058518927] [amcl]: Configuring[0m
[amcl-12] [0m[INFO] [1790598493.058720470] [amcl]: initTransforms[0m
[amcl-12] [0m[INFO] [1790598493.073852668] [amcl]: initPubSub[0m
[amcl-12] [0m[INFO] [1790598493.084997658] [amcl]: Subscribed to map topic.[0m
[lifecycle_manager-13] [INFO] [1790598493.096318589] [lifecycle_manager_localization]: [34m[1mActivating map_server[0m[0m
[map_server-11] [INFO] [1790598493.096755852] [map_server]: Activating
[map_server-11] [INFO] [1790598493.097061239] [map_server]: Creating bond (map_server) to lifecycle manager.
[amcl-12] [0m[INFO] [1790598493.099570189] [amcl]: Received a 280 X 280 map @ 0.050 m/pix[0m
[lifecycle_manager-13] [INFO] [1790598493.202686742] [lifecycle_manager_localization]: Server map_server connected with bond.
[lifecycle_manager-13] [INFO] [1790598493.202773593] [lifecycle_manager_localization]: [34m[1mActivating amcl[0m[0m
[amcl-12] [0m[INFO] [1790598493.203295243] [amcl]: Activating[0m
[amcl-12] [0m[INFO] [1790598493.203408559] [amcl]: initialPoseReceived[0m
[amcl-12] [0m[INFO] [1790598493.203680440] [amcl]: Setting pose (0.460000): -0.500 -0.500 0.000[0m
[amcl-12] [0m[INFO] [1790598493.204968324] [amcl]: Creating bond (amcl) to lifecycle manager.[0m
[lifecycle_manager-13] [INFO] [1790598493.319426386] [lifecycle_manager_localization]: Server amcl connected with bond.
[lifecycle_manager-13] [INFO] [1790598493.319523637] [lifecycle_manager_localization]: [34m[1mManaged nodes are active[0m[0m
[lifecycle_manager-13] [INFO] [1790598493.319547542] [lifecycle_manager_localization]: [34m[1mCreating bond timer...[0m[0m
[amcl-12] [0m[INFO] [1790598493.508150061] [amcl]: createLaserObject[0m
[wheel_imu_fusion-16] [INFO] [1790598493.744780017] [sensor_fusion_wheel_imu_fusion]: wheel_imu_fusion ready
[lifecycle_manager-13] [INFO] [1790598516.342919729] [rclcpp]: signal_handler(SIGINT/SIGTERM)
[lifecycle_manager-13] [INFO] [1790598516.343074710] [lifecycle_manager_localization]: Running Nav2 LifecycleManager rcl preshutdown (lifecycle_manager_localization)
[lifecycle_manager-13] [INFO] [1790598516.343154520] [lifecycle_manager_localization]: [34m[1mTerminating bond timer...[0m[0m
[twist_marker-7] [INFO] [1790598516.342950770] [rclcpp]: signal_handler(SIGINT/SIGTERM)
[twist_mux-6] [INFO] [1790598516.343089974] [rclcpp]: signal_handler(SIGINT/SIGTERM)
[twist_relay-9] [INFO] [1790598516.343174905] [rclcpp]: signal_handler(SIGINT/SIGTERM)
[ekf_node-14] [INFO] [1790598516.343253564] [rclcpp]: signal_handler(SIGINT/SIGTERM)
[map_server-11] [INFO] [1790598516.343360831] [rclcpp]: signal_handler(SIGINT/SIGTERM)
[map_server-11] [INFO] [1790598516.343541733] [map_server]: Running Nav2 LifecycleNode rcl preshutdown (map_server)
[joy_node-5] [INFO] [1790598516.343414625] [rclcpp]: signal_handler(SIGINT/SIGTERM)
[robot_state_publisher-2] [INFO] [1790598516.343554597] [rclcpp]: signal_handler(SIGINT/SIGTERM)
[map_server-11] [INFO] [1790598516.343661065] [map_server]: Deactivating
[map_server-11] [INFO] [1790598516.343693834] [map_server]: Destroying bond (map_server) to lifecycle manager.
[amcl-12] [0m[INFO] [1790598516.345149305] [rclcpp]: signal_handler(SIGINT/SIGTERM)[0m
[amcl-12] [0m[INFO] [1790598516.345327743] [amcl]: Running Nav2 LifecycleNode rcl preshutdown (amcl)[0m
[amcl-12] [0m[INFO] [1790598516.345461092] [amcl]: Deactivating[0m
[amcl-12] [0m[INFO] [1790598516.345506085] [amcl]: Destroying bond (amcl) to lifecycle manager.[0m
[amcl-12] [0m[INFO] [1790598516.355888888] [amcl]: Cleaning up[0m
[map_server-11] [INFO] [1790598516.364096963] [map_server]: Cleaning up
[map_server-11] [INFO] [1790598516.364206087] [map_server]: Destroying bond (map_server) to lifecycle manager.
[amcl-12] [0m[INFO] [1790598516.364790074] [amcl]: Destroying bond (amcl) to lifecycle manager.[0m
[amcl-12] [0m[INFO] [1790598516.447810572] [amcl]: Destroying[0m
[map_server-11] [INFO] [1790598516.501341373] [map_server]: Destroying
[lifecycle_manager-13] [INFO] [1790598516.504325054] [lifecycle_manager_localization]: Destroying lifecycle_manager_localization
[INFO] [twist_mux-6]: process has finished cleanly [pid 247480]
[INFO] [twist_relay-9]: process has finished cleanly [pid 247494]
[INFO] [joy_node-5]: process has finished cleanly [pid 247478]
[INFO] [robot_state_publisher-2]: process has finished cleanly [pid 247472]
[INFO] [twist_marker-7]: process has finished cleanly [pid 247482]
[INFO] [ekf_node-14]: process has finished cleanly [pid 247730]
[joy_teleop-4] Traceback (most recent call last):
[joy_teleop-4]   File "/opt/ros/humble/lib/joy_teleop/joy_teleop", line 33, in <module>
[joy_teleop-4]     sys.exit(load_entry_point('joy-teleop==1.6.0', 'console_scripts', 'joy_teleop')())
[joy_teleop-4]   File "/opt/ros/humble/lib/python3.10/site-packages/joy_teleop/joy_teleop.py", line 442, in main
[joy_teleop-4]     rclpy.shutdown()
[joy_teleop-4]   File "/opt/ros/humble/local/lib/python3.10/dist-packages/rclpy/__init__.py", line 130, in shutdown
[joy_teleop-4]     _shutdown(context=context)
[joy_teleop-4]   File "/opt/ros/humble/local/lib/python3.10/dist-packages/rclpy/utilities.py", line 58, in shutdown
[joy_teleop-4]     return context.shutdown()
[joy_teleop-4]   File "/opt/ros/humble/local/lib/python3.10/dist-packages/rclpy/context.py", line 102, in shutdown
[joy_teleop-4]     self.__context.shutdown()
[joy_teleop-4] rclpy._rclpy_pybind11.RCLError: failed to shutdown: rcl_shutdown already called on the given context, at ./src/rcl/init.c:241
[imu_republisher.py-15] Traceback (most recent call last):
[imu_republisher.py-15]   File "/home/molar1/bumperbot_ws/install/robot_lab_localization/lib/robot_lab_localization/imu_republisher.py", line 54, in <module>
[imu_republisher.py-15]     main()
[imu_republisher.py-15]   File "/home/molar1/bumperbot_ws/install/robot_lab_localization/lib/robot_lab_localization/imu_republisher.py", line 45, in main
[imu_republisher.py-15]     rclpy.spin(node)
[imu_republisher.py-15]   File "/opt/ros/humble/local/lib/python3.10/dist-packages/rclpy/__init__.py", line 229, in spin
[imu_republisher.py-15]     executor.spin_once()
[imu_republisher.py-15]   File "/opt/ros/humble/local/lib/python3.10/dist-packages/rclpy/executors.py", line 812, in spin_once
[imu_republisher.py-15]     self._spin_once_impl(timeout_sec)
[imu_republisher.py-15]   File "/opt/ros/humble/local/lib/python3.10/dist-packages/rclpy/executors.py", line 801, in _spin_once_impl
[imu_republisher.py-15]     handler, entity, node = self.wait_for_ready_callbacks(timeout_sec=timeout_sec)
[imu_republisher.py-15]   File "/opt/ros/humble/local/lib/python3.10/dist-packages/rclpy/executors.py", line 784, in wait_for_ready_callbacks
[imu_republisher.py-15]     return next(self._cb_iter)
[imu_republisher.py-15]   File "/opt/ros/humble/local/lib/python3.10/dist-packages/rclpy/executors.py", line 657, in _wait_for_ready_callbacks
[imu_republisher.py-15]     wait_set = _rclpy.WaitSet(
[imu_republisher.py-15] rclpy._rclpy_pybind11.RCLError: failed to initialize wait set: the given context is not valid, either rcl_init() was not called or rcl_shutdown() was called., at ./src/rcl/wait.c:130
[INFO] [lifecycle_manager-13]: process has finished cleanly [pid 247728]
[INFO] [amcl-12]: process has finished cleanly [pid 247726]
[INFO] [wheel_imu_fusion-16]: process has finished cleanly [pid 247734]
[INFO] [map_server-11]: process has finished cleanly [pid 247724]
[INFO] [joystick_relay.py-8]: process has finished cleanly [pid 247484]
[INFO] [go2-stance-gait-controller-1]: process has finished cleanly [pid 247470]
[INFO] [mujoco_spawner-3]: process has finished cleanly [pid 247474]
[ERROR] [joy_teleop-4]: process has died [pid 247476, exit code 1, cmd '/opt/ros/humble/lib/joy_teleop/joy_teleop --ros-args --params-file /home/molar1/bumperbot_ws/install/robot_lab_controller/share/robot_lab_controller/config/joy_teleop.yaml --params-file /workspace/molar/.tmp/launch_params_862az3tx'].
[ERROR] [imu_republisher.py-15]: process has died [pid 247732, exit code 1, cmd '/home/molar1/bumperbot_ws/install/robot_lab_localization/lib/robot_lab_localization/imu_republisher.py --ros-args --params-file /workspace/molar/.tmp/launch_params_716wfuaf'].
