[INFO] [launch]: All log files can be found below /home/molar1/.ros/log/2026-09-28-13-46-05-873654-molar1-219332
[INFO] [launch]: Default logging verbosity is set to INFO
[robot_lab] algorithm localization=amcl -> global_localization stack
[robot_lab] algorithm state_estimation=ekf_localization_node -> local_localization stack
[robot_lab] algorithm sensor_fusion=wheel_imu_fusion -> node robot_lab_algorithms/wheel_imu_fusion
[INFO] [go2-stance-gait-controller-1]: process started with pid [219366]
[INFO] [robot_state_publisher-2]: process started with pid [219368]
[INFO] [mujoco_spawner-3]: process started with pid [219370]
[INFO] [joy_teleop-4]: process started with pid [219372]
[INFO] [joy_node-5]: process started with pid [219374]
[INFO] [twist_mux-6]: process started with pid [219376]
[INFO] [twist_marker-7]: process started with pid [219378]
[INFO] [joystick_relay.py-8]: process started with pid [219380]
[INFO] [twist_relay-9]: process started with pid [219382]
[INFO] [simulator_ready_gate-10]: process started with pid [219392]
[twist_mux-6] [INFO] [1790595966.810218447] [twist_mux]: Topic handler 'topics.joystick' subscribed to topic 'joy_vel': timeout = 0.500000s , priority = 99.
[twist_mux-6] [INFO] [1790595966.811432690] [twist_mux]: Topic handler 'topics.keyboard' subscribed to topic 'key_vel': timeout = 0.500000s , priority = 90.
[twist_mux-6] [INFO] [1790595966.811676838] [twist_mux]: Topic handler 'topics.navigation' subscribed to topic 'cmd_vel': timeout = 0.500000s , priority = 80.
[twist_mux-6] [INFO] [1790595966.811880891] [twist_mux]: Topic handler 'locks.safety_stop' subscribed to topic 'safety_stop': timeout = None , priority = 255.
[robot_state_publisher-2] [INFO] [1790595966.828700618] [robot_state_publisher]: got segment FL_calf
[robot_state_publisher-2] [INFO] [1790595966.828898304] [robot_state_publisher]: got segment FL_calf_rotor
[robot_state_publisher-2] [INFO] [1790595966.828921087] [robot_state_publisher]: got segment FL_foot
[robot_state_publisher-2] [INFO] [1790595966.828931518] [robot_state_publisher]: got segment FL_hip
[robot_state_publisher-2] [INFO] [1790595966.828939454] [robot_state_publisher]: got segment FL_hip_rotor
[robot_state_publisher-2] [INFO] [1790595966.828947421] [robot_state_publisher]: got segment FL_thigh
[robot_state_publisher-2] [INFO] [1790595966.828955325] [robot_state_publisher]: got segment FL_thigh_rotor
[robot_state_publisher-2] [INFO] [1790595966.828962844] [robot_state_publisher]: got segment FR_calf
[robot_state_publisher-2] [INFO] [1790595966.828969852] [robot_state_publisher]: got segment FR_calf_rotor
[robot_state_publisher-2] [INFO] [1790595966.828977052] [robot_state_publisher]: got segment FR_foot
[robot_state_publisher-2] [INFO] [1790595966.828984059] [robot_state_publisher]: got segment FR_hip
[robot_state_publisher-2] [INFO] [1790595966.828991291] [robot_state_publisher]: got segment FR_hip_rotor
[robot_state_publisher-2] [INFO] [1790595966.828998715] [robot_state_publisher]: got segment FR_thigh
[robot_state_publisher-2] [INFO] [1790595966.829005690] [robot_state_publisher]: got segment FR_thigh_rotor
[robot_state_publisher-2] [INFO] [1790595966.829012794] [robot_state_publisher]: got segment RL_calf
[robot_state_publisher-2] [INFO] [1790595966.829019802] [robot_state_publisher]: got segment RL_calf_rotor
[robot_state_publisher-2] [INFO] [1790595966.829026713] [robot_state_publisher]: got segment RL_foot
[robot_state_publisher-2] [INFO] [1790595966.829033529] [robot_state_publisher]: got segment RL_hip
[robot_state_publisher-2] [INFO] [1790595966.829040281] [robot_state_publisher]: got segment RL_hip_rotor
[robot_state_publisher-2] [INFO] [1790595966.829047288] [robot_state_publisher]: got segment RL_thigh
[robot_state_publisher-2] [INFO] [1790595966.829054328] [robot_state_publisher]: got segment RL_thigh_rotor
[robot_state_publisher-2] [INFO] [1790595966.829061399] [robot_state_publisher]: got segment RR_calf
[robot_state_publisher-2] [INFO] [1790595966.829068119] [robot_state_publisher]: got segment RR_calf_rotor
[robot_state_publisher-2] [INFO] [1790595966.829075095] [robot_state_publisher]: got segment RR_foot
[robot_state_publisher-2] [INFO] [1790595966.829081846] [robot_state_publisher]: got segment RR_hip
[robot_state_publisher-2] [INFO] [1790595966.829088982] [robot_state_publisher]: got segment RR_hip_rotor
[robot_state_publisher-2] [INFO] [1790595966.829096118] [robot_state_publisher]: got segment RR_thigh
[robot_state_publisher-2] [INFO] [1790595966.829102869] [robot_state_publisher]: got segment RR_thigh_rotor
[robot_state_publisher-2] [INFO] [1790595966.829110037] [robot_state_publisher]: got segment base
[robot_state_publisher-2] [INFO] [1790595966.829117013] [robot_state_publisher]: got segment front_camera
[robot_state_publisher-2] [INFO] [1790595966.829123892] [robot_state_publisher]: got segment imu_link
[robot_state_publisher-2] [INFO] [1790595966.829130708] [robot_state_publisher]: got segment trunk
[go2-stance-gait-controller-1] [0;93m2026-09-28 13:46:07.518573665 [W:onnxruntime:Default, device_discovery.cc:164 DiscoverDevicesForPlatform] GPU device discovery failed: device_discovery.cc:89 ReadFileContents Failed to open file: "/sys/class/drm/card1/device/vendor"[m
[go2-stance-gait-controller-1] [INFO] [1790595967.592452081] [go2_stance_gait_controller]: Go2 closed-loop stance: 12 effort joints at 250.0 Hz; controller ONNX velocity policy
[mujoco_spawner-3] [INFO] [1790595968.782478948] [mujoco_spawner]: MuJoCo: 18 collision proxy geom(s) moved to group 3 (viewer Rendering tab to show them).
[mujoco_spawner-3] [INFO] [1790595968.832049697] [mujoco_spawner]: MuJoCo URDF import OK (all meshes staged).
[mujoco_spawner-3] [WARN] [1790595968.847306368] [mujoco_spawner]: MuJoCo effort plant: no MJCF beside /home/molar1/bumperbot_ws/install/robot_lab_robots/share/robot_lab_robots/unitree/go2_description/xacro/go2_sim.xacro names every effort joint; keeping the URDF <dynamics> (damping=5.0 is a Gazebo stabiliser the robot does not have).
[mujoco_spawner-3] [INFO] [1790595968.894648174] [mujoco_spawner]: MuJoCo physics timestep: 0.0010 s
[mujoco_spawner-3] [INFO] [1790595968.897120785] [mujoco_spawner]: Robot has no 'oakd_rgb_camera_frame' link; no RGB-D camera is published.
[mujoco_spawner-3] [INFO] [1790595968.898107871] [mujoco_spawner]: Joints: ['FR_hip_joint', 'FR_thigh_joint', 'FR_calf_joint', 'FL_hip_joint', 'FL_thigh_joint', 'FL_calf_joint', 'RR_hip_joint', 'RR_thigh_joint', 'RR_calf_joint', 'RL_hip_joint', 'RL_thigh_joint', 'RL_calf_joint']   lw= rw=
[mujoco_spawner-3] [INFO] [1790595968.900266643] [mujoco_spawner]: MuJoCo effort joint armature: 0.0100 kg m^2
[mujoco_spawner-3] [INFO] [1790595968.902325291] [mujoco_spawner]: Joint effort input: /go2_group_effort_controller/commands (12 joints, URDF limits)
[mujoco_spawner-3] [INFO] [1790595968.905192410] [mujoco_spawner]: Spawn ground clearance: raised root by 0.2029 m
[mujoco_spawner-3] [INFO] [1790595968.906486777] [mujoco_spawner]: MuJoCo model loaded: 14 bodies, 13 joints
[mujoco_spawner-3] [INFO] [1790595968.907298448] [mujoco_spawner]: MuJoCo gui param=False (resolved=False), DISPLAY=:1 -> mode=DIRECT
[mujoco_spawner-3] [INFO] [1790595968.908049962] [mujoco_spawner]: MuJoCo running headless (gui=False, viewer=True).
[mujoco_spawner-3] [INFO] [1790595968.911855370] [mujoco_spawner]: MuJoCo spawner running.
[go2-stance-gait-controller-1] [WARN] [1790595968.916972712] [go2_stance_gait_controller]: Go2 safety safe_stop: tilt 1.20 rad exceeds fall threshold
[go2-stance-gait-controller-1] [INFO] [1790595968.917772864] [go2_stance_gait_controller]: Go2 recovery idle
[go2-stance-gait-controller-1] [INFO] [1790595969.068096938] [go2_stance_gait_controller]: Go2 recovery attempting:tuck
[INFO] [simulator_ready_gate-10]: process has finished cleanly [pid 219392]
[INFO] [amcl-12]: process started with pid [219628]
[INFO] [map_server-11]: process started with pid [219626]
[INFO] [lifecycle_manager-13]: process started with pid [219630]
[INFO] [ekf_node-14]: process started with pid [219632]
[INFO] [imu_republisher.py-15]: process started with pid [219634]
[INFO] [wheel_imu_fusion-16]: process started with pid [219636]
[lifecycle_manager-13] [INFO] [1790595969.356059045] [lifecycle_manager_localization]: Creating
[amcl-12] [0m[INFO] [1790595969.359263588] [amcl]: 
[amcl-12] 	amcl lifecycle node launched. 
[amcl-12] 	Waiting on external lifecycle transitions to activate
[amcl-12] 	See https://design.ros2.org/articles/node_lifecycle.html for more information.[0m
[amcl-12] [0m[INFO] [1790595969.360818134] [amcl]: Creating[0m
[lifecycle_manager-13] [INFO] [1790595969.364720657] [lifecycle_manager_localization]: [34m[1mCreating and initializing lifecycle service clients[0m[0m
[map_server-11] [INFO] [1790595969.372475787] [map_server]: 
[map_server-11] 	map_server lifecycle node launched. 
[map_server-11] 	Waiting on external lifecycle transitions to activate
[map_server-11] 	See https://design.ros2.org/articles/node_lifecycle.html for more information.
[map_server-11] [INFO] [1790595969.372672353] [map_server]: Creating
[lifecycle_manager-13] [INFO] [1790595969.415836355] [lifecycle_manager_localization]: [34m[1mStarting managed nodes bringup...[0m[0m
[lifecycle_manager-13] [INFO] [1790595969.415950237] [lifecycle_manager_localization]: [34m[1mConfiguring map_server[0m[0m
[map_server-11] [INFO] [1790595969.418497341] [map_server]: Configuring
[map_server-11] [INFO] [1790595969.421139224] [map_io]: Loading yaml file: /home/molar1/bumperbot_ws/install/robot_lab_maps/share/robot_lab_maps/maps/nav_empty/maps/map.yaml
[map_server-11] [INFO] [1790595969.421599105] [map_io]: resolution: 0.05
[map_server-11] [INFO] [1790595969.421619680] [map_io]: origin[0]: -7
[map_server-11] [INFO] [1790595969.421625664] [map_io]: origin[1]: -7
[map_server-11] [INFO] [1790595969.421630335] [map_io]: origin[2]: 0
[map_server-11] [INFO] [1790595969.421635103] [map_io]: free_thresh: 0.196
[map_server-11] [INFO] [1790595969.421639743] [map_io]: occupied_thresh: 0.65
[map_server-11] [INFO] [1790595969.421830709] [map_io]: mode: trinary
[map_server-11] [INFO] [1790595969.421847924] [map_io]: negate: 0
[map_server-11] [INFO] [1790595969.422628173] [map_io]: Loading image_file: /home/molar1/bumperbot_ws/install/robot_lab_maps/share/robot_lab_maps/maps/nav_empty/maps/map.pgm
[map_server-11] [INFO] [1790595969.435652381] [map_io]: Read map /home/molar1/bumperbot_ws/install/robot_lab_maps/share/robot_lab_maps/maps/nav_empty/maps/map.pgm: 280 X 280 map @ 0.05 m/cell
[lifecycle_manager-13] [INFO] [1790595969.449170005] [lifecycle_manager_localization]: [34m[1mConfiguring amcl[0m[0m
[amcl-12] [0m[INFO] [1790595969.450227647] [amcl]: Configuring[0m
[amcl-12] [0m[INFO] [1790595969.450412086] [amcl]: initTransforms[0m
[amcl-12] [0m[INFO] [1790595969.463409543] [amcl]: initPubSub[0m
[amcl-12] [0m[INFO] [1790595969.469958078] [amcl]: Subscribed to map topic.[0m
[lifecycle_manager-13] [INFO] [1790595969.475703708] [lifecycle_manager_localization]: [34m[1mActivating map_server[0m[0m
[map_server-11] [INFO] [1790595969.476001069] [map_server]: Activating
[map_server-11] [INFO] [1790595969.476274560] [map_server]: Creating bond (map_server) to lifecycle manager.
[amcl-12] [0m[INFO] [1790595969.478553581] [amcl]: Received a 280 X 280 map @ 0.050 m/pix[0m
[go2-stance-gait-controller-1] [INFO] [1790595969.503203988] [go2_stance_gait_controller]: Go2 recovery attempting:roll
[lifecycle_manager-13] [INFO] [1790595969.584149863] [lifecycle_manager_localization]: Server map_server connected with bond.
[lifecycle_manager-13] [INFO] [1790595969.584255874] [lifecycle_manager_localization]: [34m[1mActivating amcl[0m[0m
[amcl-12] [0m[INFO] [1790595969.584872483] [amcl]: Activating[0m
[amcl-12] [0m[INFO] [1790595969.584981566] [amcl]: initialPoseReceived[0m
[amcl-12] [0m[INFO] [1790595969.585205874] [amcl]: Setting pose (0.480000): -0.500 -0.500 0.000[0m
[amcl-12] [0m[INFO] [1790595969.585844562] [amcl]: Creating bond (amcl) to lifecycle manager.[0m
[lifecycle_manager-13] [INFO] [1790595969.699642928] [lifecycle_manager_localization]: Server amcl connected with bond.
[lifecycle_manager-13] [INFO] [1790595969.699728683] [lifecycle_manager_localization]: [34m[1mManaged nodes are active[0m[0m
[lifecycle_manager-13] [INFO] [1790595969.699751658] [lifecycle_manager_localization]: [34m[1mCreating bond timer...[0m[0m
[amcl-12] [0m[INFO] [1790595969.813457868] [amcl]: createLaserObject[0m
[wheel_imu_fusion-16] [INFO] [1790595970.061100729] [sensor_fusion_wheel_imu_fusion]: wheel_imu_fusion ready
[go2-stance-gait-controller-1] [INFO] [1790595970.204235514] [go2_stance_gait_controller]: Go2 recovery attempting:tuck
[go2-stance-gait-controller-1] [INFO] [1790595970.606121410] [go2_stance_gait_controller]: Go2 recovery attempting:crouch
[go2-stance-gait-controller-1] [INFO] [1790595971.210077730] [go2_stance_gait_controller]: Go2 recovery attempting:stand
[go2-stance-gait-controller-1] [INFO] [1790595971.939057357] [go2_stance_gait_controller]: Go2 recovery succeeded:stand
[twist_relay-9] [INFO] [1790595991.757659090] [rclcpp]: signal_handler(SIGINT/SIGTERM)
[amcl-12] [0m[INFO] [1790595991.757702704] [rclcpp]: signal_handler(SIGINT/SIGTERM)[0m
[amcl-12] [0m[INFO] [1790595991.757872104] [amcl]: Running Nav2 LifecycleNode rcl preshutdown (amcl)[0m
[amcl-12] [0m[INFO] [1790595991.757991522] [amcl]: Deactivating[0m
[amcl-12] [0m[INFO] [1790595991.758055774] [amcl]: Destroying bond (amcl) to lifecycle manager.[0m
[map_server-11] [INFO] [1790595991.757729903] [rclcpp]: signal_handler(SIGINT/SIGTERM)
[map_server-11] [INFO] [1790595991.757880487] [map_server]: Running Nav2 LifecycleNode rcl preshutdown (map_server)
[map_server-11] [INFO] [1790595991.757996737] [map_server]: Deactivating
[map_server-11] [INFO] [1790595991.758024480] [map_server]: Destroying bond (map_server) to lifecycle manager.
[robot_state_publisher-2] [INFO] [1790595991.757727631] [rclcpp]: signal_handler(SIGINT/SIGTERM)
[twist_marker-7] [INFO] [1790595991.757711119] [rclcpp]: signal_handler(SIGINT/SIGTERM)
[twist_mux-6] [INFO] [1790595991.757980130] [rclcpp]: signal_handler(SIGINT/SIGTERM)
[ekf_node-14] [INFO] [1790595991.757983554] [rclcpp]: signal_handler(SIGINT/SIGTERM)
[lifecycle_manager-13] [INFO] [1790595991.758437996] [rclcpp]: signal_handler(SIGINT/SIGTERM)
[lifecycle_manager-13] [INFO] [1790595991.758535943] [lifecycle_manager_localization]: Running Nav2 LifecycleManager rcl preshutdown (lifecycle_manager_localization)
[lifecycle_manager-13] [INFO] [1790595991.758587076] [lifecycle_manager_localization]: [34m[1mTerminating bond timer...[0m[0m
[joy_node-5] [INFO] [1790595991.758480458] [rclcpp]: signal_handler(SIGINT/SIGTERM)
[amcl-12] [0m[INFO] [1790595991.768430944] [amcl]: Cleaning up[0m
[map_server-11] [INFO] [1790595991.768811406] [map_server]: Cleaning up
[map_server-11] [INFO] [1790595991.768903209] [map_server]: Destroying bond (map_server) to lifecycle manager.
[map_server-11] [INFO] [1790595991.782894265] [map_server]: Destroying
[amcl-12] [0m[INFO] [1790595991.785280068] [amcl]: Destroying bond (amcl) to lifecycle manager.[0m
[joy_teleop-4] Traceback (most recent call last):
[joy_teleop-4]   File "/opt/ros/humble/lib/joy_teleop/joy_teleop", line 33, in <module>
[joy_teleop-4]     sys.exit(load_entry_point('joy-teleop==1.6.0', 'console_scripts', 'joy_teleop')())
[joy_teleop-4]   File "/opt/ros/humble/lib/python3.10/site-packages/joy_teleop/joy_teleop.py", line 435, in main
[joy_teleop-4]     rclpy.spin(node)
[joy_teleop-4]   File "/opt/ros/humble/local/lib/python3.10/dist-packages/rclpy/__init__.py", line 229, in spin
[joy_teleop-4]     executor.spin_once()
[joy_teleop-4]   File "/opt/ros/humble/local/lib/python3.10/dist-packages/rclpy/executors.py", line 812, in spin_once
[joy_teleop-4]     self._spin_once_impl(timeout_sec)
[joy_teleop-4]   File "/opt/ros/humble/local/lib/python3.10/dist-packages/rclpy/executors.py", line 801, in _spin_once_impl
[joy_teleop-4]     handler, entity, node = self.wait_for_ready_callbacks(timeout_sec=timeout_sec)
[joy_teleop-4]   File "/opt/ros/humble/local/lib/python3.10/dist-packages/rclpy/executors.py", line 784, in wait_for_ready_callbacks
[joy_teleop-4]     return next(self._cb_iter)
[joy_teleop-4]   File "/opt/ros/humble/local/lib/python3.10/dist-packages/rclpy/executors.py", line 685, in _wait_for_ready_callbacks
[joy_teleop-4]     raise ExternalShutdownException()
[joy_teleop-4] rclpy.executors.ExternalShutdownException
[amcl-12] [0m[INFO] [1790595991.889160399] [amcl]: Destroying[0m
[lifecycle_manager-13] [INFO] [1790595991.890554058] [lifecycle_manager_localization]: Destroying lifecycle_manager_localization
[INFO] [twist_relay-9]: process has finished cleanly [pid 219382]
[INFO] [ekf_node-14]: process has finished cleanly [pid 219632]
[INFO] [twist_mux-6]: process has finished cleanly [pid 219376]
[INFO] [joy_node-5]: process has finished cleanly [pid 219374]
[INFO] [twist_marker-7]: process has finished cleanly [pid 219378]
[INFO] [robot_state_publisher-2]: process has finished cleanly [pid 219368]
[INFO] [map_server-11]: process has finished cleanly [pid 219626]
[imu_republisher.py-15] Traceback (most recent call last):
[imu_republisher.py-15]   File "/home/molar1/bumperbot_ws/install/robot_lab_localization/lib/robot_lab_localization/imu_republisher.py", line 54, in <module>
[imu_republisher.py-15]     main()
[imu_republisher.py-15]   File "/home/molar1/bumperbot_ws/install/robot_lab_localization/lib/robot_lab_localization/imu_republisher.py", line 45, in main
[imu_republisher.py-15]     rclpy.spin(node)
[imu_republisher.py-15]   File "/opt/ros/humble/local/lib/python3.10/dist-packages/rclpy/__init__.py", line 229, in spin
[imu_republisher.py-15]     executor.spin_once()
[imu_republisher.py-15]   File "/opt/ros/humble/local/lib/python3.10/dist-packages/rclpy/executors.py", line 812, in spin_once
[imu_republisher.py-15]     self._spin_once_impl(timeout_sec)
[imu_republisher.py-15]   File "/opt/ros/humble/local/lib/python3.10/dist-packages/rclpy/executors.py", line 801, in _spin_once_impl
[imu_republisher.py-15]     handler, entity, node = self.wait_for_ready_callbacks(timeout_sec=timeout_sec)
[imu_republisher.py-15]   File "/opt/ros/humble/local/lib/python3.10/dist-packages/rclpy/executors.py", line 784, in wait_for_ready_callbacks
[imu_republisher.py-15]     return next(self._cb_iter)
[imu_republisher.py-15]   File "/opt/ros/humble/local/lib/python3.10/dist-packages/rclpy/executors.py", line 685, in _wait_for_ready_callbacks
[imu_republisher.py-15]     raise ExternalShutdownException()
[imu_republisher.py-15] rclpy.executors.ExternalShutdownException
[INFO] [lifecycle_manager-13]: process has finished cleanly [pid 219630]
[INFO] [wheel_imu_fusion-16]: process has finished cleanly [pid 219636]
[INFO] [amcl-12]: process has finished cleanly [pid 219628]
[INFO] [go2-stance-gait-controller-1]: process has finished cleanly [pid 219366]
[INFO] [joystick_relay.py-8]: process has finished cleanly [pid 219380]
[INFO] [mujoco_spawner-3]: process has finished cleanly [pid 219370]
[ERROR] [joy_teleop-4]: process has died [pid 219372, exit code 1, cmd '/opt/ros/humble/lib/joy_teleop/joy_teleop --ros-args --params-file /home/molar1/bumperbot_ws/install/robot_lab_controller/share/robot_lab_controller/config/joy_teleop.yaml --params-file /workspace/molar/.tmp/launch_params_rbzyihd6'].
[ERROR] [imu_republisher.py-15]: process has died [pid 219634, exit code 1, cmd '/home/molar1/bumperbot_ws/install/robot_lab_localization/lib/robot_lab_localization/imu_republisher.py --ros-args --params-file /workspace/molar/.tmp/launch_params_87p0o717'].
