[INFO] [launch]: All log files can be found below /home/molar1/.ros/log/2026-09-28-12-07-33-180479-molar1-141947
[INFO] [launch]: Default logging verbosity is set to INFO
[robot_lab] algorithm localization=amcl -> global_localization stack
[robot_lab] algorithm state_estimation=ekf_localization_node -> local_localization stack
[robot_lab] algorithm sensor_fusion=wheel_imu_fusion -> node robot_lab_algorithms/wheel_imu_fusion
[INFO] [go2-stance-gait-controller-1]: process started with pid [141993]
[INFO] [robot_state_publisher-2]: process started with pid [141995]
[INFO] [mujoco_spawner-3]: process started with pid [141997]
[INFO] [joy_teleop-4]: process started with pid [141999]
[INFO] [joy_node-5]: process started with pid [142001]
[INFO] [twist_mux-6]: process started with pid [142003]
[INFO] [twist_marker-7]: process started with pid [142005]
[INFO] [joystick_relay.py-8]: process started with pid [142007]
[INFO] [twist_relay-9]: process started with pid [142009]
[INFO] [simulator_ready_gate-10]: process started with pid [142011]
[twist_mux-6] [INFO] [1790590054.091636380] [twist_mux]: Topic handler 'topics.joystick' subscribed to topic 'joy_vel': timeout = 0.500000s , priority = 99.
[twist_mux-6] [INFO] [1790590054.093824132] [twist_mux]: Topic handler 'topics.keyboard' subscribed to topic 'key_vel': timeout = 0.500000s , priority = 90.
[twist_mux-6] [INFO] [1790590054.095277951] [twist_mux]: Topic handler 'topics.navigation' subscribed to topic 'cmd_vel': timeout = 0.500000s , priority = 80.
[twist_mux-6] [INFO] [1790590054.096547775] [twist_mux]: Topic handler 'locks.safety_stop' subscribed to topic 'safety_stop': timeout = None , priority = 255.
[robot_state_publisher-2] [INFO] [1790590054.100794003] [robot_state_publisher]: got segment FL_calf
[robot_state_publisher-2] [INFO] [1790590054.100980911] [robot_state_publisher]: got segment FL_calf_rotor
[robot_state_publisher-2] [INFO] [1790590054.101003086] [robot_state_publisher]: got segment FL_foot
[robot_state_publisher-2] [INFO] [1790590054.101013966] [robot_state_publisher]: got segment FL_hip
[robot_state_publisher-2] [INFO] [1790590054.101022765] [robot_state_publisher]: got segment FL_hip_rotor
[robot_state_publisher-2] [INFO] [1790590054.101031085] [robot_state_publisher]: got segment FL_thigh
[robot_state_publisher-2] [INFO] [1790590054.101039629] [robot_state_publisher]: got segment FL_thigh_rotor
[robot_state_publisher-2] [INFO] [1790590054.101047821] [robot_state_publisher]: got segment FR_calf
[robot_state_publisher-2] [INFO] [1790590054.101055373] [robot_state_publisher]: got segment FR_calf_rotor
[robot_state_publisher-2] [INFO] [1790590054.101063020] [robot_state_publisher]: got segment FR_foot
[robot_state_publisher-2] [INFO] [1790590054.101070668] [robot_state_publisher]: got segment FR_hip
[robot_state_publisher-2] [INFO] [1790590054.101078540] [robot_state_publisher]: got segment FR_hip_rotor
[robot_state_publisher-2] [INFO] [1790590054.101086220] [robot_state_publisher]: got segment FR_thigh
[robot_state_publisher-2] [INFO] [1790590054.101093612] [robot_state_publisher]: got segment FR_thigh_rotor
[robot_state_publisher-2] [INFO] [1790590054.101101420] [robot_state_publisher]: got segment RL_calf
[robot_state_publisher-2] [INFO] [1790590054.101109003] [robot_state_publisher]: got segment RL_calf_rotor
[robot_state_publisher-2] [INFO] [1790590054.101116459] [robot_state_publisher]: got segment RL_foot
[robot_state_publisher-2] [INFO] [1790590054.101123851] [robot_state_publisher]: got segment RL_hip
[robot_state_publisher-2] [INFO] [1790590054.101131179] [robot_state_publisher]: got segment RL_hip_rotor
[robot_state_publisher-2] [INFO] [1790590054.101138475] [robot_state_publisher]: got segment RL_thigh
[robot_state_publisher-2] [INFO] [1790590054.101145738] [robot_state_publisher]: got segment RL_thigh_rotor
[robot_state_publisher-2] [INFO] [1790590054.101153130] [robot_state_publisher]: got segment RR_calf
[robot_state_publisher-2] [INFO] [1790590054.101160554] [robot_state_publisher]: got segment RR_calf_rotor
[robot_state_publisher-2] [INFO] [1790590054.101168170] [robot_state_publisher]: got segment RR_foot
[robot_state_publisher-2] [INFO] [1790590054.101175434] [robot_state_publisher]: got segment RR_hip
[robot_state_publisher-2] [INFO] [1790590054.101182665] [robot_state_publisher]: got segment RR_hip_rotor
[robot_state_publisher-2] [INFO] [1790590054.101189961] [robot_state_publisher]: got segment RR_thigh
[robot_state_publisher-2] [INFO] [1790590054.101197097] [robot_state_publisher]: got segment RR_thigh_rotor
[robot_state_publisher-2] [INFO] [1790590054.101204553] [robot_state_publisher]: got segment base
[robot_state_publisher-2] [INFO] [1790590054.101211849] [robot_state_publisher]: got segment front_camera
[robot_state_publisher-2] [INFO] [1790590054.101219241] [robot_state_publisher]: got segment imu_link
[robot_state_publisher-2] [INFO] [1790590054.101226856] [robot_state_publisher]: got segment trunk
[go2-stance-gait-controller-1] [0;93m2026-09-28 12:07:34.808400007 [W:onnxruntime:Default, device_discovery.cc:164 DiscoverDevicesForPlatform] GPU device discovery failed: device_discovery.cc:89 ReadFileContents Failed to open file: "/sys/class/drm/card1/device/vendor"[m
[go2-stance-gait-controller-1] [INFO] [1790590054.871750047] [go2_stance_gait_controller]: Go2 closed-loop stance: 12 effort joints at 250.0 Hz; controller ONNX velocity policy
[mujoco_spawner-3] [INFO] [1790590056.044854491] [mujoco_spawner]: MuJoCo: 18 collision proxy geom(s) moved to group 3 (viewer Rendering tab to show them).
[mujoco_spawner-3] [INFO] [1790590056.094947591] [mujoco_spawner]: MuJoCo URDF import OK (all meshes staged).
[mujoco_spawner-3] [WARN] [1790590056.107847393] [mujoco_spawner]: MuJoCo effort plant: no MJCF beside /home/molar1/bumperbot_ws/install/robot_lab_robots/share/robot_lab_robots/unitree/go2_description/xacro/go2_sim.xacro names every effort joint; keeping the URDF <dynamics> (damping=5.0 is a Gazebo stabiliser the robot does not have).
[mujoco_spawner-3] [INFO] [1790590056.154372616] [mujoco_spawner]: MuJoCo physics timestep: 0.0010 s
[mujoco_spawner-3] [INFO] [1790590056.156417813] [mujoco_spawner]: Robot has no 'oakd_rgb_camera_frame' link; no RGB-D camera is published.
[mujoco_spawner-3] [INFO] [1790590056.157378012] [mujoco_spawner]: Joints: ['FR_hip_joint', 'FR_thigh_joint', 'FR_calf_joint', 'FL_hip_joint', 'FL_thigh_joint', 'FL_calf_joint', 'RR_hip_joint', 'RR_thigh_joint', 'RR_calf_joint', 'RL_hip_joint', 'RL_thigh_joint', 'RL_calf_joint']   lw= rw=
[mujoco_spawner-3] [INFO] [1790590056.159705537] [mujoco_spawner]: MuJoCo effort joint armature: 0.0100 kg m^2
[mujoco_spawner-3] [INFO] [1790590056.161651792] [mujoco_spawner]: Joint effort input: /go2_group_effort_controller/commands (12 joints, URDF limits)
[mujoco_spawner-3] [INFO] [1790590056.164563495] [mujoco_spawner]: Spawn ground clearance: raised root by 0.0838 m
[mujoco_spawner-3] [INFO] [1790590056.165752616] [mujoco_spawner]: MuJoCo model loaded: 14 bodies, 13 joints
[mujoco_spawner-3] [INFO] [1790590056.166318298] [mujoco_spawner]: MuJoCo gui param=False (resolved=False), DISPLAY=:1 -> mode=DIRECT
[mujoco_spawner-3] [INFO] [1790590056.166798926] [mujoco_spawner]: MuJoCo running headless (gui=False, viewer=True).
[mujoco_spawner-3] [INFO] [1790590056.170482353] [mujoco_spawner]: MuJoCo spawner running.
[go2-stance-gait-controller-1] [WARN] [1790590056.174661287] [go2_stance_gait_controller]: Go2 safety safe_stop: tilt 1.40 rad exceeds fall threshold
[go2-stance-gait-controller-1] [INFO] [1790590056.176128130] [go2_stance_gait_controller]: Go2 recovery idle
[go2-stance-gait-controller-1] [INFO] [1790590056.299105979] [go2_stance_gait_controller]: Go2 recovery attempting:tuck
[INFO] [simulator_ready_gate-10]: process has finished cleanly [pid 142011]
[INFO] [amcl-12]: process started with pid [142247]
[INFO] [map_server-11]: process started with pid [142245]
[INFO] [lifecycle_manager-13]: process started with pid [142249]
[INFO] [ekf_node-14]: process started with pid [142251]
[INFO] [imu_republisher.py-15]: process started with pid [142253]
[INFO] [wheel_imu_fusion-16]: process started with pid [142255]
[amcl-12] [0m[INFO] [1790590056.578958740] [amcl]: 
[amcl-12] 	amcl lifecycle node launched. 
[amcl-12] 	Waiting on external lifecycle transitions to activate
[amcl-12] 	See https://design.ros2.org/articles/node_lifecycle.html for more information.[0m
[amcl-12] [0m[INFO] [1790590056.580435055] [amcl]: Creating[0m
[lifecycle_manager-13] [INFO] [1790590056.588221962] [lifecycle_manager_localization]: Creating
[lifecycle_manager-13] [INFO] [1790590056.592909395] [lifecycle_manager_localization]: [34m[1mCreating and initializing lifecycle service clients[0m[0m
[map_server-11] [INFO] [1790590056.600583121] [map_server]: 
[map_server-11] 	map_server lifecycle node launched. 
[map_server-11] 	Waiting on external lifecycle transitions to activate
[map_server-11] 	See https://design.ros2.org/articles/node_lifecycle.html for more information.
[map_server-11] [INFO] [1790590056.600767181] [map_server]: Creating
[go2-stance-gait-controller-1] [INFO] [1790590056.700081084] [go2_stance_gait_controller]: Go2 recovery attempting:roll
[lifecycle_manager-13] [INFO] [1790590056.738552431] [lifecycle_manager_localization]: [34m[1mStarting managed nodes bringup...[0m[0m
[lifecycle_manager-13] [INFO] [1790590056.738657229] [lifecycle_manager_localization]: [34m[1mConfiguring map_server[0m[0m
[map_server-11] [INFO] [1790590056.738985316] [map_server]: Configuring
[map_server-11] [INFO] [1790590056.739105633] [map_io]: Loading yaml file: /home/molar1/bumperbot_ws/install/robot_lab_maps/share/robot_lab_maps/maps/nav_empty/maps/map.yaml
[map_server-11] [INFO] [1790590056.739535798] [map_io]: resolution: 0.05
[map_server-11] [INFO] [1790590056.739555702] [map_io]: origin[0]: -7
[map_server-11] [INFO] [1790590056.739562518] [map_io]: origin[1]: -7
[map_server-11] [INFO] [1790590056.739567574] [map_io]: origin[2]: 0
[map_server-11] [INFO] [1790590056.739572693] [map_io]: free_thresh: 0.196
[map_server-11] [INFO] [1790590056.739577461] [map_io]: occupied_thresh: 0.65
[map_server-11] [INFO] [1790590056.739582997] [map_io]: mode: trinary
[map_server-11] [INFO] [1790590056.739589813] [map_io]: negate: 0
[map_server-11] [INFO] [1790590056.739893997] [map_io]: Loading image_file: /home/molar1/bumperbot_ws/install/robot_lab_maps/share/robot_lab_maps/maps/nav_empty/maps/map.pgm
[map_server-11] [INFO] [1790590056.750300134] [map_io]: Read map /home/molar1/bumperbot_ws/install/robot_lab_maps/share/robot_lab_maps/maps/nav_empty/maps/map.pgm: 280 X 280 map @ 0.05 m/cell
[lifecycle_manager-13] [INFO] [1790590056.759644282] [lifecycle_manager_localization]: [34m[1mConfiguring amcl[0m[0m
[amcl-12] [0m[INFO] [1790590056.760015376] [amcl]: Configuring[0m
[amcl-12] [0m[INFO] [1790590056.760186060] [amcl]: initTransforms[0m
[amcl-12] [0m[INFO] [1790590056.769793657] [amcl]: initPubSub[0m
[amcl-12] [0m[INFO] [1790590056.777636179] [amcl]: Subscribed to map topic.[0m
[lifecycle_manager-13] [INFO] [1790590056.784109679] [lifecycle_manager_localization]: [34m[1mActivating map_server[0m[0m
[map_server-11] [INFO] [1790590056.784914874] [map_server]: Activating
[map_server-11] [INFO] [1790590056.785553994] [map_server]: Creating bond (map_server) to lifecycle manager.
[amcl-12] [0m[INFO] [1790590056.786835594] [amcl]: Received a 280 X 280 map @ 0.050 m/pix[0m
[lifecycle_manager-13] [INFO] [1790590056.893419650] [lifecycle_manager_localization]: Server map_server connected with bond.
[lifecycle_manager-13] [INFO] [1790590056.893501248] [lifecycle_manager_localization]: [34m[1mActivating amcl[0m[0m
[amcl-12] [0m[INFO] [1790590056.893864631] [amcl]: Activating[0m
[amcl-12] [0m[INFO] [1790590056.893968564] [amcl]: initialPoseReceived[0m
[amcl-12] [0m[INFO] [1790590056.895469422] [amcl]: Setting pose (0.560000): -0.500 -0.500 0.000[0m
[amcl-12] [0m[INFO] [1790590056.896096478] [amcl]: Creating bond (amcl) to lifecycle manager.[0m
[amcl-12] [0m[INFO] [1790590056.999867389] [amcl]: createLaserObject[0m
[lifecycle_manager-13] [INFO] [1790590057.000571627] [lifecycle_manager_localization]: Server amcl connected with bond.
[lifecycle_manager-13] [INFO] [1790590057.000651401] [lifecycle_manager_localization]: [34m[1mManaged nodes are active[0m[0m
[lifecycle_manager-13] [INFO] [1790590057.000672713] [lifecycle_manager_localization]: [34m[1mCreating bond timer...[0m[0m
[wheel_imu_fusion-16] [INFO] [1790590057.240254055] [sensor_fusion_wheel_imu_fusion]: wheel_imu_fusion ready
[go2-stance-gait-controller-1] [INFO] [1790590057.401334084] [go2_stance_gait_controller]: Go2 recovery attempting:crouch
[go2-stance-gait-controller-1] [INFO] [1790590058.006394646] [go2_stance_gait_controller]: Go2 recovery attempting:stand
[go2-stance-gait-controller-1] [INFO] [1790590064.300901721] [go2_stance_gait_controller]: Go2 recovery failed:stand
[amcl-12] [0m[INFO] [1790590081.061232711] [rclcpp]: signal_handler(SIGINT/SIGTERM)[0m
[amcl-12] [0m[INFO] [1790590081.061431554] [amcl]: Running Nav2 LifecycleNode rcl preshutdown (amcl)[0m
[amcl-12] [0m[INFO] [1790590081.061643741] [amcl]: Deactivating[0m
[amcl-12] [0m[INFO] [1790590081.061747322] [amcl]: Destroying bond (amcl) to lifecycle manager.[0m
[twist_mux-6] [INFO] [1790590081.061154089] [rclcpp]: signal_handler(SIGINT/SIGTERM)
[twist_relay-9] [INFO] [1790590081.061160168] [rclcpp]: signal_handler(SIGINT/SIGTERM)
[ekf_node-14] [INFO] [1790590081.061165224] [rclcpp]: signal_handler(SIGINT/SIGTERM)
[lifecycle_manager-13] [INFO] [1790590081.061183656] [rclcpp]: signal_handler(SIGINT/SIGTERM)
[lifecycle_manager-13] [INFO] [1790590081.061414210] [lifecycle_manager_localization]: Running Nav2 LifecycleManager rcl preshutdown (lifecycle_manager_localization)
[lifecycle_manager-13] [INFO] [1790590081.061545791] [lifecycle_manager_localization]: [34m[1mTerminating bond timer...[0m[0m
[twist_marker-7] [INFO] [1790590081.061202279] [rclcpp]: signal_handler(SIGINT/SIGTERM)
[map_server-11] [INFO] [1790590081.061232487] [rclcpp]: signal_handler(SIGINT/SIGTERM)
[map_server-11] [INFO] [1790590081.061482721] [map_server]: Running Nav2 LifecycleNode rcl preshutdown (map_server)
[map_server-11] [INFO] [1790590081.061665692] [map_server]: Deactivating
[map_server-11] [INFO] [1790590081.061727227] [map_server]: Destroying bond (map_server) to lifecycle manager.
[joy_node-5] [INFO] [1790590081.061284613] [rclcpp]: signal_handler(SIGINT/SIGTERM)
[robot_state_publisher-2] [INFO] [1790590081.061840376] [rclcpp]: signal_handler(SIGINT/SIGTERM)
[amcl-12] [0m[INFO] [1790590081.073271204] [amcl]: Cleaning up[0m
[map_server-11] [INFO] [1790590081.075108535] [map_server]: Cleaning up
[map_server-11] [INFO] [1790590081.075220052] [map_server]: Destroying bond (map_server) to lifecycle manager.
[amcl-12] [0m[INFO] [1790590081.083270610] [amcl]: Destroying bond (amcl) to lifecycle manager.[0m
[joy_teleop-4] Traceback (most recent call last):
[joy_teleop-4]   File "/opt/ros/humble/lib/joy_teleop/joy_teleop", line 33, in <module>
[joy_teleop-4]     sys.exit(load_entry_point('joy-teleop==1.6.0', 'console_scripts', 'joy_teleop')())
[joy_teleop-4]   File "/opt/ros/humble/lib/python3.10/site-packages/joy_teleop/joy_teleop.py", line 435, in main
[joy_teleop-4]     rclpy.spin(node)
[joy_teleop-4]   File "/opt/ros/humble/local/lib/python3.10/dist-packages/rclpy/__init__.py", line 229, in spin
[joy_teleop-4]     executor.spin_once()
[joy_teleop-4]   File "/opt/ros/humble/local/lib/python3.10/dist-packages/rclpy/executors.py", line 812, in spin_once
[joy_teleop-4]     self._spin_once_impl(timeout_sec)
[joy_teleop-4]   File "/opt/ros/humble/local/lib/python3.10/dist-packages/rclpy/executors.py", line 801, in _spin_once_impl
[joy_teleop-4]     handler, entity, node = self.wait_for_ready_callbacks(timeout_sec=timeout_sec)
[joy_teleop-4]   File "/opt/ros/humble/local/lib/python3.10/dist-packages/rclpy/executors.py", line 784, in wait_for_ready_callbacks
[joy_teleop-4]     return next(self._cb_iter)
[joy_teleop-4]   File "/opt/ros/humble/local/lib/python3.10/dist-packages/rclpy/executors.py", line 685, in _wait_for_ready_callbacks
[joy_teleop-4]     raise ExternalShutdownException()
[joy_teleop-4] rclpy.executors.ExternalShutdownException
[map_server-11] [INFO] [1790590081.190462002] [map_server]: Destroying
[amcl-12] [0m[INFO] [1790590081.198802184] [amcl]: Destroying[0m
[lifecycle_manager-13] [INFO] [1790590081.201298892] [lifecycle_manager_localization]: Destroying lifecycle_manager_localization
[INFO] [twist_mux-6]: process has finished cleanly [pid 142003]
[INFO] [twist_marker-7]: process has finished cleanly [pid 142005]
[INFO] [robot_state_publisher-2]: process has finished cleanly [pid 141995]
[INFO] [ekf_node-14]: process has finished cleanly [pid 142251]
[INFO] [joy_node-5]: process has finished cleanly [pid 142001]
[INFO] [twist_relay-9]: process has finished cleanly [pid 142009]
[imu_republisher.py-15] Traceback (most recent call last):
[imu_republisher.py-15]   File "/home/molar1/bumperbot_ws/install/robot_lab_localization/lib/robot_lab_localization/imu_republisher.py", line 54, in <module>
[imu_republisher.py-15]     main()
[imu_republisher.py-15]   File "/home/molar1/bumperbot_ws/install/robot_lab_localization/lib/robot_lab_localization/imu_republisher.py", line 45, in main
[imu_republisher.py-15]     rclpy.spin(node)
[imu_republisher.py-15]   File "/opt/ros/humble/local/lib/python3.10/dist-packages/rclpy/__init__.py", line 229, in spin
[imu_republisher.py-15]     executor.spin_once()
[imu_republisher.py-15]   File "/opt/ros/humble/local/lib/python3.10/dist-packages/rclpy/executors.py", line 812, in spin_once
[imu_republisher.py-15]     self._spin_once_impl(timeout_sec)
[imu_republisher.py-15]   File "/opt/ros/humble/local/lib/python3.10/dist-packages/rclpy/executors.py", line 801, in _spin_once_impl
[imu_republisher.py-15]     handler, entity, node = self.wait_for_ready_callbacks(timeout_sec=timeout_sec)
[imu_republisher.py-15]   File "/opt/ros/humble/local/lib/python3.10/dist-packages/rclpy/executors.py", line 784, in wait_for_ready_callbacks
[imu_republisher.py-15]     return next(self._cb_iter)
[imu_republisher.py-15]   File "/opt/ros/humble/local/lib/python3.10/dist-packages/rclpy/executors.py", line 685, in _wait_for_ready_callbacks
[imu_republisher.py-15]     raise ExternalShutdownException()
[imu_republisher.py-15] rclpy.executors.ExternalShutdownException
[INFO] [lifecycle_manager-13]: process has finished cleanly [pid 142249]
[INFO] [amcl-12]: process has finished cleanly [pid 142247]
[INFO] [wheel_imu_fusion-16]: process has finished cleanly [pid 142255]
[INFO] [map_server-11]: process has finished cleanly [pid 142245]
[INFO] [go2-stance-gait-controller-1]: process has finished cleanly [pid 141993]
[INFO] [joystick_relay.py-8]: process has finished cleanly [pid 142007]
[INFO] [mujoco_spawner-3]: process has finished cleanly [pid 141997]
[ERROR] [imu_republisher.py-15]: process has died [pid 142253, exit code 1, cmd '/home/molar1/bumperbot_ws/install/robot_lab_localization/lib/robot_lab_localization/imu_republisher.py --ros-args --params-file /workspace/molar/.tmp/launch_params_eeb59n6s'].
[ERROR] [joy_teleop-4]: process has died [pid 141999, exit code 1, cmd '/opt/ros/humble/lib/joy_teleop/joy_teleop --ros-args --params-file /home/molar1/bumperbot_ws/install/robot_lab_controller/share/robot_lab_controller/config/joy_teleop.yaml --params-file /workspace/molar/.tmp/launch_params_noebmmjo'].
